W0910 07:38:05.260000 22739 torch/distributed/run.py:982] 
W0910 07:38:05.260000 22739 torch/distributed/run.py:982] *****************************************
W0910 07:38:05.260000 22739 torch/distributed/run.py:982] Setting OMP_NUM_THREADS environment variable for each process to be 1 in default, to avoid your system being overloaded, please further tune the variable for optimal performance in your application as needed. 
W0910 07:38:05.260000 22739 torch/distributed/run.py:982] *****************************************
WARNING:absl:Failed to load jax profiler: No module named 'jax'
WARNING:absl:Failed to load jax profiler: No module named 'jax'
WARNING:absl:Failed to load jax profiler: No module named 'jax'
WARNING:absl:Failed to load jax profiler: No module named 'jax'
W0910 07:38:13.910000 22877 torch/utils/_pytree.py:630] <enum 'KernelPreference'> is an Enum subclass and is now natively supported by torch.compile as an opaque value type. Calling register_constant() on Enum subclasses is deprecated and will be an error in a future release.
W0910 07:38:13.926000 22879 torch/utils/_pytree.py:630] <enum 'KernelPreference'> is an Enum subclass and is now natively supported by torch.compile as an opaque value type. Calling register_constant() on Enum subclasses is deprecated and will be an error in a future release.
W0910 07:38:13.956000 22877 torch/utils/_pytree.py:630] <enum 'ScaleCalculationMode'> is an Enum subclass and is now natively supported by torch.compile as an opaque value type. Calling register_constant() on Enum subclasses is deprecated and will be an error in a future release.
W0910 07:38:13.974000 22879 torch/utils/_pytree.py:630] <enum 'ScaleCalculationMode'> is an Enum subclass and is now natively supported by torch.compile as an opaque value type. Calling register_constant() on Enum subclasses is deprecated and will be an error in a future release.
W0910 07:38:14.013000 22878 torch/utils/_pytree.py:630] <enum 'KernelPreference'> is an Enum subclass and is now natively supported by torch.compile as an opaque value type. Calling register_constant() on Enum subclasses is deprecated and will be an error in a future release.
W0910 07:38:14.048000 22876 torch/utils/_pytree.py:630] <enum 'KernelPreference'> is an Enum subclass and is now natively supported by torch.compile as an opaque value type. Calling register_constant() on Enum subclasses is deprecated and will be an error in a future release.
W0910 07:38:14.050000 22878 torch/utils/_pytree.py:630] <enum 'ScaleCalculationMode'> is an Enum subclass and is now natively supported by torch.compile as an opaque value type. Calling register_constant() on Enum subclasses is deprecated and will be an error in a future release.
W0910 07:38:14.085000 22876 torch/utils/_pytree.py:630] <enum 'ScaleCalculationMode'> is an Enum subclass and is now natively supported by torch.compile as an opaque value type. Calling register_constant() on Enum subclasses is deprecated and will be an error in a future release.
[titan] 2026-09-10 07:38:14,560 - root - INFO - torchtitan version: 0.0.0+unknown (0.0.0 means __version__ is not defined correctly).
[titan] 2026-09-10 07:38:14,578 - root - INFO - torchtitan version: 0.0.0+unknown (0.0.0 means __version__ is not defined correctly).
[titan] 2026-09-10 07:38:14,737 - root - INFO - torchtitan version: 0.0.0+unknown (0.0.0 means __version__ is not defined correctly).
[titan] 2026-09-10 07:38:14,780 - root - INFO - torchtitan version: 0.0.0+unknown (0.0.0 means __version__ is not defined correctly).
[titan] 2026-09-10 07:38:15,104 - root - WARNING - initial_load_model_only=True has no effect without an initial_load_path.
[titan] 2026-09-10 07:38:15,127 - root - WARNING - initial_load_model_only=True has no effect without an initial_load_path.
[titan] 2026-09-10 07:38:15,204 - root - WARNING - initial_load_model_only=True has no effect without an initial_load_path.
[titan] 2026-09-10 07:38:15,206 - torchtitan.observability.structured_logger.jsonl_handler - INFO - Structured logging -> JSONL: /workspace/tp_a100_out/dp2_ep2_tp2/structured_logs/training.global_rank_1.20260910-073815-QQQOQJ.jsonl
[titan] 2026-09-10 07:38:15,227 - root - WARNING - initial_load_model_only=True has no effect without an initial_load_path.
[titan] 2026-09-10 07:38:15,228 - torchtitan.observability.structured_logger.jsonl_handler - INFO - Structured logging -> JSONL: /workspace/tp_a100_out/dp2_ep2_tp2/structured_logs/training.global_rank_3.20260910-073815-BGV9YM.jsonl
[titan] 2026-09-10 07:38:15,296 - root - WARNING - initial_load_model_only=True has no effect without an initial_load_path.
[titan] 2026-09-10 07:38:15,397 - root - WARNING - initial_load_model_only=True has no effect without an initial_load_path.
[titan] 2026-09-10 07:38:15,398 - torchtitan.observability.structured_logger.jsonl_handler - INFO - Structured logging -> JSONL: /workspace/tp_a100_out/dp2_ep2_tp2/structured_logs/training.global_rank_2.20260910-073815-X9VS14.jsonl
[titan] 2026-09-10 07:38:15,422 - root - WARNING - initial_load_model_only=True has no effect without an initial_load_path.
[titan] 2026-09-10 07:38:15,522 - root - WARNING - initial_load_model_only=True has no effect without an initial_load_path.
[titan] 2026-09-10 07:38:15,524 - torchtitan.observability.structured_logger.jsonl_handler - INFO - Structured logging -> JSONL: /workspace/tp_a100_out/dp2_ep2_tp2/structured_logs/training.global_rank_0.20260910-073815-9YJJ7Z.jsonl
[titan] 2026-09-10 07:38:15,983 - root - WARNING - ENV[TORCH_NCCL_ASYNC_ERROR_HANDLING] = 1 will be overridden to 3 based on job config
[titan] 2026-09-10 07:38:15,983 - root - WARNING - ENV[TORCH_NCCL_ASYNC_ERROR_HANDLING] = 1 will be overridden to 3 based on job config
[titan] 2026-09-10 07:38:16,019 - root - WARNING - ENV[TORCH_NCCL_ASYNC_ERROR_HANDLING] = 1 will be overridden to 3 based on job config
[titan] 2026-09-10 07:38:16,058 - root - WARNING - ENV[TORCH_NCCL_ASYNC_ERROR_HANDLING] = 1 will be overridden to 3 based on job config
[titan] 2026-09-10 07:38:16,864 - root - INFO - Building device mesh with parallelism: pp=1, dp_replicate=1, dp_shard=2, cp=1, tp=2, ep=2
[titan] 2026-09-10 07:38:16,865 - root - INFO - Building device mesh with parallelism: pp=1, dp_replicate=1, dp_shard=2, cp=1, tp=2, ep=2
[titan] 2026-09-10 07:38:16,870 - root - INFO - Building device mesh with parallelism: pp=1, dp_replicate=1, dp_shard=2, cp=1, tp=2, ep=2
[titan] 2026-09-10 07:38:16,873 - root - INFO - Building device mesh with parallelism: pp=1, dp_replicate=1, dp_shard=2, cp=1, tp=2, ep=2
[titan] 2026-09-10 07:38:17,903 - root - INFO - Successfully created meshes with active dimensions: ['batch', 'loss', 'tp', 'ep', 'efsdp', 'fsdp']
[titan] 2026-09-10 07:38:17,904 - root - INFO - Successfully created meshes with active dimensions: ['batch', 'loss', 'tp', 'ep', 'efsdp', 'fsdp']
[titan] 2026-09-10 07:38:17,904 - root - INFO - Successfully created meshes with active dimensions: ['batch', 'loss', 'tp', 'ep', 'efsdp', 'fsdp']
[titan] 2026-09-10 07:38:17,904 - root - INFO - Successfully created meshes with active dimensions: ['batch', 'loss', 'tp', 'ep', 'efsdp', 'fsdp']
[titan] 2026-09-10 07:38:17,905 - root - INFO - [GC] Initial GC collection took 0.00 seconds
[titan] 2026-09-10 07:38:17,905 - root - INFO - Deterministic algorithm enabled (expect perf degradation).
[titan] 2026-09-10 07:38:17,906 - root - INFO - [GC] Initial GC collection took 0.00 seconds
[titan] 2026-09-10 07:38:17,907 - root - INFO - [GC] Initial GC collection took 0.00 seconds
[titan] 2026-09-10 07:38:17,907 - root - INFO - Deterministic algorithm enabled (expect perf degradation).
[titan] 2026-09-10 07:38:17,907 - root - INFO - Deterministic algorithm enabled (expect perf degradation).
[titan] 2026-09-10 07:38:17,908 - root - INFO - [GC] Initial GC collection took 0.00 seconds
[titan] 2026-09-10 07:38:17,908 - root - INFO - Deterministic algorithm enabled (expect perf degradation).
[titan] 2026-09-10 07:38:17,935 - root - INFO - Building kimi_k3 debugmodel
[titan] 2026-09-10 07:38:17,938 - root - INFO - Building kimi_k3 debugmodel
[titan] 2026-09-10 07:38:17,938 - root - INFO - Building kimi_k3 debugmodel
[titan] 2026-09-10 07:38:17,957 - root - INFO - Building kimi_k3 debugmodel
[titan] 2026-09-10 07:38:18,179 - root - INFO - CUDA capacity: NVIDIA A100-SXM4-40GB with 39.49GiB memory
[titan] 2026-09-10 07:38:18,181 - root - WARNING - Error running lspci: [Errno 2] No such file or directory: 'lspci', fallback to use device_name
[titan] 2026-09-10 07:38:18,182 - root - INFO - CUDA capacity: NVIDIA A100-SXM4-40GB with 39.49GiB memory
[titan] 2026-09-10 07:38:18,184 - root - INFO - CUDA capacity: NVIDIA A100-SXM4-40GB with 39.49GiB memory
[titan] 2026-09-10 07:38:18,184 - root - WARNING - Error running lspci: [Errno 2] No such file or directory: 'lspci', fallback to use device_name
[titan] 2026-09-10 07:38:18,186 - root - WARNING - Error running lspci: [Errno 2] No such file or directory: 'lspci', fallback to use device_name
[titan] 2026-09-10 07:38:18,189 - root - INFO - Total parameter count: 1,119,984,672, active parameters: 535,879,200
[titan] 2026-09-10 07:38:18,189 - root - INFO - [34mModel kimi_k3 debugmodel [31msize: 1,119,984,672 total parameters[39m
[rank0]: Traceback (most recent call last):
[rank0]:   File "<frozen runpy>", line 198, in _run_module_as_main
[rank0]:   File "<frozen runpy>", line 88, in _run_code
[rank0]:   File "/workspace/wt_tp/torchtitan/train.py", line 72, in <module>
[rank0]:     main()
[rank0]:   File "/workspace/wt_tp/torchtitan/train.py", line 44, in main
[rank0]:     trainer = config.build()  # pyrefly: ignore [missing-attribute]
[rank0]:               ^^^^^^^^^^^^^^
[rank0]:   File "/workspace/wt_tp/torchtitan/config/configurable.py", line 151, in build
[rank0]:     return self._owner(config=replace(self))
[rank0]:            ^^^^^^^^^^^^^^^^^^^^^^^^^^^^^^^^^
[rank0]:   File "/workspace/venv/lib/python3.12/site-packages/torch/distributed/elastic/multiprocessing/errors/__init__.py", line 384, in wrapper
[rank0]:     result = f(*args, **kwargs)
[rank0]:              ^^^^^^^^^^^^^^^^^^
[rank0]:   File "/workspace/wt_tp/torchtitan/trainer.py", line 466, in __init__
[rank0]:     raise ValueError(
[rank0]: ValueError: training.num_tokens_per_train_step (256) must be divisible by the number of tokens processed globally in one gradient accumulation iteration (512).
[titan] 2026-09-10 07:38:18,192 - root - INFO - Total parameter count: 1,119,984,672, active parameters: 535,879,200
[titan] 2026-09-10 07:38:18,192 - root - INFO - [34mModel kimi_k3 debugmodel [31msize: 1,119,984,672 total parameters[39m
[titan] 2026-09-10 07:38:18,193 - root - INFO - Total parameter count: 1,119,984,672, active parameters: 535,879,200
[titan] 2026-09-10 07:38:18,193 - root - INFO - [34mModel kimi_k3 debugmodel [31msize: 1,119,984,672 total parameters[39m
[rank3]: Traceback (most recent call last):
[rank3]:   File "<frozen runpy>", line 198, in _run_module_as_main
[rank3]:   File "<frozen runpy>", line 88, in _run_code
[rank3]:   File "/workspace/wt_tp/torchtitan/train.py", line 72, in <module>
[rank3]:     main()
[rank3]:   File "/workspace/wt_tp/torchtitan/train.py", line 44, in main
[rank3]:     trainer = config.build()  # pyrefly: ignore [missing-attribute]
[rank3]:               ^^^^^^^^^^^^^^
[rank3]:   File "/workspace/wt_tp/torchtitan/config/configurable.py", line 151, in build
[rank3]:     return self._owner(config=replace(self))
[rank3]:            ^^^^^^^^^^^^^^^^^^^^^^^^^^^^^^^^^
[rank3]:   File "/workspace/venv/lib/python3.12/site-packages/torch/distributed/elastic/multiprocessing/errors/__init__.py", line 384, in wrapper
[rank3]:     result = f(*args, **kwargs)
[rank3]:              ^^^^^^^^^^^^^^^^^^
[rank3]:   File "/workspace/wt_tp/torchtitan/trainer.py", line 466, in __init__
[rank3]:     raise ValueError(
[rank3]: ValueError: training.num_tokens_per_train_step (256) must be divisible by the number of tokens processed globally in one gradient accumulation iteration (512).
[rank1]: Traceback (most recent call last):
[rank1]:   File "<frozen runpy>", line 198, in _run_module_as_main
[rank1]:   File "<frozen runpy>", line 88, in _run_code
[rank1]:   File "/workspace/wt_tp/torchtitan/train.py", line 72, in <module>
[rank1]:     main()
[rank1]:   File "/workspace/wt_tp/torchtitan/train.py", line 44, in main
[rank1]:     trainer = config.build()  # pyrefly: ignore [missing-attribute]
[rank1]:               ^^^^^^^^^^^^^^
[rank1]:   File "/workspace/wt_tp/torchtitan/config/configurable.py", line 151, in build
[rank1]:     return self._owner(config=replace(self))
[rank1]:            ^^^^^^^^^^^^^^^^^^^^^^^^^^^^^^^^^
[rank1]:   File "/workspace/venv/lib/python3.12/site-packages/torch/distributed/elastic/multiprocessing/errors/__init__.py", line 384, in wrapper
[rank1]:     result = f(*args, **kwargs)
[rank1]:              ^^^^^^^^^^^^^^^^^^
[rank1]:   File "/workspace/wt_tp/torchtitan/trainer.py", line 466, in __init__
[rank1]:     raise ValueError(
[rank1]: ValueError: training.num_tokens_per_train_step (256) must be divisible by the number of tokens processed globally in one gradient accumulation iteration (512).
[titan] 2026-09-10 07:38:18,213 - root - INFO - CUDA capacity: NVIDIA A100-SXM4-40GB with 39.49GiB memory
[titan] 2026-09-10 07:38:18,216 - root - WARNING - Error running lspci: [Errno 2] No such file or directory: 'lspci', fallback to use device_name
[titan] 2026-09-10 07:38:18,224 - root - INFO - Total parameter count: 1,119,984,672, active parameters: 535,879,200
[titan] 2026-09-10 07:38:18,224 - root - INFO - [34mModel kimi_k3 debugmodel [31msize: 1,119,984,672 total parameters[39m
[rank2]: Traceback (most recent call last):
[rank2]:   File "<frozen runpy>", line 198, in _run_module_as_main
[rank2]:   File "<frozen runpy>", line 88, in _run_code
[rank2]:   File "/workspace/wt_tp/torchtitan/train.py", line 72, in <module>
[rank2]:     main()
[rank2]:   File "/workspace/wt_tp/torchtitan/train.py", line 44, in main
[rank2]:     trainer = config.build()  # pyrefly: ignore [missing-attribute]
[rank2]:               ^^^^^^^^^^^^^^
[rank2]:   File "/workspace/wt_tp/torchtitan/config/configurable.py", line 151, in build
[rank2]:     return self._owner(config=replace(self))
[rank2]:            ^^^^^^^^^^^^^^^^^^^^^^^^^^^^^^^^^
[rank2]:   File "/workspace/venv/lib/python3.12/site-packages/torch/distributed/elastic/multiprocessing/errors/__init__.py", line 384, in wrapper
[rank2]:     result = f(*args, **kwargs)
[rank2]:              ^^^^^^^^^^^^^^^^^^
[rank2]:   File "/workspace/wt_tp/torchtitan/trainer.py", line 466, in __init__
[rank2]:     raise ValueError(
[rank2]: ValueError: training.num_tokens_per_train_step (256) must be divisible by the number of tokens processed globally in one gradient accumulation iteration (512).
[rank1]:[W910 07:38:18.797155906 ProcessGroupNCCL.cpp:164] [TC][rank=0][name=51b231ac4630cf1ade3c2cb2a5046f957ed65b07] ProcessGroupNCCL 51b231ac4630cf1ade3c2cb2a5046f957ed65b07 was not finalized before destruction. This may indicate a resource leak. Please call finalize() explicitly.
[rank3]:[W910 07:38:18.826277043 ProcessGroupNCCL.cpp:164] [TC][rank=1][name=51b231ac4630cf1ade3c2cb2a5046f957ed65b07] ProcessGroupNCCL 51b231ac4630cf1ade3c2cb2a5046f957ed65b07 was not finalized before destruction. This may indicate a resource leak. Please call finalize() explicitly.
[rank0]:[W910 07:38:18.846952993 ProcessGroupNCCL.cpp:164] [TC][rank=0][name=0e50f7fe2f82f8b5f8eeca5cc60f8e1c8c6f850b] ProcessGroupNCCL 0e50f7fe2f82f8b5f8eeca5cc60f8e1c8c6f850b was not finalized before destruction. This may indicate a resource leak. Please call finalize() explicitly.
[rank2]:[W910 07:38:19.139444098 ProcessGroupNCCL.cpp:164] [TC][rank=1][name=0e50f7fe2f82f8b5f8eeca5cc60f8e1c8c6f850b] ProcessGroupNCCL 0e50f7fe2f82f8b5f8eeca5cc60f8e1c8c6f850b was not finalized before destruction. This may indicate a resource leak. Please call finalize() explicitly.
[rank0]:[W910 07:38:19.535592280 ProcessGroupNCCL.cpp:164] [TC][rank=0][name=b21467807952824802ee61acbc7de29c57622f9e] ProcessGroupNCCL b21467807952824802ee61acbc7de29c57622f9e was not finalized before destruction. This may indicate a resource leak. Please call finalize() explicitly.
[rank3]:[W910 07:38:19.542968191 ProcessGroupNCCL.cpp:164] [TC][rank=1][name=6116f418119c75feb0e32b2d9c3511da2edf31a3] ProcessGroupNCCL 6116f418119c75feb0e32b2d9c3511da2edf31a3 was not finalized before destruction. This may indicate a resource leak. Please call finalize() explicitly.
[rank1]:[W910 07:38:19.543260257 ProcessGroupNCCL.cpp:164] [TC][rank=1][name=b21467807952824802ee61acbc7de29c57622f9e] ProcessGroupNCCL b21467807952824802ee61acbc7de29c57622f9e was not finalized before destruction. This may indicate a resource leak. Please call finalize() explicitly.
[rank2]:[W910 07:38:20.038022272 ProcessGroupNCCL.cpp:164] [TC][rank=0][name=6116f418119c75feb0e32b2d9c3511da2edf31a3] ProcessGroupNCCL 6116f418119c75feb0e32b2d9c3511da2edf31a3 was not finalized before destruction. This may indicate a resource leak. Please call finalize() explicitly.
[rank3]:[W910 07:38:20.081839316 ProcessGroupNCCL.cpp:164] [TC][rank=1][name=db74c5d92061b623ac357a338e3daf100d5e9811] ProcessGroupNCCL db74c5d92061b623ac357a338e3daf100d5e9811 was not finalized before destruction. This may indicate a resource leak. Please call finalize() explicitly.
[rank0]:[W910 07:38:20.089555584 ProcessGroupNCCL.cpp:164] [TC][rank=0][name=c4c20d109e3c216c314b8520c00f3fc528affd75] ProcessGroupNCCL c4c20d109e3c216c314b8520c00f3fc528affd75 was not finalized before destruction. This may indicate a resource leak. Please call finalize() explicitly.
[rank1]:[W910 07:38:20.091518740 ProcessGroupNCCL.cpp:164] [TC][rank=0][name=db74c5d92061b623ac357a338e3daf100d5e9811] ProcessGroupNCCL db74c5d92061b623ac357a338e3daf100d5e9811 was not finalized before destruction. This may indicate a resource leak. Please call finalize() explicitly.
[rank2]:[W910 07:38:20.580290521 ProcessGroupNCCL.cpp:164] [TC][rank=1][name=c4c20d109e3c216c314b8520c00f3fc528affd75] ProcessGroupNCCL c4c20d109e3c216c314b8520c00f3fc528affd75 was not finalized before destruction. This may indicate a resource leak. Please call finalize() explicitly.
[rank1]:[W910 07:38:20.698268305 ProcessGroupNCCL.cpp:164] [TC][rank=0][name=09564e257500b3c953836256357f52133c727751] ProcessGroupNCCL 09564e257500b3c953836256357f52133c727751 was not finalized before destruction. This may indicate a resource leak. Please call finalize() explicitly.
[rank0]:[W910 07:38:20.698958666 ProcessGroupNCCL.cpp:164] [TC][rank=0][name=f80e0859653466c4f56f2a57b266e2b4e9053769] ProcessGroupNCCL f80e0859653466c4f56f2a57b266e2b4e9053769 was not finalized before destruction. This may indicate a resource leak. Please call finalize() explicitly.
[rank3]:[W910 07:38:20.699541959 ProcessGroupNCCL.cpp:164] [TC][rank=1][name=09564e257500b3c953836256357f52133c727751] ProcessGroupNCCL 09564e257500b3c953836256357f52133c727751 was not finalized before destruction. This may indicate a resource leak. Please call finalize() explicitly.
[rank2]:[W910 07:38:21.191867900 ProcessGroupNCCL.cpp:164] [TC][rank=1][name=f80e0859653466c4f56f2a57b266e2b4e9053769] ProcessGroupNCCL f80e0859653466c4f56f2a57b266e2b4e9053769 was not finalized before destruction. This may indicate a resource leak. Please call finalize() explicitly.
[rank0]:[W910 07:38:21.241865594 ProcessGroupNCCL.cpp:164] [TC][rank=0][name=8781bd59ef80294842092aa24f0e1de1377168e0] ProcessGroupNCCL 8781bd59ef80294842092aa24f0e1de1377168e0 was not finalized before destruction. This may indicate a resource leak. Please call finalize() explicitly.
[rank1]:[W910 07:38:21.249700880 ProcessGroupNCCL.cpp:164] [TC][rank=1][name=8781bd59ef80294842092aa24f0e1de1377168e0] ProcessGroupNCCL 8781bd59ef80294842092aa24f0e1de1377168e0 was not finalized before destruction. This may indicate a resource leak. Please call finalize() explicitly.
[rank3]:[W910 07:38:21.249802799 ProcessGroupNCCL.cpp:164] [TC][rank=1][name=81cbcaf6564671e643c8797e712a1dab06966937] ProcessGroupNCCL 81cbcaf6564671e643c8797e712a1dab06966937 was not finalized before destruction. This may indicate a resource leak. Please call finalize() explicitly.
[rank2]:[W910 07:38:21.740614910 ProcessGroupNCCL.cpp:164] [TC][rank=0][name=81cbcaf6564671e643c8797e712a1dab06966937] ProcessGroupNCCL 81cbcaf6564671e643c8797e712a1dab06966937 was not finalized before destruction. This may indicate a resource leak. Please call finalize() explicitly.
[rank3]:[W910 07:38:21.776448551 ProcessGroupNCCL.cpp:164] [TC][rank=1][name=fccfe2f75d9a3dafef9c11f5ed4972292c6783c2] ProcessGroupNCCL fccfe2f75d9a3dafef9c11f5ed4972292c6783c2 was not finalized before destruction. This may indicate a resource leak. Please call finalize() explicitly.
[rank1]:[W910 07:38:21.779931460 ProcessGroupNCCL.cpp:164] [TC][rank=0][name=fccfe2f75d9a3dafef9c11f5ed4972292c6783c2] ProcessGroupNCCL fccfe2f75d9a3dafef9c11f5ed4972292c6783c2 was not finalized before destruction. This may indicate a resource leak. Please call finalize() explicitly.
[rank0]:[W910 07:38:21.780229446 ProcessGroupNCCL.cpp:164] [TC][rank=0][name=18f7c7dad4e63252f59bca526cfdf24e2b25aa4e] ProcessGroupNCCL 18f7c7dad4e63252f59bca526cfdf24e2b25aa4e was not finalized before destruction. This may indicate a resource leak. Please call finalize() explicitly.
[rank2]:[W910 07:38:22.272652955 ProcessGroupNCCL.cpp:164] [TC][rank=1][name=18f7c7dad4e63252f59bca526cfdf24e2b25aa4e] ProcessGroupNCCL 18f7c7dad4e63252f59bca526cfdf24e2b25aa4e was not finalized before destruction. This may indicate a resource leak. Please call finalize() explicitly.
[rank3]:[W910 07:38:22.310484265 ProcessGroupNCCL.cpp:164] [TC][rank=1][name=1e4ad5600ee7eb6bc0a2254779203a55eebef253] ProcessGroupNCCL 1e4ad5600ee7eb6bc0a2254779203a55eebef253 was not finalized before destruction. This may indicate a resource leak. Please call finalize() explicitly.
[rank1]:[W910 07:38:22.310589833 ProcessGroupNCCL.cpp:164] [TC][rank=1][name=271fd1314bd8050336171d4000893a8ac5cb6e8b] ProcessGroupNCCL 271fd1314bd8050336171d4000893a8ac5cb6e8b was not finalized before destruction. This may indicate a resource leak. Please call finalize() explicitly.
[rank0]:[W910 07:38:22.338657339 ProcessGroupNCCL.cpp:164] [TC][rank=0][name=271fd1314bd8050336171d4000893a8ac5cb6e8b] ProcessGroupNCCL 271fd1314bd8050336171d4000893a8ac5cb6e8b was not finalized before destruction. This may indicate a resource leak. Please call finalize() explicitly.
[rank2]:[W910 07:38:22.839822504 ProcessGroupNCCL.cpp:164] [TC][rank=0][name=1e4ad5600ee7eb6bc0a2254779203a55eebef253] ProcessGroupNCCL 1e4ad5600ee7eb6bc0a2254779203a55eebef253 was not finalized before destruction. This may indicate a resource leak. Please call finalize() explicitly.
W0910 07:38:24.504000 22739 torch/distributed/elastic/multiprocessing/api.py:1028] Sending process 22877 closing signal SIGTERM
W0910 07:38:24.507000 22739 torch/distributed/elastic/multiprocessing/api.py:1028] Sending process 22878 closing signal SIGTERM
W0910 07:38:24.507000 22739 torch/distributed/elastic/multiprocessing/api.py:1028] Sending process 22879 closing signal SIGTERM
E0910 07:38:25.838000 22739 torch/distributed/elastic/multiprocessing/api.py:1002] failed (exitcode: 1) local_rank: 0 (pid: 22876) of binary: /workspace/venv/bin/python3
E0910 07:38:25.841000 22739 torch/distributed/elastic/multiprocessing/errors/error_handler.py:194] no error file defined for parent, to copy child error file (/tmp/torchelastic_5vdw049l/none_xmqc59mq/attempt_0/0/error.json)
Traceback (most recent call last):
  File "/workspace/venv/bin/torchrun", line 10, in <module>
    sys.exit(main())
             ^^^^^^
  File "/workspace/venv/lib/python3.12/site-packages/torch/distributed/elastic/multiprocessing/errors/__init__.py", line 384, in wrapper
    result = f(*args, **kwargs)
             ^^^^^^^^^^^^^^^^^^
  File "/workspace/venv/lib/python3.12/site-packages/torch/distributed/run.py", line 1138, in main
    run(args)
  File "/workspace/venv/lib/python3.12/site-packages/torch/distributed/run.py", line 1129, in run
    elastic_launch(
  File "/workspace/venv/lib/python3.12/site-packages/torch/distributed/launcher/api.py", line 197, in __call__
    return launch_agent(
           ^^^^^^^^^^^^^
  File "/workspace/venv/lib/python3.12/site-packages/torch/distributed/launcher/api.py", line 386, in launch_agent
    raise ChildFailedError(
torch.distributed.elastic.multiprocessing.errors.ChildFailedError: 
============================================================
torchtitan.train FAILED
------------------------------------------------------------
Failures:
[1]:
  time      : 2026-09-10_07:38:18
  host      : 294964ae0ddf
  rank      : 1 (local_rank: 1)
  exitcode  : 1 (pid: 22877) 
  error_file: /tmp/torchelastic_5vdw049l/none_xmqc59mq/attempt_0/1/error.json
  traceback : Traceback (most recent call last):
    File "/workspace/venv/lib/python3.12/site-packages/torch/distributed/elastic/multiprocessing/errors/__init__.py", line 384, in wrapper
      result = f(*args, **kwargs)
               ^^^^^^^^^^^^^^^^^^
    File "/workspace/wt_tp/torchtitan/trainer.py", line 466, in __init__
      raise ValueError(
  ValueError: training.num_tokens_per_train_step (256) must be divisible by the number of tokens processed globally in one gradient accumulation iteration (512).
  
[2]:
  time      : 2026-09-10_07:38:18
  host      : 294964ae0ddf
  rank      : 2 (local_rank: 2)
  exitcode  : -15 (pid: 22878)  (SIGTERM)
  error_file: /tmp/torchelastic_5vdw049l/none_xmqc59mq/attempt_0/2/error.json
  traceback : Traceback (most recent call last):
    File "/workspace/venv/lib/python3.12/site-packages/torch/distributed/elastic/multiprocessing/errors/__init__.py", line 384, in wrapper
      result = f(*args, **kwargs)
               ^^^^^^^^^^^^^^^^^^
    File "/workspace/wt_tp/torchtitan/trainer.py", line 466, in __init__
      raise ValueError(
  ValueError: training.num_tokens_per_train_step (256) must be divisible by the number of tokens processed globally in one gradient accumulation iteration (512).
  
[3]:
  time      : 2026-09-10_07:38:18
  host      : 294964ae0ddf
  rank      : 3 (local_rank: 3)
  exitcode  : 1 (pid: 22879) 
  error_file: /tmp/torchelastic_5vdw049l/none_xmqc59mq/attempt_0/3/error.json
  traceback : Traceback (most recent call last):
    File "/workspace/venv/lib/python3.12/site-packages/torch/distributed/elastic/multiprocessing/errors/__init__.py", line 384, in wrapper
      result = f(*args, **kwargs)
               ^^^^^^^^^^^^^^^^^^
    File "/workspace/wt_tp/torchtitan/trainer.py", line 466, in __init__
      raise ValueError(
  ValueError: training.num_tokens_per_train_step (256) must be divisible by the number of tokens processed globally in one gradient accumulation iteration (512).
  
------------------------------------------------------------
Root Cause (first observed failure):
[0]:
  time      : 2026-09-10_07:38:18
  host      : 294964ae0ddf
  rank      : 0 (local_rank: 0)
  exitcode  : 1 (pid: 22876) 
  error_file: /tmp/torchelastic_5vdw049l/none_xmqc59mq/attempt_0/0/error.json
  traceback : Traceback (most recent call last):
    File "/workspace/venv/lib/python3.12/site-packages/torch/distributed/elastic/multiprocessing/errors/__init__.py", line 384, in wrapper
      result = f(*args, **kwargs)
               ^^^^^^^^^^^^^^^^^^
    File "/workspace/wt_tp/torchtitan/trainer.py", line 466, in __init__
      raise ValueError(
  ValueError: training.num_tokens_per_train_step (256) must be divisible by the number of tokens processed globally in one gradient accumulation iteration (512).
  
============================================================
