W0910 06:45:37.052000 8472 torch/distributed/run.py:982] 
W0910 06:45:37.052000 8472 torch/distributed/run.py:982] *****************************************
W0910 06:45:37.052000 8472 torch/distributed/run.py:982] Setting OMP_NUM_THREADS environment variable for each process to be 1 in default, to avoid your system being overloaded, please further tune the variable for optimal performance in your application as needed. 
W0910 06:45:37.052000 8472 torch/distributed/run.py:982] *****************************************
WARNING:absl:Failed to load jax profiler: No module named 'jax'
WARNING:absl:Failed to load jax profiler: No module named 'jax'
W0910 06:45:44.503000 8799 torch/utils/_pytree.py:630] <enum 'KernelPreference'> is an Enum subclass and is now natively supported by torch.compile as an opaque value type. Calling register_constant() on Enum subclasses is deprecated and will be an error in a future release.
W0910 06:45:44.541000 8799 torch/utils/_pytree.py:630] <enum 'ScaleCalculationMode'> is an Enum subclass and is now natively supported by torch.compile as an opaque value type. Calling register_constant() on Enum subclasses is deprecated and will be an error in a future release.
W0910 06:45:44.583000 8800 torch/utils/_pytree.py:630] <enum 'KernelPreference'> is an Enum subclass and is now natively supported by torch.compile as an opaque value type. Calling register_constant() on Enum subclasses is deprecated and will be an error in a future release.
W0910 06:45:44.620000 8800 torch/utils/_pytree.py:630] <enum 'ScaleCalculationMode'> is an Enum subclass and is now natively supported by torch.compile as an opaque value type. Calling register_constant() on Enum subclasses is deprecated and will be an error in a future release.
[titan] 2026-09-10 06:45:45,174 - root - INFO - torchtitan version: 0.0.0+unknown (0.0.0 means __version__ is not defined correctly).
[titan] 2026-09-10 06:45:45,233 - root - INFO - torchtitan version: 0.0.0+unknown (0.0.0 means __version__ is not defined correctly).
[titan] 2026-09-10 06:45:45,781 - root - WARNING - initial_load_model_only=True has no effect without an initial_load_path.
[titan] 2026-09-10 06:45:45,842 - root - WARNING - initial_load_model_only=True has no effect without an initial_load_path.
[titan] 2026-09-10 06:45:45,880 - root - WARNING - initial_load_model_only=True has no effect without an initial_load_path.
[titan] 2026-09-10 06:45:45,882 - torchtitan.observability.structured_logger.jsonl_handler - INFO - Structured logging -> JSONL: /workspace/tp_a100_out/tp2_sp_st/structured_logs/training.global_rank_0.20260910-064545-8Y52DF.jsonl
[titan] 2026-09-10 06:45:45,942 - root - WARNING - initial_load_model_only=True has no effect without an initial_load_path.
[titan] 2026-09-10 06:45:45,943 - torchtitan.observability.structured_logger.jsonl_handler - INFO - Structured logging -> JSONL: /workspace/tp_a100_out/tp2_sp_st/structured_logs/training.global_rank_1.20260910-064545-3CRY2S.jsonl
[titan] 2026-09-10 06:45:46,234 - root - WARNING - ENV[TORCH_NCCL_ASYNC_ERROR_HANDLING] = 1 will be overridden to 3 based on job config
[titan] 2026-09-10 06:45:46,245 - root - WARNING - ENV[TORCH_NCCL_ASYNC_ERROR_HANDLING] = 1 will be overridden to 3 based on job config
[titan] 2026-09-10 06:45:46,496 - root - INFO - [GC] Initial GC collection took 0.00 seconds
[titan] 2026-09-10 06:45:46,496 - root - INFO - Deterministic algorithm enabled (expect perf degradation).
[titan] 2026-09-10 06:45:46,506 - root - INFO - [GC] Initial GC collection took 0.00 seconds
[titan] 2026-09-10 06:45:46,506 - root - INFO - Deterministic algorithm enabled (expect perf degradation).
[titan] 2026-09-10 06:45:46,512 - root - INFO - Building device mesh with parallelism: pp=1, dp_replicate=1, dp_shard=1, cp=1, tp=2, ep=1
[titan] 2026-09-10 06:45:46,522 - root - INFO - Building device mesh with parallelism: pp=1, dp_replicate=1, dp_shard=1, cp=1, tp=2, ep=1
[titan] 2026-09-10 06:45:47,834 - root - INFO - Successfully created meshes with active dimensions: ['tp']
[titan] 2026-09-10 06:45:47,834 - root - INFO - Successfully created meshes with active dimensions: ['tp']
[titan] 2026-09-10 06:45:47,851 - root - INFO - Building kimi_k3 debugmodel
[titan] 2026-09-10 06:45:47,857 - root - INFO - Building kimi_k3 debugmodel
[titan] 2026-09-10 06:45:48,102 - root - INFO - CUDA capacity: NVIDIA A100-SXM4-40GB with 39.49GiB memory
[titan] 2026-09-10 06:45:48,104 - root - WARNING - Error running lspci: [Errno 2] No such file or directory: 'lspci', fallback to use device_name
[titan] 2026-09-10 06:45:48,107 - root - INFO - CUDA capacity: NVIDIA A100-SXM4-40GB with 39.49GiB memory
[titan] 2026-09-10 06:45:48,110 - root - WARNING - Error running lspci: [Errno 2] No such file or directory: 'lspci', fallback to use device_name
[titan] 2026-09-10 06:45:48,112 - root - INFO - Total parameter count: 1,119,984,672, active parameters: 535,879,200
[titan] 2026-09-10 06:45:48,112 - root - INFO - [34mModel kimi_k3 debugmodel [31msize: 1,119,984,672 total parameters[39m
[titan] 2026-09-10 06:45:48,117 - root - INFO - Total parameter count: 1,119,984,672, active parameters: 535,879,200
[titan] 2026-09-10 06:45:48,117 - root - INFO - [34mModel kimi_k3 debugmodel [31msize: 1,119,984,672 total parameters[39m
[titan] 2026-09-10 06:45:48,285 - root - INFO - Applied SelectiveAC activation checkpointing to the model
[titan] 2026-09-10 06:45:48,287 - root - INFO - Applied SelectiveAC activation checkpointing to the model
[titan] 2026-09-10 06:45:48,291 - root - INFO - Applied SelectiveAC activation checkpointing to the model
[titan] 2026-09-10 06:45:48,294 - root - INFO - Applied SelectiveAC activation checkpointing to the model
[titan] 2026-09-10 06:45:48,980 - root - INFO - Applied FSDP to the model
[titan] 2026-09-10 06:45:48,995 - root - INFO - Applied FSDP to the model
[rank0]:W0910 06:45:49.359000 8799 torch/distributed/tensor/_redistribute.py:394] While redistributing from (_StridedShard(dim=0, sf=2), Shard(dim=0)) to (Replicate(), Replicate()), 2 sequential all_gather operations will be performed. This is suboptimal: multiple collective operations have higher latency (separate kernel launches and synchronization points) and may give inconsistent results between ranks due to different reduction orders. it is not possible to merge non-ascending order all_gather operations.
[rank1]:W0910 06:45:49.375000 8800 torch/distributed/tensor/_redistribute.py:394] While redistributing from (_StridedShard(dim=0, sf=2), Shard(dim=0)) to (Replicate(), Replicate()), 2 sequential all_gather operations will be performed. This is suboptimal: multiple collective operations have higher latency (separate kernel launches and synchronization points) and may give inconsistent results between ranks due to different reduction orders. it is not possible to merge non-ascending order all_gather operations.
[titan] 2026-09-10 06:45:50,371 - root - WARNING - Error running lspci: [Errno 2] No such file or directory: 'lspci', fallback to use device_name
[titan] 2026-09-10 06:45:50,371 - root - WARNING - Error running lspci: [Errno 2] No such file or directory: 'lspci', fallback to use device_name
[titan] 2026-09-10 06:45:50,371 - root - INFO - Peak FLOPS used for computing MFU: 3.120e+14
[titan] 2026-09-10 06:45:50,371 - root - INFO - Peak FLOPS used for computing MFU: 3.120e+14
[titan] 2026-09-10 06:45:50,372 - root - INFO - CUDA memory usage for model: 2.01GiB(5.10%)
[titan] 2026-09-10 06:45:50,372 - root - INFO - CUDA memory usage for model: 2.01GiB(5.10%)
[titan] 2026-09-10 06:45:50,377 - root - INFO - Optimizer AdamW (model_part=0): 750 params [.*] {'fused': True, 'foreach': False, 'lr': 0.0008, 'betas': (0.9, 0.95), 'eps': 1e-08, 'weight_decay': 0.1}
[titan] 2026-09-10 06:45:50,377 - root - INFO - Optimizer AdamW (model_part=0): 750 params [.*] {'fused': True, 'foreach': False, 'lr': 0.0008, 'betas': (0.9, 0.95), 'eps': 1e-08, 'weight_decay': 0.1}
[titan] 2026-09-10 06:45:50,381 - root - INFO - Loading tokenizer from tokenizer.json
[titan] 2026-09-10 06:45:50,381 - root - INFO - Loading tokenizer from tokenizer.json
[titan] 2026-09-10 06:45:50,407 - root - WARNING - model.safetensors.index.json not found at hf_assets_path: ./tests/assets/tokenizer/model.safetensors.index.json.                     Defaulting to saving a single safetensors file if checkpoint is saved in HF format
[titan] 2026-09-10 06:45:50,408 - root - WARNING - initial_load_model_only=True has no effect without an initial_load_path.
[titan] 2026-09-10 06:45:50,408 - root - WARNING - model.safetensors.index.json not found at hf_assets_path: ./tests/assets/tokenizer/model.safetensors.index.json.                     Defaulting to saving a single safetensors file if checkpoint is saved in HF format
[titan] 2026-09-10 06:45:50,408 - root - WARNING - initial_load_model_only=True has no effect without an initial_load_path.
[titan] 2026-09-10 06:45:50,426 - root - INFO - Checkpointing active. Checkpoints will be loaded from and saved to /workspace/tp_a100_out/tp2_sp_st/checkpoint
[titan] 2026-09-10 06:45:50,426 - root - INFO - Trainer is initialized with 256 tokens per DP rank, 256 tokens per train step, gradient accumulation steps 1, maximum context length 256, total steps 100 (warmup 2)
[titan] 2026-09-10 06:45:50,426 - root - INFO - Checkpointing active. Checkpoints will be loaded from and saved to /workspace/tp_a100_out/tp2_sp_st/checkpoint
[titan] 2026-09-10 06:45:50,426 - root - INFO - Trainer is initialized with 256 tokens per DP rank, 256 tokens per train step, gradient accumulation steps 1, maximum context length 256, total steps 100 (warmup 2)
[titan] 2026-09-10 06:45:50,426 - root - INFO - Loading the checkpoint from /workspace/tp_a100_out/tp2_sp_st/checkpoint/step-0.
[titan] 2026-09-10 06:45:50,427 - root - INFO - Loading the checkpoint from /workspace/tp_a100_out/tp2_sp_st/checkpoint/step-0.
[titan] 2026-09-10 06:54:07,774 - root - INFO - [GC] GC collection for checkpoint loading. took 0.04 seconds
[titan] 2026-09-10 06:54:07,774 - root - INFO - Finished loading the checkpoint in 497.35 seconds.
[titan] 2026-09-10 06:54:07,775 - root - INFO - Training starts at step 1
[titan] 2026-09-10 06:54:07,775 - root - INFO - [GC] GC collection for checkpoint loading. took 0.04 seconds
[titan] 2026-09-10 06:54:07,775 - root - INFO - Finished loading the checkpoint in 497.35 seconds.
[titan] 2026-09-10 06:54:07,777 - root - INFO - Training starts at step 1
/workspace/venv/lib/python3.12/site-packages/spmd_types/_collectives.py:633: FutureWarning: `torch.distributed._functional_collectives.reduce_scatter_tensor` is deprecated. Please use `torch.distributed._functional_collectives.reduce_scatter_single` instead.
  result = funcol.reduce_scatter_tensor(x, "sum", scatter_dim, pg)
/workspace/venv/lib/python3.12/site-packages/spmd_types/_collectives.py:633: FutureWarning: `torch.distributed._functional_collectives.reduce_scatter_tensor` is deprecated. Please use `torch.distributed._functional_collectives.reduce_scatter_single` instead.
  result = funcol.reduce_scatter_tensor(x, "sum", scatter_dim, pg)
/workspace/venv/lib/python3.12/site-packages/torch/distributed/fsdp/_fully_shard/_fsdp_state.py:336: UserWarning: FSDP2-wrapped module (FSDPKimiK3VisionEncoder) returned a view tensor. An in-place op on this view (e.g., `x += y`) will silently drop the pre-backward hook and skip the all-gather, which can cause backward to fail or produce wrong gradients. Use out-of-place ops (`out = out + y`, not `out += y`) or `.clone()` the output before any in-place op.
  output = self._register_pre_backward_hook(output)
/workspace/venv/lib/python3.12/site-packages/spmd_types/_collectives.py:305: FutureWarning: `torch.distributed._functional_collectives.all_gather_tensor` is deprecated. Please use `torch.distributed._functional_collectives.all_gather_single` instead.
  result = funcol.all_gather_tensor(x, gather_dim, pg)
/workspace/venv/lib/python3.12/site-packages/torch/distributed/fsdp/_fully_shard/_fsdp_state.py:336: UserWarning: FSDP2-wrapped module (FSDPKimiK3VisionEncoder) returned a view tensor. An in-place op on this view (e.g., `x += y`) will silently drop the pre-backward hook and skip the all-gather, which can cause backward to fail or produce wrong gradients. Use out-of-place ops (`out = out + y`, not `out += y`) or `.clone()` the output before any in-place op.
  output = self._register_pre_backward_hook(output)
/workspace/venv/lib/python3.12/site-packages/spmd_types/_collectives.py:305: FutureWarning: `torch.distributed._functional_collectives.all_gather_tensor` is deprecated. Please use `torch.distributed._functional_collectives.all_gather_single` instead.
  result = funcol.all_gather_tensor(x, gather_dim, pg)
/workspace/venv/lib/python3.12/site-packages/spmd_types/_collectives.py:633: FutureWarning: `torch.distributed._functional_collectives.reduce_scatter_tensor` is deprecated. Please use `torch.distributed._functional_collectives.reduce_scatter_single` instead.
  result = funcol.reduce_scatter_tensor(x, "sum", scatter_dim, pg)
/workspace/venv/lib/python3.12/site-packages/spmd_types/_collectives.py:633: FutureWarning: `torch.distributed._functional_collectives.reduce_scatter_tensor` is deprecated. Please use `torch.distributed._functional_collectives.reduce_scatter_single` instead.
  result = funcol.reduce_scatter_tensor(x, "sum", scatter_dim, pg)
/workspace/venv/lib/python3.12/site-packages/torch/distributed/fsdp/_fully_shard/_fsdp_state.py:336: UserWarning: FSDP2-wrapped module (FSDPCheckpointWrapper) returned a view tensor. An in-place op on this view (e.g., `x += y`) will silently drop the pre-backward hook and skip the all-gather, which can cause backward to fail or produce wrong gradients. Use out-of-place ops (`out = out + y`, not `out += y`) or `.clone()` the output before any in-place op.
  output = self._register_pre_backward_hook(output)
/workspace/venv/lib/python3.12/site-packages/torch/distributed/fsdp/_fully_shard/_fsdp_state.py:336: UserWarning: FSDP2-wrapped module (FSDPCheckpointWrapper) returned a view tensor. An in-place op on this view (e.g., `x += y`) will silently drop the pre-backward hook and skip the all-gather, which can cause backward to fail or produce wrong gradients. Use out-of-place ops (`out = out + y`, not `out += y`) or `.clone()` the output before any in-place op.
  output = self._register_pre_backward_hook(output)
/workspace/venv/lib/python3.12/site-packages/spmd_types/_collectives.py:633: FutureWarning: `torch.distributed._functional_collectives.reduce_scatter_tensor` is deprecated. Please use `torch.distributed._functional_collectives.reduce_scatter_single` instead.
  result = funcol.reduce_scatter_tensor(x, "sum", scatter_dim, pg)
/workspace/venv/lib/python3.12/site-packages/spmd_types/_collectives.py:305: FutureWarning: `torch.distributed._functional_collectives.all_gather_tensor` is deprecated. Please use `torch.distributed._functional_collectives.all_gather_single` instead.
  result = funcol.all_gather_tensor(x, gather_dim, pg)
/workspace/venv/lib/python3.12/site-packages/spmd_types/_collectives.py:633: FutureWarning: `torch.distributed._functional_collectives.reduce_scatter_tensor` is deprecated. Please use `torch.distributed._functional_collectives.reduce_scatter_single` instead.
  result = funcol.reduce_scatter_tensor(x, "sum", scatter_dim, pg)
/workspace/venv/lib/python3.12/site-packages/spmd_types/_collectives.py:305: FutureWarning: `torch.distributed._functional_collectives.all_gather_tensor` is deprecated. Please use `torch.distributed._functional_collectives.all_gather_single` instead.
  result = funcol.all_gather_tensor(x, gather_dim, pg)
/workspace/venv/lib/python3.12/site-packages/torch/distributed/fsdp/_fully_shard/_fsdp_state.py:336: UserWarning: FSDP2-wrapped module (FSDPCheckpointWrapper) returned a view tensor. An in-place op on this view (e.g., `x += y`) will silently drop the pre-backward hook and skip the all-gather, which can cause backward to fail or produce wrong gradients. Use out-of-place ops (`out = out + y`, not `out += y`) or `.clone()` the output before any in-place op.
  output = self._register_pre_backward_hook(output)
/workspace/venv/lib/python3.12/site-packages/torch/distributed/fsdp/_fully_shard/_fsdp_state.py:336: UserWarning: FSDP2-wrapped module (FSDPCheckpointWrapper) returned a view tensor. An in-place op on this view (e.g., `x += y`) will silently drop the pre-backward hook and skip the all-gather, which can cause backward to fail or produce wrong gradients. Use out-of-place ops (`out = out + y`, not `out += y`) or `.clone()` the output before any in-place op.
  output = self._register_pre_backward_hook(output)
[rank0]:W0910 06:55:08.059000 8799 torch/distributed/tensor/_redistribute.py:394] While redistributing from (_NormPartial(2.0), _NormPartial(2.0)) to (Replicate(), Replicate()), 2 sequential all_reduce operations will be performed. This is suboptimal: multiple collective operations have higher latency (separate kernel launches and synchronization points) and may give inconsistent results between ranks due to different reduction orders. To optimize, flatten mesh dimensions ["dp_shard", "tp"] so DTensor can use a single operation instead.
[rank1]:W0910 06:55:08.063000 8800 torch/distributed/tensor/_redistribute.py:394] While redistributing from (_NormPartial(2.0), _NormPartial(2.0)) to (Replicate(), Replicate()), 2 sequential all_reduce operations will be performed. This is suboptimal: multiple collective operations have higher latency (separate kernel launches and synchronization points) and may give inconsistent results between ranks due to different reduction orders. To optimize, flatten mesh dimensions ["dp_shard", "tp"] so DTensor can use a single operation instead.
[titan] 2026-09-10 06:55:16,339 - root - INFO - [31mstep:  1  [32mloss: 12.59371  [38;2;180;60;0mgrad_norm: 25.3750  [38;2;54;234;195mmemory:  5.07GiB(12.83%)  [34mtps: 0  [36mtflops: 0.00  [35mmfu: 0.00%[39m
[titan] 2026-09-10 06:55:16,348 - root - INFO - Synchronizing and adjusting timeout for all ProcessGroups to 0:01:40
[titan] 2026-09-10 06:55:16,358 - root - INFO - [31mstep:  1  [32mloss: 12.59371  [38;2;180;60;0mgrad_norm: 25.3750  [38;2;54;234;195mmemory:  5.07GiB(12.83%)  [34mtps: 0  [36mtflops: 0.00  [35mmfu: 0.00%[39m
[titan] 2026-09-10 06:55:16,367 - root - INFO - Synchronizing and adjusting timeout for all ProcessGroups to 0:01:40
/workspace/venv/lib/python3.12/site-packages/torch/distributed/fsdp/_fully_shard/_fsdp_state.py:336: UserWarning: FSDP2-wrapped module (FSDPKimiK3VisionEncoder) returned a view tensor. An in-place op on this view (e.g., `x += y`) will silently drop the pre-backward hook and skip the all-gather, which can cause backward to fail or produce wrong gradients. Use out-of-place ops (`out = out + y`, not `out += y`) or `.clone()` the output before any in-place op.
  output = self._register_pre_backward_hook(output)
/workspace/venv/lib/python3.12/site-packages/spmd_types/_collectives.py:305: FutureWarning: `torch.distributed._functional_collectives.all_gather_tensor` is deprecated. Please use `torch.distributed._functional_collectives.all_gather_single` instead.
  result = funcol.all_gather_tensor(x, gather_dim, pg)
/workspace/venv/lib/python3.12/site-packages/torch/distributed/fsdp/_fully_shard/_fsdp_state.py:336: UserWarning: FSDP2-wrapped module (FSDPKimiK3VisionEncoder) returned a view tensor. An in-place op on this view (e.g., `x += y`) will silently drop the pre-backward hook and skip the all-gather, which can cause backward to fail or produce wrong gradients. Use out-of-place ops (`out = out + y`, not `out += y`) or `.clone()` the output before any in-place op.
  output = self._register_pre_backward_hook(output)
/workspace/venv/lib/python3.12/site-packages/spmd_types/_collectives.py:305: FutureWarning: `torch.distributed._functional_collectives.all_gather_tensor` is deprecated. Please use `torch.distributed._functional_collectives.all_gather_single` instead.
  result = funcol.all_gather_tensor(x, gather_dim, pg)
/workspace/venv/lib/python3.12/site-packages/spmd_types/_collectives.py:633: FutureWarning: `torch.distributed._functional_collectives.reduce_scatter_tensor` is deprecated. Please use `torch.distributed._functional_collectives.reduce_scatter_single` instead.
  result = funcol.reduce_scatter_tensor(x, "sum", scatter_dim, pg)
/workspace/venv/lib/python3.12/site-packages/spmd_types/_collectives.py:633: FutureWarning: `torch.distributed._functional_collectives.reduce_scatter_tensor` is deprecated. Please use `torch.distributed._functional_collectives.reduce_scatter_single` instead.
  result = funcol.reduce_scatter_tensor(x, "sum", scatter_dim, pg)
/workspace/venv/lib/python3.12/site-packages/torch/distributed/fsdp/_fully_shard/_fsdp_state.py:336: UserWarning: FSDP2-wrapped module (FSDPCheckpointWrapper) returned a view tensor. An in-place op on this view (e.g., `x += y`) will silently drop the pre-backward hook and skip the all-gather, which can cause backward to fail or produce wrong gradients. Use out-of-place ops (`out = out + y`, not `out += y`) or `.clone()` the output before any in-place op.
  output = self._register_pre_backward_hook(output)
/workspace/venv/lib/python3.12/site-packages/torch/distributed/fsdp/_fully_shard/_fsdp_state.py:336: UserWarning: FSDP2-wrapped module (FSDPCheckpointWrapper) returned a view tensor. An in-place op on this view (e.g., `x += y`) will silently drop the pre-backward hook and skip the all-gather, which can cause backward to fail or produce wrong gradients. Use out-of-place ops (`out = out + y`, not `out += y`) or `.clone()` the output before any in-place op.
  output = self._register_pre_backward_hook(output)
[titan] 2026-09-10 06:55:26,939 - root - INFO - [31mstep:  2  [32mloss: 11.42878  [38;2;180;60;0mgrad_norm: 44.7500  [38;2;54;234;195mmemory:  6.14GiB(15.55%)  [34mtps: 12  [36mtflops: 0.04  [35mmfu: 0.01%[39m
[titan] 2026-09-10 06:55:26,940 - root - INFO - [31mstep:  2  [32mloss: 11.42878  [38;2;180;60;0mgrad_norm: 44.7500  [38;2;54;234;195mmemory:  6.14GiB(15.55%)  [34mtps: 12  [36mtflops: 0.04  [35mmfu: 0.01%[39m
[titan] 2026-09-10 06:55:28,217 - root - INFO - [31mstep:  3  [32mloss: 10.05548  [38;2;180;60;0mgrad_norm: 23.2500  [38;2;54;234;195mmemory:  6.14GiB(15.56%)  [34mtps: 100  [36mtflops: 0.33  [35mmfu: 0.11%[39m
[titan] 2026-09-10 06:55:28,219 - root - INFO - [31mstep:  3  [32mloss: 10.05548  [38;2;180;60;0mgrad_norm: 23.2500  [38;2;54;234;195mmemory:  6.14GiB(15.56%)  [34mtps: 100  [36mtflops: 0.33  [35mmfu: 0.11%[39m
[titan] 2026-09-10 06:55:29,487 - root - INFO - [31mstep:  4  [32mloss: 10.19518  [38;2;180;60;0mgrad_norm: 20.2500  [38;2;54;234;195mmemory:  6.14GiB(15.56%)  [34mtps: 101  [36mtflops: 0.34  [35mmfu: 0.11%[39m
[titan] 2026-09-10 06:55:29,487 - root - INFO - [31mstep:  4  [32mloss: 10.19518  [38;2;180;60;0mgrad_norm: 20.2500  [38;2;54;234;195mmemory:  6.14GiB(15.56%)  [34mtps: 101  [36mtflops: 0.34  [35mmfu: 0.11%[39m
[titan] 2026-09-10 06:55:30,760 - root - INFO - [31mstep:  5  [32mloss:  7.80464  [38;2;180;60;0mgrad_norm: 10.5625  [38;2;54;234;195mmemory:  6.15GiB(15.58%)  [34mtps: 101  [36mtflops: 0.33  [35mmfu: 0.11%[39m
[titan] 2026-09-10 06:55:30,761 - root - INFO - [31mstep:  5  [32mloss:  7.80464  [38;2;180;60;0mgrad_norm: 10.5625  [38;2;54;234;195mmemory:  6.15GiB(15.58%)  [34mtps: 101  [36mtflops: 0.33  [35mmfu: 0.11%[39m
[titan] 2026-09-10 06:55:32,027 - root - INFO - [31mstep:  6  [32mloss:  6.71161  [38;2;180;60;0mgrad_norm: 10.2500  [38;2;54;234;195mmemory:  6.15GiB(15.58%)  [34mtps: 101  [36mtflops: 0.34  [35mmfu: 0.11%[39m
[titan] 2026-09-10 06:55:32,027 - root - INFO - [31mstep:  6  [32mloss:  6.71161  [38;2;180;60;0mgrad_norm: 10.2500  [38;2;54;234;195mmemory:  6.15GiB(15.58%)  [34mtps: 101  [36mtflops: 0.34  [35mmfu: 0.11%[39m
[titan] 2026-09-10 06:55:33,281 - root - INFO - [31mstep:  7  [32mloss:  5.87354  [38;2;180;60;0mgrad_norm:  9.3125  [38;2;54;234;195mmemory:  6.15GiB(15.58%)  [34mtps: 102  [36mtflops: 0.34  [35mmfu: 0.11%[39m
[titan] 2026-09-10 06:55:33,283 - root - INFO - [31mstep:  7  [32mloss:  5.87354  [38;2;180;60;0mgrad_norm:  9.3125  [38;2;54;234;195mmemory:  6.15GiB(15.58%)  [34mtps: 102  [36mtflops: 0.34  [35mmfu: 0.11%[39m
[titan] 2026-09-10 06:55:34,524 - root - INFO - [31mstep:  8  [32mloss:  4.73808  [38;2;180;60;0mgrad_norm:  7.7500  [38;2;54;234;195mmemory:  6.15GiB(15.58%)  [34mtps: 103  [36mtflops: 0.34  [35mmfu: 0.11%[39m
[titan] 2026-09-10 06:55:34,525 - root - INFO - [31mstep:  8  [32mloss:  4.73808  [38;2;180;60;0mgrad_norm:  7.7500  [38;2;54;234;195mmemory:  6.15GiB(15.58%)  [34mtps: 103  [36mtflops: 0.34  [35mmfu: 0.11%[39m
[titan] 2026-09-10 06:55:35,769 - root - INFO - [31mstep:  9  [32mloss:  3.80276  [38;2;180;60;0mgrad_norm:  8.0000  [38;2;54;234;195mmemory:  6.15GiB(15.58%)  [34mtps: 103  [36mtflops: 0.34  [35mmfu: 0.11%[39m
[titan] 2026-09-10 06:55:35,771 - root - INFO - [31mstep:  9  [32mloss:  3.80276  [38;2;180;60;0mgrad_norm:  8.0000  [38;2;54;234;195mmemory:  6.15GiB(15.58%)  [34mtps: 103  [36mtflops: 0.34  [35mmfu: 0.11%[39m
[titan] 2026-09-10 06:55:37,010 - root - INFO - [31mstep: 10  [32mloss:  4.08584  [38;2;180;60;0mgrad_norm:  5.6875  [38;2;54;234;195mmemory:  6.15GiB(15.58%)  [34mtps: 103  [36mtflops: 0.34  [35mmfu: 0.11%[39m
[titan] 2026-09-10 06:55:37,010 - root - INFO - [31mstep: 10  [32mloss:  4.08584  [38;2;180;60;0mgrad_norm:  5.6875  [38;2;54;234;195mmemory:  6.15GiB(15.58%)  [34mtps: 103  [36mtflops: 0.34  [35mmfu: 0.11%[39m
[titan] 2026-09-10 06:55:38,237 - root - INFO - [31mstep: 11  [32mloss:  3.42613  [38;2;180;60;0mgrad_norm:  5.8438  [38;2;54;234;195mmemory:  6.15GiB(15.58%)  [34mtps: 104  [36mtflops: 0.35  [35mmfu: 0.11%[39m
[titan] 2026-09-10 06:55:38,238 - root - INFO - [31mstep: 11  [32mloss:  3.42613  [38;2;180;60;0mgrad_norm:  5.8438  [38;2;54;234;195mmemory:  6.15GiB(15.58%)  [34mtps: 104  [36mtflops: 0.35  [35mmfu: 0.11%[39m
[titan] 2026-09-10 06:55:39,476 - root - INFO - [31mstep: 12  [32mloss:  4.98582  [38;2;180;60;0mgrad_norm:  5.8438  [38;2;54;234;195mmemory:  6.15GiB(15.58%)  [34mtps: 103  [36mtflops: 0.34  [35mmfu: 0.11%[39m
[titan] 2026-09-10 06:55:39,477 - root - INFO - [31mstep: 12  [32mloss:  4.98582  [38;2;180;60;0mgrad_norm:  5.8438  [38;2;54;234;195mmemory:  6.15GiB(15.58%)  [34mtps: 103  [36mtflops: 0.34  [35mmfu: 0.11%[39m
[titan] 2026-09-10 06:55:40,714 - root - INFO - [31mstep: 13  [32mloss:  3.37593  [38;2;180;60;0mgrad_norm:  4.5312  [38;2;54;234;195mmemory:  6.15GiB(15.58%)  [34mtps: 103  [36mtflops: 0.34  [35mmfu: 0.11%[39m
[titan] 2026-09-10 06:55:40,716 - root - INFO - [31mstep: 13  [32mloss:  3.37593  [38;2;180;60;0mgrad_norm:  4.5312  [38;2;54;234;195mmemory:  6.15GiB(15.58%)  [34mtps: 103  [36mtflops: 0.34  [35mmfu: 0.11%[39m
[titan] 2026-09-10 06:55:41,941 - root - INFO - [31mstep: 14  [32mloss:  4.13883  [38;2;180;60;0mgrad_norm:  6.4062  [38;2;54;234;195mmemory:  6.15GiB(15.58%)  [34mtps: 104  [36mtflops: 0.35  [35mmfu: 0.11%[39m
[titan] 2026-09-10 06:55:41,941 - root - INFO - [31mstep: 14  [32mloss:  4.13883  [38;2;180;60;0mgrad_norm:  6.4062  [38;2;54;234;195mmemory:  6.15GiB(15.58%)  [34mtps: 104  [36mtflops: 0.35  [35mmfu: 0.11%[39m
[titan] 2026-09-10 06:55:43,156 - root - INFO - [31mstep: 15  [32mloss:  4.03659  [38;2;180;60;0mgrad_norm:  6.3750  [38;2;54;234;195mmemory:  6.15GiB(15.58%)  [34mtps: 105  [36mtflops: 0.35  [35mmfu: 0.11%[39m
[titan] 2026-09-10 06:55:43,157 - root - INFO - [31mstep: 15  [32mloss:  4.03659  [38;2;180;60;0mgrad_norm:  6.3750  [38;2;54;234;195mmemory:  6.15GiB(15.58%)  [34mtps: 105  [36mtflops: 0.35  [35mmfu: 0.11%[39m
[titan] 2026-09-10 06:55:44,372 - root - INFO - [31mstep: 16  [32mloss:  3.29589  [38;2;180;60;0mgrad_norm:  5.1250  [38;2;54;234;195mmemory:  6.15GiB(15.58%)  [34mtps: 105  [36mtflops: 0.35  [35mmfu: 0.11%[39m
[titan] 2026-09-10 06:55:44,373 - root - INFO - [31mstep: 16  [32mloss:  3.29589  [38;2;180;60;0mgrad_norm:  5.1250  [38;2;54;234;195mmemory:  6.15GiB(15.58%)  [34mtps: 105  [36mtflops: 0.35  [35mmfu: 0.11%[39m
[titan] 2026-09-10 06:55:45,599 - root - INFO - [31mstep: 17  [32mloss:  3.78231  [38;2;180;60;0mgrad_norm:  5.1250  [38;2;54;234;195mmemory:  6.15GiB(15.58%)  [34mtps: 104  [36mtflops: 0.35  [35mmfu: 0.11%[39m
[titan] 2026-09-10 06:55:45,600 - root - INFO - [31mstep: 17  [32mloss:  3.78231  [38;2;180;60;0mgrad_norm:  5.1250  [38;2;54;234;195mmemory:  6.15GiB(15.58%)  [34mtps: 104  [36mtflops: 0.35  [35mmfu: 0.11%[39m
[titan] 2026-09-10 06:55:46,840 - root - INFO - [31mstep: 18  [32mloss:  3.45329  [38;2;180;60;0mgrad_norm:  7.5938  [38;2;54;234;195mmemory:  6.15GiB(15.58%)  [34mtps: 103  [36mtflops: 0.34  [35mmfu: 0.11%[39m
[titan] 2026-09-10 06:55:46,843 - root - INFO - [31mstep: 18  [32mloss:  3.45329  [38;2;180;60;0mgrad_norm:  7.5938  [38;2;54;234;195mmemory:  6.15GiB(15.58%)  [34mtps: 103  [36mtflops: 0.34  [35mmfu: 0.11%[39m
[titan] 2026-09-10 06:55:48,074 - root - INFO - [31mstep: 19  [32mloss:  3.29821  [38;2;180;60;0mgrad_norm:  6.0312  [38;2;54;234;195mmemory:  6.15GiB(15.58%)  [34mtps: 104  [36mtflops: 0.35  [35mmfu: 0.11%[39m
[titan] 2026-09-10 06:55:48,077 - root - INFO - [31mstep: 19  [32mloss:  3.29821  [38;2;180;60;0mgrad_norm:  6.0312  [38;2;54;234;195mmemory:  6.15GiB(15.58%)  [34mtps: 104  [36mtflops: 0.34  [35mmfu: 0.11%[39m
[titan] 2026-09-10 06:55:49,304 - root - INFO - [31mstep: 20  [32mloss:  3.26254  [38;2;180;60;0mgrad_norm:  6.1562  [38;2;54;234;195mmemory:  6.15GiB(15.58%)  [34mtps: 104  [36mtflops: 0.35  [35mmfu: 0.11%[39m
[titan] 2026-09-10 06:55:49,307 - root - INFO - [31mstep: 20  [32mloss:  3.26254  [38;2;180;60;0mgrad_norm:  6.1562  [38;2;54;234;195mmemory:  6.15GiB(15.58%)  [34mtps: 104  [36mtflops: 0.35  [35mmfu: 0.11%[39m
[titan] 2026-09-10 06:55:50,530 - root - INFO - [31mstep: 21  [32mloss:  3.20538  [38;2;180;60;0mgrad_norm:  6.7812  [38;2;54;234;195mmemory:  6.15GiB(15.58%)  [34mtps: 105  [36mtflops: 0.35  [35mmfu: 0.11%[39m
[titan] 2026-09-10 06:55:50,531 - root - INFO - [31mstep: 21  [32mloss:  3.20538  [38;2;180;60;0mgrad_norm:  6.7812  [38;2;54;234;195mmemory:  6.15GiB(15.58%)  [34mtps: 105  [36mtflops: 0.35  [35mmfu: 0.11%[39m
[titan] 2026-09-10 06:55:51,753 - root - INFO - [31mstep: 22  [32mloss:  3.62521  [38;2;180;60;0mgrad_norm:  7.3750  [38;2;54;234;195mmemory:  6.15GiB(15.58%)  [34mtps: 105  [36mtflops: 0.35  [35mmfu: 0.11%[39m
[titan] 2026-09-10 06:55:51,754 - root - INFO - [31mstep: 22  [32mloss:  3.62521  [38;2;180;60;0mgrad_norm:  7.3750  [38;2;54;234;195mmemory:  6.15GiB(15.58%)  [34mtps: 105  [36mtflops: 0.35  [35mmfu: 0.11%[39m
[titan] 2026-09-10 06:55:53,000 - root - INFO - [31mstep: 23  [32mloss:  2.95612  [38;2;180;60;0mgrad_norm:  5.3750  [38;2;54;234;195mmemory:  6.15GiB(15.58%)  [34mtps: 103  [36mtflops: 0.34  [35mmfu: 0.11%[39m
[titan] 2026-09-10 06:55:53,003 - root - INFO - [31mstep: 23  [32mloss:  2.95612  [38;2;180;60;0mgrad_norm:  5.3750  [38;2;54;234;195mmemory:  6.15GiB(15.58%)  [34mtps: 103  [36mtflops: 0.34  [35mmfu: 0.11%[39m
[titan] 2026-09-10 06:55:54,242 - root - INFO - [31mstep: 24  [32mloss:  2.45450  [38;2;180;60;0mgrad_norm:  5.9688  [38;2;54;234;195mmemory:  6.15GiB(15.58%)  [34mtps: 103  [36mtflops: 0.34  [35mmfu: 0.11%[39m
[titan] 2026-09-10 06:55:54,242 - root - INFO - [31mstep: 24  [32mloss:  2.45450  [38;2;180;60;0mgrad_norm:  5.9688  [38;2;54;234;195mmemory:  6.15GiB(15.58%)  [34mtps: 103  [36mtflops: 0.34  [35mmfu: 0.11%[39m
[titan] 2026-09-10 06:55:55,490 - root - INFO - [31mstep: 25  [32mloss:  2.97934  [38;2;180;60;0mgrad_norm:  4.5000  [38;2;54;234;195mmemory:  6.15GiB(15.58%)  [34mtps: 103  [36mtflops: 0.34  [35mmfu: 0.11%[39m
[titan] 2026-09-10 06:55:55,494 - root - INFO - [31mstep: 25  [32mloss:  2.97934  [38;2;180;60;0mgrad_norm:  4.5000  [38;2;54;234;195mmemory:  6.15GiB(15.58%)  [34mtps: 102  [36mtflops: 0.34  [35mmfu: 0.11%[39m
[titan] 2026-09-10 06:55:56,756 - root - INFO - [31mstep: 26  [32mloss:  4.36884  [38;2;180;60;0mgrad_norm: 27.1250  [38;2;54;234;195mmemory:  6.15GiB(15.58%)  [34mtps: 101  [36mtflops: 0.34  [35mmfu: 0.11%[39m
[titan] 2026-09-10 06:55:56,758 - root - INFO - [31mstep: 26  [32mloss:  4.36884  [38;2;180;60;0mgrad_norm: 27.1250  [38;2;54;234;195mmemory:  6.15GiB(15.58%)  [34mtps: 101  [36mtflops: 0.34  [35mmfu: 0.11%[39m
[titan] 2026-09-10 06:55:58,012 - root - INFO - [31mstep: 27  [32mloss:  3.75299  [38;2;180;60;0mgrad_norm:  8.3125  [38;2;54;234;195mmemory:  6.15GiB(15.58%)  [34mtps: 102  [36mtflops: 0.34  [35mmfu: 0.11%[39m
[titan] 2026-09-10 06:55:58,014 - root - INFO - [31mstep: 27  [32mloss:  3.75299  [38;2;180;60;0mgrad_norm:  8.3125  [38;2;54;234;195mmemory:  6.15GiB(15.58%)  [34mtps: 102  [36mtflops: 0.34  [35mmfu: 0.11%[39m
[titan] 2026-09-10 06:55:59,259 - root - INFO - [31mstep: 28  [32mloss:  3.24733  [38;2;180;60;0mgrad_norm:  6.4688  [38;2;54;234;195mmemory:  6.15GiB(15.58%)  [34mtps: 103  [36mtflops: 0.34  [35mmfu: 0.11%[39m
[titan] 2026-09-10 06:55:59,259 - root - INFO - [31mstep: 28  [32mloss:  3.24733  [38;2;180;60;0mgrad_norm:  6.4688  [38;2;54;234;195mmemory:  6.15GiB(15.58%)  [34mtps: 103  [36mtflops: 0.34  [35mmfu: 0.11%[39m
[titan] 2026-09-10 06:56:00,502 - root - INFO - [31mstep: 29  [32mloss:  3.23595  [38;2;180;60;0mgrad_norm: 12.9375  [38;2;54;234;195mmemory:  6.15GiB(15.58%)  [34mtps: 103  [36mtflops: 0.34  [35mmfu: 0.11%[39m
[titan] 2026-09-10 06:56:00,504 - root - INFO - [31mstep: 29  [32mloss:  3.23595  [38;2;180;60;0mgrad_norm: 12.9375  [38;2;54;234;195mmemory:  6.15GiB(15.58%)  [34mtps: 103  [36mtflops: 0.34  [35mmfu: 0.11%[39m
[titan] 2026-09-10 06:56:01,763 - root - INFO - [31mstep: 30  [32mloss:  3.37647  [38;2;180;60;0mgrad_norm:  9.0625  [38;2;54;234;195mmemory:  6.15GiB(15.58%)  [34mtps: 102  [36mtflops: 0.34  [35mmfu: 0.11%[39m
[titan] 2026-09-10 06:56:01,764 - root - INFO - [31mstep: 30  [32mloss:  3.37647  [38;2;180;60;0mgrad_norm:  9.0625  [38;2;54;234;195mmemory:  6.15GiB(15.58%)  [34mtps: 102  [36mtflops: 0.34  [35mmfu: 0.11%[39m
[titan] 2026-09-10 06:56:03,017 - root - INFO - [31mstep: 31  [32mloss:  3.43771  [38;2;180;60;0mgrad_norm: 18.7500  [38;2;54;234;195mmemory:  6.15GiB(15.58%)  [34mtps: 102  [36mtflops: 0.34  [35mmfu: 0.11%[39m
[titan] 2026-09-10 06:56:03,019 - root - INFO - [31mstep: 31  [32mloss:  3.43771  [38;2;180;60;0mgrad_norm: 18.7500  [38;2;54;234;195mmemory:  6.15GiB(15.58%)  [34mtps: 102  [36mtflops: 0.34  [35mmfu: 0.11%[39m
[titan] 2026-09-10 06:56:04,265 - root - INFO - [31mstep: 32  [32mloss:  3.20868  [38;2;180;60;0mgrad_norm:  6.3750  [38;2;54;234;195mmemory:  6.15GiB(15.58%)  [34mtps: 103  [36mtflops: 0.34  [35mmfu: 0.11%[39m
[titan] 2026-09-10 06:56:04,266 - root - INFO - [31mstep: 32  [32mloss:  3.20868  [38;2;180;60;0mgrad_norm:  6.3750  [38;2;54;234;195mmemory:  6.15GiB(15.58%)  [34mtps: 103  [36mtflops: 0.34  [35mmfu: 0.11%[39m
[titan] 2026-09-10 06:56:05,520 - root - INFO - [31mstep: 33  [32mloss:  3.58457  [38;2;180;60;0mgrad_norm:  5.6562  [38;2;54;234;195mmemory:  6.15GiB(15.58%)  [34mtps: 102  [36mtflops: 0.34  [35mmfu: 0.11%[39m
[titan] 2026-09-10 06:56:05,521 - root - INFO - [31mstep: 33  [32mloss:  3.58457  [38;2;180;60;0mgrad_norm:  5.6562  [38;2;54;234;195mmemory:  6.15GiB(15.58%)  [34mtps: 102  [36mtflops: 0.34  [35mmfu: 0.11%[39m
[titan] 2026-09-10 06:56:06,769 - root - INFO - [31mstep: 34  [32mloss:  3.21148  [38;2;180;60;0mgrad_norm: 33.0000  [38;2;54;234;195mmemory:  6.15GiB(15.58%)  [34mtps: 103  [36mtflops: 0.34  [35mmfu: 0.11%[39m
[titan] 2026-09-10 06:56:06,771 - root - INFO - [31mstep: 34  [32mloss:  3.21148  [38;2;180;60;0mgrad_norm: 33.0000  [38;2;54;234;195mmemory:  6.15GiB(15.58%)  [34mtps: 102  [36mtflops: 0.34  [35mmfu: 0.11%[39m
[titan] 2026-09-10 06:56:08,028 - root - INFO - [31mstep: 35  [32mloss:  3.13551  [38;2;180;60;0mgrad_norm:  4.0938  [38;2;54;234;195mmemory:  6.15GiB(15.58%)  [34mtps: 102  [36mtflops: 0.34  [35mmfu: 0.11%[39m
[titan] 2026-09-10 06:56:08,029 - root - INFO - [31mstep: 35  [32mloss:  3.13551  [38;2;180;60;0mgrad_norm:  4.0938  [38;2;54;234;195mmemory:  6.15GiB(15.58%)  [34mtps: 102  [36mtflops: 0.34  [35mmfu: 0.11%[39m
[titan] 2026-09-10 06:56:09,282 - root - INFO - [31mstep: 36  [32mloss:  4.78361  [38;2;180;60;0mgrad_norm:  8.7500  [38;2;54;234;195mmemory:  6.15GiB(15.58%)  [34mtps: 102  [36mtflops: 0.34  [35mmfu: 0.11%[39m
[titan] 2026-09-10 06:56:09,284 - root - INFO - [31mstep: 36  [32mloss:  4.78361  [38;2;180;60;0mgrad_norm:  8.7500  [38;2;54;234;195mmemory:  6.15GiB(15.58%)  [34mtps: 102  [36mtflops: 0.34  [35mmfu: 0.11%[39m
[titan] 2026-09-10 06:56:10,536 - root - INFO - [31mstep: 37  [32mloss:  3.17878  [38;2;180;60;0mgrad_norm:  6.9062  [38;2;54;234;195mmemory:  6.15GiB(15.58%)  [34mtps: 102  [36mtflops: 0.34  [35mmfu: 0.11%[39m
[titan] 2026-09-10 06:56:10,537 - root - INFO - [31mstep: 37  [32mloss:  3.17878  [38;2;180;60;0mgrad_norm:  6.9062  [38;2;54;234;195mmemory:  6.15GiB(15.58%)  [34mtps: 102  [36mtflops: 0.34  [35mmfu: 0.11%[39m
[titan] 2026-09-10 06:56:11,793 - root - INFO - [31mstep: 38  [32mloss:  3.12818  [38;2;180;60;0mgrad_norm:  5.0938  [38;2;54;234;195mmemory:  6.15GiB(15.58%)  [34mtps: 102  [36mtflops: 0.34  [35mmfu: 0.11%[39m
[titan] 2026-09-10 06:56:11,794 - root - INFO - [31mstep: 38  [32mloss:  3.12818  [38;2;180;60;0mgrad_norm:  5.0938  [38;2;54;234;195mmemory:  6.15GiB(15.58%)  [34mtps: 102  [36mtflops: 0.34  [35mmfu: 0.11%[39m
[titan] 2026-09-10 06:56:13,043 - root - INFO - [31mstep: 39  [32mloss:  3.09849  [38;2;180;60;0mgrad_norm:  5.3125  [38;2;54;234;195mmemory:  6.15GiB(15.58%)  [34mtps: 103  [36mtflops: 0.34  [35mmfu: 0.11%[39m
[titan] 2026-09-10 06:56:13,045 - root - INFO - [31mstep: 39  [32mloss:  3.09849  [38;2;180;60;0mgrad_norm:  5.3125  [38;2;54;234;195mmemory:  6.15GiB(15.58%)  [34mtps: 102  [36mtflops: 0.34  [35mmfu: 0.11%[39m
[titan] 2026-09-10 06:56:14,299 - root - INFO - [31mstep: 40  [32mloss:  2.55735  [38;2;180;60;0mgrad_norm:  6.7188  [38;2;54;234;195mmemory:  6.15GiB(15.58%)  [34mtps: 102  [36mtflops: 0.34  [35mmfu: 0.11%[39m
[titan] 2026-09-10 06:56:14,300 - root - INFO - [31mstep: 40  [32mloss:  2.55735  [38;2;180;60;0mgrad_norm:  6.7188  [38;2;54;234;195mmemory:  6.15GiB(15.58%)  [34mtps: 102  [36mtflops: 0.34  [35mmfu: 0.11%[39m
[titan] 2026-09-10 06:56:15,558 - root - INFO - [31mstep: 41  [32mloss:  3.66306  [38;2;180;60;0mgrad_norm:  6.0000  [38;2;54;234;195mmemory:  6.15GiB(15.58%)  [34mtps: 102  [36mtflops: 0.34  [35mmfu: 0.11%[39m
[titan] 2026-09-10 06:56:15,561 - root - INFO - [31mstep: 41  [32mloss:  3.66306  [38;2;180;60;0mgrad_norm:  6.0000  [38;2;54;234;195mmemory:  6.15GiB(15.58%)  [34mtps: 102  [36mtflops: 0.34  [35mmfu: 0.11%[39m
[titan] 2026-09-10 06:56:16,817 - root - INFO - [31mstep: 42  [32mloss:  3.20714  [38;2;180;60;0mgrad_norm:  6.2188  [38;2;54;234;195mmemory:  6.15GiB(15.58%)  [34mtps: 102  [36mtflops: 0.34  [35mmfu: 0.11%[39m
[titan] 2026-09-10 06:56:16,817 - root - INFO - [31mstep: 42  [32mloss:  3.20714  [38;2;180;60;0mgrad_norm:  6.2188  [38;2;54;234;195mmemory:  6.15GiB(15.58%)  [34mtps: 102  [36mtflops: 0.34  [35mmfu: 0.11%[39m
[titan] 2026-09-10 06:56:18,065 - root - INFO - [31mstep: 43  [32mloss:  3.34564  [38;2;180;60;0mgrad_norm:  6.2812  [38;2;54;234;195mmemory:  6.15GiB(15.58%)  [34mtps: 103  [36mtflops: 0.34  [35mmfu: 0.11%[39m
[titan] 2026-09-10 06:56:18,068 - root - INFO - [31mstep: 43  [32mloss:  3.34564  [38;2;180;60;0mgrad_norm:  6.2812  [38;2;54;234;195mmemory:  6.15GiB(15.58%)  [34mtps: 102  [36mtflops: 0.34  [35mmfu: 0.11%[39m
[titan] 2026-09-10 06:56:19,319 - root - INFO - [31mstep: 44  [32mloss:  2.73510  [38;2;180;60;0mgrad_norm:  4.4688  [38;2;54;234;195mmemory:  6.15GiB(15.58%)  [34mtps: 102  [36mtflops: 0.34  [35mmfu: 0.11%[39m
[titan] 2026-09-10 06:56:19,319 - root - INFO - [31mstep: 44  [32mloss:  2.73510  [38;2;180;60;0mgrad_norm:  4.4688  [38;2;54;234;195mmemory:  6.15GiB(15.58%)  [34mtps: 102  [36mtflops: 0.34  [35mmfu: 0.11%[39m
[titan] 2026-09-10 06:56:20,573 - root - INFO - [31mstep: 45  [32mloss:  2.81289  [38;2;180;60;0mgrad_norm:  3.9375  [38;2;54;234;195mmemory:  6.15GiB(15.58%)  [34mtps: 102  [36mtflops: 0.34  [35mmfu: 0.11%[39m
[titan] 2026-09-10 06:56:20,574 - root - INFO - [31mstep: 45  [32mloss:  2.81289  [38;2;180;60;0mgrad_norm:  3.9375  [38;2;54;234;195mmemory:  6.15GiB(15.58%)  [34mtps: 102  [36mtflops: 0.34  [35mmfu: 0.11%[39m
[titan] 2026-09-10 06:56:21,828 - root - INFO - [31mstep: 46  [32mloss:  2.42711  [38;2;180;60;0mgrad_norm:  4.9375  [38;2;54;234;195mmemory:  6.15GiB(15.58%)  [34mtps: 102  [36mtflops: 0.34  [35mmfu: 0.11%[39m
[titan] 2026-09-10 06:56:21,830 - root - INFO - [31mstep: 46  [32mloss:  2.42711  [38;2;180;60;0mgrad_norm:  4.9375  [38;2;54;234;195mmemory:  6.15GiB(15.58%)  [34mtps: 102  [36mtflops: 0.34  [35mmfu: 0.11%[39m
[titan] 2026-09-10 06:56:23,096 - root - INFO - [31mstep: 47  [32mloss:  2.93318  [38;2;180;60;0mgrad_norm: 10.0625  [38;2;54;234;195mmemory:  6.15GiB(15.58%)  [34mtps: 101  [36mtflops: 0.34  [35mmfu: 0.11%[39m
[titan] 2026-09-10 06:56:23,099 - root - INFO - [31mstep: 47  [32mloss:  2.93318  [38;2;180;60;0mgrad_norm: 10.0625  [38;2;54;234;195mmemory:  6.15GiB(15.58%)  [34mtps: 101  [36mtflops: 0.33  [35mmfu: 0.11%[39m
[titan] 2026-09-10 06:56:24,337 - root - INFO - [31mstep: 48  [32mloss:  2.47847  [38;2;180;60;0mgrad_norm:  5.9375  [38;2;54;234;195mmemory:  6.15GiB(15.58%)  [34mtps: 103  [36mtflops: 0.34  [35mmfu: 0.11%[39m
[titan] 2026-09-10 06:56:24,338 - root - INFO - [31mstep: 48  [32mloss:  2.47847  [38;2;180;60;0mgrad_norm:  5.9375  [38;2;54;234;195mmemory:  6.15GiB(15.58%)  [34mtps: 103  [36mtflops: 0.34  [35mmfu: 0.11%[39m
[titan] 2026-09-10 06:56:25,592 - root - INFO - [31mstep: 49  [32mloss:  5.01775  [38;2;180;60;0mgrad_norm:  6.9375  [38;2;54;234;195mmemory:  6.15GiB(15.58%)  [34mtps: 102  [36mtflops: 0.34  [35mmfu: 0.11%[39m
[titan] 2026-09-10 06:56:25,594 - root - INFO - [31mstep: 49  [32mloss:  5.01775  [38;2;180;60;0mgrad_norm:  6.9375  [38;2;54;234;195mmemory:  6.15GiB(15.58%)  [34mtps: 102  [36mtflops: 0.34  [35mmfu: 0.11%[39m
[titan] 2026-09-10 06:56:25,932 - root - INFO - [GC] Performing periodic GC collection took 0.33 seconds
[titan] 2026-09-10 06:56:25,943 - root - INFO - [GC] Performing periodic GC collection took 0.34 seconds
[titan] 2026-09-10 06:56:27,182 - root - INFO - [31mstep: 50  [32mloss:  2.86818  [38;2;180;60;0mgrad_norm:  4.5938  [38;2;54;234;195mmemory:  6.15GiB(15.58%)  [34mtps: 81  [36mtflops: 0.27  [35mmfu: 0.09%[39m
[titan] 2026-09-10 06:56:27,183 - root - INFO - [31mstep: 50  [32mloss:  2.86818  [38;2;180;60;0mgrad_norm:  4.5938  [38;2;54;234;195mmemory:  6.15GiB(15.58%)  [34mtps: 81  [36mtflops: 0.27  [35mmfu: 0.09%[39m
[titan] 2026-09-10 06:56:28,423 - root - INFO - [31mstep: 51  [32mloss:  3.29598  [38;2;180;60;0mgrad_norm:  6.0000  [38;2;54;234;195mmemory:  6.15GiB(15.58%)  [34mtps: 103  [36mtflops: 0.34  [35mmfu: 0.11%[39m
[titan] 2026-09-10 06:56:28,424 - root - INFO - [31mstep: 51  [32mloss:  3.29598  [38;2;180;60;0mgrad_norm:  6.0000  [38;2;54;234;195mmemory:  6.15GiB(15.58%)  [34mtps: 103  [36mtflops: 0.34  [35mmfu: 0.11%[39m
[titan] 2026-09-10 06:56:29,675 - root - INFO - [31mstep: 52  [32mloss:  3.04846  [38;2;180;60;0mgrad_norm:  5.9062  [38;2;54;234;195mmemory:  6.15GiB(15.58%)  [34mtps: 102  [36mtflops: 0.34  [35mmfu: 0.11%[39m
[titan] 2026-09-10 06:56:29,677 - root - INFO - [31mstep: 52  [32mloss:  3.04846  [38;2;180;60;0mgrad_norm:  5.9062  [38;2;54;234;195mmemory:  6.15GiB(15.58%)  [34mtps: 102  [36mtflops: 0.34  [35mmfu: 0.11%[39m
[titan] 2026-09-10 06:56:30,923 - root - INFO - [31mstep: 53  [32mloss:  2.48713  [38;2;180;60;0mgrad_norm:  9.4375  [38;2;54;234;195mmemory:  6.15GiB(15.58%)  [34mtps: 103  [36mtflops: 0.34  [35mmfu: 0.11%[39m
[titan] 2026-09-10 06:56:30,924 - root - INFO - [31mstep: 53  [32mloss:  2.48713  [38;2;180;60;0mgrad_norm:  9.4375  [38;2;54;234;195mmemory:  6.15GiB(15.58%)  [34mtps: 103  [36mtflops: 0.34  [35mmfu: 0.11%[39m
[titan] 2026-09-10 06:56:32,171 - root - INFO - [31mstep: 54  [32mloss:  2.25048  [38;2;180;60;0mgrad_norm:  5.1250  [38;2;54;234;195mmemory:  6.15GiB(15.58%)  [34mtps: 103  [36mtflops: 0.34  [35mmfu: 0.11%[39m
[titan] 2026-09-10 06:56:32,172 - root - INFO - [31mstep: 54  [32mloss:  2.25048  [38;2;180;60;0mgrad_norm:  5.1250  [38;2;54;234;195mmemory:  6.15GiB(15.58%)  [34mtps: 103  [36mtflops: 0.34  [35mmfu: 0.11%[39m
[titan] 2026-09-10 06:56:33,423 - root - INFO - [31mstep: 55  [32mloss:  1.99724  [38;2;180;60;0mgrad_norm:  5.9375  [38;2;54;234;195mmemory:  6.15GiB(15.58%)  [34mtps: 102  [36mtflops: 0.34  [35mmfu: 0.11%[39m
[titan] 2026-09-10 06:56:33,423 - root - INFO - [31mstep: 55  [32mloss:  1.99724  [38;2;180;60;0mgrad_norm:  5.9375  [38;2;54;234;195mmemory:  6.15GiB(15.58%)  [34mtps: 102  [36mtflops: 0.34  [35mmfu: 0.11%[39m
[titan] 2026-09-10 06:56:34,666 - root - INFO - [31mstep: 56  [32mloss:  2.59002  [38;2;180;60;0mgrad_norm:  5.6562  [38;2;54;234;195mmemory:  6.15GiB(15.58%)  [34mtps: 103  [36mtflops: 0.34  [35mmfu: 0.11%[39m
[titan] 2026-09-10 06:56:34,667 - root - INFO - [31mstep: 56  [32mloss:  2.59002  [38;2;180;60;0mgrad_norm:  5.6562  [38;2;54;234;195mmemory:  6.15GiB(15.58%)  [34mtps: 103  [36mtflops: 0.34  [35mmfu: 0.11%[39m
[titan] 2026-09-10 06:56:35,915 - root - INFO - [31mstep: 57  [32mloss:  2.94691  [38;2;180;60;0mgrad_norm:  5.9375  [38;2;54;234;195mmemory:  6.15GiB(15.58%)  [34mtps: 103  [36mtflops: 0.34  [35mmfu: 0.11%[39m
[titan] 2026-09-10 06:56:35,915 - root - INFO - [31mstep: 57  [32mloss:  2.94691  [38;2;180;60;0mgrad_norm:  5.9375  [38;2;54;234;195mmemory:  6.15GiB(15.58%)  [34mtps: 103  [36mtflops: 0.34  [35mmfu: 0.11%[39m
[titan] 2026-09-10 06:56:37,181 - root - INFO - [31mstep: 58  [32mloss:  1.59659  [38;2;180;60;0mgrad_norm:  5.0625  [38;2;54;234;195mmemory:  6.15GiB(15.58%)  [34mtps: 101  [36mtflops: 0.34  [35mmfu: 0.11%[39m
[titan] 2026-09-10 06:56:37,183 - root - INFO - [31mstep: 58  [32mloss:  1.59659  [38;2;180;60;0mgrad_norm:  5.0625  [38;2;54;234;195mmemory:  6.15GiB(15.58%)  [34mtps: 101  [36mtflops: 0.34  [35mmfu: 0.11%[39m
[titan] 2026-09-10 06:56:38,453 - root - INFO - [31mstep: 59  [32mloss:  3.44660  [38;2;180;60;0mgrad_norm: 10.9375  [38;2;54;234;195mmemory:  6.15GiB(15.58%)  [34mtps: 101  [36mtflops: 0.34  [35mmfu: 0.11%[39m
[titan] 2026-09-10 06:56:38,455 - root - INFO - [31mstep: 59  [32mloss:  3.44660  [38;2;180;60;0mgrad_norm: 10.9375  [38;2;54;234;195mmemory:  6.15GiB(15.58%)  [34mtps: 101  [36mtflops: 0.33  [35mmfu: 0.11%[39m
[titan] 2026-09-10 06:56:39,704 - root - INFO - [31mstep: 60  [32mloss:  1.15405  [38;2;180;60;0mgrad_norm:  3.5781  [38;2;54;234;195mmemory:  6.15GiB(15.58%)  [34mtps: 103  [36mtflops: 0.34  [35mmfu: 0.11%[39m
[titan] 2026-09-10 06:56:39,705 - root - INFO - [31mstep: 60  [32mloss:  1.15405  [38;2;180;60;0mgrad_norm:  3.5781  [38;2;54;234;195mmemory:  6.15GiB(15.58%)  [34mtps: 102  [36mtflops: 0.34  [35mmfu: 0.11%[39m
[titan] 2026-09-10 06:56:40,960 - root - INFO - [31mstep: 61  [32mloss:  2.84510  [38;2;180;60;0mgrad_norm:  4.5312  [38;2;54;234;195mmemory:  6.15GiB(15.58%)  [34mtps: 102  [36mtflops: 0.34  [35mmfu: 0.11%[39m
[titan] 2026-09-10 06:56:40,960 - root - INFO - [31mstep: 61  [32mloss:  2.84510  [38;2;180;60;0mgrad_norm:  4.5312  [38;2;54;234;195mmemory:  6.15GiB(15.58%)  [34mtps: 102  [36mtflops: 0.34  [35mmfu: 0.11%[39m
[titan] 2026-09-10 06:56:42,229 - root - INFO - [31mstep: 62  [32mloss:  3.16272  [38;2;180;60;0mgrad_norm:  4.2500  [38;2;54;234;195mmemory:  6.15GiB(15.58%)  [34mtps: 101  [36mtflops: 0.34  [35mmfu: 0.11%[39m
[titan] 2026-09-10 06:56:42,229 - root - INFO - [31mstep: 62  [32mloss:  3.16272  [38;2;180;60;0mgrad_norm:  4.2500  [38;2;54;234;195mmemory:  6.15GiB(15.58%)  [34mtps: 101  [36mtflops: 0.34  [35mmfu: 0.11%[39m
[titan] 2026-09-10 06:56:43,484 - root - INFO - [31mstep: 63  [32mloss:  2.62111  [38;2;180;60;0mgrad_norm:  4.6562  [38;2;54;234;195mmemory:  6.15GiB(15.58%)  [34mtps: 102  [36mtflops: 0.34  [35mmfu: 0.11%[39m
[titan] 2026-09-10 06:56:43,485 - root - INFO - [31mstep: 63  [32mloss:  2.62111  [38;2;180;60;0mgrad_norm:  4.6562  [38;2;54;234;195mmemory:  6.15GiB(15.58%)  [34mtps: 102  [36mtflops: 0.34  [35mmfu: 0.11%[39m
[titan] 2026-09-10 06:56:44,763 - root - INFO - [31mstep: 64  [32mloss:  2.18972  [38;2;180;60;0mgrad_norm:  4.1250  [38;2;54;234;195mmemory:  6.15GiB(15.58%)  [34mtps: 100  [36mtflops: 0.33  [35mmfu: 0.11%[39m
[titan] 2026-09-10 06:56:44,765 - root - INFO - [31mstep: 64  [32mloss:  2.18972  [38;2;180;60;0mgrad_norm:  4.1250  [38;2;54;234;195mmemory:  6.15GiB(15.58%)  [34mtps: 100  [36mtflops: 0.33  [35mmfu: 0.11%[39m
[titan] 2026-09-10 06:56:46,046 - root - INFO - [31mstep: 65  [32mloss:  2.83231  [38;2;180;60;0mgrad_norm:  3.8750  [38;2;54;234;195mmemory:  6.15GiB(15.58%)  [34mtps: 100  [36mtflops: 0.33  [35mmfu: 0.11%[39m
[titan] 2026-09-10 06:56:46,047 - root - INFO - [31mstep: 65  [32mloss:  2.83231  [38;2;180;60;0mgrad_norm:  3.8750  [38;2;54;234;195mmemory:  6.15GiB(15.58%)  [34mtps: 100  [36mtflops: 0.33  [35mmfu: 0.11%[39m
[titan] 2026-09-10 06:56:47,315 - root - INFO - [31mstep: 66  [32mloss:  3.02410  [38;2;180;60;0mgrad_norm:  3.2031  [38;2;54;234;195mmemory:  6.15GiB(15.58%)  [34mtps: 101  [36mtflops: 0.34  [35mmfu: 0.11%[39m
[titan] 2026-09-10 06:56:47,316 - root - INFO - [31mstep: 66  [32mloss:  3.02410  [38;2;180;60;0mgrad_norm:  3.2031  [38;2;54;234;195mmemory:  6.15GiB(15.58%)  [34mtps: 101  [36mtflops: 0.34  [35mmfu: 0.11%[39m
[titan] 2026-09-10 06:56:48,582 - root - INFO - [31mstep: 67  [32mloss:  1.62189  [38;2;180;60;0mgrad_norm:  4.3438  [38;2;54;234;195mmemory:  6.15GiB(15.58%)  [34mtps: 101  [36mtflops: 0.34  [35mmfu: 0.11%[39m
[titan] 2026-09-10 06:56:48,586 - root - INFO - [31mstep: 67  [32mloss:  1.62189  [38;2;180;60;0mgrad_norm:  4.3438  [38;2;54;234;195mmemory:  6.15GiB(15.58%)  [34mtps: 101  [36mtflops: 0.33  [35mmfu: 0.11%[39m
[titan] 2026-09-10 06:56:49,858 - root - INFO - [31mstep: 68  [32mloss:  2.66445  [38;2;180;60;0mgrad_norm:  3.4688  [38;2;54;234;195mmemory:  6.15GiB(15.58%)  [34mtps: 101  [36mtflops: 0.33  [35mmfu: 0.11%[39m
[titan] 2026-09-10 06:56:49,860 - root - INFO - [31mstep: 68  [32mloss:  2.66445  [38;2;180;60;0mgrad_norm:  3.4688  [38;2;54;234;195mmemory:  6.15GiB(15.58%)  [34mtps: 100  [36mtflops: 0.33  [35mmfu: 0.11%[39m
[titan] 2026-09-10 06:56:51,123 - root - INFO - [31mstep: 69  [32mloss:  3.85500  [38;2;180;60;0mgrad_norm:  4.6250  [38;2;54;234;195mmemory:  6.15GiB(15.58%)  [34mtps: 101  [36mtflops: 0.34  [35mmfu: 0.11%[39m
[titan] 2026-09-10 06:56:51,124 - root - INFO - [31mstep: 69  [32mloss:  3.85500  [38;2;180;60;0mgrad_norm:  4.6250  [38;2;54;234;195mmemory:  6.15GiB(15.58%)  [34mtps: 101  [36mtflops: 0.34  [35mmfu: 0.11%[39m
[titan] 2026-09-10 06:56:52,393 - root - INFO - [31mstep: 70  [32mloss:  2.06804  [38;2;180;60;0mgrad_norm:  3.6094  [38;2;54;234;195mmemory:  6.15GiB(15.58%)  [34mtps: 101  [36mtflops: 0.34  [35mmfu: 0.11%[39m
[titan] 2026-09-10 06:56:52,394 - root - INFO - [31mstep: 70  [32mloss:  2.06804  [38;2;180;60;0mgrad_norm:  3.6094  [38;2;54;234;195mmemory:  6.15GiB(15.58%)  [34mtps: 101  [36mtflops: 0.34  [35mmfu: 0.11%[39m
[titan] 2026-09-10 06:56:53,741 - root - INFO - [31mstep: 71  [32mloss:  2.34757  [38;2;180;60;0mgrad_norm:  3.7344  [38;2;54;234;195mmemory:  6.15GiB(15.58%)  [34mtps: 95  [36mtflops: 0.32  [35mmfu: 0.10%[39m
[titan] 2026-09-10 06:56:53,750 - root - INFO - [31mstep: 71  [32mloss:  2.34757  [38;2;180;60;0mgrad_norm:  3.7344  [38;2;54;234;195mmemory:  6.15GiB(15.58%)  [34mtps: 94  [36mtflops: 0.31  [35mmfu: 0.10%[39m
[titan] 2026-09-10 06:56:55,071 - root - INFO - [31mstep: 72  [32mloss:  3.88020  [38;2;180;60;0mgrad_norm:  6.4375  [38;2;54;234;195mmemory:  6.15GiB(15.58%)  [34mtps: 96  [36mtflops: 0.32  [35mmfu: 0.10%[39m
[titan] 2026-09-10 06:56:55,073 - root - INFO - [31mstep: 72  [32mloss:  3.88020  [38;2;180;60;0mgrad_norm:  6.4375  [38;2;54;234;195mmemory:  6.15GiB(15.58%)  [34mtps: 97  [36mtflops: 0.32  [35mmfu: 0.10%[39m
[titan] 2026-09-10 06:56:56,393 - root - INFO - [31mstep: 73  [32mloss:  1.64339  [38;2;180;60;0mgrad_norm:  4.2500  [38;2;54;234;195mmemory:  6.15GiB(15.58%)  [34mtps: 97  [36mtflops: 0.32  [35mmfu: 0.10%[39m
[titan] 2026-09-10 06:56:56,400 - root - INFO - [31mstep: 73  [32mloss:  1.64339  [38;2;180;60;0mgrad_norm:  4.2500  [38;2;54;234;195mmemory:  6.15GiB(15.58%)  [34mtps: 97  [36mtflops: 0.32  [35mmfu: 0.10%[39m
[titan] 2026-09-10 06:56:57,731 - root - INFO - [31mstep: 74  [32mloss:  3.03961  [38;2;180;60;0mgrad_norm:  7.0938  [38;2;54;234;195mmemory:  6.15GiB(15.58%)  [34mtps: 96  [36mtflops: 0.32  [35mmfu: 0.10%[39m
[titan] 2026-09-10 06:56:57,735 - root - INFO - [31mstep: 74  [32mloss:  3.03961  [38;2;180;60;0mgrad_norm:  7.0938  [38;2;54;234;195mmemory:  6.15GiB(15.58%)  [34mtps: 96  [36mtflops: 0.32  [35mmfu: 0.10%[39m
[titan] 2026-09-10 06:56:59,043 - root - INFO - [31mstep: 75  [32mloss:  0.76872  [38;2;180;60;0mgrad_norm:  2.5625  [38;2;54;234;195mmemory:  6.15GiB(15.58%)  [34mtps: 98  [36mtflops: 0.32  [35mmfu: 0.10%[39m
[titan] 2026-09-10 06:56:59,045 - root - INFO - [31mstep: 75  [32mloss:  0.76872  [38;2;180;60;0mgrad_norm:  2.5625  [38;2;54;234;195mmemory:  6.15GiB(15.58%)  [34mtps: 98  [36mtflops: 0.33  [35mmfu: 0.10%[39m
[titan] 2026-09-10 06:57:00,346 - root - INFO - [31mstep: 76  [32mloss:  3.03644  [38;2;180;60;0mgrad_norm:  5.9062  [38;2;54;234;195mmemory:  6.15GiB(15.58%)  [34mtps: 98  [36mtflops: 0.33  [35mmfu: 0.10%[39m
[titan] 2026-09-10 06:57:00,349 - root - INFO - [31mstep: 76  [32mloss:  3.03644  [38;2;180;60;0mgrad_norm:  5.9062  [38;2;54;234;195mmemory:  6.15GiB(15.58%)  [34mtps: 98  [36mtflops: 0.33  [35mmfu: 0.10%[39m
[titan] 2026-09-10 06:57:01,656 - root - INFO - [31mstep: 77  [32mloss:  2.90596  [38;2;180;60;0mgrad_norm:  4.3125  [38;2;54;234;195mmemory:  6.15GiB(15.58%)  [34mtps: 98  [36mtflops: 0.32  [35mmfu: 0.10%[39m
[titan] 2026-09-10 06:57:01,658 - root - INFO - [31mstep: 77  [32mloss:  2.90596  [38;2;180;60;0mgrad_norm:  4.3125  [38;2;54;234;195mmemory:  6.15GiB(15.58%)  [34mtps: 98  [36mtflops: 0.33  [35mmfu: 0.10%[39m
[titan] 2026-09-10 06:57:02,958 - root - INFO - [31mstep: 78  [32mloss:  2.24243  [38;2;180;60;0mgrad_norm: 19.2500  [38;2;54;234;195mmemory:  6.15GiB(15.58%)  [34mtps: 98  [36mtflops: 0.33  [35mmfu: 0.10%[39m
[titan] 2026-09-10 06:57:02,961 - root - INFO - [31mstep: 78  [32mloss:  2.24243  [38;2;180;60;0mgrad_norm: 19.2500  [38;2;54;234;195mmemory:  6.15GiB(15.58%)  [34mtps: 98  [36mtflops: 0.33  [35mmfu: 0.10%[39m
[titan] 2026-09-10 06:57:04,267 - root - INFO - [31mstep: 79  [32mloss:  3.69952  [38;2;180;60;0mgrad_norm:  4.4062  [38;2;54;234;195mmemory:  6.15GiB(15.58%)  [34mtps: 98  [36mtflops: 0.33  [35mmfu: 0.10%[39m
[titan] 2026-09-10 06:57:04,269 - root - INFO - [31mstep: 79  [32mloss:  3.69952  [38;2;180;60;0mgrad_norm:  4.4062  [38;2;54;234;195mmemory:  6.15GiB(15.58%)  [34mtps: 98  [36mtflops: 0.33  [35mmfu: 0.10%[39m
[titan] 2026-09-10 06:57:05,582 - root - INFO - [31mstep: 80  [32mloss:  3.16715  [38;2;180;60;0mgrad_norm:  3.9688  [38;2;54;234;195mmemory:  6.15GiB(15.58%)  [34mtps: 97  [36mtflops: 0.32  [35mmfu: 0.10%[39m
[titan] 2026-09-10 06:57:05,584 - root - INFO - [31mstep: 80  [32mloss:  3.16715  [38;2;180;60;0mgrad_norm:  3.9688  [38;2;54;234;195mmemory:  6.15GiB(15.58%)  [34mtps: 97  [36mtflops: 0.32  [35mmfu: 0.10%[39m
[titan] 2026-09-10 06:57:06,891 - root - INFO - [31mstep: 81  [32mloss:  1.60366  [38;2;180;60;0mgrad_norm:  4.0000  [38;2;54;234;195mmemory:  6.15GiB(15.58%)  [34mtps: 98  [36mtflops: 0.33  [35mmfu: 0.10%[39m
[titan] 2026-09-10 06:57:06,892 - root - INFO - [31mstep: 81  [32mloss:  1.60366  [38;2;180;60;0mgrad_norm:  4.0000  [38;2;54;234;195mmemory:  6.15GiB(15.58%)  [34mtps: 98  [36mtflops: 0.33  [35mmfu: 0.10%[39m
[titan] 2026-09-10 06:57:08,199 - root - INFO - [31mstep: 82  [32mloss:  2.19652  [38;2;180;60;0mgrad_norm:  4.3125  [38;2;54;234;195mmemory:  6.15GiB(15.58%)  [34mtps: 98  [36mtflops: 0.33  [35mmfu: 0.10%[39m
[titan] 2026-09-10 06:57:08,203 - root - INFO - [31mstep: 82  [32mloss:  2.19652  [38;2;180;60;0mgrad_norm:  4.3125  [38;2;54;234;195mmemory:  6.15GiB(15.58%)  [34mtps: 98  [36mtflops: 0.32  [35mmfu: 0.10%[39m
[titan] 2026-09-10 06:57:09,501 - root - INFO - [31mstep: 83  [32mloss:  0.86055  [38;2;180;60;0mgrad_norm:  2.9688  [38;2;54;234;195mmemory:  6.15GiB(15.58%)  [34mtps: 98  [36mtflops: 0.33  [35mmfu: 0.10%[39m
[titan] 2026-09-10 06:57:09,504 - root - INFO - [31mstep: 83  [32mloss:  0.86055  [38;2;180;60;0mgrad_norm:  2.9688  [38;2;54;234;195mmemory:  6.15GiB(15.58%)  [34mtps: 98  [36mtflops: 0.33  [35mmfu: 0.10%[39m
[titan] 2026-09-10 06:57:10,814 - root - INFO - [31mstep: 84  [32mloss:  2.94627  [38;2;180;60;0mgrad_norm:  5.7188  [38;2;54;234;195mmemory:  6.15GiB(15.58%)  [34mtps: 98  [36mtflops: 0.32  [35mmfu: 0.10%[39m
[titan] 2026-09-10 06:57:10,815 - root - INFO - [31mstep: 84  [32mloss:  2.94627  [38;2;180;60;0mgrad_norm:  5.7188  [38;2;54;234;195mmemory:  6.15GiB(15.58%)  [34mtps: 98  [36mtflops: 0.32  [35mmfu: 0.10%[39m
[titan] 2026-09-10 06:57:12,122 - root - INFO - [31mstep: 85  [32mloss:  2.64065  [38;2;180;60;0mgrad_norm:  4.2188  [38;2;54;234;195mmemory:  6.15GiB(15.58%)  [34mtps: 98  [36mtflops: 0.33  [35mmfu: 0.10%[39m
[titan] 2026-09-10 06:57:12,125 - root - INFO - [31mstep: 85  [32mloss:  2.64065  [38;2;180;60;0mgrad_norm:  4.2188  [38;2;54;234;195mmemory:  6.15GiB(15.58%)  [34mtps: 98  [36mtflops: 0.32  [35mmfu: 0.10%[39m
[titan] 2026-09-10 06:57:13,429 - root - INFO - [31mstep: 86  [32mloss:  3.20670  [38;2;180;60;0mgrad_norm:  4.6250  [38;2;54;234;195mmemory:  6.15GiB(15.58%)  [34mtps: 98  [36mtflops: 0.33  [35mmfu: 0.10%[39m
[titan] 2026-09-10 06:57:13,431 - root - INFO - [31mstep: 86  [32mloss:  3.20670  [38;2;180;60;0mgrad_norm:  4.6250  [38;2;54;234;195mmemory:  6.15GiB(15.58%)  [34mtps: 98  [36mtflops: 0.33  [35mmfu: 0.10%[39m
[titan] 2026-09-10 06:57:14,705 - root - INFO - [31mstep: 87  [32mloss:  2.77675  [38;2;180;60;0mgrad_norm:  2.8438  [38;2;54;234;195mmemory:  6.15GiB(15.58%)  [34mtps: 100  [36mtflops: 0.33  [35mmfu: 0.11%[39m
[titan] 2026-09-10 06:57:14,706 - root - INFO - [31mstep: 87  [32mloss:  2.77675  [38;2;180;60;0mgrad_norm:  2.8438  [38;2;54;234;195mmemory:  6.15GiB(15.58%)  [34mtps: 100  [36mtflops: 0.33  [35mmfu: 0.11%[39m
[titan] 2026-09-10 06:57:15,973 - root - INFO - [31mstep: 88  [32mloss:  0.74357  [38;2;180;60;0mgrad_norm:  2.9062  [38;2;54;234;195mmemory:  6.15GiB(15.58%)  [34mtps: 101  [36mtflops: 0.34  [35mmfu: 0.11%[39m
[titan] 2026-09-10 06:57:15,974 - root - INFO - [31mstep: 88  [32mloss:  0.74357  [38;2;180;60;0mgrad_norm:  2.9062  [38;2;54;234;195mmemory:  6.15GiB(15.58%)  [34mtps: 101  [36mtflops: 0.34  [35mmfu: 0.11%[39m
[titan] 2026-09-10 06:57:17,236 - root - INFO - [31mstep: 89  [32mloss:  2.34607  [38;2;180;60;0mgrad_norm:  4.2500  [38;2;54;234;195mmemory:  6.15GiB(15.58%)  [34mtps: 101  [36mtflops: 0.34  [35mmfu: 0.11%[39m
[titan] 2026-09-10 06:57:17,237 - root - INFO - [31mstep: 89  [32mloss:  2.34607  [38;2;180;60;0mgrad_norm:  4.2500  [38;2;54;234;195mmemory:  6.15GiB(15.58%)  [34mtps: 101  [36mtflops: 0.34  [35mmfu: 0.11%[39m
[titan] 2026-09-10 06:57:18,497 - root - INFO - [31mstep: 90  [32mloss:  0.61996  [38;2;180;60;0mgrad_norm:  2.4062  [38;2;54;234;195mmemory:  6.15GiB(15.58%)  [34mtps: 102  [36mtflops: 0.34  [35mmfu: 0.11%[39m
[titan] 2026-09-10 06:57:18,497 - root - INFO - [31mstep: 90  [32mloss:  0.61996  [38;2;180;60;0mgrad_norm:  2.4062  [38;2;54;234;195mmemory:  6.15GiB(15.58%)  [34mtps: 101  [36mtflops: 0.34  [35mmfu: 0.11%[39m
[titan] 2026-09-10 06:57:19,759 - root - INFO - [31mstep: 91  [32mloss:  2.59884  [38;2;180;60;0mgrad_norm:  4.3125  [38;2;54;234;195mmemory:  6.15GiB(15.58%)  [34mtps: 101  [36mtflops: 0.34  [35mmfu: 0.11%[39m
[titan] 2026-09-10 06:57:19,760 - root - INFO - [31mstep: 91  [32mloss:  2.59884  [38;2;180;60;0mgrad_norm:  4.3125  [38;2;54;234;195mmemory:  6.15GiB(15.58%)  [34mtps: 101  [36mtflops: 0.34  [35mmfu: 0.11%[39m
[titan] 2026-09-10 06:57:21,021 - root - INFO - [31mstep: 92  [32mloss:  2.77161  [38;2;180;60;0mgrad_norm:  4.3125  [38;2;54;234;195mmemory:  6.15GiB(15.58%)  [34mtps: 101  [36mtflops: 0.34  [35mmfu: 0.11%[39m
[titan] 2026-09-10 06:57:21,021 - root - INFO - [31mstep: 92  [32mloss:  2.77161  [38;2;180;60;0mgrad_norm:  4.3125  [38;2;54;234;195mmemory:  6.15GiB(15.58%)  [34mtps: 101  [36mtflops: 0.34  [35mmfu: 0.11%[39m
[titan] 2026-09-10 06:57:22,289 - root - INFO - [31mstep: 93  [32mloss:  2.96638  [38;2;180;60;0mgrad_norm:  3.5625  [38;2;54;234;195mmemory:  6.15GiB(15.58%)  [34mtps: 101  [36mtflops: 0.34  [35mmfu: 0.11%[39m
[titan] 2026-09-10 06:57:22,290 - root - INFO - [31mstep: 93  [32mloss:  2.96638  [38;2;180;60;0mgrad_norm:  3.5625  [38;2;54;234;195mmemory:  6.15GiB(15.58%)  [34mtps: 101  [36mtflops: 0.34  [35mmfu: 0.11%[39m
[titan] 2026-09-10 06:57:23,548 - root - INFO - [31mstep: 94  [32mloss:  3.14802  [38;2;180;60;0mgrad_norm:  5.6875  [38;2;54;234;195mmemory:  6.15GiB(15.58%)  [34mtps: 102  [36mtflops: 0.34  [35mmfu: 0.11%[39m
[titan] 2026-09-10 06:57:23,549 - root - INFO - [31mstep: 94  [32mloss:  3.14802  [38;2;180;60;0mgrad_norm:  5.6875  [38;2;54;234;195mmemory:  6.15GiB(15.58%)  [34mtps: 102  [36mtflops: 0.34  [35mmfu: 0.11%[39m
[titan] 2026-09-10 06:57:24,811 - root - INFO - [31mstep: 95  [32mloss:  2.00648  [38;2;180;60;0mgrad_norm:  3.3750  [38;2;54;234;195mmemory:  6.15GiB(15.58%)  [34mtps: 101  [36mtflops: 0.34  [35mmfu: 0.11%[39m
[titan] 2026-09-10 06:57:24,812 - root - INFO - [31mstep: 95  [32mloss:  2.00648  [38;2;180;60;0mgrad_norm:  3.3750  [38;2;54;234;195mmemory:  6.15GiB(15.58%)  [34mtps: 101  [36mtflops: 0.34  [35mmfu: 0.11%[39m
[titan] 2026-09-10 06:57:26,067 - root - INFO - [31mstep: 96  [32mloss:  3.37914  [38;2;180;60;0mgrad_norm:  6.3750  [38;2;54;234;195mmemory:  6.15GiB(15.58%)  [34mtps: 102  [36mtflops: 0.34  [35mmfu: 0.11%[39m
[titan] 2026-09-10 06:57:26,068 - root - INFO - [31mstep: 96  [32mloss:  3.37914  [38;2;180;60;0mgrad_norm:  6.3750  [38;2;54;234;195mmemory:  6.15GiB(15.58%)  [34mtps: 102  [36mtflops: 0.34  [35mmfu: 0.11%[39m
[titan] 2026-09-10 06:57:27,330 - root - INFO - [31mstep: 97  [32mloss:  2.14089  [38;2;180;60;0mgrad_norm:  4.0312  [38;2;54;234;195mmemory:  6.15GiB(15.58%)  [34mtps: 101  [36mtflops: 0.34  [35mmfu: 0.11%[39m
[titan] 2026-09-10 06:57:27,331 - root - INFO - [31mstep: 97  [32mloss:  2.14089  [38;2;180;60;0mgrad_norm:  4.0312  [38;2;54;234;195mmemory:  6.15GiB(15.58%)  [34mtps: 101  [36mtflops: 0.34  [35mmfu: 0.11%[39m
[titan] 2026-09-10 06:57:28,594 - root - INFO - [31mstep: 98  [32mloss:  2.77371  [38;2;180;60;0mgrad_norm:  3.6719  [38;2;54;234;195mmemory:  6.15GiB(15.58%)  [34mtps: 101  [36mtflops: 0.34  [35mmfu: 0.11%[39m
[titan] 2026-09-10 06:57:28,595 - root - INFO - [31mstep: 98  [32mloss:  2.77371  [38;2;180;60;0mgrad_norm:  3.6719  [38;2;54;234;195mmemory:  6.15GiB(15.58%)  [34mtps: 101  [36mtflops: 0.34  [35mmfu: 0.11%[39m
[titan] 2026-09-10 06:57:29,849 - root - INFO - [31mstep: 99  [32mloss:  1.18284  [38;2;180;60;0mgrad_norm:  4.5938  [38;2;54;234;195mmemory:  6.15GiB(15.58%)  [34mtps: 102  [36mtflops: 0.34  [35mmfu: 0.11%[39m
[titan] 2026-09-10 06:57:29,849 - root - INFO - [31mstep: 99  [32mloss:  1.18284  [38;2;180;60;0mgrad_norm:  4.5938  [38;2;54;234;195mmemory:  6.15GiB(15.58%)  [34mtps: 102  [36mtflops: 0.34  [35mmfu: 0.11%[39m
[titan] 2026-09-10 06:57:30,219 - root - INFO - [GC] Performing periodic GC collection took 0.37 seconds
[titan] 2026-09-10 06:57:30,235 - root - INFO - [GC] Performing periodic GC collection took 0.38 seconds
[titan] 2026-09-10 06:57:31,488 - root - INFO - [31mstep: 100  [32mloss:  3.01134  [38;2;180;60;0mgrad_norm:  6.0625  [38;2;54;234;195mmemory:  6.15GiB(15.58%)  [34mtps: 78  [36mtflops: 0.26  [35mmfu: 0.08%[39m
[titan] 2026-09-10 06:57:31,489 - root - INFO - [31mstep: 100  [32mloss:  3.01134  [38;2;180;60;0mgrad_norm:  6.0625  [38;2;54;234;195mmemory:  6.15GiB(15.58%)  [34mtps: 78  [36mtflops: 0.26  [35mmfu: 0.08%[39m
[titan] 2026-09-10 06:57:31,493 - root - INFO - Saving the checkpoint.
[titan] 2026-09-10 06:57:31,493 - root - INFO - Saving a full checkpoint at last step, step 100.
[titan] 2026-09-10 06:57:31,493 - root - INFO - Saving the checkpoint.
[titan] 2026-09-10 06:57:31,493 - root - INFO - Saving a full checkpoint at last step, step 100.
[titan] 2026-09-10 06:57:43,316 - root - INFO - [GC] GC collection invoked by checkpointer. took 0.05 seconds
[titan] 2026-09-10 06:57:43,337 - root - INFO - Last step checkpoint completed in 11.84s
[titan] 2026-09-10 06:57:43,337 - root - INFO - Sleeping 2 seconds for other ranks to complete
[titan] 2026-09-10 06:57:43,713 - root - INFO - [GC] GC collection invoked by checkpointer. took 0.40 seconds
[titan] 2026-09-10 06:57:43,722 - root - INFO - Last step checkpoint completed in 12.23s
[titan] 2026-09-10 06:57:43,723 - root - INFO - Training completed
[titan] 2026-09-10 06:57:43,724 - root - INFO - Destroying the purge thread.
[titan] 2026-09-10 06:57:45,338 - root - INFO - Training completed
[titan] 2026-09-10 06:57:45,339 - root - INFO - Destroying the purge thread.
[titan] 2026-09-10 06:57:46,158 - root - INFO - Process group destroyed
[titan] 2026-09-10 06:57:46,591 - root - INFO - Process group destroyed
