W0912 08:26:29.784000 13568 site-packages/torch/distributed/run.py:982] 
W0912 08:26:29.784000 13568 site-packages/torch/distributed/run.py:982] *****************************************
W0912 08:26:29.784000 13568 site-packages/torch/distributed/run.py:982] Setting OMP_NUM_THREADS environment variable for each process to be 1 in default, to avoid your system being overloaded, please further tune the variable for optimal performance in your application as needed. 
W0912 08:26:29.784000 13568 site-packages/torch/distributed/run.py:982] *****************************************
WARNING:absl:Failed to load jax profiler: No module named 'jax'
WARNING:absl:Failed to load jax profiler: No module named 'jax'
W0912 08:26:37.772000 13716 site-packages/torch/utils/_pytree.py:630] <enum 'KernelPreference'> is an Enum subclass and is now natively supported by torch.compile as an opaque value type. Calling register_constant() on Enum subclasses is deprecated and will be an error in a future release.
W0912 08:26:37.797000 13716 site-packages/torch/utils/_pytree.py:630] <enum 'ScaleCalculationMode'> is an Enum subclass and is now natively supported by torch.compile as an opaque value type. Calling register_constant() on Enum subclasses is deprecated and will be an error in a future release.
W0912 08:26:38.256000 13717 site-packages/torch/utils/_pytree.py:630] <enum 'KernelPreference'> is an Enum subclass and is now natively supported by torch.compile as an opaque value type. Calling register_constant() on Enum subclasses is deprecated and will be an error in a future release.
W0912 08:26:38.281000 13717 site-packages/torch/utils/_pytree.py:630] <enum 'ScaleCalculationMode'> is an Enum subclass and is now natively supported by torch.compile as an opaque value type. Calling register_constant() on Enum subclasses is deprecated and will be an error in a future release.
[titan] 2026-09-12 08:26:38,604 - root - INFO - torchtitan version: 0.0.0+unknown (0.0.0 means __version__ is not defined correctly).
[titan] 2026-09-12 08:26:38,809 - root - INFO - torchtitan version: 0.0.0+unknown (0.0.0 means __version__ is not defined correctly).
[titan] 2026-09-12 08:26:38,892 - root - WARNING - initial_load_model_only=True has no effect without an initial_load_path.
[titan] 2026-09-12 08:26:39,012 - root - WARNING - initial_load_model_only=True has no effect without an initial_load_path.
[titan] 2026-09-12 08:26:39,013 - torchtitan.observability.structured_logger.jsonl_handler - INFO - Structured logging -> JSONL: /workspace/tp_v2_out/k27_dp2/structured_logs/training.global_rank_0.20260912-082639-KJ0A6H.jsonl
[titan] 2026-09-12 08:26:39,103 - root - WARNING - initial_load_model_only=True has no effect without an initial_load_path.
[titan] 2026-09-12 08:26:39,194 - root - WARNING - ENV[TORCH_NCCL_ASYNC_ERROR_HANDLING] = 1 will be overridden to 3 based on job config
[titan] 2026-09-12 08:26:39,224 - root - WARNING - initial_load_model_only=True has no effect without an initial_load_path.
[titan] 2026-09-12 08:26:39,225 - torchtitan.observability.structured_logger.jsonl_handler - INFO - Structured logging -> JSONL: /workspace/tp_v2_out/k27_dp2/structured_logs/training.global_rank_1.20260912-082639-E0808K.jsonl
[titan] 2026-09-12 08:26:40,069 - root - WARNING - ENV[TORCH_NCCL_ASYNC_ERROR_HANDLING] = 1 will be overridden to 3 based on job config
[titan] 2026-09-12 08:26:41,644 - root - INFO - Building device mesh with parallelism: pp=1, dp_replicate=1, dp_shard=2, cp=1, tp=1, ep=1
[titan] 2026-09-12 08:26:41,644 - root - INFO - Building device mesh with parallelism: pp=1, dp_replicate=1, dp_shard=2, cp=1, tp=1, ep=1
[titan] 2026-09-12 08:26:41,844 - root - INFO - Successfully created meshes with active dimensions: ['batch', 'loss', 'dp', 'dp_shard']
[titan] 2026-09-12 08:26:41,844 - root - INFO - Successfully created meshes with active dimensions: ['batch', 'loss', 'dp', 'dp_shard']
[titan] 2026-09-12 08:26:41,844 - root - INFO - [GC] Initial GC collection took 0.00 seconds
[titan] 2026-09-12 08:26:41,844 - root - INFO - Deterministic algorithm enabled (expect perf degradation).
[titan] 2026-09-12 08:26:41,844 - root - INFO - [GC] Initial GC collection took 0.00 seconds
[titan] 2026-09-12 08:26:41,844 - root - INFO - Deterministic algorithm enabled (expect perf degradation).
[titan] 2026-09-12 08:26:41,858 - root - INFO - Building kimi_k2_5 debugmodel
[titan] 2026-09-12 08:26:41,859 - root - INFO - Building kimi_k2_5 debugmodel
[titan] 2026-09-12 08:26:41,901 - root - INFO - CUDA capacity: NVIDIA H100 PCIe with 79.18GiB memory
[titan] 2026-09-12 08:26:41,902 - root - WARNING - Error running lspci: [Errno 2] No such file or directory: 'lspci', fallback to use device_name
[titan] 2026-09-12 08:26:41,903 - root - INFO - Total parameter count: 36,651,776, active parameters: 27,574,528
[titan] 2026-09-12 08:26:41,903 - root - INFO - [34mModel kimi_k2_5 debugmodel [31msize: 36,651,776 total parameters[39m
[titan] 2026-09-12 08:26:41,904 - root - INFO - CUDA capacity: NVIDIA H100 PCIe with 79.18GiB memory
[titan] 2026-09-12 08:26:41,905 - root - WARNING - Error running lspci: [Errno 2] No such file or directory: 'lspci', fallback to use device_name
[titan] 2026-09-12 08:26:41,906 - root - INFO - Total parameter count: 36,651,776, active parameters: 27,574,528
[titan] 2026-09-12 08:26:41,906 - root - INFO - [34mModel kimi_k2_5 debugmodel [31msize: 36,651,776 total parameters[39m
[titan] 2026-09-12 08:26:41,922 - root - INFO - Applied SelectiveAC activation checkpointing to the model
[titan] 2026-09-12 08:26:41,923 - root - INFO - Applied SelectiveAC activation checkpointing to the model
[titan] 2026-09-12 08:26:41,925 - root - INFO - Applied SelectiveAC activation checkpointing to the model
[titan] 2026-09-12 08:26:41,926 - root - INFO - Applied SelectiveAC activation checkpointing to the model
[titan] 2026-09-12 08:26:42,005 - root - INFO - Applied FSDP to the model
[titan] 2026-09-12 08:26:42,007 - root - INFO - Applied FSDP to the model
[titan] 2026-09-12 08:26:42,616 - root - WARNING - Error running lspci: [Errno 2] No such file or directory: 'lspci', fallback to use device_name
[titan] 2026-09-12 08:26:42,616 - root - INFO - Peak FLOPS used for computing MFU: 7.560e+14
[titan] 2026-09-12 08:26:42,616 - root - INFO - CUDA memory usage for model: 0.08GiB(0.10%)
[titan] 2026-09-12 08:26:42,617 - root - WARNING - Error running lspci: [Errno 2] No such file or directory: 'lspci', fallback to use device_name
[titan] 2026-09-12 08:26:42,617 - root - INFO - Peak FLOPS used for computing MFU: 7.560e+14
[titan] 2026-09-12 08:26:42,617 - root - INFO - CUDA memory usage for model: 0.08GiB(0.10%)
[titan] 2026-09-12 08:26:42,809 - root - INFO - Optimizer DistMuon (model_part=0): 62 params [(?:attention\.(?:wq|wkv_a|wkv_b|wo)\.weight|routed_experts\.inner_experts\.(?:w1_EFD|w2_EDF|w3_EFD)|feed_forward\.w[123]\.weight|moe\.router\.gate\.weight|moe\.shared_experts\.w[123]\.weight)$] {'fused': False, 'foreach': False, 'lr': 0.0008, 'weight_decay': 0.1, 'momentum': 0.95, 'nesterov': True, 'eps': 1e-07}
[titan] 2026-09-12 08:26:42,810 - root - INFO - Optimizer AdamW (model_part=0): 96 params [.*] {'fused': False, 'foreach': True, 'lr': 0.0008, 'betas': (0.9, 0.95), 'eps': 1e-08, 'weight_decay': 0.1}
[titan] 2026-09-12 08:26:42,812 - root - INFO - Loading tokenizer from tokenizer.json
[titan] 2026-09-12 08:26:42,820 - root - INFO - Optimizer DistMuon (model_part=0): 62 params [(?:attention\.(?:wq|wkv_a|wkv_b|wo)\.weight|routed_experts\.inner_experts\.(?:w1_EFD|w2_EDF|w3_EFD)|feed_forward\.w[123]\.weight|moe\.router\.gate\.weight|moe\.shared_experts\.w[123]\.weight)$] {'fused': False, 'foreach': False, 'lr': 0.0008, 'weight_decay': 0.1, 'momentum': 0.95, 'nesterov': True, 'eps': 1e-07}
[titan] 2026-09-12 08:26:42,821 - root - INFO - Optimizer AdamW (model_part=0): 96 params [.*] {'fused': False, 'foreach': True, 'lr': 0.0008, 'betas': (0.9, 0.95), 'eps': 1e-08, 'weight_decay': 0.1}
[titan] 2026-09-12 08:26:42,823 - root - INFO - Loading tokenizer from tokenizer.json
[titan] 2026-09-12 08:26:42,849 - root - WARNING - model.safetensors.index.json not found at hf_assets_path: ./tests/assets/tokenizer/model.safetensors.index.json.                     Defaulting to saving a single safetensors file if checkpoint is saved in HF format
[titan] 2026-09-12 08:26:42,849 - root - WARNING - initial_load_model_only=True has no effect without an initial_load_path.
[titan] 2026-09-12 08:26:42,854 - root - INFO - Checkpointing active. Checkpoints will be loaded from and saved to /workspace/tp_v2_out/k27_dp2/checkpoint
[titan] 2026-09-12 08:26:42,854 - root - INFO - Trainer is initialized with 2048 tokens per DP rank, 4096 tokens per train step, gradient accumulation steps 1, maximum context length 2048, total steps 100 (warmup 2)
[titan] 2026-09-12 08:26:42,854 - root - INFO - No checkpoint was provided, this is a fresh start.
[titan] 2026-09-12 08:26:42,855 - root - INFO - Training starts at step 1
[titan] 2026-09-12 08:26:42,866 - root - WARNING - model.safetensors.index.json not found at hf_assets_path: ./tests/assets/tokenizer/model.safetensors.index.json.                     Defaulting to saving a single safetensors file if checkpoint is saved in HF format
[titan] 2026-09-12 08:26:42,866 - root - WARNING - initial_load_model_only=True has no effect without an initial_load_path.
[titan] 2026-09-12 08:26:42,870 - root - INFO - Checkpointing active. Checkpoints will be loaded from and saved to /workspace/tp_v2_out/k27_dp2/checkpoint
[titan] 2026-09-12 08:26:42,870 - root - INFO - Trainer is initialized with 2048 tokens per DP rank, 4096 tokens per train step, gradient accumulation steps 1, maximum context length 2048, total steps 100 (warmup 2)
[titan] 2026-09-12 08:26:42,871 - root - INFO - No checkpoint was provided, this is a fresh start.
[titan] 2026-09-12 08:26:42,871 - root - INFO - Training starts at step 1
[titan] 2026-09-12 08:27:02,611 - root - INFO - [31mstep:  1  [32mloss:  7.96715  [38;2;180;60;0mgrad_norm:  8.4513  [38;2;54;234;195mmemory:  0.73GiB(0.93%)  [34mtps: 99  [36mtflops: 0.05  [35mmfu: 0.01%[39m
[titan] 2026-09-12 08:27:02,611 - root - INFO - [31mstep:  1  [32mloss:  7.96715  [38;2;180;60;0mgrad_norm:  8.4513  [38;2;54;234;195mmemory:  0.81GiB(1.02%)  [34mtps: 99  [36mtflops: 0.05  [35mmfu: 0.01%[39m
[titan] 2026-09-12 08:27:02,612 - root - INFO - Synchronizing and adjusting timeout for all ProcessGroups to 0:01:40
[titan] 2026-09-12 08:27:02,612 - root - INFO - Synchronizing and adjusting timeout for all ProcessGroups to 0:01:40
[titan] 2026-09-12 08:27:08,973 - root - INFO - [31mstep:  2  [32mloss:  7.67624  [38;2;180;60;0mgrad_norm:  8.4103  [38;2;54;234;195mmemory:  0.85GiB(1.07%)  [34mtps: 322  [36mtflops: 0.17  [35mmfu: 0.02%[39m
[titan] 2026-09-12 08:27:08,973 - root - INFO - [31mstep:  2  [32mloss:  7.67624  [38;2;180;60;0mgrad_norm:  8.4103  [38;2;54;234;195mmemory:  0.86GiB(1.09%)  [34mtps: 322  [36mtflops: 0.17  [35mmfu: 0.02%[39m
