W0913 07:34:59.255000 10217 torch/distributed/run.py:982] 
W0913 07:34:59.255000 10217 torch/distributed/run.py:982] *****************************************
W0913 07:34:59.255000 10217 torch/distributed/run.py:982] Setting OMP_NUM_THREADS environment variable for each process to be 1 in default, to avoid your system being overloaded, please further tune the variable for optimal performance in your application as needed. 
W0913 07:34:59.255000 10217 torch/distributed/run.py:982] *****************************************
WARNING:absl:Failed to load jax profiler: No module named 'jax'
WARNING:absl:Failed to load jax profiler: No module named 'jax'
[titan] 2026-09-13 07:35:04,149 - root - INFO - torchtitan version: 0.0.0+unknown (0.0.0 means __version__ is not defined correctly).
[titan] 2026-09-13 07:35:04,201 - root - INFO - torchtitan version: 0.0.0+unknown (0.0.0 means __version__ is not defined correctly).
[titan] 2026-09-13 07:35:04,791 - root - WARNING - initial_load_model_only=True has no effect without an initial_load_path.
[titan] 2026-09-13 07:35:04,841 - root - WARNING - initial_load_model_only=True has no effect without an initial_load_path.
[titan] 2026-09-13 07:35:04,863 - root - WARNING - initial_load_model_only=True has no effect without an initial_load_path.
[titan] 2026-09-13 07:35:04,864 - torchtitan.observability.structured_logger.jsonl_handler - INFO - Structured logging -> JSONL: /workspace/out_c4/c4_d2_dp2_ns/structured_logs/training.global_rank_0.20260913-073504-0ZZIV4.jsonl
[titan] 2026-09-13 07:35:04,914 - root - WARNING - initial_load_model_only=True has no effect without an initial_load_path.
[titan] 2026-09-13 07:35:04,915 - torchtitan.observability.structured_logger.jsonl_handler - INFO - Structured logging -> JSONL: /workspace/out_c4/c4_d2_dp2_ns/structured_logs/training.global_rank_1.20260913-073504-R1QOJO.jsonl
[titan] 2026-09-13 07:35:05,195 - root - WARNING - ENV[TORCH_NCCL_ASYNC_ERROR_HANDLING] = 1 will be overridden to 3 based on job config
[titan] 2026-09-13 07:35:05,341 - root - WARNING - ENV[TORCH_NCCL_ASYNC_ERROR_HANDLING] = 1 will be overridden to 3 based on job config
[titan] 2026-09-13 07:35:05,621 - root - INFO - Building device mesh with parallelism: pp=1, dp_replicate=1, dp_shard=2, cp=1, tp=1, ep=1
[titan] 2026-09-13 07:35:05,626 - root - INFO - Building device mesh with parallelism: pp=1, dp_replicate=1, dp_shard=2, cp=1, tp=1, ep=1
[titan] 2026-09-13 07:35:05,763 - root - INFO - Successfully created meshes with active dimensions: ['batch', 'loss', 'dp', 'dp_shard']
[titan] 2026-09-13 07:35:05,763 - root - INFO - Successfully created meshes with active dimensions: ['batch', 'loss', 'dp', 'dp_shard']
[titan] 2026-09-13 07:35:05,763 - root - INFO - [GC] Initial GC collection took 0.00 seconds
[titan] 2026-09-13 07:35:05,764 - root - INFO - [GC] Initial GC collection took 0.00 seconds
[titan] 2026-09-13 07:35:05,764 - root - INFO - Deterministic algorithm enabled (expect perf degradation).
[titan] 2026-09-13 07:35:05,764 - root - INFO - Deterministic algorithm enabled (expect perf degradation).
[titan] 2026-09-13 07:35:05,781 - root - INFO - Building kimi_k3 debugmodel
[titan] 2026-09-13 07:35:05,781 - root - INFO - Building kimi_k3 debugmodel
[titan] 2026-09-13 07:35:05,928 - root - INFO - CUDA capacity: NVIDIA H100 PCIe with 79.18GiB memory
[titan] 2026-09-13 07:35:05,929 - root - WARNING - Error running lspci: [Errno 2] No such file or directory: 'lspci', fallback to use device_name
[titan] 2026-09-13 07:35:05,931 - root - INFO - CUDA capacity: NVIDIA H100 PCIe with 79.18GiB memory
[titan] 2026-09-13 07:35:05,932 - root - WARNING - Error running lspci: [Errno 2] No such file or directory: 'lspci', fallback to use device_name
[titan] 2026-09-13 07:35:05,934 - root - INFO - Total parameter count: 1,119,984,672, active parameters: 535,879,200
[titan] 2026-09-13 07:35:05,934 - root - INFO - [34mModel kimi_k3 debugmodel [31msize: 1,119,984,672 total parameters[39m
[titan] 2026-09-13 07:35:05,937 - root - INFO - Total parameter count: 1,119,984,672, active parameters: 535,879,200
[titan] 2026-09-13 07:35:05,937 - root - INFO - [34mModel kimi_k3 debugmodel [31msize: 1,119,984,672 total parameters[39m
[titan] 2026-09-13 07:35:05,969 - root - INFO - Applied SelectiveAC activation checkpointing to the model
[titan] 2026-09-13 07:35:05,971 - root - INFO - Applied SelectiveAC activation checkpointing to the model
[titan] 2026-09-13 07:35:05,972 - root - INFO - Applied SelectiveAC activation checkpointing to the model
[titan] 2026-09-13 07:35:05,974 - root - INFO - Applied SelectiveAC activation checkpointing to the model
[titan] 2026-09-13 07:35:06,253 - root - INFO - Applied FSDP to the model
[titan] 2026-09-13 07:35:06,255 - root - INFO - Applied FSDP to the model
[titan] 2026-09-13 07:35:07,020 - root - WARNING - Error running lspci: [Errno 2] No such file or directory: 'lspci', fallback to use device_name
[titan] 2026-09-13 07:35:07,020 - root - INFO - Peak FLOPS used for computing MFU: 7.560e+14
[titan] 2026-09-13 07:35:07,020 - root - INFO - CUDA memory usage for model: 1.94GiB(2.45%)
[titan] 2026-09-13 07:35:07,020 - root - WARNING - Error running lspci: [Errno 2] No such file or directory: 'lspci', fallback to use device_name
[titan] 2026-09-13 07:35:07,020 - root - INFO - Peak FLOPS used for computing MFU: 7.560e+14
[titan] 2026-09-13 07:35:07,021 - root - INFO - CUDA memory usage for model: 1.94GiB(2.45%)
[titan] 2026-09-13 07:35:07,024 - root - INFO - Optimizer AdamW (model_part=0): 750 params [.*] {'fused': True, 'foreach': False, 'lr': 0.0008, 'betas': (0.9, 0.95), 'eps': 1e-08, 'weight_decay': 0.1}
[titan] 2026-09-13 07:35:07,024 - root - INFO - Optimizer AdamW (model_part=0): 750 params [.*] {'fused': True, 'foreach': False, 'lr': 0.0008, 'betas': (0.9, 0.95), 'eps': 1e-08, 'weight_decay': 0.1}
[titan] 2026-09-13 07:35:07,027 - root - INFO - Loading tokenizer from tokenizer.json
[titan] 2026-09-13 07:35:07,028 - root - INFO - Loading tokenizer from tokenizer.json
[titan] 2026-09-13 07:35:07,333 - httpx - INFO - HTTP Request: HEAD https://s3.amazonaws.com/datasets.huggingface.co/datasets/datasets/json/json.py "HTTP/1.1 200 OK"
[titan] 2026-09-13 07:35:07,334 - httpx - INFO - HTTP Request: HEAD https://s3.amazonaws.com/datasets.huggingface.co/datasets/datasets/json/json.py "HTTP/1.1 200 OK"
[titan] 2026-09-13 07:35:07,404 - root - WARNING - model.safetensors.index.json not found at hf_assets_path: ./tests/assets/tokenizer/model.safetensors.index.json.                     Defaulting to saving a single safetensors file if checkpoint is saved in HF format
[titan] 2026-09-13 07:35:07,404 - root - WARNING - initial_load_model_only=True has no effect without an initial_load_path.
[titan] 2026-09-13 07:35:07,406 - root - WARNING - model.safetensors.index.json not found at hf_assets_path: ./tests/assets/tokenizer/model.safetensors.index.json.                     Defaulting to saving a single safetensors file if checkpoint is saved in HF format
[titan] 2026-09-13 07:35:07,406 - root - WARNING - initial_load_model_only=True has no effect without an initial_load_path.
[titan] 2026-09-13 07:35:07,415 - root - INFO - Checkpointing active. Checkpoints will be loaded from and saved to /workspace/out_c4/c4_d2_dp2_ns/checkpoint
[titan] 2026-09-13 07:35:07,415 - root - INFO - Trainer is initialized with 256 tokens per DP rank, 2048 tokens per train step, gradient accumulation steps 4, maximum context length 2048, total steps 100 (warmup 2)
[titan] 2026-09-13 07:35:07,416 - root - INFO - Loading the checkpoint from /workspace/out_c4/c4_d2_dp2_ns/checkpoint/step-0.
[titan] 2026-09-13 07:35:07,417 - root - INFO - Checkpointing active. Checkpoints will be loaded from and saved to /workspace/out_c4/c4_d2_dp2_ns/checkpoint
[titan] 2026-09-13 07:35:07,417 - root - INFO - Trainer is initialized with 256 tokens per DP rank, 2048 tokens per train step, gradient accumulation steps 4, maximum context length 2048, total steps 100 (warmup 2)
[titan] 2026-09-13 07:35:07,418 - root - INFO - Loading the checkpoint from /workspace/out_c4/c4_d2_dp2_ns/checkpoint/step-0.
[titan] 2026-09-13 07:35:09,381 - root - INFO - [GC] GC collection for checkpoint loading. took 0.02 seconds
[titan] 2026-09-13 07:35:09,381 - root - INFO - Finished loading the checkpoint in 1.97 seconds.
[titan] 2026-09-13 07:35:09,382 - root - INFO - Training starts at step 1
[titan] 2026-09-13 07:35:09,397 - root - INFO - [GC] GC collection for checkpoint loading. took 0.03 seconds
[titan] 2026-09-13 07:35:09,397 - root - INFO - Finished loading the checkpoint in 1.98 seconds.
[titan] 2026-09-13 07:35:09,398 - root - INFO - Training starts at step 1
/workspace/venv_pp/lib/python3.12/site-packages/torch/distributed/fsdp/_fully_shard/_fsdp_state.py:336: UserWarning: FSDP2-wrapped module (FSDPCheckpointWrapper) returned a view tensor. An in-place op on this view (e.g., `x += y`) will silently drop the pre-backward hook and skip the all-gather, which can cause backward to fail or produce wrong gradients. Use out-of-place ops (`out = out + y`, not `out += y`) or `.clone()` the output before any in-place op.
  output = self._register_pre_backward_hook(output)
/workspace/venv_pp/lib/python3.12/site-packages/torch/distributed/fsdp/_fully_shard/_fsdp_state.py:336: UserWarning: FSDP2-wrapped module (FSDPCheckpointWrapper) returned a view tensor. An in-place op on this view (e.g., `x += y`) will silently drop the pre-backward hook and skip the all-gather, which can cause backward to fail or produce wrong gradients. Use out-of-place ops (`out = out + y`, not `out += y`) or `.clone()` the output before any in-place op.
  output = self._register_pre_backward_hook(output)
/workspace/venv_pp/lib/python3.12/site-packages/torch/distributed/fsdp/_fully_shard/_fsdp_state.py:336: UserWarning: FSDP2-wrapped module (FSDPCheckpointWrapper) returned a view tensor. An in-place op on this view (e.g., `x += y`) will silently drop the pre-backward hook and skip the all-gather, which can cause backward to fail or produce wrong gradients. Use out-of-place ops (`out = out + y`, not `out += y`) or `.clone()` the output before any in-place op.
  output = self._register_pre_backward_hook(output)
/workspace/venv_pp/lib/python3.12/site-packages/torch/distributed/fsdp/_fully_shard/_fsdp_state.py:336: UserWarning: FSDP2-wrapped module (FSDPCheckpointWrapper) returned a view tensor. An in-place op on this view (e.g., `x += y`) will silently drop the pre-backward hook and skip the all-gather, which can cause backward to fail or produce wrong gradients. Use out-of-place ops (`out = out + y`, not `out += y`) or `.clone()` the output before any in-place op.
  output = self._register_pre_backward_hook(output)
[titan] 2026-09-13 07:35:42,491 - root - INFO - [31mstep:  1  [32mloss: 12.58074  [38;2;180;60;0mgrad_norm: 14.4375  [38;2;54;234;195mmemory: 10.34GiB(13.06%)  [34mtps: 28  [36mtflops: 0.10  [35mmfu: 0.01%[39m
[titan] 2026-09-13 07:35:42,491 - root - INFO - [31mstep:  1  [32mloss: 12.58074  [38;2;180;60;0mgrad_norm: 14.4375  [38;2;54;234;195mmemory: 10.34GiB(13.06%)  [34mtps: 28  [36mtflops: 0.10  [35mmfu: 0.01%[39m
[titan] 2026-09-13 07:35:42,494 - root - INFO - Synchronizing and adjusting timeout for all ProcessGroups to 0:01:40
[titan] 2026-09-13 07:35:42,495 - root - INFO - Synchronizing and adjusting timeout for all ProcessGroups to 0:01:40
[titan] 2026-09-13 07:35:44,711 - root - INFO - [31mstep:  2  [32mloss:  9.70111  [38;2;180;60;0mgrad_norm: 15.2500  [38;2;54;234;195mmemory: 12.42GiB(15.68%)  [34mtps: 461  [36mtflops: 1.61  [35mmfu: 0.21%[39m
[titan] 2026-09-13 07:35:44,711 - root - INFO - [31mstep:  2  [32mloss:  9.70111  [38;2;180;60;0mgrad_norm: 15.2500  [38;2;54;234;195mmemory: 12.42GiB(15.68%)  [34mtps: 461  [36mtflops: 1.61  [35mmfu: 0.21%[39m
[titan] 2026-09-13 07:35:46,901 - root - INFO - [31mstep:  3  [32mloss:  7.45576  [38;2;180;60;0mgrad_norm: 10.0625  [38;2;54;234;195mmemory: 12.42GiB(15.68%)  [34mtps: 468  [36mtflops: 1.63  [35mmfu: 0.22%[39m
[titan] 2026-09-13 07:35:46,901 - root - INFO - [31mstep:  3  [32mloss:  7.45576  [38;2;180;60;0mgrad_norm: 10.0625  [38;2;54;234;195mmemory: 12.42GiB(15.68%)  [34mtps: 468  [36mtflops: 1.63  [35mmfu: 0.22%[39m
[titan] 2026-09-13 07:35:49,111 - root - INFO - [31mstep:  4  [32mloss:  6.76130  [38;2;180;60;0mgrad_norm:  6.0938  [38;2;54;234;195mmemory: 12.42GiB(15.68%)  [34mtps: 463  [36mtflops: 1.62  [35mmfu: 0.21%[39m
[titan] 2026-09-13 07:35:49,111 - root - INFO - [31mstep:  4  [32mloss:  6.76130  [38;2;180;60;0mgrad_norm:  6.0938  [38;2;54;234;195mmemory: 12.42GiB(15.68%)  [34mtps: 463  [36mtflops: 1.62  [35mmfu: 0.21%[39m
[titan] 2026-09-13 07:35:51,323 - root - INFO - [31mstep:  5  [32mloss:  5.00609  [38;2;180;60;0mgrad_norm:  8.5625  [38;2;54;234;195mmemory: 12.42GiB(15.68%)  [34mtps: 463  [36mtflops: 1.62  [35mmfu: 0.21%[39m
[titan] 2026-09-13 07:35:51,324 - root - INFO - [31mstep:  5  [32mloss:  5.00609  [38;2;180;60;0mgrad_norm:  8.5625  [38;2;54;234;195mmemory: 12.42GiB(15.68%)  [34mtps: 463  [36mtflops: 1.62  [35mmfu: 0.21%[39m
[titan] 2026-09-13 07:35:53,536 - root - INFO - [31mstep:  6  [32mloss:  4.48490  [38;2;180;60;0mgrad_norm:  5.5000  [38;2;54;234;195mmemory: 12.42GiB(15.68%)  [34mtps: 463  [36mtflops: 1.61  [35mmfu: 0.21%[39m
[titan] 2026-09-13 07:35:53,537 - root - INFO - [31mstep:  6  [32mloss:  4.48490  [38;2;180;60;0mgrad_norm:  5.5000  [38;2;54;234;195mmemory: 12.42GiB(15.68%)  [34mtps: 463  [36mtflops: 1.61  [35mmfu: 0.21%[39m
[titan] 2026-09-13 07:35:55,746 - root - INFO - [31mstep:  7  [32mloss:  4.45771  [38;2;180;60;0mgrad_norm:  6.2188  [38;2;54;234;195mmemory: 12.42GiB(15.68%)  [34mtps: 464  [36mtflops: 1.62  [35mmfu: 0.21%[39m
[titan] 2026-09-13 07:35:55,746 - root - INFO - [31mstep:  7  [32mloss:  4.45771  [38;2;180;60;0mgrad_norm:  6.2188  [38;2;54;234;195mmemory: 12.42GiB(15.68%)  [34mtps: 464  [36mtflops: 1.62  [35mmfu: 0.21%[39m
[titan] 2026-09-13 07:35:57,957 - root - INFO - [31mstep:  8  [32mloss:  4.06788  [38;2;180;60;0mgrad_norm:  5.7812  [38;2;54;234;195mmemory: 12.42GiB(15.68%)  [34mtps: 463  [36mtflops: 1.62  [35mmfu: 0.21%[39m
[titan] 2026-09-13 07:35:57,957 - root - INFO - [31mstep:  8  [32mloss:  4.06788  [38;2;180;60;0mgrad_norm:  5.7812  [38;2;54;234;195mmemory: 12.42GiB(15.68%)  [34mtps: 463  [36mtflops: 1.62  [35mmfu: 0.21%[39m
[titan] 2026-09-13 07:36:00,166 - root - INFO - [31mstep:  9  [32mloss:  3.44509  [38;2;180;60;0mgrad_norm:  3.7656  [38;2;54;234;195mmemory: 12.42GiB(15.68%)  [34mtps: 464  [36mtflops: 1.62  [35mmfu: 0.21%[39m
[titan] 2026-09-13 07:36:00,166 - root - INFO - [31mstep:  9  [32mloss:  3.44509  [38;2;180;60;0mgrad_norm:  3.7656  [38;2;54;234;195mmemory: 12.42GiB(15.68%)  [34mtps: 464  [36mtflops: 1.62  [35mmfu: 0.21%[39m
[titan] 2026-09-13 07:36:02,373 - root - INFO - [31mstep: 10  [32mloss:  3.66349  [38;2;180;60;0mgrad_norm: 14.1875  [38;2;54;234;195mmemory: 12.42GiB(15.68%)  [34mtps: 464  [36mtflops: 1.62  [35mmfu: 0.21%[39m
[titan] 2026-09-13 07:36:02,373 - root - INFO - [31mstep: 10  [32mloss:  3.66349  [38;2;180;60;0mgrad_norm: 14.1875  [38;2;54;234;195mmemory: 12.42GiB(15.68%)  [34mtps: 464  [36mtflops: 1.62  [35mmfu: 0.21%[39m
[titan] 2026-09-13 07:36:04,577 - root - INFO - [31mstep: 11  [32mloss:  3.81549  [38;2;180;60;0mgrad_norm:  8.6250  [38;2;54;234;195mmemory: 12.42GiB(15.68%)  [34mtps: 465  [36mtflops: 1.62  [35mmfu: 0.21%[39m
[titan] 2026-09-13 07:36:04,577 - root - INFO - [31mstep: 11  [32mloss:  3.81549  [38;2;180;60;0mgrad_norm:  8.6250  [38;2;54;234;195mmemory: 12.42GiB(15.68%)  [34mtps: 465  [36mtflops: 1.62  [35mmfu: 0.21%[39m
[titan] 2026-09-13 07:36:06,792 - root - INFO - [31mstep: 12  [32mloss:  3.51881  [38;2;180;60;0mgrad_norm:  4.8125  [38;2;54;234;195mmemory: 12.42GiB(15.68%)  [34mtps: 462  [36mtflops: 1.61  [35mmfu: 0.21%[39m
[titan] 2026-09-13 07:36:06,792 - root - INFO - [31mstep: 12  [32mloss:  3.51881  [38;2;180;60;0mgrad_norm:  4.8125  [38;2;54;234;195mmemory: 12.42GiB(15.68%)  [34mtps: 462  [36mtflops: 1.61  [35mmfu: 0.21%[39m
[titan] 2026-09-13 07:36:09,005 - root - INFO - [31mstep: 13  [32mloss:  3.04545  [38;2;180;60;0mgrad_norm:  3.4531  [38;2;54;234;195mmemory: 12.42GiB(15.68%)  [34mtps: 463  [36mtflops: 1.61  [35mmfu: 0.21%[39m
[titan] 2026-09-13 07:36:09,005 - root - INFO - [31mstep: 13  [32mloss:  3.04545  [38;2;180;60;0mgrad_norm:  3.4531  [38;2;54;234;195mmemory: 12.42GiB(15.68%)  [34mtps: 463  [36mtflops: 1.61  [35mmfu: 0.21%[39m
[titan] 2026-09-13 07:36:11,217 - root - INFO - [31mstep: 14  [32mloss:  3.30596  [38;2;180;60;0mgrad_norm:  3.7656  [38;2;54;234;195mmemory: 12.42GiB(15.68%)  [34mtps: 463  [36mtflops: 1.62  [35mmfu: 0.21%[39m
[titan] 2026-09-13 07:36:11,217 - root - INFO - [31mstep: 14  [32mloss:  3.30596  [38;2;180;60;0mgrad_norm:  3.7656  [38;2;54;234;195mmemory: 12.42GiB(15.68%)  [34mtps: 463  [36mtflops: 1.62  [35mmfu: 0.21%[39m
[titan] 2026-09-13 07:36:13,429 - root - INFO - [31mstep: 15  [32mloss:  3.15883  [38;2;180;60;0mgrad_norm:  3.1719  [38;2;54;234;195mmemory: 12.42GiB(15.68%)  [34mtps: 463  [36mtflops: 1.61  [35mmfu: 0.21%[39m
[titan] 2026-09-13 07:36:13,429 - root - INFO - [31mstep: 15  [32mloss:  3.15883  [38;2;180;60;0mgrad_norm:  3.1719  [38;2;54;234;195mmemory: 12.42GiB(15.68%)  [34mtps: 463  [36mtflops: 1.61  [35mmfu: 0.21%[39m
[titan] 2026-09-13 07:36:15,638 - root - INFO - [31mstep: 16  [32mloss:  3.05252  [38;2;180;60;0mgrad_norm:  3.0781  [38;2;54;234;195mmemory: 12.42GiB(15.68%)  [34mtps: 464  [36mtflops: 1.62  [35mmfu: 0.21%[39m
[titan] 2026-09-13 07:36:15,639 - root - INFO - [31mstep: 16  [32mloss:  3.05252  [38;2;180;60;0mgrad_norm:  3.0781  [38;2;54;234;195mmemory: 12.42GiB(15.68%)  [34mtps: 464  [36mtflops: 1.62  [35mmfu: 0.21%[39m
[titan] 2026-09-13 07:36:17,851 - root - INFO - [31mstep: 17  [32mloss:  2.94953  [38;2;180;60;0mgrad_norm:  2.5312  [38;2;54;234;195mmemory: 12.42GiB(15.68%)  [34mtps: 463  [36mtflops: 1.62  [35mmfu: 0.21%[39m
[titan] 2026-09-13 07:36:17,851 - root - INFO - [31mstep: 17  [32mloss:  2.94953  [38;2;180;60;0mgrad_norm:  2.5312  [38;2;54;234;195mmemory: 12.42GiB(15.68%)  [34mtps: 463  [36mtflops: 1.62  [35mmfu: 0.21%[39m
[titan] 2026-09-13 07:36:20,051 - root - INFO - [31mstep: 18  [32mloss:  3.00404  [38;2;180;60;0mgrad_norm:  2.8438  [38;2;54;234;195mmemory: 12.42GiB(15.68%)  [34mtps: 465  [36mtflops: 1.62  [35mmfu: 0.21%[39m
[titan] 2026-09-13 07:36:20,051 - root - INFO - [31mstep: 18  [32mloss:  3.00404  [38;2;180;60;0mgrad_norm:  2.8438  [38;2;54;234;195mmemory: 12.42GiB(15.68%)  [34mtps: 465  [36mtflops: 1.62  [35mmfu: 0.21%[39m
[titan] 2026-09-13 07:36:22,262 - root - INFO - [31mstep: 19  [32mloss:  3.11467  [38;2;180;60;0mgrad_norm:  3.0312  [38;2;54;234;195mmemory: 12.42GiB(15.68%)  [34mtps: 463  [36mtflops: 1.62  [35mmfu: 0.21%[39m
[titan] 2026-09-13 07:36:22,262 - root - INFO - [31mstep: 19  [32mloss:  3.11467  [38;2;180;60;0mgrad_norm:  3.0312  [38;2;54;234;195mmemory: 12.42GiB(15.68%)  [34mtps: 463  [36mtflops: 1.62  [35mmfu: 0.21%[39m
[titan] 2026-09-13 07:36:24,468 - root - INFO - [31mstep: 20  [32mloss:  2.97491  [38;2;180;60;0mgrad_norm:  2.4219  [38;2;54;234;195mmemory: 12.42GiB(15.68%)  [34mtps: 464  [36mtflops: 1.62  [35mmfu: 0.21%[39m
[titan] 2026-09-13 07:36:24,468 - root - INFO - [31mstep: 20  [32mloss:  2.97491  [38;2;180;60;0mgrad_norm:  2.4219  [38;2;54;234;195mmemory: 12.42GiB(15.68%)  [34mtps: 464  [36mtflops: 1.62  [35mmfu: 0.21%[39m
[titan] 2026-09-13 07:36:26,692 - root - INFO - [31mstep: 21  [32mloss:  3.01032  [38;2;180;60;0mgrad_norm:  1.5078  [38;2;54;234;195mmemory: 12.42GiB(15.68%)  [34mtps: 461  [36mtflops: 1.61  [35mmfu: 0.21%[39m
[titan] 2026-09-13 07:36:26,692 - root - INFO - [31mstep: 21  [32mloss:  3.01032  [38;2;180;60;0mgrad_norm:  1.5078  [38;2;54;234;195mmemory: 12.42GiB(15.68%)  [34mtps: 460  [36mtflops: 1.61  [35mmfu: 0.21%[39m
[titan] 2026-09-13 07:36:28,901 - root - INFO - [31mstep: 22  [32mloss:  2.90664  [38;2;180;60;0mgrad_norm:  2.7031  [38;2;54;234;195mmemory: 12.42GiB(15.68%)  [34mtps: 464  [36mtflops: 1.62  [35mmfu: 0.21%[39m
[titan] 2026-09-13 07:36:28,901 - root - INFO - [31mstep: 22  [32mloss:  2.90664  [38;2;180;60;0mgrad_norm:  2.7031  [38;2;54;234;195mmemory: 12.42GiB(15.68%)  [34mtps: 464  [36mtflops: 1.62  [35mmfu: 0.21%[39m
[titan] 2026-09-13 07:36:31,112 - root - INFO - [31mstep: 23  [32mloss:  2.83625  [38;2;180;60;0mgrad_norm:  2.6719  [38;2;54;234;195mmemory: 12.42GiB(15.68%)  [34mtps: 463  [36mtflops: 1.62  [35mmfu: 0.21%[39m
[titan] 2026-09-13 07:36:31,112 - root - INFO - [31mstep: 23  [32mloss:  2.83625  [38;2;180;60;0mgrad_norm:  2.6719  [38;2;54;234;195mmemory: 12.42GiB(15.68%)  [34mtps: 463  [36mtflops: 1.62  [35mmfu: 0.21%[39m
[titan] 2026-09-13 07:36:33,320 - root - INFO - [31mstep: 24  [32mloss:  2.90435  [38;2;180;60;0mgrad_norm:  2.1094  [38;2;54;234;195mmemory: 12.42GiB(15.68%)  [34mtps: 464  [36mtflops: 1.62  [35mmfu: 0.21%[39m
[titan] 2026-09-13 07:36:33,320 - root - INFO - [31mstep: 24  [32mloss:  2.90435  [38;2;180;60;0mgrad_norm:  2.1094  [38;2;54;234;195mmemory: 12.42GiB(15.68%)  [34mtps: 464  [36mtflops: 1.62  [35mmfu: 0.21%[39m
[titan] 2026-09-13 07:36:35,527 - root - INFO - [31mstep: 25  [32mloss:  3.09682  [38;2;180;60;0mgrad_norm:  2.0781  [38;2;54;234;195mmemory: 12.42GiB(15.68%)  [34mtps: 464  [36mtflops: 1.62  [35mmfu: 0.21%[39m
[titan] 2026-09-13 07:36:35,527 - root - INFO - [31mstep: 25  [32mloss:  3.09682  [38;2;180;60;0mgrad_norm:  2.0781  [38;2;54;234;195mmemory: 12.42GiB(15.68%)  [34mtps: 464  [36mtflops: 1.62  [35mmfu: 0.21%[39m
[titan] 2026-09-13 07:36:37,732 - root - INFO - [31mstep: 26  [32mloss:  2.78938  [38;2;180;60;0mgrad_norm:  2.4062  [38;2;54;234;195mmemory: 12.42GiB(15.68%)  [34mtps: 464  [36mtflops: 1.62  [35mmfu: 0.21%[39m
[titan] 2026-09-13 07:36:37,732 - root - INFO - [31mstep: 26  [32mloss:  2.78938  [38;2;180;60;0mgrad_norm:  2.4062  [38;2;54;234;195mmemory: 12.42GiB(15.68%)  [34mtps: 464  [36mtflops: 1.62  [35mmfu: 0.21%[39m
[titan] 2026-09-13 07:36:39,942 - root - INFO - [31mstep: 27  [32mloss:  2.92442  [38;2;180;60;0mgrad_norm:  2.1719  [38;2;54;234;195mmemory: 12.42GiB(15.68%)  [34mtps: 463  [36mtflops: 1.62  [35mmfu: 0.21%[39m
[titan] 2026-09-13 07:36:39,942 - root - INFO - [31mstep: 27  [32mloss:  2.92442  [38;2;180;60;0mgrad_norm:  2.1719  [38;2;54;234;195mmemory: 12.42GiB(15.68%)  [34mtps: 463  [36mtflops: 1.62  [35mmfu: 0.21%[39m
[titan] 2026-09-13 07:36:42,154 - root - INFO - [31mstep: 28  [32mloss:  2.92594  [38;2;180;60;0mgrad_norm:  1.7812  [38;2;54;234;195mmemory: 12.42GiB(15.68%)  [34mtps: 463  [36mtflops: 1.61  [35mmfu: 0.21%[39m
[titan] 2026-09-13 07:36:42,154 - root - INFO - [31mstep: 28  [32mloss:  2.92594  [38;2;180;60;0mgrad_norm:  1.7812  [38;2;54;234;195mmemory: 12.42GiB(15.68%)  [34mtps: 463  [36mtflops: 1.61  [35mmfu: 0.21%[39m
[titan] 2026-09-13 07:36:44,369 - root - INFO - [31mstep: 29  [32mloss:  2.71517  [38;2;180;60;0mgrad_norm:  1.6016  [38;2;54;234;195mmemory: 12.42GiB(15.68%)  [34mtps: 462  [36mtflops: 1.61  [35mmfu: 0.21%[39m
[titan] 2026-09-13 07:36:44,369 - root - INFO - [31mstep: 29  [32mloss:  2.71517  [38;2;180;60;0mgrad_norm:  1.6016  [38;2;54;234;195mmemory: 12.42GiB(15.68%)  [34mtps: 462  [36mtflops: 1.61  [35mmfu: 0.21%[39m
[titan] 2026-09-13 07:36:46,574 - root - INFO - [31mstep: 30  [32mloss:  2.90092  [38;2;180;60;0mgrad_norm:  2.6406  [38;2;54;234;195mmemory: 12.42GiB(15.68%)  [34mtps: 464  [36mtflops: 1.62  [35mmfu: 0.21%[39m
[titan] 2026-09-13 07:36:46,574 - root - INFO - [31mstep: 30  [32mloss:  2.90092  [38;2;180;60;0mgrad_norm:  2.6406  [38;2;54;234;195mmemory: 12.42GiB(15.68%)  [34mtps: 464  [36mtflops: 1.62  [35mmfu: 0.21%[39m
[titan] 2026-09-13 07:36:48,791 - root - INFO - [31mstep: 31  [32mloss:  2.85768  [38;2;180;60;0mgrad_norm:  2.0469  [38;2;54;234;195mmemory: 12.42GiB(15.68%)  [34mtps: 462  [36mtflops: 1.61  [35mmfu: 0.21%[39m
[titan] 2026-09-13 07:36:48,791 - root - INFO - [31mstep: 31  [32mloss:  2.85768  [38;2;180;60;0mgrad_norm:  2.0469  [38;2;54;234;195mmemory: 12.42GiB(15.68%)  [34mtps: 462  [36mtflops: 1.61  [35mmfu: 0.21%[39m
[titan] 2026-09-13 07:36:50,995 - root - INFO - [31mstep: 32  [32mloss:  2.81471  [38;2;180;60;0mgrad_norm:  1.4922  [38;2;54;234;195mmemory: 12.42GiB(15.68%)  [34mtps: 465  [36mtflops: 1.62  [35mmfu: 0.21%[39m
[titan] 2026-09-13 07:36:50,995 - root - INFO - [31mstep: 32  [32mloss:  2.81471  [38;2;180;60;0mgrad_norm:  1.4922  [38;2;54;234;195mmemory: 12.42GiB(15.68%)  [34mtps: 465  [36mtflops: 1.62  [35mmfu: 0.21%[39m
[titan] 2026-09-13 07:36:53,200 - root - INFO - [31mstep: 33  [32mloss:  2.67843  [38;2;180;60;0mgrad_norm:  1.4531  [38;2;54;234;195mmemory: 12.42GiB(15.68%)  [34mtps: 465  [36mtflops: 1.62  [35mmfu: 0.21%[39m
[titan] 2026-09-13 07:36:53,200 - root - INFO - [31mstep: 33  [32mloss:  2.67843  [38;2;180;60;0mgrad_norm:  1.4531  [38;2;54;234;195mmemory: 12.42GiB(15.68%)  [34mtps: 465  [36mtflops: 1.62  [35mmfu: 0.21%[39m
[titan] 2026-09-13 07:36:55,402 - root - INFO - [31mstep: 34  [32mloss:  2.67948  [38;2;180;60;0mgrad_norm:  1.9219  [38;2;54;234;195mmemory: 12.42GiB(15.68%)  [34mtps: 465  [36mtflops: 1.62  [35mmfu: 0.21%[39m
[titan] 2026-09-13 07:36:55,402 - root - INFO - [31mstep: 34  [32mloss:  2.67948  [38;2;180;60;0mgrad_norm:  1.9219  [38;2;54;234;195mmemory: 12.42GiB(15.68%)  [34mtps: 465  [36mtflops: 1.62  [35mmfu: 0.21%[39m
[titan] 2026-09-13 07:36:57,607 - root - INFO - [31mstep: 35  [32mloss:  2.81593  [38;2;180;60;0mgrad_norm:  1.6172  [38;2;54;234;195mmemory: 12.42GiB(15.68%)  [34mtps: 464  [36mtflops: 1.62  [35mmfu: 0.21%[39m
[titan] 2026-09-13 07:36:57,607 - root - INFO - [31mstep: 35  [32mloss:  2.81593  [38;2;180;60;0mgrad_norm:  1.6172  [38;2;54;234;195mmemory: 12.42GiB(15.68%)  [34mtps: 464  [36mtflops: 1.62  [35mmfu: 0.21%[39m
[titan] 2026-09-13 07:36:59,817 - root - INFO - [31mstep: 36  [32mloss:  2.65659  [38;2;180;60;0mgrad_norm:  1.5078  [38;2;54;234;195mmemory: 12.42GiB(15.68%)  [34mtps: 463  [36mtflops: 1.62  [35mmfu: 0.21%[39m
[titan] 2026-09-13 07:36:59,817 - root - INFO - [31mstep: 36  [32mloss:  2.65659  [38;2;180;60;0mgrad_norm:  1.5078  [38;2;54;234;195mmemory: 12.42GiB(15.68%)  [34mtps: 463  [36mtflops: 1.62  [35mmfu: 0.21%[39m
[titan] 2026-09-13 07:37:02,038 - root - INFO - [31mstep: 37  [32mloss:  2.80336  [38;2;180;60;0mgrad_norm:  1.5391  [38;2;54;234;195mmemory: 12.42GiB(15.68%)  [34mtps: 461  [36mtflops: 1.61  [35mmfu: 0.21%[39m
[titan] 2026-09-13 07:37:02,038 - root - INFO - [31mstep: 37  [32mloss:  2.80336  [38;2;180;60;0mgrad_norm:  1.5391  [38;2;54;234;195mmemory: 12.42GiB(15.68%)  [34mtps: 461  [36mtflops: 1.61  [35mmfu: 0.21%[39m
[titan] 2026-09-13 07:37:04,247 - root - INFO - [31mstep: 38  [32mloss:  2.70357  [38;2;180;60;0mgrad_norm:  1.7812  [38;2;54;234;195mmemory: 12.42GiB(15.68%)  [34mtps: 464  [36mtflops: 1.62  [35mmfu: 0.21%[39m
[titan] 2026-09-13 07:37:04,247 - root - INFO - [31mstep: 38  [32mloss:  2.70357  [38;2;180;60;0mgrad_norm:  1.7812  [38;2;54;234;195mmemory: 12.42GiB(15.68%)  [34mtps: 464  [36mtflops: 1.62  [35mmfu: 0.21%[39m
[titan] 2026-09-13 07:37:06,448 - root - INFO - [31mstep: 39  [32mloss:  2.74760  [38;2;180;60;0mgrad_norm:  1.5625  [38;2;54;234;195mmemory: 12.42GiB(15.68%)  [34mtps: 465  [36mtflops: 1.62  [35mmfu: 0.21%[39m
[titan] 2026-09-13 07:37:06,448 - root - INFO - [31mstep: 39  [32mloss:  2.74760  [38;2;180;60;0mgrad_norm:  1.5625  [38;2;54;234;195mmemory: 12.42GiB(15.68%)  [34mtps: 465  [36mtflops: 1.62  [35mmfu: 0.21%[39m
[titan] 2026-09-13 07:37:08,658 - root - INFO - [31mstep: 40  [32mloss:  2.77059  [38;2;180;60;0mgrad_norm:  1.4688  [38;2;54;234;195mmemory: 12.42GiB(15.68%)  [34mtps: 463  [36mtflops: 1.62  [35mmfu: 0.21%[39m
[titan] 2026-09-13 07:37:08,659 - root - INFO - [31mstep: 40  [32mloss:  2.77059  [38;2;180;60;0mgrad_norm:  1.4688  [38;2;54;234;195mmemory: 12.42GiB(15.68%)  [34mtps: 463  [36mtflops: 1.62  [35mmfu: 0.21%[39m
[titan] 2026-09-13 07:37:10,866 - root - INFO - [31mstep: 41  [32mloss:  2.80141  [38;2;180;60;0mgrad_norm:  1.2812  [38;2;54;234;195mmemory: 12.42GiB(15.68%)  [34mtps: 464  [36mtflops: 1.62  [35mmfu: 0.21%[39m
[titan] 2026-09-13 07:37:10,866 - root - INFO - [31mstep: 41  [32mloss:  2.80141  [38;2;180;60;0mgrad_norm:  1.2812  [38;2;54;234;195mmemory: 12.42GiB(15.68%)  [34mtps: 464  [36mtflops: 1.62  [35mmfu: 0.21%[39m
[titan] 2026-09-13 07:37:13,071 - root - INFO - [31mstep: 42  [32mloss:  2.73571  [38;2;180;60;0mgrad_norm:  1.5312  [38;2;54;234;195mmemory: 12.42GiB(15.68%)  [34mtps: 465  [36mtflops: 1.62  [35mmfu: 0.21%[39m
[titan] 2026-09-13 07:37:13,071 - root - INFO - [31mstep: 42  [32mloss:  2.73571  [38;2;180;60;0mgrad_norm:  1.5312  [38;2;54;234;195mmemory: 12.42GiB(15.68%)  [34mtps: 465  [36mtflops: 1.62  [35mmfu: 0.21%[39m
[titan] 2026-09-13 07:37:15,282 - root - INFO - [31mstep: 43  [32mloss:  2.69257  [38;2;180;60;0mgrad_norm:  1.4219  [38;2;54;234;195mmemory: 12.42GiB(15.68%)  [34mtps: 463  [36mtflops: 1.62  [35mmfu: 0.21%[39m
[titan] 2026-09-13 07:37:15,282 - root - INFO - [31mstep: 43  [32mloss:  2.69257  [38;2;180;60;0mgrad_norm:  1.4219  [38;2;54;234;195mmemory: 12.42GiB(15.68%)  [34mtps: 463  [36mtflops: 1.62  [35mmfu: 0.21%[39m
[titan] 2026-09-13 07:37:17,502 - root - INFO - [31mstep: 44  [32mloss:  2.63808  [38;2;180;60;0mgrad_norm:  1.1250  [38;2;54;234;195mmemory: 12.42GiB(15.68%)  [34mtps: 461  [36mtflops: 1.61  [35mmfu: 0.21%[39m
[titan] 2026-09-13 07:37:17,502 - root - INFO - [31mstep: 44  [32mloss:  2.63808  [38;2;180;60;0mgrad_norm:  1.1250  [38;2;54;234;195mmemory: 12.42GiB(15.68%)  [34mtps: 461  [36mtflops: 1.61  [35mmfu: 0.21%[39m
[titan] 2026-09-13 07:37:19,710 - root - INFO - [31mstep: 45  [32mloss:  2.75575  [38;2;180;60;0mgrad_norm:  1.1719  [38;2;54;234;195mmemory: 12.42GiB(15.68%)  [34mtps: 464  [36mtflops: 1.62  [35mmfu: 0.21%[39m
[titan] 2026-09-13 07:37:19,710 - root - INFO - [31mstep: 45  [32mloss:  2.75575  [38;2;180;60;0mgrad_norm:  1.1719  [38;2;54;234;195mmemory: 12.42GiB(15.68%)  [34mtps: 464  [36mtflops: 1.62  [35mmfu: 0.21%[39m
[titan] 2026-09-13 07:37:21,918 - root - INFO - [31mstep: 46  [32mloss:  2.67515  [38;2;180;60;0mgrad_norm:  1.2344  [38;2;54;234;195mmemory: 12.42GiB(15.68%)  [34mtps: 464  [36mtflops: 1.62  [35mmfu: 0.21%[39m
[titan] 2026-09-13 07:37:21,918 - root - INFO - [31mstep: 46  [32mloss:  2.67515  [38;2;180;60;0mgrad_norm:  1.2344  [38;2;54;234;195mmemory: 12.42GiB(15.68%)  [34mtps: 464  [36mtflops: 1.62  [35mmfu: 0.21%[39m
[titan] 2026-09-13 07:37:24,121 - root - INFO - [31mstep: 47  [32mloss:  2.74147  [38;2;180;60;0mgrad_norm:  1.7500  [38;2;54;234;195mmemory: 12.42GiB(15.68%)  [34mtps: 465  [36mtflops: 1.62  [35mmfu: 0.21%[39m
[titan] 2026-09-13 07:37:24,121 - root - INFO - [31mstep: 47  [32mloss:  2.74147  [38;2;180;60;0mgrad_norm:  1.7500  [38;2;54;234;195mmemory: 12.42GiB(15.68%)  [34mtps: 465  [36mtflops: 1.62  [35mmfu: 0.21%[39m
[titan] 2026-09-13 07:37:26,324 - root - INFO - [31mstep: 48  [32mloss:  2.74272  [38;2;180;60;0mgrad_norm:  1.5156  [38;2;54;234;195mmemory: 12.42GiB(15.68%)  [34mtps: 465  [36mtflops: 1.62  [35mmfu: 0.21%[39m
[titan] 2026-09-13 07:37:26,324 - root - INFO - [31mstep: 48  [32mloss:  2.74272  [38;2;180;60;0mgrad_norm:  1.5156  [38;2;54;234;195mmemory: 12.42GiB(15.68%)  [34mtps: 465  [36mtflops: 1.62  [35mmfu: 0.21%[39m
[titan] 2026-09-13 07:37:28,536 - root - INFO - [31mstep: 49  [32mloss:  2.72789  [38;2;180;60;0mgrad_norm:  1.1406  [38;2;54;234;195mmemory: 12.42GiB(15.68%)  [34mtps: 463  [36mtflops: 1.62  [35mmfu: 0.21%[39m
[titan] 2026-09-13 07:37:28,536 - root - INFO - [31mstep: 49  [32mloss:  2.72789  [38;2;180;60;0mgrad_norm:  1.1406  [38;2;54;234;195mmemory: 12.42GiB(15.68%)  [34mtps: 463  [36mtflops: 1.62  [35mmfu: 0.21%[39m
[titan] 2026-09-13 07:37:29,362 - root - INFO - [GC] Performing periodic GC collection took 0.82 seconds
[titan] 2026-09-13 07:37:29,375 - root - INFO - [GC] Performing periodic GC collection took 0.84 seconds
[titan] 2026-09-13 07:37:31,610 - root - INFO - [31mstep: 50  [32mloss:  2.67879  [38;2;180;60;0mgrad_norm:  1.7656  [38;2;54;234;195mmemory: 12.42GiB(15.68%)  [34mtps: 333  [36mtflops: 1.16  [35mmfu: 0.15%[39m
[titan] 2026-09-13 07:37:31,610 - root - INFO - [31mstep: 50  [32mloss:  2.67879  [38;2;180;60;0mgrad_norm:  1.7656  [38;2;54;234;195mmemory: 12.42GiB(15.68%)  [34mtps: 333  [36mtflops: 1.16  [35mmfu: 0.15%[39m
[titan] 2026-09-13 07:37:33,850 - root - INFO - [31mstep: 51  [32mloss:  2.67325  [38;2;180;60;0mgrad_norm:  1.8516  [38;2;54;234;195mmemory: 12.42GiB(15.68%)  [34mtps: 457  [36mtflops: 1.59  [35mmfu: 0.21%[39m
[titan] 2026-09-13 07:37:33,850 - root - INFO - [31mstep: 51  [32mloss:  2.67325  [38;2;180;60;0mgrad_norm:  1.8516  [38;2;54;234;195mmemory: 12.42GiB(15.68%)  [34mtps: 457  [36mtflops: 1.59  [35mmfu: 0.21%[39m
[titan] 2026-09-13 07:37:36,089 - root - INFO - [31mstep: 52  [32mloss:  2.59992  [38;2;180;60;0mgrad_norm:  1.1797  [38;2;54;234;195mmemory: 12.42GiB(15.68%)  [34mtps: 457  [36mtflops: 1.60  [35mmfu: 0.21%[39m
[titan] 2026-09-13 07:37:36,089 - root - INFO - [31mstep: 52  [32mloss:  2.59992  [38;2;180;60;0mgrad_norm:  1.1797  [38;2;54;234;195mmemory: 12.42GiB(15.68%)  [34mtps: 457  [36mtflops: 1.60  [35mmfu: 0.21%[39m
[titan] 2026-09-13 07:37:38,327 - root - INFO - [31mstep: 53  [32mloss:  2.73321  [38;2;180;60;0mgrad_norm:  1.7891  [38;2;54;234;195mmemory: 12.42GiB(15.68%)  [34mtps: 458  [36mtflops: 1.60  [35mmfu: 0.21%[39m
[titan] 2026-09-13 07:37:38,327 - root - INFO - [31mstep: 53  [32mloss:  2.73321  [38;2;180;60;0mgrad_norm:  1.7891  [38;2;54;234;195mmemory: 12.42GiB(15.68%)  [34mtps: 458  [36mtflops: 1.60  [35mmfu: 0.21%[39m
[titan] 2026-09-13 07:37:40,560 - root - INFO - [31mstep: 54  [32mloss:  2.82558  [38;2;180;60;0mgrad_norm:  1.8828  [38;2;54;234;195mmemory: 12.42GiB(15.68%)  [34mtps: 459  [36mtflops: 1.60  [35mmfu: 0.21%[39m
[titan] 2026-09-13 07:37:40,560 - root - INFO - [31mstep: 54  [32mloss:  2.82558  [38;2;180;60;0mgrad_norm:  1.8828  [38;2;54;234;195mmemory: 12.42GiB(15.68%)  [34mtps: 459  [36mtflops: 1.60  [35mmfu: 0.21%[39m
[titan] 2026-09-13 07:37:42,807 - root - INFO - [31mstep: 55  [32mloss:  2.87468  [38;2;180;60;0mgrad_norm:  1.5781  [38;2;54;234;195mmemory: 12.42GiB(15.68%)  [34mtps: 456  [36mtflops: 1.59  [35mmfu: 0.21%[39m
[titan] 2026-09-13 07:37:42,807 - root - INFO - [31mstep: 55  [32mloss:  2.87468  [38;2;180;60;0mgrad_norm:  1.5781  [38;2;54;234;195mmemory: 12.42GiB(15.68%)  [34mtps: 456  [36mtflops: 1.59  [35mmfu: 0.21%[39m
[titan] 2026-09-13 07:37:45,043 - root - INFO - [31mstep: 56  [32mloss:  2.55784  [38;2;180;60;0mgrad_norm:  1.5469  [38;2;54;234;195mmemory: 12.42GiB(15.68%)  [34mtps: 458  [36mtflops: 1.60  [35mmfu: 0.21%[39m
[titan] 2026-09-13 07:37:45,044 - root - INFO - [31mstep: 56  [32mloss:  2.55784  [38;2;180;60;0mgrad_norm:  1.5469  [38;2;54;234;195mmemory: 12.42GiB(15.68%)  [34mtps: 458  [36mtflops: 1.60  [35mmfu: 0.21%[39m
[titan] 2026-09-13 07:37:47,294 - root - INFO - [31mstep: 57  [32mloss:  2.64815  [38;2;180;60;0mgrad_norm:  1.7031  [38;2;54;234;195mmemory: 12.42GiB(15.68%)  [34mtps: 455  [36mtflops: 1.59  [35mmfu: 0.21%[39m
[titan] 2026-09-13 07:37:47,294 - root - INFO - [31mstep: 57  [32mloss:  2.64815  [38;2;180;60;0mgrad_norm:  1.7031  [38;2;54;234;195mmemory: 12.42GiB(15.68%)  [34mtps: 455  [36mtflops: 1.59  [35mmfu: 0.21%[39m
[titan] 2026-09-13 07:37:49,551 - root - INFO - [31mstep: 58  [32mloss:  2.60713  [38;2;180;60;0mgrad_norm:  1.7109  [38;2;54;234;195mmemory: 12.42GiB(15.68%)  [34mtps: 454  [36mtflops: 1.58  [35mmfu: 0.21%[39m
[titan] 2026-09-13 07:37:49,551 - root - INFO - [31mstep: 58  [32mloss:  2.60713  [38;2;180;60;0mgrad_norm:  1.7109  [38;2;54;234;195mmemory: 12.42GiB(15.68%)  [34mtps: 454  [36mtflops: 1.58  [35mmfu: 0.21%[39m
[titan] 2026-09-13 07:37:51,794 - root - INFO - [31mstep: 59  [32mloss:  2.59435  [38;2;180;60;0mgrad_norm:  1.3594  [38;2;54;234;195mmemory: 12.42GiB(15.68%)  [34mtps: 457  [36mtflops: 1.59  [35mmfu: 0.21%[39m
[titan] 2026-09-13 07:37:51,794 - root - INFO - [31mstep: 59  [32mloss:  2.59435  [38;2;180;60;0mgrad_norm:  1.3594  [38;2;54;234;195mmemory: 12.42GiB(15.68%)  [34mtps: 457  [36mtflops: 1.59  [35mmfu: 0.21%[39m
[titan] 2026-09-13 07:37:54,051 - root - INFO - [31mstep: 60  [32mloss:  2.55496  [38;2;180;60;0mgrad_norm:  1.8281  [38;2;54;234;195mmemory: 12.42GiB(15.68%)  [34mtps: 454  [36mtflops: 1.58  [35mmfu: 0.21%[39m
[titan] 2026-09-13 07:37:54,051 - root - INFO - [31mstep: 60  [32mloss:  2.55496  [38;2;180;60;0mgrad_norm:  1.8281  [38;2;54;234;195mmemory: 12.42GiB(15.68%)  [34mtps: 454  [36mtflops: 1.58  [35mmfu: 0.21%[39m
[titan] 2026-09-13 07:37:56,313 - root - INFO - [31mstep: 61  [32mloss:  2.60860  [38;2;180;60;0mgrad_norm:  1.9688  [38;2;54;234;195mmemory: 12.42GiB(15.68%)  [34mtps: 453  [36mtflops: 1.58  [35mmfu: 0.21%[39m
[titan] 2026-09-13 07:37:56,313 - root - INFO - [31mstep: 61  [32mloss:  2.60860  [38;2;180;60;0mgrad_norm:  1.9688  [38;2;54;234;195mmemory: 12.42GiB(15.68%)  [34mtps: 453  [36mtflops: 1.58  [35mmfu: 0.21%[39m
[titan] 2026-09-13 07:37:58,570 - root - INFO - [31mstep: 62  [32mloss:  2.71159  [38;2;180;60;0mgrad_norm:  1.5312  [38;2;54;234;195mmemory: 12.42GiB(15.68%)  [34mtps: 454  [36mtflops: 1.58  [35mmfu: 0.21%[39m
[titan] 2026-09-13 07:37:58,570 - root - INFO - [31mstep: 62  [32mloss:  2.71159  [38;2;180;60;0mgrad_norm:  1.5312  [38;2;54;234;195mmemory: 12.42GiB(15.68%)  [34mtps: 454  [36mtflops: 1.58  [35mmfu: 0.21%[39m
[titan] 2026-09-13 07:38:00,820 - root - INFO - [31mstep: 63  [32mloss:  2.68724  [38;2;180;60;0mgrad_norm:  1.3984  [38;2;54;234;195mmemory: 12.42GiB(15.68%)  [34mtps: 455  [36mtflops: 1.59  [35mmfu: 0.21%[39m
[titan] 2026-09-13 07:38:00,820 - root - INFO - [31mstep: 63  [32mloss:  2.68724  [38;2;180;60;0mgrad_norm:  1.3984  [38;2;54;234;195mmemory: 12.42GiB(15.68%)  [34mtps: 455  [36mtflops: 1.59  [35mmfu: 0.21%[39m
[titan] 2026-09-13 07:38:03,077 - root - INFO - [31mstep: 64  [32mloss:  2.66289  [38;2;180;60;0mgrad_norm:  1.7500  [38;2;54;234;195mmemory: 12.42GiB(15.68%)  [34mtps: 454  [36mtflops: 1.58  [35mmfu: 0.21%[39m
[titan] 2026-09-13 07:38:03,077 - root - INFO - [31mstep: 64  [32mloss:  2.66289  [38;2;180;60;0mgrad_norm:  1.7500  [38;2;54;234;195mmemory: 12.42GiB(15.68%)  [34mtps: 454  [36mtflops: 1.58  [35mmfu: 0.21%[39m
[titan] 2026-09-13 07:38:05,335 - root - INFO - [31mstep: 65  [32mloss:  2.70016  [38;2;180;60;0mgrad_norm:  1.6562  [38;2;54;234;195mmemory: 12.42GiB(15.68%)  [34mtps: 453  [36mtflops: 1.58  [35mmfu: 0.21%[39m
[titan] 2026-09-13 07:38:05,335 - root - INFO - [31mstep: 65  [32mloss:  2.70016  [38;2;180;60;0mgrad_norm:  1.6562  [38;2;54;234;195mmemory: 12.42GiB(15.68%)  [34mtps: 453  [36mtflops: 1.58  [35mmfu: 0.21%[39m
[titan] 2026-09-13 07:38:07,603 - root - INFO - [31mstep: 66  [32mloss:  2.57721  [38;2;180;60;0mgrad_norm:  1.2891  [38;2;54;234;195mmemory: 12.42GiB(15.68%)  [34mtps: 452  [36mtflops: 1.58  [35mmfu: 0.21%[39m
[titan] 2026-09-13 07:38:07,603 - root - INFO - [31mstep: 66  [32mloss:  2.57721  [38;2;180;60;0mgrad_norm:  1.2891  [38;2;54;234;195mmemory: 12.42GiB(15.68%)  [34mtps: 452  [36mtflops: 1.58  [35mmfu: 0.21%[39m
[titan] 2026-09-13 07:38:09,865 - root - INFO - [31mstep: 67  [32mloss:  2.51243  [38;2;180;60;0mgrad_norm:  1.5234  [38;2;54;234;195mmemory: 12.42GiB(15.68%)  [34mtps: 453  [36mtflops: 1.58  [35mmfu: 0.21%[39m
[titan] 2026-09-13 07:38:09,865 - root - INFO - [31mstep: 67  [32mloss:  2.51243  [38;2;180;60;0mgrad_norm:  1.5234  [38;2;54;234;195mmemory: 12.42GiB(15.68%)  [34mtps: 453  [36mtflops: 1.58  [35mmfu: 0.21%[39m
[titan] 2026-09-13 07:38:12,118 - root - INFO - [31mstep: 68  [32mloss:  2.57668  [38;2;180;60;0mgrad_norm:  1.6484  [38;2;54;234;195mmemory: 12.42GiB(15.68%)  [34mtps: 455  [36mtflops: 1.59  [35mmfu: 0.21%[39m
[titan] 2026-09-13 07:38:12,118 - root - INFO - [31mstep: 68  [32mloss:  2.57668  [38;2;180;60;0mgrad_norm:  1.6484  [38;2;54;234;195mmemory: 12.42GiB(15.68%)  [34mtps: 455  [36mtflops: 1.59  [35mmfu: 0.21%[39m
[titan] 2026-09-13 07:38:14,380 - root - INFO - [31mstep: 69  [32mloss:  2.72921  [38;2;180;60;0mgrad_norm:  1.5078  [38;2;54;234;195mmemory: 12.42GiB(15.68%)  [34mtps: 453  [36mtflops: 1.58  [35mmfu: 0.21%[39m
[titan] 2026-09-13 07:38:14,380 - root - INFO - [31mstep: 69  [32mloss:  2.72921  [38;2;180;60;0mgrad_norm:  1.5078  [38;2;54;234;195mmemory: 12.42GiB(15.68%)  [34mtps: 453  [36mtflops: 1.58  [35mmfu: 0.21%[39m
[titan] 2026-09-13 07:38:16,639 - root - INFO - [31mstep: 70  [32mloss:  2.71315  [38;2;180;60;0mgrad_norm:  1.6406  [38;2;54;234;195mmemory: 12.42GiB(15.68%)  [34mtps: 453  [36mtflops: 1.58  [35mmfu: 0.21%[39m
[titan] 2026-09-13 07:38:16,639 - root - INFO - [31mstep: 70  [32mloss:  2.71315  [38;2;180;60;0mgrad_norm:  1.6406  [38;2;54;234;195mmemory: 12.42GiB(15.68%)  [34mtps: 453  [36mtflops: 1.58  [35mmfu: 0.21%[39m
[titan] 2026-09-13 07:38:18,895 - root - INFO - [31mstep: 71  [32mloss:  2.47107  [38;2;180;60;0mgrad_norm:  1.6094  [38;2;54;234;195mmemory: 12.42GiB(15.68%)  [34mtps: 454  [36mtflops: 1.58  [35mmfu: 0.21%[39m
[titan] 2026-09-13 07:38:18,895 - root - INFO - [31mstep: 71  [32mloss:  2.47107  [38;2;180;60;0mgrad_norm:  1.6094  [38;2;54;234;195mmemory: 12.42GiB(15.68%)  [34mtps: 454  [36mtflops: 1.58  [35mmfu: 0.21%[39m
[titan] 2026-09-13 07:38:21,147 - root - INFO - [31mstep: 72  [32mloss:  2.52624  [38;2;180;60;0mgrad_norm:  1.5703  [38;2;54;234;195mmemory: 12.42GiB(15.68%)  [34mtps: 455  [36mtflops: 1.59  [35mmfu: 0.21%[39m
[titan] 2026-09-13 07:38:21,147 - root - INFO - [31mstep: 72  [32mloss:  2.52624  [38;2;180;60;0mgrad_norm:  1.5703  [38;2;54;234;195mmemory: 12.42GiB(15.68%)  [34mtps: 455  [36mtflops: 1.59  [35mmfu: 0.21%[39m
[titan] 2026-09-13 07:38:23,400 - root - INFO - [31mstep: 73  [32mloss:  2.48944  [38;2;180;60;0mgrad_norm:  1.5625  [38;2;54;234;195mmemory: 12.42GiB(15.68%)  [34mtps: 455  [36mtflops: 1.59  [35mmfu: 0.21%[39m
[titan] 2026-09-13 07:38:23,400 - root - INFO - [31mstep: 73  [32mloss:  2.48944  [38;2;180;60;0mgrad_norm:  1.5625  [38;2;54;234;195mmemory: 12.42GiB(15.68%)  [34mtps: 455  [36mtflops: 1.59  [35mmfu: 0.21%[39m
[titan] 2026-09-13 07:38:25,651 - root - INFO - [31mstep: 74  [32mloss:  2.50363  [38;2;180;60;0mgrad_norm:  1.0000  [38;2;54;234;195mmemory: 12.42GiB(15.68%)  [34mtps: 455  [36mtflops: 1.59  [35mmfu: 0.21%[39m
[titan] 2026-09-13 07:38:25,651 - root - INFO - [31mstep: 74  [32mloss:  2.50363  [38;2;180;60;0mgrad_norm:  1.0000  [38;2;54;234;195mmemory: 12.42GiB(15.68%)  [34mtps: 455  [36mtflops: 1.59  [35mmfu: 0.21%[39m
[titan] 2026-09-13 07:38:27,909 - root - INFO - [31mstep: 75  [32mloss:  2.62925  [38;2;180;60;0mgrad_norm:  1.5938  [38;2;54;234;195mmemory: 12.42GiB(15.68%)  [34mtps: 453  [36mtflops: 1.58  [35mmfu: 0.21%[39m
[titan] 2026-09-13 07:38:27,909 - root - INFO - [31mstep: 75  [32mloss:  2.62925  [38;2;180;60;0mgrad_norm:  1.5938  [38;2;54;234;195mmemory: 12.42GiB(15.68%)  [34mtps: 453  [36mtflops: 1.58  [35mmfu: 0.21%[39m
[titan] 2026-09-13 07:38:30,170 - root - INFO - [31mstep: 76  [32mloss:  2.44748  [38;2;180;60;0mgrad_norm:  1.1172  [38;2;54;234;195mmemory: 12.42GiB(15.68%)  [34mtps: 453  [36mtflops: 1.58  [35mmfu: 0.21%[39m
[titan] 2026-09-13 07:38:30,170 - root - INFO - [31mstep: 76  [32mloss:  2.44748  [38;2;180;60;0mgrad_norm:  1.1172  [38;2;54;234;195mmemory: 12.42GiB(15.68%)  [34mtps: 453  [36mtflops: 1.58  [35mmfu: 0.21%[39m
[titan] 2026-09-13 07:38:32,448 - root - INFO - [31mstep: 77  [32mloss:  2.53392  [38;2;180;60;0mgrad_norm:  1.0391  [38;2;54;234;195mmemory: 12.42GiB(15.68%)  [34mtps: 449  [36mtflops: 1.57  [35mmfu: 0.21%[39m
[titan] 2026-09-13 07:38:32,448 - root - INFO - [31mstep: 77  [32mloss:  2.53392  [38;2;180;60;0mgrad_norm:  1.0391  [38;2;54;234;195mmemory: 12.42GiB(15.68%)  [34mtps: 449  [36mtflops: 1.57  [35mmfu: 0.21%[39m
[titan] 2026-09-13 07:38:34,694 - root - INFO - [31mstep: 78  [32mloss:  2.48363  [38;2;180;60;0mgrad_norm:  1.3203  [38;2;54;234;195mmemory: 12.42GiB(15.68%)  [34mtps: 456  [36mtflops: 1.59  [35mmfu: 0.21%[39m
[titan] 2026-09-13 07:38:34,694 - root - INFO - [31mstep: 78  [32mloss:  2.48363  [38;2;180;60;0mgrad_norm:  1.3203  [38;2;54;234;195mmemory: 12.42GiB(15.68%)  [34mtps: 456  [36mtflops: 1.59  [35mmfu: 0.21%[39m
[titan] 2026-09-13 07:38:36,978 - root - INFO - [31mstep: 79  [32mloss:  2.50573  [38;2;180;60;0mgrad_norm:  1.2188  [38;2;54;234;195mmemory: 12.42GiB(15.68%)  [34mtps: 448  [36mtflops: 1.56  [35mmfu: 0.21%[39m
[titan] 2026-09-13 07:38:36,978 - root - INFO - [31mstep: 79  [32mloss:  2.50573  [38;2;180;60;0mgrad_norm:  1.2188  [38;2;54;234;195mmemory: 12.42GiB(15.68%)  [34mtps: 448  [36mtflops: 1.56  [35mmfu: 0.21%[39m
[titan] 2026-09-13 07:38:39,230 - root - INFO - [31mstep: 80  [32mloss:  2.56508  [38;2;180;60;0mgrad_norm:  1.1562  [38;2;54;234;195mmemory: 12.42GiB(15.68%)  [34mtps: 455  [36mtflops: 1.59  [35mmfu: 0.21%[39m
[titan] 2026-09-13 07:38:39,230 - root - INFO - [31mstep: 80  [32mloss:  2.56508  [38;2;180;60;0mgrad_norm:  1.1562  [38;2;54;234;195mmemory: 12.42GiB(15.68%)  [34mtps: 455  [36mtflops: 1.59  [35mmfu: 0.21%[39m
[titan] 2026-09-13 07:38:41,495 - root - INFO - [31mstep: 81  [32mloss:  2.51443  [38;2;180;60;0mgrad_norm:  1.1719  [38;2;54;234;195mmemory: 12.42GiB(15.68%)  [34mtps: 452  [36mtflops: 1.58  [35mmfu: 0.21%[39m
[titan] 2026-09-13 07:38:41,495 - root - INFO - [31mstep: 81  [32mloss:  2.51443  [38;2;180;60;0mgrad_norm:  1.1719  [38;2;54;234;195mmemory: 12.42GiB(15.68%)  [34mtps: 452  [36mtflops: 1.58  [35mmfu: 0.21%[39m
[titan] 2026-09-13 07:38:43,753 - root - INFO - [31mstep: 82  [32mloss:  2.48186  [38;2;180;60;0mgrad_norm:  1.1328  [38;2;54;234;195mmemory: 12.42GiB(15.68%)  [34mtps: 454  [36mtflops: 1.58  [35mmfu: 0.21%[39m
[titan] 2026-09-13 07:38:43,753 - root - INFO - [31mstep: 82  [32mloss:  2.48186  [38;2;180;60;0mgrad_norm:  1.1328  [38;2;54;234;195mmemory: 12.42GiB(15.68%)  [34mtps: 454  [36mtflops: 1.58  [35mmfu: 0.21%[39m
[titan] 2026-09-13 07:38:46,013 - root - INFO - [31mstep: 83  [32mloss:  2.49420  [38;2;180;60;0mgrad_norm:  0.9453  [38;2;54;234;195mmemory: 12.42GiB(15.68%)  [34mtps: 453  [36mtflops: 1.58  [35mmfu: 0.21%[39m
[titan] 2026-09-13 07:38:46,013 - root - INFO - [31mstep: 83  [32mloss:  2.49420  [38;2;180;60;0mgrad_norm:  0.9453  [38;2;54;234;195mmemory: 12.42GiB(15.68%)  [34mtps: 453  [36mtflops: 1.58  [35mmfu: 0.21%[39m
[titan] 2026-09-13 07:38:48,264 - root - INFO - [31mstep: 84  [32mloss:  2.47811  [38;2;180;60;0mgrad_norm:  0.9727  [38;2;54;234;195mmemory: 12.42GiB(15.68%)  [34mtps: 455  [36mtflops: 1.59  [35mmfu: 0.21%[39m
[titan] 2026-09-13 07:38:48,264 - root - INFO - [31mstep: 84  [32mloss:  2.47811  [38;2;180;60;0mgrad_norm:  0.9727  [38;2;54;234;195mmemory: 12.42GiB(15.68%)  [34mtps: 455  [36mtflops: 1.59  [35mmfu: 0.21%[39m
[titan] 2026-09-13 07:38:50,521 - root - INFO - [31mstep: 85  [32mloss:  2.54858  [38;2;180;60;0mgrad_norm:  1.0625  [38;2;54;234;195mmemory: 12.42GiB(15.68%)  [34mtps: 454  [36mtflops: 1.58  [35mmfu: 0.21%[39m
[titan] 2026-09-13 07:38:50,521 - root - INFO - [31mstep: 85  [32mloss:  2.54858  [38;2;180;60;0mgrad_norm:  1.0625  [38;2;54;234;195mmemory: 12.42GiB(15.68%)  [34mtps: 454  [36mtflops: 1.58  [35mmfu: 0.21%[39m
[titan] 2026-09-13 07:38:52,778 - root - INFO - [31mstep: 86  [32mloss:  2.45257  [38;2;180;60;0mgrad_norm:  1.0781  [38;2;54;234;195mmemory: 12.42GiB(15.68%)  [34mtps: 454  [36mtflops: 1.58  [35mmfu: 0.21%[39m
[titan] 2026-09-13 07:38:52,778 - root - INFO - [31mstep: 86  [32mloss:  2.45257  [38;2;180;60;0mgrad_norm:  1.0781  [38;2;54;234;195mmemory: 12.42GiB(15.68%)  [34mtps: 454  [36mtflops: 1.58  [35mmfu: 0.21%[39m
[titan] 2026-09-13 07:38:55,037 - root - INFO - [31mstep: 87  [32mloss:  2.53257  [38;2;180;60;0mgrad_norm:  1.0469  [38;2;54;234;195mmemory: 12.42GiB(15.68%)  [34mtps: 453  [36mtflops: 1.58  [35mmfu: 0.21%[39m
[titan] 2026-09-13 07:38:55,037 - root - INFO - [31mstep: 87  [32mloss:  2.53257  [38;2;180;60;0mgrad_norm:  1.0469  [38;2;54;234;195mmemory: 12.42GiB(15.68%)  [34mtps: 453  [36mtflops: 1.58  [35mmfu: 0.21%[39m
[titan] 2026-09-13 07:38:57,301 - root - INFO - [31mstep: 88  [32mloss:  2.55771  [38;2;180;60;0mgrad_norm:  0.7500  [38;2;54;234;195mmemory: 12.42GiB(15.68%)  [34mtps: 452  [36mtflops: 1.58  [35mmfu: 0.21%[39m
[titan] 2026-09-13 07:38:57,301 - root - INFO - [31mstep: 88  [32mloss:  2.55771  [38;2;180;60;0mgrad_norm:  0.7500  [38;2;54;234;195mmemory: 12.42GiB(15.68%)  [34mtps: 452  [36mtflops: 1.58  [35mmfu: 0.21%[39m
[titan] 2026-09-13 07:38:59,560 - root - INFO - [31mstep: 89  [32mloss:  2.51883  [38;2;180;60;0mgrad_norm:  1.5703  [38;2;54;234;195mmemory: 12.42GiB(15.68%)  [34mtps: 453  [36mtflops: 1.58  [35mmfu: 0.21%[39m
[titan] 2026-09-13 07:38:59,561 - root - INFO - [31mstep: 89  [32mloss:  2.51883  [38;2;180;60;0mgrad_norm:  1.5703  [38;2;54;234;195mmemory: 12.42GiB(15.68%)  [34mtps: 453  [36mtflops: 1.58  [35mmfu: 0.21%[39m
[titan] 2026-09-13 07:39:01,817 - root - INFO - [31mstep: 90  [32mloss:  2.44379  [38;2;180;60;0mgrad_norm:  1.0859  [38;2;54;234;195mmemory: 12.42GiB(15.68%)  [34mtps: 454  [36mtflops: 1.58  [35mmfu: 0.21%[39m
[titan] 2026-09-13 07:39:01,817 - root - INFO - [31mstep: 90  [32mloss:  2.44379  [38;2;180;60;0mgrad_norm:  1.0859  [38;2;54;234;195mmemory: 12.42GiB(15.68%)  [34mtps: 454  [36mtflops: 1.58  [35mmfu: 0.21%[39m
[titan] 2026-09-13 07:39:04,069 - root - INFO - [31mstep: 91  [32mloss:  2.56541  [38;2;180;60;0mgrad_norm:  1.2188  [38;2;54;234;195mmemory: 12.42GiB(15.68%)  [34mtps: 455  [36mtflops: 1.59  [35mmfu: 0.21%[39m
[titan] 2026-09-13 07:39:04,069 - root - INFO - [31mstep: 91  [32mloss:  2.56541  [38;2;180;60;0mgrad_norm:  1.2188  [38;2;54;234;195mmemory: 12.42GiB(15.68%)  [34mtps: 455  [36mtflops: 1.59  [35mmfu: 0.21%[39m
[titan] 2026-09-13 07:39:06,319 - root - INFO - [31mstep: 92  [32mloss:  2.49532  [38;2;180;60;0mgrad_norm:  1.1641  [38;2;54;234;195mmemory: 12.42GiB(15.68%)  [34mtps: 455  [36mtflops: 1.59  [35mmfu: 0.21%[39m
[titan] 2026-09-13 07:39:06,319 - root - INFO - [31mstep: 92  [32mloss:  2.49532  [38;2;180;60;0mgrad_norm:  1.1641  [38;2;54;234;195mmemory: 12.42GiB(15.68%)  [34mtps: 455  [36mtflops: 1.59  [35mmfu: 0.21%[39m
[titan] 2026-09-13 07:39:08,580 - root - INFO - [31mstep: 93  [32mloss:  2.59560  [38;2;180;60;0mgrad_norm:  0.9375  [38;2;54;234;195mmemory: 12.42GiB(15.68%)  [34mtps: 453  [36mtflops: 1.58  [35mmfu: 0.21%[39m
[titan] 2026-09-13 07:39:08,580 - root - INFO - [31mstep: 93  [32mloss:  2.59560  [38;2;180;60;0mgrad_norm:  0.9375  [38;2;54;234;195mmemory: 12.42GiB(15.68%)  [34mtps: 453  [36mtflops: 1.58  [35mmfu: 0.21%[39m
[titan] 2026-09-13 07:39:10,832 - root - INFO - [31mstep: 94  [32mloss:  2.43446  [38;2;180;60;0mgrad_norm:  0.9453  [38;2;54;234;195mmemory: 12.42GiB(15.68%)  [34mtps: 455  [36mtflops: 1.59  [35mmfu: 0.21%[39m
[titan] 2026-09-13 07:39:10,832 - root - INFO - [31mstep: 94  [32mloss:  2.43446  [38;2;180;60;0mgrad_norm:  0.9453  [38;2;54;234;195mmemory: 12.42GiB(15.68%)  [34mtps: 455  [36mtflops: 1.59  [35mmfu: 0.21%[39m
[titan] 2026-09-13 07:39:13,090 - root - INFO - [31mstep: 95  [32mloss:  2.54747  [38;2;180;60;0mgrad_norm:  0.8906  [38;2;54;234;195mmemory: 12.42GiB(15.68%)  [34mtps: 453  [36mtflops: 1.58  [35mmfu: 0.21%[39m
[titan] 2026-09-13 07:39:13,090 - root - INFO - [31mstep: 95  [32mloss:  2.54747  [38;2;180;60;0mgrad_norm:  0.8906  [38;2;54;234;195mmemory: 12.42GiB(15.68%)  [34mtps: 453  [36mtflops: 1.58  [35mmfu: 0.21%[39m
[titan] 2026-09-13 07:39:15,340 - root - INFO - [31mstep: 96  [32mloss:  2.50181  [38;2;180;60;0mgrad_norm:  0.9023  [38;2;54;234;195mmemory: 12.42GiB(15.68%)  [34mtps: 455  [36mtflops: 1.59  [35mmfu: 0.21%[39m
[titan] 2026-09-13 07:39:15,340 - root - INFO - [31mstep: 96  [32mloss:  2.50181  [38;2;180;60;0mgrad_norm:  0.9023  [38;2;54;234;195mmemory: 12.42GiB(15.68%)  [34mtps: 455  [36mtflops: 1.59  [35mmfu: 0.21%[39m
[titan] 2026-09-13 07:39:17,602 - root - INFO - [31mstep: 97  [32mloss:  2.42786  [38;2;180;60;0mgrad_norm:  1.0938  [38;2;54;234;195mmemory: 12.42GiB(15.68%)  [34mtps: 453  [36mtflops: 1.58  [35mmfu: 0.21%[39m
[titan] 2026-09-13 07:39:17,602 - root - INFO - [31mstep: 97  [32mloss:  2.42786  [38;2;180;60;0mgrad_norm:  1.0938  [38;2;54;234;195mmemory: 12.42GiB(15.68%)  [34mtps: 453  [36mtflops: 1.58  [35mmfu: 0.21%[39m
[titan] 2026-09-13 07:39:19,849 - root - INFO - [31mstep: 98  [32mloss:  2.56790  [38;2;180;60;0mgrad_norm:  0.8359  [38;2;54;234;195mmemory: 12.42GiB(15.68%)  [34mtps: 456  [36mtflops: 1.59  [35mmfu: 0.21%[39m
[titan] 2026-09-13 07:39:19,849 - root - INFO - [31mstep: 98  [32mloss:  2.56790  [38;2;180;60;0mgrad_norm:  0.8359  [38;2;54;234;195mmemory: 12.42GiB(15.68%)  [34mtps: 456  [36mtflops: 1.59  [35mmfu: 0.21%[39m
[titan] 2026-09-13 07:39:22,116 - root - INFO - [31mstep: 99  [32mloss:  2.55449  [38;2;180;60;0mgrad_norm:  0.7422  [38;2;54;234;195mmemory: 12.42GiB(15.68%)  [34mtps: 452  [36mtflops: 1.58  [35mmfu: 0.21%[39m
[titan] 2026-09-13 07:39:22,116 - root - INFO - [31mstep: 99  [32mloss:  2.55449  [38;2;180;60;0mgrad_norm:  0.7422  [38;2;54;234;195mmemory: 12.42GiB(15.68%)  [34mtps: 452  [36mtflops: 1.58  [35mmfu: 0.21%[39m
[titan] 2026-09-13 07:39:22,808 - root - INFO - [GC] Performing periodic GC collection took 0.69 seconds
[titan] 2026-09-13 07:39:22,812 - root - INFO - [GC] Performing periodic GC collection took 0.69 seconds
[titan] 2026-09-13 07:39:25,056 - root - INFO - [31mstep: 100  [32mloss:  2.44323  [38;2;180;60;0mgrad_norm:  1.0312  [38;2;54;234;195mmemory: 12.42GiB(15.68%)  [34mtps: 348  [36mtflops: 1.22  [35mmfu: 0.16%[39m
[titan] 2026-09-13 07:39:25,056 - root - INFO - [31mstep: 100  [32mloss:  2.44323  [38;2;180;60;0mgrad_norm:  1.0312  [38;2;54;234;195mmemory: 12.42GiB(15.68%)  [34mtps: 348  [36mtflops: 1.22  [35mmfu: 0.16%[39m
[titan] 2026-09-13 07:39:25,059 - root - INFO - Saving the checkpoint.
[titan] 2026-09-13 07:39:25,059 - root - INFO - Saving a full checkpoint at last step, step 100.
[titan] 2026-09-13 07:39:25,059 - root - INFO - Saving the checkpoint.
[titan] 2026-09-13 07:39:25,059 - root - INFO - Saving a full checkpoint at last step, step 100.
[titan] 2026-09-13 07:39:34,385 - root - INFO - [GC] GC collection invoked by checkpointer. took 0.05 seconds
[titan] 2026-09-13 07:39:34,395 - root - INFO - Last step checkpoint completed in 9.34s
[titan] 2026-09-13 07:39:34,395 - root - INFO - Sleeping 2 seconds for other ranks to complete
[titan] 2026-09-13 07:39:34,559 - root - INFO - [GC] GC collection invoked by checkpointer. took 0.19 seconds
[titan] 2026-09-13 07:39:34,566 - root - INFO - Last step checkpoint completed in 9.51s
[titan] 2026-09-13 07:39:34,567 - root - INFO - Training completed
[titan] 2026-09-13 07:39:34,575 - root - INFO - Destroying the purge thread.
[titan] 2026-09-13 07:39:36,395 - root - INFO - Training completed
[titan] 2026-09-13 07:39:36,402 - root - INFO - Destroying the purge thread.
[titan] 2026-09-13 07:39:36,409 - root - INFO - Process group destroyed
[titan] 2026-09-13 07:39:36,798 - root - INFO - Process group destroyed
