W0913 07:10:41.743000 4811 torch/distributed/run.py:982] 
W0913 07:10:41.743000 4811 torch/distributed/run.py:982] *****************************************
W0913 07:10:41.743000 4811 torch/distributed/run.py:982] Setting OMP_NUM_THREADS environment variable for each process to be 1 in default, to avoid your system being overloaded, please further tune the variable for optimal performance in your application as needed. 
W0913 07:10:41.743000 4811 torch/distributed/run.py:982] *****************************************
WARNING:absl:Failed to load jax profiler: No module named 'jax'
WARNING:absl:Failed to load jax profiler: No module named 'jax'
[titan] 2026-09-13 07:10:46,671 - root - INFO - torchtitan version: 0.0.0+unknown (0.0.0 means __version__ is not defined correctly).
[titan] 2026-09-13 07:10:46,837 - root - INFO - torchtitan version: 0.0.0+unknown (0.0.0 means __version__ is not defined correctly).
[titan] 2026-09-13 07:10:47,304 - root - WARNING - initial_load_model_only=True has no effect without an initial_load_path.
[titan] 2026-09-13 07:10:47,377 - root - WARNING - initial_load_model_only=True has no effect without an initial_load_path.
[titan] 2026-09-13 07:10:47,378 - torchtitan.observability.structured_logger.jsonl_handler - INFO - Structured logging -> JSONL: /workspace/out_c4/c4_vp2c/structured_logs/training.global_rank_0.20260913-071047-QV5VCF.jsonl
[titan] 2026-09-13 07:10:47,440 - root - WARNING - initial_load_model_only=True has no effect without an initial_load_path.
[titan] 2026-09-13 07:10:47,513 - root - WARNING - initial_load_model_only=True has no effect without an initial_load_path.
[titan] 2026-09-13 07:10:47,514 - torchtitan.observability.structured_logger.jsonl_handler - INFO - Structured logging -> JSONL: /workspace/out_c4/c4_vp2c/structured_logs/training.global_rank_1.20260913-071047-INT08A.jsonl
[titan] 2026-09-13 07:10:47,826 - root - WARNING - ENV[TORCH_NCCL_ASYNC_ERROR_HANDLING] = 1 will be overridden to 3 based on job config
[titan] 2026-09-13 07:10:47,865 - root - WARNING - ENV[TORCH_NCCL_ASYNC_ERROR_HANDLING] = 1 will be overridden to 3 based on job config
[titan] 2026-09-13 07:10:48,225 - root - INFO - [GC] Initial GC collection took 0.00 seconds
[titan] 2026-09-13 07:10:48,225 - root - INFO - Deterministic algorithm enabled (expect perf degradation).
[titan] 2026-09-13 07:10:48,227 - root - INFO - [GC] Initial GC collection took 0.00 seconds
[titan] 2026-09-13 07:10:48,227 - root - INFO - Deterministic algorithm enabled (expect perf degradation).
[titan] 2026-09-13 07:10:48,235 - root - INFO - Building device mesh with parallelism: pp=2, dp_replicate=1, dp_shard=1, cp=1, tp=1, ep=1
[titan] 2026-09-13 07:10:48,239 - root - INFO - Building device mesh with parallelism: pp=2, dp_replicate=1, dp_shard=1, cp=1, tp=1, ep=1
[titan] 2026-09-13 07:10:48,633 - root - INFO - Successfully created meshes with active dimensions: ['pp']
[titan] 2026-09-13 07:10:48,634 - root - INFO - Successfully created meshes with active dimensions: ['pp']
[titan] 2026-09-13 07:10:48,641 - root - INFO - Building kimi_k3 debugmodel
[titan] 2026-09-13 07:10:48,641 - root - INFO - Building kimi_k3 debugmodel
[titan] 2026-09-13 07:10:48,788 - root - INFO - CUDA capacity: NVIDIA H100 PCIe with 79.18GiB memory
[titan] 2026-09-13 07:10:48,789 - root - WARNING - Error running lspci: [Errno 2] No such file or directory: 'lspci', fallback to use device_name
[titan] 2026-09-13 07:10:48,790 - root - INFO - CUDA capacity: NVIDIA H100 PCIe with 79.18GiB memory
[titan] 2026-09-13 07:10:48,791 - root - WARNING - Error running lspci: [Errno 2] No such file or directory: 'lspci', fallback to use device_name
[titan] 2026-09-13 07:10:48,794 - root - INFO - Total parameter count: 1,119,984,672, active parameters: 535,879,200
[titan] 2026-09-13 07:10:48,794 - root - INFO - [34mModel kimi_k3 debugmodel [31msize: 1,119,984,672 total parameters[39m
[titan] 2026-09-13 07:10:48,796 - root - INFO - Total parameter count: 1,119,984,672, active parameters: 535,879,200
[titan] 2026-09-13 07:10:48,796 - root - INFO - [34mModel kimi_k3 debugmodel [31msize: 1,119,984,672 total parameters[39m
[rank1]:W0913 07:10:48.877000 4949 torch/_logging/_internal.py:1394] Pipeline parallelism is using an eager NCCL communicator. Consider creating its process group with backend="nccl-lazy" so peer communicators are initialized lazily and traffic to different peers can overlap.
[titan] 2026-09-13 07:10:48,878 - root - INFO - PP rank 1 is building stage_idx 1 with modules ['layers.6', 'layers.7', 'layers.8', 'layers.9', 'layers.10', 'layers.11', 'layers.12']
[rank0]:W0913 07:10:48.879000 4948 torch/_logging/_internal.py:1394] Pipeline parallelism is using an eager NCCL communicator. Consider creating its process group with backend="nccl-lazy" so peer communicators are initialized lazily and traffic to different peers can overlap.
[titan] 2026-09-13 07:10:48,879 - root - INFO - PP rank 0 is building stage_idx 0 with modules ['vision_encoder', 'tok_embeddings', 'layers.0', 'layers.1', 'layers.2', 'layers.3', 'layers.4', 'layers.5']
[titan] 2026-09-13 07:10:48,958 - root - INFO - PP rank 1 is building stage_idx 3 with modules ['layers.19', 'layers.20', 'layers.21', 'layers.22', 'layers.23', 'norm', 'lm_head', 'output_res_proj', 'output_res_norm']
[titan] 2026-09-13 07:10:48,960 - root - INFO - PP rank 0 is building stage_idx 2 with modules ['layers.13', 'layers.14', 'layers.15', 'layers.16', 'layers.17', 'layers.18']
[titan] 2026-09-13 07:10:48,973 - root - INFO - Applied SelectiveAC activation checkpointing to the model
[titan] 2026-09-13 07:10:48,973 - root - INFO - Applied SelectiveAC activation checkpointing to the model
[titan] 2026-09-13 07:10:48,975 - root - INFO - Applied SelectiveAC activation checkpointing to the model
[titan] 2026-09-13 07:10:49,033 - root - INFO - Applied FSDP to the model
[titan] 2026-09-13 07:10:49,040 - root - INFO - Applied SelectiveAC activation checkpointing to the model
[titan] 2026-09-13 07:10:49,055 - root - INFO - Applied FSDP to the model
[titan] 2026-09-13 07:10:49,059 - root - INFO - Applied FSDP to the model
[titan] 2026-09-13 07:10:49,060 - root - INFO - Using pipeline schedule Interleaved1F1B with 4 microbatches and 4 stages.
[titan] 2026-09-13 07:10:49,060 - root - INFO - Kimi K3 pipeline: 2 stage(s) on this rank [1, 3], block transport delta with rank store
[titan] 2026-09-13 07:10:49,063 - root - INFO - Applied SelectiveAC activation checkpointing to the model
[titan] 2026-09-13 07:10:49,085 - root - INFO - Applied FSDP to the model
[titan] 2026-09-13 07:10:49,085 - root - INFO - Using pipeline schedule Interleaved1F1B with 4 microbatches and 4 stages.
[titan] 2026-09-13 07:10:49,085 - root - INFO - Kimi K3 pipeline: 2 stage(s) on this rank [0, 2], block transport delta with rank store
[rank1]:W0913 07:10:49.218000 4949 torch/distributed/tensor/_random.py:215] DTensor is synchronizing RNG states of every rank with the state from rank 0. This behavior is deprecated. Please call `torch.manual_seed()` on every rank that participates in SPMD DTensor Operations with the same seed. If using Pipeline Parallelism, each pipeline state would use a different seed, but all ranks belonging to one pipeline stage would use the same seed.
[titan] 2026-09-13 07:10:49,491 - root - WARNING - [31mPipeline Parallel loss is not visible. Please add [33mrank 1[31m to LOG_RANK environment variable in run_train.sh.[39m
[titan] 2026-09-13 07:10:49,492 - root - WARNING - Error running lspci: [Errno 2] No such file or directory: 'lspci', fallback to use device_name
[titan] 2026-09-13 07:10:49,492 - root - INFO - Peak FLOPS used for computing MFU: 7.560e+14
[titan] 2026-09-13 07:10:49,492 - root - INFO - CUDA memory usage for model: 2.76GiB(3.49%)
[titan] 2026-09-13 07:10:49,493 - root - INFO - Optimizer AdamW (model_part=0): 198 params [.*] {'fused': True, 'foreach': False, 'lr': 0.0008, 'betas': (0.9, 0.95), 'eps': 1e-08, 'weight_decay': 0.1}
[titan] 2026-09-13 07:10:49,494 - root - INFO - Optimizer AdamW (model_part=1): 142 params [.*] {'fused': True, 'foreach': False, 'lr': 0.0008, 'betas': (0.9, 0.95), 'eps': 1e-08, 'weight_decay': 0.1}
[titan] 2026-09-13 07:10:49,496 - root - INFO - Loading tokenizer from tokenizer.json
[titan] 2026-09-13 07:10:49,591 - root - WARNING - [31mPipeline Parallel loss is not visible. Please add [33mrank 1[31m to LOG_RANK environment variable in run_train.sh.[39m
[titan] 2026-09-13 07:10:49,592 - root - WARNING - Error running lspci: [Errno 2] No such file or directory: 'lspci', fallback to use device_name
[titan] 2026-09-13 07:10:49,592 - root - INFO - Peak FLOPS used for computing MFU: 7.560e+14
[titan] 2026-09-13 07:10:49,593 - root - INFO - CUDA memory usage for model: 1.14GiB(1.44%)
[titan] 2026-09-13 07:10:49,594 - root - INFO - Optimizer AdamW (model_part=0): 236 params [.*] {'fused': True, 'foreach': False, 'lr': 0.0008, 'betas': (0.9, 0.95), 'eps': 1e-08, 'weight_decay': 0.1}
[titan] 2026-09-13 07:10:49,595 - root - INFO - Optimizer AdamW (model_part=1): 174 params [.*] {'fused': True, 'foreach': False, 'lr': 0.0008, 'betas': (0.9, 0.95), 'eps': 1e-08, 'weight_decay': 0.1}
[titan] 2026-09-13 07:10:49,597 - root - INFO - Loading tokenizer from tokenizer.json
[titan] 2026-09-13 07:10:49,803 - httpx - INFO - HTTP Request: HEAD https://s3.amazonaws.com/datasets.huggingface.co/datasets/datasets/json/json.py "HTTP/1.1 200 OK"
[titan] 2026-09-13 07:10:49,869 - root - WARNING - model.safetensors.index.json not found at hf_assets_path: ./tests/assets/tokenizer/model.safetensors.index.json.                     Defaulting to saving a single safetensors file if checkpoint is saved in HF format
[titan] 2026-09-13 07:10:49,869 - root - WARNING - initial_load_model_only=True has no effect without an initial_load_path.
[titan] 2026-09-13 07:10:49,874 - root - INFO - Checkpointing active. Checkpoints will be loaded from and saved to /workspace/out_c4/c4_vp2c/checkpoint
[titan] 2026-09-13 07:10:49,875 - root - INFO - Trainer is initialized with 1024 tokens per DP rank, 1024 tokens per train step, gradient accumulation steps 1, maximum context length 2048, total steps 100 (warmup 2)
[titan] 2026-09-13 07:10:49,875 - root - INFO - Loading the checkpoint from /workspace/out_c4/c4_vp2c/checkpoint/step-0.
[titan] 2026-09-13 07:10:49,904 - httpx - INFO - HTTP Request: HEAD https://s3.amazonaws.com/datasets.huggingface.co/datasets/datasets/json/json.py "HTTP/1.1 200 OK"
[titan] 2026-09-13 07:10:49,975 - root - WARNING - model.safetensors.index.json not found at hf_assets_path: ./tests/assets/tokenizer/model.safetensors.index.json.                     Defaulting to saving a single safetensors file if checkpoint is saved in HF format
[titan] 2026-09-13 07:10:49,975 - root - WARNING - initial_load_model_only=True has no effect without an initial_load_path.
[titan] 2026-09-13 07:10:49,981 - root - INFO - Checkpointing active. Checkpoints will be loaded from and saved to /workspace/out_c4/c4_vp2c/checkpoint
[titan] 2026-09-13 07:10:49,982 - root - INFO - Trainer is initialized with 1024 tokens per DP rank, 1024 tokens per train step, gradient accumulation steps 1, maximum context length 2048, total steps 100 (warmup 2)
[titan] 2026-09-13 07:10:49,982 - root - INFO - Loading the checkpoint from /workspace/out_c4/c4_vp2c/checkpoint/step-0.
[titan] 2026-09-13 07:10:51,086 - root - INFO - [GC] GC collection for checkpoint loading. took 0.02 seconds
[titan] 2026-09-13 07:10:51,086 - root - INFO - Finished loading the checkpoint in 1.21 seconds.
[titan] 2026-09-13 07:10:51,086 - root - INFO - Training starts at step 1
[titan] 2026-09-13 07:10:51,102 - root - INFO - [GC] GC collection for checkpoint loading. took 0.02 seconds
[titan] 2026-09-13 07:10:51,102 - root - INFO - Finished loading the checkpoint in 1.12 seconds.
[titan] 2026-09-13 07:10:51,103 - root - INFO - Training starts at step 1
/workspace/venv_pp/lib/python3.12/site-packages/torch/distributed/fsdp/_fully_shard/_fsdp_state.py:336: UserWarning: FSDP2-wrapped module (FSDPCheckpointWrapper) returned a view tensor. An in-place op on this view (e.g., `x += y`) will silently drop the pre-backward hook and skip the all-gather, which can cause backward to fail or produce wrong gradients. Use out-of-place ops (`out = out + y`, not `out += y`) or `.clone()` the output before any in-place op.
  output = self._register_pre_backward_hook(output)
/workspace/venv_pp/lib/python3.12/site-packages/torch/distributed/fsdp/_fully_shard/_fsdp_state.py:336: UserWarning: FSDP2-wrapped module (FSDPCheckpointWrapper) returned a view tensor. An in-place op on this view (e.g., `x += y`) will silently drop the pre-backward hook and skip the all-gather, which can cause backward to fail or produce wrong gradients. Use out-of-place ops (`out = out + y`, not `out += y`) or `.clone()` the output before any in-place op.
  output = self._register_pre_backward_hook(output)
/workspace/venv_pp/lib/python3.12/site-packages/torch/distributed/fsdp/_fully_shard/_fsdp_state.py:336: UserWarning: FSDP2-wrapped module (FSDPKimiK3Model) returned a view tensor. An in-place op on this view (e.g., `x += y`) will silently drop the pre-backward hook and skip the all-gather, which can cause backward to fail or produce wrong gradients. Use out-of-place ops (`out = out + y`, not `out += y`) or `.clone()` the output before any in-place op.
  output = self._register_pre_backward_hook(output)
/workspace/venv_pp/lib/python3.12/site-packages/torch/distributed/fsdp/_fully_shard/_fsdp_state.py:336: UserWarning: FSDP2-wrapped module (FSDPCheckpointWrapper) returned a view tensor. An in-place op on this view (e.g., `x += y`) will silently drop the pre-backward hook and skip the all-gather, which can cause backward to fail or produce wrong gradients. Use out-of-place ops (`out = out + y`, not `out += y`) or `.clone()` the output before any in-place op.
  output = self._register_pre_backward_hook(output)
/workspace/venv_pp/lib/python3.12/site-packages/torch/distributed/fsdp/_fully_shard/_fsdp_state.py:336: UserWarning: FSDP2-wrapped module (FSDPCheckpointWrapper) returned a view tensor. An in-place op on this view (e.g., `x += y`) will silently drop the pre-backward hook and skip the all-gather, which can cause backward to fail or produce wrong gradients. Use out-of-place ops (`out = out + y`, not `out += y`) or `.clone()` the output before any in-place op.
  output = self._register_pre_backward_hook(output)
[titan] 2026-09-13 07:11:22,145 - root - INFO - [31mstep:  1  [32mloss: 12.60998  [38;2;180;60;0mgrad_norm: 16.8750  [38;2;54;234;195mmemory:  8.71GiB(11.00%)  [34mtps: 15  [36mtflops: 0.05  [35mmfu: 0.01%[39m
[titan] 2026-09-13 07:11:22,145 - root - INFO - Synchronizing and adjusting timeout for all ProcessGroups to 0:01:40
[titan] 2026-09-13 07:11:22,155 - root - INFO - [31mstep:  1  [32mloss: -1.00000  [38;2;180;60;0mgrad_norm: 16.8750  [38;2;54;234;195mmemory:  7.29GiB(9.21%)  [34mtps: 15  [36mtflops: 0.05  [35mmfu: 0.01%[39m
[titan] 2026-09-13 07:11:22,156 - root - INFO - Synchronizing and adjusting timeout for all ProcessGroups to 0:01:40
[titan] 2026-09-13 07:11:23,243 - root - INFO - [31mstep:  2  [32mloss: 10.20925  [38;2;180;60;0mgrad_norm: 15.5000  [38;2;54;234;195mmemory: 10.98GiB(13.87%)  [34mtps: 466  [36mtflops: 1.63  [35mmfu: 0.22%[39m
[titan] 2026-09-13 07:11:23,245 - root - INFO - [31mstep:  2  [32mloss: -1.00000  [38;2;180;60;0mgrad_norm: 15.5000  [38;2;54;234;195mmemory:  9.32GiB(11.77%)  [34mtps: 470  [36mtflops: 1.64  [35mmfu: 0.22%[39m
[titan] 2026-09-13 07:11:24,308 - root - INFO - [31mstep:  3  [32mloss:  7.99533  [38;2;180;60;0mgrad_norm: 10.0000  [38;2;54;234;195mmemory: 10.98GiB(13.87%)  [34mtps: 481  [36mtflops: 1.68  [35mmfu: 0.22%[39m
[titan] 2026-09-13 07:11:24,310 - root - INFO - [31mstep:  3  [32mloss: -1.00000  [38;2;180;60;0mgrad_norm: 10.0000  [38;2;54;234;195mmemory:  9.32GiB(11.77%)  [34mtps: 481  [36mtflops: 1.68  [35mmfu: 0.22%[39m
[titan] 2026-09-13 07:11:25,374 - root - INFO - [31mstep:  4  [32mloss:  7.59046  [38;2;180;60;0mgrad_norm:  8.3750  [38;2;54;234;195mmemory: 10.98GiB(13.87%)  [34mtps: 481  [36mtflops: 1.68  [35mmfu: 0.22%[39m
[titan] 2026-09-13 07:11:25,376 - root - INFO - [31mstep:  4  [32mloss: -1.00000  [38;2;180;60;0mgrad_norm:  8.3750  [38;2;54;234;195mmemory:  9.32GiB(11.77%)  [34mtps: 481  [36mtflops: 1.68  [35mmfu: 0.22%[39m
[titan] 2026-09-13 07:11:26,441 - root - INFO - [31mstep:  5  [32mloss:  5.85829  [38;2;180;60;0mgrad_norm: 16.5000  [38;2;54;234;195mmemory: 10.98GiB(13.87%)  [34mtps: 480  [36mtflops: 1.67  [35mmfu: 0.22%[39m
[titan] 2026-09-13 07:11:26,443 - root - INFO - [31mstep:  5  [32mloss: -1.00000  [38;2;180;60;0mgrad_norm: 16.5000  [38;2;54;234;195mmemory:  9.32GiB(11.77%)  [34mtps: 480  [36mtflops: 1.67  [35mmfu: 0.22%[39m
[titan] 2026-09-13 07:11:27,513 - root - INFO - [31mstep:  6  [32mloss:  4.95086  [38;2;180;60;0mgrad_norm:  6.8125  [38;2;54;234;195mmemory: 10.98GiB(13.87%)  [34mtps: 478  [36mtflops: 1.67  [35mmfu: 0.22%[39m
[titan] 2026-09-13 07:11:27,515 - root - INFO - [31mstep:  6  [32mloss: -1.00000  [38;2;180;60;0mgrad_norm:  6.8125  [38;2;54;234;195mmemory:  9.32GiB(11.77%)  [34mtps: 478  [36mtflops: 1.67  [35mmfu: 0.22%[39m
[titan] 2026-09-13 07:11:28,580 - root - INFO - [31mstep:  7  [32mloss:  4.81795  [38;2;180;60;0mgrad_norm:  6.9688  [38;2;54;234;195mmemory: 10.98GiB(13.87%)  [34mtps: 480  [36mtflops: 1.67  [35mmfu: 0.22%[39m
[titan] 2026-09-13 07:11:28,582 - root - INFO - [31mstep:  7  [32mloss: -1.00000  [38;2;180;60;0mgrad_norm:  6.9688  [38;2;54;234;195mmemory:  9.32GiB(11.77%)  [34mtps: 480  [36mtflops: 1.67  [35mmfu: 0.22%[39m
[titan] 2026-09-13 07:11:29,649 - root - INFO - [31mstep:  8  [32mloss:  3.95775  [38;2;180;60;0mgrad_norm:  5.3125  [38;2;54;234;195mmemory: 10.98GiB(13.87%)  [34mtps: 479  [36mtflops: 1.67  [35mmfu: 0.22%[39m
[titan] 2026-09-13 07:11:29,651 - root - INFO - [31mstep:  8  [32mloss: -1.00000  [38;2;180;60;0mgrad_norm:  5.3125  [38;2;54;234;195mmemory:  9.32GiB(11.77%)  [34mtps: 479  [36mtflops: 1.67  [35mmfu: 0.22%[39m
[titan] 2026-09-13 07:11:30,713 - root - INFO - [31mstep:  9  [32mloss:  3.85308  [38;2;180;60;0mgrad_norm:  8.0625  [38;2;54;234;195mmemory: 10.98GiB(13.87%)  [34mtps: 481  [36mtflops: 1.68  [35mmfu: 0.22%[39m
[titan] 2026-09-13 07:11:30,715 - root - INFO - [31mstep:  9  [32mloss: -1.00000  [38;2;180;60;0mgrad_norm:  8.0625  [38;2;54;234;195mmemory:  9.32GiB(11.77%)  [34mtps: 481  [36mtflops: 1.68  [35mmfu: 0.22%[39m
[titan] 2026-09-13 07:11:31,789 - root - INFO - [31mstep: 10  [32mloss:  3.31003  [38;2;180;60;0mgrad_norm:  3.2812  [38;2;54;234;195mmemory: 10.98GiB(13.87%)  [34mtps: 476  [36mtflops: 1.66  [35mmfu: 0.22%[39m
[titan] 2026-09-13 07:11:31,791 - root - INFO - [31mstep: 10  [32mloss: -1.00000  [38;2;180;60;0mgrad_norm:  3.2812  [38;2;54;234;195mmemory:  9.32GiB(11.77%)  [34mtps: 476  [36mtflops: 1.66  [35mmfu: 0.22%[39m
[titan] 2026-09-13 07:11:32,858 - root - INFO - [31mstep: 11  [32mloss:  3.19768  [38;2;180;60;0mgrad_norm:  3.3281  [38;2;54;234;195mmemory: 10.98GiB(13.87%)  [34mtps: 479  [36mtflops: 1.67  [35mmfu: 0.22%[39m
[titan] 2026-09-13 07:11:32,861 - root - INFO - [31mstep: 11  [32mloss: -1.00000  [38;2;180;60;0mgrad_norm:  3.3281  [38;2;54;234;195mmemory:  9.32GiB(11.77%)  [34mtps: 479  [36mtflops: 1.67  [35mmfu: 0.22%[39m
[titan] 2026-09-13 07:11:33,932 - root - INFO - [31mstep: 12  [32mloss:  3.65306  [38;2;180;60;0mgrad_norm:  3.8906  [38;2;54;234;195mmemory: 10.98GiB(13.87%)  [34mtps: 477  [36mtflops: 1.66  [35mmfu: 0.22%[39m
[titan] 2026-09-13 07:11:33,934 - root - INFO - [31mstep: 12  [32mloss: -1.00000  [38;2;180;60;0mgrad_norm:  3.8906  [38;2;54;234;195mmemory:  9.32GiB(11.77%)  [34mtps: 477  [36mtflops: 1.66  [35mmfu: 0.22%[39m
[titan] 2026-09-13 07:11:35,001 - root - INFO - [31mstep: 13  [32mloss:  3.06321  [38;2;180;60;0mgrad_norm:  3.9688  [38;2;54;234;195mmemory: 10.98GiB(13.87%)  [34mtps: 479  [36mtflops: 1.67  [35mmfu: 0.22%[39m
[titan] 2026-09-13 07:11:35,003 - root - INFO - [31mstep: 13  [32mloss: -1.00000  [38;2;180;60;0mgrad_norm:  3.9688  [38;2;54;234;195mmemory:  9.32GiB(11.77%)  [34mtps: 479  [36mtflops: 1.67  [35mmfu: 0.22%[39m
[titan] 2026-09-13 07:11:36,068 - root - INFO - [31mstep: 14  [32mloss:  3.34225  [38;2;180;60;0mgrad_norm:  2.7656  [38;2;54;234;195mmemory: 10.98GiB(13.87%)  [34mtps: 480  [36mtflops: 1.68  [35mmfu: 0.22%[39m
[titan] 2026-09-13 07:11:36,070 - root - INFO - [31mstep: 14  [32mloss: -1.00000  [38;2;180;60;0mgrad_norm:  2.7656  [38;2;54;234;195mmemory:  9.32GiB(11.77%)  [34mtps: 480  [36mtflops: 1.68  [35mmfu: 0.22%[39m
[titan] 2026-09-13 07:11:37,138 - root - INFO - [31mstep: 15  [32mloss:  3.03977  [38;2;180;60;0mgrad_norm:  2.7969  [38;2;54;234;195mmemory: 10.98GiB(13.87%)  [34mtps: 479  [36mtflops: 1.67  [35mmfu: 0.22%[39m
[titan] 2026-09-13 07:11:37,140 - root - INFO - [31mstep: 15  [32mloss: -1.00000  [38;2;180;60;0mgrad_norm:  2.7969  [38;2;54;234;195mmemory:  9.32GiB(11.77%)  [34mtps: 479  [36mtflops: 1.67  [35mmfu: 0.22%[39m
[titan] 2026-09-13 07:11:38,212 - root - INFO - [31mstep: 16  [32mloss:  3.16012  [38;2;180;60;0mgrad_norm:  3.6875  [38;2;54;234;195mmemory: 10.98GiB(13.87%)  [34mtps: 477  [36mtflops: 1.66  [35mmfu: 0.22%[39m
[titan] 2026-09-13 07:11:38,214 - root - INFO - [31mstep: 16  [32mloss: -1.00000  [38;2;180;60;0mgrad_norm:  3.6875  [38;2;54;234;195mmemory:  9.32GiB(11.77%)  [34mtps: 477  [36mtflops: 1.66  [35mmfu: 0.22%[39m
[titan] 2026-09-13 07:11:39,285 - root - INFO - [31mstep: 17  [32mloss:  3.00150  [38;2;180;60;0mgrad_norm:  3.1250  [38;2;54;234;195mmemory: 10.98GiB(13.87%)  [34mtps: 477  [36mtflops: 1.67  [35mmfu: 0.22%[39m
[titan] 2026-09-13 07:11:39,287 - root - INFO - [31mstep: 17  [32mloss: -1.00000  [38;2;180;60;0mgrad_norm:  3.1250  [38;2;54;234;195mmemory:  9.32GiB(11.77%)  [34mtps: 477  [36mtflops: 1.67  [35mmfu: 0.22%[39m
[titan] 2026-09-13 07:11:40,352 - root - INFO - [31mstep: 18  [32mloss:  3.07267  [38;2;180;60;0mgrad_norm:  2.1719  [38;2;54;234;195mmemory: 10.98GiB(13.87%)  [34mtps: 480  [36mtflops: 1.67  [35mmfu: 0.22%[39m
[titan] 2026-09-13 07:11:40,355 - root - INFO - [31mstep: 18  [32mloss: -1.00000  [38;2;180;60;0mgrad_norm:  2.1719  [38;2;54;234;195mmemory:  9.32GiB(11.77%)  [34mtps: 480  [36mtflops: 1.67  [35mmfu: 0.22%[39m
[titan] 2026-09-13 07:11:41,432 - root - INFO - [31mstep: 19  [32mloss:  2.82758  [38;2;180;60;0mgrad_norm:  2.5312  [38;2;54;234;195mmemory: 10.98GiB(13.87%)  [34mtps: 474  [36mtflops: 1.66  [35mmfu: 0.22%[39m
[titan] 2026-09-13 07:11:41,434 - root - INFO - [31mstep: 19  [32mloss: -1.00000  [38;2;180;60;0mgrad_norm:  2.5312  [38;2;54;234;195mmemory:  9.32GiB(11.77%)  [34mtps: 475  [36mtflops: 1.66  [35mmfu: 0.22%[39m
[titan] 2026-09-13 07:11:42,500 - root - INFO - [31mstep: 20  [32mloss:  3.03207  [38;2;180;60;0mgrad_norm:  2.9375  [38;2;54;234;195mmemory: 10.98GiB(13.87%)  [34mtps: 480  [36mtflops: 1.67  [35mmfu: 0.22%[39m
[titan] 2026-09-13 07:11:42,502 - root - INFO - [31mstep: 20  [32mloss: -1.00000  [38;2;180;60;0mgrad_norm:  2.9375  [38;2;54;234;195mmemory:  9.32GiB(11.77%)  [34mtps: 480  [36mtflops: 1.67  [35mmfu: 0.22%[39m
[titan] 2026-09-13 07:11:43,578 - root - INFO - [31mstep: 21  [32mloss:  3.09879  [38;2;180;60;0mgrad_norm:  1.9766  [38;2;54;234;195mmemory: 10.98GiB(13.87%)  [34mtps: 475  [36mtflops: 1.66  [35mmfu: 0.22%[39m
[titan] 2026-09-13 07:11:43,580 - root - INFO - [31mstep: 21  [32mloss: -1.00000  [38;2;180;60;0mgrad_norm:  1.9766  [38;2;54;234;195mmemory:  9.32GiB(11.77%)  [34mtps: 475  [36mtflops: 1.66  [35mmfu: 0.22%[39m
[titan] 2026-09-13 07:11:44,655 - root - INFO - [31mstep: 22  [32mloss:  2.92659  [38;2;180;60;0mgrad_norm:  2.3281  [38;2;54;234;195mmemory: 10.98GiB(13.87%)  [34mtps: 475  [36mtflops: 1.66  [35mmfu: 0.22%[39m
[titan] 2026-09-13 07:11:44,657 - root - INFO - [31mstep: 22  [32mloss: -1.00000  [38;2;180;60;0mgrad_norm:  2.3281  [38;2;54;234;195mmemory:  9.32GiB(11.77%)  [34mtps: 475  [36mtflops: 1.66  [35mmfu: 0.22%[39m
[titan] 2026-09-13 07:11:45,729 - root - INFO - [31mstep: 23  [32mloss:  2.75602  [38;2;180;60;0mgrad_norm:  2.4219  [38;2;54;234;195mmemory: 10.98GiB(13.87%)  [34mtps: 477  [36mtflops: 1.66  [35mmfu: 0.22%[39m
[titan] 2026-09-13 07:11:45,731 - root - INFO - [31mstep: 23  [32mloss: -1.00000  [38;2;180;60;0mgrad_norm:  2.4219  [38;2;54;234;195mmemory:  9.32GiB(11.77%)  [34mtps: 477  [36mtflops: 1.66  [35mmfu: 0.22%[39m
[titan] 2026-09-13 07:11:46,802 - root - INFO - [31mstep: 24  [32mloss:  2.97043  [38;2;180;60;0mgrad_norm:  2.4219  [38;2;54;234;195mmemory: 10.98GiB(13.87%)  [34mtps: 478  [36mtflops: 1.67  [35mmfu: 0.22%[39m
[titan] 2026-09-13 07:11:46,804 - root - INFO - [31mstep: 24  [32mloss: -1.00000  [38;2;180;60;0mgrad_norm:  2.4219  [38;2;54;234;195mmemory:  9.32GiB(11.77%)  [34mtps: 478  [36mtflops: 1.67  [35mmfu: 0.22%[39m
[titan] 2026-09-13 07:11:47,874 - root - INFO - [31mstep: 25  [32mloss:  3.24714  [38;2;180;60;0mgrad_norm:  2.2656  [38;2;54;234;195mmemory: 10.98GiB(13.87%)  [34mtps: 478  [36mtflops: 1.67  [35mmfu: 0.22%[39m
[titan] 2026-09-13 07:11:47,876 - root - INFO - [31mstep: 25  [32mloss: -1.00000  [38;2;180;60;0mgrad_norm:  2.2656  [38;2;54;234;195mmemory:  9.32GiB(11.77%)  [34mtps: 478  [36mtflops: 1.67  [35mmfu: 0.22%[39m
[titan] 2026-09-13 07:11:48,940 - root - INFO - [31mstep: 26  [32mloss:  2.77238  [38;2;180;60;0mgrad_norm:  2.5938  [38;2;54;234;195mmemory: 10.98GiB(13.87%)  [34mtps: 480  [36mtflops: 1.68  [35mmfu: 0.22%[39m
[titan] 2026-09-13 07:11:48,943 - root - INFO - [31mstep: 26  [32mloss: -1.00000  [38;2;180;60;0mgrad_norm:  2.5938  [38;2;54;234;195mmemory:  9.32GiB(11.77%)  [34mtps: 480  [36mtflops: 1.68  [35mmfu: 0.22%[39m
[titan] 2026-09-13 07:11:50,016 - root - INFO - [31mstep: 27  [32mloss:  2.91170  [38;2;180;60;0mgrad_norm:  2.4375  [38;2;54;234;195mmemory: 10.98GiB(13.87%)  [34mtps: 476  [36mtflops: 1.66  [35mmfu: 0.22%[39m
[titan] 2026-09-13 07:11:50,019 - root - INFO - [31mstep: 27  [32mloss: -1.00000  [38;2;180;60;0mgrad_norm:  2.4375  [38;2;54;234;195mmemory:  9.32GiB(11.77%)  [34mtps: 476  [36mtflops: 1.66  [35mmfu: 0.22%[39m
[titan] 2026-09-13 07:11:51,087 - root - INFO - [31mstep: 28  [32mloss:  3.03692  [38;2;180;60;0mgrad_norm:  2.0469  [38;2;54;234;195mmemory: 10.98GiB(13.87%)  [34mtps: 478  [36mtflops: 1.67  [35mmfu: 0.22%[39m
[titan] 2026-09-13 07:11:51,089 - root - INFO - [31mstep: 28  [32mloss: -1.00000  [38;2;180;60;0mgrad_norm:  2.0469  [38;2;54;234;195mmemory:  9.32GiB(11.77%)  [34mtps: 479  [36mtflops: 1.67  [35mmfu: 0.22%[39m
[titan] 2026-09-13 07:11:52,166 - root - INFO - [31mstep: 29  [32mloss:  2.75968  [38;2;180;60;0mgrad_norm:  2.0625  [38;2;54;234;195mmemory: 10.98GiB(13.87%)  [34mtps: 475  [36mtflops: 1.66  [35mmfu: 0.22%[39m
[titan] 2026-09-13 07:11:52,168 - root - INFO - [31mstep: 29  [32mloss: -1.00000  [38;2;180;60;0mgrad_norm:  2.0625  [38;2;54;234;195mmemory:  9.32GiB(11.77%)  [34mtps: 475  [36mtflops: 1.66  [35mmfu: 0.22%[39m
[titan] 2026-09-13 07:11:53,235 - root - INFO - [31mstep: 30  [32mloss:  2.99691  [38;2;180;60;0mgrad_norm:  2.2500  [38;2;54;234;195mmemory: 10.98GiB(13.87%)  [34mtps: 479  [36mtflops: 1.67  [35mmfu: 0.22%[39m
[titan] 2026-09-13 07:11:53,237 - root - INFO - [31mstep: 30  [32mloss: -1.00000  [38;2;180;60;0mgrad_norm:  2.2500  [38;2;54;234;195mmemory:  9.32GiB(11.77%)  [34mtps: 479  [36mtflops: 1.67  [35mmfu: 0.22%[39m
[titan] 2026-09-13 07:11:54,303 - root - INFO - [31mstep: 31  [32mloss:  2.82384  [38;2;180;60;0mgrad_norm:  1.9609  [38;2;54;234;195mmemory: 10.98GiB(13.87%)  [34mtps: 480  [36mtflops: 1.67  [35mmfu: 0.22%[39m
[titan] 2026-09-13 07:11:54,305 - root - INFO - [31mstep: 31  [32mloss: -1.00000  [38;2;180;60;0mgrad_norm:  1.9609  [38;2;54;234;195mmemory:  9.32GiB(11.77%)  [34mtps: 480  [36mtflops: 1.67  [35mmfu: 0.22%[39m
[titan] 2026-09-13 07:11:55,373 - root - INFO - [31mstep: 32  [32mloss:  2.86300  [38;2;180;60;0mgrad_norm:  2.2344  [38;2;54;234;195mmemory: 10.98GiB(13.87%)  [34mtps: 478  [36mtflops: 1.67  [35mmfu: 0.22%[39m
[titan] 2026-09-13 07:11:55,375 - root - INFO - [31mstep: 32  [32mloss: -1.00000  [38;2;180;60;0mgrad_norm:  2.2344  [38;2;54;234;195mmemory:  9.32GiB(11.77%)  [34mtps: 478  [36mtflops: 1.67  [35mmfu: 0.22%[39m
[titan] 2026-09-13 07:11:56,445 - root - INFO - [31mstep: 33  [32mloss:  2.64816  [38;2;180;60;0mgrad_norm:  1.4531  [38;2;54;234;195mmemory: 10.98GiB(13.87%)  [34mtps: 478  [36mtflops: 1.67  [35mmfu: 0.22%[39m
[titan] 2026-09-13 07:11:56,447 - root - INFO - [31mstep: 33  [32mloss: -1.00000  [38;2;180;60;0mgrad_norm:  1.4531  [38;2;54;234;195mmemory:  9.32GiB(11.77%)  [34mtps: 478  [36mtflops: 1.67  [35mmfu: 0.22%[39m
[titan] 2026-09-13 07:11:57,515 - root - INFO - [31mstep: 34  [32mloss:  2.62768  [38;2;180;60;0mgrad_norm:  2.3125  [38;2;54;234;195mmemory: 10.98GiB(13.87%)  [34mtps: 479  [36mtflops: 1.67  [35mmfu: 0.22%[39m
[titan] 2026-09-13 07:11:57,517 - root - INFO - [31mstep: 34  [32mloss: -1.00000  [38;2;180;60;0mgrad_norm:  2.3125  [38;2;54;234;195mmemory:  9.32GiB(11.77%)  [34mtps: 479  [36mtflops: 1.67  [35mmfu: 0.22%[39m
[titan] 2026-09-13 07:11:58,590 - root - INFO - [31mstep: 35  [32mloss:  2.78834  [38;2;180;60;0mgrad_norm:  1.8359  [38;2;54;234;195mmemory: 10.98GiB(13.87%)  [34mtps: 476  [36mtflops: 1.66  [35mmfu: 0.22%[39m
[titan] 2026-09-13 07:11:58,592 - root - INFO - [31mstep: 35  [32mloss: -1.00000  [38;2;180;60;0mgrad_norm:  1.8359  [38;2;54;234;195mmemory:  9.32GiB(11.77%)  [34mtps: 476  [36mtflops: 1.66  [35mmfu: 0.22%[39m
[titan] 2026-09-13 07:11:59,662 - root - INFO - [31mstep: 36  [32mloss:  2.63125  [38;2;180;60;0mgrad_norm:  1.7109  [38;2;54;234;195mmemory: 10.98GiB(13.87%)  [34mtps: 478  [36mtflops: 1.67  [35mmfu: 0.22%[39m
[titan] 2026-09-13 07:11:59,664 - root - INFO - [31mstep: 36  [32mloss: -1.00000  [38;2;180;60;0mgrad_norm:  1.7109  [38;2;54;234;195mmemory:  9.32GiB(11.77%)  [34mtps: 478  [36mtflops: 1.67  [35mmfu: 0.22%[39m
[titan] 2026-09-13 07:12:00,733 - root - INFO - [31mstep: 37  [32mloss:  3.10386  [38;2;180;60;0mgrad_norm:  2.4219  [38;2;54;234;195mmemory: 10.98GiB(13.87%)  [34mtps: 478  [36mtflops: 1.67  [35mmfu: 0.22%[39m
[titan] 2026-09-13 07:12:00,735 - root - INFO - [31mstep: 37  [32mloss: -1.00000  [38;2;180;60;0mgrad_norm:  2.4219  [38;2;54;234;195mmemory:  9.32GiB(11.77%)  [34mtps: 478  [36mtflops: 1.67  [35mmfu: 0.22%[39m
[titan] 2026-09-13 07:12:01,806 - root - INFO - [31mstep: 38  [32mloss:  2.76028  [38;2;180;60;0mgrad_norm:  2.4219  [38;2;54;234;195mmemory: 10.98GiB(13.87%)  [34mtps: 477  [36mtflops: 1.67  [35mmfu: 0.22%[39m
[titan] 2026-09-13 07:12:01,808 - root - INFO - [31mstep: 38  [32mloss: -1.00000  [38;2;180;60;0mgrad_norm:  2.4219  [38;2;54;234;195mmemory:  9.32GiB(11.77%)  [34mtps: 477  [36mtflops: 1.67  [35mmfu: 0.22%[39m
[titan] 2026-09-13 07:12:02,876 - root - INFO - [31mstep: 39  [32mloss:  2.88736  [38;2;180;60;0mgrad_norm:  2.6094  [38;2;54;234;195mmemory: 10.98GiB(13.87%)  [34mtps: 479  [36mtflops: 1.67  [35mmfu: 0.22%[39m
[titan] 2026-09-13 07:12:02,878 - root - INFO - [31mstep: 39  [32mloss: -1.00000  [38;2;180;60;0mgrad_norm:  2.6094  [38;2;54;234;195mmemory:  9.32GiB(11.77%)  [34mtps: 479  [36mtflops: 1.67  [35mmfu: 0.22%[39m
[titan] 2026-09-13 07:12:03,949 - root - INFO - [31mstep: 40  [32mloss:  2.77302  [38;2;180;60;0mgrad_norm:  1.9375  [38;2;54;234;195mmemory: 10.98GiB(13.87%)  [34mtps: 478  [36mtflops: 1.67  [35mmfu: 0.22%[39m
[titan] 2026-09-13 07:12:03,951 - root - INFO - [31mstep: 40  [32mloss: -1.00000  [38;2;180;60;0mgrad_norm:  1.9375  [38;2;54;234;195mmemory:  9.32GiB(11.77%)  [34mtps: 478  [36mtflops: 1.67  [35mmfu: 0.22%[39m
[titan] 2026-09-13 07:12:05,023 - root - INFO - [31mstep: 41  [32mloss:  2.68050  [38;2;180;60;0mgrad_norm:  1.7656  [38;2;54;234;195mmemory: 10.98GiB(13.87%)  [34mtps: 477  [36mtflops: 1.66  [35mmfu: 0.22%[39m
[titan] 2026-09-13 07:12:05,025 - root - INFO - [31mstep: 41  [32mloss: -1.00000  [38;2;180;60;0mgrad_norm:  1.7656  [38;2;54;234;195mmemory:  9.32GiB(11.77%)  [34mtps: 477  [36mtflops: 1.66  [35mmfu: 0.22%[39m
[titan] 2026-09-13 07:12:06,096 - root - INFO - [31mstep: 42  [32mloss:  2.66608  [38;2;180;60;0mgrad_norm:  2.7031  [38;2;54;234;195mmemory: 10.98GiB(13.87%)  [34mtps: 477  [36mtflops: 1.67  [35mmfu: 0.22%[39m
[titan] 2026-09-13 07:12:06,098 - root - INFO - [31mstep: 42  [32mloss: -1.00000  [38;2;180;60;0mgrad_norm:  2.7031  [38;2;54;234;195mmemory:  9.32GiB(11.77%)  [34mtps: 477  [36mtflops: 1.67  [35mmfu: 0.22%[39m
[titan] 2026-09-13 07:12:07,165 - root - INFO - [31mstep: 43  [32mloss:  2.82626  [38;2;180;60;0mgrad_norm:  2.4688  [38;2;54;234;195mmemory: 10.98GiB(13.87%)  [34mtps: 479  [36mtflops: 1.67  [35mmfu: 0.22%[39m
[titan] 2026-09-13 07:12:07,167 - root - INFO - [31mstep: 43  [32mloss: -1.00000  [38;2;180;60;0mgrad_norm:  2.4688  [38;2;54;234;195mmemory:  9.32GiB(11.77%)  [34mtps: 479  [36mtflops: 1.67  [35mmfu: 0.22%[39m
[titan] 2026-09-13 07:12:08,238 - root - INFO - [31mstep: 44  [32mloss:  2.58411  [38;2;180;60;0mgrad_norm:  2.2500  [38;2;54;234;195mmemory: 10.98GiB(13.87%)  [34mtps: 477  [36mtflops: 1.66  [35mmfu: 0.22%[39m
[titan] 2026-09-13 07:12:08,240 - root - INFO - [31mstep: 44  [32mloss: -1.00000  [38;2;180;60;0mgrad_norm:  2.2500  [38;2;54;234;195mmemory:  9.32GiB(11.77%)  [34mtps: 477  [36mtflops: 1.66  [35mmfu: 0.22%[39m
[titan] 2026-09-13 07:12:09,312 - root - INFO - [31mstep: 45  [32mloss:  2.74599  [38;2;180;60;0mgrad_norm:  1.9844  [38;2;54;234;195mmemory: 10.98GiB(13.87%)  [34mtps: 477  [36mtflops: 1.66  [35mmfu: 0.22%[39m
[titan] 2026-09-13 07:12:09,314 - root - INFO - [31mstep: 45  [32mloss: -1.00000  [38;2;180;60;0mgrad_norm:  1.9844  [38;2;54;234;195mmemory:  9.32GiB(11.77%)  [34mtps: 477  [36mtflops: 1.66  [35mmfu: 0.22%[39m
[titan] 2026-09-13 07:12:10,379 - root - INFO - [31mstep: 46  [32mloss:  2.67604  [38;2;180;60;0mgrad_norm:  1.6016  [38;2;54;234;195mmemory: 10.98GiB(13.87%)  [34mtps: 480  [36mtflops: 1.67  [35mmfu: 0.22%[39m
[titan] 2026-09-13 07:12:10,381 - root - INFO - [31mstep: 46  [32mloss: -1.00000  [38;2;180;60;0mgrad_norm:  1.6016  [38;2;54;234;195mmemory:  9.32GiB(11.77%)  [34mtps: 480  [36mtflops: 1.67  [35mmfu: 0.22%[39m
[titan] 2026-09-13 07:12:11,454 - root - INFO - [31mstep: 47  [32mloss:  2.76750  [38;2;180;60;0mgrad_norm:  1.6797  [38;2;54;234;195mmemory: 10.98GiB(13.87%)  [34mtps: 477  [36mtflops: 1.66  [35mmfu: 0.22%[39m
[titan] 2026-09-13 07:12:11,456 - root - INFO - [31mstep: 47  [32mloss: -1.00000  [38;2;180;60;0mgrad_norm:  1.6797  [38;2;54;234;195mmemory:  9.32GiB(11.77%)  [34mtps: 477  [36mtflops: 1.66  [35mmfu: 0.22%[39m
[titan] 2026-09-13 07:12:12,524 - root - INFO - [31mstep: 48  [32mloss:  2.82800  [38;2;180;60;0mgrad_norm:  1.5078  [38;2;54;234;195mmemory: 10.98GiB(13.87%)  [34mtps: 479  [36mtflops: 1.67  [35mmfu: 0.22%[39m
[titan] 2026-09-13 07:12:12,526 - root - INFO - [31mstep: 48  [32mloss: -1.00000  [38;2;180;60;0mgrad_norm:  1.5078  [38;2;54;234;195mmemory:  9.32GiB(11.77%)  [34mtps: 479  [36mtflops: 1.67  [35mmfu: 0.22%[39m
[titan] 2026-09-13 07:12:13,598 - root - INFO - [31mstep: 49  [32mloss:  2.74949  [38;2;180;60;0mgrad_norm:  1.7891  [38;2;54;234;195mmemory: 10.98GiB(13.87%)  [34mtps: 477  [36mtflops: 1.66  [35mmfu: 0.22%[39m
[titan] 2026-09-13 07:12:13,600 - root - INFO - [31mstep: 49  [32mloss: -1.00000  [38;2;180;60;0mgrad_norm:  1.7891  [38;2;54;234;195mmemory:  9.32GiB(11.77%)  [34mtps: 477  [36mtflops: 1.66  [35mmfu: 0.22%[39m
[titan] 2026-09-13 07:12:13,822 - root - INFO - [GC] Performing periodic GC collection took 0.22 seconds
[titan] 2026-09-13 07:12:13,927 - root - INFO - [GC] Performing periodic GC collection took 0.33 seconds
[titan] 2026-09-13 07:12:15,037 - root - INFO - [31mstep: 50  [32mloss:  2.69393  [38;2;180;60;0mgrad_norm:  1.6328  [38;2;54;234;195mmemory: 10.98GiB(13.87%)  [34mtps: 356  [36mtflops: 1.24  [35mmfu: 0.16%[39m
[titan] 2026-09-13 07:12:15,039 - root - INFO - [31mstep: 50  [32mloss: -1.00000  [38;2;180;60;0mgrad_norm:  1.6328  [38;2;54;234;195mmemory:  9.32GiB(11.77%)  [34mtps: 356  [36mtflops: 1.24  [35mmfu: 0.16%[39m
[titan] 2026-09-13 07:12:16,137 - root - INFO - [31mstep: 51  [32mloss:  2.77674  [38;2;180;60;0mgrad_norm:  2.5312  [38;2;54;234;195mmemory: 10.98GiB(13.87%)  [34mtps: 466  [36mtflops: 1.62  [35mmfu: 0.21%[39m
[titan] 2026-09-13 07:12:16,139 - root - INFO - [31mstep: 51  [32mloss: -1.00000  [38;2;180;60;0mgrad_norm:  2.5312  [38;2;54;234;195mmemory:  9.32GiB(11.77%)  [34mtps: 465  [36mtflops: 1.62  [35mmfu: 0.21%[39m
[titan] 2026-09-13 07:12:17,232 - root - INFO - [31mstep: 52  [32mloss:  2.61201  [38;2;180;60;0mgrad_norm:  1.7109  [38;2;54;234;195mmemory: 10.98GiB(13.87%)  [34mtps: 468  [36mtflops: 1.63  [35mmfu: 0.22%[39m
[titan] 2026-09-13 07:12:17,234 - root - INFO - [31mstep: 52  [32mloss: -1.00000  [38;2;180;60;0mgrad_norm:  1.7109  [38;2;54;234;195mmemory:  9.32GiB(11.77%)  [34mtps: 468  [36mtflops: 1.63  [35mmfu: 0.22%[39m
[titan] 2026-09-13 07:12:18,338 - root - INFO - [31mstep: 53  [32mloss:  2.86381  [38;2;180;60;0mgrad_norm:  1.8828  [38;2;54;234;195mmemory: 10.98GiB(13.87%)  [34mtps: 463  [36mtflops: 1.62  [35mmfu: 0.21%[39m
[titan] 2026-09-13 07:12:18,340 - root - INFO - [31mstep: 53  [32mloss: -1.00000  [38;2;180;60;0mgrad_norm:  1.8828  [38;2;54;234;195mmemory:  9.32GiB(11.77%)  [34mtps: 463  [36mtflops: 1.62  [35mmfu: 0.21%[39m
[titan] 2026-09-13 07:12:19,430 - root - INFO - [31mstep: 54  [32mloss:  3.14373  [38;2;180;60;0mgrad_norm:  1.5938  [38;2;54;234;195mmemory: 10.98GiB(13.87%)  [34mtps: 469  [36mtflops: 1.63  [35mmfu: 0.22%[39m
[titan] 2026-09-13 07:12:19,433 - root - INFO - [31mstep: 54  [32mloss: -1.00000  [38;2;180;60;0mgrad_norm:  1.5938  [38;2;54;234;195mmemory:  9.32GiB(11.77%)  [34mtps: 469  [36mtflops: 1.64  [35mmfu: 0.22%[39m
[titan] 2026-09-13 07:12:20,529 - root - INFO - [31mstep: 55  [32mloss:  3.00358  [38;2;180;60;0mgrad_norm:  2.0938  [38;2;54;234;195mmemory: 10.98GiB(13.87%)  [34mtps: 466  [36mtflops: 1.63  [35mmfu: 0.22%[39m
[titan] 2026-09-13 07:12:20,531 - root - INFO - [31mstep: 55  [32mloss: -1.00000  [38;2;180;60;0mgrad_norm:  2.0938  [38;2;54;234;195mmemory:  9.32GiB(11.77%)  [34mtps: 466  [36mtflops: 1.63  [35mmfu: 0.22%[39m
[titan] 2026-09-13 07:12:21,628 - root - INFO - [31mstep: 56  [32mloss:  2.58904  [38;2;180;60;0mgrad_norm:  1.4375  [38;2;54;234;195mmemory: 10.98GiB(13.87%)  [34mtps: 466  [36mtflops: 1.63  [35mmfu: 0.21%[39m
[titan] 2026-09-13 07:12:21,631 - root - INFO - [31mstep: 56  [32mloss: -1.00000  [38;2;180;60;0mgrad_norm:  1.4375  [38;2;54;234;195mmemory:  9.32GiB(11.77%)  [34mtps: 466  [36mtflops: 1.62  [35mmfu: 0.21%[39m
[titan] 2026-09-13 07:12:22,730 - root - INFO - [31mstep: 57  [32mloss:  2.64442  [38;2;180;60;0mgrad_norm:  2.2500  [38;2;54;234;195mmemory: 10.98GiB(13.87%)  [34mtps: 465  [36mtflops: 1.62  [35mmfu: 0.21%[39m
[titan] 2026-09-13 07:12:22,732 - root - INFO - [31mstep: 57  [32mloss: -1.00000  [38;2;180;60;0mgrad_norm:  2.2500  [38;2;54;234;195mmemory:  9.32GiB(11.77%)  [34mtps: 465  [36mtflops: 1.62  [35mmfu: 0.21%[39m
[titan] 2026-09-13 07:12:23,829 - root - INFO - [31mstep: 58  [32mloss:  2.71779  [38;2;180;60;0mgrad_norm:  2.2812  [38;2;54;234;195mmemory: 10.98GiB(13.87%)  [34mtps: 466  [36mtflops: 1.63  [35mmfu: 0.22%[39m
[titan] 2026-09-13 07:12:23,831 - root - INFO - [31mstep: 58  [32mloss: -1.00000  [38;2;180;60;0mgrad_norm:  2.2812  [38;2;54;234;195mmemory:  9.32GiB(11.77%)  [34mtps: 466  [36mtflops: 1.63  [35mmfu: 0.22%[39m
[titan] 2026-09-13 07:12:24,928 - root - INFO - [31mstep: 59  [32mloss:  2.74882  [38;2;180;60;0mgrad_norm:  1.7344  [38;2;54;234;195mmemory: 10.98GiB(13.87%)  [34mtps: 466  [36mtflops: 1.63  [35mmfu: 0.22%[39m
[titan] 2026-09-13 07:12:24,930 - root - INFO - [31mstep: 59  [32mloss: -1.00000  [38;2;180;60;0mgrad_norm:  1.7344  [38;2;54;234;195mmemory:  9.32GiB(11.77%)  [34mtps: 466  [36mtflops: 1.63  [35mmfu: 0.21%[39m
[titan] 2026-09-13 07:12:26,027 - root - INFO - [31mstep: 60  [32mloss:  2.67102  [38;2;180;60;0mgrad_norm:  1.8594  [38;2;54;234;195mmemory: 10.98GiB(13.87%)  [34mtps: 466  [36mtflops: 1.63  [35mmfu: 0.22%[39m
[titan] 2026-09-13 07:12:26,029 - root - INFO - [31mstep: 60  [32mloss: -1.00000  [38;2;180;60;0mgrad_norm:  1.8594  [38;2;54;234;195mmemory:  9.32GiB(11.77%)  [34mtps: 466  [36mtflops: 1.63  [35mmfu: 0.22%[39m
[titan] 2026-09-13 07:12:27,123 - root - INFO - [31mstep: 61  [32mloss:  2.73016  [38;2;180;60;0mgrad_norm:  2.3438  [38;2;54;234;195mmemory: 10.98GiB(13.87%)  [34mtps: 467  [36mtflops: 1.63  [35mmfu: 0.22%[39m
[titan] 2026-09-13 07:12:27,125 - root - INFO - [31mstep: 61  [32mloss: -1.00000  [38;2;180;60;0mgrad_norm:  2.3438  [38;2;54;234;195mmemory:  9.32GiB(11.77%)  [34mtps: 467  [36mtflops: 1.63  [35mmfu: 0.22%[39m
[titan] 2026-09-13 07:12:28,223 - root - INFO - [31mstep: 62  [32mloss:  2.75467  [38;2;180;60;0mgrad_norm:  1.9609  [38;2;54;234;195mmemory: 10.98GiB(13.87%)  [34mtps: 465  [36mtflops: 1.62  [35mmfu: 0.21%[39m
[titan] 2026-09-13 07:12:28,225 - root - INFO - [31mstep: 62  [32mloss: -1.00000  [38;2;180;60;0mgrad_norm:  1.9609  [38;2;54;234;195mmemory:  9.32GiB(11.77%)  [34mtps: 465  [36mtflops: 1.62  [35mmfu: 0.21%[39m
[titan] 2026-09-13 07:12:29,332 - root - INFO - [31mstep: 63  [32mloss:  2.71701  [38;2;180;60;0mgrad_norm:  1.9844  [38;2;54;234;195mmemory: 10.98GiB(13.87%)  [34mtps: 462  [36mtflops: 1.61  [35mmfu: 0.21%[39m
[titan] 2026-09-13 07:12:29,334 - root - INFO - [31mstep: 63  [32mloss: -1.00000  [38;2;180;60;0mgrad_norm:  1.9844  [38;2;54;234;195mmemory:  9.32GiB(11.77%)  [34mtps: 462  [36mtflops: 1.61  [35mmfu: 0.21%[39m
[titan] 2026-09-13 07:12:30,434 - root - INFO - [31mstep: 64  [32mloss:  2.69319  [38;2;180;60;0mgrad_norm:  1.8516  [38;2;54;234;195mmemory: 10.98GiB(13.87%)  [34mtps: 465  [36mtflops: 1.62  [35mmfu: 0.21%[39m
[titan] 2026-09-13 07:12:30,436 - root - INFO - [31mstep: 64  [32mloss: -1.00000  [38;2;180;60;0mgrad_norm:  1.8516  [38;2;54;234;195mmemory:  9.32GiB(11.77%)  [34mtps: 465  [36mtflops: 1.62  [35mmfu: 0.21%[39m
[titan] 2026-09-13 07:12:31,532 - root - INFO - [31mstep: 65  [32mloss:  2.75622  [38;2;180;60;0mgrad_norm:  2.1094  [38;2;54;234;195mmemory: 10.98GiB(13.87%)  [34mtps: 467  [36mtflops: 1.63  [35mmfu: 0.22%[39m
[titan] 2026-09-13 07:12:31,534 - root - INFO - [31mstep: 65  [32mloss: -1.00000  [38;2;180;60;0mgrad_norm:  2.1094  [38;2;54;234;195mmemory:  9.32GiB(11.77%)  [34mtps: 467  [36mtflops: 1.63  [35mmfu: 0.22%[39m
[titan] 2026-09-13 07:12:32,631 - root - INFO - [31mstep: 66  [32mloss:  2.64640  [38;2;180;60;0mgrad_norm:  1.9375  [38;2;54;234;195mmemory: 10.98GiB(13.87%)  [34mtps: 466  [36mtflops: 1.63  [35mmfu: 0.22%[39m
[titan] 2026-09-13 07:12:32,633 - root - INFO - [31mstep: 66  [32mloss: -1.00000  [38;2;180;60;0mgrad_norm:  1.9375  [38;2;54;234;195mmemory:  9.32GiB(11.77%)  [34mtps: 466  [36mtflops: 1.63  [35mmfu: 0.22%[39m
[titan] 2026-09-13 07:12:33,732 - root - INFO - [31mstep: 67  [32mloss:  2.67114  [38;2;180;60;0mgrad_norm:  2.0781  [38;2;54;234;195mmemory: 10.98GiB(13.87%)  [34mtps: 465  [36mtflops: 1.62  [35mmfu: 0.21%[39m
[titan] 2026-09-13 07:12:33,734 - root - INFO - [31mstep: 67  [32mloss: -1.00000  [38;2;180;60;0mgrad_norm:  2.0781  [38;2;54;234;195mmemory:  9.32GiB(11.77%)  [34mtps: 465  [36mtflops: 1.62  [35mmfu: 0.21%[39m
[titan] 2026-09-13 07:12:34,836 - root - INFO - [31mstep: 68  [32mloss:  2.66705  [38;2;180;60;0mgrad_norm:  1.5859  [38;2;54;234;195mmemory: 10.98GiB(13.87%)  [34mtps: 464  [36mtflops: 1.62  [35mmfu: 0.21%[39m
[titan] 2026-09-13 07:12:34,838 - root - INFO - [31mstep: 68  [32mloss: -1.00000  [38;2;180;60;0mgrad_norm:  1.5859  [38;2;54;234;195mmemory:  9.32GiB(11.77%)  [34mtps: 464  [36mtflops: 1.62  [35mmfu: 0.21%[39m
[titan] 2026-09-13 07:12:35,935 - root - INFO - [31mstep: 69  [32mloss:  2.92507  [38;2;180;60;0mgrad_norm:  2.0625  [38;2;54;234;195mmemory: 10.98GiB(13.87%)  [34mtps: 466  [36mtflops: 1.63  [35mmfu: 0.22%[39m
[titan] 2026-09-13 07:12:35,937 - root - INFO - [31mstep: 69  [32mloss: -1.00000  [38;2;180;60;0mgrad_norm:  2.0625  [38;2;54;234;195mmemory:  9.32GiB(11.77%)  [34mtps: 466  [36mtflops: 1.63  [35mmfu: 0.22%[39m
[titan] 2026-09-13 07:12:37,038 - root - INFO - [31mstep: 70  [32mloss:  2.78383  [38;2;180;60;0mgrad_norm:  1.3516  [38;2;54;234;195mmemory: 10.98GiB(13.87%)  [34mtps: 464  [36mtflops: 1.62  [35mmfu: 0.21%[39m
[titan] 2026-09-13 07:12:37,040 - root - INFO - [31mstep: 70  [32mloss: -1.00000  [38;2;180;60;0mgrad_norm:  1.3516  [38;2;54;234;195mmemory:  9.32GiB(11.77%)  [34mtps: 464  [36mtflops: 1.62  [35mmfu: 0.21%[39m
[titan] 2026-09-13 07:12:38,141 - root - INFO - [31mstep: 71  [32mloss:  2.60184  [38;2;180;60;0mgrad_norm:  1.2578  [38;2;54;234;195mmemory: 10.98GiB(13.87%)  [34mtps: 464  [36mtflops: 1.62  [35mmfu: 0.21%[39m
[titan] 2026-09-13 07:12:38,143 - root - INFO - [31mstep: 71  [32mloss: -1.00000  [38;2;180;60;0mgrad_norm:  1.2578  [38;2;54;234;195mmemory:  9.32GiB(11.77%)  [34mtps: 464  [36mtflops: 1.62  [35mmfu: 0.21%[39m
[titan] 2026-09-13 07:12:39,245 - root - INFO - [31mstep: 72  [32mloss:  2.64231  [38;2;180;60;0mgrad_norm:  1.7422  [38;2;54;234;195mmemory: 10.98GiB(13.87%)  [34mtps: 464  [36mtflops: 1.62  [35mmfu: 0.21%[39m
[titan] 2026-09-13 07:12:39,247 - root - INFO - [31mstep: 72  [32mloss: -1.00000  [38;2;180;60;0mgrad_norm:  1.7422  [38;2;54;234;195mmemory:  9.32GiB(11.77%)  [34mtps: 464  [36mtflops: 1.62  [35mmfu: 0.21%[39m
[titan] 2026-09-13 07:12:40,352 - root - INFO - [31mstep: 73  [32mloss:  2.63821  [38;2;180;60;0mgrad_norm:  1.5234  [38;2;54;234;195mmemory: 10.98GiB(13.87%)  [34mtps: 463  [36mtflops: 1.62  [35mmfu: 0.21%[39m
[titan] 2026-09-13 07:12:40,354 - root - INFO - [31mstep: 73  [32mloss: -1.00000  [38;2;180;60;0mgrad_norm:  1.5234  [38;2;54;234;195mmemory:  9.32GiB(11.77%)  [34mtps: 463  [36mtflops: 1.62  [35mmfu: 0.21%[39m
[titan] 2026-09-13 07:12:41,455 - root - INFO - [31mstep: 74  [32mloss:  2.49350  [38;2;180;60;0mgrad_norm:  1.4609  [38;2;54;234;195mmemory: 10.98GiB(13.87%)  [34mtps: 464  [36mtflops: 1.62  [35mmfu: 0.21%[39m
[titan] 2026-09-13 07:12:41,457 - root - INFO - [31mstep: 74  [32mloss: -1.00000  [38;2;180;60;0mgrad_norm:  1.4609  [38;2;54;234;195mmemory:  9.32GiB(11.77%)  [34mtps: 464  [36mtflops: 1.62  [35mmfu: 0.21%[39m
[titan] 2026-09-13 07:12:42,554 - root - INFO - [31mstep: 75  [32mloss:  2.72424  [38;2;180;60;0mgrad_norm:  2.1719  [38;2;54;234;195mmemory: 10.98GiB(13.87%)  [34mtps: 466  [36mtflops: 1.63  [35mmfu: 0.22%[39m
[titan] 2026-09-13 07:12:42,556 - root - INFO - [31mstep: 75  [32mloss: -1.00000  [38;2;180;60;0mgrad_norm:  2.1719  [38;2;54;234;195mmemory:  9.32GiB(11.77%)  [34mtps: 466  [36mtflops: 1.63  [35mmfu: 0.22%[39m
[titan] 2026-09-13 07:12:43,679 - root - INFO - [31mstep: 76  [32mloss:  2.51101  [38;2;180;60;0mgrad_norm:  1.8672  [38;2;54;234;195mmemory: 10.98GiB(13.87%)  [34mtps: 455  [36mtflops: 1.59  [35mmfu: 0.21%[39m
[titan] 2026-09-13 07:12:43,681 - root - INFO - [31mstep: 76  [32mloss: -1.00000  [38;2;180;60;0mgrad_norm:  1.8672  [38;2;54;234;195mmemory:  9.32GiB(11.77%)  [34mtps: 455  [36mtflops: 1.59  [35mmfu: 0.21%[39m
[titan] 2026-09-13 07:12:44,786 - root - INFO - [31mstep: 77  [32mloss:  2.62980  [38;2;180;60;0mgrad_norm:  1.6406  [38;2;54;234;195mmemory: 10.98GiB(13.87%)  [34mtps: 463  [36mtflops: 1.61  [35mmfu: 0.21%[39m
[titan] 2026-09-13 07:12:44,788 - root - INFO - [31mstep: 77  [32mloss: -1.00000  [38;2;180;60;0mgrad_norm:  1.6406  [38;2;54;234;195mmemory:  9.32GiB(11.77%)  [34mtps: 463  [36mtflops: 1.61  [35mmfu: 0.21%[39m
[titan] 2026-09-13 07:12:45,888 - root - INFO - [31mstep: 78  [32mloss:  2.51055  [38;2;180;60;0mgrad_norm:  1.2891  [38;2;54;234;195mmemory: 10.98GiB(13.87%)  [34mtps: 465  [36mtflops: 1.62  [35mmfu: 0.21%[39m
[titan] 2026-09-13 07:12:45,890 - root - INFO - [31mstep: 78  [32mloss: -1.00000  [38;2;180;60;0mgrad_norm:  1.2891  [38;2;54;234;195mmemory:  9.32GiB(11.77%)  [34mtps: 465  [36mtflops: 1.62  [35mmfu: 0.21%[39m
[titan] 2026-09-13 07:12:47,002 - root - INFO - [31mstep: 79  [32mloss:  2.60656  [38;2;180;60;0mgrad_norm:  1.6797  [38;2;54;234;195mmemory: 10.98GiB(13.87%)  [34mtps: 460  [36mtflops: 1.60  [35mmfu: 0.21%[39m
[titan] 2026-09-13 07:12:47,004 - root - INFO - [31mstep: 79  [32mloss: -1.00000  [38;2;180;60;0mgrad_norm:  1.6797  [38;2;54;234;195mmemory:  9.32GiB(11.77%)  [34mtps: 460  [36mtflops: 1.60  [35mmfu: 0.21%[39m
[titan] 2026-09-13 07:12:48,105 - root - INFO - [31mstep: 80  [32mloss:  2.67577  [38;2;180;60;0mgrad_norm:  1.7344  [38;2;54;234;195mmemory: 10.98GiB(13.87%)  [34mtps: 464  [36mtflops: 1.62  [35mmfu: 0.21%[39m
[titan] 2026-09-13 07:12:48,107 - root - INFO - [31mstep: 80  [32mloss: -1.00000  [38;2;180;60;0mgrad_norm:  1.7344  [38;2;54;234;195mmemory:  9.32GiB(11.77%)  [34mtps: 464  [36mtflops: 1.62  [35mmfu: 0.21%[39m
[titan] 2026-09-13 07:12:49,215 - root - INFO - [31mstep: 81  [32mloss:  2.62344  [38;2;180;60;0mgrad_norm:  1.4609  [38;2;54;234;195mmemory: 10.98GiB(13.87%)  [34mtps: 461  [36mtflops: 1.61  [35mmfu: 0.21%[39m
[titan] 2026-09-13 07:12:49,217 - root - INFO - [31mstep: 81  [32mloss: -1.00000  [38;2;180;60;0mgrad_norm:  1.4609  [38;2;54;234;195mmemory:  9.32GiB(11.77%)  [34mtps: 461  [36mtflops: 1.61  [35mmfu: 0.21%[39m
[titan] 2026-09-13 07:12:50,324 - root - INFO - [31mstep: 82  [32mloss:  2.53183  [38;2;180;60;0mgrad_norm:  1.4922  [38;2;54;234;195mmemory: 10.98GiB(13.87%)  [34mtps: 462  [36mtflops: 1.61  [35mmfu: 0.21%[39m
[titan] 2026-09-13 07:12:50,326 - root - INFO - [31mstep: 82  [32mloss: -1.00000  [38;2;180;60;0mgrad_norm:  1.4922  [38;2;54;234;195mmemory:  9.32GiB(11.77%)  [34mtps: 462  [36mtflops: 1.61  [35mmfu: 0.21%[39m
[titan] 2026-09-13 07:12:51,431 - root - INFO - [31mstep: 83  [32mloss:  2.53620  [38;2;180;60;0mgrad_norm:  1.6328  [38;2;54;234;195mmemory: 10.98GiB(13.87%)  [34mtps: 463  [36mtflops: 1.61  [35mmfu: 0.21%[39m
[titan] 2026-09-13 07:12:51,433 - root - INFO - [31mstep: 83  [32mloss: -1.00000  [38;2;180;60;0mgrad_norm:  1.6328  [38;2;54;234;195mmemory:  9.32GiB(11.77%)  [34mtps: 463  [36mtflops: 1.61  [35mmfu: 0.21%[39m
[titan] 2026-09-13 07:12:52,535 - root - INFO - [31mstep: 84  [32mloss:  2.69231  [38;2;180;60;0mgrad_norm:  1.2266  [38;2;54;234;195mmemory: 10.98GiB(13.87%)  [34mtps: 464  [36mtflops: 1.62  [35mmfu: 0.21%[39m
[titan] 2026-09-13 07:12:52,537 - root - INFO - [31mstep: 84  [32mloss: -1.00000  [38;2;180;60;0mgrad_norm:  1.2266  [38;2;54;234;195mmemory:  9.32GiB(11.77%)  [34mtps: 464  [36mtflops: 1.62  [35mmfu: 0.21%[39m
[titan] 2026-09-13 07:12:53,642 - root - INFO - [31mstep: 85  [32mloss:  2.55936  [38;2;180;60;0mgrad_norm:  1.7578  [38;2;54;234;195mmemory: 10.98GiB(13.87%)  [34mtps: 463  [36mtflops: 1.61  [35mmfu: 0.21%[39m
[titan] 2026-09-13 07:12:53,644 - root - INFO - [31mstep: 85  [32mloss: -1.00000  [38;2;180;60;0mgrad_norm:  1.7578  [38;2;54;234;195mmemory:  9.32GiB(11.77%)  [34mtps: 463  [36mtflops: 1.61  [35mmfu: 0.21%[39m
[titan] 2026-09-13 07:12:54,745 - root - INFO - [31mstep: 86  [32mloss:  2.53007  [38;2;180;60;0mgrad_norm:  1.3203  [38;2;54;234;195mmemory: 10.98GiB(13.87%)  [34mtps: 464  [36mtflops: 1.62  [35mmfu: 0.21%[39m
[titan] 2026-09-13 07:12:54,747 - root - INFO - [31mstep: 86  [32mloss: -1.00000  [38;2;180;60;0mgrad_norm:  1.3203  [38;2;54;234;195mmemory:  9.32GiB(11.77%)  [34mtps: 464  [36mtflops: 1.62  [35mmfu: 0.21%[39m
[titan] 2026-09-13 07:12:55,853 - root - INFO - [31mstep: 87  [32mloss:  2.60703  [38;2;180;60;0mgrad_norm:  5.5312  [38;2;54;234;195mmemory: 10.98GiB(13.87%)  [34mtps: 462  [36mtflops: 1.61  [35mmfu: 0.21%[39m
[titan] 2026-09-13 07:12:55,855 - root - INFO - [31mstep: 87  [32mloss: -1.00000  [38;2;180;60;0mgrad_norm:  5.5312  [38;2;54;234;195mmemory:  9.32GiB(11.77%)  [34mtps: 462  [36mtflops: 1.61  [35mmfu: 0.21%[39m
[titan] 2026-09-13 07:12:56,958 - root - INFO - [31mstep: 88  [32mloss:  2.63656  [38;2;180;60;0mgrad_norm:  1.0859  [38;2;54;234;195mmemory: 10.98GiB(13.87%)  [34mtps: 463  [36mtflops: 1.62  [35mmfu: 0.21%[39m
[titan] 2026-09-13 07:12:56,960 - root - INFO - [31mstep: 88  [32mloss: -1.00000  [38;2;180;60;0mgrad_norm:  1.0859  [38;2;54;234;195mmemory:  9.32GiB(11.77%)  [34mtps: 464  [36mtflops: 1.62  [35mmfu: 0.21%[39m
[titan] 2026-09-13 07:12:58,068 - root - INFO - [31mstep: 89  [32mloss:  2.71072  [38;2;180;60;0mgrad_norm:  1.7891  [38;2;54;234;195mmemory: 10.98GiB(13.87%)  [34mtps: 461  [36mtflops: 1.61  [35mmfu: 0.21%[39m
[titan] 2026-09-13 07:12:58,070 - root - INFO - [31mstep: 89  [32mloss: -1.00000  [38;2;180;60;0mgrad_norm:  1.7891  [38;2;54;234;195mmemory:  9.32GiB(11.77%)  [34mtps: 461  [36mtflops: 1.61  [35mmfu: 0.21%[39m
[titan] 2026-09-13 07:12:59,171 - root - INFO - [31mstep: 90  [32mloss:  2.50313  [38;2;180;60;0mgrad_norm:  1.2812  [38;2;54;234;195mmemory: 10.98GiB(13.87%)  [34mtps: 464  [36mtflops: 1.62  [35mmfu: 0.21%[39m
[titan] 2026-09-13 07:12:59,173 - root - INFO - [31mstep: 90  [32mloss: -1.00000  [38;2;180;60;0mgrad_norm:  1.2812  [38;2;54;234;195mmemory:  9.32GiB(11.77%)  [34mtps: 464  [36mtflops: 1.62  [35mmfu: 0.21%[39m
[titan] 2026-09-13 07:13:00,273 - root - INFO - [31mstep: 91  [32mloss:  2.64004  [38;2;180;60;0mgrad_norm:  1.7344  [38;2;54;234;195mmemory: 10.98GiB(13.87%)  [34mtps: 465  [36mtflops: 1.62  [35mmfu: 0.21%[39m
[titan] 2026-09-13 07:13:00,275 - root - INFO - [31mstep: 91  [32mloss: -1.00000  [38;2;180;60;0mgrad_norm:  1.7344  [38;2;54;234;195mmemory:  9.32GiB(11.77%)  [34mtps: 465  [36mtflops: 1.62  [35mmfu: 0.21%[39m
[titan] 2026-09-13 07:13:01,374 - root - INFO - [31mstep: 92  [32mloss:  2.61625  [38;2;180;60;0mgrad_norm:  1.5547  [38;2;54;234;195mmemory: 10.98GiB(13.87%)  [34mtps: 465  [36mtflops: 1.62  [35mmfu: 0.21%[39m
[titan] 2026-09-13 07:13:01,376 - root - INFO - [31mstep: 92  [32mloss: -1.00000  [38;2;180;60;0mgrad_norm:  1.5547  [38;2;54;234;195mmemory:  9.32GiB(11.77%)  [34mtps: 465  [36mtflops: 1.62  [35mmfu: 0.21%[39m
[titan] 2026-09-13 07:13:02,475 - root - INFO - [31mstep: 93  [32mloss:  2.84870  [38;2;180;60;0mgrad_norm:  1.7500  [38;2;54;234;195mmemory: 10.98GiB(13.87%)  [34mtps: 465  [36mtflops: 1.62  [35mmfu: 0.21%[39m
[titan] 2026-09-13 07:13:02,477 - root - INFO - [31mstep: 93  [32mloss: -1.00000  [38;2;180;60;0mgrad_norm:  1.7500  [38;2;54;234;195mmemory:  9.32GiB(11.77%)  [34mtps: 465  [36mtflops: 1.62  [35mmfu: 0.21%[39m
[titan] 2026-09-13 07:13:03,579 - root - INFO - [31mstep: 94  [32mloss:  2.47320  [38;2;180;60;0mgrad_norm:  1.0469  [38;2;54;234;195mmemory: 10.98GiB(13.87%)  [34mtps: 464  [36mtflops: 1.62  [35mmfu: 0.21%[39m
[titan] 2026-09-13 07:13:03,581 - root - INFO - [31mstep: 94  [32mloss: -1.00000  [38;2;180;60;0mgrad_norm:  1.0469  [38;2;54;234;195mmemory:  9.32GiB(11.77%)  [34mtps: 464  [36mtflops: 1.62  [35mmfu: 0.21%[39m
[titan] 2026-09-13 07:13:04,685 - root - INFO - [31mstep: 95  [32mloss:  2.54416  [38;2;180;60;0mgrad_norm:  0.9766  [38;2;54;234;195mmemory: 10.98GiB(13.87%)  [34mtps: 463  [36mtflops: 1.62  [35mmfu: 0.21%[39m
[titan] 2026-09-13 07:13:04,687 - root - INFO - [31mstep: 95  [32mloss: -1.00000  [38;2;180;60;0mgrad_norm:  0.9766  [38;2;54;234;195mmemory:  9.32GiB(11.77%)  [34mtps: 463  [36mtflops: 1.62  [35mmfu: 0.21%[39m
[titan] 2026-09-13 07:13:05,785 - root - INFO - [31mstep: 96  [32mloss:  2.57869  [38;2;180;60;0mgrad_norm:  1.2500  [38;2;54;234;195mmemory: 10.98GiB(13.87%)  [34mtps: 465  [36mtflops: 1.62  [35mmfu: 0.21%[39m
[titan] 2026-09-13 07:13:05,787 - root - INFO - [31mstep: 96  [32mloss: -1.00000  [38;2;180;60;0mgrad_norm:  1.2500  [38;2;54;234;195mmemory:  9.32GiB(11.77%)  [34mtps: 465  [36mtflops: 1.62  [35mmfu: 0.21%[39m
[titan] 2026-09-13 07:13:06,889 - root - INFO - [31mstep: 97  [32mloss:  2.43312  [38;2;180;60;0mgrad_norm:  1.9219  [38;2;54;234;195mmemory: 10.98GiB(13.87%)  [34mtps: 464  [36mtflops: 1.62  [35mmfu: 0.21%[39m
[titan] 2026-09-13 07:13:06,892 - root - INFO - [31mstep: 97  [32mloss: -1.00000  [38;2;180;60;0mgrad_norm:  1.9219  [38;2;54;234;195mmemory:  9.32GiB(11.77%)  [34mtps: 464  [36mtflops: 1.62  [35mmfu: 0.21%[39m
[titan] 2026-09-13 07:13:07,996 - root - INFO - [31mstep: 98  [32mloss:  2.49163  [38;2;180;60;0mgrad_norm:  1.1172  [38;2;54;234;195mmemory: 10.98GiB(13.87%)  [34mtps: 463  [36mtflops: 1.62  [35mmfu: 0.21%[39m
[titan] 2026-09-13 07:13:07,998 - root - INFO - [31mstep: 98  [32mloss: -1.00000  [38;2;180;60;0mgrad_norm:  1.1172  [38;2;54;234;195mmemory:  9.32GiB(11.77%)  [34mtps: 463  [36mtflops: 1.62  [35mmfu: 0.21%[39m
[titan] 2026-09-13 07:13:09,101 - root - INFO - [31mstep: 99  [32mloss:  2.71950  [38;2;180;60;0mgrad_norm:  1.1875  [38;2;54;234;195mmemory: 10.98GiB(13.87%)  [34mtps: 463  [36mtflops: 1.62  [35mmfu: 0.21%[39m
[titan] 2026-09-13 07:13:09,103 - root - INFO - [31mstep: 99  [32mloss: -1.00000  [38;2;180;60;0mgrad_norm:  1.1875  [38;2;54;234;195mmemory:  9.32GiB(11.77%)  [34mtps: 463  [36mtflops: 1.62  [35mmfu: 0.21%[39m
[titan] 2026-09-13 07:13:09,276 - root - INFO - [GC] Performing periodic GC collection took 0.17 seconds
[titan] 2026-09-13 07:13:09,282 - root - INFO - [GC] Performing periodic GC collection took 0.18 seconds
[titan] 2026-09-13 07:13:10,389 - root - INFO - [31mstep: 100  [32mloss:  2.56581  [38;2;180;60;0mgrad_norm:  1.5781  [38;2;54;234;195mmemory: 10.98GiB(13.87%)  [34mtps: 398  [36mtflops: 1.39  [35mmfu: 0.18%[39m
[titan] 2026-09-13 07:13:10,389 - root - INFO - Saving the checkpoint.
[titan] 2026-09-13 07:13:10,389 - root - INFO - Saving a full checkpoint at last step, step 100.
[titan] 2026-09-13 07:13:10,391 - root - INFO - [31mstep: 100  [32mloss: -1.00000  [38;2;180;60;0mgrad_norm:  1.5781  [38;2;54;234;195mmemory:  9.32GiB(11.77%)  [34mtps: 398  [36mtflops: 1.39  [35mmfu: 0.18%[39m
[titan] 2026-09-13 07:13:10,391 - root - INFO - Saving the checkpoint.
[titan] 2026-09-13 07:13:10,391 - root - INFO - Saving a full checkpoint at last step, step 100.
[titan] 2026-09-13 07:13:21,816 - root - INFO - [GC] GC collection invoked by checkpointer. took 0.08 seconds
[titan] 2026-09-13 07:13:21,823 - root - INFO - Last step checkpoint completed in 11.43s
[titan] 2026-09-13 07:13:21,823 - root - INFO - Sleeping 2 seconds for other ranks to complete
[titan] 2026-09-13 07:13:21,831 - root - INFO - [GC] GC collection invoked by checkpointer. took 0.07 seconds
[titan] 2026-09-13 07:13:21,837 - root - INFO - Last step checkpoint completed in 11.45s
[titan] 2026-09-13 07:13:21,837 - root - INFO - Training completed
[titan] 2026-09-13 07:13:21,843 - root - INFO - Destroying the purge thread.
[titan] 2026-09-13 07:13:23,823 - root - INFO - Training completed
[titan] 2026-09-13 07:13:23,830 - root - INFO - Destroying the purge thread.
[titan] 2026-09-13 07:13:24,244 - root - INFO - Process group destroyed
[titan] 2026-09-13 07:13:24,724 - root - INFO - Process group destroyed
