WARNING:absl:Failed to load jax profiler: No module named 'jax'
[titan] 2026-09-28 06:55:49,269 - __main__ - INFO - torchtitan version: 0.0.0+unknown (0.0.0 means __version__ is not defined correctly).
[titan] 2026-09-28 06:55:50,164 - torchtitan.observability.structured_logger.jsonl_handler - INFO - Structured logging -> JSONL: /root/k928/res/4656/id_pr_none/out/structured_logs/training.global_rank_0.20260928-065550-IBI6C7.jsonl
[titan] 2026-09-28 06:55:50,572 - torchtitan.distributed.utils - WARNING - ENV[TORCH_NCCL_ASYNC_ERROR_HANDLING] = 1 will be overridden to 3 based on job config
[titan] 2026-09-28 06:55:50,930 - torchtitan.tools.utils - INFO - [GC] Initial GC collection took 0.00 seconds
[titan] 2026-09-28 06:55:50,930 - torchtitan.distributed.utils - INFO - Deterministic algorithm enabled (expect perf degradation).
[titan] 2026-09-28 06:55:50,942 - torchtitan.observability.metrics - INFO - CUDA capacity: NVIDIA H100 80GB HBM3 with 79.18GiB memory
[titan] 2026-09-28 06:55:50,955 - torchtitan.tools.utils - WARNING - Error running lspci: [Errno 2] No such file or directory: 'lspci', fallback to use device_name
[titan] 2026-09-28 06:55:50,955 - torchtitan.components.tokenizer - INFO - Loading tokenizer from tokenizer.json
[titan] 2026-09-28 06:55:51,083 - torchtitan.protocols.state_dict_adapter - WARNING - model.safetensors.index.json not found at hf_assets_path: ./tests/assets/tokenizer/model.safetensors.index.json.                     Defaulting to saving a single safetensors file if checkpoint is saved in HF format
[titan] 2026-09-28 06:55:51,086 - torchtitan.models.utils - INFO - Total parameter count: 25,776,880, active parameters: 17,236,208
[titan] 2026-09-28 06:55:51,086 - torchtitan.distributed.parallel_dims - INFO - Building device mesh with parallelism: pp=1, dp_replicate=1, dp_shard=1, cp=1, tp=1, ep=1
[titan] 2026-09-28 06:55:51,091 - torchtitan.distributed.parallel_dims - INFO - Successfully created meshes with active dimensions: []
[titan] 2026-09-28 06:55:51,249 - torchtitan.distributed.fsdp - INFO - Applied FSDP to the model
[titan] 2026-09-28 06:55:51,922 - torchtitan.training_engine - INFO - Model KimiK3Model.Config size: 25,776,880 total parameters
[titan] 2026-09-28 06:55:51,982 - torchtitan.components.optimizer.optimizer - INFO - Optimizer DistMuon (model_part=0): 228 params [(?:attention\.(?:wq_a|wq_b|wkv_a|wkv_b|gate|wo)\.weight|delta_attention\.(?:q_proj|k_proj|v_proj|forget_a|forget_b|output_gate|output_proj)\.weight|routed_experts\.w(?:13|2)\.weight|feed_forward\.w(?:13|2)\.weight|moe\.router\.gate\.weight|moe\.shared_experts\.w(?:13|2)\.weight|moe\.routed_(?:down|up)\.weight)$] {'fused': False, 'foreach': False, 'lr': 0.0008, 'weight_decay': 0.1, 'momentum': 0.95, 'nesterov': True, 'eps': 1e-07}
[titan] 2026-09-28 06:55:51,982 - torchtitan.components.optimizer.optimizer - INFO - Optimizer AdamW (model_part=0): 237 params [.*] {'fused': False, 'foreach': True, 'lr': 0.0008, 'betas': (0.9, 0.95), 'eps': 1e-08, 'weight_decay': 0.1}
[titan] 2026-09-28 06:55:51,985 - torchtitan.trainer - INFO - Peak FLOPS used for computing MFU: 9.890e+14
[titan] 2026-09-28 06:55:51,985 - torchtitan.trainer - INFO - CUDA memory usage for model: 0.07GiB(0.09%)
[titan] 2026-09-28 06:55:51,985 - torchtitan.trainer - INFO - Trainer is initialized with 512 tokens per DP rank, 2048 tokens per train step, gradient accumulation steps 4, maximum context length 2048, total steps 10 (warmup 2)
[titan] 2026-09-28 06:55:51,986 - torchtitan.trainer - INFO - Training starts at step 1
/root/venv_pp/lib/python3.12/site-packages/torch/distributed/fsdp/_fully_shard/_fsdp_state.py:336: UserWarning: FSDP2-wrapped module (FSDPKimiK3TransformerBlock) returned a view tensor. An in-place op on this view (e.g., `x += y`) will silently drop the pre-backward hook and skip the all-gather, which can cause backward to fail or produce wrong gradients. Use out-of-place ops (`out = out + y`, not `out += y`) or `.clone()` the output before any in-place op.
  output = self._register_pre_backward_hook(output)
/root/venv_pp/lib/python3.12/site-packages/torch/distributed/fsdp/_fully_shard/_fsdp_state.py:336: UserWarning: FSDP2-wrapped module (FSDPKimiK3TransformerBlock) returned a view tensor. An in-place op on this view (e.g., `x += y`) will silently drop the pre-backward hook and skip the all-gather, which can cause backward to fail or produce wrong gradients. Use out-of-place ops (`out = out + y`, not `out += y`) or `.clone()` the output before any in-place op.
  output = self._register_pre_backward_hook(output)
/root/venv_pp/lib/python3.12/site-packages/torch/distributed/fsdp/_fully_shard/_fsdp_state.py:336: UserWarning: FSDP2-wrapped module (FSDPKimiK3TransformerBlock) returned a view tensor. An in-place op on this view (e.g., `x += y`) will silently drop the pre-backward hook and skip the all-gather, which can cause backward to fail or produce wrong gradients. Use out-of-place ops (`out = out + y`, not `out += y`) or `.clone()` the output before any in-place op.
  output = self._register_pre_backward_hook(output)
[titan] 2026-09-28 06:56:03,429 - torchtitan.observability.metrics - INFO - [31mstep:  1  [32mloss:  8.06529  [38;2;180;60;0mgrad_norm:  2.3906  [38;2;54;234;195mmemory:  0.47GiB(0.60%)  [34mtps: 164  [36mtflops: 0.03  [35mmfu: 0.00%[39m
[titan] 2026-09-28 06:56:03,430 - torchtitan.distributed.utils - INFO - Synchronizing and adjusting timeout for all ProcessGroups to 0:01:40
[titan] 2026-09-28 06:56:04,451 - torchtitan.observability.metrics - INFO - [31mstep:  2  [32mloss:  7.87487  [38;2;180;60;0mgrad_norm:  2.2656  [38;2;54;234;195mmemory:  0.56GiB(0.71%)  [34mtps: 2,004  [36mtflops: 0.31  [35mmfu: 0.03%[39m
[titan] 2026-09-28 06:56:05,467 - torchtitan.observability.metrics - INFO - [31mstep:  3  [32mloss:  7.68324  [38;2;180;60;0mgrad_norm:  2.6406  [38;2;54;234;195mmemory:  0.56GiB(0.71%)  [34mtps: 2,017  [36mtflops: 0.32  [35mmfu: 0.03%[39m
[titan] 2026-09-28 06:56:06,495 - torchtitan.observability.metrics - INFO - [31mstep:  4  [32mloss:  7.41830  [38;2;180;60;0mgrad_norm:  4.1562  [38;2;54;234;195mmemory:  0.56GiB(0.71%)  [34mtps: 1,991  [36mtflops: 0.31  [35mmfu: 0.03%[39m
[titan] 2026-09-28 06:56:07,519 - torchtitan.observability.metrics - INFO - [31mstep:  5  [32mloss:  7.24980  [38;2;180;60;0mgrad_norm:  4.7812  [38;2;54;234;195mmemory:  0.56GiB(0.71%)  [34mtps: 2,000  [36mtflops: 0.31  [35mmfu: 0.03%[39m
[titan] 2026-09-28 06:56:08,522 - torchtitan.observability.metrics - INFO - [31mstep:  6  [32mloss:  6.82258  [38;2;180;60;0mgrad_norm:  6.3438  [38;2;54;234;195mmemory:  0.56GiB(0.71%)  [34mtps: 2,042  [36mtflops: 0.32  [35mmfu: 0.03%[39m
[titan] 2026-09-28 06:56:09,522 - torchtitan.observability.metrics - INFO - [31mstep:  7  [32mloss:  6.53244  [38;2;180;60;0mgrad_norm:  6.3125  [38;2;54;234;195mmemory:  0.56GiB(0.71%)  [34mtps: 2,049  [36mtflops: 0.32  [35mmfu: 0.03%[39m
[titan] 2026-09-28 06:56:10,523 - torchtitan.observability.metrics - INFO - [31mstep:  8  [32mloss:  6.17404  [38;2;180;60;0mgrad_norm:  7.1875  [38;2;54;234;195mmemory:  0.56GiB(0.71%)  [34mtps: 2,046  [36mtflops: 0.32  [35mmfu: 0.03%[39m
[titan] 2026-09-28 06:56:11,529 - torchtitan.observability.metrics - INFO - [31mstep:  9  [32mloss:  6.29208  [38;2;180;60;0mgrad_norm:  7.6562  [38;2;54;234;195mmemory:  0.56GiB(0.71%)  [34mtps: 2,036  [36mtflops: 0.32  [35mmfu: 0.03%[39m
[titan] 2026-09-28 06:56:12,531 - torchtitan.observability.metrics - INFO - [31mstep: 10  [32mloss:  6.09957  [38;2;180;60;0mgrad_norm:  8.3125  [38;2;54;234;195mmemory:  0.56GiB(0.71%)  [34mtps: 2,046  [36mtflops: 0.32  [35mmfu: 0.03%[39m
[titan] 2026-09-28 06:56:12,531 - torchtitan.trainer - INFO - Sleeping 2 seconds for other ranks to complete
[titan] 2026-09-28 06:56:14,531 - torchtitan.trainer - INFO - Training completed
[titan] 2026-09-28 06:56:14,966 - __main__ - INFO - Process group destroyed
