W0917 09:37:51.054000 50705 torch/distributed/run.py:982] 
W0917 09:37:51.054000 50705 torch/distributed/run.py:982] *****************************************
W0917 09:37:51.054000 50705 torch/distributed/run.py:982] Setting OMP_NUM_THREADS environment variable for each process to be 1 in default, to avoid your system being overloaded, please further tune the variable for optimal performance in your application as needed. 
W0917 09:37:51.054000 50705 torch/distributed/run.py:982] *****************************************
WARNING:absl:Failed to load jax profiler: No module named 'jax'
WARNING:absl:Failed to load jax profiler: No module named 'jax'
WARNING:absl:Failed to load jax profiler: No module named 'jax'
WARNING:absl:Failed to load jax profiler: No module named 'jax'
[titan] 2026-09-17 09:37:57,030 - __main__ - INFO - torchtitan version: 0.0.0+unknown (0.0.0 means __version__ is not defined correctly).
[titan] 2026-09-17 09:37:57,041 - __main__ - INFO - torchtitan version: 0.0.0+unknown (0.0.0 means __version__ is not defined correctly).
[titan] 2026-09-17 09:37:57,184 - __main__ - INFO - torchtitan version: 0.0.0+unknown (0.0.0 means __version__ is not defined correctly).
[titan] 2026-09-17 09:37:57,185 - __main__ - INFO - torchtitan version: 0.0.0+unknown (0.0.0 means __version__ is not defined correctly).
[titan] 2026-09-17 09:37:57,477 - torchtitan.components.checkpointer.base - WARNING - initial_load_model_only=True has no effect without an initial_load_path.
[titan] 2026-09-17 09:37:57,526 - torchtitan.components.checkpointer.base - WARNING - initial_load_model_only=True has no effect without an initial_load_path.
[titan] 2026-09-17 09:37:57,562 - torchtitan.components.checkpointer.base - WARNING - initial_load_model_only=True has no effect without an initial_load_path.
[titan] 2026-09-17 09:37:57,564 - torchtitan.observability.structured_logger.jsonl_handler - INFO - Structured logging -> JSONL: /workspace/mx3_moonep_dp4_0917_093358/dp4_std_measure/structured_logs/training.global_rank_2.20260917-093757-VCBLVY.jsonl
[titan] 2026-09-17 09:37:57,613 - torchtitan.components.checkpointer.base - WARNING - initial_load_model_only=True has no effect without an initial_load_path.
[titan] 2026-09-17 09:37:57,616 - torchtitan.observability.structured_logger.jsonl_handler - INFO - Structured logging -> JSONL: /workspace/mx3_moonep_dp4_0917_093358/dp4_std_measure/structured_logs/training.global_rank_3.20260917-093757-Y2SO0G.jsonl
[titan] 2026-09-17 09:37:57,622 - torchtitan.components.checkpointer.base - WARNING - initial_load_model_only=True has no effect without an initial_load_path.
[titan] 2026-09-17 09:37:57,622 - torchtitan.components.checkpointer.base - WARNING - initial_load_model_only=True has no effect without an initial_load_path.
[titan] 2026-09-17 09:37:57,706 - torchtitan.components.checkpointer.base - WARNING - initial_load_model_only=True has no effect without an initial_load_path.
[titan] 2026-09-17 09:37:57,706 - torchtitan.components.checkpointer.base - WARNING - initial_load_model_only=True has no effect without an initial_load_path.
[titan] 2026-09-17 09:37:57,709 - torchtitan.observability.structured_logger.jsonl_handler - INFO - Structured logging -> JSONL: /workspace/mx3_moonep_dp4_0917_093358/dp4_std_measure/structured_logs/training.global_rank_0.20260917-093757-COP4I8.jsonl
[titan] 2026-09-17 09:37:57,709 - torchtitan.observability.structured_logger.jsonl_handler - INFO - Structured logging -> JSONL: /workspace/mx3_moonep_dp4_0917_093358/dp4_std_measure/structured_logs/training.global_rank_1.20260917-093757-F0RAJZ.jsonl
[titan] 2026-09-17 09:37:58,028 - torchtitan.distributed.utils - WARNING - ENV[TORCH_NCCL_ASYNC_ERROR_HANDLING] = 1 will be overridden to 3 based on job config
[titan] 2026-09-17 09:37:58,153 - torchtitan.distributed.utils - WARNING - ENV[TORCH_NCCL_ASYNC_ERROR_HANDLING] = 1 will be overridden to 3 based on job config
[titan] 2026-09-17 09:37:58,199 - torchtitan.distributed.utils - WARNING - ENV[TORCH_NCCL_ASYNC_ERROR_HANDLING] = 1 will be overridden to 3 based on job config
[titan] 2026-09-17 09:37:58,210 - torchtitan.distributed.utils - WARNING - ENV[TORCH_NCCL_ASYNC_ERROR_HANDLING] = 1 will be overridden to 3 based on job config
[titan] 2026-09-17 09:37:58,655 - torchtitan.distributed.parallel_dims - INFO - Building device mesh with parallelism: pp=1, dp_replicate=1, dp_shard=4, cp=1, tp=1, ep=1
[titan] 2026-09-17 09:37:58,655 - torchtitan.distributed.parallel_dims - INFO - Building device mesh with parallelism: pp=1, dp_replicate=1, dp_shard=4, cp=1, tp=1, ep=1
[titan] 2026-09-17 09:37:58,655 - torchtitan.distributed.parallel_dims - INFO - Building device mesh with parallelism: pp=1, dp_replicate=1, dp_shard=4, cp=1, tp=1, ep=1
[titan] 2026-09-17 09:37:58,656 - torchtitan.distributed.parallel_dims - INFO - Building device mesh with parallelism: pp=1, dp_replicate=1, dp_shard=4, cp=1, tp=1, ep=1
[titan] 2026-09-17 09:37:58,673 - torchtitan.distributed.parallel_dims - INFO - Successfully created meshes with active dimensions: ['batch', 'loss', 'dp', 'dp_shard']
[titan] 2026-09-17 09:37:58,673 - torchtitan.distributed.parallel_dims - INFO - Successfully created meshes with active dimensions: ['batch', 'loss', 'dp', 'dp_shard']
[titan] 2026-09-17 09:37:58,673 - torchtitan.distributed.parallel_dims - INFO - Successfully created meshes with active dimensions: ['batch', 'loss', 'dp', 'dp_shard']
[titan] 2026-09-17 09:37:58,673 - torchtitan.tools.utils - INFO - [GC] Initial GC collection took 0.00 seconds
[titan] 2026-09-17 09:37:58,673 - torchtitan.distributed.utils - INFO - Deterministic algorithm enabled (expect perf degradation).
[titan] 2026-09-17 09:37:58,673 - torchtitan.tools.utils - INFO - [GC] Initial GC collection took 0.00 seconds
[titan] 2026-09-17 09:37:58,673 - torchtitan.distributed.parallel_dims - INFO - Successfully created meshes with active dimensions: ['batch', 'loss', 'dp', 'dp_shard']
[titan] 2026-09-17 09:37:58,673 - torchtitan.tools.utils - INFO - [GC] Initial GC collection took 0.00 seconds
[titan] 2026-09-17 09:37:58,673 - torchtitan.distributed.utils - INFO - Deterministic algorithm enabled (expect perf degradation).
[titan] 2026-09-17 09:37:58,673 - torchtitan.distributed.utils - INFO - Deterministic algorithm enabled (expect perf degradation).
[titan] 2026-09-17 09:37:58,673 - torchtitan.tools.utils - INFO - [GC] Initial GC collection took 0.00 seconds
[titan] 2026-09-17 09:37:58,673 - torchtitan.distributed.utils - INFO - Deterministic algorithm enabled (expect perf degradation).
[titan] 2026-09-17 09:37:58,693 - torchtitan.trainer - INFO - Building kimi_k3 debugmodel
[titan] 2026-09-17 09:37:58,694 - torchtitan.trainer - INFO - Building kimi_k3 debugmodel
[titan] 2026-09-17 09:37:58,694 - torchtitan.trainer - INFO - Building kimi_k3 debugmodel
[titan] 2026-09-17 09:37:58,696 - torchtitan.trainer - INFO - Building kimi_k3 debugmodel
[titan] 2026-09-17 09:37:58,871 - torchtitan.observability.metrics - INFO - CUDA capacity: NVIDIA H200 with 139.80GiB memory
[titan] 2026-09-17 09:37:58,872 - torchtitan.tools.utils - WARNING - Error running lspci: [Errno 2] No such file or directory: 'lspci', fallback to use device_name
[titan] 2026-09-17 09:37:58,873 - torchtitan.observability.metrics - INFO - CUDA capacity: NVIDIA H200 with 139.80GiB memory
[titan] 2026-09-17 09:37:58,873 - torchtitan.observability.metrics - INFO - CUDA capacity: NVIDIA H200 with 139.80GiB memory
[titan] 2026-09-17 09:37:58,874 - torchtitan.tools.utils - WARNING - Error running lspci: [Errno 2] No such file or directory: 'lspci', fallback to use device_name
[titan] 2026-09-17 09:37:58,874 - torchtitan.tools.utils - WARNING - Error running lspci: [Errno 2] No such file or directory: 'lspci', fallback to use device_name
[titan] 2026-09-17 09:37:58,875 - torchtitan.observability.metrics - INFO - CUDA capacity: NVIDIA H200 with 139.80GiB memory
[titan] 2026-09-17 09:37:58,876 - torchtitan.tools.utils - WARNING - Error running lspci: [Errno 2] No such file or directory: 'lspci', fallback to use device_name
[titan] 2026-09-17 09:37:58,877 - torchtitan.models.utils - INFO - Total parameter count: 1,119,984,672, active parameters: 535,879,200
[titan] 2026-09-17 09:37:58,878 - torchtitan.trainer - INFO - [34mModel kimi_k3 debugmodel [31msize: 1,119,984,672 total parameters[39m
[titan] 2026-09-17 09:37:58,879 - torchtitan.models.utils - INFO - Total parameter count: 1,119,984,672, active parameters: 535,879,200
[titan] 2026-09-17 09:37:58,879 - torchtitan.trainer - INFO - [34mModel kimi_k3 debugmodel [31msize: 1,119,984,672 total parameters[39m
[titan] 2026-09-17 09:37:58,879 - torchtitan.models.utils - INFO - Total parameter count: 1,119,984,672, active parameters: 535,879,200
[titan] 2026-09-17 09:37:58,879 - torchtitan.trainer - INFO - [34mModel kimi_k3 debugmodel [31msize: 1,119,984,672 total parameters[39m
[titan] 2026-09-17 09:37:58,881 - torchtitan.models.utils - INFO - Total parameter count: 1,119,984,672, active parameters: 535,879,200
[titan] 2026-09-17 09:37:58,881 - torchtitan.trainer - INFO - [34mModel kimi_k3 debugmodel [31msize: 1,119,984,672 total parameters[39m
[titan] 2026-09-17 09:37:58,975 - torchtitan.distributed.activation_checkpoint - INFO - Applied SelectiveAC activation checkpointing to the model
[titan] 2026-09-17 09:37:58,976 - torchtitan.distributed.activation_checkpoint - INFO - Applied SelectiveAC activation checkpointing to the model
[titan] 2026-09-17 09:37:58,976 - torchtitan.distributed.activation_checkpoint - INFO - Applied SelectiveAC activation checkpointing to the model
[titan] 2026-09-17 09:37:58,977 - torchtitan.distributed.activation_checkpoint - INFO - Applied SelectiveAC activation checkpointing to the model
[titan] 2026-09-17 09:37:58,978 - torchtitan.distributed.activation_checkpoint - INFO - Applied SelectiveAC activation checkpointing to the model
[titan] 2026-09-17 09:37:58,978 - torchtitan.distributed.activation_checkpoint - INFO - Applied SelectiveAC activation checkpointing to the model
[titan] 2026-09-17 09:37:58,981 - torchtitan.distributed.activation_checkpoint - INFO - Applied SelectiveAC activation checkpointing to the model
[titan] 2026-09-17 09:37:58,982 - torchtitan.distributed.activation_checkpoint - INFO - Applied SelectiveAC activation checkpointing to the model
[titan] 2026-09-17 09:37:59,294 - torchtitan.distributed.fsdp - INFO - Applied FSDP to the model
[titan] 2026-09-17 09:37:59,299 - torchtitan.distributed.fsdp - INFO - Applied FSDP to the model
[titan] 2026-09-17 09:37:59,300 - torchtitan.distributed.fsdp - INFO - Applied FSDP to the model
[titan] 2026-09-17 09:37:59,306 - torchtitan.distributed.fsdp - INFO - Applied FSDP to the model
[titan] 2026-09-17 09:38:00,750 - torchtitan.tools.utils - WARNING - Error running lspci: [Errno 2] No such file or directory: 'lspci', fallback to use device_name
[titan] 2026-09-17 09:38:00,750 - torchtitan.trainer - INFO - Peak FLOPS used for computing MFU: 9.890e+14
[titan] 2026-09-17 09:38:00,750 - torchtitan.tools.utils - WARNING - Error running lspci: [Errno 2] No such file or directory: 'lspci', fallback to use device_name
[titan] 2026-09-17 09:38:00,750 - torchtitan.trainer - INFO - Peak FLOPS used for computing MFU: 9.890e+14
[titan] 2026-09-17 09:38:00,750 - torchtitan.tools.utils - WARNING - Error running lspci: [Errno 2] No such file or directory: 'lspci', fallback to use device_name
[titan] 2026-09-17 09:38:00,750 - torchtitan.tools.utils - WARNING - Error running lspci: [Errno 2] No such file or directory: 'lspci', fallback to use device_name
[titan] 2026-09-17 09:38:00,750 - torchtitan.trainer - INFO - CUDA memory usage for model: 1.00GiB(0.72%)
[titan] 2026-09-17 09:38:00,750 - torchtitan.trainer - INFO - Peak FLOPS used for computing MFU: 9.890e+14
[titan] 2026-09-17 09:38:00,750 - torchtitan.trainer - INFO - Peak FLOPS used for computing MFU: 9.890e+14
[titan] 2026-09-17 09:38:00,750 - torchtitan.trainer - INFO - CUDA memory usage for model: 1.00GiB(0.72%)
[titan] 2026-09-17 09:38:00,750 - torchtitan.trainer - INFO - CUDA memory usage for model: 1.00GiB(0.72%)
[titan] 2026-09-17 09:38:00,750 - torchtitan.trainer - INFO - CUDA memory usage for model: 1.00GiB(0.72%)
[titan] 2026-09-17 09:38:00,754 - torchtitan.components.optimizer.optimizer - INFO - Optimizer AdamW (model_part=0): 726 params [.*] {'fused': True, 'foreach': False, 'lr': 0.0008, 'betas': (0.9, 0.95), 'eps': 1e-08, 'weight_decay': 0.1}
[titan] 2026-09-17 09:38:00,754 - torchtitan.components.optimizer.optimizer - INFO - Optimizer AdamW (model_part=0): 726 params [.*] {'fused': True, 'foreach': False, 'lr': 0.0008, 'betas': (0.9, 0.95), 'eps': 1e-08, 'weight_decay': 0.1}
[titan] 2026-09-17 09:38:00,754 - torchtitan.components.optimizer.optimizer - INFO - Optimizer AdamW (model_part=0): 726 params [.*] {'fused': True, 'foreach': False, 'lr': 0.0008, 'betas': (0.9, 0.95), 'eps': 1e-08, 'weight_decay': 0.1}
[titan] 2026-09-17 09:38:00,754 - torchtitan.components.optimizer.optimizer - INFO - Optimizer AdamW (model_part=0): 726 params [.*] {'fused': True, 'foreach': False, 'lr': 0.0008, 'betas': (0.9, 0.95), 'eps': 1e-08, 'weight_decay': 0.1}
[titan] 2026-09-17 09:38:00,758 - torchtitan.components.tokenizer - INFO - Loading tokenizer from tokenizer.json
[titan] 2026-09-17 09:38:00,758 - torchtitan.components.tokenizer - INFO - Loading tokenizer from tokenizer.json
[titan] 2026-09-17 09:38:00,758 - torchtitan.components.tokenizer - INFO - Loading tokenizer from tokenizer.json
[titan] 2026-09-17 09:38:00,758 - torchtitan.components.tokenizer - INFO - Loading tokenizer from tokenizer.json
[titan] 2026-09-17 09:38:00,778 - torchtitan.protocols.state_dict_adapter - WARNING - model.safetensors.index.json not found at hf_assets_path: ./tests/assets/tokenizer/model.safetensors.index.json.                     Defaulting to saving a single safetensors file if checkpoint is saved in HF format
[titan] 2026-09-17 09:38:00,778 - torchtitan.components.checkpointer.base - WARNING - initial_load_model_only=True has no effect without an initial_load_path.
[titan] 2026-09-17 09:38:00,780 - torchtitan.protocols.state_dict_adapter - WARNING - model.safetensors.index.json not found at hf_assets_path: ./tests/assets/tokenizer/model.safetensors.index.json.                     Defaulting to saving a single safetensors file if checkpoint is saved in HF format
[titan] 2026-09-17 09:38:00,780 - torchtitan.components.checkpointer.base - WARNING - initial_load_model_only=True has no effect without an initial_load_path.
[titan] 2026-09-17 09:38:00,810 - torchtitan.components.checkpointer.dcp - INFO - Checkpointing active. Checkpoints will be loaded from and saved to /workspace/mx3_moonep_dp4_0917_093358/dp4_std_measure/checkpoint
[titan] 2026-09-17 09:38:00,811 - torchtitan.trainer - INFO - Trainer is initialized with 256 tokens per DP rank, 8192 tokens per train step, gradient accumulation steps 8, maximum context length 2048, total steps 10 (warmup 2)
[titan] 2026-09-17 09:38:00,811 - torchtitan.components.checkpointer.base - INFO - Loading the checkpoint from /workspace/mx3_moonep_dp4_0917_093358/dp4_std_measure/checkpoint/step-0.
[titan] 2026-09-17 09:38:00,811 - torchtitan.components.checkpointer.dcp - INFO - Checkpointing active. Checkpoints will be loaded from and saved to /workspace/mx3_moonep_dp4_0917_093358/dp4_std_measure/checkpoint
[titan] 2026-09-17 09:38:00,812 - torchtitan.trainer - INFO - Trainer is initialized with 256 tokens per DP rank, 8192 tokens per train step, gradient accumulation steps 8, maximum context length 2048, total steps 10 (warmup 2)
[titan] 2026-09-17 09:38:00,812 - torchtitan.components.checkpointer.base - INFO - Loading the checkpoint from /workspace/mx3_moonep_dp4_0917_093358/dp4_std_measure/checkpoint/step-0.
[titan] 2026-09-17 09:38:00,828 - torchtitan.protocols.state_dict_adapter - WARNING - model.safetensors.index.json not found at hf_assets_path: ./tests/assets/tokenizer/model.safetensors.index.json.                     Defaulting to saving a single safetensors file if checkpoint is saved in HF format
[titan] 2026-09-17 09:38:00,828 - torchtitan.components.checkpointer.base - WARNING - initial_load_model_only=True has no effect without an initial_load_path.
[titan] 2026-09-17 09:38:00,859 - torchtitan.components.checkpointer.dcp - INFO - Checkpointing active. Checkpoints will be loaded from and saved to /workspace/mx3_moonep_dp4_0917_093358/dp4_std_measure/checkpoint
[titan] 2026-09-17 09:38:00,860 - torchtitan.trainer - INFO - Trainer is initialized with 256 tokens per DP rank, 8192 tokens per train step, gradient accumulation steps 8, maximum context length 2048, total steps 10 (warmup 2)
[titan] 2026-09-17 09:38:00,860 - torchtitan.components.checkpointer.base - INFO - Loading the checkpoint from /workspace/mx3_moonep_dp4_0917_093358/dp4_std_measure/checkpoint/step-0.
[titan] 2026-09-17 09:38:00,878 - torchtitan.protocols.state_dict_adapter - WARNING - model.safetensors.index.json not found at hf_assets_path: ./tests/assets/tokenizer/model.safetensors.index.json.                     Defaulting to saving a single safetensors file if checkpoint is saved in HF format
[titan] 2026-09-17 09:38:00,878 - torchtitan.components.checkpointer.base - WARNING - initial_load_model_only=True has no effect without an initial_load_path.
[titan] 2026-09-17 09:38:00,991 - torchtitan.components.checkpointer.dcp - INFO - Checkpointing active. Checkpoints will be loaded from and saved to /workspace/mx3_moonep_dp4_0917_093358/dp4_std_measure/checkpoint
[titan] 2026-09-17 09:38:00,992 - torchtitan.trainer - INFO - Trainer is initialized with 256 tokens per DP rank, 8192 tokens per train step, gradient accumulation steps 8, maximum context length 2048, total steps 10 (warmup 2)
[titan] 2026-09-17 09:38:00,992 - torchtitan.components.checkpointer.base - INFO - Loading the checkpoint from /workspace/mx3_moonep_dp4_0917_093358/dp4_std_measure/checkpoint/step-0.
[titan] 2026-09-17 09:38:03,252 - torchtitan.tools.utils - INFO - [GC] GC collection for checkpoint loading. took 0.03 seconds
[titan] 2026-09-17 09:38:03,252 - torchtitan.components.checkpointer.base - INFO - Finished loading the checkpoint in 2.39 seconds.
[titan] 2026-09-17 09:38:03,253 - torchtitan.trainer - INFO - Training starts at step 1
[titan] 2026-09-17 09:38:03,253 - torchtitan.tools.utils - INFO - [GC] GC collection for checkpoint loading. took 0.03 seconds
[titan] 2026-09-17 09:38:03,253 - torchtitan.components.checkpointer.base - INFO - Finished loading the checkpoint in 2.26 seconds.
[titan] 2026-09-17 09:38:03,254 - torchtitan.trainer - INFO - Training starts at step 1
[titan] 2026-09-17 09:38:03,254 - torchtitan.tools.utils - INFO - [GC] GC collection for checkpoint loading. took 0.03 seconds
[titan] 2026-09-17 09:38:03,254 - torchtitan.components.checkpointer.base - INFO - Finished loading the checkpoint in 2.44 seconds.
[titan] 2026-09-17 09:38:03,255 - torchtitan.trainer - INFO - Training starts at step 1
[titan] 2026-09-17 09:38:03,257 - torchtitan.tools.utils - INFO - [GC] GC collection for checkpoint loading. took 0.03 seconds
[titan] 2026-09-17 09:38:03,257 - torchtitan.components.checkpointer.base - INFO - Finished loading the checkpoint in 2.45 seconds.
[titan] 2026-09-17 09:38:03,258 - torchtitan.trainer - INFO - Training starts at step 1
/workspace/venv_k3/lib/python3.12/site-packages/torch/distributed/fsdp/_fully_shard/_fsdp_state.py:336: UserWarning: FSDP2-wrapped module (FSDPCheckpointWrapper) returned a view tensor. An in-place op on this view (e.g., `x += y`) will silently drop the pre-backward hook and skip the all-gather, which can cause backward to fail or produce wrong gradients. Use out-of-place ops (`out = out + y`, not `out += y`) or `.clone()` the output before any in-place op.
  output = self._register_pre_backward_hook(output)
/workspace/venv_k3/lib/python3.12/site-packages/torch/distributed/fsdp/_fully_shard/_fsdp_state.py:336: UserWarning: FSDP2-wrapped module (FSDPCheckpointWrapper) returned a view tensor. An in-place op on this view (e.g., `x += y`) will silently drop the pre-backward hook and skip the all-gather, which can cause backward to fail or produce wrong gradients. Use out-of-place ops (`out = out + y`, not `out += y`) or `.clone()` the output before any in-place op.
  output = self._register_pre_backward_hook(output)
/workspace/venv_k3/lib/python3.12/site-packages/torch/distributed/fsdp/_fully_shard/_fsdp_state.py:336: UserWarning: FSDP2-wrapped module (FSDPCheckpointWrapper) returned a view tensor. An in-place op on this view (e.g., `x += y`) will silently drop the pre-backward hook and skip the all-gather, which can cause backward to fail or produce wrong gradients. Use out-of-place ops (`out = out + y`, not `out += y`) or `.clone()` the output before any in-place op.
  output = self._register_pre_backward_hook(output)
/workspace/venv_k3/lib/python3.12/site-packages/torch/distributed/fsdp/_fully_shard/_fsdp_state.py:336: UserWarning: FSDP2-wrapped module (FSDPCheckpointWrapper) returned a view tensor. An in-place op on this view (e.g., `x += y`) will silently drop the pre-backward hook and skip the all-gather, which can cause backward to fail or produce wrong gradients. Use out-of-place ops (`out = out + y`, not `out += y`) or `.clone()` the output before any in-place op.
  output = self._register_pre_backward_hook(output)
/workspace/venv_k3/lib/python3.12/site-packages/torch/distributed/fsdp/_fully_shard/_fsdp_state.py:336: UserWarning: FSDP2-wrapped module (FSDPCheckpointWrapper) returned a view tensor. An in-place op on this view (e.g., `x += y`) will silently drop the pre-backward hook and skip the all-gather, which can cause backward to fail or produce wrong gradients. Use out-of-place ops (`out = out + y`, not `out += y`) or `.clone()` the output before any in-place op.
  output = self._register_pre_backward_hook(output)
/workspace/venv_k3/lib/python3.12/site-packages/torch/distributed/fsdp/_fully_shard/_fsdp_state.py:336: UserWarning: FSDP2-wrapped module (FSDPCheckpointWrapper) returned a view tensor. An in-place op on this view (e.g., `x += y`) will silently drop the pre-backward hook and skip the all-gather, which can cause backward to fail or produce wrong gradients. Use out-of-place ops (`out = out + y`, not `out += y`) or `.clone()` the output before any in-place op.
  output = self._register_pre_backward_hook(output)
/workspace/venv_k3/lib/python3.12/site-packages/torch/distributed/fsdp/_fully_shard/_fsdp_state.py:336: UserWarning: FSDP2-wrapped module (FSDPCheckpointWrapper) returned a view tensor. An in-place op on this view (e.g., `x += y`) will silently drop the pre-backward hook and skip the all-gather, which can cause backward to fail or produce wrong gradients. Use out-of-place ops (`out = out + y`, not `out += y`) or `.clone()` the output before any in-place op.
  output = self._register_pre_backward_hook(output)
/workspace/venv_k3/lib/python3.12/site-packages/torch/distributed/fsdp/_fully_shard/_fsdp_state.py:336: UserWarning: FSDP2-wrapped module (FSDPCheckpointWrapper) returned a view tensor. An in-place op on this view (e.g., `x += y`) will silently drop the pre-backward hook and skip the all-gather, which can cause backward to fail or produce wrong gradients. Use out-of-place ops (`out = out + y`, not `out += y`) or `.clone()` the output before any in-place op.
  output = self._register_pre_backward_hook(output)
/workspace/venv_k3/lib/python3.12/site-packages/torch/distributed/fsdp/_fully_shard/_fsdp_state.py:336: UserWarning: FSDP2-wrapped module (FSDPCheckpointWrapper) returned a view tensor. An in-place op on this view (e.g., `x += y`) will silently drop the pre-backward hook and skip the all-gather, which can cause backward to fail or produce wrong gradients. Use out-of-place ops (`out = out + y`, not `out += y`) or `.clone()` the output before any in-place op.
  output = self._register_pre_backward_hook(output)
/workspace/venv_k3/lib/python3.12/site-packages/torch/distributed/fsdp/_fully_shard/_fsdp_state.py:336: UserWarning: FSDP2-wrapped module (FSDPCheckpointWrapper) returned a view tensor. An in-place op on this view (e.g., `x += y`) will silently drop the pre-backward hook and skip the all-gather, which can cause backward to fail or produce wrong gradients. Use out-of-place ops (`out = out + y`, not `out += y`) or `.clone()` the output before any in-place op.
  output = self._register_pre_backward_hook(output)
/workspace/venv_k3/lib/python3.12/site-packages/torch/distributed/fsdp/_fully_shard/_fsdp_state.py:336: UserWarning: FSDP2-wrapped module (FSDPCheckpointWrapper) returned a view tensor. An in-place op on this view (e.g., `x += y`) will silently drop the pre-backward hook and skip the all-gather, which can cause backward to fail or produce wrong gradients. Use out-of-place ops (`out = out + y`, not `out += y`) or `.clone()` the output before any in-place op.
  output = self._register_pre_backward_hook(output)
/workspace/venv_k3/lib/python3.12/site-packages/torch/distributed/fsdp/_fully_shard/_fsdp_state.py:336: UserWarning: FSDP2-wrapped module (FSDPCheckpointWrapper) returned a view tensor. An in-place op on this view (e.g., `x += y`) will silently drop the pre-backward hook and skip the all-gather, which can cause backward to fail or produce wrong gradients. Use out-of-place ops (`out = out + y`, not `out += y`) or `.clone()` the output before any in-place op.
  output = self._register_pre_backward_hook(output)
[titan] 2026-09-17 09:38:23,993 - torchtitan.observability.metrics - INFO - [31mstep:  1  [32mloss: 12.54318  [38;2;180;60;0mgrad_norm: 13.3750  [38;2;54;234;195mmemory:  4.69GiB(3.36%)  [34mtps: 82  [36mtflops: 0.28  [35mmfu: 0.03%[39m
[titan] 2026-09-17 09:38:23,993 - torchtitan.observability.metrics - INFO - [31mstep:  1  [32mloss: 12.54318  [38;2;180;60;0mgrad_norm: 13.3750  [38;2;54;234;195mmemory:  4.69GiB(3.36%)  [34mtps: 82  [36mtflops: 0.28  [35mmfu: 0.03%[39m
[titan] 2026-09-17 09:38:23,993 - torchtitan.observability.metrics - INFO - [31mstep:  1  [32mloss: 12.54318  [38;2;180;60;0mgrad_norm: 13.3750  [38;2;54;234;195mmemory:  4.69GiB(3.36%)  [34mtps: 82  [36mtflops: 0.28  [35mmfu: 0.03%[39m
[titan] 2026-09-17 09:38:23,994 - torchtitan.observability.metrics - INFO - [31mstep:  1  [32mloss: 12.54318  [38;2;180;60;0mgrad_norm: 13.3750  [38;2;54;234;195mmemory:  4.69GiB(3.36%)  [34mtps: 82  [36mtflops: 0.28  [35mmfu: 0.03%[39m
[titan] 2026-09-17 09:38:23,996 - torchtitan.distributed.utils - INFO - Synchronizing and adjusting timeout for all ProcessGroups to 0:01:40
[titan] 2026-09-17 09:38:23,996 - torchtitan.distributed.utils - INFO - Synchronizing and adjusting timeout for all ProcessGroups to 0:01:40
[titan] 2026-09-17 09:38:23,996 - torchtitan.distributed.utils - INFO - Synchronizing and adjusting timeout for all ProcessGroups to 0:01:40
[titan] 2026-09-17 09:38:23,996 - torchtitan.distributed.utils - INFO - Synchronizing and adjusting timeout for all ProcessGroups to 0:01:40
[titan] 2026-09-17 09:38:29,625 - torchtitan.observability.metrics - INFO - [31mstep:  2  [32mloss: 10.69835  [38;2;180;60;0mgrad_norm: 16.0000  [38;2;54;234;195mmemory:  5.50GiB(3.94%)  [34mtps: 364  [36mtflops: 1.27  [35mmfu: 0.13%[39m
[titan] 2026-09-17 09:38:29,625 - torchtitan.observability.metrics - INFO - [31mstep:  2  [32mloss: 10.69835  [38;2;180;60;0mgrad_norm: 16.0000  [38;2;54;234;195mmemory:  5.50GiB(3.94%)  [34mtps: 364  [36mtflops: 1.27  [35mmfu: 0.13%[39m
[titan] 2026-09-17 09:38:29,625 - torchtitan.observability.metrics - INFO - [31mstep:  2  [32mloss: 10.69835  [38;2;180;60;0mgrad_norm: 16.0000  [38;2;54;234;195mmemory:  5.50GiB(3.93%)  [34mtps: 364  [36mtflops: 1.27  [35mmfu: 0.13%[39m
[titan] 2026-09-17 09:38:29,625 - torchtitan.observability.metrics - INFO - [31mstep:  2  [32mloss: 10.69835  [38;2;180;60;0mgrad_norm: 16.0000  [38;2;54;234;195mmemory:  5.50GiB(3.94%)  [34mtps: 364  [36mtflops: 1.27  [35mmfu: 0.13%[39m
[titan] 2026-09-17 09:38:35,253 - torchtitan.observability.metrics - INFO - [31mstep:  3  [32mloss:  7.74812  [38;2;180;60;0mgrad_norm: 11.2500  [38;2;54;234;195mmemory:  5.50GiB(3.94%)  [34mtps: 364  [36mtflops: 1.27  [35mmfu: 0.13%[39m
[titan] 2026-09-17 09:38:35,253 - torchtitan.observability.metrics - INFO - [31mstep:  3  [32mloss:  7.74812  [38;2;180;60;0mgrad_norm: 11.2500  [38;2;54;234;195mmemory:  5.50GiB(3.94%)  [34mtps: 364  [36mtflops: 1.27  [35mmfu: 0.13%[39m
[titan] 2026-09-17 09:38:35,253 - torchtitan.observability.metrics - INFO - [31mstep:  3  [32mloss:  7.74812  [38;2;180;60;0mgrad_norm: 11.2500  [38;2;54;234;195mmemory:  5.50GiB(3.94%)  [34mtps: 364  [36mtflops: 1.27  [35mmfu: 0.13%[39m
[titan] 2026-09-17 09:38:35,253 - torchtitan.observability.metrics - INFO - [31mstep:  3  [32mloss:  7.74812  [38;2;180;60;0mgrad_norm: 11.2500  [38;2;54;234;195mmemory:  5.50GiB(3.94%)  [34mtps: 364  [36mtflops: 1.27  [35mmfu: 0.13%[39m
[titan] 2026-09-17 09:38:40,894 - torchtitan.observability.metrics - INFO - [31mstep:  4  [32mloss:  6.87531  [38;2;180;60;0mgrad_norm:  6.9688  [38;2;54;234;195mmemory:  5.50GiB(3.94%)  [34mtps: 363  [36mtflops: 1.27  [35mmfu: 0.13%[39m
[titan] 2026-09-17 09:38:40,894 - torchtitan.observability.metrics - INFO - [31mstep:  4  [32mloss:  6.87531  [38;2;180;60;0mgrad_norm:  6.9688  [38;2;54;234;195mmemory:  5.50GiB(3.94%)  [34mtps: 363  [36mtflops: 1.27  [35mmfu: 0.13%[39m
[titan] 2026-09-17 09:38:40,895 - torchtitan.observability.metrics - INFO - [31mstep:  4  [32mloss:  6.87531  [38;2;180;60;0mgrad_norm:  6.9688  [38;2;54;234;195mmemory:  5.50GiB(3.94%)  [34mtps: 363  [36mtflops: 1.27  [35mmfu: 0.13%[39m
[titan] 2026-09-17 09:38:40,895 - torchtitan.observability.metrics - INFO - [31mstep:  4  [32mloss:  6.87531  [38;2;180;60;0mgrad_norm:  6.9688  [38;2;54;234;195mmemory:  5.50GiB(3.94%)  [34mtps: 363  [36mtflops: 1.27  [35mmfu: 0.13%[39m
[titan] 2026-09-17 09:38:46,524 - torchtitan.observability.metrics - INFO - [31mstep:  5  [32mloss:  5.78594  [38;2;180;60;0mgrad_norm:  6.1250  [38;2;54;234;195mmemory:  5.50GiB(3.94%)  [34mtps: 364  [36mtflops: 1.27  [35mmfu: 0.13%[39m
[titan] 2026-09-17 09:38:46,524 - torchtitan.observability.metrics - INFO - [31mstep:  5  [32mloss:  5.78594  [38;2;180;60;0mgrad_norm:  6.1250  [38;2;54;234;195mmemory:  5.50GiB(3.94%)  [34mtps: 364  [36mtflops: 1.27  [35mmfu: 0.13%[39m
[titan] 2026-09-17 09:38:46,524 - torchtitan.observability.metrics - INFO - [31mstep:  5  [32mloss:  5.78594  [38;2;180;60;0mgrad_norm:  6.1250  [38;2;54;234;195mmemory:  5.50GiB(3.94%)  [34mtps: 364  [36mtflops: 1.27  [35mmfu: 0.13%[39m
[titan] 2026-09-17 09:38:46,524 - torchtitan.observability.metrics - INFO - [31mstep:  5  [32mloss:  5.78594  [38;2;180;60;0mgrad_norm:  6.1250  [38;2;54;234;195mmemory:  5.50GiB(3.94%)  [34mtps: 364  [36mtflops: 1.27  [35mmfu: 0.13%[39m
[titan] 2026-09-17 09:38:52,173 - torchtitan.observability.metrics - INFO - [31mstep:  6  [32mloss:  4.46224  [38;2;180;60;0mgrad_norm:  3.5312  [38;2;54;234;195mmemory:  5.50GiB(3.94%)  [34mtps: 363  [36mtflops: 1.26  [35mmfu: 0.13%[39m
[titan] 2026-09-17 09:38:52,173 - torchtitan.observability.metrics - INFO - [31mstep:  6  [32mloss:  4.46224  [38;2;180;60;0mgrad_norm:  3.5312  [38;2;54;234;195mmemory:  5.50GiB(3.94%)  [34mtps: 363  [36mtflops: 1.26  [35mmfu: 0.13%[39m
[titan] 2026-09-17 09:38:52,173 - torchtitan.observability.metrics - INFO - [31mstep:  6  [32mloss:  4.46224  [38;2;180;60;0mgrad_norm:  3.5312  [38;2;54;234;195mmemory:  5.50GiB(3.94%)  [34mtps: 363  [36mtflops: 1.27  [35mmfu: 0.13%[39m
[titan] 2026-09-17 09:38:52,173 - torchtitan.observability.metrics - INFO - [31mstep:  6  [32mloss:  4.46224  [38;2;180;60;0mgrad_norm:  3.5312  [38;2;54;234;195mmemory:  5.50GiB(3.94%)  [34mtps: 363  [36mtflops: 1.26  [35mmfu: 0.13%[39m
[titan] 2026-09-17 09:38:57,805 - torchtitan.observability.metrics - INFO - [31mstep:  7  [32mloss:  3.87321  [38;2;180;60;0mgrad_norm:  3.8125  [38;2;54;234;195mmemory:  5.50GiB(3.94%)  [34mtps: 364  [36mtflops: 1.27  [35mmfu: 0.13%[39m
[titan] 2026-09-17 09:38:57,805 - torchtitan.observability.metrics - INFO - [31mstep:  7  [32mloss:  3.87321  [38;2;180;60;0mgrad_norm:  3.8125  [38;2;54;234;195mmemory:  5.50GiB(3.94%)  [34mtps: 364  [36mtflops: 1.27  [35mmfu: 0.13%[39m
[titan] 2026-09-17 09:38:57,805 - torchtitan.observability.metrics - INFO - [31mstep:  7  [32mloss:  3.87321  [38;2;180;60;0mgrad_norm:  3.8125  [38;2;54;234;195mmemory:  5.50GiB(3.94%)  [34mtps: 364  [36mtflops: 1.27  [35mmfu: 0.13%[39m
[titan] 2026-09-17 09:38:57,805 - torchtitan.observability.metrics - INFO - [31mstep:  7  [32mloss:  3.87321  [38;2;180;60;0mgrad_norm:  3.8125  [38;2;54;234;195mmemory:  5.50GiB(3.94%)  [34mtps: 364  [36mtflops: 1.27  [35mmfu: 0.13%[39m
[titan] 2026-09-17 09:39:03,442 - torchtitan.observability.metrics - INFO - [31mstep:  8  [32mloss:  3.52722  [38;2;180;60;0mgrad_norm:  3.0781  [38;2;54;234;195mmemory:  5.50GiB(3.94%)  [34mtps: 363  [36mtflops: 1.27  [35mmfu: 0.13%[39m
[titan] 2026-09-17 09:39:03,443 - torchtitan.observability.metrics - INFO - [31mstep:  8  [32mloss:  3.52722  [38;2;180;60;0mgrad_norm:  3.0781  [38;2;54;234;195mmemory:  5.50GiB(3.94%)  [34mtps: 363  [36mtflops: 1.27  [35mmfu: 0.13%[39m
[titan] 2026-09-17 09:39:03,443 - torchtitan.observability.metrics - INFO - [31mstep:  8  [32mloss:  3.52722  [38;2;180;60;0mgrad_norm:  3.0781  [38;2;54;234;195mmemory:  5.50GiB(3.94%)  [34mtps: 363  [36mtflops: 1.27  [35mmfu: 0.13%[39m
[titan] 2026-09-17 09:39:03,443 - torchtitan.observability.metrics - INFO - [31mstep:  8  [32mloss:  3.52722  [38;2;180;60;0mgrad_norm:  3.0781  [38;2;54;234;195mmemory:  5.50GiB(3.94%)  [34mtps: 363  [36mtflops: 1.27  [35mmfu: 0.13%[39m
[titan] 2026-09-17 09:39:09,061 - torchtitan.observability.metrics - INFO - [31mstep:  9  [32mloss:  3.20529  [38;2;180;60;0mgrad_norm:  2.4844  [38;2;54;234;195mmemory:  5.50GiB(3.94%)  [34mtps: 365  [36mtflops: 1.27  [35mmfu: 0.13%[39m
[titan] 2026-09-17 09:39:09,061 - torchtitan.observability.metrics - INFO - [31mstep:  9  [32mloss:  3.20529  [38;2;180;60;0mgrad_norm:  2.4844  [38;2;54;234;195mmemory:  5.50GiB(3.94%)  [34mtps: 365  [36mtflops: 1.27  [35mmfu: 0.13%[39m
[titan] 2026-09-17 09:39:09,061 - torchtitan.observability.metrics - INFO - [31mstep:  9  [32mloss:  3.20529  [38;2;180;60;0mgrad_norm:  2.4844  [38;2;54;234;195mmemory:  5.50GiB(3.94%)  [34mtps: 365  [36mtflops: 1.27  [35mmfu: 0.13%[39m
[titan] 2026-09-17 09:39:09,061 - torchtitan.observability.metrics - INFO - [31mstep:  9  [32mloss:  3.20529  [38;2;180;60;0mgrad_norm:  2.4844  [38;2;54;234;195mmemory:  5.50GiB(3.94%)  [34mtps: 365  [36mtflops: 1.27  [35mmfu: 0.13%[39m
[titan] 2026-09-17 09:39:14,693 - torchtitan.observability.metrics - INFO - [31mstep: 10  [32mloss:  3.09282  [38;2;180;60;0mgrad_norm:  1.7812  [38;2;54;234;195mmemory:  5.50GiB(3.94%)  [34mtps: 364  [36mtflops: 1.27  [35mmfu: 0.13%[39m
[titan] 2026-09-17 09:39:14,693 - torchtitan.observability.metrics - INFO - [31mstep: 10  [32mloss:  3.09282  [38;2;180;60;0mgrad_norm:  1.7812  [38;2;54;234;195mmemory:  5.50GiB(3.94%)  [34mtps: 364  [36mtflops: 1.27  [35mmfu: 0.13%[39m
[titan] 2026-09-17 09:39:14,693 - torchtitan.observability.metrics - INFO - [31mstep: 10  [32mloss:  3.09282  [38;2;180;60;0mgrad_norm:  1.7812  [38;2;54;234;195mmemory:  5.50GiB(3.94%)  [34mtps: 364  [36mtflops: 1.27  [35mmfu: 0.13%[39m
[titan] 2026-09-17 09:39:14,693 - torchtitan.observability.metrics - INFO - [31mstep: 10  [32mloss:  3.09282  [38;2;180;60;0mgrad_norm:  1.7812  [38;2;54;234;195mmemory:  5.50GiB(3.94%)  [34mtps: 364  [36mtflops: 1.27  [35mmfu: 0.13%[39m
[titan] 2026-09-17 09:39:14,695 - torchtitan.components.checkpointer.dcp - INFO - Saving the checkpoint.
[titan] 2026-09-17 09:39:14,695 - torchtitan.components.checkpointer.dcp - INFO - Saving a full checkpoint at last step, step 10.
[titan] 2026-09-17 09:39:14,695 - torchtitan.components.checkpointer.dcp - INFO - Saving the checkpoint.
[titan] 2026-09-17 09:39:14,695 - torchtitan.components.checkpointer.dcp - INFO - Saving the checkpoint.
[titan] 2026-09-17 09:39:14,695 - torchtitan.components.checkpointer.dcp - INFO - Saving a full checkpoint at last step, step 10.
[titan] 2026-09-17 09:39:14,695 - torchtitan.components.checkpointer.dcp - INFO - Saving a full checkpoint at last step, step 10.
[titan] 2026-09-17 09:39:14,695 - torchtitan.components.checkpointer.dcp - INFO - Saving the checkpoint.
[titan] 2026-09-17 09:39:14,696 - torchtitan.components.checkpointer.dcp - INFO - Saving a full checkpoint at last step, step 10.
[titan] 2026-09-17 09:39:19,523 - torchtitan.tools.utils - INFO - [GC] GC collection invoked by checkpointer. took 0.22 seconds
[titan] 2026-09-17 09:39:19,529 - torchtitan.components.checkpointer.dcp - INFO - Last step checkpoint completed in 4.83s
[titan] 2026-09-17 09:39:19,529 - torchtitan.trainer - INFO - Sleeping 2 seconds for other ranks to complete
[titan] 2026-09-17 09:39:19,583 - torchtitan.tools.utils - INFO - [GC] GC collection invoked by checkpointer. took 0.24 seconds
[titan] 2026-09-17 09:39:19,584 - torchtitan.tools.utils - INFO - [GC] GC collection invoked by checkpointer. took 0.24 seconds
[titan] 2026-09-17 09:39:19,588 - torchtitan.components.checkpointer.dcp - INFO - Last step checkpoint completed in 4.89s
[titan] 2026-09-17 09:39:19,587 - torchtitan.tools.utils - INFO - [GC] GC collection invoked by checkpointer. took 0.24 seconds
[titan] 2026-09-17 09:39:19,588 - torchtitan.trainer - INFO - Training completed
[titan] 2026-09-17 09:39:19,589 - torchtitan.components.checkpointer.base - INFO - Destroying the purge thread.
[titan] 2026-09-17 09:39:19,589 - torchtitan.components.checkpointer.dcp - INFO - Last step checkpoint completed in 4.89s
[titan] 2026-09-17 09:39:19,589 - torchtitan.trainer - INFO - Training completed
[titan] 2026-09-17 09:39:19,590 - torchtitan.components.checkpointer.base - INFO - Destroying the purge thread.
[titan] 2026-09-17 09:39:19,592 - torchtitan.components.checkpointer.dcp - INFO - Last step checkpoint completed in 4.90s
[titan] 2026-09-17 09:39:19,592 - torchtitan.trainer - INFO - Training completed
[titan] 2026-09-17 09:39:19,593 - torchtitan.components.checkpointer.base - INFO - Destroying the purge thread.
[titan] 2026-09-17 09:39:21,529 - torchtitan.trainer - INFO - Training completed
[titan] 2026-09-17 09:39:21,530 - torchtitan.components.checkpointer.base - INFO - Destroying the purge thread.
[titan] 2026-09-17 09:39:21,629 - __main__ - INFO - Process group destroyed
[titan] 2026-09-17 09:39:21,631 - __main__ - INFO - Process group destroyed
[titan] 2026-09-17 09:39:21,632 - __main__ - INFO - Process group destroyed
[titan] 2026-09-17 09:39:21,978 - __main__ - INFO - Process group destroyed
