W0912 09:01:28.880000 24828 site-packages/torch/distributed/run.py:982] 
W0912 09:01:28.880000 24828 site-packages/torch/distributed/run.py:982] *****************************************
W0912 09:01:28.880000 24828 site-packages/torch/distributed/run.py:982] Setting OMP_NUM_THREADS environment variable for each process to be 1 in default, to avoid your system being overloaded, please further tune the variable for optimal performance in your application as needed. 
W0912 09:01:28.880000 24828 site-packages/torch/distributed/run.py:982] *****************************************
WARNING:absl:Failed to load jax profiler: No module named 'jax'
WARNING:absl:Failed to load jax profiler: No module named 'jax'
W0912 09:01:40.494000 25159 site-packages/torch/utils/_pytree.py:630] <enum 'KernelPreference'> is an Enum subclass and is now natively supported by torch.compile as an opaque value type. Calling register_constant() on Enum subclasses is deprecated and will be an error in a future release.
W0912 09:01:40.509000 25160 site-packages/torch/utils/_pytree.py:630] <enum 'KernelPreference'> is an Enum subclass and is now natively supported by torch.compile as an opaque value type. Calling register_constant() on Enum subclasses is deprecated and will be an error in a future release.
W0912 09:01:40.522000 25159 site-packages/torch/utils/_pytree.py:630] <enum 'ScaleCalculationMode'> is an Enum subclass and is now natively supported by torch.compile as an opaque value type. Calling register_constant() on Enum subclasses is deprecated and will be an error in a future release.
W0912 09:01:40.536000 25160 site-packages/torch/utils/_pytree.py:630] <enum 'ScaleCalculationMode'> is an Enum subclass and is now natively supported by torch.compile as an opaque value type. Calling register_constant() on Enum subclasses is deprecated and will be an error in a future release.
[titan] 2026-09-12 09:01:41,155 - root - INFO - torchtitan version: 0.0.0+unknown (0.0.0 means __version__ is not defined correctly).
[titan] 2026-09-12 09:01:41,156 - root - INFO - torchtitan version: 0.0.0+unknown (0.0.0 means __version__ is not defined correctly).
[titan] 2026-09-12 09:01:41,503 - root - WARNING - initial_load_model_only=True has no effect without an initial_load_path.
[titan] 2026-09-12 09:01:41,506 - root - WARNING - initial_load_model_only=True has no effect without an initial_load_path.
[titan] 2026-09-12 09:01:41,568 - root - WARNING - initial_load_model_only=True has no effect without an initial_load_path.
[titan] 2026-09-12 09:01:41,569 - torchtitan.observability.structured_logger.jsonl_handler - INFO - Structured logging -> JSONL: /workspace/pp_out/br_pp2/structured_logs/training.global_rank_1.20260912-090141-5GPWNP.jsonl
[titan] 2026-09-12 09:01:41,571 - root - WARNING - initial_load_model_only=True has no effect without an initial_load_path.
[titan] 2026-09-12 09:01:41,572 - torchtitan.observability.structured_logger.jsonl_handler - INFO - Structured logging -> JSONL: /workspace/pp_out/br_pp2/structured_logs/training.global_rank_0.20260912-090141-1VXQIS.jsonl
[titan] 2026-09-12 09:01:41,796 - root - WARNING - ENV[TORCH_NCCL_ASYNC_ERROR_HANDLING] = 1 will be overridden to 3 based on job config
[titan] 2026-09-12 09:01:41,796 - root - WARNING - ENV[TORCH_NCCL_ASYNC_ERROR_HANDLING] = 1 will be overridden to 3 based on job config
[titan] 2026-09-12 09:01:42,813 - root - INFO - [GC] Initial GC collection took 0.00 seconds
[titan] 2026-09-12 09:01:42,813 - root - INFO - Deterministic algorithm enabled (expect perf degradation).
[titan] 2026-09-12 09:01:42,813 - root - INFO - [GC] Initial GC collection took 0.00 seconds
[titan] 2026-09-12 09:01:42,813 - root - INFO - Deterministic algorithm enabled (expect perf degradation).
[titan] 2026-09-12 09:01:42,824 - root - INFO - Building device mesh with parallelism: pp=2, dp_replicate=1, dp_shard=1, cp=1, tp=1, ep=1
[titan] 2026-09-12 09:01:42,824 - root - INFO - Building device mesh with parallelism: pp=2, dp_replicate=1, dp_shard=1, cp=1, tp=1, ep=1
[titan] 2026-09-12 09:01:43,061 - root - INFO - Successfully created meshes with active dimensions: ['pp']
[titan] 2026-09-12 09:01:43,061 - root - INFO - Successfully created meshes with active dimensions: ['pp']
[titan] 2026-09-12 09:01:43,071 - root - INFO - Building kimi_k3 debugmodel
[titan] 2026-09-12 09:01:43,071 - root - INFO - Building kimi_k3 debugmodel
[titan] 2026-09-12 09:01:43,210 - root - INFO - CUDA capacity: NVIDIA H100 PCIe with 79.18GiB memory
[titan] 2026-09-12 09:01:43,211 - root - INFO - CUDA capacity: NVIDIA H100 PCIe with 79.18GiB memory
[titan] 2026-09-12 09:01:43,212 - root - WARNING - Error running lspci: [Errno 2] No such file or directory: 'lspci', fallback to use device_name
[titan] 2026-09-12 09:01:43,213 - root - WARNING - Error running lspci: [Errno 2] No such file or directory: 'lspci', fallback to use device_name
[titan] 2026-09-12 09:01:43,216 - root - INFO - Total parameter count: 1,119,984,672, active parameters: 535,879,200
[titan] 2026-09-12 09:01:43,216 - root - INFO - [34mModel kimi_k3 debugmodel [31msize: 1,119,984,672 total parameters[39m
[titan] 2026-09-12 09:01:43,217 - root - INFO - Total parameter count: 1,119,984,672, active parameters: 535,879,200
[titan] 2026-09-12 09:01:43,217 - root - INFO - [34mModel kimi_k3 debugmodel [31msize: 1,119,984,672 total parameters[39m
[rank0]:W0912 09:01:43.292000 25159 site-packages/torch/_logging/_internal.py:1394] Pipeline parallelism is using an eager NCCL communicator. Consider creating its process group with backend="nccl-lazy" so peer communicators are initialized lazily and traffic to different peers can overlap.
[rank1]:W0912 09:01:43.292000 25160 site-packages/torch/_logging/_internal.py:1394] Pipeline parallelism is using an eager NCCL communicator. Consider creating its process group with backend="nccl-lazy" so peer communicators are initialized lazily and traffic to different peers can overlap.
[titan] 2026-09-12 09:01:43,293 - root - INFO - PP rank 0 is building stage_idx 0 with modules ['vision_encoder', 'tok_embeddings', 'layers.0', 'layers.1', 'layers.2', 'layers.3', 'layers.4', 'layers.5', 'layers.6', 'layers.7', 'layers.8', 'layers.9', 'layers.10', 'layers.11']
[titan] 2026-09-12 09:01:43,293 - root - INFO - PP rank 1 is building stage_idx 1 with modules ['layers.12', 'layers.13', 'layers.14', 'layers.15', 'layers.16', 'layers.17', 'layers.18', 'layers.19', 'layers.20', 'layers.21', 'layers.22', 'layers.23', 'norm', 'lm_head', 'output_res_proj', 'output_res_norm']
[titan] 2026-09-12 09:01:43,311 - root - INFO - Applied SelectiveAC activation checkpointing to the model
[titan] 2026-09-12 09:01:43,312 - root - INFO - Applied SelectiveAC activation checkpointing to the model
[titan] 2026-09-12 09:01:43,313 - root - INFO - Applied SelectiveAC activation checkpointing to the model
[titan] 2026-09-12 09:01:43,390 - root - INFO - Applied FSDP to the model
[titan] 2026-09-12 09:01:43,390 - root - INFO - Using pipeline schedule 1F1B with 4 microbatches and 2 stages.
[titan] 2026-09-12 09:01:43,391 - root - INFO - Kimi K3 pipeline: 1 stage(s) on this rank [1], block transport delta with rank store
[titan] 2026-09-12 09:01:43,410 - root - INFO - Applied FSDP to the model
[titan] 2026-09-12 09:01:43,410 - root - INFO - Using pipeline schedule 1F1B with 4 microbatches and 2 stages.
[titan] 2026-09-12 09:01:43,410 - root - INFO - Kimi K3 pipeline: 1 stage(s) on this rank [0], block transport delta with rank store
[rank1]:W0912 09:01:43.705000 25160 site-packages/torch/distributed/tensor/_random.py:215] DTensor is synchronizing RNG states of every rank with the state from rank 0. This behavior is deprecated. Please call `torch.manual_seed()` on every rank that participates in SPMD DTensor Operations with the same seed. If using Pipeline Parallelism, each pipeline state would use a different seed, but all ranks belonging to one pipeline stage would use the same seed.
[titan] 2026-09-12 09:01:44,078 - root - WARNING - [31mPipeline Parallel loss is not visible. Please add [33mrank 1[31m to LOG_RANK environment variable in run_train.sh.[39m
[titan] 2026-09-12 09:01:44,080 - root - WARNING - Error running lspci: [Errno 2] No such file or directory: 'lspci', fallback to use device_name
[titan] 2026-09-12 09:01:44,080 - root - INFO - Peak FLOPS used for computing MFU: 7.560e+14
[titan] 2026-09-12 09:01:44,080 - root - INFO - CUDA memory usage for model: 1.12GiB(1.42%)
[titan] 2026-09-12 09:01:44,082 - root - INFO - Optimizer AdamW (model_part=0): 404 params [.*] {'fused': True, 'foreach': False, 'lr': 0.0008, 'betas': (0.9, 0.95), 'eps': 1e-08, 'weight_decay': 0.1}
[titan] 2026-09-12 09:01:44,084 - root - INFO - Loading tokenizer from tokenizer.json
[titan] 2026-09-12 09:01:44,102 - root - WARNING - model.safetensors.index.json not found at hf_assets_path: ./tests/assets/tokenizer/model.safetensors.index.json.                     Defaulting to saving a single safetensors file if checkpoint is saved in HF format
[titan] 2026-09-12 09:01:44,102 - root - WARNING - initial_load_model_only=True has no effect without an initial_load_path.
[titan] 2026-09-12 09:01:44,107 - root - INFO - Checkpointing active. Checkpoints will be loaded from and saved to /workspace/pp_out/br_pp2/checkpoint
[titan] 2026-09-12 09:01:44,108 - root - INFO - Trainer is initialized with 1024 tokens per DP rank, 1024 tokens per train step, gradient accumulation steps 1, maximum context length 2048, total steps 100 (warmup 2)
[titan] 2026-09-12 09:01:44,108 - root - INFO - Loading the checkpoint from /workspace/pp_out/br_pp2/checkpoint/step-0.
[titan] 2026-09-12 09:01:44,154 - root - WARNING - [31mPipeline Parallel loss is not visible. Please add [33mrank 1[31m to LOG_RANK environment variable in run_train.sh.[39m
[titan] 2026-09-12 09:01:44,157 - root - WARNING - Error running lspci: [Errno 2] No such file or directory: 'lspci', fallback to use device_name
[titan] 2026-09-12 09:01:44,157 - root - INFO - Peak FLOPS used for computing MFU: 7.560e+14
[titan] 2026-09-12 09:01:44,158 - root - INFO - CUDA memory usage for model: 2.79GiB(3.52%)
[titan] 2026-09-12 09:01:44,161 - root - INFO - Optimizer AdamW (model_part=0): 346 params [.*] {'fused': True, 'foreach': False, 'lr': 0.0008, 'betas': (0.9, 0.95), 'eps': 1e-08, 'weight_decay': 0.1}
[titan] 2026-09-12 09:01:44,165 - root - INFO - Loading tokenizer from tokenizer.json
[titan] 2026-09-12 09:01:44,202 - root - WARNING - model.safetensors.index.json not found at hf_assets_path: ./tests/assets/tokenizer/model.safetensors.index.json.                     Defaulting to saving a single safetensors file if checkpoint is saved in HF format
[titan] 2026-09-12 09:01:44,203 - root - WARNING - initial_load_model_only=True has no effect without an initial_load_path.
[titan] 2026-09-12 09:01:44,210 - root - INFO - Checkpointing active. Checkpoints will be loaded from and saved to /workspace/pp_out/br_pp2/checkpoint
[titan] 2026-09-12 09:01:44,210 - root - INFO - Trainer is initialized with 1024 tokens per DP rank, 1024 tokens per train step, gradient accumulation steps 1, maximum context length 2048, total steps 100 (warmup 2)
[titan] 2026-09-12 09:01:44,211 - root - INFO - Loading the checkpoint from /workspace/pp_out/br_pp2/checkpoint/step-0.
[titan] 2026-09-12 09:01:48,291 - root - INFO - [GC] GC collection for checkpoint loading. took 0.01 seconds
[titan] 2026-09-12 09:01:48,291 - root - INFO - Finished loading the checkpoint in 4.08 seconds.
[titan] 2026-09-12 09:01:48,291 - root - INFO - Training starts at step 1
[titan] 2026-09-12 09:01:48,304 - root - INFO - [GC] GC collection for checkpoint loading. took 0.01 seconds
[titan] 2026-09-12 09:01:48,304 - root - INFO - Finished loading the checkpoint in 4.20 seconds.
[titan] 2026-09-12 09:01:48,304 - root - INFO - Training starts at step 1
/venv/main/lib/python3.12/site-packages/torch/distributed/fsdp/_fully_shard/_fsdp_state.py:336: UserWarning: FSDP2-wrapped module (FSDPCheckpointWrapper) returned a view tensor. An in-place op on this view (e.g., `x += y`) will silently drop the pre-backward hook and skip the all-gather, which can cause backward to fail or produce wrong gradients. Use out-of-place ops (`out = out + y`, not `out += y`) or `.clone()` the output before any in-place op.
  output = self._register_pre_backward_hook(output)
/venv/main/lib/python3.12/site-packages/torch/distributed/fsdp/_fully_shard/_fsdp_state.py:336: UserWarning: FSDP2-wrapped module (FSDPCheckpointWrapper) returned a view tensor. An in-place op on this view (e.g., `x += y`) will silently drop the pre-backward hook and skip the all-gather, which can cause backward to fail or produce wrong gradients. Use out-of-place ops (`out = out + y`, not `out += y`) or `.clone()` the output before any in-place op.
  output = self._register_pre_backward_hook(output)
/venv/main/lib/python3.12/site-packages/torch/distributed/fsdp/_fully_shard/_fsdp_state.py:336: UserWarning: FSDP2-wrapped module (FSDPKimiK3Model) returned a view tensor. An in-place op on this view (e.g., `x += y`) will silently drop the pre-backward hook and skip the all-gather, which can cause backward to fail or produce wrong gradients. Use out-of-place ops (`out = out + y`, not `out += y`) or `.clone()` the output before any in-place op.
  output = self._register_pre_backward_hook(output)
/venv/main/lib/python3.12/site-packages/torch/distributed/fsdp/_fully_shard/_fsdp_state.py:336: UserWarning: FSDP2-wrapped module (FSDPCheckpointWrapper) returned a view tensor. An in-place op on this view (e.g., `x += y`) will silently drop the pre-backward hook and skip the all-gather, which can cause backward to fail or produce wrong gradients. Use out-of-place ops (`out = out + y`, not `out += y`) or `.clone()` the output before any in-place op.
  output = self._register_pre_backward_hook(output)
/venv/main/lib/python3.12/site-packages/torch/distributed/fsdp/_fully_shard/_fsdp_state.py:336: UserWarning: FSDP2-wrapped module (FSDPCheckpointWrapper) returned a view tensor. An in-place op on this view (e.g., `x += y`) will silently drop the pre-backward hook and skip the all-gather, which can cause backward to fail or produce wrong gradients. Use out-of-place ops (`out = out + y`, not `out += y`) or `.clone()` the output before any in-place op.
  output = self._register_pre_backward_hook(output)
/venv/main/lib/python3.12/site-packages/torch/distributed/fsdp/_fully_shard/_fsdp_state.py:336: UserWarning: FSDP2-wrapped module (FSDPCheckpointWrapper) returned a view tensor. An in-place op on this view (e.g., `x += y`) will silently drop the pre-backward hook and skip the all-gather, which can cause backward to fail or produce wrong gradients. Use out-of-place ops (`out = out + y`, not `out += y`) or `.clone()` the output before any in-place op.
  output = self._register_pre_backward_hook(output)
/venv/main/lib/python3.12/site-packages/torch/distributed/fsdp/_fully_shard/_fsdp_state.py:336: UserWarning: FSDP2-wrapped module (FSDPKimiK3Model) returned a view tensor. An in-place op on this view (e.g., `x += y`) will silently drop the pre-backward hook and skip the all-gather, which can cause backward to fail or produce wrong gradients. Use out-of-place ops (`out = out + y`, not `out += y`) or `.clone()` the output before any in-place op.
  output = self._register_pre_backward_hook(output)
[titan] 2026-09-12 09:02:57,164 - root - INFO - [31mstep:  1  [32mloss: 12.60570  [38;2;180;60;0mgrad_norm: 18.7500  [38;2;54;234;195mmemory:  5.83GiB(7.37%)  [34mtps: 7  [36mtflops: 0.02  [35mmfu: 0.00%[39m
[titan] 2026-09-12 09:02:57,164 - root - INFO - Synchronizing and adjusting timeout for all ProcessGroups to 0:01:40
[titan] 2026-09-12 09:02:57,481 - root - INFO - [31mstep:  1  [32mloss: -1.00000  [38;2;180;60;0mgrad_norm: 18.7500  [38;2;54;234;195mmemory:  5.12GiB(6.47%)  [34mtps: 7  [36mtflops: 0.02  [35mmfu: 0.00%[39m
[titan] 2026-09-12 09:02:57,482 - root - INFO - Synchronizing and adjusting timeout for all ProcessGroups to 0:01:40
[titan] 2026-09-12 09:02:58,613 - root - INFO - [31mstep:  2  [32mloss: 10.54326  [38;2;180;60;0mgrad_norm: 15.6875  [38;2;54;234;195mmemory:  7.89GiB(9.96%)  [34mtps: 353  [36mtflops: 1.23  [35mmfu: 0.16%[39m
[titan] 2026-09-12 09:02:58,618 - root - INFO - [31mstep:  2  [32mloss: -1.00000  [38;2;180;60;0mgrad_norm: 15.6875  [38;2;54;234;195mmemory:  7.29GiB(9.21%)  [34mtps: 451  [36mtflops: 1.57  [35mmfu: 0.21%[39m
[titan] 2026-09-12 09:02:59,706 - root - INFO - [31mstep:  3  [32mloss:  7.58032  [38;2;180;60;0mgrad_norm: 12.6250  [38;2;54;234;195mmemory:  7.89GiB(9.96%)  [34mtps: 469  [36mtflops: 1.63  [35mmfu: 0.22%[39m
[titan] 2026-09-12 09:02:59,711 - root - INFO - [31mstep:  3  [32mloss: -1.00000  [38;2;180;60;0mgrad_norm: 12.6250  [38;2;54;234;195mmemory:  7.29GiB(9.21%)  [34mtps: 469  [36mtflops: 1.63  [35mmfu: 0.22%[39m
[titan] 2026-09-12 09:03:00,821 - root - INFO - [31mstep:  4  [32mloss:  7.43642  [38;2;180;60;0mgrad_norm: 10.0000  [38;2;54;234;195mmemory:  7.89GiB(9.96%)  [34mtps: 459  [36mtflops: 1.60  [35mmfu: 0.21%[39m
[titan] 2026-09-12 09:03:00,826 - root - INFO - [31mstep:  4  [32mloss: -1.00000  [38;2;180;60;0mgrad_norm: 10.0000  [38;2;54;234;195mmemory:  7.29GiB(9.21%)  [34mtps: 459  [36mtflops: 1.60  [35mmfu: 0.21%[39m
[titan] 2026-09-12 09:03:01,919 - root - INFO - [31mstep:  5  [32mloss:  6.99970  [38;2;180;60;0mgrad_norm: 12.5625  [38;2;54;234;195mmemory:  7.89GiB(9.96%)  [34mtps: 466  [36mtflops: 1.63  [35mmfu: 0.22%[39m
[titan] 2026-09-12 09:03:01,925 - root - INFO - [31mstep:  5  [32mloss: -1.00000  [38;2;180;60;0mgrad_norm: 12.5625  [38;2;54;234;195mmemory:  7.29GiB(9.21%)  [34mtps: 466  [36mtflops: 1.63  [35mmfu: 0.22%[39m
[titan] 2026-09-12 09:03:03,023 - root - INFO - [31mstep:  6  [32mloss:  5.11493  [38;2;180;60;0mgrad_norm:  6.9375  [38;2;54;234;195mmemory:  7.89GiB(9.96%)  [34mtps: 464  [36mtflops: 1.62  [35mmfu: 0.21%[39m
[titan] 2026-09-12 09:03:03,028 - root - INFO - [31mstep:  6  [32mloss: -1.00000  [38;2;180;60;0mgrad_norm:  6.9375  [38;2;54;234;195mmemory:  7.29GiB(9.21%)  [34mtps: 464  [36mtflops: 1.62  [35mmfu: 0.21%[39m
[titan] 2026-09-12 09:03:04,119 - root - INFO - [31mstep:  7  [32mloss:  4.72085  [38;2;180;60;0mgrad_norm:  8.5625  [38;2;54;234;195mmemory:  7.89GiB(9.96%)  [34mtps: 468  [36mtflops: 1.63  [35mmfu: 0.22%[39m
[titan] 2026-09-12 09:03:04,123 - root - INFO - [31mstep:  7  [32mloss: -1.00000  [38;2;180;60;0mgrad_norm:  8.5625  [38;2;54;234;195mmemory:  7.29GiB(9.21%)  [34mtps: 467  [36mtflops: 1.63  [35mmfu: 0.22%[39m
[titan] 2026-09-12 09:03:05,222 - root - INFO - [31mstep:  8  [32mloss:  3.96674  [38;2;180;60;0mgrad_norm:  5.1562  [38;2;54;234;195mmemory:  7.89GiB(9.96%)  [34mtps: 464  [36mtflops: 1.62  [35mmfu: 0.21%[39m
[titan] 2026-09-12 09:03:05,227 - root - INFO - [31mstep:  8  [32mloss: -1.00000  [38;2;180;60;0mgrad_norm:  5.1562  [38;2;54;234;195mmemory:  7.30GiB(9.22%)  [34mtps: 464  [36mtflops: 1.62  [35mmfu: 0.21%[39m
[titan] 2026-09-12 09:03:06,316 - root - INFO - [31mstep:  9  [32mloss:  3.83911  [38;2;180;60;0mgrad_norm:  6.8438  [38;2;54;234;195mmemory:  7.89GiB(9.96%)  [34mtps: 468  [36mtflops: 1.63  [35mmfu: 0.22%[39m
[titan] 2026-09-12 09:03:06,321 - root - INFO - [31mstep:  9  [32mloss: -1.00000  [38;2;180;60;0mgrad_norm:  6.8438  [38;2;54;234;195mmemory:  7.30GiB(9.22%)  [34mtps: 468  [36mtflops: 1.63  [35mmfu: 0.22%[39m
[titan] 2026-09-12 09:03:07,413 - root - INFO - [31mstep: 10  [32mloss:  3.42942  [38;2;180;60;0mgrad_norm:  5.6562  [38;2;54;234;195mmemory:  7.89GiB(9.96%)  [34mtps: 467  [36mtflops: 1.63  [35mmfu: 0.22%[39m
[titan] 2026-09-12 09:03:07,418 - root - INFO - [31mstep: 10  [32mloss: -1.00000  [38;2;180;60;0mgrad_norm:  5.6562  [38;2;54;234;195mmemory:  7.30GiB(9.22%)  [34mtps: 467  [36mtflops: 1.63  [35mmfu: 0.22%[39m
[titan] 2026-09-12 09:03:08,504 - root - INFO - [31mstep: 11  [32mloss:  3.21971  [38;2;180;60;0mgrad_norm:  3.6875  [38;2;54;234;195mmemory:  7.89GiB(9.96%)  [34mtps: 469  [36mtflops: 1.64  [35mmfu: 0.22%[39m
[titan] 2026-09-12 09:03:08,509 - root - INFO - [31mstep: 11  [32mloss: -1.00000  [38;2;180;60;0mgrad_norm:  3.6875  [38;2;54;234;195mmemory:  7.30GiB(9.22%)  [34mtps: 469  [36mtflops: 1.64  [35mmfu: 0.22%[39m
[titan] 2026-09-12 09:03:09,616 - root - INFO - [31mstep: 12  [32mloss:  3.08032  [38;2;180;60;0mgrad_norm:  4.6562  [38;2;54;234;195mmemory:  7.89GiB(9.96%)  [34mtps: 461  [36mtflops: 1.61  [35mmfu: 0.21%[39m
[titan] 2026-09-12 09:03:09,621 - root - INFO - [31mstep: 12  [32mloss: -1.00000  [38;2;180;60;0mgrad_norm:  4.6562  [38;2;54;234;195mmemory:  7.30GiB(9.22%)  [34mtps: 460  [36mtflops: 1.61  [35mmfu: 0.21%[39m
[titan] 2026-09-12 09:03:10,710 - root - INFO - [31mstep: 13  [32mloss:  3.51798  [38;2;180;60;0mgrad_norm:  3.2188  [38;2;54;234;195mmemory:  7.89GiB(9.96%)  [34mtps: 468  [36mtflops: 1.63  [35mmfu: 0.22%[39m
[titan] 2026-09-12 09:03:10,715 - root - INFO - [31mstep: 13  [32mloss: -1.00000  [38;2;180;60;0mgrad_norm:  3.2188  [38;2;54;234;195mmemory:  7.30GiB(9.22%)  [34mtps: 468  [36mtflops: 1.63  [35mmfu: 0.22%[39m
[titan] 2026-09-12 09:03:11,805 - root - INFO - [31mstep: 14  [32mloss:  2.85115  [38;2;180;60;0mgrad_norm:  3.8125  [38;2;54;234;195mmemory:  7.89GiB(9.96%)  [34mtps: 468  [36mtflops: 1.63  [35mmfu: 0.22%[39m
[titan] 2026-09-12 09:03:11,810 - root - INFO - [31mstep: 14  [32mloss: -1.00000  [38;2;180;60;0mgrad_norm:  3.8125  [38;2;54;234;195mmemory:  7.30GiB(9.22%)  [34mtps: 468  [36mtflops: 1.63  [35mmfu: 0.22%[39m
[titan] 2026-09-12 09:03:12,921 - root - INFO - [31mstep: 15  [32mloss:  2.99119  [38;2;180;60;0mgrad_norm:  3.2812  [38;2;54;234;195mmemory:  7.89GiB(9.96%)  [34mtps: 459  [36mtflops: 1.60  [35mmfu: 0.21%[39m
[titan] 2026-09-12 09:03:12,927 - root - INFO - [31mstep: 15  [32mloss: -1.00000  [38;2;180;60;0mgrad_norm:  3.2812  [38;2;54;234;195mmemory:  7.30GiB(9.22%)  [34mtps: 458  [36mtflops: 1.60  [35mmfu: 0.21%[39m
[titan] 2026-09-12 09:03:14,022 - root - INFO - [31mstep: 16  [32mloss:  3.01874  [38;2;180;60;0mgrad_norm:  4.7812  [38;2;54;234;195mmemory:  7.89GiB(9.96%)  [34mtps: 465  [36mtflops: 1.62  [35mmfu: 0.21%[39m
[titan] 2026-09-12 09:03:14,026 - root - INFO - [31mstep: 16  [32mloss: -1.00000  [38;2;180;60;0mgrad_norm:  4.7812  [38;2;54;234;195mmemory:  7.30GiB(9.22%)  [34mtps: 466  [36mtflops: 1.62  [35mmfu: 0.21%[39m
[titan] 2026-09-12 09:03:15,136 - root - INFO - [31mstep: 17  [32mloss:  2.86038  [38;2;180;60;0mgrad_norm:  3.4844  [38;2;54;234;195mmemory:  7.89GiB(9.96%)  [34mtps: 460  [36mtflops: 1.60  [35mmfu: 0.21%[39m
[titan] 2026-09-12 09:03:15,141 - root - INFO - [31mstep: 17  [32mloss: -1.00000  [38;2;180;60;0mgrad_norm:  3.4844  [38;2;54;234;195mmemory:  7.30GiB(9.22%)  [34mtps: 460  [36mtflops: 1.60  [35mmfu: 0.21%[39m
[titan] 2026-09-12 09:03:16,237 - root - INFO - [31mstep: 18  [32mloss:  3.03085  [38;2;180;60;0mgrad_norm:  2.9375  [38;2;54;234;195mmemory:  7.89GiB(9.96%)  [34mtps: 465  [36mtflops: 1.62  [35mmfu: 0.21%[39m
[titan] 2026-09-12 09:03:16,242 - root - INFO - [31mstep: 18  [32mloss: -1.00000  [38;2;180;60;0mgrad_norm:  2.9375  [38;2;54;234;195mmemory:  7.30GiB(9.22%)  [34mtps: 465  [36mtflops: 1.62  [35mmfu: 0.21%[39m
[titan] 2026-09-12 09:03:17,348 - root - INFO - [31mstep: 19  [32mloss:  2.88512  [38;2;180;60;0mgrad_norm:  3.9375  [38;2;54;234;195mmemory:  7.89GiB(9.96%)  [34mtps: 461  [36mtflops: 1.61  [35mmfu: 0.21%[39m
[titan] 2026-09-12 09:03:17,353 - root - INFO - [31mstep: 19  [32mloss: -1.00000  [38;2;180;60;0mgrad_norm:  3.9375  [38;2;54;234;195mmemory:  7.30GiB(9.22%)  [34mtps: 461  [36mtflops: 1.61  [35mmfu: 0.21%[39m
[titan] 2026-09-12 09:03:18,460 - root - INFO - [31mstep: 20  [32mloss:  3.31537  [38;2;180;60;0mgrad_norm:  4.0000  [38;2;54;234;195mmemory:  7.89GiB(9.96%)  [34mtps: 461  [36mtflops: 1.61  [35mmfu: 0.21%[39m
[titan] 2026-09-12 09:03:18,465 - root - INFO - [31mstep: 20  [32mloss: -1.00000  [38;2;180;60;0mgrad_norm:  4.0000  [38;2;54;234;195mmemory:  7.30GiB(9.22%)  [34mtps: 461  [36mtflops: 1.61  [35mmfu: 0.21%[39m
[titan] 2026-09-12 09:03:19,580 - root - INFO - [31mstep: 21  [32mloss:  2.81029  [38;2;180;60;0mgrad_norm:  4.1250  [38;2;54;234;195mmemory:  7.89GiB(9.96%)  [34mtps: 457  [36mtflops: 1.60  [35mmfu: 0.21%[39m
[titan] 2026-09-12 09:03:19,586 - root - INFO - [31mstep: 21  [32mloss: -1.00000  [38;2;180;60;0mgrad_norm:  4.1250  [38;2;54;234;195mmemory:  7.30GiB(9.22%)  [34mtps: 457  [36mtflops: 1.59  [35mmfu: 0.21%[39m
[titan] 2026-09-12 09:03:20,693 - root - INFO - [31mstep: 22  [32mloss:  2.96329  [38;2;180;60;0mgrad_norm:  3.2812  [38;2;54;234;195mmemory:  7.89GiB(9.96%)  [34mtps: 460  [36mtflops: 1.61  [35mmfu: 0.21%[39m
[titan] 2026-09-12 09:03:20,697 - root - INFO - [31mstep: 22  [32mloss: -1.00000  [38;2;180;60;0mgrad_norm:  3.2812  [38;2;54;234;195mmemory:  7.30GiB(9.22%)  [34mtps: 461  [36mtflops: 1.61  [35mmfu: 0.21%[39m
[titan] 2026-09-12 09:03:21,806 - root - INFO - [31mstep: 23  [32mloss:  2.64574  [38;2;180;60;0mgrad_norm:  2.4688  [38;2;54;234;195mmemory:  7.89GiB(9.96%)  [34mtps: 460  [36mtflops: 1.60  [35mmfu: 0.21%[39m
[titan] 2026-09-12 09:03:21,811 - root - INFO - [31mstep: 23  [32mloss: -1.00000  [38;2;180;60;0mgrad_norm:  2.4688  [38;2;54;234;195mmemory:  7.30GiB(9.22%)  [34mtps: 460  [36mtflops: 1.60  [35mmfu: 0.21%[39m
[titan] 2026-09-12 09:03:22,911 - root - INFO - [31mstep: 24  [32mloss:  3.03668  [38;2;180;60;0mgrad_norm:  3.4375  [38;2;54;234;195mmemory:  7.89GiB(9.96%)  [34mtps: 464  [36mtflops: 1.62  [35mmfu: 0.21%[39m
[titan] 2026-09-12 09:03:22,915 - root - INFO - [31mstep: 24  [32mloss: -1.00000  [38;2;180;60;0mgrad_norm:  3.4375  [38;2;54;234;195mmemory:  7.30GiB(9.22%)  [34mtps: 464  [36mtflops: 1.62  [35mmfu: 0.21%[39m
[titan] 2026-09-12 09:03:24,017 - root - INFO - [31mstep: 25  [32mloss:  2.96098  [38;2;180;60;0mgrad_norm:  4.0312  [38;2;54;234;195mmemory:  7.89GiB(9.96%)  [34mtps: 463  [36mtflops: 1.62  [35mmfu: 0.21%[39m
[titan] 2026-09-12 09:03:24,022 - root - INFO - [31mstep: 25  [32mloss: -1.00000  [38;2;180;60;0mgrad_norm:  4.0312  [38;2;54;234;195mmemory:  7.30GiB(9.22%)  [34mtps: 463  [36mtflops: 1.61  [35mmfu: 0.21%[39m
[titan] 2026-09-12 09:03:25,141 - root - INFO - [31mstep: 26  [32mloss:  2.78600  [38;2;180;60;0mgrad_norm:  3.0469  [38;2;54;234;195mmemory:  7.89GiB(9.96%)  [34mtps: 456  [36mtflops: 1.59  [35mmfu: 0.21%[39m
[titan] 2026-09-12 09:03:25,146 - root - INFO - [31mstep: 26  [32mloss: -1.00000  [38;2;180;60;0mgrad_norm:  3.0469  [38;2;54;234;195mmemory:  7.30GiB(9.22%)  [34mtps: 456  [36mtflops: 1.59  [35mmfu: 0.21%[39m
[titan] 2026-09-12 09:03:26,254 - root - INFO - [31mstep: 27  [32mloss:  2.35804  [38;2;180;60;0mgrad_norm:  2.4219  [38;2;54;234;195mmemory:  7.89GiB(9.96%)  [34mtps: 460  [36mtflops: 1.61  [35mmfu: 0.21%[39m
[titan] 2026-09-12 09:03:26,259 - root - INFO - [31mstep: 27  [32mloss: -1.00000  [38;2;180;60;0mgrad_norm:  2.4219  [38;2;54;234;195mmemory:  7.30GiB(9.22%)  [34mtps: 460  [36mtflops: 1.61  [35mmfu: 0.21%[39m
[titan] 2026-09-12 09:03:27,388 - root - INFO - [31mstep: 28  [32mloss:  2.31459  [38;2;180;60;0mgrad_norm:  2.8125  [38;2;54;234;195mmemory:  7.89GiB(9.96%)  [34mtps: 451  [36mtflops: 1.58  [35mmfu: 0.21%[39m
[titan] 2026-09-12 09:03:27,394 - root - INFO - [31mstep: 28  [32mloss: -1.00000  [38;2;180;60;0mgrad_norm:  2.8125  [38;2;54;234;195mmemory:  7.30GiB(9.22%)  [34mtps: 451  [36mtflops: 1.57  [35mmfu: 0.21%[39m
[titan] 2026-09-12 09:03:28,510 - root - INFO - [31mstep: 29  [32mloss:  2.71552  [38;2;180;60;0mgrad_norm:  3.7656  [38;2;54;234;195mmemory:  7.89GiB(9.96%)  [34mtps: 457  [36mtflops: 1.59  [35mmfu: 0.21%[39m
[titan] 2026-09-12 09:03:28,514 - root - INFO - [31mstep: 29  [32mloss: -1.00000  [38;2;180;60;0mgrad_norm:  3.7656  [38;2;54;234;195mmemory:  7.30GiB(9.22%)  [34mtps: 457  [36mtflops: 1.60  [35mmfu: 0.21%[39m
[titan] 2026-09-12 09:03:29,615 - root - INFO - [31mstep: 30  [32mloss:  2.45161  [38;2;180;60;0mgrad_norm:  2.8281  [38;2;54;234;195mmemory:  7.89GiB(9.96%)  [34mtps: 464  [36mtflops: 1.62  [35mmfu: 0.21%[39m
[titan] 2026-09-12 09:03:29,620 - root - INFO - [31mstep: 30  [32mloss: -1.00000  [38;2;180;60;0mgrad_norm:  2.8281  [38;2;54;234;195mmemory:  7.30GiB(9.22%)  [34mtps: 463  [36mtflops: 1.62  [35mmfu: 0.21%[39m
[titan] 2026-09-12 09:03:30,718 - root - INFO - [31mstep: 31  [32mloss:  2.49665  [38;2;180;60;0mgrad_norm:  2.0938  [38;2;54;234;195mmemory:  7.89GiB(9.96%)  [34mtps: 464  [36mtflops: 1.62  [35mmfu: 0.21%[39m
[titan] 2026-09-12 09:03:30,723 - root - INFO - [31mstep: 31  [32mloss: -1.00000  [38;2;180;60;0mgrad_norm:  2.0938  [38;2;54;234;195mmemory:  7.30GiB(9.22%)  [34mtps: 464  [36mtflops: 1.62  [35mmfu: 0.21%[39m
[titan] 2026-09-12 09:03:31,826 - root - INFO - [31mstep: 32  [32mloss:  2.14430  [38;2;180;60;0mgrad_norm:  3.3281  [38;2;54;234;195mmemory:  7.89GiB(9.96%)  [34mtps: 462  [36mtflops: 1.61  [35mmfu: 0.21%[39m
[titan] 2026-09-12 09:03:31,831 - root - INFO - [31mstep: 32  [32mloss: -1.00000  [38;2;180;60;0mgrad_norm:  3.3281  [38;2;54;234;195mmemory:  7.30GiB(9.22%)  [34mtps: 462  [36mtflops: 1.61  [35mmfu: 0.21%[39m
[titan] 2026-09-12 09:03:32,929 - root - INFO - [31mstep: 33  [32mloss:  1.73327  [38;2;180;60;0mgrad_norm:  3.5781  [38;2;54;234;195mmemory:  7.89GiB(9.96%)  [34mtps: 464  [36mtflops: 1.62  [35mmfu: 0.21%[39m
[titan] 2026-09-12 09:03:32,934 - root - INFO - [31mstep: 33  [32mloss: -1.00000  [38;2;180;60;0mgrad_norm:  3.5781  [38;2;54;234;195mmemory:  7.30GiB(9.22%)  [34mtps: 464  [36mtflops: 1.62  [35mmfu: 0.21%[39m
[titan] 2026-09-12 09:03:34,035 - root - INFO - [31mstep: 34  [32mloss:  2.52050  [38;2;180;60;0mgrad_norm:  3.6406  [38;2;54;234;195mmemory:  7.89GiB(9.96%)  [34mtps: 463  [36mtflops: 1.62  [35mmfu: 0.21%[39m
[titan] 2026-09-12 09:03:34,040 - root - INFO - [31mstep: 34  [32mloss: -1.00000  [38;2;180;60;0mgrad_norm:  3.6406  [38;2;54;234;195mmemory:  7.30GiB(9.22%)  [34mtps: 463  [36mtflops: 1.62  [35mmfu: 0.21%[39m
[titan] 2026-09-12 09:03:35,138 - root - INFO - [31mstep: 35  [32mloss:  2.03168  [38;2;180;60;0mgrad_norm:  3.0781  [38;2;54;234;195mmemory:  7.89GiB(9.96%)  [34mtps: 464  [36mtflops: 1.62  [35mmfu: 0.21%[39m
[titan] 2026-09-12 09:03:35,142 - root - INFO - [31mstep: 35  [32mloss: -1.00000  [38;2;180;60;0mgrad_norm:  3.0781  [38;2;54;234;195mmemory:  7.30GiB(9.22%)  [34mtps: 464  [36mtflops: 1.62  [35mmfu: 0.21%[39m
[titan] 2026-09-12 09:03:36,233 - root - INFO - [31mstep: 36  [32mloss:  2.10552  [38;2;180;60;0mgrad_norm:  2.1562  [38;2;54;234;195mmemory:  7.89GiB(9.96%)  [34mtps: 468  [36mtflops: 1.63  [35mmfu: 0.22%[39m
[titan] 2026-09-12 09:03:36,237 - root - INFO - [31mstep: 36  [32mloss: -1.00000  [38;2;180;60;0mgrad_norm:  2.1562  [38;2;54;234;195mmemory:  7.30GiB(9.22%)  [34mtps: 468  [36mtflops: 1.63  [35mmfu: 0.22%[39m
[titan] 2026-09-12 09:03:37,336 - root - INFO - [31mstep: 37  [32mloss:  2.32721  [38;2;180;60;0mgrad_norm:  2.2656  [38;2;54;234;195mmemory:  7.89GiB(9.96%)  [34mtps: 464  [36mtflops: 1.62  [35mmfu: 0.21%[39m
[titan] 2026-09-12 09:03:37,340 - root - INFO - [31mstep: 37  [32mloss: -1.00000  [38;2;180;60;0mgrad_norm:  2.2656  [38;2;54;234;195mmemory:  7.30GiB(9.22%)  [34mtps: 464  [36mtflops: 1.62  [35mmfu: 0.21%[39m
[titan] 2026-09-12 09:03:38,432 - root - INFO - [31mstep: 38  [32mloss:  2.49710  [38;2;180;60;0mgrad_norm:  3.2031  [38;2;54;234;195mmemory:  7.89GiB(9.96%)  [34mtps: 467  [36mtflops: 1.63  [35mmfu: 0.22%[39m
[titan] 2026-09-12 09:03:38,436 - root - INFO - [31mstep: 38  [32mloss: -1.00000  [38;2;180;60;0mgrad_norm:  3.2031  [38;2;54;234;195mmemory:  7.30GiB(9.22%)  [34mtps: 467  [36mtflops: 1.63  [35mmfu: 0.22%[39m
[titan] 2026-09-12 09:03:39,534 - root - INFO - [31mstep: 39  [32mloss:  2.33867  [38;2;180;60;0mgrad_norm:  3.8594  [38;2;54;234;195mmemory:  7.89GiB(9.96%)  [34mtps: 465  [36mtflops: 1.62  [35mmfu: 0.21%[39m
[titan] 2026-09-12 09:03:39,539 - root - INFO - [31mstep: 39  [32mloss: -1.00000  [38;2;180;60;0mgrad_norm:  3.8594  [38;2;54;234;195mmemory:  7.30GiB(9.22%)  [34mtps: 465  [36mtflops: 1.62  [35mmfu: 0.21%[39m
[titan] 2026-09-12 09:03:40,637 - root - INFO - [31mstep: 40  [32mloss:  1.65881  [38;2;180;60;0mgrad_norm:  2.7344  [38;2;54;234;195mmemory:  7.89GiB(9.96%)  [34mtps: 464  [36mtflops: 1.62  [35mmfu: 0.21%[39m
[titan] 2026-09-12 09:03:40,642 - root - INFO - [31mstep: 40  [32mloss: -1.00000  [38;2;180;60;0mgrad_norm:  2.7344  [38;2;54;234;195mmemory:  7.30GiB(9.22%)  [34mtps: 464  [36mtflops: 1.62  [35mmfu: 0.21%[39m
[titan] 2026-09-12 09:03:41,742 - root - INFO - [31mstep: 41  [32mloss:  2.06854  [38;2;180;60;0mgrad_norm:  2.7656  [38;2;54;234;195mmemory:  7.89GiB(9.96%)  [34mtps: 464  [36mtflops: 1.62  [35mmfu: 0.21%[39m
[titan] 2026-09-12 09:03:41,746 - root - INFO - [31mstep: 41  [32mloss: -1.00000  [38;2;180;60;0mgrad_norm:  2.7656  [38;2;54;234;195mmemory:  7.30GiB(9.22%)  [34mtps: 464  [36mtflops: 1.62  [35mmfu: 0.21%[39m
[titan] 2026-09-12 09:03:42,850 - root - INFO - [31mstep: 42  [32mloss:  1.71565  [38;2;180;60;0mgrad_norm:  2.7812  [38;2;54;234;195mmemory:  7.89GiB(9.96%)  [34mtps: 462  [36mtflops: 1.61  [35mmfu: 0.21%[39m
[titan] 2026-09-12 09:03:42,855 - root - INFO - [31mstep: 42  [32mloss: -1.00000  [38;2;180;60;0mgrad_norm:  2.7812  [38;2;54;234;195mmemory:  7.30GiB(9.22%)  [34mtps: 462  [36mtflops: 1.61  [35mmfu: 0.21%[39m
[titan] 2026-09-12 09:03:43,951 - root - INFO - [31mstep: 43  [32mloss:  1.25978  [38;2;180;60;0mgrad_norm:  4.6250  [38;2;54;234;195mmemory:  7.89GiB(9.96%)  [34mtps: 465  [36mtflops: 1.62  [35mmfu: 0.21%[39m
[titan] 2026-09-12 09:03:43,956 - root - INFO - [31mstep: 43  [32mloss: -1.00000  [38;2;180;60;0mgrad_norm:  4.6250  [38;2;54;234;195mmemory:  7.30GiB(9.22%)  [34mtps: 465  [36mtflops: 1.62  [35mmfu: 0.21%[39m
[titan] 2026-09-12 09:03:45,045 - root - INFO - [31mstep: 44  [32mloss:  1.80587  [38;2;180;60;0mgrad_norm:  2.4688  [38;2;54;234;195mmemory:  7.89GiB(9.96%)  [34mtps: 468  [36mtflops: 1.63  [35mmfu: 0.22%[39m
[titan] 2026-09-12 09:03:45,050 - root - INFO - [31mstep: 44  [32mloss: -1.00000  [38;2;180;60;0mgrad_norm:  2.4688  [38;2;54;234;195mmemory:  7.30GiB(9.22%)  [34mtps: 468  [36mtflops: 1.63  [35mmfu: 0.22%[39m
[titan] 2026-09-12 09:03:46,149 - root - INFO - [31mstep: 45  [32mloss:  1.56214  [38;2;180;60;0mgrad_norm:  2.0781  [38;2;54;234;195mmemory:  7.89GiB(9.96%)  [34mtps: 464  [36mtflops: 1.62  [35mmfu: 0.21%[39m
[titan] 2026-09-12 09:03:46,154 - root - INFO - [31mstep: 45  [32mloss: -1.00000  [38;2;180;60;0mgrad_norm:  2.0781  [38;2;54;234;195mmemory:  7.30GiB(9.22%)  [34mtps: 464  [36mtflops: 1.62  [35mmfu: 0.21%[39m
[titan] 2026-09-12 09:03:47,251 - root - INFO - [31mstep: 46  [32mloss:  1.48188  [38;2;180;60;0mgrad_norm:  1.8516  [38;2;54;234;195mmemory:  7.89GiB(9.96%)  [34mtps: 465  [36mtflops: 1.62  [35mmfu: 0.21%[39m
[titan] 2026-09-12 09:03:47,256 - root - INFO - [31mstep: 46  [32mloss: -1.00000  [38;2;180;60;0mgrad_norm:  1.8516  [38;2;54;234;195mmemory:  7.30GiB(9.22%)  [34mtps: 464  [36mtflops: 1.62  [35mmfu: 0.21%[39m
[titan] 2026-09-12 09:03:48,354 - root - INFO - [31mstep: 47  [32mloss:  1.81698  [38;2;180;60;0mgrad_norm:  3.3906  [38;2;54;234;195mmemory:  7.89GiB(9.96%)  [34mtps: 464  [36mtflops: 1.62  [35mmfu: 0.21%[39m
[titan] 2026-09-12 09:03:48,359 - root - INFO - [31mstep: 47  [32mloss: -1.00000  [38;2;180;60;0mgrad_norm:  3.3906  [38;2;54;234;195mmemory:  7.30GiB(9.22%)  [34mtps: 464  [36mtflops: 1.62  [35mmfu: 0.21%[39m
[titan] 2026-09-12 09:03:49,459 - root - INFO - [31mstep: 48  [32mloss:  1.09830  [38;2;180;60;0mgrad_norm:  1.8516  [38;2;54;234;195mmemory:  7.89GiB(9.96%)  [34mtps: 463  [36mtflops: 1.62  [35mmfu: 0.21%[39m
[titan] 2026-09-12 09:03:49,465 - root - INFO - [31mstep: 48  [32mloss: -1.00000  [38;2;180;60;0mgrad_norm:  1.8516  [38;2;54;234;195mmemory:  7.30GiB(9.22%)  [34mtps: 463  [36mtflops: 1.62  [35mmfu: 0.21%[39m
[titan] 2026-09-12 09:03:50,576 - root - INFO - [31mstep: 49  [32mloss:  0.95739  [38;2;180;60;0mgrad_norm:  2.2969  [38;2;54;234;195mmemory:  7.89GiB(9.96%)  [34mtps: 459  [36mtflops: 1.60  [35mmfu: 0.21%[39m
[titan] 2026-09-12 09:03:50,581 - root - INFO - [31mstep: 49  [32mloss: -1.00000  [38;2;180;60;0mgrad_norm:  2.2969  [38;2;54;234;195mmemory:  7.30GiB(9.22%)  [34mtps: 459  [36mtflops: 1.60  [35mmfu: 0.21%[39m
[titan] 2026-09-12 09:03:50,882 - root - INFO - [GC] Performing periodic GC collection took 0.31 seconds
[titan] 2026-09-12 09:03:51,016 - root - INFO - [GC] Performing periodic GC collection took 0.43 seconds
[titan] 2026-09-12 09:03:52,143 - root - INFO - [31mstep: 50  [32mloss:  1.41620  [38;2;180;60;0mgrad_norm:  3.1250  [38;2;54;234;195mmemory:  7.89GiB(9.96%)  [34mtps: 327  [36mtflops: 1.14  [35mmfu: 0.15%[39m
[titan] 2026-09-12 09:03:52,148 - root - INFO - [31mstep: 50  [32mloss: -1.00000  [38;2;180;60;0mgrad_norm:  3.1250  [38;2;54;234;195mmemory:  7.30GiB(9.22%)  [34mtps: 327  [36mtflops: 1.14  [35mmfu: 0.15%[39m
[titan] 2026-09-12 09:03:53,281 - root - INFO - [31mstep: 51  [32mloss:  0.58811  [38;2;180;60;0mgrad_norm:  1.2031  [38;2;54;234;195mmemory:  7.89GiB(9.96%)  [34mtps: 450  [36mtflops: 1.57  [35mmfu: 0.21%[39m
[titan] 2026-09-12 09:03:53,286 - root - INFO - [31mstep: 51  [32mloss: -1.00000  [38;2;180;60;0mgrad_norm:  1.2031  [38;2;54;234;195mmemory:  7.30GiB(9.22%)  [34mtps: 450  [36mtflops: 1.57  [35mmfu: 0.21%[39m
[titan] 2026-09-12 09:03:54,420 - root - INFO - [31mstep: 52  [32mloss:  1.29285  [38;2;180;60;0mgrad_norm:  2.0781  [38;2;54;234;195mmemory:  7.89GiB(9.96%)  [34mtps: 450  [36mtflops: 1.57  [35mmfu: 0.21%[39m
[titan] 2026-09-12 09:03:54,426 - root - INFO - [31mstep: 52  [32mloss: -1.00000  [38;2;180;60;0mgrad_norm:  2.0781  [38;2;54;234;195mmemory:  7.30GiB(9.22%)  [34mtps: 449  [36mtflops: 1.57  [35mmfu: 0.21%[39m
[titan] 2026-09-12 09:03:55,553 - root - INFO - [31mstep: 53  [32mloss:  1.30559  [38;2;180;60;0mgrad_norm:  2.0625  [38;2;54;234;195mmemory:  7.89GiB(9.96%)  [34mtps: 452  [36mtflops: 1.58  [35mmfu: 0.21%[39m
[titan] 2026-09-12 09:03:55,557 - root - INFO - [31mstep: 53  [32mloss: -1.00000  [38;2;180;60;0mgrad_norm:  2.0625  [38;2;54;234;195mmemory:  7.30GiB(9.22%)  [34mtps: 453  [36mtflops: 1.58  [35mmfu: 0.21%[39m
[titan] 2026-09-12 09:03:56,705 - root - INFO - [31mstep: 54  [32mloss:  0.61023  [38;2;180;60;0mgrad_norm:  1.6172  [38;2;54;234;195mmemory:  7.89GiB(9.96%)  [34mtps: 444  [36mtflops: 1.55  [35mmfu: 0.21%[39m
[titan] 2026-09-12 09:03:56,710 - root - INFO - [31mstep: 54  [32mloss: -1.00000  [38;2;180;60;0mgrad_norm:  1.6172  [38;2;54;234;195mmemory:  7.30GiB(9.22%)  [34mtps: 444  [36mtflops: 1.55  [35mmfu: 0.21%[39m
[titan] 2026-09-12 09:03:57,832 - root - INFO - [31mstep: 55  [32mloss:  1.45480  [38;2;180;60;0mgrad_norm:  2.6250  [38;2;54;234;195mmemory:  7.89GiB(9.96%)  [34mtps: 455  [36mtflops: 1.59  [35mmfu: 0.21%[39m
[titan] 2026-09-12 09:03:57,837 - root - INFO - [31mstep: 55  [32mloss: -1.00000  [38;2;180;60;0mgrad_norm:  2.6250  [38;2;54;234;195mmemory:  7.30GiB(9.22%)  [34mtps: 455  [36mtflops: 1.59  [35mmfu: 0.21%[39m
[titan] 2026-09-12 09:03:58,959 - root - INFO - [31mstep: 56  [32mloss:  0.46927  [38;2;180;60;0mgrad_norm:  1.1719  [38;2;54;234;195mmemory:  7.89GiB(9.96%)  [34mtps: 454  [36mtflops: 1.59  [35mmfu: 0.21%[39m
[titan] 2026-09-12 09:03:58,964 - root - INFO - [31mstep: 56  [32mloss: -1.00000  [38;2;180;60;0mgrad_norm:  1.1719  [38;2;54;234;195mmemory:  7.30GiB(9.22%)  [34mtps: 454  [36mtflops: 1.59  [35mmfu: 0.21%[39m
[titan] 2026-09-12 09:04:00,087 - root - INFO - [31mstep: 57  [32mloss:  2.25866  [38;2;180;60;0mgrad_norm:  5.0000  [38;2;54;234;195mmemory:  7.89GiB(9.96%)  [34mtps: 454  [36mtflops: 1.58  [35mmfu: 0.21%[39m
[titan] 2026-09-12 09:04:00,091 - root - INFO - [31mstep: 57  [32mloss: -1.00000  [38;2;180;60;0mgrad_norm:  5.0000  [38;2;54;234;195mmemory:  7.30GiB(9.22%)  [34mtps: 454  [36mtflops: 1.58  [35mmfu: 0.21%[39m
[titan] 2026-09-12 09:04:01,214 - root - INFO - [31mstep: 58  [32mloss:  0.97577  [38;2;180;60;0mgrad_norm:  2.2969  [38;2;54;234;195mmemory:  7.89GiB(9.96%)  [34mtps: 455  [36mtflops: 1.59  [35mmfu: 0.21%[39m
[titan] 2026-09-12 09:04:01,218 - root - INFO - [31mstep: 58  [32mloss: -1.00000  [38;2;180;60;0mgrad_norm:  2.2969  [38;2;54;234;195mmemory:  7.30GiB(9.22%)  [34mtps: 454  [36mtflops: 1.59  [35mmfu: 0.21%[39m
[titan] 2026-09-12 09:04:02,331 - root - INFO - [31mstep: 59  [32mloss:  0.75250  [38;2;180;60;0mgrad_norm:  3.1875  [38;2;54;234;195mmemory:  7.89GiB(9.96%)  [34mtps: 458  [36mtflops: 1.60  [35mmfu: 0.21%[39m
[titan] 2026-09-12 09:04:02,336 - root - INFO - [31mstep: 59  [32mloss: -1.00000  [38;2;180;60;0mgrad_norm:  3.1875  [38;2;54;234;195mmemory:  7.30GiB(9.22%)  [34mtps: 458  [36mtflops: 1.60  [35mmfu: 0.21%[39m
[titan] 2026-09-12 09:04:03,456 - root - INFO - [31mstep: 60  [32mloss:  0.76357  [38;2;180;60;0mgrad_norm:  2.6719  [38;2;54;234;195mmemory:  7.89GiB(9.96%)  [34mtps: 455  [36mtflops: 1.59  [35mmfu: 0.21%[39m
[titan] 2026-09-12 09:04:03,461 - root - INFO - [31mstep: 60  [32mloss: -1.00000  [38;2;180;60;0mgrad_norm:  2.6719  [38;2;54;234;195mmemory:  7.30GiB(9.22%)  [34mtps: 455  [36mtflops: 1.59  [35mmfu: 0.21%[39m
[titan] 2026-09-12 09:04:04,583 - root - INFO - [31mstep: 61  [32mloss:  0.68494  [38;2;180;60;0mgrad_norm:  2.3750  [38;2;54;234;195mmemory:  7.89GiB(9.96%)  [34mtps: 455  [36mtflops: 1.59  [35mmfu: 0.21%[39m
[titan] 2026-09-12 09:04:04,587 - root - INFO - [31mstep: 61  [32mloss: -1.00000  [38;2;180;60;0mgrad_norm:  2.3750  [38;2;54;234;195mmemory:  7.30GiB(9.22%)  [34mtps: 455  [36mtflops: 1.59  [35mmfu: 0.21%[39m
[titan] 2026-09-12 09:04:05,713 - root - INFO - [31mstep: 62  [32mloss:  1.51711  [38;2;180;60;0mgrad_norm:  5.7188  [38;2;54;234;195mmemory:  7.89GiB(9.96%)  [34mtps: 453  [36mtflops: 1.58  [35mmfu: 0.21%[39m
[titan] 2026-09-12 09:04:05,718 - root - INFO - [31mstep: 62  [32mloss: -1.00000  [38;2;180;60;0mgrad_norm:  5.7188  [38;2;54;234;195mmemory:  7.30GiB(9.22%)  [34mtps: 453  [36mtflops: 1.58  [35mmfu: 0.21%[39m
[titan] 2026-09-12 09:04:06,840 - root - INFO - [31mstep: 63  [32mloss:  0.55704  [38;2;180;60;0mgrad_norm:  1.4141  [38;2;54;234;195mmemory:  7.89GiB(9.96%)  [34mtps: 455  [36mtflops: 1.59  [35mmfu: 0.21%[39m
[titan] 2026-09-12 09:04:06,844 - root - INFO - [31mstep: 63  [32mloss: -1.00000  [38;2;180;60;0mgrad_norm:  1.4141  [38;2;54;234;195mmemory:  7.30GiB(9.22%)  [34mtps: 455  [36mtflops: 1.59  [35mmfu: 0.21%[39m
[titan] 2026-09-12 09:04:07,965 - root - INFO - [31mstep: 64  [32mloss:  0.79197  [38;2;180;60;0mgrad_norm:  6.1562  [38;2;54;234;195mmemory:  7.89GiB(9.96%)  [34mtps: 455  [36mtflops: 1.59  [35mmfu: 0.21%[39m
[titan] 2026-09-12 09:04:07,970 - root - INFO - [31mstep: 64  [32mloss: -1.00000  [38;2;180;60;0mgrad_norm:  6.1562  [38;2;54;234;195mmemory:  7.30GiB(9.22%)  [34mtps: 455  [36mtflops: 1.59  [35mmfu: 0.21%[39m
[titan] 2026-09-12 09:04:09,093 - root - INFO - [31mstep: 65  [32mloss:  0.76640  [38;2;180;60;0mgrad_norm:  1.8047  [38;2;54;234;195mmemory:  7.89GiB(9.96%)  [34mtps: 454  [36mtflops: 1.58  [35mmfu: 0.21%[39m
[titan] 2026-09-12 09:04:09,097 - root - INFO - [31mstep: 65  [32mloss: -1.00000  [38;2;180;60;0mgrad_norm:  1.8047  [38;2;54;234;195mmemory:  7.30GiB(9.22%)  [34mtps: 454  [36mtflops: 1.58  [35mmfu: 0.21%[39m
[titan] 2026-09-12 09:04:10,222 - root - INFO - [31mstep: 66  [32mloss:  0.56069  [38;2;180;60;0mgrad_norm:  1.8438  [38;2;54;234;195mmemory:  7.89GiB(9.96%)  [34mtps: 453  [36mtflops: 1.58  [35mmfu: 0.21%[39m
[titan] 2026-09-12 09:04:10,227 - root - INFO - [31mstep: 66  [32mloss: -1.00000  [38;2;180;60;0mgrad_norm:  1.8438  [38;2;54;234;195mmemory:  7.30GiB(9.22%)  [34mtps: 453  [36mtflops: 1.58  [35mmfu: 0.21%[39m
[titan] 2026-09-12 09:04:11,358 - root - INFO - [31mstep: 67  [32mloss:  0.74265  [38;2;180;60;0mgrad_norm:  1.8594  [38;2;54;234;195mmemory:  7.89GiB(9.96%)  [34mtps: 451  [36mtflops: 1.57  [35mmfu: 0.21%[39m
[titan] 2026-09-12 09:04:11,363 - root - INFO - [31mstep: 67  [32mloss: -1.00000  [38;2;180;60;0mgrad_norm:  1.8594  [38;2;54;234;195mmemory:  7.30GiB(9.22%)  [34mtps: 451  [36mtflops: 1.57  [35mmfu: 0.21%[39m
[titan] 2026-09-12 09:04:12,504 - root - INFO - [31mstep: 68  [32mloss:  0.37656  [38;2;180;60;0mgrad_norm:  1.3828  [38;2;54;234;195mmemory:  7.89GiB(9.96%)  [34mtps: 447  [36mtflops: 1.56  [35mmfu: 0.21%[39m
[titan] 2026-09-12 09:04:12,509 - root - INFO - [31mstep: 68  [32mloss: -1.00000  [38;2;180;60;0mgrad_norm:  1.3828  [38;2;54;234;195mmemory:  7.30GiB(9.22%)  [34mtps: 447  [36mtflops: 1.56  [35mmfu: 0.21%[39m
[titan] 2026-09-12 09:04:13,627 - root - INFO - [31mstep: 69  [32mloss:  0.63779  [38;2;180;60;0mgrad_norm:  1.8438  [38;2;54;234;195mmemory:  7.89GiB(9.96%)  [34mtps: 456  [36mtflops: 1.59  [35mmfu: 0.21%[39m
[titan] 2026-09-12 09:04:13,632 - root - INFO - [31mstep: 69  [32mloss: -1.00000  [38;2;180;60;0mgrad_norm:  1.8438  [38;2;54;234;195mmemory:  7.30GiB(9.22%)  [34mtps: 456  [36mtflops: 1.59  [35mmfu: 0.21%[39m
[titan] 2026-09-12 09:04:14,752 - root - INFO - [31mstep: 70  [32mloss:  0.94793  [38;2;180;60;0mgrad_norm:  2.8438  [38;2;54;234;195mmemory:  7.89GiB(9.96%)  [34mtps: 455  [36mtflops: 1.59  [35mmfu: 0.21%[39m
[titan] 2026-09-12 09:04:14,756 - root - INFO - [31mstep: 70  [32mloss: -1.00000  [38;2;180;60;0mgrad_norm:  2.8438  [38;2;54;234;195mmemory:  7.30GiB(9.22%)  [34mtps: 455  [36mtflops: 1.59  [35mmfu: 0.21%[39m
[titan] 2026-09-12 09:04:15,876 - root - INFO - [31mstep: 71  [32mloss:  0.45488  [38;2;180;60;0mgrad_norm:  1.6797  [38;2;54;234;195mmemory:  7.89GiB(9.96%)  [34mtps: 456  [36mtflops: 1.59  [35mmfu: 0.21%[39m
[titan] 2026-09-12 09:04:15,880 - root - INFO - [31mstep: 71  [32mloss: -1.00000  [38;2;180;60;0mgrad_norm:  1.6797  [38;2;54;234;195mmemory:  7.30GiB(9.22%)  [34mtps: 456  [36mtflops: 1.59  [35mmfu: 0.21%[39m
[titan] 2026-09-12 09:04:17,001 - root - INFO - [31mstep: 72  [32mloss:  0.30529  [38;2;180;60;0mgrad_norm:  1.3047  [38;2;54;234;195mmemory:  7.89GiB(9.96%)  [34mtps: 455  [36mtflops: 1.59  [35mmfu: 0.21%[39m
[titan] 2026-09-12 09:04:17,006 - root - INFO - [31mstep: 72  [32mloss: -1.00000  [38;2;180;60;0mgrad_norm:  1.3047  [38;2;54;234;195mmemory:  7.30GiB(9.22%)  [34mtps: 455  [36mtflops: 1.59  [35mmfu: 0.21%[39m
[titan] 2026-09-12 09:04:18,125 - root - INFO - [31mstep: 73  [32mloss:  0.27117  [38;2;180;60;0mgrad_norm:  1.1016  [38;2;54;234;195mmemory:  7.89GiB(9.96%)  [34mtps: 456  [36mtflops: 1.59  [35mmfu: 0.21%[39m
[titan] 2026-09-12 09:04:18,130 - root - INFO - [31mstep: 73  [32mloss: -1.00000  [38;2;180;60;0mgrad_norm:  1.1016  [38;2;54;234;195mmemory:  7.30GiB(9.22%)  [34mtps: 456  [36mtflops: 1.59  [35mmfu: 0.21%[39m
[titan] 2026-09-12 09:04:19,248 - root - INFO - [31mstep: 74  [32mloss:  0.39116  [38;2;180;60;0mgrad_norm:  1.7344  [38;2;54;234;195mmemory:  7.89GiB(9.96%)  [34mtps: 456  [36mtflops: 1.59  [35mmfu: 0.21%[39m
[titan] 2026-09-12 09:04:19,253 - root - INFO - [31mstep: 74  [32mloss: -1.00000  [38;2;180;60;0mgrad_norm:  1.7344  [38;2;54;234;195mmemory:  7.30GiB(9.22%)  [34mtps: 456  [36mtflops: 1.59  [35mmfu: 0.21%[39m
[titan] 2026-09-12 09:04:20,372 - root - INFO - [31mstep: 75  [32mloss:  0.47857  [38;2;180;60;0mgrad_norm:  1.8047  [38;2;54;234;195mmemory:  7.89GiB(9.96%)  [34mtps: 456  [36mtflops: 1.59  [35mmfu: 0.21%[39m
[titan] 2026-09-12 09:04:20,377 - root - INFO - [31mstep: 75  [32mloss: -1.00000  [38;2;180;60;0mgrad_norm:  1.8047  [38;2;54;234;195mmemory:  7.30GiB(9.22%)  [34mtps: 456  [36mtflops: 1.59  [35mmfu: 0.21%[39m
[titan] 2026-09-12 09:04:21,492 - root - INFO - [31mstep: 76  [32mloss:  0.29705  [38;2;180;60;0mgrad_norm:  1.1641  [38;2;54;234;195mmemory:  7.89GiB(9.96%)  [34mtps: 457  [36mtflops: 1.60  [35mmfu: 0.21%[39m
[titan] 2026-09-12 09:04:21,497 - root - INFO - [31mstep: 76  [32mloss: -1.00000  [38;2;180;60;0mgrad_norm:  1.1641  [38;2;54;234;195mmemory:  7.30GiB(9.22%)  [34mtps: 457  [36mtflops: 1.59  [35mmfu: 0.21%[39m
[titan] 2026-09-12 09:04:22,616 - root - INFO - [31mstep: 77  [32mloss:  0.27721  [38;2;180;60;0mgrad_norm:  1.5234  [38;2;54;234;195mmemory:  7.89GiB(9.96%)  [34mtps: 456  [36mtflops: 1.59  [35mmfu: 0.21%[39m
[titan] 2026-09-12 09:04:22,621 - root - INFO - [31mstep: 77  [32mloss: -1.00000  [38;2;180;60;0mgrad_norm:  1.5234  [38;2;54;234;195mmemory:  7.30GiB(9.22%)  [34mtps: 456  [36mtflops: 1.59  [35mmfu: 0.21%[39m
[titan] 2026-09-12 09:04:23,738 - root - INFO - [31mstep: 78  [32mloss:  0.18115  [38;2;180;60;0mgrad_norm:  0.7734  [38;2;54;234;195mmemory:  7.89GiB(9.96%)  [34mtps: 456  [36mtflops: 1.59  [35mmfu: 0.21%[39m
[titan] 2026-09-12 09:04:23,743 - root - INFO - [31mstep: 78  [32mloss: -1.00000  [38;2;180;60;0mgrad_norm:  0.7734  [38;2;54;234;195mmemory:  7.30GiB(9.22%)  [34mtps: 456  [36mtflops: 1.59  [35mmfu: 0.21%[39m
[titan] 2026-09-12 09:04:24,862 - root - INFO - [31mstep: 79  [32mloss:  0.47040  [38;2;180;60;0mgrad_norm:  2.2969  [38;2;54;234;195mmemory:  7.89GiB(9.96%)  [34mtps: 456  [36mtflops: 1.59  [35mmfu: 0.21%[39m
[titan] 2026-09-12 09:04:24,866 - root - INFO - [31mstep: 79  [32mloss: -1.00000  [38;2;180;60;0mgrad_norm:  2.2969  [38;2;54;234;195mmemory:  7.30GiB(9.22%)  [34mtps: 456  [36mtflops: 1.59  [35mmfu: 0.21%[39m
[titan] 2026-09-12 09:04:25,984 - root - INFO - [31mstep: 80  [32mloss:  0.19364  [38;2;180;60;0mgrad_norm:  2.6719  [38;2;54;234;195mmemory:  7.89GiB(9.96%)  [34mtps: 456  [36mtflops: 1.59  [35mmfu: 0.21%[39m
[titan] 2026-09-12 09:04:25,989 - root - INFO - [31mstep: 80  [32mloss: -1.00000  [38;2;180;60;0mgrad_norm:  2.6719  [38;2;54;234;195mmemory:  7.30GiB(9.22%)  [34mtps: 456  [36mtflops: 1.59  [35mmfu: 0.21%[39m
[titan] 2026-09-12 09:04:27,108 - root - INFO - [31mstep: 81  [32mloss:  0.27948  [38;2;180;60;0mgrad_norm:  1.4609  [38;2;54;234;195mmemory:  7.89GiB(9.96%)  [34mtps: 456  [36mtflops: 1.59  [35mmfu: 0.21%[39m
[titan] 2026-09-12 09:04:27,113 - root - INFO - [31mstep: 81  [32mloss: -1.00000  [38;2;180;60;0mgrad_norm:  1.4609  [38;2;54;234;195mmemory:  7.30GiB(9.22%)  [34mtps: 456  [36mtflops: 1.59  [35mmfu: 0.21%[39m
[titan] 2026-09-12 09:04:28,245 - root - INFO - [31mstep: 82  [32mloss:  0.52829  [38;2;180;60;0mgrad_norm:  1.7656  [38;2;54;234;195mmemory:  7.89GiB(9.96%)  [34mtps: 451  [36mtflops: 1.57  [35mmfu: 0.21%[39m
[titan] 2026-09-12 09:04:28,250 - root - INFO - [31mstep: 82  [32mloss: -1.00000  [38;2;180;60;0mgrad_norm:  1.7656  [38;2;54;234;195mmemory:  7.30GiB(9.22%)  [34mtps: 451  [36mtflops: 1.57  [35mmfu: 0.21%[39m
[titan] 2026-09-12 09:04:29,369 - root - INFO - [31mstep: 83  [32mloss:  0.21638  [38;2;180;60;0mgrad_norm:  0.6875  [38;2;54;234;195mmemory:  7.89GiB(9.96%)  [34mtps: 456  [36mtflops: 1.59  [35mmfu: 0.21%[39m
[titan] 2026-09-12 09:04:29,374 - root - INFO - [31mstep: 83  [32mloss: -1.00000  [38;2;180;60;0mgrad_norm:  0.6875  [38;2;54;234;195mmemory:  7.30GiB(9.22%)  [34mtps: 456  [36mtflops: 1.59  [35mmfu: 0.21%[39m
[titan] 2026-09-12 09:04:30,496 - root - INFO - [31mstep: 84  [32mloss:  0.38241  [38;2;180;60;0mgrad_norm:  1.6016  [38;2;54;234;195mmemory:  7.89GiB(9.96%)  [34mtps: 454  [36mtflops: 1.58  [35mmfu: 0.21%[39m
[titan] 2026-09-12 09:04:30,501 - root - INFO - [31mstep: 84  [32mloss: -1.00000  [38;2;180;60;0mgrad_norm:  1.6016  [38;2;54;234;195mmemory:  7.30GiB(9.22%)  [34mtps: 454  [36mtflops: 1.58  [35mmfu: 0.21%[39m
[titan] 2026-09-12 09:04:31,623 - root - INFO - [31mstep: 85  [32mloss:  0.24599  [38;2;180;60;0mgrad_norm:  0.8320  [38;2;54;234;195mmemory:  7.89GiB(9.96%)  [34mtps: 455  [36mtflops: 1.59  [35mmfu: 0.21%[39m
[titan] 2026-09-12 09:04:31,628 - root - INFO - [31mstep: 85  [32mloss: -1.00000  [38;2;180;60;0mgrad_norm:  0.8320  [38;2;54;234;195mmemory:  7.30GiB(9.22%)  [34mtps: 455  [36mtflops: 1.59  [35mmfu: 0.21%[39m
[titan] 2026-09-12 09:04:32,746 - root - INFO - [31mstep: 86  [32mloss:  0.13490  [38;2;180;60;0mgrad_norm:  0.6367  [38;2;54;234;195mmemory:  7.89GiB(9.96%)  [34mtps: 456  [36mtflops: 1.59  [35mmfu: 0.21%[39m
[titan] 2026-09-12 09:04:32,751 - root - INFO - [31mstep: 86  [32mloss: -1.00000  [38;2;180;60;0mgrad_norm:  0.6367  [38;2;54;234;195mmemory:  7.30GiB(9.22%)  [34mtps: 456  [36mtflops: 1.59  [35mmfu: 0.21%[39m
[titan] 2026-09-12 09:04:33,871 - root - INFO - [31mstep: 87  [32mloss:  0.39100  [38;2;180;60;0mgrad_norm:  1.8828  [38;2;54;234;195mmemory:  7.89GiB(9.96%)  [34mtps: 455  [36mtflops: 1.59  [35mmfu: 0.21%[39m
[titan] 2026-09-12 09:04:33,875 - root - INFO - [31mstep: 87  [32mloss: -1.00000  [38;2;180;60;0mgrad_norm:  1.8828  [38;2;54;234;195mmemory:  7.30GiB(9.22%)  [34mtps: 455  [36mtflops: 1.59  [35mmfu: 0.21%[39m
[titan] 2026-09-12 09:04:34,992 - root - INFO - [31mstep: 88  [32mloss:  0.16978  [38;2;180;60;0mgrad_norm:  0.7383  [38;2;54;234;195mmemory:  7.89GiB(9.96%)  [34mtps: 457  [36mtflops: 1.59  [35mmfu: 0.21%[39m
[titan] 2026-09-12 09:04:34,997 - root - INFO - [31mstep: 88  [32mloss: -1.00000  [38;2;180;60;0mgrad_norm:  0.7383  [38;2;54;234;195mmemory:  7.30GiB(9.22%)  [34mtps: 457  [36mtflops: 1.59  [35mmfu: 0.21%[39m
[titan] 2026-09-12 09:04:36,117 - root - INFO - [31mstep: 89  [32mloss:  0.20233  [38;2;180;60;0mgrad_norm:  0.9766  [38;2;54;234;195mmemory:  7.89GiB(9.96%)  [34mtps: 455  [36mtflops: 1.59  [35mmfu: 0.21%[39m
[titan] 2026-09-12 09:04:36,122 - root - INFO - [31mstep: 89  [32mloss: -1.00000  [38;2;180;60;0mgrad_norm:  0.9766  [38;2;54;234;195mmemory:  7.30GiB(9.22%)  [34mtps: 455  [36mtflops: 1.59  [35mmfu: 0.21%[39m
[titan] 2026-09-12 09:04:37,239 - root - INFO - [31mstep: 90  [32mloss:  0.24005  [38;2;180;60;0mgrad_norm:  1.5703  [38;2;54;234;195mmemory:  7.89GiB(9.96%)  [34mtps: 456  [36mtflops: 1.59  [35mmfu: 0.21%[39m
[titan] 2026-09-12 09:04:37,244 - root - INFO - [31mstep: 90  [32mloss: -1.00000  [38;2;180;60;0mgrad_norm:  1.5703  [38;2;54;234;195mmemory:  7.30GiB(9.22%)  [34mtps: 456  [36mtflops: 1.59  [35mmfu: 0.21%[39m
[titan] 2026-09-12 09:04:38,363 - root - INFO - [31mstep: 91  [32mloss:  0.13493  [38;2;180;60;0mgrad_norm:  0.6133  [38;2;54;234;195mmemory:  7.89GiB(9.96%)  [34mtps: 456  [36mtflops: 1.59  [35mmfu: 0.21%[39m
[titan] 2026-09-12 09:04:38,367 - root - INFO - [31mstep: 91  [32mloss: -1.00000  [38;2;180;60;0mgrad_norm:  0.6133  [38;2;54;234;195mmemory:  7.30GiB(9.22%)  [34mtps: 456  [36mtflops: 1.59  [35mmfu: 0.21%[39m
[titan] 2026-09-12 09:04:39,484 - root - INFO - [31mstep: 92  [32mloss:  0.12574  [38;2;180;60;0mgrad_norm:  0.7773  [38;2;54;234;195mmemory:  7.89GiB(9.96%)  [34mtps: 457  [36mtflops: 1.59  [35mmfu: 0.21%[39m
[titan] 2026-09-12 09:04:39,488 - root - INFO - [31mstep: 92  [32mloss: -1.00000  [38;2;180;60;0mgrad_norm:  0.7773  [38;2;54;234;195mmemory:  7.30GiB(9.22%)  [34mtps: 457  [36mtflops: 1.59  [35mmfu: 0.21%[39m
[titan] 2026-09-12 09:04:40,607 - root - INFO - [31mstep: 93  [32mloss:  0.21966  [38;2;180;60;0mgrad_norm:  1.1641  [38;2;54;234;195mmemory:  7.89GiB(9.96%)  [34mtps: 456  [36mtflops: 1.59  [35mmfu: 0.21%[39m
[titan] 2026-09-12 09:04:40,612 - root - INFO - [31mstep: 93  [32mloss: -1.00000  [38;2;180;60;0mgrad_norm:  1.1641  [38;2;54;234;195mmemory:  7.30GiB(9.22%)  [34mtps: 456  [36mtflops: 1.59  [35mmfu: 0.21%[39m
[titan] 2026-09-12 09:04:41,730 - root - INFO - [31mstep: 94  [32mloss:  0.21224  [38;2;180;60;0mgrad_norm:  0.8633  [38;2;54;234;195mmemory:  7.89GiB(9.96%)  [34mtps: 456  [36mtflops: 1.59  [35mmfu: 0.21%[39m
[titan] 2026-09-12 09:04:41,734 - root - INFO - [31mstep: 94  [32mloss: -1.00000  [38;2;180;60;0mgrad_norm:  0.8633  [38;2;54;234;195mmemory:  7.30GiB(9.22%)  [34mtps: 456  [36mtflops: 1.59  [35mmfu: 0.21%[39m
[titan] 2026-09-12 09:04:42,854 - root - INFO - [31mstep: 95  [32mloss:  0.07579  [38;2;180;60;0mgrad_norm:  0.4023  [38;2;54;234;195mmemory:  7.89GiB(9.96%)  [34mtps: 456  [36mtflops: 1.59  [35mmfu: 0.21%[39m
[titan] 2026-09-12 09:04:42,859 - root - INFO - [31mstep: 95  [32mloss: -1.00000  [38;2;180;60;0mgrad_norm:  0.4023  [38;2;54;234;195mmemory:  7.30GiB(9.22%)  [34mtps: 455  [36mtflops: 1.59  [35mmfu: 0.21%[39m
[titan] 2026-09-12 09:04:43,977 - root - INFO - [31mstep: 96  [32mloss:  0.21329  [38;2;180;60;0mgrad_norm:  0.8672  [38;2;54;234;195mmemory:  7.89GiB(9.96%)  [34mtps: 456  [36mtflops: 1.59  [35mmfu: 0.21%[39m
[titan] 2026-09-12 09:04:43,981 - root - INFO - [31mstep: 96  [32mloss: -1.00000  [38;2;180;60;0mgrad_norm:  0.8672  [38;2;54;234;195mmemory:  7.30GiB(9.22%)  [34mtps: 456  [36mtflops: 1.59  [35mmfu: 0.21%[39m
[titan] 2026-09-12 09:04:45,103 - root - INFO - [31mstep: 97  [32mloss:  0.21314  [38;2;180;60;0mgrad_norm:  0.9258  [38;2;54;234;195mmemory:  7.89GiB(9.96%)  [34mtps: 455  [36mtflops: 1.59  [35mmfu: 0.21%[39m
[titan] 2026-09-12 09:04:45,107 - root - INFO - [31mstep: 97  [32mloss: -1.00000  [38;2;180;60;0mgrad_norm:  0.9258  [38;2;54;234;195mmemory:  7.30GiB(9.22%)  [34mtps: 455  [36mtflops: 1.59  [35mmfu: 0.21%[39m
[titan] 2026-09-12 09:04:46,225 - root - INFO - [31mstep: 98  [32mloss:  0.13731  [38;2;180;60;0mgrad_norm:  0.8242  [38;2;54;234;195mmemory:  7.89GiB(9.96%)  [34mtps: 456  [36mtflops: 1.59  [35mmfu: 0.21%[39m
[titan] 2026-09-12 09:04:46,229 - root - INFO - [31mstep: 98  [32mloss: -1.00000  [38;2;180;60;0mgrad_norm:  0.8242  [38;2;54;234;195mmemory:  7.30GiB(9.22%)  [34mtps: 456  [36mtflops: 1.59  [35mmfu: 0.21%[39m
[titan] 2026-09-12 09:04:47,350 - root - INFO - [31mstep: 99  [32mloss:  0.16534  [38;2;180;60;0mgrad_norm:  0.7031  [38;2;54;234;195mmemory:  7.89GiB(9.96%)  [34mtps: 455  [36mtflops: 1.59  [35mmfu: 0.21%[39m
[titan] 2026-09-12 09:04:47,354 - root - INFO - [31mstep: 99  [32mloss: -1.00000  [38;2;180;60;0mgrad_norm:  0.7031  [38;2;54;234;195mmemory:  7.30GiB(9.22%)  [34mtps: 455  [36mtflops: 1.59  [35mmfu: 0.21%[39m
[titan] 2026-09-12 09:04:47,506 - root - INFO - [GC] Performing periodic GC collection took 0.16 seconds
[titan] 2026-09-12 09:04:47,662 - root - INFO - [GC] Performing periodic GC collection took 0.31 seconds
[titan] 2026-09-12 09:04:48,780 - root - INFO - [31mstep: 100  [32mloss:  0.25248  [38;2;180;60;0mgrad_norm:  1.3750  [38;2;54;234;195mmemory:  7.89GiB(9.96%)  [34mtps: 358  [36mtflops: 1.25  [35mmfu: 0.17%[39m
[titan] 2026-09-12 09:04:48,780 - root - INFO - Saving the checkpoint.
[titan] 2026-09-12 09:04:48,780 - root - INFO - Saving a full checkpoint at last step, step 100.
[titan] 2026-09-12 09:04:48,784 - root - INFO - [31mstep: 100  [32mloss: -1.00000  [38;2;180;60;0mgrad_norm:  1.3750  [38;2;54;234;195mmemory:  7.30GiB(9.22%)  [34mtps: 358  [36mtflops: 1.25  [35mmfu: 0.17%[39m
[titan] 2026-09-12 09:04:48,785 - root - INFO - Saving the checkpoint.
[titan] 2026-09-12 09:04:48,785 - root - INFO - Saving a full checkpoint at last step, step 100.
[titan] 2026-09-12 09:04:56,048 - root - INFO - [GC] GC collection invoked by checkpointer. took 0.08 seconds
[titan] 2026-09-12 09:04:56,051 - root - INFO - [GC] GC collection invoked by checkpointer. took 0.06 seconds
[titan] 2026-09-12 09:04:56,054 - root - INFO - Last step checkpoint completed in 7.27s
[titan] 2026-09-12 09:04:56,055 - root - INFO - Sleeping 2 seconds for other ranks to complete
[titan] 2026-09-12 09:04:56,056 - root - INFO - Last step checkpoint completed in 7.28s
[titan] 2026-09-12 09:04:56,056 - root - INFO - Training completed
[titan] 2026-09-12 09:04:56,057 - root - INFO - Destroying the purge thread.
[titan] 2026-09-12 09:04:58,055 - root - INFO - Training completed
[titan] 2026-09-12 09:04:58,056 - root - INFO - Destroying the purge thread.
[titan] 2026-09-12 09:04:58,279 - root - INFO - Process group destroyed
[titan] 2026-09-12 09:04:58,878 - root - INFO - Process group destroyed
