W0912 09:22:07.550000 34910 site-packages/torch/distributed/run.py:982] 
W0912 09:22:07.550000 34910 site-packages/torch/distributed/run.py:982] *****************************************
W0912 09:22:07.550000 34910 site-packages/torch/distributed/run.py:982] Setting OMP_NUM_THREADS environment variable for each process to be 1 in default, to avoid your system being overloaded, please further tune the variable for optimal performance in your application as needed. 
W0912 09:22:07.550000 34910 site-packages/torch/distributed/run.py:982] *****************************************
WARNING:absl:Failed to load jax profiler: No module named 'jax'
WARNING:absl:Failed to load jax profiler: No module named 'jax'
W0912 09:22:15.153000 35051 site-packages/torch/utils/_pytree.py:630] <enum 'KernelPreference'> is an Enum subclass and is now natively supported by torch.compile as an opaque value type. Calling register_constant() on Enum subclasses is deprecated and will be an error in a future release.
W0912 09:22:15.154000 35050 site-packages/torch/utils/_pytree.py:630] <enum 'KernelPreference'> is an Enum subclass and is now natively supported by torch.compile as an opaque value type. Calling register_constant() on Enum subclasses is deprecated and will be an error in a future release.
W0912 09:22:15.181000 35051 site-packages/torch/utils/_pytree.py:630] <enum 'ScaleCalculationMode'> is an Enum subclass and is now natively supported by torch.compile as an opaque value type. Calling register_constant() on Enum subclasses is deprecated and will be an error in a future release.
W0912 09:22:15.183000 35050 site-packages/torch/utils/_pytree.py:630] <enum 'ScaleCalculationMode'> is an Enum subclass and is now natively supported by torch.compile as an opaque value type. Calling register_constant() on Enum subclasses is deprecated and will be an error in a future release.
[titan] 2026-09-12 09:22:16,160 - root - INFO - torchtitan version: 0.0.0+unknown (0.0.0 means __version__ is not defined correctly).
[titan] 2026-09-12 09:22:16,191 - root - INFO - torchtitan version: 0.0.0+unknown (0.0.0 means __version__ is not defined correctly).
[titan] 2026-09-12 09:22:16,507 - root - WARNING - initial_load_model_only=True has no effect without an initial_load_path.
[titan] 2026-09-12 09:22:16,543 - root - WARNING - initial_load_model_only=True has no effect without an initial_load_path.
[titan] 2026-09-12 09:22:16,573 - root - WARNING - initial_load_model_only=True has no effect without an initial_load_path.
[titan] 2026-09-12 09:22:16,574 - torchtitan.observability.structured_logger.jsonl_handler - INFO - Structured logging -> JSONL: /workspace/pp_out/d2_dp2/structured_logs/training.global_rank_1.20260912-092216-DH1I3A.jsonl
[titan] 2026-09-12 09:22:16,609 - root - WARNING - initial_load_model_only=True has no effect without an initial_load_path.
[titan] 2026-09-12 09:22:16,610 - torchtitan.observability.structured_logger.jsonl_handler - INFO - Structured logging -> JSONL: /workspace/pp_out/d2_dp2/structured_logs/training.global_rank_0.20260912-092216-PNQV0B.jsonl
[titan] 2026-09-12 09:22:17,448 - root - WARNING - ENV[TORCH_NCCL_ASYNC_ERROR_HANDLING] = 1 will be overridden to 3 based on job config
[titan] 2026-09-12 09:22:17,457 - root - WARNING - ENV[TORCH_NCCL_ASYNC_ERROR_HANDLING] = 1 will be overridden to 3 based on job config
[titan] 2026-09-12 09:22:18,494 - root - INFO - Building device mesh with parallelism: pp=1, dp_replicate=1, dp_shard=2, cp=1, tp=1, ep=1
[titan] 2026-09-12 09:22:18,494 - root - INFO - Building device mesh with parallelism: pp=1, dp_replicate=1, dp_shard=2, cp=1, tp=1, ep=1
[titan] 2026-09-12 09:22:18,648 - root - INFO - Successfully created meshes with active dimensions: ['batch', 'loss', 'dp', 'dp_shard']
[titan] 2026-09-12 09:22:18,648 - root - INFO - Successfully created meshes with active dimensions: ['batch', 'loss', 'dp', 'dp_shard']
[titan] 2026-09-12 09:22:18,648 - root - INFO - [GC] Initial GC collection took 0.00 seconds
[titan] 2026-09-12 09:22:18,648 - root - INFO - Deterministic algorithm enabled (expect perf degradation).
[titan] 2026-09-12 09:22:18,648 - root - INFO - [GC] Initial GC collection took 0.00 seconds
[titan] 2026-09-12 09:22:18,648 - root - INFO - Deterministic algorithm enabled (expect perf degradation).
[titan] 2026-09-12 09:22:18,666 - root - INFO - Building kimi_k3 debugmodel
[titan] 2026-09-12 09:22:18,666 - root - INFO - Building kimi_k3 debugmodel
[titan] 2026-09-12 09:22:18,806 - root - INFO - CUDA capacity: NVIDIA H100 PCIe with 79.18GiB memory
[titan] 2026-09-12 09:22:18,808 - root - INFO - CUDA capacity: NVIDIA H100 PCIe with 79.18GiB memory
[titan] 2026-09-12 09:22:18,808 - root - WARNING - Error running lspci: [Errno 2] No such file or directory: 'lspci', fallback to use device_name
[titan] 2026-09-12 09:22:18,810 - root - WARNING - Error running lspci: [Errno 2] No such file or directory: 'lspci', fallback to use device_name
[titan] 2026-09-12 09:22:18,813 - root - INFO - Total parameter count: 1,119,984,672, active parameters: 535,879,200
[titan] 2026-09-12 09:22:18,813 - root - INFO - [34mModel kimi_k3 debugmodel [31msize: 1,119,984,672 total parameters[39m
[titan] 2026-09-12 09:22:18,814 - root - INFO - Total parameter count: 1,119,984,672, active parameters: 535,879,200
[titan] 2026-09-12 09:22:18,814 - root - INFO - [34mModel kimi_k3 debugmodel [31msize: 1,119,984,672 total parameters[39m
[titan] 2026-09-12 09:22:18,845 - root - INFO - Applied SelectiveAC activation checkpointing to the model
[titan] 2026-09-12 09:22:18,846 - root - INFO - Applied SelectiveAC activation checkpointing to the model
[titan] 2026-09-12 09:22:18,847 - root - INFO - Applied SelectiveAC activation checkpointing to the model
[titan] 2026-09-12 09:22:18,848 - root - INFO - Applied SelectiveAC activation checkpointing to the model
[titan] 2026-09-12 09:22:19,113 - root - INFO - Applied FSDP to the model
[titan] 2026-09-12 09:22:19,118 - root - INFO - Applied FSDP to the model
[titan] 2026-09-12 09:22:20,365 - root - WARNING - Error running lspci: [Errno 2] No such file or directory: 'lspci', fallback to use device_name
[titan] 2026-09-12 09:22:20,365 - root - INFO - Peak FLOPS used for computing MFU: 7.560e+14
[titan] 2026-09-12 09:22:20,365 - root - WARNING - Error running lspci: [Errno 2] No such file or directory: 'lspci', fallback to use device_name
[titan] 2026-09-12 09:22:20,365 - root - INFO - Peak FLOPS used for computing MFU: 7.560e+14
[titan] 2026-09-12 09:22:20,365 - root - INFO - CUDA memory usage for model: 1.94GiB(2.45%)
[titan] 2026-09-12 09:22:20,365 - root - INFO - CUDA memory usage for model: 1.94GiB(2.45%)
[titan] 2026-09-12 09:22:20,368 - root - INFO - Optimizer AdamW (model_part=0): 750 params [.*] {'fused': True, 'foreach': False, 'lr': 0.0008, 'betas': (0.9, 0.95), 'eps': 1e-08, 'weight_decay': 0.1}
[titan] 2026-09-12 09:22:20,368 - root - INFO - Optimizer AdamW (model_part=0): 750 params [.*] {'fused': True, 'foreach': False, 'lr': 0.0008, 'betas': (0.9, 0.95), 'eps': 1e-08, 'weight_decay': 0.1}
[titan] 2026-09-12 09:22:20,371 - root - INFO - Loading tokenizer from tokenizer.json
[titan] 2026-09-12 09:22:20,371 - root - INFO - Loading tokenizer from tokenizer.json
[titan] 2026-09-12 09:22:20,390 - root - WARNING - model.safetensors.index.json not found at hf_assets_path: ./tests/assets/tokenizer/model.safetensors.index.json.                     Defaulting to saving a single safetensors file if checkpoint is saved in HF format
[titan] 2026-09-12 09:22:20,390 - root - WARNING - initial_load_model_only=True has no effect without an initial_load_path.
[titan] 2026-09-12 09:22:20,399 - root - INFO - Checkpointing active. Checkpoints will be loaded from and saved to /workspace/pp_out/d2_dp2/checkpoint
[titan] 2026-09-12 09:22:20,399 - root - INFO - Trainer is initialized with 256 tokens per DP rank, 2048 tokens per train step, gradient accumulation steps 4, maximum context length 2048, total steps 100 (warmup 2)
[titan] 2026-09-12 09:22:20,399 - root - INFO - Loading the checkpoint from /workspace/pp_out/d2_dp2/checkpoint/step-0.
[titan] 2026-09-12 09:22:20,441 - root - WARNING - model.safetensors.index.json not found at hf_assets_path: ./tests/assets/tokenizer/model.safetensors.index.json.                     Defaulting to saving a single safetensors file if checkpoint is saved in HF format
[titan] 2026-09-12 09:22:20,441 - root - WARNING - initial_load_model_only=True has no effect without an initial_load_path.
[titan] 2026-09-12 09:22:20,451 - root - INFO - Checkpointing active. Checkpoints will be loaded from and saved to /workspace/pp_out/d2_dp2/checkpoint
[titan] 2026-09-12 09:22:20,451 - root - INFO - Trainer is initialized with 256 tokens per DP rank, 2048 tokens per train step, gradient accumulation steps 4, maximum context length 2048, total steps 100 (warmup 2)
[titan] 2026-09-12 09:22:20,451 - root - INFO - Loading the checkpoint from /workspace/pp_out/d2_dp2/checkpoint/step-0.
[titan] 2026-09-12 09:22:28,001 - root - INFO - [GC] GC collection for checkpoint loading. took 0.02 seconds
[titan] 2026-09-12 09:22:28,001 - root - INFO - Finished loading the checkpoint in 7.60 seconds.
[titan] 2026-09-12 09:22:28,002 - root - INFO - Training starts at step 1
[titan] 2026-09-12 09:22:28,006 - root - INFO - [GC] GC collection for checkpoint loading. took 0.02 seconds
[titan] 2026-09-12 09:22:28,007 - root - INFO - Finished loading the checkpoint in 7.56 seconds.
[titan] 2026-09-12 09:22:28,007 - root - INFO - Training starts at step 1
/venv/main/lib/python3.12/site-packages/torch/distributed/fsdp/_fully_shard/_fsdp_state.py:336: UserWarning: FSDP2-wrapped module (FSDPCheckpointWrapper) returned a view tensor. An in-place op on this view (e.g., `x += y`) will silently drop the pre-backward hook and skip the all-gather, which can cause backward to fail or produce wrong gradients. Use out-of-place ops (`out = out + y`, not `out += y`) or `.clone()` the output before any in-place op.
  output = self._register_pre_backward_hook(output)
/venv/main/lib/python3.12/site-packages/torch/distributed/fsdp/_fully_shard/_fsdp_state.py:336: UserWarning: FSDP2-wrapped module (FSDPCheckpointWrapper) returned a view tensor. An in-place op on this view (e.g., `x += y`) will silently drop the pre-backward hook and skip the all-gather, which can cause backward to fail or produce wrong gradients. Use out-of-place ops (`out = out + y`, not `out += y`) or `.clone()` the output before any in-place op.
  output = self._register_pre_backward_hook(output)
/venv/main/lib/python3.12/site-packages/torch/distributed/fsdp/_fully_shard/_fsdp_state.py:336: UserWarning: FSDP2-wrapped module (FSDPCheckpointWrapper) returned a view tensor. An in-place op on this view (e.g., `x += y`) will silently drop the pre-backward hook and skip the all-gather, which can cause backward to fail or produce wrong gradients. Use out-of-place ops (`out = out + y`, not `out += y`) or `.clone()` the output before any in-place op.
  output = self._register_pre_backward_hook(output)
/venv/main/lib/python3.12/site-packages/torch/distributed/fsdp/_fully_shard/_fsdp_state.py:336: UserWarning: FSDP2-wrapped module (FSDPCheckpointWrapper) returned a view tensor. An in-place op on this view (e.g., `x += y`) will silently drop the pre-backward hook and skip the all-gather, which can cause backward to fail or produce wrong gradients. Use out-of-place ops (`out = out + y`, not `out += y`) or `.clone()` the output before any in-place op.
  output = self._register_pre_backward_hook(output)
/venv/main/lib/python3.12/site-packages/torch/distributed/fsdp/_fully_shard/_fsdp_state.py:336: UserWarning: FSDP2-wrapped module (FSDPCheckpointWrapper) returned a view tensor. An in-place op on this view (e.g., `x += y`) will silently drop the pre-backward hook and skip the all-gather, which can cause backward to fail or produce wrong gradients. Use out-of-place ops (`out = out + y`, not `out += y`) or `.clone()` the output before any in-place op.
  output = self._register_pre_backward_hook(output)
/venv/main/lib/python3.12/site-packages/torch/distributed/fsdp/_fully_shard/_fsdp_state.py:336: UserWarning: FSDP2-wrapped module (FSDPCheckpointWrapper) returned a view tensor. An in-place op on this view (e.g., `x += y`) will silently drop the pre-backward hook and skip the all-gather, which can cause backward to fail or produce wrong gradients. Use out-of-place ops (`out = out + y`, not `out += y`) or `.clone()` the output before any in-place op.
  output = self._register_pre_backward_hook(output)
[titan] 2026-09-12 09:23:17,922 - root - INFO - [31mstep:  1  [32mloss: 12.52114  [38;2;180;60;0mgrad_norm: 16.3750  [38;2;54;234;195mmemory:  6.35GiB(8.01%)  [34mtps: 17  [36mtflops: 0.06  [35mmfu: 0.01%[39m
[titan] 2026-09-12 09:23:17,922 - root - INFO - [31mstep:  1  [32mloss: 12.52114  [38;2;180;60;0mgrad_norm: 16.3750  [38;2;54;234;195mmemory:  6.35GiB(8.01%)  [34mtps: 17  [36mtflops: 0.06  [35mmfu: 0.01%[39m
[titan] 2026-09-12 09:23:17,924 - root - INFO - Synchronizing and adjusting timeout for all ProcessGroups to 0:01:40
[titan] 2026-09-12 09:23:17,924 - root - INFO - Synchronizing and adjusting timeout for all ProcessGroups to 0:01:40
[titan] 2026-09-12 09:23:20,202 - root - INFO - [31mstep:  2  [32mloss: 10.08461  [38;2;180;60;0mgrad_norm: 17.7500  [38;2;54;234;195mmemory:  7.47GiB(9.44%)  [34mtps: 449  [36mtflops: 1.57  [35mmfu: 0.21%[39m
[titan] 2026-09-12 09:23:20,202 - root - INFO - [31mstep:  2  [32mloss: 10.08461  [38;2;180;60;0mgrad_norm: 17.7500  [38;2;54;234;195mmemory:  7.46GiB(9.43%)  [34mtps: 449  [36mtflops: 1.57  [35mmfu: 0.21%[39m
[titan] 2026-09-12 09:23:22,454 - root - INFO - [31mstep:  3  [32mloss:  7.37735  [38;2;180;60;0mgrad_norm: 10.5625  [38;2;54;234;195mmemory:  7.46GiB(9.43%)  [34mtps: 455  [36mtflops: 1.59  [35mmfu: 0.21%[39m
[titan] 2026-09-12 09:23:22,454 - root - INFO - [31mstep:  3  [32mloss:  7.37735  [38;2;180;60;0mgrad_norm: 10.5625  [38;2;54;234;195mmemory:  7.47GiB(9.44%)  [34mtps: 455  [36mtflops: 1.59  [35mmfu: 0.21%[39m
[titan] 2026-09-12 09:23:24,697 - root - INFO - [31mstep:  4  [32mloss:  6.60279  [38;2;180;60;0mgrad_norm:  9.7500  [38;2;54;234;195mmemory:  7.47GiB(9.44%)  [34mtps: 457  [36mtflops: 1.59  [35mmfu: 0.21%[39m
[titan] 2026-09-12 09:23:24,697 - root - INFO - [31mstep:  4  [32mloss:  6.60279  [38;2;180;60;0mgrad_norm:  9.7500  [38;2;54;234;195mmemory:  7.47GiB(9.44%)  [34mtps: 457  [36mtflops: 1.59  [35mmfu: 0.21%[39m
[titan] 2026-09-12 09:23:26,938 - root - INFO - [31mstep:  5  [32mloss:  5.35134  [38;2;180;60;0mgrad_norm:  7.9688  [38;2;54;234;195mmemory:  7.47GiB(9.44%)  [34mtps: 457  [36mtflops: 1.59  [35mmfu: 0.21%[39m
[titan] 2026-09-12 09:23:26,938 - root - INFO - [31mstep:  5  [32mloss:  5.35134  [38;2;180;60;0mgrad_norm:  7.9688  [38;2;54;234;195mmemory:  7.47GiB(9.44%)  [34mtps: 457  [36mtflops: 1.59  [35mmfu: 0.21%[39m
[titan] 2026-09-12 09:23:29,178 - root - INFO - [31mstep:  6  [32mloss:  5.02948  [38;2;180;60;0mgrad_norm:  6.8125  [38;2;54;234;195mmemory:  7.47GiB(9.44%)  [34mtps: 457  [36mtflops: 1.60  [35mmfu: 0.21%[39m
[titan] 2026-09-12 09:23:29,178 - root - INFO - [31mstep:  6  [32mloss:  5.02948  [38;2;180;60;0mgrad_norm:  6.8125  [38;2;54;234;195mmemory:  7.47GiB(9.44%)  [34mtps: 457  [36mtflops: 1.60  [35mmfu: 0.21%[39m
[titan] 2026-09-12 09:23:31,418 - root - INFO - [31mstep:  7  [32mloss:  4.56186  [38;2;180;60;0mgrad_norm:  7.2812  [38;2;54;234;195mmemory:  7.47GiB(9.44%)  [34mtps: 457  [36mtflops: 1.60  [35mmfu: 0.21%[39m
[titan] 2026-09-12 09:23:31,418 - root - INFO - [31mstep:  7  [32mloss:  4.56186  [38;2;180;60;0mgrad_norm:  7.2812  [38;2;54;234;195mmemory:  7.47GiB(9.44%)  [34mtps: 457  [36mtflops: 1.60  [35mmfu: 0.21%[39m
[titan] 2026-09-12 09:23:33,678 - root - INFO - [31mstep:  8  [32mloss:  3.76170  [38;2;180;60;0mgrad_norm:  5.2812  [38;2;54;234;195mmemory:  7.47GiB(9.44%)  [34mtps: 453  [36mtflops: 1.58  [35mmfu: 0.21%[39m
[titan] 2026-09-12 09:23:33,678 - root - INFO - [31mstep:  8  [32mloss:  3.76170  [38;2;180;60;0mgrad_norm:  5.2812  [38;2;54;234;195mmemory:  7.47GiB(9.44%)  [34mtps: 453  [36mtflops: 1.58  [35mmfu: 0.21%[39m
[titan] 2026-09-12 09:23:35,954 - root - INFO - [31mstep:  9  [32mloss:  3.85035  [38;2;180;60;0mgrad_norm:  4.2500  [38;2;54;234;195mmemory:  7.47GiB(9.44%)  [34mtps: 450  [36mtflops: 1.57  [35mmfu: 0.21%[39m
[titan] 2026-09-12 09:23:35,954 - root - INFO - [31mstep:  9  [32mloss:  3.85035  [38;2;180;60;0mgrad_norm:  4.2500  [38;2;54;234;195mmemory:  7.47GiB(9.44%)  [34mtps: 450  [36mtflops: 1.57  [35mmfu: 0.21%[39m
[titan] 2026-09-12 09:23:38,214 - root - INFO - [31mstep: 10  [32mloss:  3.22112  [38;2;180;60;0mgrad_norm:  7.0625  [38;2;54;234;195mmemory:  7.47GiB(9.44%)  [34mtps: 453  [36mtflops: 1.58  [35mmfu: 0.21%[39m
[titan] 2026-09-12 09:23:38,214 - root - INFO - [31mstep: 10  [32mloss:  3.22112  [38;2;180;60;0mgrad_norm:  7.0625  [38;2;54;234;195mmemory:  7.47GiB(9.44%)  [34mtps: 453  [36mtflops: 1.58  [35mmfu: 0.21%[39m
[titan] 2026-09-12 09:23:40,470 - root - INFO - [31mstep: 11  [32mloss:  3.27515  [38;2;180;60;0mgrad_norm:  3.2969  [38;2;54;234;195mmemory:  7.47GiB(9.44%)  [34mtps: 454  [36mtflops: 1.58  [35mmfu: 0.21%[39m
[titan] 2026-09-12 09:23:40,470 - root - INFO - [31mstep: 11  [32mloss:  3.27515  [38;2;180;60;0mgrad_norm:  3.2969  [38;2;54;234;195mmemory:  7.47GiB(9.44%)  [34mtps: 454  [36mtflops: 1.58  [35mmfu: 0.21%[39m
[titan] 2026-09-12 09:23:42,713 - root - INFO - [31mstep: 12  [32mloss:  2.89515  [38;2;180;60;0mgrad_norm:  2.7031  [38;2;54;234;195mmemory:  7.47GiB(9.44%)  [34mtps: 457  [36mtflops: 1.59  [35mmfu: 0.21%[39m
[titan] 2026-09-12 09:23:42,713 - root - INFO - [31mstep: 12  [32mloss:  2.89515  [38;2;180;60;0mgrad_norm:  2.7031  [38;2;54;234;195mmemory:  7.47GiB(9.44%)  [34mtps: 457  [36mtflops: 1.59  [35mmfu: 0.21%[39m
[titan] 2026-09-12 09:23:44,959 - root - INFO - [31mstep: 13  [32mloss:  2.83759  [38;2;180;60;0mgrad_norm:  3.5000  [38;2;54;234;195mmemory:  7.47GiB(9.44%)  [34mtps: 456  [36mtflops: 1.59  [35mmfu: 0.21%[39m
[titan] 2026-09-12 09:23:44,960 - root - INFO - [31mstep: 13  [32mloss:  2.83759  [38;2;180;60;0mgrad_norm:  3.5000  [38;2;54;234;195mmemory:  7.47GiB(9.44%)  [34mtps: 456  [36mtflops: 1.59  [35mmfu: 0.21%[39m
[titan] 2026-09-12 09:23:47,208 - root - INFO - [31mstep: 14  [32mloss:  2.68766  [38;2;180;60;0mgrad_norm:  2.4688  [38;2;54;234;195mmemory:  7.47GiB(9.44%)  [34mtps: 456  [36mtflops: 1.59  [35mmfu: 0.21%[39m
[titan] 2026-09-12 09:23:47,208 - root - INFO - [31mstep: 14  [32mloss:  2.68766  [38;2;180;60;0mgrad_norm:  2.4688  [38;2;54;234;195mmemory:  7.47GiB(9.44%)  [34mtps: 455  [36mtflops: 1.59  [35mmfu: 0.21%[39m
[titan] 2026-09-12 09:23:49,459 - root - INFO - [31mstep: 15  [32mloss:  2.64552  [38;2;180;60;0mgrad_norm:  2.0781  [38;2;54;234;195mmemory:  7.47GiB(9.44%)  [34mtps: 455  [36mtflops: 1.59  [35mmfu: 0.21%[39m
[titan] 2026-09-12 09:23:49,459 - root - INFO - [31mstep: 15  [32mloss:  2.64552  [38;2;180;60;0mgrad_norm:  2.0781  [38;2;54;234;195mmemory:  7.47GiB(9.44%)  [34mtps: 455  [36mtflops: 1.59  [35mmfu: 0.21%[39m
[titan] 2026-09-12 09:23:51,704 - root - INFO - [31mstep: 16  [32mloss:  2.89803  [38;2;180;60;0mgrad_norm:  2.3438  [38;2;54;234;195mmemory:  7.47GiB(9.44%)  [34mtps: 456  [36mtflops: 1.59  [35mmfu: 0.21%[39m
[titan] 2026-09-12 09:23:51,704 - root - INFO - [31mstep: 16  [32mloss:  2.89803  [38;2;180;60;0mgrad_norm:  2.3438  [38;2;54;234;195mmemory:  7.47GiB(9.44%)  [34mtps: 456  [36mtflops: 1.59  [35mmfu: 0.21%[39m
[titan] 2026-09-12 09:23:53,940 - root - INFO - [31mstep: 17  [32mloss:  2.74772  [38;2;180;60;0mgrad_norm:  2.7188  [38;2;54;234;195mmemory:  7.47GiB(9.44%)  [34mtps: 458  [36mtflops: 1.60  [35mmfu: 0.21%[39m
[titan] 2026-09-12 09:23:53,940 - root - INFO - [31mstep: 17  [32mloss:  2.74772  [38;2;180;60;0mgrad_norm:  2.7188  [38;2;54;234;195mmemory:  7.47GiB(9.44%)  [34mtps: 458  [36mtflops: 1.60  [35mmfu: 0.21%[39m
[titan] 2026-09-12 09:23:56,196 - root - INFO - [31mstep: 18  [32mloss:  2.53775  [38;2;180;60;0mgrad_norm:  2.3438  [38;2;54;234;195mmemory:  7.47GiB(9.44%)  [34mtps: 454  [36mtflops: 1.58  [35mmfu: 0.21%[39m
[titan] 2026-09-12 09:23:56,196 - root - INFO - [31mstep: 18  [32mloss:  2.53775  [38;2;180;60;0mgrad_norm:  2.3438  [38;2;54;234;195mmemory:  7.47GiB(9.44%)  [34mtps: 454  [36mtflops: 1.58  [35mmfu: 0.21%[39m
[titan] 2026-09-12 09:23:58,441 - root - INFO - [31mstep: 19  [32mloss:  2.52899  [38;2;180;60;0mgrad_norm:  1.9219  [38;2;54;234;195mmemory:  7.47GiB(9.44%)  [34mtps: 456  [36mtflops: 1.59  [35mmfu: 0.21%[39m
[titan] 2026-09-12 09:23:58,441 - root - INFO - [31mstep: 19  [32mloss:  2.52899  [38;2;180;60;0mgrad_norm:  1.9219  [38;2;54;234;195mmemory:  7.47GiB(9.44%)  [34mtps: 456  [36mtflops: 1.59  [35mmfu: 0.21%[39m
[titan] 2026-09-12 09:24:00,693 - root - INFO - [31mstep: 20  [32mloss:  2.83981  [38;2;180;60;0mgrad_norm:  2.4844  [38;2;54;234;195mmemory:  7.47GiB(9.44%)  [34mtps: 455  [36mtflops: 1.59  [35mmfu: 0.21%[39m
[titan] 2026-09-12 09:24:00,693 - root - INFO - [31mstep: 20  [32mloss:  2.83981  [38;2;180;60;0mgrad_norm:  2.4844  [38;2;54;234;195mmemory:  7.47GiB(9.44%)  [34mtps: 455  [36mtflops: 1.59  [35mmfu: 0.21%[39m
[titan] 2026-09-12 09:24:02,934 - root - INFO - [31mstep: 21  [32mloss:  2.47199  [38;2;180;60;0mgrad_norm:  1.7422  [38;2;54;234;195mmemory:  7.47GiB(9.44%)  [34mtps: 457  [36mtflops: 1.59  [35mmfu: 0.21%[39m
[titan] 2026-09-12 09:24:02,934 - root - INFO - [31mstep: 21  [32mloss:  2.47199  [38;2;180;60;0mgrad_norm:  1.7422  [38;2;54;234;195mmemory:  7.47GiB(9.44%)  [34mtps: 457  [36mtflops: 1.59  [35mmfu: 0.21%[39m
[titan] 2026-09-12 09:24:05,171 - root - INFO - [31mstep: 22  [32mloss:  2.43103  [38;2;180;60;0mgrad_norm:  2.5156  [38;2;54;234;195mmemory:  7.47GiB(9.44%)  [34mtps: 458  [36mtflops: 1.60  [35mmfu: 0.21%[39m
[titan] 2026-09-12 09:24:05,171 - root - INFO - [31mstep: 22  [32mloss:  2.43103  [38;2;180;60;0mgrad_norm:  2.5156  [38;2;54;234;195mmemory:  7.47GiB(9.44%)  [34mtps: 458  [36mtflops: 1.60  [35mmfu: 0.21%[39m
[titan] 2026-09-12 09:24:07,415 - root - INFO - [31mstep: 23  [32mloss:  2.18572  [38;2;180;60;0mgrad_norm:  1.7188  [38;2;54;234;195mmemory:  7.47GiB(9.44%)  [34mtps: 456  [36mtflops: 1.59  [35mmfu: 0.21%[39m
[titan] 2026-09-12 09:24:07,415 - root - INFO - [31mstep: 23  [32mloss:  2.18572  [38;2;180;60;0mgrad_norm:  1.7188  [38;2;54;234;195mmemory:  7.47GiB(9.44%)  [34mtps: 456  [36mtflops: 1.59  [35mmfu: 0.21%[39m
[titan] 2026-09-12 09:24:09,653 - root - INFO - [31mstep: 24  [32mloss:  2.49768  [38;2;180;60;0mgrad_norm:  3.0312  [38;2;54;234;195mmemory:  7.47GiB(9.44%)  [34mtps: 457  [36mtflops: 1.60  [35mmfu: 0.21%[39m
[titan] 2026-09-12 09:24:09,653 - root - INFO - [31mstep: 24  [32mloss:  2.49768  [38;2;180;60;0mgrad_norm:  3.0312  [38;2;54;234;195mmemory:  7.47GiB(9.44%)  [34mtps: 457  [36mtflops: 1.60  [35mmfu: 0.21%[39m
[titan] 2026-09-12 09:24:11,897 - root - INFO - [31mstep: 25  [32mloss:  2.56207  [38;2;180;60;0mgrad_norm:  2.9844  [38;2;54;234;195mmemory:  7.47GiB(9.44%)  [34mtps: 456  [36mtflops: 1.59  [35mmfu: 0.21%[39m
[titan] 2026-09-12 09:24:11,897 - root - INFO - [31mstep: 25  [32mloss:  2.56207  [38;2;180;60;0mgrad_norm:  2.9844  [38;2;54;234;195mmemory:  7.47GiB(9.44%)  [34mtps: 456  [36mtflops: 1.59  [35mmfu: 0.21%[39m
[titan] 2026-09-12 09:24:14,134 - root - INFO - [31mstep: 26  [32mloss:  2.34929  [38;2;180;60;0mgrad_norm:  2.3438  [38;2;54;234;195mmemory:  7.47GiB(9.44%)  [34mtps: 458  [36mtflops: 1.60  [35mmfu: 0.21%[39m
[titan] 2026-09-12 09:24:14,134 - root - INFO - [31mstep: 26  [32mloss:  2.34929  [38;2;180;60;0mgrad_norm:  2.3438  [38;2;54;234;195mmemory:  7.47GiB(9.44%)  [34mtps: 458  [36mtflops: 1.60  [35mmfu: 0.21%[39m
[titan] 2026-09-12 09:24:16,392 - root - INFO - [31mstep: 27  [32mloss:  2.19266  [38;2;180;60;0mgrad_norm:  2.5625  [38;2;54;234;195mmemory:  7.47GiB(9.44%)  [34mtps: 454  [36mtflops: 1.58  [35mmfu: 0.21%[39m
[titan] 2026-09-12 09:24:16,392 - root - INFO - [31mstep: 27  [32mloss:  2.19266  [38;2;180;60;0mgrad_norm:  2.5625  [38;2;54;234;195mmemory:  7.47GiB(9.44%)  [34mtps: 454  [36mtflops: 1.58  [35mmfu: 0.21%[39m
[titan] 2026-09-12 09:24:18,637 - root - INFO - [31mstep: 28  [32mloss:  1.94648  [38;2;180;60;0mgrad_norm:  1.9844  [38;2;54;234;195mmemory:  7.47GiB(9.44%)  [34mtps: 456  [36mtflops: 1.59  [35mmfu: 0.21%[39m
[titan] 2026-09-12 09:24:18,637 - root - INFO - [31mstep: 28  [32mloss:  1.94648  [38;2;180;60;0mgrad_norm:  1.9844  [38;2;54;234;195mmemory:  7.47GiB(9.44%)  [34mtps: 456  [36mtflops: 1.59  [35mmfu: 0.21%[39m
[titan] 2026-09-12 09:24:20,873 - root - INFO - [31mstep: 29  [32mloss:  2.66415  [38;2;180;60;0mgrad_norm:  2.9375  [38;2;54;234;195mmemory:  7.47GiB(9.44%)  [34mtps: 458  [36mtflops: 1.60  [35mmfu: 0.21%[39m
[titan] 2026-09-12 09:24:20,873 - root - INFO - [31mstep: 29  [32mloss:  2.66415  [38;2;180;60;0mgrad_norm:  2.9375  [38;2;54;234;195mmemory:  7.47GiB(9.44%)  [34mtps: 458  [36mtflops: 1.60  [35mmfu: 0.21%[39m
[titan] 2026-09-12 09:24:23,105 - root - INFO - [31mstep: 30  [32mloss:  1.94856  [38;2;180;60;0mgrad_norm:  2.7344  [38;2;54;234;195mmemory:  7.47GiB(9.44%)  [34mtps: 459  [36mtflops: 1.60  [35mmfu: 0.21%[39m
[titan] 2026-09-12 09:24:23,105 - root - INFO - [31mstep: 30  [32mloss:  1.94856  [38;2;180;60;0mgrad_norm:  2.7344  [38;2;54;234;195mmemory:  7.47GiB(9.44%)  [34mtps: 459  [36mtflops: 1.60  [35mmfu: 0.21%[39m
[titan] 2026-09-12 09:24:25,341 - root - INFO - [31mstep: 31  [32mloss:  2.21632  [38;2;180;60;0mgrad_norm:  1.7422  [38;2;54;234;195mmemory:  7.47GiB(9.44%)  [34mtps: 458  [36mtflops: 1.60  [35mmfu: 0.21%[39m
[titan] 2026-09-12 09:24:25,342 - root - INFO - [31mstep: 31  [32mloss:  2.21632  [38;2;180;60;0mgrad_norm:  1.7422  [38;2;54;234;195mmemory:  7.47GiB(9.44%)  [34mtps: 458  [36mtflops: 1.60  [35mmfu: 0.21%[39m
[titan] 2026-09-12 09:24:27,581 - root - INFO - [31mstep: 32  [32mloss:  1.52091  [38;2;180;60;0mgrad_norm:  2.8594  [38;2;54;234;195mmemory:  7.47GiB(9.44%)  [34mtps: 457  [36mtflops: 1.60  [35mmfu: 0.21%[39m
[titan] 2026-09-12 09:24:27,581 - root - INFO - [31mstep: 32  [32mloss:  1.52091  [38;2;180;60;0mgrad_norm:  2.8594  [38;2;54;234;195mmemory:  7.47GiB(9.44%)  [34mtps: 457  [36mtflops: 1.60  [35mmfu: 0.21%[39m
[titan] 2026-09-12 09:24:29,816 - root - INFO - [31mstep: 33  [32mloss:  1.18940  [38;2;180;60;0mgrad_norm:  3.0312  [38;2;54;234;195mmemory:  7.47GiB(9.44%)  [34mtps: 458  [36mtflops: 1.60  [35mmfu: 0.21%[39m
[titan] 2026-09-12 09:24:29,816 - root - INFO - [31mstep: 33  [32mloss:  1.18940  [38;2;180;60;0mgrad_norm:  3.0312  [38;2;54;234;195mmemory:  7.47GiB(9.44%)  [34mtps: 458  [36mtflops: 1.60  [35mmfu: 0.21%[39m
[titan] 2026-09-12 09:24:32,044 - root - INFO - [31mstep: 34  [32mloss:  1.79411  [38;2;180;60;0mgrad_norm: 10.9375  [38;2;54;234;195mmemory:  7.47GiB(9.44%)  [34mtps: 460  [36mtflops: 1.60  [35mmfu: 0.21%[39m
[titan] 2026-09-12 09:24:32,044 - root - INFO - [31mstep: 34  [32mloss:  1.79411  [38;2;180;60;0mgrad_norm: 10.9375  [38;2;54;234;195mmemory:  7.47GiB(9.44%)  [34mtps: 460  [36mtflops: 1.60  [35mmfu: 0.21%[39m
[titan] 2026-09-12 09:24:34,269 - root - INFO - [31mstep: 35  [32mloss:  1.19314  [38;2;180;60;0mgrad_norm:  2.3125  [38;2;54;234;195mmemory:  7.47GiB(9.44%)  [34mtps: 460  [36mtflops: 1.61  [35mmfu: 0.21%[39m
[titan] 2026-09-12 09:24:34,269 - root - INFO - [31mstep: 35  [32mloss:  1.19314  [38;2;180;60;0mgrad_norm:  2.3125  [38;2;54;234;195mmemory:  7.47GiB(9.44%)  [34mtps: 460  [36mtflops: 1.61  [35mmfu: 0.21%[39m
[titan] 2026-09-12 09:24:36,509 - root - INFO - [31mstep: 36  [32mloss:  1.62543  [38;2;180;60;0mgrad_norm:  2.7344  [38;2;54;234;195mmemory:  7.47GiB(9.44%)  [34mtps: 457  [36mtflops: 1.60  [35mmfu: 0.21%[39m
[titan] 2026-09-12 09:24:36,510 - root - INFO - [31mstep: 36  [32mloss:  1.62543  [38;2;180;60;0mgrad_norm:  2.7344  [38;2;54;234;195mmemory:  7.47GiB(9.44%)  [34mtps: 457  [36mtflops: 1.60  [35mmfu: 0.21%[39m
[titan] 2026-09-12 09:24:38,739 - root - INFO - [31mstep: 37  [32mloss:  1.89602  [38;2;180;60;0mgrad_norm:  2.5469  [38;2;54;234;195mmemory:  7.47GiB(9.44%)  [34mtps: 459  [36mtflops: 1.60  [35mmfu: 0.21%[39m
[titan] 2026-09-12 09:24:38,739 - root - INFO - [31mstep: 37  [32mloss:  1.89602  [38;2;180;60;0mgrad_norm:  2.5469  [38;2;54;234;195mmemory:  7.47GiB(9.44%)  [34mtps: 459  [36mtflops: 1.60  [35mmfu: 0.21%[39m
[titan] 2026-09-12 09:24:40,963 - root - INFO - [31mstep: 38  [32mloss:  1.89111  [38;2;180;60;0mgrad_norm:  4.1250  [38;2;54;234;195mmemory:  7.47GiB(9.44%)  [34mtps: 460  [36mtflops: 1.61  [35mmfu: 0.21%[39m
[titan] 2026-09-12 09:24:40,963 - root - INFO - [31mstep: 38  [32mloss:  1.89111  [38;2;180;60;0mgrad_norm:  4.1250  [38;2;54;234;195mmemory:  7.47GiB(9.44%)  [34mtps: 460  [36mtflops: 1.61  [35mmfu: 0.21%[39m
[titan] 2026-09-12 09:24:43,186 - root - INFO - [31mstep: 39  [32mloss:  1.75957  [38;2;180;60;0mgrad_norm:  2.6875  [38;2;54;234;195mmemory:  7.47GiB(9.44%)  [34mtps: 461  [36mtflops: 1.61  [35mmfu: 0.21%[39m
[titan] 2026-09-12 09:24:43,186 - root - INFO - [31mstep: 39  [32mloss:  1.75957  [38;2;180;60;0mgrad_norm:  2.6875  [38;2;54;234;195mmemory:  7.47GiB(9.44%)  [34mtps: 461  [36mtflops: 1.61  [35mmfu: 0.21%[39m
[titan] 2026-09-12 09:24:45,410 - root - INFO - [31mstep: 40  [32mloss:  1.18945  [38;2;180;60;0mgrad_norm:  2.0000  [38;2;54;234;195mmemory:  7.47GiB(9.44%)  [34mtps: 460  [36mtflops: 1.61  [35mmfu: 0.21%[39m
[titan] 2026-09-12 09:24:45,410 - root - INFO - [31mstep: 40  [32mloss:  1.18945  [38;2;180;60;0mgrad_norm:  2.0000  [38;2;54;234;195mmemory:  7.47GiB(9.44%)  [34mtps: 460  [36mtflops: 1.61  [35mmfu: 0.21%[39m
[titan] 2026-09-12 09:24:47,635 - root - INFO - [31mstep: 41  [32mloss:  0.91093  [38;2;180;60;0mgrad_norm:  1.7188  [38;2;54;234;195mmemory:  7.47GiB(9.44%)  [34mtps: 460  [36mtflops: 1.61  [35mmfu: 0.21%[39m
[titan] 2026-09-12 09:24:47,635 - root - INFO - [31mstep: 41  [32mloss:  0.91093  [38;2;180;60;0mgrad_norm:  1.7188  [38;2;54;234;195mmemory:  7.47GiB(9.44%)  [34mtps: 460  [36mtflops: 1.61  [35mmfu: 0.21%[39m
[titan] 2026-09-12 09:24:49,867 - root - INFO - [31mstep: 42  [32mloss:  0.93560  [38;2;180;60;0mgrad_norm:  1.8047  [38;2;54;234;195mmemory:  7.47GiB(9.44%)  [34mtps: 459  [36mtflops: 1.60  [35mmfu: 0.21%[39m
[titan] 2026-09-12 09:24:49,867 - root - INFO - [31mstep: 42  [32mloss:  0.93560  [38;2;180;60;0mgrad_norm:  1.8047  [38;2;54;234;195mmemory:  7.47GiB(9.44%)  [34mtps: 459  [36mtflops: 1.60  [35mmfu: 0.21%[39m
[titan] 2026-09-12 09:24:52,101 - root - INFO - [31mstep: 43  [32mloss:  0.61345  [38;2;180;60;0mgrad_norm:  1.4219  [38;2;54;234;195mmemory:  7.47GiB(9.44%)  [34mtps: 459  [36mtflops: 1.60  [35mmfu: 0.21%[39m
[titan] 2026-09-12 09:24:52,101 - root - INFO - [31mstep: 43  [32mloss:  0.61345  [38;2;180;60;0mgrad_norm:  1.4219  [38;2;54;234;195mmemory:  7.47GiB(9.44%)  [34mtps: 458  [36mtflops: 1.60  [35mmfu: 0.21%[39m
[titan] 2026-09-12 09:24:54,325 - root - INFO - [31mstep: 44  [32mloss:  0.53446  [38;2;180;60;0mgrad_norm:  1.6953  [38;2;54;234;195mmemory:  7.47GiB(9.44%)  [34mtps: 460  [36mtflops: 1.61  [35mmfu: 0.21%[39m
[titan] 2026-09-12 09:24:54,325 - root - INFO - [31mstep: 44  [32mloss:  0.53446  [38;2;180;60;0mgrad_norm:  1.6953  [38;2;54;234;195mmemory:  7.47GiB(9.44%)  [34mtps: 460  [36mtflops: 1.61  [35mmfu: 0.21%[39m
[titan] 2026-09-12 09:24:56,566 - root - INFO - [31mstep: 45  [32mloss:  0.64571  [38;2;180;60;0mgrad_norm:  3.4844  [38;2;54;234;195mmemory:  7.47GiB(9.44%)  [34mtps: 457  [36mtflops: 1.59  [35mmfu: 0.21%[39m
[titan] 2026-09-12 09:24:56,566 - root - INFO - [31mstep: 45  [32mloss:  0.64571  [38;2;180;60;0mgrad_norm:  3.4844  [38;2;54;234;195mmemory:  7.47GiB(9.44%)  [34mtps: 457  [36mtflops: 1.59  [35mmfu: 0.21%[39m
[titan] 2026-09-12 09:24:58,802 - root - INFO - [31mstep: 46  [32mloss:  0.61796  [38;2;180;60;0mgrad_norm:  2.0938  [38;2;54;234;195mmemory:  7.47GiB(9.44%)  [34mtps: 458  [36mtflops: 1.60  [35mmfu: 0.21%[39m
[titan] 2026-09-12 09:24:58,802 - root - INFO - [31mstep: 46  [32mloss:  0.61796  [38;2;180;60;0mgrad_norm:  2.0938  [38;2;54;234;195mmemory:  7.47GiB(9.44%)  [34mtps: 458  [36mtflops: 1.60  [35mmfu: 0.21%[39m
[titan] 2026-09-12 09:25:01,030 - root - INFO - [31mstep: 47  [32mloss:  0.46306  [38;2;180;60;0mgrad_norm:  2.0000  [38;2;54;234;195mmemory:  7.47GiB(9.44%)  [34mtps: 460  [36mtflops: 1.60  [35mmfu: 0.21%[39m
[titan] 2026-09-12 09:25:01,030 - root - INFO - [31mstep: 47  [32mloss:  0.46306  [38;2;180;60;0mgrad_norm:  2.0000  [38;2;54;234;195mmemory:  7.47GiB(9.44%)  [34mtps: 460  [36mtflops: 1.60  [35mmfu: 0.21%[39m
[titan] 2026-09-12 09:25:03,265 - root - INFO - [31mstep: 48  [32mloss:  0.25135  [38;2;180;60;0mgrad_norm:  1.1328  [38;2;54;234;195mmemory:  7.47GiB(9.44%)  [34mtps: 458  [36mtflops: 1.60  [35mmfu: 0.21%[39m
[titan] 2026-09-12 09:25:03,265 - root - INFO - [31mstep: 48  [32mloss:  0.25135  [38;2;180;60;0mgrad_norm:  1.1328  [38;2;54;234;195mmemory:  7.47GiB(9.44%)  [34mtps: 458  [36mtflops: 1.60  [35mmfu: 0.21%[39m
[titan] 2026-09-12 09:25:05,497 - root - INFO - [31mstep: 49  [32mloss:  0.44308  [38;2;180;60;0mgrad_norm:  3.5156  [38;2;54;234;195mmemory:  7.47GiB(9.44%)  [34mtps: 459  [36mtflops: 1.60  [35mmfu: 0.21%[39m
[titan] 2026-09-12 09:25:05,497 - root - INFO - [31mstep: 49  [32mloss:  0.44308  [38;2;180;60;0mgrad_norm:  3.5156  [38;2;54;234;195mmemory:  7.47GiB(9.44%)  [34mtps: 459  [36mtflops: 1.60  [35mmfu: 0.21%[39m
[titan] 2026-09-12 09:25:06,274 - root - INFO - [GC] Performing periodic GC collection took 0.77 seconds
[titan] 2026-09-12 09:25:06,290 - root - INFO - [GC] Performing periodic GC collection took 0.79 seconds
[titan] 2026-09-12 09:25:08,512 - root - INFO - [31mstep: 50  [32mloss:  1.08877  [38;2;180;60;0mgrad_norm:  3.0938  [38;2;54;234;195mmemory:  7.47GiB(9.44%)  [34mtps: 340  [36mtflops: 1.18  [35mmfu: 0.16%[39m
[titan] 2026-09-12 09:25:08,512 - root - INFO - [31mstep: 50  [32mloss:  1.08877  [38;2;180;60;0mgrad_norm:  3.0938  [38;2;54;234;195mmemory:  7.47GiB(9.44%)  [34mtps: 340  [36mtflops: 1.18  [35mmfu: 0.16%[39m
[titan] 2026-09-12 09:25:10,741 - root - INFO - [31mstep: 51  [32mloss:  0.36553  [38;2;180;60;0mgrad_norm:  1.5703  [38;2;54;234;195mmemory:  7.47GiB(9.44%)  [34mtps: 460  [36mtflops: 1.60  [35mmfu: 0.21%[39m
[titan] 2026-09-12 09:25:10,741 - root - INFO - [31mstep: 51  [32mloss:  0.36553  [38;2;180;60;0mgrad_norm:  1.5703  [38;2;54;234;195mmemory:  7.47GiB(9.44%)  [34mtps: 460  [36mtflops: 1.60  [35mmfu: 0.21%[39m
[titan] 2026-09-12 09:25:12,964 - root - INFO - [31mstep: 52  [32mloss:  0.65731  [38;2;180;60;0mgrad_norm:  2.0625  [38;2;54;234;195mmemory:  7.47GiB(9.44%)  [34mtps: 461  [36mtflops: 1.61  [35mmfu: 0.21%[39m
[titan] 2026-09-12 09:25:12,964 - root - INFO - [31mstep: 52  [32mloss:  0.65731  [38;2;180;60;0mgrad_norm:  2.0625  [38;2;54;234;195mmemory:  7.47GiB(9.44%)  [34mtps: 461  [36mtflops: 1.61  [35mmfu: 0.21%[39m
[titan] 2026-09-12 09:25:15,189 - root - INFO - [31mstep: 53  [32mloss:  0.41559  [38;2;180;60;0mgrad_norm:  1.3984  [38;2;54;234;195mmemory:  7.47GiB(9.44%)  [34mtps: 460  [36mtflops: 1.61  [35mmfu: 0.21%[39m
[titan] 2026-09-12 09:25:15,190 - root - INFO - [31mstep: 53  [32mloss:  0.41559  [38;2;180;60;0mgrad_norm:  1.3984  [38;2;54;234;195mmemory:  7.47GiB(9.44%)  [34mtps: 460  [36mtflops: 1.61  [35mmfu: 0.21%[39m
[titan] 2026-09-12 09:25:17,418 - root - INFO - [31mstep: 54  [32mloss:  0.33477  [38;2;180;60;0mgrad_norm:  1.4062  [38;2;54;234;195mmemory:  7.47GiB(9.44%)  [34mtps: 459  [36mtflops: 1.60  [35mmfu: 0.21%[39m
[titan] 2026-09-12 09:25:17,418 - root - INFO - [31mstep: 54  [32mloss:  0.33477  [38;2;180;60;0mgrad_norm:  1.4062  [38;2;54;234;195mmemory:  7.47GiB(9.44%)  [34mtps: 459  [36mtflops: 1.60  [35mmfu: 0.21%[39m
[titan] 2026-09-12 09:25:19,645 - root - INFO - [31mstep: 55  [32mloss:  0.46862  [38;2;180;60;0mgrad_norm:  1.2969  [38;2;54;234;195mmemory:  7.47GiB(9.44%)  [34mtps: 460  [36mtflops: 1.60  [35mmfu: 0.21%[39m
[titan] 2026-09-12 09:25:19,646 - root - INFO - [31mstep: 55  [32mloss:  0.46862  [38;2;180;60;0mgrad_norm:  1.2969  [38;2;54;234;195mmemory:  7.47GiB(9.44%)  [34mtps: 460  [36mtflops: 1.60  [35mmfu: 0.21%[39m
[titan] 2026-09-12 09:25:21,872 - root - INFO - [31mstep: 56  [32mloss:  0.26145  [38;2;180;60;0mgrad_norm:  0.9922  [38;2;54;234;195mmemory:  7.47GiB(9.44%)  [34mtps: 460  [36mtflops: 1.60  [35mmfu: 0.21%[39m
[titan] 2026-09-12 09:25:21,872 - root - INFO - [31mstep: 56  [32mloss:  0.26145  [38;2;180;60;0mgrad_norm:  0.9922  [38;2;54;234;195mmemory:  7.47GiB(9.44%)  [34mtps: 460  [36mtflops: 1.60  [35mmfu: 0.21%[39m
[titan] 2026-09-12 09:25:24,102 - root - INFO - [31mstep: 57  [32mloss:  0.32002  [38;2;180;60;0mgrad_norm:  1.5312  [38;2;54;234;195mmemory:  7.47GiB(9.44%)  [34mtps: 459  [36mtflops: 1.60  [35mmfu: 0.21%[39m
[titan] 2026-09-12 09:25:24,102 - root - INFO - [31mstep: 57  [32mloss:  0.32002  [38;2;180;60;0mgrad_norm:  1.5312  [38;2;54;234;195mmemory:  7.47GiB(9.44%)  [34mtps: 459  [36mtflops: 1.60  [35mmfu: 0.21%[39m
[titan] 2026-09-12 09:25:26,330 - root - INFO - [31mstep: 58  [32mloss:  0.28239  [38;2;180;60;0mgrad_norm:  1.3672  [38;2;54;234;195mmemory:  7.47GiB(9.44%)  [34mtps: 460  [36mtflops: 1.60  [35mmfu: 0.21%[39m
[titan] 2026-09-12 09:25:26,330 - root - INFO - [31mstep: 58  [32mloss:  0.28239  [38;2;180;60;0mgrad_norm:  1.3672  [38;2;54;234;195mmemory:  7.47GiB(9.44%)  [34mtps: 460  [36mtflops: 1.60  [35mmfu: 0.21%[39m
[titan] 2026-09-12 09:25:28,561 - root - INFO - [31mstep: 59  [32mloss:  0.23554  [38;2;180;60;0mgrad_norm:  0.8867  [38;2;54;234;195mmemory:  7.47GiB(9.44%)  [34mtps: 459  [36mtflops: 1.60  [35mmfu: 0.21%[39m
[titan] 2026-09-12 09:25:28,561 - root - INFO - [31mstep: 59  [32mloss:  0.23554  [38;2;180;60;0mgrad_norm:  0.8867  [38;2;54;234;195mmemory:  7.47GiB(9.44%)  [34mtps: 459  [36mtflops: 1.60  [35mmfu: 0.21%[39m
[titan] 2026-09-12 09:25:30,807 - root - INFO - [31mstep: 60  [32mloss:  0.36405  [38;2;180;60;0mgrad_norm:  1.8047  [38;2;54;234;195mmemory:  7.47GiB(9.44%)  [34mtps: 456  [36mtflops: 1.59  [35mmfu: 0.21%[39m
[titan] 2026-09-12 09:25:30,807 - root - INFO - [31mstep: 60  [32mloss:  0.36405  [38;2;180;60;0mgrad_norm:  1.8047  [38;2;54;234;195mmemory:  7.47GiB(9.44%)  [34mtps: 456  [36mtflops: 1.59  [35mmfu: 0.21%[39m
[titan] 2026-09-12 09:25:33,066 - root - INFO - [31mstep: 61  [32mloss:  0.13640  [38;2;180;60;0mgrad_norm:  0.8594  [38;2;54;234;195mmemory:  7.47GiB(9.44%)  [34mtps: 453  [36mtflops: 1.58  [35mmfu: 0.21%[39m
[titan] 2026-09-12 09:25:33,066 - root - INFO - [31mstep: 61  [32mloss:  0.13640  [38;2;180;60;0mgrad_norm:  0.8594  [38;2;54;234;195mmemory:  7.47GiB(9.44%)  [34mtps: 453  [36mtflops: 1.58  [35mmfu: 0.21%[39m
[titan] 2026-09-12 09:25:35,317 - root - INFO - [31mstep: 62  [32mloss:  0.34019  [38;2;180;60;0mgrad_norm:  1.1172  [38;2;54;234;195mmemory:  7.47GiB(9.44%)  [34mtps: 455  [36mtflops: 1.59  [35mmfu: 0.21%[39m
[titan] 2026-09-12 09:25:35,317 - root - INFO - [31mstep: 62  [32mloss:  0.34019  [38;2;180;60;0mgrad_norm:  1.1172  [38;2;54;234;195mmemory:  7.47GiB(9.44%)  [34mtps: 455  [36mtflops: 1.59  [35mmfu: 0.21%[39m
[titan] 2026-09-12 09:25:37,561 - root - INFO - [31mstep: 63  [32mloss:  0.19145  [38;2;180;60;0mgrad_norm:  0.6367  [38;2;54;234;195mmemory:  7.47GiB(9.44%)  [34mtps: 456  [36mtflops: 1.59  [35mmfu: 0.21%[39m
[titan] 2026-09-12 09:25:37,561 - root - INFO - [31mstep: 63  [32mloss:  0.19145  [38;2;180;60;0mgrad_norm:  0.6367  [38;2;54;234;195mmemory:  7.47GiB(9.44%)  [34mtps: 456  [36mtflops: 1.59  [35mmfu: 0.21%[39m
[titan] 2026-09-12 09:25:39,816 - root - INFO - [31mstep: 64  [32mloss:  0.29369  [38;2;180;60;0mgrad_norm:  1.4688  [38;2;54;234;195mmemory:  7.47GiB(9.44%)  [34mtps: 454  [36mtflops: 1.58  [35mmfu: 0.21%[39m
[titan] 2026-09-12 09:25:39,816 - root - INFO - [31mstep: 64  [32mloss:  0.29369  [38;2;180;60;0mgrad_norm:  1.4688  [38;2;54;234;195mmemory:  7.47GiB(9.44%)  [34mtps: 454  [36mtflops: 1.58  [35mmfu: 0.21%[39m
[titan] 2026-09-12 09:25:42,060 - root - INFO - [31mstep: 65  [32mloss:  0.12693  [38;2;180;60;0mgrad_norm:  0.7969  [38;2;54;234;195mmemory:  7.47GiB(9.44%)  [34mtps: 456  [36mtflops: 1.59  [35mmfu: 0.21%[39m
[titan] 2026-09-12 09:25:42,060 - root - INFO - [31mstep: 65  [32mloss:  0.12693  [38;2;180;60;0mgrad_norm:  0.7969  [38;2;54;234;195mmemory:  7.47GiB(9.44%)  [34mtps: 456  [36mtflops: 1.59  [35mmfu: 0.21%[39m
[titan] 2026-09-12 09:25:44,299 - root - INFO - [31mstep: 66  [32mloss:  0.24285  [38;2;180;60;0mgrad_norm:  1.2891  [38;2;54;234;195mmemory:  7.47GiB(9.44%)  [34mtps: 457  [36mtflops: 1.60  [35mmfu: 0.21%[39m
[titan] 2026-09-12 09:25:44,299 - root - INFO - [31mstep: 66  [32mloss:  0.24285  [38;2;180;60;0mgrad_norm:  1.2891  [38;2;54;234;195mmemory:  7.47GiB(9.44%)  [34mtps: 457  [36mtflops: 1.60  [35mmfu: 0.21%[39m
[titan] 2026-09-12 09:25:46,542 - root - INFO - [31mstep: 67  [32mloss:  0.20886  [38;2;180;60;0mgrad_norm:  1.0156  [38;2;54;234;195mmemory:  7.47GiB(9.44%)  [34mtps: 457  [36mtflops: 1.59  [35mmfu: 0.21%[39m
[titan] 2026-09-12 09:25:46,542 - root - INFO - [31mstep: 67  [32mloss:  0.20886  [38;2;180;60;0mgrad_norm:  1.0156  [38;2;54;234;195mmemory:  7.47GiB(9.44%)  [34mtps: 457  [36mtflops: 1.59  [35mmfu: 0.21%[39m
[titan] 2026-09-12 09:25:48,779 - root - INFO - [31mstep: 68  [32mloss:  0.14448  [38;2;180;60;0mgrad_norm:  0.6484  [38;2;54;234;195mmemory:  7.47GiB(9.44%)  [34mtps: 458  [36mtflops: 1.60  [35mmfu: 0.21%[39m
[titan] 2026-09-12 09:25:48,779 - root - INFO - [31mstep: 68  [32mloss:  0.14448  [38;2;180;60;0mgrad_norm:  0.6484  [38;2;54;234;195mmemory:  7.47GiB(9.44%)  [34mtps: 458  [36mtflops: 1.60  [35mmfu: 0.21%[39m
[titan] 2026-09-12 09:25:51,016 - root - INFO - [31mstep: 69  [32mloss:  0.08857  [38;2;180;60;0mgrad_norm:  0.6641  [38;2;54;234;195mmemory:  7.47GiB(9.44%)  [34mtps: 458  [36mtflops: 1.60  [35mmfu: 0.21%[39m
[titan] 2026-09-12 09:25:51,017 - root - INFO - [31mstep: 69  [32mloss:  0.08857  [38;2;180;60;0mgrad_norm:  0.6641  [38;2;54;234;195mmemory:  7.47GiB(9.44%)  [34mtps: 458  [36mtflops: 1.60  [35mmfu: 0.21%[39m
[titan] 2026-09-12 09:25:53,251 - root - INFO - [31mstep: 70  [32mloss:  0.35900  [38;2;180;60;0mgrad_norm:  2.0312  [38;2;54;234;195mmemory:  7.47GiB(9.44%)  [34mtps: 458  [36mtflops: 1.60  [35mmfu: 0.21%[39m
[titan] 2026-09-12 09:25:53,252 - root - INFO - [31mstep: 70  [32mloss:  0.35900  [38;2;180;60;0mgrad_norm:  2.0312  [38;2;54;234;195mmemory:  7.47GiB(9.44%)  [34mtps: 458  [36mtflops: 1.60  [35mmfu: 0.21%[39m
[titan] 2026-09-12 09:25:55,486 - root - INFO - [31mstep: 71  [32mloss:  0.07970  [38;2;180;60;0mgrad_norm:  0.4688  [38;2;54;234;195mmemory:  7.47GiB(9.44%)  [34mtps: 458  [36mtflops: 1.60  [35mmfu: 0.21%[39m
[titan] 2026-09-12 09:25:55,486 - root - INFO - [31mstep: 71  [32mloss:  0.07970  [38;2;180;60;0mgrad_norm:  0.4688  [38;2;54;234;195mmemory:  7.47GiB(9.44%)  [34mtps: 458  [36mtflops: 1.60  [35mmfu: 0.21%[39m
[titan] 2026-09-12 09:25:57,722 - root - INFO - [31mstep: 72  [32mloss:  0.07964  [38;2;180;60;0mgrad_norm:  0.3379  [38;2;54;234;195mmemory:  7.47GiB(9.44%)  [34mtps: 458  [36mtflops: 1.60  [35mmfu: 0.21%[39m
[titan] 2026-09-12 09:25:57,722 - root - INFO - [31mstep: 72  [32mloss:  0.07964  [38;2;180;60;0mgrad_norm:  0.3379  [38;2;54;234;195mmemory:  7.47GiB(9.44%)  [34mtps: 458  [36mtflops: 1.60  [35mmfu: 0.21%[39m
[titan] 2026-09-12 09:25:59,973 - root - INFO - [31mstep: 73  [32mloss:  0.07182  [38;2;180;60;0mgrad_norm:  0.4141  [38;2;54;234;195mmemory:  7.47GiB(9.44%)  [34mtps: 455  [36mtflops: 1.59  [35mmfu: 0.21%[39m
[titan] 2026-09-12 09:25:59,973 - root - INFO - [31mstep: 73  [32mloss:  0.07182  [38;2;180;60;0mgrad_norm:  0.4141  [38;2;54;234;195mmemory:  7.47GiB(9.44%)  [34mtps: 455  [36mtflops: 1.59  [35mmfu: 0.21%[39m
[titan] 2026-09-12 09:26:02,234 - root - INFO - [31mstep: 74  [32mloss:  0.15795  [38;2;180;60;0mgrad_norm:  0.4746  [38;2;54;234;195mmemory:  7.47GiB(9.44%)  [34mtps: 453  [36mtflops: 1.58  [35mmfu: 0.21%[39m
[titan] 2026-09-12 09:26:02,234 - root - INFO - [31mstep: 74  [32mloss:  0.15795  [38;2;180;60;0mgrad_norm:  0.4746  [38;2;54;234;195mmemory:  7.47GiB(9.44%)  [34mtps: 453  [36mtflops: 1.58  [35mmfu: 0.21%[39m
[titan] 2026-09-12 09:26:04,475 - root - INFO - [31mstep: 75  [32mloss:  0.20658  [38;2;180;60;0mgrad_norm:  0.7070  [38;2;54;234;195mmemory:  7.47GiB(9.44%)  [34mtps: 457  [36mtflops: 1.59  [35mmfu: 0.21%[39m
[titan] 2026-09-12 09:26:04,475 - root - INFO - [31mstep: 75  [32mloss:  0.20658  [38;2;180;60;0mgrad_norm:  0.7070  [38;2;54;234;195mmemory:  7.47GiB(9.44%)  [34mtps: 457  [36mtflops: 1.59  [35mmfu: 0.21%[39m
[titan] 2026-09-12 09:26:06,725 - root - INFO - [31mstep: 76  [32mloss:  0.11838  [38;2;180;60;0mgrad_norm:  0.6484  [38;2;54;234;195mmemory:  7.47GiB(9.44%)  [34mtps: 455  [36mtflops: 1.59  [35mmfu: 0.21%[39m
[titan] 2026-09-12 09:26:06,725 - root - INFO - [31mstep: 76  [32mloss:  0.11838  [38;2;180;60;0mgrad_norm:  0.6484  [38;2;54;234;195mmemory:  7.47GiB(9.44%)  [34mtps: 455  [36mtflops: 1.59  [35mmfu: 0.21%[39m
[titan] 2026-09-12 09:26:08,966 - root - INFO - [31mstep: 77  [32mloss:  0.11424  [38;2;180;60;0mgrad_norm:  0.4121  [38;2;54;234;195mmemory:  7.47GiB(9.44%)  [34mtps: 457  [36mtflops: 1.59  [35mmfu: 0.21%[39m
[titan] 2026-09-12 09:26:08,966 - root - INFO - [31mstep: 77  [32mloss:  0.11424  [38;2;180;60;0mgrad_norm:  0.4121  [38;2;54;234;195mmemory:  7.47GiB(9.44%)  [34mtps: 457  [36mtflops: 1.59  [35mmfu: 0.21%[39m
[titan] 2026-09-12 09:26:11,204 - root - INFO - [31mstep: 78  [32mloss:  0.07678  [38;2;180;60;0mgrad_norm:  0.4531  [38;2;54;234;195mmemory:  7.47GiB(9.44%)  [34mtps: 458  [36mtflops: 1.60  [35mmfu: 0.21%[39m
[titan] 2026-09-12 09:26:11,204 - root - INFO - [31mstep: 78  [32mloss:  0.07678  [38;2;180;60;0mgrad_norm:  0.4531  [38;2;54;234;195mmemory:  7.47GiB(9.44%)  [34mtps: 458  [36mtflops: 1.60  [35mmfu: 0.21%[39m
[titan] 2026-09-12 09:26:13,443 - root - INFO - [31mstep: 79  [32mloss:  0.08423  [38;2;180;60;0mgrad_norm:  0.5352  [38;2;54;234;195mmemory:  7.47GiB(9.44%)  [34mtps: 457  [36mtflops: 1.60  [35mmfu: 0.21%[39m
[titan] 2026-09-12 09:26:13,443 - root - INFO - [31mstep: 79  [32mloss:  0.08423  [38;2;180;60;0mgrad_norm:  0.5352  [38;2;54;234;195mmemory:  7.47GiB(9.44%)  [34mtps: 457  [36mtflops: 1.60  [35mmfu: 0.21%[39m
[titan] 2026-09-12 09:26:15,687 - root - INFO - [31mstep: 80  [32mloss:  0.10592  [38;2;180;60;0mgrad_norm:  0.3750  [38;2;54;234;195mmemory:  7.47GiB(9.44%)  [34mtps: 456  [36mtflops: 1.59  [35mmfu: 0.21%[39m
[titan] 2026-09-12 09:26:15,687 - root - INFO - [31mstep: 80  [32mloss:  0.10592  [38;2;180;60;0mgrad_norm:  0.3750  [38;2;54;234;195mmemory:  7.47GiB(9.44%)  [34mtps: 456  [36mtflops: 1.59  [35mmfu: 0.21%[39m
[titan] 2026-09-12 09:26:17,927 - root - INFO - [31mstep: 81  [32mloss:  0.06278  [38;2;180;60;0mgrad_norm:  0.4297  [38;2;54;234;195mmemory:  7.47GiB(9.44%)  [34mtps: 457  [36mtflops: 1.60  [35mmfu: 0.21%[39m
[titan] 2026-09-12 09:26:17,927 - root - INFO - [31mstep: 81  [32mloss:  0.06278  [38;2;180;60;0mgrad_norm:  0.4297  [38;2;54;234;195mmemory:  7.47GiB(9.44%)  [34mtps: 457  [36mtflops: 1.60  [35mmfu: 0.21%[39m
[titan] 2026-09-12 09:26:20,166 - root - INFO - [31mstep: 82  [32mloss:  0.08713  [38;2;180;60;0mgrad_norm:  0.5039  [38;2;54;234;195mmemory:  7.47GiB(9.44%)  [34mtps: 457  [36mtflops: 1.60  [35mmfu: 0.21%[39m
[titan] 2026-09-12 09:26:20,166 - root - INFO - [31mstep: 82  [32mloss:  0.08713  [38;2;180;60;0mgrad_norm:  0.5039  [38;2;54;234;195mmemory:  7.47GiB(9.44%)  [34mtps: 457  [36mtflops: 1.60  [35mmfu: 0.21%[39m
[titan] 2026-09-12 09:26:22,407 - root - INFO - [31mstep: 83  [32mloss:  0.11792  [38;2;180;60;0mgrad_norm:  0.6875  [38;2;54;234;195mmemory:  7.47GiB(9.44%)  [34mtps: 457  [36mtflops: 1.59  [35mmfu: 0.21%[39m
[titan] 2026-09-12 09:26:22,407 - root - INFO - [31mstep: 83  [32mloss:  0.11792  [38;2;180;60;0mgrad_norm:  0.6875  [38;2;54;234;195mmemory:  7.47GiB(9.44%)  [34mtps: 457  [36mtflops: 1.59  [35mmfu: 0.21%[39m
[titan] 2026-09-12 09:26:24,647 - root - INFO - [31mstep: 84  [32mloss:  0.05745  [38;2;180;60;0mgrad_norm:  0.2207  [38;2;54;234;195mmemory:  7.47GiB(9.44%)  [34mtps: 457  [36mtflops: 1.60  [35mmfu: 0.21%[39m
[titan] 2026-09-12 09:26:24,647 - root - INFO - [31mstep: 84  [32mloss:  0.05745  [38;2;180;60;0mgrad_norm:  0.2207  [38;2;54;234;195mmemory:  7.47GiB(9.44%)  [34mtps: 457  [36mtflops: 1.60  [35mmfu: 0.21%[39m
[titan] 2026-09-12 09:26:26,890 - root - INFO - [31mstep: 85  [32mloss:  0.06180  [38;2;180;60;0mgrad_norm:  0.2578  [38;2;54;234;195mmemory:  7.47GiB(9.44%)  [34mtps: 457  [36mtflops: 1.59  [35mmfu: 0.21%[39m
[titan] 2026-09-12 09:26:26,890 - root - INFO - [31mstep: 85  [32mloss:  0.06180  [38;2;180;60;0mgrad_norm:  0.2578  [38;2;54;234;195mmemory:  7.47GiB(9.44%)  [34mtps: 457  [36mtflops: 1.59  [35mmfu: 0.21%[39m
[titan] 2026-09-12 09:26:29,139 - root - INFO - [31mstep: 86  [32mloss:  0.04495  [38;2;180;60;0mgrad_norm:  0.2129  [38;2;54;234;195mmemory:  7.47GiB(9.44%)  [34mtps: 455  [36mtflops: 1.59  [35mmfu: 0.21%[39m
[titan] 2026-09-12 09:26:29,139 - root - INFO - [31mstep: 86  [32mloss:  0.04495  [38;2;180;60;0mgrad_norm:  0.2129  [38;2;54;234;195mmemory:  7.47GiB(9.44%)  [34mtps: 455  [36mtflops: 1.59  [35mmfu: 0.21%[39m
[titan] 2026-09-12 09:26:31,385 - root - INFO - [31mstep: 87  [32mloss:  0.10629  [38;2;180;60;0mgrad_norm:  0.6602  [38;2;54;234;195mmemory:  7.47GiB(9.44%)  [34mtps: 456  [36mtflops: 1.59  [35mmfu: 0.21%[39m
[titan] 2026-09-12 09:26:31,385 - root - INFO - [31mstep: 87  [32mloss:  0.10629  [38;2;180;60;0mgrad_norm:  0.6602  [38;2;54;234;195mmemory:  7.47GiB(9.44%)  [34mtps: 456  [36mtflops: 1.59  [35mmfu: 0.21%[39m
[titan] 2026-09-12 09:26:33,624 - root - INFO - [31mstep: 88  [32mloss:  0.05256  [38;2;180;60;0mgrad_norm:  0.2754  [38;2;54;234;195mmemory:  7.47GiB(9.44%)  [34mtps: 457  [36mtflops: 1.60  [35mmfu: 0.21%[39m
[titan] 2026-09-12 09:26:33,624 - root - INFO - [31mstep: 88  [32mloss:  0.05256  [38;2;180;60;0mgrad_norm:  0.2754  [38;2;54;234;195mmemory:  7.47GiB(9.44%)  [34mtps: 457  [36mtflops: 1.60  [35mmfu: 0.21%[39m
[titan] 2026-09-12 09:26:35,864 - root - INFO - [31mstep: 89  [32mloss:  0.06972  [38;2;180;60;0mgrad_norm:  0.3535  [38;2;54;234;195mmemory:  7.47GiB(9.44%)  [34mtps: 457  [36mtflops: 1.60  [35mmfu: 0.21%[39m
[titan] 2026-09-12 09:26:35,864 - root - INFO - [31mstep: 89  [32mloss:  0.06972  [38;2;180;60;0mgrad_norm:  0.3535  [38;2;54;234;195mmemory:  7.47GiB(9.44%)  [34mtps: 457  [36mtflops: 1.60  [35mmfu: 0.21%[39m
[titan] 2026-09-12 09:26:38,108 - root - INFO - [31mstep: 90  [32mloss:  0.11802  [38;2;180;60;0mgrad_norm:  0.4355  [38;2;54;234;195mmemory:  7.47GiB(9.44%)  [34mtps: 456  [36mtflops: 1.59  [35mmfu: 0.21%[39m
[titan] 2026-09-12 09:26:38,108 - root - INFO - [31mstep: 90  [32mloss:  0.11802  [38;2;180;60;0mgrad_norm:  0.4355  [38;2;54;234;195mmemory:  7.47GiB(9.44%)  [34mtps: 456  [36mtflops: 1.59  [35mmfu: 0.21%[39m
[titan] 2026-09-12 09:26:40,348 - root - INFO - [31mstep: 91  [32mloss:  0.06966  [38;2;180;60;0mgrad_norm:  0.3984  [38;2;54;234;195mmemory:  7.47GiB(9.44%)  [34mtps: 457  [36mtflops: 1.60  [35mmfu: 0.21%[39m
[titan] 2026-09-12 09:26:40,348 - root - INFO - [31mstep: 91  [32mloss:  0.06966  [38;2;180;60;0mgrad_norm:  0.3984  [38;2;54;234;195mmemory:  7.47GiB(9.44%)  [34mtps: 457  [36mtflops: 1.60  [35mmfu: 0.21%[39m
[titan] 2026-09-12 09:26:42,594 - root - INFO - [31mstep: 92  [32mloss:  0.05800  [38;2;180;60;0mgrad_norm:  0.3027  [38;2;54;234;195mmemory:  7.47GiB(9.44%)  [34mtps: 456  [36mtflops: 1.59  [35mmfu: 0.21%[39m
[titan] 2026-09-12 09:26:42,594 - root - INFO - [31mstep: 92  [32mloss:  0.05800  [38;2;180;60;0mgrad_norm:  0.3027  [38;2;54;234;195mmemory:  7.47GiB(9.44%)  [34mtps: 456  [36mtflops: 1.59  [35mmfu: 0.21%[39m
[titan] 2026-09-12 09:26:44,839 - root - INFO - [31mstep: 93  [32mloss:  0.06752  [38;2;180;60;0mgrad_norm:  0.2402  [38;2;54;234;195mmemory:  7.47GiB(9.44%)  [34mtps: 456  [36mtflops: 1.59  [35mmfu: 0.21%[39m
[titan] 2026-09-12 09:26:44,839 - root - INFO - [31mstep: 93  [32mloss:  0.06752  [38;2;180;60;0mgrad_norm:  0.2402  [38;2;54;234;195mmemory:  7.47GiB(9.44%)  [34mtps: 456  [36mtflops: 1.59  [35mmfu: 0.21%[39m
[titan] 2026-09-12 09:26:47,080 - root - INFO - [31mstep: 94  [32mloss:  0.08189  [38;2;180;60;0mgrad_norm:  0.3438  [38;2;54;234;195mmemory:  7.47GiB(9.44%)  [34mtps: 457  [36mtflops: 1.59  [35mmfu: 0.21%[39m
[titan] 2026-09-12 09:26:47,080 - root - INFO - [31mstep: 94  [32mloss:  0.08189  [38;2;180;60;0mgrad_norm:  0.3438  [38;2;54;234;195mmemory:  7.47GiB(9.44%)  [34mtps: 457  [36mtflops: 1.59  [35mmfu: 0.21%[39m
[titan] 2026-09-12 09:26:49,335 - root - INFO - [31mstep: 95  [32mloss:  0.04401  [38;2;180;60;0mgrad_norm:  0.2090  [38;2;54;234;195mmemory:  7.47GiB(9.44%)  [34mtps: 454  [36mtflops: 1.58  [35mmfu: 0.21%[39m
[titan] 2026-09-12 09:26:49,335 - root - INFO - [31mstep: 95  [32mloss:  0.04401  [38;2;180;60;0mgrad_norm:  0.2090  [38;2;54;234;195mmemory:  7.47GiB(9.44%)  [34mtps: 454  [36mtflops: 1.58  [35mmfu: 0.21%[39m
[titan] 2026-09-12 09:26:51,598 - root - INFO - [31mstep: 96  [32mloss:  0.05654  [38;2;180;60;0mgrad_norm:  0.2617  [38;2;54;234;195mmemory:  7.47GiB(9.44%)  [34mtps: 452  [36mtflops: 1.58  [35mmfu: 0.21%[39m
[titan] 2026-09-12 09:26:51,598 - root - INFO - [31mstep: 96  [32mloss:  0.05654  [38;2;180;60;0mgrad_norm:  0.2617  [38;2;54;234;195mmemory:  7.47GiB(9.44%)  [34mtps: 452  [36mtflops: 1.58  [35mmfu: 0.21%[39m
[titan] 2026-09-12 09:26:53,838 - root - INFO - [31mstep: 97  [32mloss:  0.06814  [38;2;180;60;0mgrad_norm:  0.2676  [38;2;54;234;195mmemory:  7.47GiB(9.44%)  [34mtps: 457  [36mtflops: 1.60  [35mmfu: 0.21%[39m
[titan] 2026-09-12 09:26:53,838 - root - INFO - [31mstep: 97  [32mloss:  0.06814  [38;2;180;60;0mgrad_norm:  0.2676  [38;2;54;234;195mmemory:  7.47GiB(9.44%)  [34mtps: 457  [36mtflops: 1.60  [35mmfu: 0.21%[39m
[titan] 2026-09-12 09:26:56,091 - root - INFO - [31mstep: 98  [32mloss:  0.05626  [38;2;180;60;0mgrad_norm:  0.2734  [38;2;54;234;195mmemory:  7.47GiB(9.44%)  [34mtps: 454  [36mtflops: 1.59  [35mmfu: 0.21%[39m
[titan] 2026-09-12 09:26:56,091 - root - INFO - [31mstep: 98  [32mloss:  0.05626  [38;2;180;60;0mgrad_norm:  0.2734  [38;2;54;234;195mmemory:  7.47GiB(9.44%)  [34mtps: 454  [36mtflops: 1.59  [35mmfu: 0.21%[39m
[titan] 2026-09-12 09:26:58,334 - root - INFO - [31mstep: 99  [32mloss:  0.05682  [38;2;180;60;0mgrad_norm:  0.2539  [38;2;54;234;195mmemory:  7.47GiB(9.44%)  [34mtps: 457  [36mtflops: 1.59  [35mmfu: 0.21%[39m
[titan] 2026-09-12 09:26:58,334 - root - INFO - [31mstep: 99  [32mloss:  0.05682  [38;2;180;60;0mgrad_norm:  0.2539  [38;2;54;234;195mmemory:  7.47GiB(9.44%)  [34mtps: 457  [36mtflops: 1.59  [35mmfu: 0.21%[39m
[titan] 2026-09-12 09:26:59,054 - root - INFO - [GC] Performing periodic GC collection took 0.72 seconds
[titan] 2026-09-12 09:26:59,100 - root - INFO - [GC] Performing periodic GC collection took 0.76 seconds
[titan] 2026-09-12 09:27:01,336 - root - INFO - [31mstep: 100  [32mloss:  0.10557  [38;2;180;60;0mgrad_norm:  0.4375  [38;2;54;234;195mmemory:  7.47GiB(9.44%)  [34mtps: 341  [36mtflops: 1.19  [35mmfu: 0.16%[39m
[titan] 2026-09-12 09:27:01,336 - root - INFO - [31mstep: 100  [32mloss:  0.10557  [38;2;180;60;0mgrad_norm:  0.4375  [38;2;54;234;195mmemory:  7.47GiB(9.44%)  [34mtps: 341  [36mtflops: 1.19  [35mmfu: 0.16%[39m
[titan] 2026-09-12 09:27:01,339 - root - INFO - Saving the checkpoint.
[titan] 2026-09-12 09:27:01,339 - root - INFO - Saving a full checkpoint at last step, step 100.
[titan] 2026-09-12 09:27:01,340 - root - INFO - Saving the checkpoint.
[titan] 2026-09-12 09:27:01,340 - root - INFO - Saving a full checkpoint at last step, step 100.
[titan] 2026-09-12 09:27:09,071 - root - INFO - [GC] GC collection invoked by checkpointer. took 0.04 seconds
[titan] 2026-09-12 09:27:09,079 - root - INFO - Last step checkpoint completed in 7.74s
[titan] 2026-09-12 09:27:09,079 - root - INFO - Sleeping 2 seconds for other ranks to complete
[titan] 2026-09-12 09:27:09,222 - root - INFO - [GC] GC collection invoked by checkpointer. took 0.16 seconds
[titan] 2026-09-12 09:27:09,228 - root - INFO - Last step checkpoint completed in 7.89s
[titan] 2026-09-12 09:27:09,228 - root - INFO - Training completed
[titan] 2026-09-12 09:27:09,229 - root - INFO - Destroying the purge thread.
[titan] 2026-09-12 09:27:11,079 - root - INFO - Training completed
[titan] 2026-09-12 09:27:11,081 - root - INFO - Destroying the purge thread.
[titan] 2026-09-12 09:27:11,116 - root - INFO - Process group destroyed
[titan] 2026-09-12 09:27:11,519 - root - INFO - Process group destroyed
