W0912 09:44:11.506000 40412 site-packages/torch/distributed/run.py:982] 
W0912 09:44:11.506000 40412 site-packages/torch/distributed/run.py:982] *****************************************
W0912 09:44:11.506000 40412 site-packages/torch/distributed/run.py:982] Setting OMP_NUM_THREADS environment variable for each process to be 1 in default, to avoid your system being overloaded, please further tune the variable for optimal performance in your application as needed. 
W0912 09:44:11.506000 40412 site-packages/torch/distributed/run.py:982] *****************************************
WARNING:absl:Failed to load jax profiler: No module named 'jax'
WARNING:absl:Failed to load jax profiler: No module named 'jax'
W0912 09:44:19.681000 40766 site-packages/torch/utils/_pytree.py:630] <enum 'KernelPreference'> is an Enum subclass and is now natively supported by torch.compile as an opaque value type. Calling register_constant() on Enum subclasses is deprecated and will be an error in a future release.
W0912 09:44:19.707000 40766 site-packages/torch/utils/_pytree.py:630] <enum 'ScaleCalculationMode'> is an Enum subclass and is now natively supported by torch.compile as an opaque value type. Calling register_constant() on Enum subclasses is deprecated and will be an error in a future release.
W0912 09:44:19.713000 40765 site-packages/torch/utils/_pytree.py:630] <enum 'KernelPreference'> is an Enum subclass and is now natively supported by torch.compile as an opaque value type. Calling register_constant() on Enum subclasses is deprecated and will be an error in a future release.
W0912 09:44:19.740000 40765 site-packages/torch/utils/_pytree.py:630] <enum 'ScaleCalculationMode'> is an Enum subclass and is now natively supported by torch.compile as an opaque value type. Calling register_constant() on Enum subclasses is deprecated and will be an error in a future release.
[titan] 2026-09-12 09:44:20,419 - root - INFO - torchtitan version: 0.0.0+unknown (0.0.0 means __version__ is not defined correctly).
[titan] 2026-09-12 09:44:20,430 - root - INFO - torchtitan version: 0.0.0+unknown (0.0.0 means __version__ is not defined correctly).
[titan] 2026-09-12 09:44:20,767 - root - WARNING - initial_load_model_only=True has no effect without an initial_load_path.
[titan] 2026-09-12 09:44:20,778 - root - WARNING - initial_load_model_only=True has no effect without an initial_load_path.
[titan] 2026-09-12 09:44:20,832 - root - WARNING - initial_load_model_only=True has no effect without an initial_load_path.
[titan] 2026-09-12 09:44:20,833 - torchtitan.observability.structured_logger.jsonl_handler - INFO - Structured logging -> JSONL: /workspace/pp_out/ka_pp2/structured_logs/training.global_rank_1.20260912-094420-XFEY1D.jsonl
[titan] 2026-09-12 09:44:20,844 - root - WARNING - initial_load_model_only=True has no effect without an initial_load_path.
[titan] 2026-09-12 09:44:20,845 - torchtitan.observability.structured_logger.jsonl_handler - INFO - Structured logging -> JSONL: /workspace/pp_out/ka_pp2/structured_logs/training.global_rank_0.20260912-094420-QWM1ZP.jsonl
[titan] 2026-09-12 09:44:22,008 - root - WARNING - ENV[TORCH_NCCL_ASYNC_ERROR_HANDLING] = 1 will be overridden to 3 based on job config
[titan] 2026-09-12 09:44:22,014 - root - WARNING - ENV[TORCH_NCCL_ASYNC_ERROR_HANDLING] = 1 will be overridden to 3 based on job config
[titan] 2026-09-12 09:44:23,011 - root - INFO - [GC] Initial GC collection took 0.00 seconds
[titan] 2026-09-12 09:44:23,011 - root - INFO - [GC] Initial GC collection took 0.00 seconds
[titan] 2026-09-12 09:44:23,011 - root - INFO - Deterministic algorithm enabled (expect perf degradation).
[titan] 2026-09-12 09:44:23,011 - root - INFO - Deterministic algorithm enabled (expect perf degradation).
[titan] 2026-09-12 09:44:23,022 - root - INFO - Building device mesh with parallelism: pp=2, dp_replicate=1, dp_shard=1, cp=1, tp=1, ep=1
[titan] 2026-09-12 09:44:23,022 - root - INFO - Building device mesh with parallelism: pp=2, dp_replicate=1, dp_shard=1, cp=1, tp=1, ep=1
[titan] 2026-09-12 09:44:23,257 - root - INFO - Successfully created meshes with active dimensions: ['pp']
[titan] 2026-09-12 09:44:23,257 - root - INFO - Successfully created meshes with active dimensions: ['pp']
[titan] 2026-09-12 09:44:23,264 - root - INFO - Building kimi_k3 debugmodel
[titan] 2026-09-12 09:44:23,264 - root - INFO - Building kimi_k3 debugmodel
[titan] 2026-09-12 09:44:23,402 - root - INFO - CUDA capacity: NVIDIA H100 PCIe with 79.18GiB memory
[titan] 2026-09-12 09:44:23,404 - root - WARNING - Error running lspci: [Errno 2] No such file or directory: 'lspci', fallback to use device_name
[titan] 2026-09-12 09:44:23,407 - root - INFO - CUDA capacity: NVIDIA H100 PCIe with 79.18GiB memory
[titan] 2026-09-12 09:44:23,408 - root - WARNING - Error running lspci: [Errno 2] No such file or directory: 'lspci', fallback to use device_name
[titan] 2026-09-12 09:44:23,409 - root - INFO - Total parameter count: 1,119,984,672, active parameters: 535,879,200
[titan] 2026-09-12 09:44:23,409 - root - INFO - [34mModel kimi_k3 debugmodel [31msize: 1,119,984,672 total parameters[39m
[titan] 2026-09-12 09:44:23,412 - root - INFO - Total parameter count: 1,119,984,672, active parameters: 535,879,200
[titan] 2026-09-12 09:44:23,412 - root - INFO - [34mModel kimi_k3 debugmodel [31msize: 1,119,984,672 total parameters[39m
[rank1]:W0912 09:44:23.479000 40766 site-packages/torch/_logging/_internal.py:1394] Pipeline parallelism is using an eager NCCL communicator. Consider creating its process group with backend="nccl-lazy" so peer communicators are initialized lazily and traffic to different peers can overlap.
[titan] 2026-09-12 09:44:23,480 - root - INFO - PP rank 1 is building stage_idx 1 with modules ['layers.12', 'layers.13', 'layers.14', 'layers.15', 'layers.16', 'layers.17', 'layers.18', 'layers.19', 'layers.20', 'layers.21', 'layers.22', 'layers.23', 'norm', 'lm_head', 'output_res_proj', 'output_res_norm']
[rank0]:W0912 09:44:23.484000 40765 site-packages/torch/_logging/_internal.py:1394] Pipeline parallelism is using an eager NCCL communicator. Consider creating its process group with backend="nccl-lazy" so peer communicators are initialized lazily and traffic to different peers can overlap.
[titan] 2026-09-12 09:44:23,485 - root - INFO - PP rank 0 is building stage_idx 0 with modules ['vision_encoder', 'tok_embeddings', 'layers.0', 'layers.1', 'layers.2', 'layers.3', 'layers.4', 'layers.5', 'layers.6', 'layers.7', 'layers.8', 'layers.9', 'layers.10', 'layers.11']
[titan] 2026-09-12 09:44:23,498 - root - INFO - Applied SelectiveAC activation checkpointing to the model
[titan] 2026-09-12 09:44:23,503 - root - INFO - Applied SelectiveAC activation checkpointing to the model
[titan] 2026-09-12 09:44:23,504 - root - INFO - Applied SelectiveAC activation checkpointing to the model
[titan] 2026-09-12 09:44:23,574 - root - INFO - Applied FSDP to the model
[titan] 2026-09-12 09:44:23,574 - root - INFO - Using pipeline schedule 1F1B with 4 microbatches and 2 stages.
[titan] 2026-09-12 09:44:23,574 - root - INFO - Kimi K3 pipeline: 1 stage(s) on this rank [1], block transport delta with rank store
[titan] 2026-09-12 09:44:23,603 - root - INFO - Applied FSDP to the model
[titan] 2026-09-12 09:44:23,604 - root - INFO - Using pipeline schedule 1F1B with 4 microbatches and 2 stages.
[titan] 2026-09-12 09:44:23,604 - root - INFO - Kimi K3 pipeline: 1 stage(s) on this rank [0], block transport delta with rank store
[rank1]:W0912 09:44:23.900000 40766 site-packages/torch/distributed/tensor/_random.py:215] DTensor is synchronizing RNG states of every rank with the state from rank 0. This behavior is deprecated. Please call `torch.manual_seed()` on every rank that participates in SPMD DTensor Operations with the same seed. If using Pipeline Parallelism, each pipeline state would use a different seed, but all ranks belonging to one pipeline stage would use the same seed.
[titan] 2026-09-12 09:44:24,168 - root - WARNING - [31mPipeline Parallel loss is not visible. Please add [33mrank 1[31m to LOG_RANK environment variable in run_train.sh.[39m
[titan] 2026-09-12 09:44:24,170 - root - WARNING - Error running lspci: [Errno 2] No such file or directory: 'lspci', fallback to use device_name
[titan] 2026-09-12 09:44:24,170 - root - INFO - Peak FLOPS used for computing MFU: 7.560e+14
[titan] 2026-09-12 09:44:24,170 - root - INFO - CUDA memory usage for model: 2.79GiB(3.52%)
[titan] 2026-09-12 09:44:24,172 - root - INFO - Optimizer AdamW (model_part=0): 346 params [.*] {'fused': True, 'foreach': False, 'lr': 0.0008, 'betas': (0.9, 0.95), 'eps': 1e-08, 'weight_decay': 0.1}
[titan] 2026-09-12 09:44:24,173 - root - INFO - Loading tokenizer from tokenizer.json
[titan] 2026-09-12 09:44:24,191 - root - WARNING - model.safetensors.index.json not found at hf_assets_path: ./tests/assets/tokenizer/model.safetensors.index.json.                     Defaulting to saving a single safetensors file if checkpoint is saved in HF format
[titan] 2026-09-12 09:44:24,191 - root - WARNING - initial_load_model_only=True has no effect without an initial_load_path.
[titan] 2026-09-12 09:44:24,195 - root - INFO - Checkpointing active. Checkpoints will be loaded from and saved to /workspace/pp_out/ka_pp2/checkpoint
[titan] 2026-09-12 09:44:24,195 - root - INFO - Trainer is initialized with 1024 tokens per DP rank, 1024 tokens per train step, gradient accumulation steps 1, maximum context length 2048, total steps 100 (warmup 2)
[titan] 2026-09-12 09:44:24,196 - root - INFO - Loading the checkpoint from /workspace/pp_out/ka_pp2/checkpoint/step-0.
[titan] 2026-09-12 09:44:24,269 - root - WARNING - [31mPipeline Parallel loss is not visible. Please add [33mrank 1[31m to LOG_RANK environment variable in run_train.sh.[39m
[titan] 2026-09-12 09:44:24,271 - root - WARNING - Error running lspci: [Errno 2] No such file or directory: 'lspci', fallback to use device_name
[titan] 2026-09-12 09:44:24,271 - root - INFO - Peak FLOPS used for computing MFU: 7.560e+14
[titan] 2026-09-12 09:44:24,271 - root - INFO - CUDA memory usage for model: 1.12GiB(1.42%)
[titan] 2026-09-12 09:44:24,273 - root - INFO - Optimizer AdamW (model_part=0): 404 params [.*] {'fused': True, 'foreach': False, 'lr': 0.0008, 'betas': (0.9, 0.95), 'eps': 1e-08, 'weight_decay': 0.1}
[titan] 2026-09-12 09:44:24,275 - root - INFO - Loading tokenizer from tokenizer.json
[titan] 2026-09-12 09:44:24,294 - root - WARNING - model.safetensors.index.json not found at hf_assets_path: ./tests/assets/tokenizer/model.safetensors.index.json.                     Defaulting to saving a single safetensors file if checkpoint is saved in HF format
[titan] 2026-09-12 09:44:24,294 - root - WARNING - initial_load_model_only=True has no effect without an initial_load_path.
[titan] 2026-09-12 09:44:24,299 - root - INFO - Checkpointing active. Checkpoints will be loaded from and saved to /workspace/pp_out/ka_pp2/checkpoint
[titan] 2026-09-12 09:44:24,300 - root - INFO - Trainer is initialized with 1024 tokens per DP rank, 1024 tokens per train step, gradient accumulation steps 1, maximum context length 2048, total steps 100 (warmup 2)
[titan] 2026-09-12 09:44:24,300 - root - INFO - Loading the checkpoint from /workspace/pp_out/ka_pp2/checkpoint/step-0.
[titan] 2026-09-12 09:44:27,556 - root - INFO - [GC] GC collection for checkpoint loading. took 0.01 seconds
[titan] 2026-09-12 09:44:27,556 - root - INFO - Finished loading the checkpoint in 3.36 seconds.
[titan] 2026-09-12 09:44:27,556 - root - INFO - Training starts at step 1
[titan] 2026-09-12 09:44:27,568 - root - INFO - [GC] GC collection for checkpoint loading. took 0.01 seconds
[titan] 2026-09-12 09:44:27,568 - root - INFO - Finished loading the checkpoint in 3.27 seconds.
[titan] 2026-09-12 09:44:27,569 - root - INFO - Training starts at step 1
/venv/main/lib/python3.12/site-packages/torch/distributed/fsdp/_fully_shard/_fsdp_state.py:336: UserWarning: FSDP2-wrapped module (FSDPCheckpointWrapper) returned a view tensor. An in-place op on this view (e.g., `x += y`) will silently drop the pre-backward hook and skip the all-gather, which can cause backward to fail or produce wrong gradients. Use out-of-place ops (`out = out + y`, not `out += y`) or `.clone()` the output before any in-place op.
  output = self._register_pre_backward_hook(output)
/venv/main/lib/python3.12/site-packages/torch/distributed/fsdp/_fully_shard/_fsdp_state.py:336: UserWarning: FSDP2-wrapped module (FSDPCheckpointWrapper) returned a view tensor. An in-place op on this view (e.g., `x += y`) will silently drop the pre-backward hook and skip the all-gather, which can cause backward to fail or produce wrong gradients. Use out-of-place ops (`out = out + y`, not `out += y`) or `.clone()` the output before any in-place op.
  output = self._register_pre_backward_hook(output)
/venv/main/lib/python3.12/site-packages/torch/distributed/fsdp/_fully_shard/_fsdp_state.py:336: UserWarning: FSDP2-wrapped module (FSDPKimiK3Model) returned a view tensor. An in-place op on this view (e.g., `x += y`) will silently drop the pre-backward hook and skip the all-gather, which can cause backward to fail or produce wrong gradients. Use out-of-place ops (`out = out + y`, not `out += y`) or `.clone()` the output before any in-place op.
  output = self._register_pre_backward_hook(output)
/venv/main/lib/python3.12/site-packages/torch/distributed/fsdp/_fully_shard/_fsdp_state.py:336: UserWarning: FSDP2-wrapped module (FSDPCheckpointWrapper) returned a view tensor. An in-place op on this view (e.g., `x += y`) will silently drop the pre-backward hook and skip the all-gather, which can cause backward to fail or produce wrong gradients. Use out-of-place ops (`out = out + y`, not `out += y`) or `.clone()` the output before any in-place op.
  output = self._register_pre_backward_hook(output)
/venv/main/lib/python3.12/site-packages/torch/distributed/fsdp/_fully_shard/_fsdp_state.py:336: UserWarning: FSDP2-wrapped module (FSDPCheckpointWrapper) returned a view tensor. An in-place op on this view (e.g., `x += y`) will silently drop the pre-backward hook and skip the all-gather, which can cause backward to fail or produce wrong gradients. Use out-of-place ops (`out = out + y`, not `out += y`) or `.clone()` the output before any in-place op.
  output = self._register_pre_backward_hook(output)
/venv/main/lib/python3.12/site-packages/torch/distributed/fsdp/_fully_shard/_fsdp_state.py:336: UserWarning: FSDP2-wrapped module (FSDPCheckpointWrapper) returned a view tensor. An in-place op on this view (e.g., `x += y`) will silently drop the pre-backward hook and skip the all-gather, which can cause backward to fail or produce wrong gradients. Use out-of-place ops (`out = out + y`, not `out += y`) or `.clone()` the output before any in-place op.
  output = self._register_pre_backward_hook(output)
/venv/main/lib/python3.12/site-packages/torch/distributed/fsdp/_fully_shard/_fsdp_state.py:336: UserWarning: FSDP2-wrapped module (FSDPKimiK3Model) returned a view tensor. An in-place op on this view (e.g., `x += y`) will silently drop the pre-backward hook and skip the all-gather, which can cause backward to fail or produce wrong gradients. Use out-of-place ops (`out = out + y`, not `out += y`) or `.clone()` the output before any in-place op.
  output = self._register_pre_backward_hook(output)
[titan] 2026-09-12 09:45:23,680 - root - INFO - [31mstep:  1  [32mloss: 12.60570  [38;2;180;60;0mgrad_norm: 18.7500  [38;2;54;234;195mmemory:  8.39GiB(10.59%)  [34mtps: 8  [36mtflops: 0.03  [35mmfu: 0.00%[39m
[titan] 2026-09-12 09:45:23,681 - root - INFO - Synchronizing and adjusting timeout for all ProcessGroups to 0:01:40
[titan] 2026-09-12 09:45:23,904 - root - INFO - [31mstep:  1  [32mloss: -1.00000  [38;2;180;60;0mgrad_norm: 18.7500  [38;2;54;234;195mmemory:  7.37GiB(9.31%)  [34mtps: 8  [36mtflops: 0.03  [35mmfu: 0.00%[39m
[titan] 2026-09-12 09:45:23,905 - root - INFO - Synchronizing and adjusting timeout for all ProcessGroups to 0:01:40
[titan] 2026-09-12 09:45:25,257 - root - INFO - [31mstep:  2  [32mloss: 10.53009  [38;2;180;60;0mgrad_norm: 15.6875  [38;2;54;234;195mmemory: 10.48GiB(13.24%)  [34mtps: 325  [36mtflops: 1.13  [35mmfu: 0.15%[39m
[titan] 2026-09-12 09:45:25,261 - root - INFO - [31mstep:  2  [32mloss: -1.00000  [38;2;180;60;0mgrad_norm: 15.6875  [38;2;54;234;195mmemory:  9.53GiB(12.04%)  [34mtps: 377  [36mtflops: 1.32  [35mmfu: 0.17%[39m
[titan] 2026-09-12 09:45:26,354 - root - INFO - [31mstep:  3  [32mloss:  7.57975  [38;2;180;60;0mgrad_norm: 12.4375  [38;2;54;234;195mmemory: 10.48GiB(13.24%)  [34mtps: 467  [36mtflops: 1.63  [35mmfu: 0.22%[39m
[titan] 2026-09-12 09:45:26,358 - root - INFO - [31mstep:  3  [32mloss: -1.00000  [38;2;180;60;0mgrad_norm: 12.4375  [38;2;54;234;195mmemory:  9.53GiB(12.04%)  [34mtps: 467  [36mtflops: 1.63  [35mmfu: 0.22%[39m
[titan] 2026-09-12 09:45:27,450 - root - INFO - [31mstep:  4  [32mloss:  7.17700  [38;2;180;60;0mgrad_norm:  8.8750  [38;2;54;234;195mmemory: 10.48GiB(13.24%)  [34mtps: 467  [36mtflops: 1.63  [35mmfu: 0.22%[39m
[titan] 2026-09-12 09:45:27,455 - root - INFO - [31mstep:  4  [32mloss: -1.00000  [38;2;180;60;0mgrad_norm:  8.8750  [38;2;54;234;195mmemory:  9.53GiB(12.04%)  [34mtps: 467  [36mtflops: 1.63  [35mmfu: 0.22%[39m
[titan] 2026-09-12 09:45:28,553 - root - INFO - [31mstep:  5  [32mloss:  7.04996  [38;2;180;60;0mgrad_norm: 12.9375  [38;2;54;234;195mmemory: 10.48GiB(13.24%)  [34mtps: 464  [36mtflops: 1.62  [35mmfu: 0.21%[39m
[titan] 2026-09-12 09:45:28,558 - root - INFO - [31mstep:  5  [32mloss: -1.00000  [38;2;180;60;0mgrad_norm: 12.9375  [38;2;54;234;195mmemory:  9.53GiB(12.04%)  [34mtps: 464  [36mtflops: 1.62  [35mmfu: 0.21%[39m
[titan] 2026-09-12 09:45:29,651 - root - INFO - [31mstep:  6  [32mloss:  5.03343  [38;2;180;60;0mgrad_norm:  5.9688  [38;2;54;234;195mmemory: 10.48GiB(13.24%)  [34mtps: 466  [36mtflops: 1.63  [35mmfu: 0.22%[39m
[titan] 2026-09-12 09:45:29,656 - root - INFO - [31mstep:  6  [32mloss: -1.00000  [38;2;180;60;0mgrad_norm:  5.9688  [38;2;54;234;195mmemory:  9.53GiB(12.04%)  [34mtps: 466  [36mtflops: 1.63  [35mmfu: 0.22%[39m
[titan] 2026-09-12 09:45:30,803 - root - INFO - [31mstep:  7  [32mloss:  4.56271  [38;2;180;60;0mgrad_norm:  5.0000  [38;2;54;234;195mmemory: 10.48GiB(13.24%)  [34mtps: 445  [36mtflops: 1.55  [35mmfu: 0.21%[39m
[titan] 2026-09-12 09:45:30,807 - root - INFO - [31mstep:  7  [32mloss: -1.00000  [38;2;180;60;0mgrad_norm:  5.0000  [38;2;54;234;195mmemory:  9.53GiB(12.04%)  [34mtps: 445  [36mtflops: 1.55  [35mmfu: 0.21%[39m
[titan] 2026-09-12 09:45:31,897 - root - INFO - [31mstep:  8  [32mloss:  3.61307  [38;2;180;60;0mgrad_norm:  3.6719  [38;2;54;234;195mmemory: 10.48GiB(13.24%)  [34mtps: 468  [36mtflops: 1.63  [35mmfu: 0.22%[39m
[titan] 2026-09-12 09:45:31,902 - root - INFO - [31mstep:  8  [32mloss: -1.00000  [38;2;180;60;0mgrad_norm:  3.6719  [38;2;54;234;195mmemory:  9.53GiB(12.04%)  [34mtps: 468  [36mtflops: 1.63  [35mmfu: 0.22%[39m
[titan] 2026-09-12 09:45:33,002 - root - INFO - [31mstep:  9  [32mloss:  3.94729  [38;2;180;60;0mgrad_norm:  7.0000  [38;2;54;234;195mmemory: 10.48GiB(13.24%)  [34mtps: 464  [36mtflops: 1.62  [35mmfu: 0.21%[39m
[titan] 2026-09-12 09:45:33,006 - root - INFO - [31mstep:  9  [32mloss: -1.00000  [38;2;180;60;0mgrad_norm:  7.0000  [38;2;54;234;195mmemory:  9.53GiB(12.04%)  [34mtps: 464  [36mtflops: 1.62  [35mmfu: 0.21%[39m
[titan] 2026-09-12 09:45:34,106 - root - INFO - [31mstep: 10  [32mloss:  3.22705  [38;2;180;60;0mgrad_norm:  5.6875  [38;2;54;234;195mmemory: 10.48GiB(13.24%)  [34mtps: 464  [36mtflops: 1.62  [35mmfu: 0.21%[39m
[titan] 2026-09-12 09:45:34,110 - root - INFO - [31mstep: 10  [32mloss: -1.00000  [38;2;180;60;0mgrad_norm:  5.6875  [38;2;54;234;195mmemory:  9.53GiB(12.04%)  [34mtps: 464  [36mtflops: 1.62  [35mmfu: 0.21%[39m
[titan] 2026-09-12 09:45:35,214 - root - INFO - [31mstep: 11  [32mloss:  3.16155  [38;2;180;60;0mgrad_norm:  3.5312  [38;2;54;234;195mmemory: 10.48GiB(13.24%)  [34mtps: 462  [36mtflops: 1.61  [35mmfu: 0.21%[39m
[titan] 2026-09-12 09:45:35,218 - root - INFO - [31mstep: 11  [32mloss: -1.00000  [38;2;180;60;0mgrad_norm:  3.5312  [38;2;54;234;195mmemory:  9.53GiB(12.04%)  [34mtps: 462  [36mtflops: 1.61  [35mmfu: 0.21%[39m
[titan] 2026-09-12 09:45:36,309 - root - INFO - [31mstep: 12  [32mloss:  2.95575  [38;2;180;60;0mgrad_norm:  3.3438  [38;2;54;234;195mmemory: 10.48GiB(13.24%)  [34mtps: 468  [36mtflops: 1.63  [35mmfu: 0.22%[39m
[titan] 2026-09-12 09:45:36,314 - root - INFO - [31mstep: 12  [32mloss: -1.00000  [38;2;180;60;0mgrad_norm:  3.3438  [38;2;54;234;195mmemory:  9.53GiB(12.04%)  [34mtps: 468  [36mtflops: 1.63  [35mmfu: 0.22%[39m
[titan] 2026-09-12 09:45:37,407 - root - INFO - [31mstep: 13  [32mloss:  3.47740  [38;2;180;60;0mgrad_norm:  3.5156  [38;2;54;234;195mmemory: 10.48GiB(13.24%)  [34mtps: 466  [36mtflops: 1.63  [35mmfu: 0.22%[39m
[titan] 2026-09-12 09:45:37,412 - root - INFO - [31mstep: 13  [32mloss: -1.00000  [38;2;180;60;0mgrad_norm:  3.5156  [38;2;54;234;195mmemory:  9.53GiB(12.04%)  [34mtps: 466  [36mtflops: 1.63  [35mmfu: 0.22%[39m
[titan] 2026-09-12 09:45:38,503 - root - INFO - [31mstep: 14  [32mloss:  3.04715  [38;2;180;60;0mgrad_norm:  3.6719  [38;2;54;234;195mmemory: 10.48GiB(13.24%)  [34mtps: 467  [36mtflops: 1.63  [35mmfu: 0.22%[39m
[titan] 2026-09-12 09:45:38,508 - root - INFO - [31mstep: 14  [32mloss: -1.00000  [38;2;180;60;0mgrad_norm:  3.6719  [38;2;54;234;195mmemory:  9.53GiB(12.04%)  [34mtps: 467  [36mtflops: 1.63  [35mmfu: 0.22%[39m
[titan] 2026-09-12 09:45:39,607 - root - INFO - [31mstep: 15  [32mloss:  2.93829  [38;2;180;60;0mgrad_norm:  3.2031  [38;2;54;234;195mmemory: 10.48GiB(13.24%)  [34mtps: 464  [36mtflops: 1.62  [35mmfu: 0.21%[39m
[titan] 2026-09-12 09:45:39,611 - root - INFO - [31mstep: 15  [32mloss: -1.00000  [38;2;180;60;0mgrad_norm:  3.2031  [38;2;54;234;195mmemory:  9.53GiB(12.04%)  [34mtps: 464  [36mtflops: 1.62  [35mmfu: 0.21%[39m
[titan] 2026-09-12 09:45:40,704 - root - INFO - [31mstep: 16  [32mloss:  2.96374  [38;2;180;60;0mgrad_norm:  3.6719  [38;2;54;234;195mmemory: 10.48GiB(13.24%)  [34mtps: 467  [36mtflops: 1.63  [35mmfu: 0.22%[39m
[titan] 2026-09-12 09:45:40,709 - root - INFO - [31mstep: 16  [32mloss: -1.00000  [38;2;180;60;0mgrad_norm:  3.6719  [38;2;54;234;195mmemory:  9.53GiB(12.04%)  [34mtps: 466  [36mtflops: 1.63  [35mmfu: 0.22%[39m
[titan] 2026-09-12 09:45:41,805 - root - INFO - [31mstep: 17  [32mloss:  2.83689  [38;2;180;60;0mgrad_norm:  2.9375  [38;2;54;234;195mmemory: 10.48GiB(13.24%)  [34mtps: 465  [36mtflops: 1.62  [35mmfu: 0.21%[39m
[titan] 2026-09-12 09:45:41,809 - root - INFO - [31mstep: 17  [32mloss: -1.00000  [38;2;180;60;0mgrad_norm:  2.9375  [38;2;54;234;195mmemory:  9.53GiB(12.04%)  [34mtps: 465  [36mtflops: 1.62  [35mmfu: 0.21%[39m
[titan] 2026-09-12 09:45:42,913 - root - INFO - [31mstep: 18  [32mloss:  2.88559  [38;2;180;60;0mgrad_norm:  2.7969  [38;2;54;234;195mmemory: 10.48GiB(13.24%)  [34mtps: 462  [36mtflops: 1.61  [35mmfu: 0.21%[39m
[titan] 2026-09-12 09:45:42,917 - root - INFO - [31mstep: 18  [32mloss: -1.00000  [38;2;180;60;0mgrad_norm:  2.7969  [38;2;54;234;195mmemory:  9.53GiB(12.04%)  [34mtps: 462  [36mtflops: 1.61  [35mmfu: 0.21%[39m
[titan] 2026-09-12 09:45:44,024 - root - INFO - [31mstep: 19  [32mloss:  2.88613  [38;2;180;60;0mgrad_norm:  3.9531  [38;2;54;234;195mmemory: 10.48GiB(13.24%)  [34mtps: 461  [36mtflops: 1.61  [35mmfu: 0.21%[39m
[titan] 2026-09-12 09:45:44,028 - root - INFO - [31mstep: 19  [32mloss: -1.00000  [38;2;180;60;0mgrad_norm:  3.9531  [38;2;54;234;195mmemory:  9.53GiB(12.04%)  [34mtps: 461  [36mtflops: 1.61  [35mmfu: 0.21%[39m
[titan] 2026-09-12 09:45:45,148 - root - INFO - [31mstep: 20  [32mloss:  3.28829  [38;2;180;60;0mgrad_norm:  3.7344  [38;2;54;234;195mmemory: 10.48GiB(13.24%)  [34mtps: 456  [36mtflops: 1.59  [35mmfu: 0.21%[39m
[titan] 2026-09-12 09:45:45,153 - root - INFO - [31mstep: 20  [32mloss: -1.00000  [38;2;180;60;0mgrad_norm:  3.7344  [38;2;54;234;195mmemory:  9.53GiB(12.04%)  [34mtps: 455  [36mtflops: 1.59  [35mmfu: 0.21%[39m
[titan] 2026-09-12 09:45:46,261 - root - INFO - [31mstep: 21  [32mloss:  2.75721  [38;2;180;60;0mgrad_norm:  4.1562  [38;2;54;234;195mmemory: 10.48GiB(13.24%)  [34mtps: 460  [36mtflops: 1.61  [35mmfu: 0.21%[39m
[titan] 2026-09-12 09:45:46,266 - root - INFO - [31mstep: 21  [32mloss: -1.00000  [38;2;180;60;0mgrad_norm:  4.1562  [38;2;54;234;195mmemory:  9.53GiB(12.04%)  [34mtps: 460  [36mtflops: 1.61  [35mmfu: 0.21%[39m
[titan] 2026-09-12 09:45:47,364 - root - INFO - [31mstep: 22  [32mloss:  2.92984  [38;2;180;60;0mgrad_norm:  3.3281  [38;2;54;234;195mmemory: 10.48GiB(13.24%)  [34mtps: 464  [36mtflops: 1.62  [35mmfu: 0.21%[39m
[titan] 2026-09-12 09:45:47,368 - root - INFO - [31mstep: 22  [32mloss: -1.00000  [38;2;180;60;0mgrad_norm:  3.3281  [38;2;54;234;195mmemory:  9.53GiB(12.04%)  [34mtps: 464  [36mtflops: 1.62  [35mmfu: 0.21%[39m
[titan] 2026-09-12 09:45:48,463 - root - INFO - [31mstep: 23  [32mloss:  2.65372  [38;2;180;60;0mgrad_norm:  2.5000  [38;2;54;234;195mmemory: 10.48GiB(13.24%)  [34mtps: 466  [36mtflops: 1.63  [35mmfu: 0.22%[39m
[titan] 2026-09-12 09:45:48,468 - root - INFO - [31mstep: 23  [32mloss: -1.00000  [38;2;180;60;0mgrad_norm:  2.5000  [38;2;54;234;195mmemory:  9.53GiB(12.04%)  [34mtps: 466  [36mtflops: 1.63  [35mmfu: 0.22%[39m
[titan] 2026-09-12 09:45:49,563 - root - INFO - [31mstep: 24  [32mloss:  3.04803  [38;2;180;60;0mgrad_norm:  3.5938  [38;2;54;234;195mmemory: 10.48GiB(13.24%)  [34mtps: 466  [36mtflops: 1.63  [35mmfu: 0.21%[39m
[titan] 2026-09-12 09:45:49,568 - root - INFO - [31mstep: 24  [32mloss: -1.00000  [38;2;180;60;0mgrad_norm:  3.5938  [38;2;54;234;195mmemory:  9.53GiB(12.04%)  [34mtps: 466  [36mtflops: 1.62  [35mmfu: 0.21%[39m
[titan] 2026-09-12 09:45:50,673 - root - INFO - [31mstep: 25  [32mloss:  2.87073  [38;2;180;60;0mgrad_norm:  4.1562  [38;2;54;234;195mmemory: 10.48GiB(13.24%)  [34mtps: 461  [36mtflops: 1.61  [35mmfu: 0.21%[39m
[titan] 2026-09-12 09:45:50,677 - root - INFO - [31mstep: 25  [32mloss: -1.00000  [38;2;180;60;0mgrad_norm:  4.1562  [38;2;54;234;195mmemory:  9.53GiB(12.04%)  [34mtps: 461  [36mtflops: 1.61  [35mmfu: 0.21%[39m
[titan] 2026-09-12 09:45:51,787 - root - INFO - [31mstep: 26  [32mloss:  2.72428  [38;2;180;60;0mgrad_norm:  3.0781  [38;2;54;234;195mmemory: 10.48GiB(13.24%)  [34mtps: 460  [36mtflops: 1.60  [35mmfu: 0.21%[39m
[titan] 2026-09-12 09:45:51,791 - root - INFO - [31mstep: 26  [32mloss: -1.00000  [38;2;180;60;0mgrad_norm:  3.0781  [38;2;54;234;195mmemory:  9.53GiB(12.04%)  [34mtps: 460  [36mtflops: 1.60  [35mmfu: 0.21%[39m
[titan] 2026-09-12 09:45:52,896 - root - INFO - [31mstep: 27  [32mloss:  2.23198  [38;2;180;60;0mgrad_norm:  2.4531  [38;2;54;234;195mmemory: 10.48GiB(13.24%)  [34mtps: 461  [36mtflops: 1.61  [35mmfu: 0.21%[39m
[titan] 2026-09-12 09:45:52,901 - root - INFO - [31mstep: 27  [32mloss: -1.00000  [38;2;180;60;0mgrad_norm:  2.4531  [38;2;54;234;195mmemory:  9.53GiB(12.04%)  [34mtps: 461  [36mtflops: 1.61  [35mmfu: 0.21%[39m
[titan] 2026-09-12 09:45:54,006 - root - INFO - [31mstep: 28  [32mloss:  2.19823  [38;2;180;60;0mgrad_norm:  3.2656  [38;2;54;234;195mmemory: 10.48GiB(13.24%)  [34mtps: 461  [36mtflops: 1.61  [35mmfu: 0.21%[39m
[titan] 2026-09-12 09:45:54,011 - root - INFO - [31mstep: 28  [32mloss: -1.00000  [38;2;180;60;0mgrad_norm:  3.2656  [38;2;54;234;195mmemory:  9.53GiB(12.04%)  [34mtps: 461  [36mtflops: 1.61  [35mmfu: 0.21%[39m
[titan] 2026-09-12 09:45:55,115 - root - INFO - [31mstep: 29  [32mloss:  2.65135  [38;2;180;60;0mgrad_norm:  3.7188  [38;2;54;234;195mmemory: 10.48GiB(13.24%)  [34mtps: 462  [36mtflops: 1.61  [35mmfu: 0.21%[39m
[titan] 2026-09-12 09:45:55,120 - root - INFO - [31mstep: 29  [32mloss: -1.00000  [38;2;180;60;0mgrad_norm:  3.7188  [38;2;54;234;195mmemory:  9.53GiB(12.04%)  [34mtps: 462  [36mtflops: 1.61  [35mmfu: 0.21%[39m
[titan] 2026-09-12 09:45:56,219 - root - INFO - [31mstep: 30  [32mloss:  2.32569  [38;2;180;60;0mgrad_norm:  2.5781  [38;2;54;234;195mmemory: 10.48GiB(13.24%)  [34mtps: 464  [36mtflops: 1.62  [35mmfu: 0.21%[39m
[titan] 2026-09-12 09:45:56,224 - root - INFO - [31mstep: 30  [32mloss: -1.00000  [38;2;180;60;0mgrad_norm:  2.5781  [38;2;54;234;195mmemory:  9.53GiB(12.04%)  [34mtps: 464  [36mtflops: 1.62  [35mmfu: 0.21%[39m
[titan] 2026-09-12 09:45:57,327 - root - INFO - [31mstep: 31  [32mloss:  2.50250  [38;2;180;60;0mgrad_norm:  2.8906  [38;2;54;234;195mmemory: 10.48GiB(13.24%)  [34mtps: 462  [36mtflops: 1.61  [35mmfu: 0.21%[39m
[titan] 2026-09-12 09:45:57,332 - root - INFO - [31mstep: 31  [32mloss: -1.00000  [38;2;180;60;0mgrad_norm:  2.8906  [38;2;54;234;195mmemory:  9.53GiB(12.04%)  [34mtps: 462  [36mtflops: 1.61  [35mmfu: 0.21%[39m
[titan] 2026-09-12 09:45:58,432 - root - INFO - [31mstep: 32  [32mloss:  2.03011  [38;2;180;60;0mgrad_norm:  3.3750  [38;2;54;234;195mmemory: 10.48GiB(13.24%)  [34mtps: 464  [36mtflops: 1.62  [35mmfu: 0.21%[39m
[titan] 2026-09-12 09:45:58,437 - root - INFO - [31mstep: 32  [32mloss: -1.00000  [38;2;180;60;0mgrad_norm:  3.3750  [38;2;54;234;195mmemory:  9.53GiB(12.04%)  [34mtps: 464  [36mtflops: 1.62  [35mmfu: 0.21%[39m
[titan] 2026-09-12 09:45:59,536 - root - INFO - [31mstep: 33  [32mloss:  1.62299  [38;2;180;60;0mgrad_norm:  3.5156  [38;2;54;234;195mmemory: 10.48GiB(13.24%)  [34mtps: 464  [36mtflops: 1.62  [35mmfu: 0.21%[39m
[titan] 2026-09-12 09:45:59,540 - root - INFO - [31mstep: 33  [32mloss: -1.00000  [38;2;180;60;0mgrad_norm:  3.5156  [38;2;54;234;195mmemory:  9.53GiB(12.04%)  [34mtps: 464  [36mtflops: 1.62  [35mmfu: 0.21%[39m
[titan] 2026-09-12 09:46:00,642 - root - INFO - [31mstep: 34  [32mloss:  2.26463  [38;2;180;60;0mgrad_norm:  5.0625  [38;2;54;234;195mmemory: 10.48GiB(13.24%)  [34mtps: 463  [36mtflops: 1.62  [35mmfu: 0.21%[39m
[titan] 2026-09-12 09:46:00,646 - root - INFO - [31mstep: 34  [32mloss: -1.00000  [38;2;180;60;0mgrad_norm:  5.0625  [38;2;54;234;195mmemory:  9.53GiB(12.04%)  [34mtps: 463  [36mtflops: 1.62  [35mmfu: 0.21%[39m
[titan] 2026-09-12 09:46:01,748 - root - INFO - [31mstep: 35  [32mloss:  1.86336  [38;2;180;60;0mgrad_norm:  3.0156  [38;2;54;234;195mmemory: 10.48GiB(13.24%)  [34mtps: 463  [36mtflops: 1.62  [35mmfu: 0.21%[39m
[titan] 2026-09-12 09:46:01,753 - root - INFO - [31mstep: 35  [32mloss: -1.00000  [38;2;180;60;0mgrad_norm:  3.0156  [38;2;54;234;195mmemory:  9.53GiB(12.04%)  [34mtps: 463  [36mtflops: 1.61  [35mmfu: 0.21%[39m
[titan] 2026-09-12 09:46:02,860 - root - INFO - [31mstep: 36  [32mloss:  1.93124  [38;2;180;60;0mgrad_norm:  4.2188  [38;2;54;234;195mmemory: 10.48GiB(13.24%)  [34mtps: 461  [36mtflops: 1.61  [35mmfu: 0.21%[39m
[titan] 2026-09-12 09:46:02,865 - root - INFO - [31mstep: 36  [32mloss: -1.00000  [38;2;180;60;0mgrad_norm:  4.2188  [38;2;54;234;195mmemory:  9.53GiB(12.04%)  [34mtps: 461  [36mtflops: 1.61  [35mmfu: 0.21%[39m
[titan] 2026-09-12 09:46:03,963 - root - INFO - [31mstep: 37  [32mloss:  2.38271  [38;2;180;60;0mgrad_norm:  2.7188  [38;2;54;234;195mmemory: 10.48GiB(13.24%)  [34mtps: 464  [36mtflops: 1.62  [35mmfu: 0.21%[39m
[titan] 2026-09-12 09:46:03,969 - root - INFO - [31mstep: 37  [32mloss: -1.00000  [38;2;180;60;0mgrad_norm:  2.7188  [38;2;54;234;195mmemory:  9.53GiB(12.04%)  [34mtps: 464  [36mtflops: 1.62  [35mmfu: 0.21%[39m
[titan] 2026-09-12 09:46:05,067 - root - INFO - [31mstep: 38  [32mloss:  2.32820  [38;2;180;60;0mgrad_norm:  2.9531  [38;2;54;234;195mmemory: 10.48GiB(13.24%)  [34mtps: 464  [36mtflops: 1.62  [35mmfu: 0.21%[39m
[titan] 2026-09-12 09:46:05,072 - root - INFO - [31mstep: 38  [32mloss: -1.00000  [38;2;180;60;0mgrad_norm:  2.9531  [38;2;54;234;195mmemory:  9.53GiB(12.04%)  [34mtps: 464  [36mtflops: 1.62  [35mmfu: 0.21%[39m
[titan] 2026-09-12 09:46:06,173 - root - INFO - [31mstep: 39  [32mloss:  2.30100  [38;2;180;60;0mgrad_norm:  3.5938  [38;2;54;234;195mmemory: 10.48GiB(13.24%)  [34mtps: 463  [36mtflops: 1.62  [35mmfu: 0.21%[39m
[titan] 2026-09-12 09:46:06,177 - root - INFO - [31mstep: 39  [32mloss: -1.00000  [38;2;180;60;0mgrad_norm:  3.5938  [38;2;54;234;195mmemory:  9.53GiB(12.04%)  [34mtps: 463  [36mtflops: 1.62  [35mmfu: 0.21%[39m
[titan] 2026-09-12 09:46:07,283 - root - INFO - [31mstep: 40  [32mloss:  1.43623  [38;2;180;60;0mgrad_norm:  3.8281  [38;2;54;234;195mmemory: 10.48GiB(13.24%)  [34mtps: 461  [36mtflops: 1.61  [35mmfu: 0.21%[39m
[titan] 2026-09-12 09:46:07,288 - root - INFO - [31mstep: 40  [32mloss: -1.00000  [38;2;180;60;0mgrad_norm:  3.8281  [38;2;54;234;195mmemory:  9.53GiB(12.04%)  [34mtps: 461  [36mtflops: 1.61  [35mmfu: 0.21%[39m
[titan] 2026-09-12 09:46:08,382 - root - INFO - [31mstep: 41  [32mloss:  2.02580  [38;2;180;60;0mgrad_norm:  3.1562  [38;2;54;234;195mmemory: 10.48GiB(13.24%)  [34mtps: 466  [36mtflops: 1.63  [35mmfu: 0.22%[39m
[titan] 2026-09-12 09:46:08,387 - root - INFO - [31mstep: 41  [32mloss: -1.00000  [38;2;180;60;0mgrad_norm:  3.1562  [38;2;54;234;195mmemory:  9.53GiB(12.04%)  [34mtps: 466  [36mtflops: 1.63  [35mmfu: 0.22%[39m
[titan] 2026-09-12 09:46:09,488 - root - INFO - [31mstep: 42  [32mloss:  1.67581  [38;2;180;60;0mgrad_norm:  2.7969  [38;2;54;234;195mmemory: 10.48GiB(13.24%)  [34mtps: 463  [36mtflops: 1.62  [35mmfu: 0.21%[39m
[titan] 2026-09-12 09:46:09,492 - root - INFO - [31mstep: 42  [32mloss: -1.00000  [38;2;180;60;0mgrad_norm:  2.7969  [38;2;54;234;195mmemory:  9.53GiB(12.04%)  [34mtps: 463  [36mtflops: 1.62  [35mmfu: 0.21%[39m
[titan] 2026-09-12 09:46:10,590 - root - INFO - [31mstep: 43  [32mloss:  1.05779  [38;2;180;60;0mgrad_norm:  2.7344  [38;2;54;234;195mmemory: 10.48GiB(13.24%)  [34mtps: 465  [36mtflops: 1.62  [35mmfu: 0.21%[39m
[titan] 2026-09-12 09:46:10,594 - root - INFO - [31mstep: 43  [32mloss: -1.00000  [38;2;180;60;0mgrad_norm:  2.7344  [38;2;54;234;195mmemory:  9.53GiB(12.04%)  [34mtps: 465  [36mtflops: 1.62  [35mmfu: 0.21%[39m
[titan] 2026-09-12 09:46:11,698 - root - INFO - [31mstep: 44  [32mloss:  1.62328  [38;2;180;60;0mgrad_norm:  2.5625  [38;2;54;234;195mmemory: 10.48GiB(13.24%)  [34mtps: 462  [36mtflops: 1.61  [35mmfu: 0.21%[39m
[titan] 2026-09-12 09:46:11,703 - root - INFO - [31mstep: 44  [32mloss: -1.00000  [38;2;180;60;0mgrad_norm:  2.5625  [38;2;54;234;195mmemory:  9.53GiB(12.04%)  [34mtps: 462  [36mtflops: 1.61  [35mmfu: 0.21%[39m
[titan] 2026-09-12 09:46:12,806 - root - INFO - [31mstep: 45  [32mloss:  1.47792  [38;2;180;60;0mgrad_norm:  4.5938  [38;2;54;234;195mmemory: 10.48GiB(13.24%)  [34mtps: 462  [36mtflops: 1.61  [35mmfu: 0.21%[39m
[titan] 2026-09-12 09:46:12,811 - root - INFO - [31mstep: 45  [32mloss: -1.00000  [38;2;180;60;0mgrad_norm:  4.5938  [38;2;54;234;195mmemory:  9.53GiB(12.04%)  [34mtps: 462  [36mtflops: 1.61  [35mmfu: 0.21%[39m
[titan] 2026-09-12 09:46:13,920 - root - INFO - [31mstep: 46  [32mloss:  1.37881  [38;2;180;60;0mgrad_norm:  1.8594  [38;2;54;234;195mmemory: 10.48GiB(13.24%)  [34mtps: 460  [36mtflops: 1.60  [35mmfu: 0.21%[39m
[titan] 2026-09-12 09:46:13,925 - root - INFO - [31mstep: 46  [32mloss: -1.00000  [38;2;180;60;0mgrad_norm:  1.8594  [38;2;54;234;195mmemory:  9.53GiB(12.04%)  [34mtps: 459  [36mtflops: 1.60  [35mmfu: 0.21%[39m
[titan] 2026-09-12 09:46:15,024 - root - INFO - [31mstep: 47  [32mloss:  1.54465  [38;2;180;60;0mgrad_norm:  2.5625  [38;2;54;234;195mmemory: 10.48GiB(13.24%)  [34mtps: 464  [36mtflops: 1.62  [35mmfu: 0.21%[39m
[titan] 2026-09-12 09:46:15,029 - root - INFO - [31mstep: 47  [32mloss: -1.00000  [38;2;180;60;0mgrad_norm:  2.5625  [38;2;54;234;195mmemory:  9.53GiB(12.04%)  [34mtps: 464  [36mtflops: 1.62  [35mmfu: 0.21%[39m
[titan] 2026-09-12 09:46:16,130 - root - INFO - [31mstep: 48  [32mloss:  0.82813  [38;2;180;60;0mgrad_norm:  2.7500  [38;2;54;234;195mmemory: 10.48GiB(13.24%)  [34mtps: 463  [36mtflops: 1.62  [35mmfu: 0.21%[39m
[titan] 2026-09-12 09:46:16,134 - root - INFO - [31mstep: 48  [32mloss: -1.00000  [38;2;180;60;0mgrad_norm:  2.7500  [38;2;54;234;195mmemory:  9.53GiB(12.04%)  [34mtps: 463  [36mtflops: 1.62  [35mmfu: 0.21%[39m
[titan] 2026-09-12 09:46:17,235 - root - INFO - [31mstep: 49  [32mloss:  0.94946  [38;2;180;60;0mgrad_norm:  3.2812  [38;2;54;234;195mmemory: 10.48GiB(13.24%)  [34mtps: 463  [36mtflops: 1.62  [35mmfu: 0.21%[39m
[titan] 2026-09-12 09:46:17,240 - root - INFO - [31mstep: 49  [32mloss: -1.00000  [38;2;180;60;0mgrad_norm:  3.2812  [38;2;54;234;195mmemory:  9.53GiB(12.04%)  [34mtps: 463  [36mtflops: 1.62  [35mmfu: 0.21%[39m
[titan] 2026-09-12 09:46:17,542 - root - INFO - [GC] Performing periodic GC collection took 0.31 seconds
[titan] 2026-09-12 09:46:17,666 - root - INFO - [GC] Performing periodic GC collection took 0.43 seconds
[titan] 2026-09-12 09:46:18,802 - root - INFO - [31mstep: 50  [32mloss:  1.31080  [38;2;180;60;0mgrad_norm:  3.3594  [38;2;54;234;195mmemory: 10.48GiB(13.24%)  [34mtps: 327  [36mtflops: 1.14  [35mmfu: 0.15%[39m
[titan] 2026-09-12 09:46:18,806 - root - INFO - [31mstep: 50  [32mloss: -1.00000  [38;2;180;60;0mgrad_norm:  3.3594  [38;2;54;234;195mmemory:  9.53GiB(12.04%)  [34mtps: 327  [36mtflops: 1.14  [35mmfu: 0.15%[39m
[titan] 2026-09-12 09:46:19,931 - root - INFO - [31mstep: 51  [32mloss:  0.59199  [38;2;180;60;0mgrad_norm:  2.7344  [38;2;54;234;195mmemory: 10.48GiB(13.24%)  [34mtps: 454  [36mtflops: 1.58  [35mmfu: 0.21%[39m
[titan] 2026-09-12 09:46:19,936 - root - INFO - [31mstep: 51  [32mloss: -1.00000  [38;2;180;60;0mgrad_norm:  2.7344  [38;2;54;234;195mmemory:  9.53GiB(12.04%)  [34mtps: 453  [36mtflops: 1.58  [35mmfu: 0.21%[39m
[titan] 2026-09-12 09:46:21,056 - root - INFO - [31mstep: 52  [32mloss:  1.28038  [38;2;180;60;0mgrad_norm:  2.9531  [38;2;54;234;195mmemory: 10.48GiB(13.24%)  [34mtps: 455  [36mtflops: 1.59  [35mmfu: 0.21%[39m
[titan] 2026-09-12 09:46:21,061 - root - INFO - [31mstep: 52  [32mloss: -1.00000  [38;2;180;60;0mgrad_norm:  2.9531  [38;2;54;234;195mmemory:  9.53GiB(12.04%)  [34mtps: 455  [36mtflops: 1.59  [35mmfu: 0.21%[39m
[titan] 2026-09-12 09:46:22,187 - root - INFO - [31mstep: 53  [32mloss:  1.24569  [38;2;180;60;0mgrad_norm:  1.8281  [38;2;54;234;195mmemory: 10.48GiB(13.24%)  [34mtps: 453  [36mtflops: 1.58  [35mmfu: 0.21%[39m
[titan] 2026-09-12 09:46:22,192 - root - INFO - [31mstep: 53  [32mloss: -1.00000  [38;2;180;60;0mgrad_norm:  1.8281  [38;2;54;234;195mmemory:  9.53GiB(12.04%)  [34mtps: 453  [36mtflops: 1.58  [35mmfu: 0.21%[39m
[titan] 2026-09-12 09:46:23,319 - root - INFO - [31mstep: 54  [32mloss:  0.62834  [38;2;180;60;0mgrad_norm:  1.2344  [38;2;54;234;195mmemory: 10.48GiB(13.24%)  [34mtps: 453  [36mtflops: 1.58  [35mmfu: 0.21%[39m
[titan] 2026-09-12 09:46:23,323 - root - INFO - [31mstep: 54  [32mloss: -1.00000  [38;2;180;60;0mgrad_norm:  1.2344  [38;2;54;234;195mmemory:  9.53GiB(12.04%)  [34mtps: 452  [36mtflops: 1.58  [35mmfu: 0.21%[39m
[titan] 2026-09-12 09:46:24,453 - root - INFO - [31mstep: 55  [32mloss:  1.20114  [38;2;180;60;0mgrad_norm:  1.9453  [38;2;54;234;195mmemory: 10.48GiB(13.24%)  [34mtps: 452  [36mtflops: 1.58  [35mmfu: 0.21%[39m
[titan] 2026-09-12 09:46:24,458 - root - INFO - [31mstep: 55  [32mloss: -1.00000  [38;2;180;60;0mgrad_norm:  1.9453  [38;2;54;234;195mmemory:  9.53GiB(12.04%)  [34mtps: 452  [36mtflops: 1.58  [35mmfu: 0.21%[39m
[titan] 2026-09-12 09:46:25,583 - root - INFO - [31mstep: 56  [32mloss:  0.39478  [38;2;180;60;0mgrad_norm:  1.0234  [38;2;54;234;195mmemory: 10.48GiB(13.24%)  [34mtps: 453  [36mtflops: 1.58  [35mmfu: 0.21%[39m
[titan] 2026-09-12 09:46:25,588 - root - INFO - [31mstep: 56  [32mloss: -1.00000  [38;2;180;60;0mgrad_norm:  1.0234  [38;2;54;234;195mmemory:  9.53GiB(12.04%)  [34mtps: 453  [36mtflops: 1.58  [35mmfu: 0.21%[39m
[titan] 2026-09-12 09:46:26,718 - root - INFO - [31mstep: 57  [32mloss:  1.86630  [38;2;180;60;0mgrad_norm:  4.8750  [38;2;54;234;195mmemory: 10.48GiB(13.24%)  [34mtps: 451  [36mtflops: 1.57  [35mmfu: 0.21%[39m
[titan] 2026-09-12 09:46:26,723 - root - INFO - [31mstep: 57  [32mloss: -1.00000  [38;2;180;60;0mgrad_norm:  4.8750  [38;2;54;234;195mmemory:  9.53GiB(12.04%)  [34mtps: 451  [36mtflops: 1.57  [35mmfu: 0.21%[39m
[titan] 2026-09-12 09:46:27,847 - root - INFO - [31mstep: 58  [32mloss:  0.91639  [38;2;180;60;0mgrad_norm:  2.2188  [38;2;54;234;195mmemory: 10.48GiB(13.24%)  [34mtps: 454  [36mtflops: 1.58  [35mmfu: 0.21%[39m
[titan] 2026-09-12 09:46:27,851 - root - INFO - [31mstep: 58  [32mloss: -1.00000  [38;2;180;60;0mgrad_norm:  2.2188  [38;2;54;234;195mmemory:  9.53GiB(12.04%)  [34mtps: 454  [36mtflops: 1.58  [35mmfu: 0.21%[39m
[titan] 2026-09-12 09:46:28,980 - root - INFO - [31mstep: 59  [32mloss:  0.81561  [38;2;180;60;0mgrad_norm:  2.9062  [38;2;54;234;195mmemory: 10.48GiB(13.24%)  [34mtps: 452  [36mtflops: 1.58  [35mmfu: 0.21%[39m
[titan] 2026-09-12 09:46:28,985 - root - INFO - [31mstep: 59  [32mloss: -1.00000  [38;2;180;60;0mgrad_norm:  2.9062  [38;2;54;234;195mmemory:  9.53GiB(12.04%)  [34mtps: 452  [36mtflops: 1.58  [35mmfu: 0.21%[39m
[titan] 2026-09-12 09:46:30,111 - root - INFO - [31mstep: 60  [32mloss:  0.75831  [38;2;180;60;0mgrad_norm:  2.2500  [38;2;54;234;195mmemory: 10.48GiB(13.24%)  [34mtps: 453  [36mtflops: 1.58  [35mmfu: 0.21%[39m
[titan] 2026-09-12 09:46:30,116 - root - INFO - [31mstep: 60  [32mloss: -1.00000  [38;2;180;60;0mgrad_norm:  2.2500  [38;2;54;234;195mmemory:  9.53GiB(12.04%)  [34mtps: 453  [36mtflops: 1.58  [35mmfu: 0.21%[39m
[titan] 2026-09-12 09:46:31,247 - root - INFO - [31mstep: 61  [32mloss:  0.53355  [38;2;180;60;0mgrad_norm:  1.7969  [38;2;54;234;195mmemory: 10.48GiB(13.24%)  [34mtps: 451  [36mtflops: 1.57  [35mmfu: 0.21%[39m
[titan] 2026-09-12 09:46:31,252 - root - INFO - [31mstep: 61  [32mloss: -1.00000  [38;2;180;60;0mgrad_norm:  1.7969  [38;2;54;234;195mmemory:  9.53GiB(12.04%)  [34mtps: 451  [36mtflops: 1.57  [35mmfu: 0.21%[39m
[titan] 2026-09-12 09:46:32,381 - root - INFO - [31mstep: 62  [32mloss:  1.36958  [38;2;180;60;0mgrad_norm:  2.6562  [38;2;54;234;195mmemory: 10.48GiB(13.24%)  [34mtps: 452  [36mtflops: 1.58  [35mmfu: 0.21%[39m
[titan] 2026-09-12 09:46:32,386 - root - INFO - [31mstep: 62  [32mloss: -1.00000  [38;2;180;60;0mgrad_norm:  2.6562  [38;2;54;234;195mmemory:  9.53GiB(12.04%)  [34mtps: 452  [36mtflops: 1.58  [35mmfu: 0.21%[39m
[titan] 2026-09-12 09:46:33,512 - root - INFO - [31mstep: 63  [32mloss:  0.56151  [38;2;180;60;0mgrad_norm:  1.3750  [38;2;54;234;195mmemory: 10.48GiB(13.24%)  [34mtps: 453  [36mtflops: 1.58  [35mmfu: 0.21%[39m
[titan] 2026-09-12 09:46:33,517 - root - INFO - [31mstep: 63  [32mloss: -1.00000  [38;2;180;60;0mgrad_norm:  1.3750  [38;2;54;234;195mmemory:  9.53GiB(12.04%)  [34mtps: 453  [36mtflops: 1.58  [35mmfu: 0.21%[39m
[titan] 2026-09-12 09:46:34,649 - root - INFO - [31mstep: 64  [32mloss:  0.64693  [38;2;180;60;0mgrad_norm:  2.2969  [38;2;54;234;195mmemory: 10.48GiB(13.24%)  [34mtps: 450  [36mtflops: 1.57  [35mmfu: 0.21%[39m
[titan] 2026-09-12 09:46:34,654 - root - INFO - [31mstep: 64  [32mloss: -1.00000  [38;2;180;60;0mgrad_norm:  2.2969  [38;2;54;234;195mmemory:  9.53GiB(12.04%)  [34mtps: 450  [36mtflops: 1.57  [35mmfu: 0.21%[39m
[titan] 2026-09-12 09:46:35,780 - root - INFO - [31mstep: 65  [32mloss:  0.52539  [38;2;180;60;0mgrad_norm:  2.1719  [38;2;54;234;195mmemory: 10.48GiB(13.24%)  [34mtps: 453  [36mtflops: 1.58  [35mmfu: 0.21%[39m
[titan] 2026-09-12 09:46:35,785 - root - INFO - [31mstep: 65  [32mloss: -1.00000  [38;2;180;60;0mgrad_norm:  2.1719  [38;2;54;234;195mmemory:  9.53GiB(12.04%)  [34mtps: 453  [36mtflops: 1.58  [35mmfu: 0.21%[39m
[titan] 2026-09-12 09:46:36,917 - root - INFO - [31mstep: 66  [32mloss:  0.49591  [38;2;180;60;0mgrad_norm:  1.3828  [38;2;54;234;195mmemory: 10.48GiB(13.24%)  [34mtps: 451  [36mtflops: 1.57  [35mmfu: 0.21%[39m
[titan] 2026-09-12 09:46:36,922 - root - INFO - [31mstep: 66  [32mloss: -1.00000  [38;2;180;60;0mgrad_norm:  1.3828  [38;2;54;234;195mmemory:  9.53GiB(12.04%)  [34mtps: 451  [36mtflops: 1.57  [35mmfu: 0.21%[39m
[titan] 2026-09-12 09:46:38,049 - root - INFO - [31mstep: 67  [32mloss:  0.61526  [38;2;180;60;0mgrad_norm:  1.7109  [38;2;54;234;195mmemory: 10.48GiB(13.24%)  [34mtps: 452  [36mtflops: 1.58  [35mmfu: 0.21%[39m
[titan] 2026-09-12 09:46:38,054 - root - INFO - [31mstep: 67  [32mloss: -1.00000  [38;2;180;60;0mgrad_norm:  1.7109  [38;2;54;234;195mmemory:  9.53GiB(12.04%)  [34mtps: 452  [36mtflops: 1.58  [35mmfu: 0.21%[39m
[titan] 2026-09-12 09:46:39,186 - root - INFO - [31mstep: 68  [32mloss:  0.25720  [38;2;180;60;0mgrad_norm:  0.9727  [38;2;54;234;195mmemory: 10.48GiB(13.24%)  [34mtps: 451  [36mtflops: 1.57  [35mmfu: 0.21%[39m
[titan] 2026-09-12 09:46:39,191 - root - INFO - [31mstep: 68  [32mloss: -1.00000  [38;2;180;60;0mgrad_norm:  0.9727  [38;2;54;234;195mmemory:  9.53GiB(12.04%)  [34mtps: 451  [36mtflops: 1.57  [35mmfu: 0.21%[39m
[titan] 2026-09-12 09:46:40,317 - root - INFO - [31mstep: 69  [32mloss:  0.39346  [38;2;180;60;0mgrad_norm:  1.9766  [38;2;54;234;195mmemory: 10.48GiB(13.24%)  [34mtps: 453  [36mtflops: 1.58  [35mmfu: 0.21%[39m
[titan] 2026-09-12 09:46:40,322 - root - INFO - [31mstep: 69  [32mloss: -1.00000  [38;2;180;60;0mgrad_norm:  1.9766  [38;2;54;234;195mmemory:  9.53GiB(12.04%)  [34mtps: 453  [36mtflops: 1.58  [35mmfu: 0.21%[39m
[titan] 2026-09-12 09:46:41,445 - root - INFO - [31mstep: 70  [32mloss:  0.77929  [38;2;180;60;0mgrad_norm:  3.9531  [38;2;54;234;195mmemory: 10.48GiB(13.24%)  [34mtps: 454  [36mtflops: 1.58  [35mmfu: 0.21%[39m
[titan] 2026-09-12 09:46:41,450 - root - INFO - [31mstep: 70  [32mloss: -1.00000  [38;2;180;60;0mgrad_norm:  3.9531  [38;2;54;234;195mmemory:  9.53GiB(12.04%)  [34mtps: 454  [36mtflops: 1.58  [35mmfu: 0.21%[39m
[titan] 2026-09-12 09:46:42,580 - root - INFO - [31mstep: 71  [32mloss:  0.36965  [38;2;180;60;0mgrad_norm:  1.5078  [38;2;54;234;195mmemory: 10.48GiB(13.24%)  [34mtps: 451  [36mtflops: 1.57  [35mmfu: 0.21%[39m
[titan] 2026-09-12 09:46:42,585 - root - INFO - [31mstep: 71  [32mloss: -1.00000  [38;2;180;60;0mgrad_norm:  1.5078  [38;2;54;234;195mmemory:  9.53GiB(12.04%)  [34mtps: 451  [36mtflops: 1.57  [35mmfu: 0.21%[39m
[titan] 2026-09-12 09:46:43,716 - root - INFO - [31mstep: 72  [32mloss:  0.22795  [38;2;180;60;0mgrad_norm:  2.0469  [38;2;54;234;195mmemory: 10.48GiB(13.24%)  [34mtps: 451  [36mtflops: 1.57  [35mmfu: 0.21%[39m
[titan] 2026-09-12 09:46:43,720 - root - INFO - [31mstep: 72  [32mloss: -1.00000  [38;2;180;60;0mgrad_norm:  2.0469  [38;2;54;234;195mmemory:  9.53GiB(12.04%)  [34mtps: 451  [36mtflops: 1.57  [35mmfu: 0.21%[39m
[titan] 2026-09-12 09:46:44,853 - root - INFO - [31mstep: 73  [32mloss:  0.31528  [38;2;180;60;0mgrad_norm:  1.5391  [38;2;54;234;195mmemory: 10.48GiB(13.24%)  [34mtps: 450  [36mtflops: 1.57  [35mmfu: 0.21%[39m
[titan] 2026-09-12 09:46:44,858 - root - INFO - [31mstep: 73  [32mloss: -1.00000  [38;2;180;60;0mgrad_norm:  1.5391  [38;2;54;234;195mmemory:  9.53GiB(12.04%)  [34mtps: 450  [36mtflops: 1.57  [35mmfu: 0.21%[39m
[titan] 2026-09-12 09:46:45,992 - root - INFO - [31mstep: 74  [32mloss:  0.33264  [38;2;180;60;0mgrad_norm:  1.7266  [38;2;54;234;195mmemory: 10.48GiB(13.24%)  [34mtps: 449  [36mtflops: 1.57  [35mmfu: 0.21%[39m
[titan] 2026-09-12 09:46:45,997 - root - INFO - [31mstep: 74  [32mloss: -1.00000  [38;2;180;60;0mgrad_norm:  1.7266  [38;2;54;234;195mmemory:  9.53GiB(12.04%)  [34mtps: 450  [36mtflops: 1.57  [35mmfu: 0.21%[39m
[titan] 2026-09-12 09:46:47,133 - root - INFO - [31mstep: 75  [32mloss:  0.49140  [38;2;180;60;0mgrad_norm:  2.7344  [38;2;54;234;195mmemory: 10.48GiB(13.24%)  [34mtps: 449  [36mtflops: 1.57  [35mmfu: 0.21%[39m
[titan] 2026-09-12 09:46:47,138 - root - INFO - [31mstep: 75  [32mloss: -1.00000  [38;2;180;60;0mgrad_norm:  2.7344  [38;2;54;234;195mmemory:  9.53GiB(12.04%)  [34mtps: 449  [36mtflops: 1.57  [35mmfu: 0.21%[39m
[titan] 2026-09-12 09:46:48,269 - root - INFO - [31mstep: 76  [32mloss:  0.33993  [38;2;180;60;0mgrad_norm:  1.4453  [38;2;54;234;195mmemory: 10.48GiB(13.24%)  [34mtps: 451  [36mtflops: 1.57  [35mmfu: 0.21%[39m
[titan] 2026-09-12 09:46:48,274 - root - INFO - [31mstep: 76  [32mloss: -1.00000  [38;2;180;60;0mgrad_norm:  1.4453  [38;2;54;234;195mmemory:  9.53GiB(12.04%)  [34mtps: 451  [36mtflops: 1.57  [35mmfu: 0.21%[39m
[titan] 2026-09-12 09:46:49,403 - root - INFO - [31mstep: 77  [32mloss:  0.25994  [38;2;180;60;0mgrad_norm:  1.2344  [38;2;54;234;195mmemory: 10.48GiB(13.24%)  [34mtps: 452  [36mtflops: 1.58  [35mmfu: 0.21%[39m
[titan] 2026-09-12 09:46:49,409 - root - INFO - [31mstep: 77  [32mloss: -1.00000  [38;2;180;60;0mgrad_norm:  1.2344  [38;2;54;234;195mmemory:  9.53GiB(12.04%)  [34mtps: 451  [36mtflops: 1.57  [35mmfu: 0.21%[39m
[titan] 2026-09-12 09:46:50,539 - root - INFO - [31mstep: 78  [32mloss:  0.14989  [38;2;180;60;0mgrad_norm:  0.7539  [38;2;54;234;195mmemory: 10.48GiB(13.24%)  [34mtps: 451  [36mtflops: 1.57  [35mmfu: 0.21%[39m
[titan] 2026-09-12 09:46:50,544 - root - INFO - [31mstep: 78  [32mloss: -1.00000  [38;2;180;60;0mgrad_norm:  0.7539  [38;2;54;234;195mmemory:  9.53GiB(12.04%)  [34mtps: 451  [36mtflops: 1.57  [35mmfu: 0.21%[39m
[titan] 2026-09-12 09:46:51,672 - root - INFO - [31mstep: 79  [32mloss:  0.37770  [38;2;180;60;0mgrad_norm:  1.1562  [38;2;54;234;195mmemory: 10.48GiB(13.24%)  [34mtps: 452  [36mtflops: 1.58  [35mmfu: 0.21%[39m
[titan] 2026-09-12 09:46:51,677 - root - INFO - [31mstep: 79  [32mloss: -1.00000  [38;2;180;60;0mgrad_norm:  1.1562  [38;2;54;234;195mmemory:  9.53GiB(12.04%)  [34mtps: 452  [36mtflops: 1.58  [35mmfu: 0.21%[39m
[titan] 2026-09-12 09:46:52,804 - root - INFO - [31mstep: 80  [32mloss:  0.23655  [38;2;180;60;0mgrad_norm:  1.0547  [38;2;54;234;195mmemory: 10.48GiB(13.24%)  [34mtps: 452  [36mtflops: 1.58  [35mmfu: 0.21%[39m
[titan] 2026-09-12 09:46:52,809 - root - INFO - [31mstep: 80  [32mloss: -1.00000  [38;2;180;60;0mgrad_norm:  1.0547  [38;2;54;234;195mmemory:  9.53GiB(12.04%)  [34mtps: 452  [36mtflops: 1.58  [35mmfu: 0.21%[39m
[titan] 2026-09-12 09:46:53,938 - root - INFO - [31mstep: 81  [32mloss:  0.18271  [38;2;180;60;0mgrad_norm:  1.3281  [38;2;54;234;195mmemory: 10.48GiB(13.24%)  [34mtps: 452  [36mtflops: 1.58  [35mmfu: 0.21%[39m
[titan] 2026-09-12 09:46:53,942 - root - INFO - [31mstep: 81  [32mloss: -1.00000  [38;2;180;60;0mgrad_norm:  1.3281  [38;2;54;234;195mmemory:  9.53GiB(12.04%)  [34mtps: 452  [36mtflops: 1.58  [35mmfu: 0.21%[39m
[titan] 2026-09-12 09:46:55,071 - root - INFO - [31mstep: 82  [32mloss:  0.40132  [38;2;180;60;0mgrad_norm:  1.9141  [38;2;54;234;195mmemory: 10.48GiB(13.24%)  [34mtps: 452  [36mtflops: 1.58  [35mmfu: 0.21%[39m
[titan] 2026-09-12 09:46:55,076 - root - INFO - [31mstep: 82  [32mloss: -1.00000  [38;2;180;60;0mgrad_norm:  1.9141  [38;2;54;234;195mmemory:  9.53GiB(12.04%)  [34mtps: 452  [36mtflops: 1.58  [35mmfu: 0.21%[39m
[titan] 2026-09-12 09:46:56,225 - root - INFO - [31mstep: 83  [32mloss:  0.17257  [38;2;180;60;0mgrad_norm:  0.9258  [38;2;54;234;195mmemory: 10.48GiB(13.24%)  [34mtps: 444  [36mtflops: 1.55  [35mmfu: 0.20%[39m
[titan] 2026-09-12 09:46:56,230 - root - INFO - [31mstep: 83  [32mloss: -1.00000  [38;2;180;60;0mgrad_norm:  0.9258  [38;2;54;234;195mmemory:  9.53GiB(12.04%)  [34mtps: 444  [36mtflops: 1.55  [35mmfu: 0.20%[39m
[titan] 2026-09-12 09:46:57,360 - root - INFO - [31mstep: 84  [32mloss:  0.36508  [38;2;180;60;0mgrad_norm:  1.8047  [38;2;54;234;195mmemory: 10.48GiB(13.24%)  [34mtps: 451  [36mtflops: 1.57  [35mmfu: 0.21%[39m
[titan] 2026-09-12 09:46:57,364 - root - INFO - [31mstep: 84  [32mloss: -1.00000  [38;2;180;60;0mgrad_norm:  1.8047  [38;2;54;234;195mmemory:  9.53GiB(12.04%)  [34mtps: 451  [36mtflops: 1.58  [35mmfu: 0.21%[39m
[titan] 2026-09-12 09:46:58,493 - root - INFO - [31mstep: 85  [32mloss:  0.21032  [38;2;180;60;0mgrad_norm:  1.1406  [38;2;54;234;195mmemory: 10.48GiB(13.24%)  [34mtps: 452  [36mtflops: 1.58  [35mmfu: 0.21%[39m
[titan] 2026-09-12 09:46:58,498 - root - INFO - [31mstep: 85  [32mloss: -1.00000  [38;2;180;60;0mgrad_norm:  1.1406  [38;2;54;234;195mmemory:  9.53GiB(12.04%)  [34mtps: 452  [36mtflops: 1.58  [35mmfu: 0.21%[39m
[titan] 2026-09-12 09:46:59,650 - root - INFO - [31mstep: 86  [32mloss:  0.10478  [38;2;180;60;0mgrad_norm:  0.6523  [38;2;54;234;195mmemory: 10.48GiB(13.24%)  [34mtps: 443  [36mtflops: 1.54  [35mmfu: 0.20%[39m
[titan] 2026-09-12 09:46:59,655 - root - INFO - [31mstep: 86  [32mloss: -1.00000  [38;2;180;60;0mgrad_norm:  0.6523  [38;2;54;234;195mmemory:  9.53GiB(12.04%)  [34mtps: 443  [36mtflops: 1.54  [35mmfu: 0.20%[39m
[titan] 2026-09-12 09:47:00,785 - root - INFO - [31mstep: 87  [32mloss:  0.29358  [38;2;180;60;0mgrad_norm:  1.3047  [38;2;54;234;195mmemory: 10.48GiB(13.24%)  [34mtps: 451  [36mtflops: 1.58  [35mmfu: 0.21%[39m
[titan] 2026-09-12 09:47:00,789 - root - INFO - [31mstep: 87  [32mloss: -1.00000  [38;2;180;60;0mgrad_norm:  1.3047  [38;2;54;234;195mmemory:  9.53GiB(12.04%)  [34mtps: 451  [36mtflops: 1.58  [35mmfu: 0.21%[39m
[titan] 2026-09-12 09:47:01,917 - root - INFO - [31mstep: 88  [32mloss:  0.16844  [38;2;180;60;0mgrad_norm:  0.8047  [38;2;54;234;195mmemory: 10.48GiB(13.24%)  [34mtps: 452  [36mtflops: 1.58  [35mmfu: 0.21%[39m
[titan] 2026-09-12 09:47:01,922 - root - INFO - [31mstep: 88  [32mloss: -1.00000  [38;2;180;60;0mgrad_norm:  0.8047  [38;2;54;234;195mmemory:  9.53GiB(12.04%)  [34mtps: 452  [36mtflops: 1.58  [35mmfu: 0.21%[39m
[titan] 2026-09-12 09:47:03,056 - root - INFO - [31mstep: 89  [32mloss:  0.19178  [38;2;180;60;0mgrad_norm:  1.0234  [38;2;54;234;195mmemory: 10.48GiB(13.24%)  [34mtps: 450  [36mtflops: 1.57  [35mmfu: 0.21%[39m
[titan] 2026-09-12 09:47:03,062 - root - INFO - [31mstep: 89  [32mloss: -1.00000  [38;2;180;60;0mgrad_norm:  1.0234  [38;2;54;234;195mmemory:  9.53GiB(12.04%)  [34mtps: 449  [36mtflops: 1.57  [35mmfu: 0.21%[39m
[titan] 2026-09-12 09:47:04,195 - root - INFO - [31mstep: 90  [32mloss:  0.14060  [38;2;180;60;0mgrad_norm:  0.8164  [38;2;54;234;195mmemory: 10.48GiB(13.24%)  [34mtps: 450  [36mtflops: 1.57  [35mmfu: 0.21%[39m
[titan] 2026-09-12 09:47:04,199 - root - INFO - [31mstep: 90  [32mloss: -1.00000  [38;2;180;60;0mgrad_norm:  0.8164  [38;2;54;234;195mmemory:  9.53GiB(12.04%)  [34mtps: 450  [36mtflops: 1.57  [35mmfu: 0.21%[39m
[titan] 2026-09-12 09:47:05,337 - root - INFO - [31mstep: 91  [32mloss:  0.18808  [38;2;180;60;0mgrad_norm:  1.3125  [38;2;54;234;195mmemory: 10.48GiB(13.24%)  [34mtps: 448  [36mtflops: 1.56  [35mmfu: 0.21%[39m
[titan] 2026-09-12 09:47:05,342 - root - INFO - [31mstep: 91  [32mloss: -1.00000  [38;2;180;60;0mgrad_norm:  1.3125  [38;2;54;234;195mmemory:  9.53GiB(12.04%)  [34mtps: 448  [36mtflops: 1.56  [35mmfu: 0.21%[39m
[titan] 2026-09-12 09:47:06,475 - root - INFO - [31mstep: 92  [32mloss:  0.17390  [38;2;180;60;0mgrad_norm:  0.8398  [38;2;54;234;195mmemory: 10.48GiB(13.24%)  [34mtps: 450  [36mtflops: 1.57  [35mmfu: 0.21%[39m
[titan] 2026-09-12 09:47:06,480 - root - INFO - [31mstep: 92  [32mloss: -1.00000  [38;2;180;60;0mgrad_norm:  0.8398  [38;2;54;234;195mmemory:  9.53GiB(12.04%)  [34mtps: 450  [36mtflops: 1.57  [35mmfu: 0.21%[39m
[titan] 2026-09-12 09:47:07,608 - root - INFO - [31mstep: 93  [32mloss:  0.19358  [38;2;180;60;0mgrad_norm:  0.7695  [38;2;54;234;195mmemory: 10.48GiB(13.24%)  [34mtps: 452  [36mtflops: 1.58  [35mmfu: 0.21%[39m
[titan] 2026-09-12 09:47:07,613 - root - INFO - [31mstep: 93  [32mloss: -1.00000  [38;2;180;60;0mgrad_norm:  0.7695  [38;2;54;234;195mmemory:  9.53GiB(12.04%)  [34mtps: 452  [36mtflops: 1.58  [35mmfu: 0.21%[39m
[titan] 2026-09-12 09:47:08,743 - root - INFO - [31mstep: 94  [32mloss:  0.19002  [38;2;180;60;0mgrad_norm:  0.7148  [38;2;54;234;195mmemory: 10.48GiB(13.24%)  [34mtps: 451  [36mtflops: 1.57  [35mmfu: 0.21%[39m
[titan] 2026-09-12 09:47:08,748 - root - INFO - [31mstep: 94  [32mloss: -1.00000  [38;2;180;60;0mgrad_norm:  0.7148  [38;2;54;234;195mmemory:  9.53GiB(12.04%)  [34mtps: 451  [36mtflops: 1.57  [35mmfu: 0.21%[39m
[titan] 2026-09-12 09:47:09,879 - root - INFO - [31mstep: 95  [32mloss:  0.06906  [38;2;180;60;0mgrad_norm:  0.4336  [38;2;54;234;195mmemory: 10.48GiB(13.24%)  [34mtps: 451  [36mtflops: 1.57  [35mmfu: 0.21%[39m
[titan] 2026-09-12 09:47:09,883 - root - INFO - [31mstep: 95  [32mloss: -1.00000  [38;2;180;60;0mgrad_norm:  0.4336  [38;2;54;234;195mmemory:  9.53GiB(12.04%)  [34mtps: 451  [36mtflops: 1.57  [35mmfu: 0.21%[39m
[titan] 2026-09-12 09:47:11,011 - root - INFO - [31mstep: 96  [32mloss:  0.22221  [38;2;180;60;0mgrad_norm:  0.8750  [38;2;54;234;195mmemory: 10.48GiB(13.24%)  [34mtps: 452  [36mtflops: 1.58  [35mmfu: 0.21%[39m
[titan] 2026-09-12 09:47:11,016 - root - INFO - [31mstep: 96  [32mloss: -1.00000  [38;2;180;60;0mgrad_norm:  0.8750  [38;2;54;234;195mmemory:  9.53GiB(12.04%)  [34mtps: 452  [36mtflops: 1.58  [35mmfu: 0.21%[39m
[titan] 2026-09-12 09:47:12,145 - root - INFO - [31mstep: 97  [32mloss:  0.13189  [38;2;180;60;0mgrad_norm:  0.6680  [38;2;54;234;195mmemory: 10.48GiB(13.24%)  [34mtps: 452  [36mtflops: 1.58  [35mmfu: 0.21%[39m
[titan] 2026-09-12 09:47:12,150 - root - INFO - [31mstep: 97  [32mloss: -1.00000  [38;2;180;60;0mgrad_norm:  0.6680  [38;2;54;234;195mmemory:  9.53GiB(12.04%)  [34mtps: 451  [36mtflops: 1.57  [35mmfu: 0.21%[39m
[titan] 2026-09-12 09:47:13,282 - root - INFO - [31mstep: 98  [32mloss:  0.12887  [38;2;180;60;0mgrad_norm:  0.4727  [38;2;54;234;195mmemory: 10.48GiB(13.24%)  [34mtps: 451  [36mtflops: 1.57  [35mmfu: 0.21%[39m
[titan] 2026-09-12 09:47:13,287 - root - INFO - [31mstep: 98  [32mloss: -1.00000  [38;2;180;60;0mgrad_norm:  0.4727  [38;2;54;234;195mmemory:  9.53GiB(12.04%)  [34mtps: 451  [36mtflops: 1.57  [35mmfu: 0.21%[39m
[titan] 2026-09-12 09:47:14,421 - root - INFO - [31mstep: 99  [32mloss:  0.11313  [38;2;180;60;0mgrad_norm:  0.5781  [38;2;54;234;195mmemory: 10.48GiB(13.24%)  [34mtps: 450  [36mtflops: 1.57  [35mmfu: 0.21%[39m
[titan] 2026-09-12 09:47:14,426 - root - INFO - [31mstep: 99  [32mloss: -1.00000  [38;2;180;60;0mgrad_norm:  0.5781  [38;2;54;234;195mmemory:  9.53GiB(12.04%)  [34mtps: 450  [36mtflops: 1.57  [35mmfu: 0.21%[39m
[titan] 2026-09-12 09:47:14,583 - root - INFO - [GC] Performing periodic GC collection took 0.16 seconds
[titan] 2026-09-12 09:47:14,731 - root - INFO - [GC] Performing periodic GC collection took 0.30 seconds
[titan] 2026-09-12 09:47:15,864 - root - INFO - [31mstep: 100  [32mloss:  0.20885  [38;2;180;60;0mgrad_norm:  1.0547  [38;2;54;234;195mmemory: 10.48GiB(13.24%)  [34mtps: 355  [36mtflops: 1.24  [35mmfu: 0.16%[39m
[titan] 2026-09-12 09:47:15,864 - root - INFO - Saving the checkpoint.
[titan] 2026-09-12 09:47:15,865 - root - INFO - Saving a full checkpoint at last step, step 100.
[titan] 2026-09-12 09:47:15,869 - root - INFO - [31mstep: 100  [32mloss: -1.00000  [38;2;180;60;0mgrad_norm:  1.0547  [38;2;54;234;195mmemory:  9.53GiB(12.04%)  [34mtps: 355  [36mtflops: 1.24  [35mmfu: 0.16%[39m
[titan] 2026-09-12 09:47:15,869 - root - INFO - Saving the checkpoint.
[titan] 2026-09-12 09:47:15,869 - root - INFO - Saving a full checkpoint at last step, step 100.
[titan] 2026-09-12 09:47:22,933 - root - INFO - [GC] GC collection invoked by checkpointer. took 0.08 seconds
[titan] 2026-09-12 09:47:22,938 - root - INFO - [GC] GC collection invoked by checkpointer. took 0.06 seconds
[titan] 2026-09-12 09:47:22,939 - root - INFO - Last step checkpoint completed in 7.07s
[titan] 2026-09-12 09:47:22,939 - root - INFO - Sleeping 2 seconds for other ranks to complete
[titan] 2026-09-12 09:47:22,942 - root - INFO - Last step checkpoint completed in 7.08s
[titan] 2026-09-12 09:47:22,943 - root - INFO - Training completed
[titan] 2026-09-12 09:47:22,944 - root - INFO - Destroying the purge thread.
[titan] 2026-09-12 09:47:24,939 - root - INFO - Training completed
[titan] 2026-09-12 09:47:24,941 - root - INFO - Destroying the purge thread.
[titan] 2026-09-12 09:47:25,471 - root - INFO - Process group destroyed
[titan] 2026-09-12 09:47:25,725 - root - INFO - Process group destroyed
