W0930 13:35:48.926000 182911 torch/distributed/run.py:982] 
W0930 13:35:48.926000 182911 torch/distributed/run.py:982] *****************************************
W0930 13:35:48.926000 182911 torch/distributed/run.py:982] Setting OMP_NUM_THREADS environment variable for each process to be 1 in default, to avoid your system being overloaded, please further tune the variable for optimal performance in your application as needed. 
W0930 13:35:48.926000 182911 torch/distributed/run.py:982] *****************************************
[rank1]:WARNING:absl:Failed to load jax profiler: No module named 'jax'
[rank0]:WARNING:absl:Failed to load jax profiler: No module named 'jax'
[rank1]:[titan] 2026-09-30 13:35:54,560 - __main__ - INFO - torchtitan version: 0.0.0+unknown (0.0.0 means __version__ is not defined correctly).
[rank0]:[titan] 2026-09-30 13:35:54,576 - __main__ - INFO - torchtitan version: 0.0.0+unknown (0.0.0 means __version__ is not defined correctly).
[rank1]:[titan] 2026-09-30 13:35:55,306 - torchtitan.observability.structured_logger.jsonl_handler - INFO - Structured logging -> JSONL: /root/mep/results/pra_h100/warm4656_pp2vp2/dump/structured_logs/training.global_rank_1.20260930-133555-SMEX6L.jsonl
[rank0]:[titan] 2026-09-30 13:35:55,329 - torchtitan.observability.structured_logger.jsonl_handler - INFO - Structured logging -> JSONL: /root/mep/results/pra_h100/warm4656_pp2vp2/dump/structured_logs/training.global_rank_0.20260930-133555-158COR.jsonl
[rank1]:[titan] 2026-09-30 13:35:55,736 - torchtitan.distributed.utils - WARNING - ENV[TORCH_NCCL_ASYNC_ERROR_HANDLING] = 1 will be overridden to 3 based on job config
[rank0]:[titan] 2026-09-30 13:35:55,741 - torchtitan.distributed.utils - WARNING - ENV[TORCH_NCCL_ASYNC_ERROR_HANDLING] = 1 will be overridden to 3 based on job config
[rank0]:[titan] 2026-09-30 13:35:56,228 - torchtitan.tools.utils - INFO - [GC] Initial GC collection took 0.00 seconds
[rank1]:[titan] 2026-09-30 13:35:56,227 - torchtitan.tools.utils - INFO - [GC] Initial GC collection took 0.00 seconds
[rank0]:[titan] 2026-09-30 13:35:56,229 - torchtitan.distributed.utils - INFO - Deterministic algorithm enabled (expect perf degradation).
[rank1]:[titan] 2026-09-30 13:35:56,227 - torchtitan.distributed.utils - INFO - Deterministic algorithm enabled (expect perf degradation).
[rank0]:[titan] 2026-09-30 13:35:56,242 - torchtitan.distributed.parallelism_context - INFO - Building device mesh with parallelism: pp=2, dp_replicate=1, dp_shard=1, cp=1, tp=1, ep=1
[rank1]:[titan] 2026-09-30 13:35:56,239 - torchtitan.distributed.parallelism_context - INFO - Building device mesh with parallelism: pp=2, dp_replicate=1, dp_shard=1, cp=1, tp=1, ep=1
[rank0]:[titan] 2026-09-30 13:35:56,583 - torchtitan.distributed.parallelism_context - INFO - Successfully created meshes with active axes: ['pp']
[rank1]:[titan] 2026-09-30 13:35:56,612 - torchtitan.distributed.parallelism_context - INFO - Successfully created meshes with active axes: ['pp']
[rank0]:[titan] 2026-09-30 13:35:56,585 - torchtitan.observability.metrics - INFO - CUDA capacity: NVIDIA H100 80GB HBM3 with 79.21GiB memory
[rank1]:[titan] 2026-09-30 13:35:56,617 - torchtitan.observability.metrics - INFO - CUDA capacity: NVIDIA H100 80GB HBM3 with 79.21GiB memory
[rank0]:[titan] 2026-09-30 13:35:56,596 - torchtitan.config.configurable - WARNING - Config field value of type InterpolationMode may not be JSON serializable
[rank0]:[titan] 2026-09-30 13:35:56,597 - torchtitan.tools.utils - WARNING - Error running lspci: [Errno 2] No such file or directory: 'lspci', fallback to use device_name
[rank0]:[titan] 2026-09-30 13:35:56,597 - torchtitan.components.tokenizer - INFO - Loading tokenizer from tokenizer.json
[rank1]:[titan] 2026-09-30 13:35:56,629 - torchtitan.config.configurable - WARNING - Config field value of type InterpolationMode may not be JSON serializable
[rank1]:[titan] 2026-09-30 13:35:56,631 - torchtitan.tools.utils - WARNING - Error running lspci: [Errno 2] No such file or directory: 'lspci', fallback to use device_name
[rank1]:[titan] 2026-09-30 13:35:56,631 - torchtitan.components.tokenizer - INFO - Loading tokenizer from tokenizer.json
[rank1]:[titan] 2026-09-30 13:35:57,409 - httpx - INFO - HTTP Request: HEAD https://s3.amazonaws.com/datasets.huggingface.co/datasets/datasets/json/json.py "HTTP/1.1 200 OK"
[rank0]:[titan] 2026-09-30 13:35:57,391 - httpx - INFO - HTTP Request: HEAD https://s3.amazonaws.com/datasets.huggingface.co/datasets/datasets/json/json.py "HTTP/1.1 200 OK"
[rank0]:[titan] 2026-09-30 13:35:57,525 - torchtitan.protocols.state_dict_adapter - WARNING - model.safetensors.index.json not found at hf_assets_path: ./tests/assets/tokenizer/model.safetensors.index.json.                     Defaulting to saving a single safetensors file if checkpoint is saved in HF format
[rank1]:[titan] 2026-09-30 13:35:57,541 - torchtitan.protocols.state_dict_adapter - WARNING - model.safetensors.index.json not found at hf_assets_path: ./tests/assets/tokenizer/model.safetensors.index.json.                     Defaulting to saving a single safetensors file if checkpoint is saved in HF format
[rank1]:[titan] 2026-09-30 13:35:57,544 - torchtitan.models.utils - INFO - Total parameter count: 13,286,947,968, active parameters: 8,885,570,688
[rank0]:[titan] 2026-09-30 13:35:57,529 - torchtitan.models.utils - INFO - Total parameter count: 13,286,947,968, active parameters: 8,885,570,688
[rank1]:[titan] 2026-09-30 13:35:57,613 - torchtitan.distributed.pipeline_parallel - INFO - PP rank 1 is building stage_idx 1 with modules ['layers.4', 'layers.5', 'layers.6', 'layers.7', 'layers.8']
[rank0]:[titan] 2026-09-30 13:35:57,596 - torchtitan.distributed.pipeline_parallel - INFO - PP rank 0 is building stage_idx 0 with modules ['vision_encoder', 'tok_embeddings', 'layers.0', 'layers.1', 'layers.2', 'layers.3']
[rank1]:[titan] 2026-09-30 13:35:57,679 - torchtitan.distributed.pipeline_parallel - INFO - PP rank 1 is building stage_idx 3 with modules ['layers.14', 'layers.15', 'layers.16', 'norm', 'lm_head', 'output_res_proj', 'output_res_norm']
[rank0]:[titan] 2026-09-30 13:35:57,662 - torchtitan.distributed.pipeline_parallel - INFO - PP rank 0 is building stage_idx 2 with modules ['layers.9', 'layers.10', 'layers.11', 'layers.12', 'layers.13']
[rank1]:[titan] 2026-09-30 13:35:57,690 - torchtitan.distributed.activation_checkpoint - INFO - Applied FullAC activation checkpointing to the model
[rank0]:[titan] 2026-09-30 13:35:57,672 - torchtitan.distributed.activation_checkpoint - INFO - Applied FullAC activation checkpointing to the model
[rank0]:[titan] 2026-09-30 13:35:57,673 - torchtitan.distributed.activation_checkpoint - INFO - Applied FullAC activation checkpointing to the model
[rank1]:[titan] 2026-09-30 13:35:57,748 - torchtitan.distributed.fsdp - INFO - Applied FSDP to the model
[rank0]:[titan] 2026-09-30 13:35:57,739 - torchtitan.distributed.fsdp - INFO - Applied FSDP to the model
[rank1]:[titan] 2026-09-30 13:35:57,754 - torchtitan.distributed.activation_checkpoint - INFO - Applied FullAC activation checkpointing to the model
[rank0]:[titan] 2026-09-30 13:35:57,749 - torchtitan.distributed.activation_checkpoint - INFO - Applied FullAC activation checkpointing to the model
[rank1]:[titan] 2026-09-30 13:35:57,767 - torchtitan.distributed.fsdp - INFO - Applied FSDP to the model
[rank0]:[titan] 2026-09-30 13:35:57,768 - torchtitan.distributed.fsdp - INFO - Applied FSDP to the model
[rank1]:[titan] 2026-09-30 13:35:57,768 - torchtitan.distributed.pipeline_parallel - INFO - Using pipeline schedule Interleaved1F1B with 16 microbatches and 4 stages.
[rank0]:[titan] 2026-09-30 13:35:57,769 - torchtitan.distributed.pipeline_parallel - INFO - Using pipeline schedule Interleaved1F1B with 16 microbatches and 4 stages.
[rank1]:[titan] 2026-09-30 13:35:57,768 - torchtitan.models.kimi_k3.pipeline_parallel - INFO - Kimi K3 pipeline: 2 stage(s) on this rank [1, 3], block transport delta with rank store
[rank0]:[titan] 2026-09-30 13:35:57,769 - torchtitan.models.kimi_k3.pipeline_parallel - INFO - Kimi K3 pipeline: 2 stage(s) on this rank [0, 2], block transport delta with rank store
[rank1]:[rank1]:W0930 13:35:58.220000 182981 torch/distributed/tensor/_random.py:215] DTensor is synchronizing RNG states of every rank with the state from rank 0. This behavior is deprecated. Please call `torch.manual_seed()` on every rank that participates in SPMD DTensor Operations with the same seed. If using Pipeline Parallelism, each pipeline state would use a different seed, but all ranks belonging to one pipeline stage would use the same seed.
[rank1]:[titan] 2026-09-30 13:35:58,509 - torchtitan.training_engine - INFO - Model KimiK3Model.Config size: 13,286,947,968 total parameters
[rank1]:[titan] 2026-09-30 13:35:58,511 - torchtitan.components.optim.optimizer - INFO - Optimizer AdamW (model_part=0): 134 params [.*] {'lr': 0.0008, 'betas': (0.9, 0.95), 'eps': 1e-08, 'weight_decay': 0.1, 'foreach': None, 'fused': True}
[rank1]:[titan] 2026-09-30 13:35:58,512 - torchtitan.components.optim.optimizer - INFO - Optimizer AdamW (model_part=1): 76 params [.*] {'lr': 0.0008, 'betas': (0.9, 0.95), 'eps': 1e-08, 'weight_decay': 0.1, 'foreach': None, 'fused': True}
[rank1]:[titan] 2026-09-30 13:35:58,513 - torchtitan.components.optim.lr_scheduler - WARNING - Warmup steps (2) exceed total steps (1). Adjusting warmup steps to 1.
[rank1]:[titan] 2026-09-30 13:35:58,513 - torchtitan.components.optim.lr_scheduler - WARNING - Warmup (1) + decay (1) steps exceed total steps (1). Adjusting decay steps to 0.
[rank1]:[titan] 2026-09-30 13:35:58,513 - torchtitan.observability.metrics - WARNING - [31mPipeline Parallel loss is not visible. Please add [33mrank 1[31m to LOG_RANK environment variable in run_train.sh.[39m
[rank1]:[titan] 2026-09-30 13:35:58,513 - torchtitan.trainer - INFO - Peak FLOPS used for computing MFU: 9.890e+14
[rank1]:[titan] 2026-09-30 13:35:58,513 - torchtitan.trainer - INFO - CUDA memory usage for model: 10.26GiB(12.95%)
[rank1]:[titan] 2026-09-30 13:35:58,513 - torchtitan.trainer - INFO - Trainer is initialized with 32768 tokens per DP rank, 32768 tokens per train step, gradient accumulation steps 1, maximum context length 2048, total steps 1 (warmup 2)
[rank1]:[titan] 2026-09-30 13:35:58,514 - torchtitan.trainer - INFO - Training starts at step 1
[rank0]:[titan] 2026-09-30 13:35:58,619 - torchtitan.training_engine - INFO - Model KimiK3Model.Config size: 13,286,947,968 total parameters
[rank0]:[titan] 2026-09-30 13:35:58,621 - torchtitan.components.optim.optimizer - INFO - Optimizer AdamW (model_part=0): 121 params [.*] {'lr': 0.0008, 'betas': (0.9, 0.95), 'eps': 1e-08, 'weight_decay': 0.1, 'foreach': None, 'fused': True}
[rank0]:[titan] 2026-09-30 13:35:58,622 - torchtitan.components.optim.optimizer - INFO - Optimizer AdamW (model_part=1): 134 params [.*] {'lr': 0.0008, 'betas': (0.9, 0.95), 'eps': 1e-08, 'weight_decay': 0.1, 'foreach': None, 'fused': True}
[rank0]:[titan] 2026-09-30 13:35:58,623 - torchtitan.components.optim.lr_scheduler - WARNING - Warmup steps (2) exceed total steps (1). Adjusting warmup steps to 1.
[rank0]:[titan] 2026-09-30 13:35:58,623 - torchtitan.components.optim.lr_scheduler - WARNING - Warmup (1) + decay (1) steps exceed total steps (1). Adjusting decay steps to 0.
[rank0]:[titan] 2026-09-30 13:35:58,624 - torchtitan.observability.metrics - WARNING - [31mPipeline Parallel loss is not visible. Please add [33mrank 1[31m to LOG_RANK environment variable in run_train.sh.[39m
[rank0]:[titan] 2026-09-30 13:35:58,624 - torchtitan.trainer - INFO - Peak FLOPS used for computing MFU: 9.890e+14
[rank0]:[titan] 2026-09-30 13:35:58,624 - torchtitan.trainer - INFO - CUDA memory usage for model: 14.93GiB(18.85%)
[rank0]:[titan] 2026-09-30 13:35:58,624 - torchtitan.trainer - INFO - Trainer is initialized with 32768 tokens per DP rank, 32768 tokens per train step, gradient accumulation steps 1, maximum context length 2048, total steps 1 (warmup 2)
[rank0]:[titan] 2026-09-30 13:35:58,624 - torchtitan.trainer - INFO - Training starts at step 1
[rank0]:/root/mep/venv_src/lib/python3.12/site-packages/torch/distributed/fsdp/_fully_shard/_fsdp_state.py:336: UserWarning: FSDP2-wrapped module (FSDPCheckpointWrapper) returned a view tensor. An in-place op on this view (e.g., `x += y`) will silently drop the pre-backward hook and skip the all-gather, which can cause backward to fail or produce wrong gradients. Use out-of-place ops (`out = out + y`, not `out += y`) or `.clone()` the output before any in-place op.
[rank0]:  output = self._register_pre_backward_hook(output)
[rank0]:/root/mep/venv_src/lib/python3.12/site-packages/torch/distributed/fsdp/_fully_shard/_fsdp_state.py:336: UserWarning: FSDP2-wrapped module (FSDPCheckpointWrapper) returned a view tensor. An in-place op on this view (e.g., `x += y`) will silently drop the pre-backward hook and skip the all-gather, which can cause backward to fail or produce wrong gradients. Use out-of-place ops (`out = out + y`, not `out += y`) or `.clone()` the output before any in-place op.
[rank0]:  output = self._register_pre_backward_hook(output)
[rank1]:/root/mep/venv_src/lib/python3.12/site-packages/torch/distributed/fsdp/_fully_shard/_fsdp_state.py:336: UserWarning: FSDP2-wrapped module (FSDPCheckpointWrapper) returned a view tensor. An in-place op on this view (e.g., `x += y`) will silently drop the pre-backward hook and skip the all-gather, which can cause backward to fail or produce wrong gradients. Use out-of-place ops (`out = out + y`, not `out += y`) or `.clone()` the output before any in-place op.
[rank1]:  output = self._register_pre_backward_hook(output)
[rank1]:/root/mep/venv_src/lib/python3.12/site-packages/torch/distributed/fsdp/_fully_shard/_fsdp_state.py:336: UserWarning: FSDP2-wrapped module (FSDPCheckpointWrapper) returned a view tensor. An in-place op on this view (e.g., `x += y`) will silently drop the pre-backward hook and skip the all-gather, which can cause backward to fail or produce wrong gradients. Use out-of-place ops (`out = out + y`, not `out += y`) or `.clone()` the output before any in-place op.
[rank1]:  output = self._register_pre_backward_hook(output)
[rank0]:[rank0]:[W930 13:36:45.292991575 CUDACachingAllocator.cpp:623] expandable_segments: memory mapping failed with OOM on device 0 while trying to map 20971520 bytes (free: 15925248, total: 85049802752).
[rank1]:[titan] 2026-09-30 13:36:46,894 - torchtitan.observability.metrics - INFO - [31mstep:  1  [32mloss:  8.07840  [38;2;180;60;0mgrad_norm: 29.8750  [38;2;54;234;195mmemory: 67.25GiB(84.90%)  [34mtps: 326  [36mtflops: 17.80  [35mmfu: 1.80%[39m
[rank1]:[titan] 2026-09-30 13:36:46,894 - torchtitan.distributed.utils - INFO - Synchronizing and adjusting timeout for all ProcessGroups to 0:01:40
[rank0]:[titan] 2026-09-30 13:36:46,982 - torchtitan.observability.metrics - WARNING - 1 CUDA memory allocation retries.
[rank0]:[titan] 2026-09-30 13:36:46,983 - torchtitan.observability.metrics - INFO - [31mstep:  1  [32mloss: -1.00000  [38;2;180;60;0mgrad_norm: 29.8750  [38;2;54;234;195mmemory: 75.61GiB(95.46%)  [34mtps: 325  [36mtflops: 17.75  [35mmfu: 1.80%[39m
[rank0]:[titan] 2026-09-30 13:36:46,983 - torchtitan.distributed.utils - INFO - Synchronizing and adjusting timeout for all ProcessGroups to 0:01:40
[rank0]:[titan] 2026-09-30 13:36:46,984 - torchtitan.trainer - INFO - Sleeping 2 seconds for other ranks to complete
[rank1]:[titan] 2026-09-30 13:36:46,984 - torchtitan.trainer - INFO - Training completed
[rank0]:[titan] 2026-09-30 13:36:48,984 - torchtitan.trainer - INFO - Training completed
[rank1]:[titan] 2026-09-30 13:36:50,504 - __main__ - INFO - Process group destroyed
[rank0]:[titan] 2026-09-30 13:36:50,783 - __main__ - INFO - Process group destroyed
