W0930 12:53:39.614000 169829 torch/distributed/run.py:982] 
W0930 12:53:39.614000 169829 torch/distributed/run.py:982] *****************************************
W0930 12:53:39.614000 169829 torch/distributed/run.py:982] Setting OMP_NUM_THREADS environment variable for each process to be 1 in default, to avoid your system being overloaded, please further tune the variable for optimal performance in your application as needed. 
W0930 12:53:39.614000 169829 torch/distributed/run.py:982] *****************************************
[rank3]:WARNING:absl:Failed to load jax profiler: No module named 'jax'
[rank0]:WARNING:absl:Failed to load jax profiler: No module named 'jax'
[rank1]:WARNING:absl:Failed to load jax profiler: No module named 'jax'
[rank2]:WARNING:absl:Failed to load jax profiler: No module named 'jax'
[rank2]:[titan] 2026-09-30 12:53:46,179 - __main__ - INFO - torchtitan version: 0.0.0+unknown (0.0.0 means __version__ is not defined correctly).
[rank1]:[titan] 2026-09-30 12:53:46,432 - __main__ - INFO - torchtitan version: 0.0.0+unknown (0.0.0 means __version__ is not defined correctly).
[rank0]:[titan] 2026-09-30 12:53:46,558 - __main__ - INFO - torchtitan version: 0.0.0+unknown (0.0.0 means __version__ is not defined correctly).
[rank3]:[titan] 2026-09-30 12:53:46,657 - __main__ - INFO - torchtitan version: 0.0.0+unknown (0.0.0 means __version__ is not defined correctly).
[rank2]:[titan] 2026-09-30 12:53:47,083 - torchtitan.observability.structured_logger.jsonl_handler - INFO - Structured logging -> JSONL: /root/mep/results/pra_h100/pra_pp4vp2/dump/structured_logs/training.global_rank_2.20260930-125347-043Z1X.jsonl
[rank1]:[titan] 2026-09-30 12:53:47,293 - torchtitan.observability.structured_logger.jsonl_handler - INFO - Structured logging -> JSONL: /root/mep/results/pra_h100/pra_pp4vp2/dump/structured_logs/training.global_rank_1.20260930-125347-DDZ3AM.jsonl
[rank2]:[titan] 2026-09-30 12:53:47,354 - torchtitan.distributed.utils - WARNING - ENV[TORCH_NCCL_ASYNC_ERROR_HANDLING] = 1 will be overridden to 3 based on job config
[rank0]:[titan] 2026-09-30 12:53:47,411 - torchtitan.observability.structured_logger.jsonl_handler - INFO - Structured logging -> JSONL: /root/mep/results/pra_h100/pra_pp4vp2/dump/structured_logs/training.global_rank_0.20260930-125347-6CZ1ZG.jsonl
[rank3]:[titan] 2026-09-30 12:53:47,537 - torchtitan.observability.structured_logger.jsonl_handler - INFO - Structured logging -> JSONL: /root/mep/results/pra_h100/pra_pp4vp2/dump/structured_logs/training.global_rank_3.20260930-125347-3IDKNY.jsonl
[rank1]:[titan] 2026-09-30 12:53:47,729 - torchtitan.distributed.utils - WARNING - ENV[TORCH_NCCL_ASYNC_ERROR_HANDLING] = 1 will be overridden to 3 based on job config
[rank0]:[titan] 2026-09-30 12:53:47,964 - torchtitan.distributed.utils - WARNING - ENV[TORCH_NCCL_ASYNC_ERROR_HANDLING] = 1 will be overridden to 3 based on job config
[rank3]:[titan] 2026-09-30 12:53:48,029 - torchtitan.distributed.utils - WARNING - ENV[TORCH_NCCL_ASYNC_ERROR_HANDLING] = 1 will be overridden to 3 based on job config
[rank1]:[titan] 2026-09-30 12:53:48,674 - torchtitan.tools.utils - INFO - [GC] Initial GC collection took 0.00 seconds
[rank0]:[titan] 2026-09-30 12:53:48,667 - torchtitan.tools.utils - INFO - [GC] Initial GC collection took 0.00 seconds
[rank1]:[titan] 2026-09-30 12:53:48,675 - torchtitan.distributed.utils - INFO - Deterministic algorithm enabled (expect perf degradation).
[rank1]:[titan] 2026-09-30 12:53:48,688 - torchtitan.distributed.parallelism_context - INFO - Building device mesh with parallelism: pp=4, dp_replicate=1, dp_shard=1, cp=1, tp=1, ep=1
[rank0]:[titan] 2026-09-30 12:53:48,667 - torchtitan.distributed.utils - INFO - Deterministic algorithm enabled (expect perf degradation).
[rank0]:[titan] 2026-09-30 12:53:48,681 - torchtitan.distributed.parallelism_context - INFO - Building device mesh with parallelism: pp=4, dp_replicate=1, dp_shard=1, cp=1, tp=1, ep=1
[rank2]:[titan] 2026-09-30 12:53:48,667 - torchtitan.tools.utils - INFO - [GC] Initial GC collection took 0.00 seconds
[rank3]:[titan] 2026-09-30 12:53:48,669 - torchtitan.tools.utils - INFO - [GC] Initial GC collection took 0.00 seconds
[rank2]:[titan] 2026-09-30 12:53:48,668 - torchtitan.distributed.utils - INFO - Deterministic algorithm enabled (expect perf degradation).
[rank3]:[titan] 2026-09-30 12:53:48,669 - torchtitan.distributed.utils - INFO - Deterministic algorithm enabled (expect perf degradation).
[rank2]:[titan] 2026-09-30 12:53:48,682 - torchtitan.distributed.parallelism_context - INFO - Building device mesh with parallelism: pp=4, dp_replicate=1, dp_shard=1, cp=1, tp=1, ep=1
[rank3]:[titan] 2026-09-30 12:53:48,684 - torchtitan.distributed.parallelism_context - INFO - Building device mesh with parallelism: pp=4, dp_replicate=1, dp_shard=1, cp=1, tp=1, ep=1
[rank1]:[titan] 2026-09-30 12:53:49,761 - torchtitan.distributed.parallelism_context - INFO - Successfully created meshes with active axes: ['pp']
[rank0]:[titan] 2026-09-30 12:53:49,759 - torchtitan.distributed.parallelism_context - INFO - Successfully created meshes with active axes: ['pp']
[rank1]:[titan] 2026-09-30 12:53:49,764 - torchtitan.observability.metrics - INFO - CUDA capacity: NVIDIA H100 80GB HBM3 with 79.21GiB memory
[rank0]:[titan] 2026-09-30 12:53:49,762 - torchtitan.observability.metrics - INFO - CUDA capacity: NVIDIA H100 80GB HBM3 with 79.21GiB memory
[rank1]:[titan] 2026-09-30 12:53:49,777 - torchtitan.config.configurable - WARNING - Config field value of type InterpolationMode may not be JSON serializable
[rank0]:[titan] 2026-09-30 12:53:49,773 - torchtitan.config.configurable - WARNING - Config field value of type InterpolationMode may not be JSON serializable
[rank1]:[titan] 2026-09-30 12:53:49,779 - torchtitan.tools.utils - WARNING - Error running lspci: [Errno 2] No such file or directory: 'lspci', fallback to use device_name
[rank0]:[titan] 2026-09-30 12:53:49,774 - torchtitan.tools.utils - WARNING - Error running lspci: [Errno 2] No such file or directory: 'lspci', fallback to use device_name
[rank1]:[titan] 2026-09-30 12:53:49,780 - torchtitan.components.tokenizer - INFO - Loading tokenizer from tokenizer.json
[rank0]:[titan] 2026-09-30 12:53:49,775 - torchtitan.components.tokenizer - INFO - Loading tokenizer from tokenizer.json
[rank3]:[titan] 2026-09-30 12:53:49,756 - torchtitan.distributed.parallelism_context - INFO - Successfully created meshes with active axes: ['pp']
[rank3]:[titan] 2026-09-30 12:53:49,760 - torchtitan.observability.metrics - INFO - CUDA capacity: NVIDIA H100 80GB HBM3 with 79.21GiB memory
[rank3]:[titan] 2026-09-30 12:53:49,774 - torchtitan.config.configurable - WARNING - Config field value of type InterpolationMode may not be JSON serializable
[rank3]:[titan] 2026-09-30 12:53:49,776 - torchtitan.tools.utils - WARNING - Error running lspci: [Errno 2] No such file or directory: 'lspci', fallback to use device_name
[rank2]:[titan] 2026-09-30 12:53:49,759 - torchtitan.distributed.parallelism_context - INFO - Successfully created meshes with active axes: ['pp']
[rank3]:[titan] 2026-09-30 12:53:49,777 - torchtitan.components.tokenizer - INFO - Loading tokenizer from tokenizer.json
[rank2]:[titan] 2026-09-30 12:53:49,761 - torchtitan.observability.metrics - INFO - CUDA capacity: NVIDIA H100 80GB HBM3 with 79.21GiB memory
[rank2]:[titan] 2026-09-30 12:53:49,771 - torchtitan.config.configurable - WARNING - Config field value of type InterpolationMode may not be JSON serializable
[rank2]:[titan] 2026-09-30 12:53:49,772 - torchtitan.tools.utils - WARNING - Error running lspci: [Errno 2] No such file or directory: 'lspci', fallback to use device_name
[rank2]:[titan] 2026-09-30 12:53:49,773 - torchtitan.components.tokenizer - INFO - Loading tokenizer from tokenizer.json
[rank1]:[titan] 2026-09-30 12:53:50,588 - httpx - INFO - HTTP Request: HEAD https://s3.amazonaws.com/datasets.huggingface.co/datasets/datasets/json/json.py "HTTP/1.1 200 OK"
[rank0]:[titan] 2026-09-30 12:53:50,578 - httpx - INFO - HTTP Request: HEAD https://s3.amazonaws.com/datasets.huggingface.co/datasets/datasets/json/json.py "HTTP/1.1 200 OK"
[rank3]:[titan] 2026-09-30 12:53:50,586 - httpx - INFO - HTTP Request: HEAD https://s3.amazonaws.com/datasets.huggingface.co/datasets/datasets/json/json.py "HTTP/1.1 200 OK"
[rank2]:[titan] 2026-09-30 12:53:50,620 - httpx - INFO - HTTP Request: HEAD https://s3.amazonaws.com/datasets.huggingface.co/datasets/datasets/json/json.py "HTTP/1.1 200 OK"
[rank3]:[titan] 2026-09-30 12:53:50,709 - torchtitan.protocols.state_dict_adapter - WARNING - model.safetensors.index.json not found at hf_assets_path: ./tests/assets/tokenizer/model.safetensors.index.json.                     Defaulting to saving a single safetensors file if checkpoint is saved in HF format
[rank0]:[titan] 2026-09-30 12:53:50,719 - torchtitan.protocols.state_dict_adapter - WARNING - model.safetensors.index.json not found at hf_assets_path: ./tests/assets/tokenizer/model.safetensors.index.json.                     Defaulting to saving a single safetensors file if checkpoint is saved in HF format
[rank1]:[titan] 2026-09-30 12:53:50,709 - torchtitan.protocols.state_dict_adapter - WARNING - model.safetensors.index.json not found at hf_assets_path: ./tests/assets/tokenizer/model.safetensors.index.json.                     Defaulting to saving a single safetensors file if checkpoint is saved in HF format
[rank0]:[titan] 2026-09-30 12:53:50,723 - torchtitan.models.utils - INFO - Total parameter count: 13,286,947,968, active parameters: 8,885,570,688
[rank1]:[titan] 2026-09-30 12:53:50,713 - torchtitan.models.utils - INFO - Total parameter count: 13,286,947,968, active parameters: 8,885,570,688
[rank0]:[titan] 2026-09-30 12:53:50,791 - torchtitan.distributed.pipeline_parallel - INFO - PP rank 0 is building stage_idx 0 with modules ['vision_encoder', 'tok_embeddings', 'layers.0', 'layers.1']
[rank1]:[titan] 2026-09-30 12:53:50,782 - torchtitan.distributed.pipeline_parallel - INFO - PP rank 1 is building stage_idx 1 with modules ['layers.2', 'layers.3', 'layers.4']
[rank2]:[titan] 2026-09-30 12:53:50,744 - torchtitan.protocols.state_dict_adapter - WARNING - model.safetensors.index.json not found at hf_assets_path: ./tests/assets/tokenizer/model.safetensors.index.json.                     Defaulting to saving a single safetensors file if checkpoint is saved in HF format
[rank2]:[titan] 2026-09-30 12:53:50,748 - torchtitan.models.utils - INFO - Total parameter count: 13,286,947,968, active parameters: 8,885,570,688
[rank3]:[titan] 2026-09-30 12:53:50,712 - torchtitan.models.utils - INFO - Total parameter count: 13,286,947,968, active parameters: 8,885,570,688
[rank3]:[titan] 2026-09-30 12:53:50,785 - torchtitan.distributed.pipeline_parallel - INFO - PP rank 3 is building stage_idx 3 with modules ['layers.8', 'layers.9']
[rank0]:[titan] 2026-09-30 12:53:50,856 - torchtitan.distributed.pipeline_parallel - INFO - PP rank 0 is building stage_idx 4 with modules ['layers.10', 'layers.11']
[rank1]:[titan] 2026-09-30 12:53:50,848 - torchtitan.distributed.pipeline_parallel - INFO - PP rank 1 is building stage_idx 5 with modules ['layers.12', 'layers.13']
[rank0]:[titan] 2026-09-30 12:53:50,864 - torchtitan.distributed.activation_checkpoint - INFO - Applied FullAC activation checkpointing to the model
[rank0]:[titan] 2026-09-30 12:53:50,864 - torchtitan.distributed.activation_checkpoint - INFO - Applied FullAC activation checkpointing to the model
[rank1]:[titan] 2026-09-30 12:53:50,856 - torchtitan.distributed.activation_checkpoint - INFO - Applied FullAC activation checkpointing to the model
[rank2]:[titan] 2026-09-30 12:53:50,815 - torchtitan.distributed.pipeline_parallel - INFO - PP rank 2 is building stage_idx 2 with modules ['layers.5', 'layers.6', 'layers.7']
[rank2]:[titan] 2026-09-30 12:53:50,881 - torchtitan.distributed.pipeline_parallel - INFO - PP rank 2 is building stage_idx 6 with modules ['layers.14', 'layers.15']
[rank2]:[titan] 2026-09-30 12:53:50,889 - torchtitan.distributed.activation_checkpoint - INFO - Applied FullAC activation checkpointing to the model
[rank3]:[titan] 2026-09-30 12:53:50,854 - torchtitan.distributed.pipeline_parallel - INFO - PP rank 3 is building stage_idx 7 with modules ['layers.16', 'norm', 'lm_head', 'output_res_proj', 'output_res_norm']
[rank3]:[titan] 2026-09-30 12:53:50,860 - torchtitan.distributed.activation_checkpoint - INFO - Applied FullAC activation checkpointing to the model
[rank3]:[titan] 2026-09-30 12:53:50,905 - torchtitan.distributed.fsdp - INFO - Applied FSDP to the model
[rank3]:[titan] 2026-09-30 12:53:50,908 - torchtitan.distributed.activation_checkpoint - INFO - Applied FullAC activation checkpointing to the model
[rank1]:[titan] 2026-09-30 12:53:50,911 - torchtitan.distributed.fsdp - INFO - Applied FSDP to the model
[rank0]:[titan] 2026-09-30 12:53:50,920 - torchtitan.distributed.fsdp - INFO - Applied FSDP to the model
[rank1]:[titan] 2026-09-30 12:53:50,916 - torchtitan.distributed.activation_checkpoint - INFO - Applied FullAC activation checkpointing to the model
[rank0]:[titan] 2026-09-30 12:53:50,924 - torchtitan.distributed.activation_checkpoint - INFO - Applied FullAC activation checkpointing to the model
[rank1]:[titan] 2026-09-30 12:53:50,924 - torchtitan.distributed.fsdp - INFO - Applied FSDP to the model
[rank0]:[titan] 2026-09-30 12:53:50,938 - torchtitan.distributed.fsdp - INFO - Applied FSDP to the model
[rank1]:[titan] 2026-09-30 12:53:50,926 - torchtitan.distributed.pipeline_parallel - INFO - Using pipeline schedule Interleaved1F1B with 16 microbatches and 8 stages.
[rank0]:[titan] 2026-09-30 12:53:50,940 - torchtitan.distributed.pipeline_parallel - INFO - Using pipeline schedule Interleaved1F1B with 16 microbatches and 8 stages.
[rank1]:[titan] 2026-09-30 12:53:50,926 - torchtitan.models.kimi_k3.pipeline_parallel - INFO - Kimi K3 pipeline: 2 stage(s) on this rank [1, 5], block transport delta with rank store
[rank0]:[titan] 2026-09-30 12:53:50,940 - torchtitan.models.kimi_k3.pipeline_parallel - INFO - Kimi K3 pipeline: 2 stage(s) on this rank [0, 4], block transport delta with rank store
[rank2]:[titan] 2026-09-30 12:53:50,940 - torchtitan.distributed.fsdp - INFO - Applied FSDP to the model
[rank2]:[titan] 2026-09-30 12:53:50,945 - torchtitan.distributed.activation_checkpoint - INFO - Applied FullAC activation checkpointing to the model
[rank2]:[titan] 2026-09-30 12:53:50,952 - torchtitan.distributed.fsdp - INFO - Applied FSDP to the model
[rank3]:[titan] 2026-09-30 12:53:50,921 - torchtitan.distributed.fsdp - INFO - Applied FSDP to the model
[rank2]:[titan] 2026-09-30 12:53:50,954 - torchtitan.distributed.pipeline_parallel - INFO - Using pipeline schedule Interleaved1F1B with 16 microbatches and 8 stages.
[rank3]:[titan] 2026-09-30 12:53:50,923 - torchtitan.distributed.pipeline_parallel - INFO - Using pipeline schedule Interleaved1F1B with 16 microbatches and 8 stages.
[rank2]:[titan] 2026-09-30 12:53:50,954 - torchtitan.models.kimi_k3.pipeline_parallel - INFO - Kimi K3 pipeline: 2 stage(s) on this rank [2, 6], block transport delta with rank store
[rank3]:[titan] 2026-09-30 12:53:50,923 - torchtitan.models.kimi_k3.pipeline_parallel - INFO - Kimi K3 pipeline: 2 stage(s) on this rank [3, 7], block transport delta with rank store
[rank1]:[rank1]:W0930 12:53:51.519000 169899 torch/distributed/tensor/_random.py:215] DTensor is synchronizing RNG states of every rank with the state from rank 0. This behavior is deprecated. Please call `torch.manual_seed()` on every rank that participates in SPMD DTensor Operations with the same seed. If using Pipeline Parallelism, each pipeline state would use a different seed, but all ranks belonging to one pipeline stage would use the same seed.
[rank2]:[rank2]:W0930 12:53:51.519000 169900 torch/distributed/tensor/_random.py:215] DTensor is synchronizing RNG states of every rank with the state from rank 0. This behavior is deprecated. Please call `torch.manual_seed()` on every rank that participates in SPMD DTensor Operations with the same seed. If using Pipeline Parallelism, each pipeline state would use a different seed, but all ranks belonging to one pipeline stage would use the same seed.
[rank3]:[rank3]:W0930 12:53:51.520000 169901 torch/distributed/tensor/_random.py:215] DTensor is synchronizing RNG states of every rank with the state from rank 0. This behavior is deprecated. Please call `torch.manual_seed()` on every rank that participates in SPMD DTensor Operations with the same seed. If using Pipeline Parallelism, each pipeline state would use a different seed, but all ranks belonging to one pipeline stage would use the same seed.
[rank1]:[titan] 2026-09-30 12:53:51,731 - torchtitan.training_engine - INFO - Model KimiK3Model.Config size: 13,286,947,968 total parameters
[rank1]:[titan] 2026-09-30 12:53:51,732 - torchtitan.components.optim.optimizer - INFO - Optimizer AdamW (model_part=0): 78 params [.*] {'lr': 0.0008, 'betas': (0.9, 0.95), 'eps': 1e-08, 'weight_decay': 0.1, 'foreach': None, 'fused': True}
[rank1]:[titan] 2026-09-30 12:53:51,733 - torchtitan.components.optim.optimizer - INFO - Optimizer AdamW (model_part=1): 56 params [.*] {'lr': 0.0008, 'betas': (0.9, 0.95), 'eps': 1e-08, 'weight_decay': 0.1, 'foreach': None, 'fused': True}
[rank1]:[titan] 2026-09-30 12:53:51,734 - torchtitan.observability.metrics - WARNING - [31mPipeline Parallel loss is not visible. Please add [33mrank 3[31m to LOG_RANK environment variable in run_train.sh.[39m
[rank1]:[titan] 2026-09-30 12:53:51,734 - torchtitan.trainer - INFO - Peak FLOPS used for computing MFU: 9.890e+14
[rank1]:[titan] 2026-09-30 12:53:51,734 - torchtitan.trainer - INFO - CUDA memory usage for model: 6.88GiB(8.69%)
[rank1]:[titan] 2026-09-30 12:53:51,734 - torchtitan.trainer - INFO - Trainer is initialized with 32768 tokens per DP rank, 32768 tokens per train step, gradient accumulation steps 1, maximum context length 2048, total steps 100 (warmup 2)
[rank1]:[titan] 2026-09-30 12:53:51,734 - torchtitan.trainer - INFO - Training starts at step 1
[rank3]:[titan] 2026-09-30 12:53:51,747 - torchtitan.training_engine - INFO - Model KimiK3Model.Config size: 13,286,947,968 total parameters
[rank2]:[titan] 2026-09-30 12:53:51,734 - torchtitan.training_engine - INFO - Model KimiK3Model.Config size: 13,286,947,968 total parameters
[rank2]:[titan] 2026-09-30 12:53:51,736 - torchtitan.components.optim.optimizer - INFO - Optimizer AdamW (model_part=0): 78 params [.*] {'lr': 0.0008, 'betas': (0.9, 0.95), 'eps': 1e-08, 'weight_decay': 0.1, 'foreach': None, 'fused': True}
[rank2]:[titan] 2026-09-30 12:53:51,736 - torchtitan.components.optim.optimizer - INFO - Optimizer AdamW (model_part=1): 50 params [.*] {'lr': 0.0008, 'betas': (0.9, 0.95), 'eps': 1e-08, 'weight_decay': 0.1, 'foreach': None, 'fused': True}
[rank2]:[titan] 2026-09-30 12:53:51,737 - torchtitan.observability.metrics - WARNING - [31mPipeline Parallel loss is not visible. Please add [33mrank 3[31m to LOG_RANK environment variable in run_train.sh.[39m
[rank3]:[titan] 2026-09-30 12:53:51,749 - torchtitan.components.optim.optimizer - INFO - Optimizer AdamW (model_part=0): 56 params [.*] {'lr': 0.0008, 'betas': (0.9, 0.95), 'eps': 1e-08, 'weight_decay': 0.1, 'foreach': None, 'fused': True}
[rank2]:[titan] 2026-09-30 12:53:51,737 - torchtitan.trainer - INFO - Peak FLOPS used for computing MFU: 9.890e+14
[rank3]:[titan] 2026-09-30 12:53:51,749 - torchtitan.components.optim.optimizer - INFO - Optimizer AdamW (model_part=1): 26 params [.*] {'lr': 0.0008, 'betas': (0.9, 0.95), 'eps': 1e-08, 'weight_decay': 0.1, 'foreach': None, 'fused': True}
[rank2]:[titan] 2026-09-30 12:53:51,737 - torchtitan.trainer - INFO - CUDA memory usage for model: 6.44GiB(8.13%)
[rank3]:[titan] 2026-09-30 12:53:51,751 - torchtitan.observability.metrics - WARNING - [31mPipeline Parallel loss is not visible. Please add [33mrank 3[31m to LOG_RANK environment variable in run_train.sh.[39m
[rank2]:[titan] 2026-09-30 12:53:51,738 - torchtitan.trainer - INFO - Trainer is initialized with 32768 tokens per DP rank, 32768 tokens per train step, gradient accumulation steps 1, maximum context length 2048, total steps 100 (warmup 2)
[rank3]:[titan] 2026-09-30 12:53:51,751 - torchtitan.trainer - INFO - Peak FLOPS used for computing MFU: 9.890e+14
[rank2]:[titan] 2026-09-30 12:53:51,738 - torchtitan.trainer - INFO - Training starts at step 1
[rank3]:[titan] 2026-09-30 12:53:51,751 - torchtitan.trainer - INFO - CUDA memory usage for model: 4.31GiB(5.44%)
[rank3]:[titan] 2026-09-30 12:53:51,751 - torchtitan.trainer - INFO - Trainer is initialized with 32768 tokens per DP rank, 32768 tokens per train step, gradient accumulation steps 1, maximum context length 2048, total steps 100 (warmup 2)
[rank3]:[titan] 2026-09-30 12:53:51,751 - torchtitan.trainer - INFO - Training starts at step 1
[rank0]:[titan] 2026-09-30 12:53:51,813 - torchtitan.training_engine - INFO - Model KimiK3Model.Config size: 13,286,947,968 total parameters
[rank0]:[titan] 2026-09-30 12:53:51,814 - torchtitan.components.optim.optimizer - INFO - Optimizer AdamW (model_part=0): 71 params [.*] {'lr': 0.0008, 'betas': (0.9, 0.95), 'eps': 1e-08, 'weight_decay': 0.1, 'foreach': None, 'fused': True}
[rank0]:[titan] 2026-09-30 12:53:51,815 - torchtitan.components.optim.optimizer - INFO - Optimizer AdamW (model_part=1): 50 params [.*] {'lr': 0.0008, 'betas': (0.9, 0.95), 'eps': 1e-08, 'weight_decay': 0.1, 'foreach': None, 'fused': True}
[rank0]:[titan] 2026-09-30 12:53:51,816 - torchtitan.observability.metrics - WARNING - [31mPipeline Parallel loss is not visible. Please add [33mrank 3[31m to LOG_RANK environment variable in run_train.sh.[39m
[rank0]:[titan] 2026-09-30 12:53:51,816 - torchtitan.trainer - INFO - Peak FLOPS used for computing MFU: 9.890e+14
[rank0]:[titan] 2026-09-30 12:53:51,816 - torchtitan.trainer - INFO - CUDA memory usage for model: 8.32GiB(10.51%)
[rank0]:[titan] 2026-09-30 12:53:51,816 - torchtitan.trainer - INFO - Trainer is initialized with 32768 tokens per DP rank, 32768 tokens per train step, gradient accumulation steps 1, maximum context length 2048, total steps 100 (warmup 2)
[rank0]:[titan] 2026-09-30 12:53:51,816 - torchtitan.trainer - INFO - Training starts at step 1
[rank0]:/root/mep/venv_src/lib/python3.12/site-packages/torch/distributed/fsdp/_fully_shard/_fsdp_state.py:336: UserWarning: FSDP2-wrapped module (FSDPCheckpointWrapper) returned a view tensor. An in-place op on this view (e.g., `x += y`) will silently drop the pre-backward hook and skip the all-gather, which can cause backward to fail or produce wrong gradients. Use out-of-place ops (`out = out + y`, not `out += y`) or `.clone()` the output before any in-place op.
[rank0]:  output = self._register_pre_backward_hook(output)
[rank0]:/root/mep/venv_src/lib/python3.12/site-packages/torch/distributed/fsdp/_fully_shard/_fsdp_state.py:336: UserWarning: FSDP2-wrapped module (FSDPKimiK3Model) returned a view tensor. An in-place op on this view (e.g., `x += y`) will silently drop the pre-backward hook and skip the all-gather, which can cause backward to fail or produce wrong gradients. Use out-of-place ops (`out = out + y`, not `out += y`) or `.clone()` the output before any in-place op.
[rank0]:  output = self._register_pre_backward_hook(output)
[rank1]:/root/mep/venv_src/lib/python3.12/site-packages/torch/distributed/fsdp/_fully_shard/_fsdp_state.py:336: UserWarning: FSDP2-wrapped module (FSDPCheckpointWrapper) returned a view tensor. An in-place op on this view (e.g., `x += y`) will silently drop the pre-backward hook and skip the all-gather, which can cause backward to fail or produce wrong gradients. Use out-of-place ops (`out = out + y`, not `out += y`) or `.clone()` the output before any in-place op.
[rank1]:  output = self._register_pre_backward_hook(output)
[rank1]:/root/mep/venv_src/lib/python3.12/site-packages/torch/distributed/fsdp/_fully_shard/_fsdp_state.py:336: UserWarning: FSDP2-wrapped module (FSDPCheckpointWrapper) returned a view tensor. An in-place op on this view (e.g., `x += y`) will silently drop the pre-backward hook and skip the all-gather, which can cause backward to fail or produce wrong gradients. Use out-of-place ops (`out = out + y`, not `out += y`) or `.clone()` the output before any in-place op.
[rank1]:  output = self._register_pre_backward_hook(output)
[rank1]:/root/mep/venv_src/lib/python3.12/site-packages/torch/distributed/fsdp/_fully_shard/_fsdp_state.py:336: UserWarning: FSDP2-wrapped module (FSDPKimiK3Model) returned a view tensor. An in-place op on this view (e.g., `x += y`) will silently drop the pre-backward hook and skip the all-gather, which can cause backward to fail or produce wrong gradients. Use out-of-place ops (`out = out + y`, not `out += y`) or `.clone()` the output before any in-place op.
[rank1]:  output = self._register_pre_backward_hook(output)
[rank2]:/root/mep/venv_src/lib/python3.12/site-packages/torch/distributed/fsdp/_fully_shard/_fsdp_state.py:336: UserWarning: FSDP2-wrapped module (FSDPCheckpointWrapper) returned a view tensor. An in-place op on this view (e.g., `x += y`) will silently drop the pre-backward hook and skip the all-gather, which can cause backward to fail or produce wrong gradients. Use out-of-place ops (`out = out + y`, not `out += y`) or `.clone()` the output before any in-place op.
[rank2]:  output = self._register_pre_backward_hook(output)
[rank2]:/root/mep/venv_src/lib/python3.12/site-packages/torch/distributed/fsdp/_fully_shard/_fsdp_state.py:336: UserWarning: FSDP2-wrapped module (FSDPCheckpointWrapper) returned a view tensor. An in-place op on this view (e.g., `x += y`) will silently drop the pre-backward hook and skip the all-gather, which can cause backward to fail or produce wrong gradients. Use out-of-place ops (`out = out + y`, not `out += y`) or `.clone()` the output before any in-place op.
[rank2]:  output = self._register_pre_backward_hook(output)
[rank2]:/root/mep/venv_src/lib/python3.12/site-packages/torch/distributed/fsdp/_fully_shard/_fsdp_state.py:336: UserWarning: FSDP2-wrapped module (FSDPKimiK3Model) returned a view tensor. An in-place op on this view (e.g., `x += y`) will silently drop the pre-backward hook and skip the all-gather, which can cause backward to fail or produce wrong gradients. Use out-of-place ops (`out = out + y`, not `out += y`) or `.clone()` the output before any in-place op.
[rank2]:  output = self._register_pre_backward_hook(output)
[rank3]:/root/mep/venv_src/lib/python3.12/site-packages/torch/distributed/fsdp/_fully_shard/_fsdp_state.py:336: UserWarning: FSDP2-wrapped module (FSDPCheckpointWrapper) returned a view tensor. An in-place op on this view (e.g., `x += y`) will silently drop the pre-backward hook and skip the all-gather, which can cause backward to fail or produce wrong gradients. Use out-of-place ops (`out = out + y`, not `out += y`) or `.clone()` the output before any in-place op.
[rank3]:  output = self._register_pre_backward_hook(output)
[rank3]:/root/mep/venv_src/lib/python3.12/site-packages/torch/distributed/fsdp/_fully_shard/_fsdp_state.py:336: UserWarning: FSDP2-wrapped module (FSDPKimiK3Model) returned a view tensor. An in-place op on this view (e.g., `x += y`) will silently drop the pre-backward hook and skip the all-gather, which can cause backward to fail or produce wrong gradients. Use out-of-place ops (`out = out + y`, not `out += y`) or `.clone()` the output before any in-place op.
[rank3]:  output = self._register_pre_backward_hook(output)
[rank0]:/root/mep/venv_src/lib/python3.12/site-packages/torch/distributed/fsdp/_fully_shard/_fsdp_state.py:336: UserWarning: FSDP2-wrapped module (FSDPCheckpointWrapper) returned a view tensor. An in-place op on this view (e.g., `x += y`) will silently drop the pre-backward hook and skip the all-gather, which can cause backward to fail or produce wrong gradients. Use out-of-place ops (`out = out + y`, not `out += y`) or `.clone()` the output before any in-place op.
[rank0]:  output = self._register_pre_backward_hook(output)
[rank0]:/root/mep/venv_src/lib/python3.12/site-packages/torch/distributed/fsdp/_fully_shard/_fsdp_state.py:336: UserWarning: FSDP2-wrapped module (FSDPKimiK3Model) returned a view tensor. An in-place op on this view (e.g., `x += y`) will silently drop the pre-backward hook and skip the all-gather, which can cause backward to fail or produce wrong gradients. Use out-of-place ops (`out = out + y`, not `out += y`) or `.clone()` the output before any in-place op.
[rank0]:  output = self._register_pre_backward_hook(output)
[rank3]:/root/mep/venv_src/lib/python3.12/site-packages/torch/distributed/fsdp/_fully_shard/_fsdp_state.py:336: UserWarning: FSDP2-wrapped module (FSDPCheckpointWrapper) returned a view tensor. An in-place op on this view (e.g., `x += y`) will silently drop the pre-backward hook and skip the all-gather, which can cause backward to fail or produce wrong gradients. Use out-of-place ops (`out = out + y`, not `out += y`) or `.clone()` the output before any in-place op.
[rank3]:  output = self._register_pre_backward_hook(output)
[rank3]:/root/mep/venv_src/lib/python3.12/site-packages/torch/distributed/fsdp/_fully_shard/_fsdp_state.py:336: UserWarning: FSDP2-wrapped module (FSDPKimiK3Model) returned a view tensor. An in-place op on this view (e.g., `x += y`) will silently drop the pre-backward hook and skip the all-gather, which can cause backward to fail or produce wrong gradients. Use out-of-place ops (`out = out + y`, not `out += y`) or `.clone()` the output before any in-place op.
[rank3]:  output = self._register_pre_backward_hook(output)
[rank1]:[titan] 2026-09-30 12:54:07,336 - torchtitan.observability.metrics - INFO - [31mstep:  1  [32mloss: -1.00000  [38;2;180;60;0mgrad_norm: 24.3750  [38;2;54;234;195mmemory: 49.61GiB(62.63%)  [34mtps: 467  [36mtflops: 25.47  [35mmfu: 2.58%[39m
[rank1]:[titan] 2026-09-30 12:54:07,336 - torchtitan.distributed.utils - INFO - Synchronizing and adjusting timeout for all ProcessGroups to 0:01:40
[rank3]:[titan] 2026-09-30 12:54:07,284 - torchtitan.observability.metrics - INFO - [31mstep:  1  [32mloss:  8.08712  [38;2;180;60;0mgrad_norm: 24.3750  [38;2;54;234;195mmemory: 38.29GiB(48.35%)  [34mtps: 468  [36mtflops: 25.55  [35mmfu: 2.58%[39m
[rank3]:[titan] 2026-09-30 12:54:07,284 - torchtitan.distributed.utils - INFO - Synchronizing and adjusting timeout for all ProcessGroups to 0:01:40
[rank2]:[titan] 2026-09-30 12:54:07,334 - torchtitan.observability.metrics - INFO - [31mstep:  1  [32mloss: -1.00000  [38;2;180;60;0mgrad_norm: 24.3750  [38;2;54;234;195mmemory: 48.28GiB(60.95%)  [34mtps: 466  [36mtflops: 25.47  [35mmfu: 2.58%[39m
[rank2]:[titan] 2026-09-30 12:54:07,334 - torchtitan.distributed.utils - INFO - Synchronizing and adjusting timeout for all ProcessGroups to 0:01:40
[rank0]:[titan] 2026-09-30 12:54:07,347 - torchtitan.observability.metrics - INFO - [31mstep:  1  [32mloss: -1.00000  [38;2;180;60;0mgrad_norm: 24.3750  [38;2;54;234;195mmemory: 66.26GiB(83.66%)  [34mtps: 466  [36mtflops: 25.45  [35mmfu: 2.57%[39m
[rank0]:[titan] 2026-09-30 12:54:07,347 - torchtitan.distributed.utils - INFO - Synchronizing and adjusting timeout for all ProcessGroups to 0:01:40
[rank1]:[titan] 2026-09-30 12:54:10,603 - torchtitan.observability.metrics - INFO - [31mstep:  2  [32mloss: -1.00000  [38;2;180;60;0mgrad_norm: 21.7500  [38;2;54;234;195mmemory: 63.23GiB(79.83%)  [34mtps: 2,508  [36mtflops: 136.93  [35mmfu: 13.85%[39m
[rank0]:[titan] 2026-09-30 12:54:10,611 - torchtitan.observability.metrics - WARNING - 2 CUDA memory allocation retries.
[rank0]:[titan] 2026-09-30 12:54:10,611 - torchtitan.observability.metrics - INFO - [31mstep:  2  [32mloss: -1.00000  [38;2;180;60;0mgrad_norm: 21.7500  [38;2;54;234;195mmemory: 73.25GiB(92.48%)  [34mtps: 2,510  [36mtflops: 137.01  [35mmfu: 13.85%[39m
[rank3]:[titan] 2026-09-30 12:54:10,593 - torchtitan.observability.metrics - INFO - [31mstep:  2  [32mloss:  6.52311  [38;2;180;60;0mgrad_norm: 21.7500  [38;2;54;234;195mmemory: 46.28GiB(58.43%)  [34mtps: 2,476  [36mtflops: 135.16  [35mmfu: 13.67%[39m
[rank2]:[titan] 2026-09-30 12:54:10,601 - torchtitan.observability.metrics - INFO - [31mstep:  2  [32mloss: -1.00000  [38;2;180;60;0mgrad_norm: 21.7500  [38;2;54;234;195mmemory: 60.90GiB(76.89%)  [34mtps: 2,508  [36mtflops: 136.90  [35mmfu: 13.84%[39m
[rank2]:[titan] 2026-09-30 12:54:13,857 - torchtitan.observability.metrics - INFO - [31mstep:  3  [32mloss: -1.00000  [38;2;180;60;0mgrad_norm: 40.0000  [38;2;54;234;195mmemory: 60.90GiB(76.89%)  [34mtps: 2,517  [36mtflops: 137.41  [35mmfu: 13.89%[39m
[rank3]:[titan] 2026-09-30 12:54:13,849 - torchtitan.observability.metrics - INFO - [31mstep:  3  [32mloss:  8.35900  [38;2;180;60;0mgrad_norm: 40.0000  [38;2;54;234;195mmemory: 46.28GiB(58.43%)  [34mtps: 2,517  [36mtflops: 137.41  [35mmfu: 13.89%[39m
[rank1]:[titan] 2026-09-30 12:54:13,858 - torchtitan.observability.metrics - INFO - [31mstep:  3  [32mloss: -1.00000  [38;2;180;60;0mgrad_norm: 40.0000  [38;2;54;234;195mmemory: 63.23GiB(79.83%)  [34mtps: 2,517  [36mtflops: 137.40  [35mmfu: 13.89%[39m
[rank0]:[titan] 2026-09-30 12:54:13,867 - torchtitan.observability.metrics - WARNING - 4 CUDA memory allocation retries.
[rank0]:[titan] 2026-09-30 12:54:13,867 - torchtitan.observability.metrics - INFO - [31mstep:  3  [32mloss: -1.00000  [38;2;180;60;0mgrad_norm: 40.0000  [38;2;54;234;195mmemory: 72.94GiB(92.08%)  [34mtps: 2,517  [36mtflops: 137.40  [35mmfu: 13.89%[39m
[rank3]:[titan] 2026-09-30 12:54:17,168 - torchtitan.observability.metrics - INFO - [31mstep:  4  [32mloss:  8.56901  [38;2;180;60;0mgrad_norm: 44.7500  [38;2;54;234;195mmemory: 46.28GiB(58.43%)  [34mtps: 2,469  [36mtflops: 134.78  [35mmfu: 13.63%[39m
[rank1]:[titan] 2026-09-30 12:54:17,177 - torchtitan.observability.metrics - INFO - [31mstep:  4  [32mloss: -1.00000  [38;2;180;60;0mgrad_norm: 44.7500  [38;2;54;234;195mmemory: 63.23GiB(79.83%)  [34mtps: 2,469  [36mtflops: 134.78  [35mmfu: 13.63%[39m
[rank0]:[titan] 2026-09-30 12:54:17,185 - torchtitan.observability.metrics - WARNING - 6 CUDA memory allocation retries.
[rank0]:[titan] 2026-09-30 12:54:17,185 - torchtitan.observability.metrics - INFO - [31mstep:  4  [32mloss: -1.00000  [38;2;180;60;0mgrad_norm: 44.7500  [38;2;54;234;195mmemory: 72.97GiB(92.13%)  [34mtps: 2,469  [36mtflops: 134.79  [35mmfu: 13.63%[39m
[rank2]:[titan] 2026-09-30 12:54:17,176 - torchtitan.observability.metrics - INFO - [31mstep:  4  [32mloss: -1.00000  [38;2;180;60;0mgrad_norm: 44.7500  [38;2;54;234;195mmemory: 60.90GiB(76.89%)  [34mtps: 2,469  [36mtflops: 134.78  [35mmfu: 13.63%[39m
[rank0]:[rank0]:E0930 12:54:20.535000 169898 torch/distributed/pipelining/schedules.py:3149] _PipelineScheduleRuntime caught exception at step 164 when running action 0REDUCE_GRAD.  Full Schedule:
[rank0]:[rank0]:E0930 12:54:20.540000 169898 torch/distributed/pipelining/schedules.py:3154]           Rank 0       Rank 1       Rank 2       Rank 3      
[rank0]:[rank0]:E0930 12:54:20.540000 169898 torch/distributed/pipelining/schedules.py:3154] Step 000: 0UNSHARD     1UNSHARD     2UNSHARD     3UNSHARD    
[rank0]:[rank0]:E0930 12:54:20.540000 169898 torch/distributed/pipelining/schedules.py:3154] Step 001: 4UNSHARD     5UNSHARD     6UNSHARD     7UNSHARD    
[rank0]:[rank0]:E0930 12:54:20.540000 169898 torch/distributed/pipelining/schedules.py:3154] Step 002: 0F0          1RECV_F0     2RECV_F0     3RECV_F0    
[rank0]:[rank0]:E0930 12:54:20.540000 169898 torch/distributed/pipelining/schedules.py:3154] Step 003: 0SEND_F0     1F0          2F0          3F0         
[rank0]:[rank0]:E0930 12:54:20.540000 169898 torch/distributed/pipelining/schedules.py:3154] Step 004: 4RECV_F0     1SEND_F0     2SEND_F0     3SEND_F0    
[rank0]:[rank0]:E0930 12:54:20.540000 169898 torch/distributed/pipelining/schedules.py:3154] Step 005: 0F1          1RECV_F1     2RECV_F1     3RECV_F1    
[rank0]:[rank0]:E0930 12:54:20.540000 169898 torch/distributed/pipelining/schedules.py:3154] Step 006: 0SEND_F1     1F1          2F1          3F1         
[rank0]:[rank0]:E0930 12:54:20.540000 169898 torch/distributed/pipelining/schedules.py:3154] Step 007: 4RECV_F1     1SEND_F1     2SEND_F1     3SEND_F1    
[rank0]:[rank0]:E0930 12:54:20.540000 169898 torch/distributed/pipelining/schedules.py:3154] Step 008: 0F2          1RECV_F2     2RECV_F2     3RECV_F2    
[rank0]:[rank0]:E0930 12:54:20.540000 169898 torch/distributed/pipelining/schedules.py:3154] Step 009: 0SEND_F2     1F2          2F2          3F2         
[rank0]:[rank0]:E0930 12:54:20.540000 169898 torch/distributed/pipelining/schedules.py:3154] Step 010: 4RECV_F2     1SEND_F2     2SEND_F2     3SEND_F2    
[rank0]:[rank0]:E0930 12:54:20.540000 169898 torch/distributed/pipelining/schedules.py:3154] Step 011: 0F3          1RECV_F3     2RECV_F3     3RECV_F3    
[rank0]:[rank0]:E0930 12:54:20.540000 169898 torch/distributed/pipelining/schedules.py:3154] Step 012: 0SEND_F3     1F3          2F3          3F3         
[rank0]:[rank0]:E0930 12:54:20.540000 169898 torch/distributed/pipelining/schedules.py:3154] Step 013: 4RECV_F3     1SEND_F3     2SEND_F3     3SEND_F3    
[rank0]:[rank0]:E0930 12:54:20.540000 169898 torch/distributed/pipelining/schedules.py:3154] Step 014: 4F0          5RECV_F0     6RECV_F0     7RECV_F0    
[rank0]:[rank0]:E0930 12:54:20.540000 169898 torch/distributed/pipelining/schedules.py:3154] Step 015: 4SEND_F0     5F0          6F0          7F0         
[rank0]:[rank0]:E0930 12:54:20.540000 169898 torch/distributed/pipelining/schedules.py:3154] Step 016: 4F1          5SEND_F0     6SEND_F0     7RECV_F1    
[rank0]:[rank0]:E0930 12:54:20.540000 169898 torch/distributed/pipelining/schedules.py:3154] Step 017: 4SEND_F1     5RECV_F1     6RECV_F1     7B0         
[rank0]:[rank0]:E0930 12:54:20.540000 169898 torch/distributed/pipelining/schedules.py:3154] Step 018: 4F2          5F1          6F1          7SEND_B0    
[rank0]:[rank0]:E0930 12:54:20.540000 169898 torch/distributed/pipelining/schedules.py:3154] Step 019: 4SEND_F2     5SEND_F1     6SEND_F1     7RECV_F2    
[rank0]:[rank0]:E0930 12:54:20.540000 169898 torch/distributed/pipelining/schedules.py:3154] Step 020: 4F3          5RECV_F2     6RECV_B0     7F1         
[rank0]:[rank0]:E0930 12:54:20.540000 169898 torch/distributed/pipelining/schedules.py:3154] Step 021: 4SEND_F3     5F2          6RECV_F2     7B1         
[rank0]:[rank0]:E0930 12:54:20.540000 169898 torch/distributed/pipelining/schedules.py:3154] Step 022: 0F4          5SEND_F2     6F2          7SEND_B1    
[rank0]:[rank0]:E0930 12:54:20.540000 169898 torch/distributed/pipelining/schedules.py:3154] Step 023: 0SEND_F4     5RECV_F3     6SEND_F2     7RECV_F3    
[rank0]:[rank0]:E0930 12:54:20.540000 169898 torch/distributed/pipelining/schedules.py:3154] Step 024: 0F5          5F3          6RECV_F3     7F2         
[rank0]:[rank0]:E0930 12:54:20.540000 169898 torch/distributed/pipelining/schedules.py:3154] Step 025: 0SEND_F5     5SEND_F3     6B0          7B2         
[rank0]:[rank0]:E0930 12:54:20.540000 169898 torch/distributed/pipelining/schedules.py:3154] Step 026: 4RECV_B0     5RECV_B0     6SEND_B0     7SEND_B2    
[rank0]:[rank0]:E0930 12:54:20.540000 169898 torch/distributed/pipelining/schedules.py:3154] Step 027: 0F6          1RECV_F4     6RECV_B1     3RECV_F4    
[rank0]:[rank0]:E0930 12:54:20.540000 169898 torch/distributed/pipelining/schedules.py:3154] Step 028: 0SEND_F6     1F4          2RECV_F4     7F3         
[rank0]:[rank0]:E0930 12:54:20.540000 169898 torch/distributed/pipelining/schedules.py:3154] Step 029: 4B0          1SEND_F4     6F3          3RECV_B0    
[rank0]:[rank0]:E0930 12:54:20.540000 169898 torch/distributed/pipelining/schedules.py:3154] Step 030: 4SEND_B0     1RECV_F5     6SEND_F3     7B3         
[rank0]:[rank0]:E0930 12:54:20.540000 169898 torch/distributed/pipelining/schedules.py:3154] Step 031: 4RECV_B1     5B0          6B1          7SEND_B3    
[rank0]:[rank0]:E0930 12:54:20.540000 169898 torch/distributed/pipelining/schedules.py:3154] Step 032: 0F7          5SEND_B0     6SEND_B1     3RECV_F5    
[rank0]:[rank0]:E0930 12:54:20.540000 169898 torch/distributed/pipelining/schedules.py:3154] Step 033: 0SEND_F7     5RECV_B1     6RECV_B2     3F4         
[rank0]:[rank0]:E0930 12:54:20.540000 169898 torch/distributed/pipelining/schedules.py:3154] Step 034: 4RECV_F4     1RECV_F6     2RECV_F5     3SEND_F4    
[rank0]:[rank0]:E0930 12:54:20.540000 169898 torch/distributed/pipelining/schedules.py:3154] Step 035: 4B1          1F5          2F4          3RECV_B1    
[rank0]:[rank0]:E0930 12:54:20.540000 169898 torch/distributed/pipelining/schedules.py:3154] Step 036: 4SEND_B1     1SEND_F5     2SEND_F4     3B0         
[rank0]:[rank0]:E0930 12:54:20.540000 169898 torch/distributed/pipelining/schedules.py:3154] Step 037: 4RECV_B2     5B1          6B2          3SEND_B0    
[rank0]:[rank0]:E0930 12:54:20.540000 169898 torch/distributed/pipelining/schedules.py:3154] Step 038: 4F4          5SEND_B1     6SEND_B2     3RECV_F6    
[rank0]:[rank0]:E0930 12:54:20.540000 169898 torch/distributed/pipelining/schedules.py:3154] Step 039: 4SEND_F4     5RECV_B2     6RECV_B3     3F5         
[rank0]:[rank0]:E0930 12:54:20.540000 169898 torch/distributed/pipelining/schedules.py:3154] Step 040: 4RECV_F5     1RECV_F7     2RECV_F6     3SEND_F5    
[rank0]:[rank0]:E0930 12:54:20.540000 169898 torch/distributed/pipelining/schedules.py:3154] Step 041: 4B2          1F6          2F5          3RECV_B2    
[rank0]:[rank0]:E0930 12:54:20.540000 169898 torch/distributed/pipelining/schedules.py:3154] Step 042: 4SEND_B2     1SEND_F6     2SEND_F5     3B1         
[rank0]:[rank0]:E0930 12:54:20.540000 169898 torch/distributed/pipelining/schedules.py:3154] Step 043: 4RECV_B3     5B2          6B3          3SEND_B1    
[rank0]:[rank0]:E0930 12:54:20.540000 169898 torch/distributed/pipelining/schedules.py:3154] Step 044: 4F5          5SEND_B2     6SEND_B3     3RECV_F7    
[rank0]:[rank0]:E0930 12:54:20.540000 169898 torch/distributed/pipelining/schedules.py:3154] Step 045: 4SEND_F5     5RECV_B3     2RECV_B0     3F6         
[rank0]:[rank0]:E0930 12:54:20.540000 169898 torch/distributed/pipelining/schedules.py:3154] Step 046: 4RECV_F6     5RECV_F4     2RECV_F7     3SEND_F6    
[rank0]:[rank0]:E0930 12:54:20.540000 169898 torch/distributed/pipelining/schedules.py:3154] Step 047: 4B3          1F7          2F6          3RECV_B3    
[rank0]:[rank0]:E0930 12:54:20.540000 169898 torch/distributed/pipelining/schedules.py:3154] Step 048: 4SEND_B3     1SEND_F7     2SEND_F6     3B2         
[rank0]:[rank0]:E0930 12:54:20.540000 169898 torch/distributed/pipelining/schedules.py:3154] Step 049: 0RECV_B0     5B3          2B0          3SEND_B2    
[rank0]:[rank0]:E0930 12:54:20.540000 169898 torch/distributed/pipelining/schedules.py:3154] Step 050: 4F6          5SEND_B3     2SEND_B0     7RECV_F4    
[rank0]:[rank0]:E0930 12:54:20.540000 169898 torch/distributed/pipelining/schedules.py:3154] Step 051: 4SEND_F6     1RECV_B0     2RECV_B1     3F7         
[rank0]:[rank0]:E0930 12:54:20.540000 169898 torch/distributed/pipelining/schedules.py:3154] Step 052: 4RECV_F7     5RECV_F5     6RECV_F4     3SEND_F7    
[rank0]:[rank0]:E0930 12:54:20.540000 169898 torch/distributed/pipelining/schedules.py:3154] Step 053: 0B0          5F4          2F7          3B3         
[rank0]:[rank0]:E0930 12:54:20.540000 169898 torch/distributed/pipelining/schedules.py:3154] Step 054: 0RECV_B1     5SEND_F4     2SEND_F7     3SEND_B3    
[rank0]:[rank0]:E0930 12:54:20.540000 169898 torch/distributed/pipelining/schedules.py:3154] Step 055: 4F7          1B0          2B1          7RECV_F5    
[rank0]:[rank0]:E0930 12:54:20.540000 169898 torch/distributed/pipelining/schedules.py:3154] Step 056: 4SEND_F7     1SEND_B0     2SEND_B1     7F4         
[rank0]:[rank0]:E0930 12:54:20.540000 169898 torch/distributed/pipelining/schedules.py:3154] Step 057: 0B1          1RECV_B1     2RECV_B2     7B4         
[rank0]:[rank0]:E0930 12:54:20.540000 169898 torch/distributed/pipelining/schedules.py:3154] Step 058: 0RECV_B2     5RECV_F6     6RECV_F5     7SEND_B4    
[rank0]:[rank0]:E0930 12:54:20.540000 169898 torch/distributed/pipelining/schedules.py:3154] Step 059: 0F8          5F5          6F4          7RECV_F6    
[rank0]:[rank0]:E0930 12:54:20.540000 169898 torch/distributed/pipelining/schedules.py:3154] Step 060: 0SEND_F8     5SEND_F5     6SEND_F4     7F5         
[rank0]:[rank0]:E0930 12:54:20.540000 169898 torch/distributed/pipelining/schedules.py:3154] Step 061: 0B2          1B1          2B2          7B5         
[rank0]:[rank0]:E0930 12:54:20.540000 169898 torch/distributed/pipelining/schedules.py:3154] Step 062: 0RECV_B3     1SEND_B1     2SEND_B2     7SEND_B5    
[rank0]:[rank0]:E0930 12:54:20.540000 169898 torch/distributed/pipelining/schedules.py:3154] Step 063: 0F9          1RECV_B2     2RECV_B3     7RECV_F7    
[rank0]:[rank0]:E0930 12:54:20.540000 169898 torch/distributed/pipelining/schedules.py:3154] Step 064: 0SEND_F9     5RECV_F7     6RECV_F6     7F6         
[rank0]:[rank0]:E0930 12:54:20.540000 169898 torch/distributed/pipelining/schedules.py:3154] Step 065: 0B3          5F6          6F5          7B6         
[rank0]:[rank0]:E0930 12:54:20.540000 169898 torch/distributed/pipelining/schedules.py:3154] Step 066: 4RECV_B4     5SEND_F6     6SEND_F5     7SEND_B6    
[rank0]:[rank0]:E0930 12:54:20.540000 169898 torch/distributed/pipelining/schedules.py:3154] Step 067: 0F10         1B2          2B3          3RECV_F8    
[rank0]:[rank0]:E0930 12:54:20.540000 169898 torch/distributed/pipelining/schedules.py:3154] Step 068: 0SEND_F10    1SEND_B2     2SEND_B3     7F7         
[rank0]:[rank0]:E0930 12:54:20.540000 169898 torch/distributed/pipelining/schedules.py:3154] Step 069: 4B4          1RECV_B3     6RECV_B4     3RECV_B4    
[rank0]:[rank0]:E0930 12:54:20.540000 169898 torch/distributed/pipelining/schedules.py:3154] Step 070: 4SEND_B4     1RECV_F8     6RECV_F7     7B7         
[rank0]:[rank0]:E0930 12:54:20.540000 169898 torch/distributed/pipelining/schedules.py:3154] Step 071: 4RECV_B5     5F7          6F6          7SEND_B7    
[rank0]:[rank0]:E0930 12:54:20.540000 169898 torch/distributed/pipelining/schedules.py:3154] Step 072: 0F11         5SEND_F7     6SEND_F6     3RECV_F9    
[rank0]:[rank0]:E0930 12:54:20.540000 169898 torch/distributed/pipelining/schedules.py:3154] Step 073: 0SEND_F11    1B3          6B4          3F8         
[rank0]:[rank0]:E0930 12:54:20.540000 169898 torch/distributed/pipelining/schedules.py:3154] Step 074: 4RECV_F8     1SEND_B3     6SEND_B4     3SEND_F8    
[rank0]:[rank0]:E0930 12:54:20.540000 169898 torch/distributed/pipelining/schedules.py:3154] Step 075: 4B5          5RECV_B4     6RECV_B5     3RECV_B5    
[rank0]:[rank0]:E0930 12:54:20.540000 169898 torch/distributed/pipelining/schedules.py:3154] Step 076: 4SEND_B5     1RECV_F9     2RECV_F8     3B4         
[rank0]:[rank0]:E0930 12:54:20.540000 169898 torch/distributed/pipelining/schedules.py:3154] Step 077: 4RECV_B6     1F8          6F7          3SEND_B4    
[rank0]:[rank0]:E0930 12:54:20.540000 169898 torch/distributed/pipelining/schedules.py:3154] Step 078: 4F8          1SEND_F8     6SEND_F7     3RECV_F10   
[rank0]:[rank0]:E0930 12:54:20.540000 169898 torch/distributed/pipelining/schedules.py:3154] Step 079: 4SEND_F8     5B4          6B5          3F9         
[rank0]:[rank0]:E0930 12:54:20.540000 169898 torch/distributed/pipelining/schedules.py:3154] Step 080: 4RECV_F9     5SEND_B4     6SEND_B5     3SEND_F9    
[rank0]:[rank0]:E0930 12:54:20.540000 169898 torch/distributed/pipelining/schedules.py:3154] Step 081: 4B6          5RECV_B5     6RECV_B6     3RECV_B6    
[rank0]:[rank0]:E0930 12:54:20.540000 169898 torch/distributed/pipelining/schedules.py:3154] Step 082: 4SEND_B6     1RECV_F10    2RECV_F9     3B5         
[rank0]:[rank0]:E0930 12:54:20.540000 169898 torch/distributed/pipelining/schedules.py:3154] Step 083: 4RECV_B7     1F9          2F8          3SEND_B5    
[rank0]:[rank0]:E0930 12:54:20.540000 169898 torch/distributed/pipelining/schedules.py:3154] Step 084: 4F9          1SEND_F9     2SEND_F8     3RECV_F11   
[rank0]:[rank0]:E0930 12:54:20.540000 169898 torch/distributed/pipelining/schedules.py:3154] Step 085: 4SEND_F9     5B5          6B6          3F10        
[rank0]:[rank0]:E0930 12:54:20.540000 169898 torch/distributed/pipelining/schedules.py:3154] Step 086: 4RECV_F10    5SEND_B5     6SEND_B6     3SEND_F10   
[rank0]:[rank0]:E0930 12:54:20.540000 169898 torch/distributed/pipelining/schedules.py:3154] Step 087: 4B7          5RECV_B6     6RECV_B7     3RECV_B7    
[rank0]:[rank0]:E0930 12:54:20.540000 169898 torch/distributed/pipelining/schedules.py:3154] Step 088: 4SEND_B7     1RECV_F11    2RECV_F10    3B6         
[rank0]:[rank0]:E0930 12:54:20.540000 169898 torch/distributed/pipelining/schedules.py:3154] Step 089: 0RECV_B4     1F10         2F9          3SEND_B6    
[rank0]:[rank0]:E0930 12:54:20.540000 169898 torch/distributed/pipelining/schedules.py:3154] Step 090: 4F10         1SEND_F10    2SEND_F9     7RECV_F8    
[rank0]:[rank0]:E0930 12:54:20.540000 169898 torch/distributed/pipelining/schedules.py:3154] Step 091: 4SEND_F10    5B6          6B7          3F11        
[rank0]:[rank0]:E0930 12:54:20.540000 169898 torch/distributed/pipelining/schedules.py:3154] Step 092: 4RECV_F11    5SEND_B6     6SEND_B7     3SEND_F11   
[rank0]:[rank0]:E0930 12:54:20.540000 169898 torch/distributed/pipelining/schedules.py:3154] Step 093: 0B4          5RECV_B7     2RECV_B4     3B7         
[rank0]:[rank0]:E0930 12:54:20.540000 169898 torch/distributed/pipelining/schedules.py:3154] Step 094: 0RECV_B5     5RECV_F8     2RECV_F11    3SEND_B7    
[rank0]:[rank0]:E0930 12:54:20.540000 169898 torch/distributed/pipelining/schedules.py:3154] Step 095: 4F11         1F11         2F10         7RECV_F9    
[rank0]:[rank0]:E0930 12:54:20.540000 169898 torch/distributed/pipelining/schedules.py:3154] Step 096: 4SEND_F11    1SEND_F11    2SEND_F10    7F8         
[rank0]:[rank0]:E0930 12:54:20.540000 169898 torch/distributed/pipelining/schedules.py:3154] Step 097: 0B5          5B7          2B4          7B8         
[rank0]:[rank0]:E0930 12:54:20.540000 169898 torch/distributed/pipelining/schedules.py:3154] Step 098: 0RECV_B6     5SEND_B7     2SEND_B4     7SEND_B8    
[rank0]:[rank0]:E0930 12:54:20.540000 169898 torch/distributed/pipelining/schedules.py:3154] Step 099: 0F12         1RECV_B4     2RECV_B5     7RECV_F10   
[rank0]:[rank0]:E0930 12:54:20.540000 169898 torch/distributed/pipelining/schedules.py:3154] Step 100: 0SEND_F12    5RECV_F9     6RECV_F8     7F9         
[rank0]:[rank0]:E0930 12:54:20.540000 169898 torch/distributed/pipelining/schedules.py:3154] Step 101: 0B6          5F8          2F11         7B9         
[rank0]:[rank0]:E0930 12:54:20.540000 169898 torch/distributed/pipelining/schedules.py:3154] Step 102: 0RECV_B7     5SEND_F8     2SEND_F11    7SEND_B9    
[rank0]:[rank0]:E0930 12:54:20.540000 169898 torch/distributed/pipelining/schedules.py:3154] Step 103: 0F13         1B4          2B5          7RECV_F11   
[rank0]:[rank0]:E0930 12:54:20.540000 169898 torch/distributed/pipelining/schedules.py:3154] Step 104: 0SEND_F13    1SEND_B4     2SEND_B5     7F10        
[rank0]:[rank0]:E0930 12:54:20.540000 169898 torch/distributed/pipelining/schedules.py:3154] Step 105: 0B7          1RECV_B5     2RECV_B6     7B10        
[rank0]:[rank0]:E0930 12:54:20.540000 169898 torch/distributed/pipelining/schedules.py:3154] Step 106: 4RECV_B8     5RECV_F10    6RECV_F9     7SEND_B10   
[rank0]:[rank0]:E0930 12:54:20.540000 169898 torch/distributed/pipelining/schedules.py:3154] Step 107: 0F14         5F9          6F8          3RECV_F12   
[rank0]:[rank0]:E0930 12:54:20.540000 169898 torch/distributed/pipelining/schedules.py:3154] Step 108: 0SEND_F14    5SEND_F9     6SEND_F8     7F11        
[rank0]:[rank0]:E0930 12:54:20.540000 169898 torch/distributed/pipelining/schedules.py:3154] Step 109: 4B8          1B5          2B6          3RECV_B8    
[rank0]:[rank0]:E0930 12:54:20.540000 169898 torch/distributed/pipelining/schedules.py:3154] Step 110: 4SEND_B8     1SEND_B5     2SEND_B6     7B11        
[rank0]:[rank0]:E0930 12:54:20.540000 169898 torch/distributed/pipelining/schedules.py:3154] Step 111: 4RECV_B9     1RECV_B6     2RECV_B7     7SEND_B11   
[rank0]:[rank0]:E0930 12:54:20.540000 169898 torch/distributed/pipelining/schedules.py:3154] Step 112: 0F15         5RECV_F11    6RECV_F10    3RECV_F13   
[rank0]:[rank0]:E0930 12:54:20.540000 169898 torch/distributed/pipelining/schedules.py:3154] Step 113: 0SEND_F15    5F10         6F9          3F12        
[rank0]:[rank0]:E0930 12:54:20.540000 169898 torch/distributed/pipelining/schedules.py:3154] Step 114: 4RECV_F12    5SEND_F10    6SEND_F9     3SEND_F12   
[rank0]:[rank0]:E0930 12:54:20.540000 169898 torch/distributed/pipelining/schedules.py:3154] Step 115: 4B9          1B6          2B7          3RECV_B9    
[rank0]:[rank0]:E0930 12:54:20.540000 169898 torch/distributed/pipelining/schedules.py:3154] Step 116: 4SEND_B9     1SEND_B6     2SEND_B7     3B8         
[rank0]:[rank0]:E0930 12:54:20.540000 169898 torch/distributed/pipelining/schedules.py:3154] Step 117: 4RECV_B10    1RECV_B7     6RECV_B8     3SEND_B8    
[rank0]:[rank0]:E0930 12:54:20.540000 169898 torch/distributed/pipelining/schedules.py:3154] Step 118: 4F12         1RECV_F12    6RECV_F11    3RECV_F14   
[rank0]:[rank0]:E0930 12:54:20.540000 169898 torch/distributed/pipelining/schedules.py:3154] Step 119: 4SEND_F12    5F11         6F10         3F13        
[rank0]:[rank0]:E0930 12:54:20.540000 169898 torch/distributed/pipelining/schedules.py:3154] Step 120: 4RECV_F13    5SEND_F11    6SEND_F10    3SEND_F13   
[rank0]:[rank0]:E0930 12:54:20.540000 169898 torch/distributed/pipelining/schedules.py:3154] Step 121: 4B10         1B7          6B8          3RECV_B10   
[rank0]:[rank0]:E0930 12:54:20.540000 169898 torch/distributed/pipelining/schedules.py:3154] Step 122: 4SEND_B10    1SEND_B7     6SEND_B8     3B9         
[rank0]:[rank0]:E0930 12:54:20.540000 169898 torch/distributed/pipelining/schedules.py:3154] Step 123: 4RECV_B11    5RECV_B8     6RECV_B9     3SEND_B9    
[rank0]:[rank0]:E0930 12:54:20.540000 169898 torch/distributed/pipelining/schedules.py:3154] Step 124: 4F13         1RECV_F13    2RECV_F12    3RECV_F15   
[rank0]:[rank0]:E0930 12:54:20.540000 169898 torch/distributed/pipelining/schedules.py:3154] Step 125: 4SEND_F13    1F12         6F11         3F14        
[rank0]:[rank0]:E0930 12:54:20.540000 169898 torch/distributed/pipelining/schedules.py:3154] Step 126: 4RECV_F14    1SEND_F12    6SEND_F11    3SEND_F14   
[rank0]:[rank0]:E0930 12:54:20.540000 169898 torch/distributed/pipelining/schedules.py:3154] Step 127: 4B11         5B8          6B9          3RECV_B11   
[rank0]:[rank0]:E0930 12:54:20.540000 169898 torch/distributed/pipelining/schedules.py:3154] Step 128: 4SEND_B11    5SEND_B8     6SEND_B9     3B10        
[rank0]:[rank0]:E0930 12:54:20.540000 169898 torch/distributed/pipelining/schedules.py:3154] Step 129: 0RECV_B8     5RECV_B9     6RECV_B10    3SEND_B10   
[rank0]:[rank0]:E0930 12:54:20.540000 169898 torch/distributed/pipelining/schedules.py:3154] Step 130: 4F14         1RECV_F14    2RECV_F13    7RECV_F12   
[rank0]:[rank0]:E0930 12:54:20.540000 169898 torch/distributed/pipelining/schedules.py:3154] Step 131: 4SEND_F14    1F13         2F12         3F15        
[rank0]:[rank0]:E0930 12:54:20.540000 169898 torch/distributed/pipelining/schedules.py:3154] Step 132: 4RECV_F15    1SEND_F13    2SEND_F12    3SEND_F15   
[rank0]:[rank0]:E0930 12:54:20.540000 169898 torch/distributed/pipelining/schedules.py:3154] Step 133: 0B8          5B9          6B10         3B11        
[rank0]:[rank0]:E0930 12:54:20.540000 169898 torch/distributed/pipelining/schedules.py:3154] Step 134: 0RECV_B9     5SEND_B9     6SEND_B10    3SEND_B11   
[rank0]:[rank0]:E0930 12:54:20.540000 169898 torch/distributed/pipelining/schedules.py:3154] Step 135: 4F15         5RECV_B10    6RECV_B11    7RECV_F13   
[rank0]:[rank0]:E0930 12:54:20.540000 169898 torch/distributed/pipelining/schedules.py:3154] Step 136: 4SEND_F15    1RECV_F15    2RECV_F14    7F12        
[rank0]:[rank0]:E0930 12:54:20.540000 169898 torch/distributed/pipelining/schedules.py:3154] Step 137: 0B9          1F14         2F13         7B12        
[rank0]:[rank0]:E0930 12:54:20.540000 169898 torch/distributed/pipelining/schedules.py:3154] Step 138: 0RECV_B10    1SEND_F14    2SEND_F13    7SEND_B12   
[rank0]:[rank0]:E0930 12:54:20.540000 169898 torch/distributed/pipelining/schedules.py:3154] Step 139: 0B10         5B10         6B11         7RECV_F14   
[rank0]:[rank0]:E0930 12:54:20.540000 169898 torch/distributed/pipelining/schedules.py:3154] Step 140: 0RECV_B11    5SEND_B10    6SEND_B11    7F13        
[rank0]:[rank0]:E0930 12:54:20.540000 169898 torch/distributed/pipelining/schedules.py:3154] Step 141: 0B11         5RECV_B11    2RECV_B8     7B13        
[rank0]:[rank0]:E0930 12:54:20.540000 169898 torch/distributed/pipelining/schedules.py:3154] Step 142: 4RECV_B12    5RECV_F12    2RECV_F15    7SEND_B13   
[rank0]:[rank0]:E0930 12:54:20.540000 169898 torch/distributed/pipelining/schedules.py:3154] Step 143: 4B12         1F15         2F14         7RECV_F15   
[rank0]:[rank0]:E0930 12:54:20.540000 169898 torch/distributed/pipelining/schedules.py:3154] Step 144: 4SEND_B12    1SEND_F15    2SEND_F14    7F14        
[rank0]:[rank0]:E0930 12:54:20.540000 169898 torch/distributed/pipelining/schedules.py:3154] Step 145: 4RECV_B13    5B11         2B8          3RECV_B12   
[rank0]:[rank0]:E0930 12:54:20.540000 169898 torch/distributed/pipelining/schedules.py:3154] Step 146: 4B13         5SEND_B11    2SEND_B8     7B14        
[rank0]:[rank0]:E0930 12:54:20.540000 169898 torch/distributed/pipelining/schedules.py:3154] Step 147: 4SEND_B13    1RECV_B8     2RECV_B9     7SEND_B14   
[rank0]:[rank0]:E0930 12:54:20.540000 169898 torch/distributed/pipelining/schedules.py:3154] Step 148: 4RECV_B14    5RECV_F13    6RECV_F12    7F15        
[rank0]:[rank0]:E0930 12:54:20.540000 169898 torch/distributed/pipelining/schedules.py:3154] Step 149: 4B14         5F12         2F15         3RECV_B13   
[rank0]:[rank0]:E0930 12:54:20.540000 169898 torch/distributed/pipelining/schedules.py:3154] Step 150: 4SEND_B14    5SEND_F12    2SEND_F15    7B15        
[rank0]:[rank0]:E0930 12:54:20.540000 169898 torch/distributed/pipelining/schedules.py:3154] Step 151: 4RECV_B15    1B8          2B9          7SEND_B15   
[rank0]:[rank0]:E0930 12:54:20.540000 169898 torch/distributed/pipelining/schedules.py:3154] Step 152: 4B15         1SEND_B8     2SEND_B9     3RECV_B14   
[rank0]:[rank0]:E0930 12:54:20.540000 169898 torch/distributed/pipelining/schedules.py:3154] Step 153: 4SEND_B15    1RECV_B9     2RECV_B10    7REDUCE_GRAD
[rank0]:[rank0]:E0930 12:54:20.540000 169898 torch/distributed/pipelining/schedules.py:3154] Step 154: 4REDUCE_GRAD 5RECV_F14    6RECV_F13    7RESHARD    
[rank0]:[rank0]:E0930 12:54:20.540000 169898 torch/distributed/pipelining/schedules.py:3154] Step 155: 4RESHARD     5F13         6F12         3RECV_B15   
[rank0]:[rank0]:E0930 12:54:20.540000 169898 torch/distributed/pipelining/schedules.py:3154] Step 156: 0RECV_B12    5SEND_F13    6SEND_F12    3B12        
[rank0]:[rank0]:E0930 12:54:20.540000 169898 torch/distributed/pipelining/schedules.py:3154] Step 157: 0B12         1B9          2B10         3SEND_B12   
[rank0]:[rank0]:E0930 12:54:20.540000 169898 torch/distributed/pipelining/schedules.py:3154] Step 158: 0RECV_B13    1SEND_B9     2SEND_B10    3B13        
[rank0]:[rank0]:E0930 12:54:20.540000 169898 torch/distributed/pipelining/schedules.py:3154] Step 159: 0B13         1RECV_B10    2RECV_B11    3SEND_B13   
[rank0]:[rank0]:E0930 12:54:20.540000 169898 torch/distributed/pipelining/schedules.py:3154] Step 160: 0RECV_B14    5RECV_F15    6RECV_F14    3B14        
[rank0]:[rank0]:E0930 12:54:20.540000 169898 torch/distributed/pipelining/schedules.py:3154] Step 161: 0B14         5F14         6F13         3SEND_B14   
[rank0]:[rank0]:E0930 12:54:20.540000 169898 torch/distributed/pipelining/schedules.py:3154] Step 162: 0RECV_B15    5SEND_F14    6SEND_F13    3B15        
[rank0]:[rank0]:E0930 12:54:20.540000 169898 torch/distributed/pipelining/schedules.py:3154] Step 163: 0B15         1B10         2B11         3SEND_B15   
[rank0]:[rank0]:E0930 12:54:20.540000 169898 torch/distributed/pipelining/schedules.py:3154] Step 164: 0REDUCE_GRAD 1SEND_B10    2SEND_B11    3REDUCE_GRAD <-- ERROR HERE
[rank0]:[rank0]:E0930 12:54:20.540000 169898 torch/distributed/pipelining/schedules.py:3154] Step 165: 0RESHARD     1RECV_B11    6RECV_B12    3RESHARD    
[rank0]:[rank0]:E0930 12:54:20.540000 169898 torch/distributed/pipelining/schedules.py:3154] Step 166:              5F15         6RECV_F15                
[rank0]:[rank0]:E0930 12:54:20.540000 169898 torch/distributed/pipelining/schedules.py:3154] Step 167:              5SEND_F15    6F14                     
[rank0]:[rank0]:E0930 12:54:20.540000 169898 torch/distributed/pipelining/schedules.py:3154] Step 168:              1B11         6SEND_F14                
[rank0]:[rank0]:E0930 12:54:20.540000 169898 torch/distributed/pipelining/schedules.py:3154] Step 169:              1SEND_B11    6B12                     
[rank0]:[rank0]:E0930 12:54:20.540000 169898 torch/distributed/pipelining/schedules.py:3154] Step 170:              5RECV_B12    6SEND_B12                
[rank0]:[rank0]:E0930 12:54:20.540000 169898 torch/distributed/pipelining/schedules.py:3154] Step 171:              5B12         6RECV_B13                
[rank0]:[rank0]:E0930 12:54:20.540000 169898 torch/distributed/pipelining/schedules.py:3154] Step 172:              5SEND_B12    6F15                     
[rank0]:[rank0]:E0930 12:54:20.540000 169898 torch/distributed/pipelining/schedules.py:3154] Step 173:              5RECV_B13    6SEND_F15                
[rank0]:[rank0]:E0930 12:54:20.540000 169898 torch/distributed/pipelining/schedules.py:3154] Step 174:              5B13         6B13                     
[rank0]:[rank0]:E0930 12:54:20.540000 169898 torch/distributed/pipelining/schedules.py:3154] Step 175:              5SEND_B13    6SEND_B13                
[rank0]:[rank0]:E0930 12:54:20.540000 169898 torch/distributed/pipelining/schedules.py:3154] Step 176:              5RECV_B14    6RECV_B14                
[rank0]:[rank0]:E0930 12:54:20.540000 169898 torch/distributed/pipelining/schedules.py:3154] Step 177:              5B14         6B14                     
[rank0]:[rank0]:E0930 12:54:20.540000 169898 torch/distributed/pipelining/schedules.py:3154] Step 178:              5SEND_B14    6SEND_B14                
[rank0]:[rank0]:E0930 12:54:20.540000 169898 torch/distributed/pipelining/schedules.py:3154] Step 179:              5RECV_B15    6RECV_B15                
[rank0]:[rank0]:E0930 12:54:20.540000 169898 torch/distributed/pipelining/schedules.py:3154] Step 180:              5B15         6B15                     
[rank0]:[rank0]:E0930 12:54:20.540000 169898 torch/distributed/pipelining/schedules.py:3154] Step 181:              5SEND_B15    6SEND_B15                
[rank0]:[rank0]:E0930 12:54:20.540000 169898 torch/distributed/pipelining/schedules.py:3154] Step 182:              5REDUCE_GRAD 6REDUCE_GRAD             
[rank0]:[rank0]:E0930 12:54:20.540000 169898 torch/distributed/pipelining/schedules.py:3154] Step 183:              5RESHARD     6RESHARD                 
[rank0]:[rank0]:E0930 12:54:20.540000 169898 torch/distributed/pipelining/schedules.py:3154] Step 184:              1RECV_B12    2RECV_B12                
[rank0]:[rank0]:E0930 12:54:20.540000 169898 torch/distributed/pipelining/schedules.py:3154] Step 185:              1B12         2B12                     
[rank0]:[rank0]:E0930 12:54:20.540000 169898 torch/distributed/pipelining/schedules.py:3154] Step 186:              1SEND_B12    2SEND_B12                
[rank0]:[rank0]:E0930 12:54:20.540000 169898 torch/distributed/pipelining/schedules.py:3154] Step 187:              1RECV_B13    2RECV_B13                
[rank0]:[rank0]:E0930 12:54:20.540000 169898 torch/distributed/pipelining/schedules.py:3154] Step 188:              1B13         2B13                     
[rank0]:[rank0]:E0930 12:54:20.540000 169898 torch/distributed/pipelining/schedules.py:3154] Step 189:              1SEND_B13    2SEND_B13                
[rank0]:[rank0]:E0930 12:54:20.540000 169898 torch/distributed/pipelining/schedules.py:3154] Step 190:              1RECV_B14    2RECV_B14                
[rank0]:[rank0]:E0930 12:54:20.540000 169898 torch/distributed/pipelining/schedules.py:3154] Step 191:              1B14         2B14                     
[rank0]:[rank0]:E0930 12:54:20.540000 169898 torch/distributed/pipelining/schedules.py:3154] Step 192:              1SEND_B14    2SEND_B14                
[rank0]:[rank0]:E0930 12:54:20.540000 169898 torch/distributed/pipelining/schedules.py:3154] Step 193:              1RECV_B15    2RECV_B15                
[rank0]:[rank0]:E0930 12:54:20.540000 169898 torch/distributed/pipelining/schedules.py:3154] Step 194:              1B15         2B15                     
[rank0]:[rank0]:E0930 12:54:20.540000 169898 torch/distributed/pipelining/schedules.py:3154] Step 195:              1SEND_B15    2SEND_B15                
[rank0]:[rank0]:E0930 12:54:20.540000 169898 torch/distributed/pipelining/schedules.py:3154] Step 196:              1REDUCE_GRAD 2REDUCE_GRAD             
[rank0]:[rank0]:E0930 12:54:20.540000 169898 torch/distributed/pipelining/schedules.py:3154] Step 197:              1RESHARD     2RESHARD                 
[rank0]:[rank0]:E0930 12:54:20.540000 169898 torch/distributed/pipelining/schedules.py:3154] 
[rank0]:[rank0]: Traceback (most recent call last):
[rank0]:[rank0]:   File "<frozen runpy>", line 198, in _run_module_as_main
[rank0]:[rank0]:   File "<frozen runpy>", line 88, in _run_code
[rank0]:[rank0]:   File "/root/mep/w/pra/torchtitan/train.py", line 73, in <module>
[rank0]:[rank0]:     main()
[rank0]:[rank0]:   File "/root/mep/w/pra/torchtitan/train.py", line 59, in main
[rank0]:[rank0]:     trainer.train()
[rank0]:[rank0]:   File "/root/mep/venv_src/lib/python3.12/site-packages/torch/distributed/elastic/multiprocessing/errors/__init__.py", line 384, in wrapper
[rank0]:[rank0]:     result = f(*args, **kwargs)
[rank0]:[rank0]:              ^^^^^^^^^^^^^^^^^^
[rank0]:[rank0]:   File "/root/mep/w/pra/torchtitan/trainer.py", line 456, in train
[rank0]:[rank0]:     self.train_step(data_iterator)
[rank0]:[rank0]:   File "/root/mep/w/pra/torchtitan/trainer.py", line 369, in train_step
[rank0]:[rank0]:     forward_backward_result = engine.forward_backward(
[rank0]:[rank0]:                               ^^^^^^^^^^^^^^^^^^^^^^^^
[rank0]:[rank0]:   File "/root/mep/w/pra/torchtitan/observability/structured_logger/structured_logging.py", line 509, in sync_wrapper
[rank0]:[rank0]:     return func(*args, **kwargs)
[rank0]:[rank0]:            ^^^^^^^^^^^^^^^^^^^^^
[rank0]:[rank0]:   File "/root/mep/w/pra/torchtitan/training_engine.py", line 506, in forward_backward
[rank0]:[rank0]:     result = self._run_forward_backward(
[rank0]:[rank0]:              ^^^^^^^^^^^^^^^^^^^^^^^^^^^
[rank0]:[rank0]:   File "/root/mep/w/pra/torchtitan/training_engine.py", line 601, in _forward_backward_body
[rank0]:[rank0]:     loss = self._pp_forward_backward_microbatch_group(
[rank0]:[rank0]:            ^^^^^^^^^^^^^^^^^^^^^^^^^^^^^^^^^^^^^^^^^^^
[rank0]:[rank0]:   File "/root/mep/w/pra/torchtitan/training_engine.py", line 682, in _pp_forward_backward_microbatch_group
[rank0]:[rank0]:     self.pp_schedule.step(
[rank0]:[rank0]:   File "/root/mep/venv_src/lib/python3.12/site-packages/torch/distributed/pipelining/schedules.py", line 2438, in step
[rank0]:[rank0]:     self._step_microbatches(
[rank0]:[rank0]:   File "/root/mep/venv_src/lib/python3.12/site-packages/torch/distributed/pipelining/schedules.py", line 3160, in _step_microbatches
[rank0]:[rank0]:     raise e
[rank0]:[rank0]:   File "/root/mep/venv_src/lib/python3.12/site-packages/torch/distributed/pipelining/schedules.py", line 3147, in _step_microbatches
[rank0]:[rank0]:     _perform_action(action)
[rank0]:[rank0]:   File "/root/mep/venv_src/lib/python3.12/site-packages/torch/distributed/pipelining/schedules.py", line 3104, in _perform_action
[rank0]:[rank0]:     stage.perform_reduce_grad(grad_scale_factor)
[rank0]:[rank0]:   File "/root/mep/venv_src/lib/python3.12/site-packages/torch/distributed/pipelining/stage.py", line 1320, in perform_reduce_grad
[rank0]:[rank0]:     fsdp_param_group.post_backward()
[rank0]:[rank0]:   File "/root/mep/venv_src/lib/python3.12/site-packages/torch/distributed/fsdp/_fully_shard/_fsdp_common.py", line 30, in wrapper
[rank0]:[rank0]:     return torch._dynamo.disable(
[rank0]:[rank0]:            ^^^^^^^^^^^^^^^^^^^^^^
[rank0]:[rank0]:   File "/root/mep/venv_src/lib/python3.12/site-packages/torch/_dynamo/eval_frame.py", line 1548, in _fn
[rank0]:[rank0]:     return fn(*args, **kwargs)
[rank0]:[rank0]:            ^^^^^^^^^^^^^^^^^^^
[rank0]:[rank0]:   File "/root/mep/venv_src/lib/python3.12/site-packages/torch/distributed/fsdp/_fully_shard/_fsdp_param_group.py", line 752, in post_backward
[rank0]:[rank0]:     ) = foreach_reduce(
[rank0]:[rank0]:         ^^^^^^^^^^^^^^^
[rank0]:[rank0]:   File "/root/mep/venv_src/lib/python3.12/site-packages/torch/utils/_contextlib.py", line 158, in no_grad
[rank0]:[rank0]:     return func(*args, **kwargs)
[rank0]:[rank0]:            ^^^^^^^^^^^^^^^^^^^^^
[rank0]:[rank0]:   File "/root/mep/venv_src/lib/python3.12/site-packages/torch/distributed/fsdp/_fully_shard/_fsdp_collectives.py", line 741, in foreach_reduce
[rank0]:[rank0]:     reduce_output = _to_dtype_if_needed(reduce_output, orig_dtype)
[rank0]:[rank0]:                     ^^^^^^^^^^^^^^^^^^^^^^^^^^^^^^^^^^^^^^^^^^^^^^
[rank0]:[rank0]:   File "/root/mep/venv_src/lib/python3.12/site-packages/torch/distributed/fsdp/_fully_shard/_fsdp_common.py", line 177, in _to_dtype_if_needed
[rank0]:[rank0]:     return tensor.to(dtype)
[rank0]:[rank0]:            ^^^^^^^^^^^^^^^^
[rank0]:[rank0]: torch.OutOfMemoryError: CUDA out of memory. Tried to allocate 3.11 GiB. GPU 0 has a total capacity of 79.21 GiB of which 2.46 GiB is free. Process 3679823 has 518.00 MiB memory in use. Process 3679824 has 518.00 MiB memory in use. Process 3679821 has 75.21 GiB memory in use. Process 3679822 has 518.00 MiB memory in use. Of the allocated memory 49.01 GiB is allocated by PyTorch, and 22.39 GiB is reserved by PyTorch but unallocated. If reserved but unallocated memory is large try setting PYTORCH_CUDA_ALLOC_CONF=expandable_segments:True to avoid fragmentation.  See documentation for Memory Management  (https://docs.pytorch.org/docs/stable/notes/cuda.html#optimizing-memory-usage-with-pytorch-cuda-alloc-conf)
W0930 12:54:23.304000 169829 torch/distributed/elastic/multiprocessing/api.py:1028] Sending process 169899 closing signal SIGTERM
W0930 12:54:23.307000 169829 torch/distributed/elastic/multiprocessing/api.py:1028] Sending process 169900 closing signal SIGTERM
W0930 12:54:23.310000 169829 torch/distributed/elastic/multiprocessing/api.py:1028] Sending process 169901 closing signal SIGTERM
E0930 12:54:24.793000 169829 torch/distributed/elastic/multiprocessing/api.py:1002] failed (exitcode: 1) local_rank: 0 (pid: 169898) of binary: /root/mep/venv_src/bin/python
E0930 12:54:24.801000 169829 torch/distributed/elastic/multiprocessing/errors/error_handler.py:194] no error file defined for parent, to copy child error file (/tmp/torchelastic__e019f_d/none_mx22qyqj/attempt_0/0/error.json)
Traceback (most recent call last):
  File "/root/mep/venv_src/bin/torchrun", line 10, in <module>
    sys.exit(main())
             ^^^^^^
  File "/root/mep/venv_src/lib/python3.12/site-packages/torch/distributed/elastic/multiprocessing/errors/__init__.py", line 384, in wrapper
    result = f(*args, **kwargs)
             ^^^^^^^^^^^^^^^^^^
  File "/root/mep/venv_src/lib/python3.12/site-packages/torch/distributed/run.py", line 1138, in main
    run(args)
  File "/root/mep/venv_src/lib/python3.12/site-packages/torch/distributed/run.py", line 1129, in run
    elastic_launch(
  File "/root/mep/venv_src/lib/python3.12/site-packages/torch/distributed/launcher/api.py", line 197, in __call__
    return launch_agent(
           ^^^^^^^^^^^^^
  File "/root/mep/venv_src/lib/python3.12/site-packages/torch/distributed/launcher/api.py", line 386, in launch_agent
    raise ChildFailedError(
torch.distributed.elastic.multiprocessing.errors.ChildFailedError: 
============================================================
torchtitan.train FAILED
------------------------------------------------------------
Failures:
[1]:
  time      : 2026-09-30_12:54:24
  host      : 04d63ba06a34
  rank      : 1 (local_rank: 1)
  exitcode  : -15 (pid: 169899)  (SIGTERM)
  error_file: <N/A>
  traceback : Signal 15 (SIGTERM) received by PID 169899
[2]:
  time      : 2026-09-30_12:54:24
  host      : 04d63ba06a34
  rank      : 2 (local_rank: 2)
  exitcode  : -15 (pid: 169900)  (SIGTERM)
  error_file: <N/A>
  traceback : Signal 15 (SIGTERM) received by PID 169900
[3]:
  time      : 2026-09-30_12:54:24
  host      : 04d63ba06a34
  rank      : 3 (local_rank: 3)
  exitcode  : -15 (pid: 169901)  (SIGTERM)
  error_file: <N/A>
  traceback : Signal 15 (SIGTERM) received by PID 169901
------------------------------------------------------------
Root Cause (first observed failure):
[0]:
  time      : 2026-09-30_12:54:20
  host      : 04d63ba06a34
  rank      : 0 (local_rank: 0)
  exitcode  : 1 (pid: 169898) 
  error_file: /tmp/torchelastic__e019f_d/none_mx22qyqj/attempt_0/0/error.json
  traceback : Traceback (most recent call last):
    File "/root/mep/venv_src/lib/python3.12/site-packages/torch/distributed/elastic/multiprocessing/errors/__init__.py", line 384, in wrapper
      result = f(*args, **kwargs)
               ^^^^^^^^^^^^^^^^^^
    File "/root/mep/w/pra/torchtitan/trainer.py", line 456, in train
      self.train_step(data_iterator)
    File "/root/mep/w/pra/torchtitan/trainer.py", line 369, in train_step
      forward_backward_result = engine.forward_backward(
                                ^^^^^^^^^^^^^^^^^^^^^^^^
    File "/root/mep/w/pra/torchtitan/observability/structured_logger/structured_logging.py", line 509, in sync_wrapper
      return func(*args, **kwargs)
             ^^^^^^^^^^^^^^^^^^^^^
    File "/root/mep/w/pra/torchtitan/training_engine.py", line 506, in forward_backward
      result = self._run_forward_backward(
               ^^^^^^^^^^^^^^^^^^^^^^^^^^^
    File "/root/mep/w/pra/torchtitan/training_engine.py", line 601, in _forward_backward_body
      loss = self._pp_forward_backward_microbatch_group(
             ^^^^^^^^^^^^^^^^^^^^^^^^^^^^^^^^^^^^^^^^^^^
    File "/root/mep/w/pra/torchtitan/training_engine.py", line 682, in _pp_forward_backward_microbatch_group
      self.pp_schedule.step(
    File "/root/mep/venv_src/lib/python3.12/site-packages/torch/distributed/pipelining/schedules.py", line 2438, in step
      self._step_microbatches(
    File "/root/mep/venv_src/lib/python3.12/site-packages/torch/distributed/pipelining/schedules.py", line 3160, in _step_microbatches
      raise e
    File "/root/mep/venv_src/lib/python3.12/site-packages/torch/distributed/pipelining/schedules.py", line 3147, in _step_microbatches
      _perform_action(action)
    File "/root/mep/venv_src/lib/python3.12/site-packages/torch/distributed/pipelining/schedules.py", line 3104, in _perform_action
      stage.perform_reduce_grad(grad_scale_factor)
    File "/root/mep/venv_src/lib/python3.12/site-packages/torch/distributed/pipelining/stage.py", line 1320, in perform_reduce_grad
      fsdp_param_group.post_backward()
    File "/root/mep/venv_src/lib/python3.12/site-packages/torch/distributed/fsdp/_fully_shard/_fsdp_common.py", line 30, in wrapper
      return torch._dynamo.disable(
             ^^^^^^^^^^^^^^^^^^^^^^
    File "/root/mep/venv_src/lib/python3.12/site-packages/torch/_dynamo/eval_frame.py", line 1548, in _fn
      return fn(*args, **kwargs)
             ^^^^^^^^^^^^^^^^^^^
    File "/root/mep/venv_src/lib/python3.12/site-packages/torch/distributed/fsdp/_fully_shard/_fsdp_param_group.py", line 752, in post_backward
      ) = foreach_reduce(
          ^^^^^^^^^^^^^^^
    File "/root/mep/venv_src/lib/python3.12/site-packages/torch/utils/_contextlib.py", line 158, in no_grad
      return func(*args, **kwargs)
             ^^^^^^^^^^^^^^^^^^^^^
    File "/root/mep/venv_src/lib/python3.12/site-packages/torch/distributed/fsdp/_fully_shard/_fsdp_collectives.py", line 741, in foreach_reduce
      reduce_output = _to_dtype_if_needed(reduce_output, orig_dtype)
                      ^^^^^^^^^^^^^^^^^^^^^^^^^^^^^^^^^^^^^^^^^^^^^^
    File "/root/mep/venv_src/lib/python3.12/site-packages/torch/distributed/fsdp/_fully_shard/_fsdp_common.py", line 177, in _to_dtype_if_needed
      return tensor.to(dtype)
             ^^^^^^^^^^^^^^^^
  torch.OutOfMemoryError: CUDA out of memory. Tried to allocate 3.11 GiB. GPU 0 has a total capacity of 79.21 GiB of which 2.46 GiB is free. Process 3679823 has 518.00 MiB memory in use. Process 3679824 has 518.00 MiB memory in use. Process 3679821 has 75.21 GiB memory in use. Process 3679822 has 518.00 MiB memory in use. Of the allocated memory 49.01 GiB is allocated by PyTorch, and 22.39 GiB is reserved by PyTorch but unallocated. If reserved but unallocated memory is large try setting PYTORCH_CUDA_ALLOC_CONF=expandable_segments:True to avoid fragmentation.  See documentation for Memory Management  (https://docs.pytorch.org/docs/stable/notes/cuda.html#optimizing-memory-usage-with-pytorch-cuda-alloc-conf)
  
============================================================
