W0930 08:54:33.626000 70037 torch/distributed/run.py:982] 
W0930 08:54:33.626000 70037 torch/distributed/run.py:982] *****************************************
W0930 08:54:33.626000 70037 torch/distributed/run.py:982] Setting OMP_NUM_THREADS environment variable for each process to be 1 in default, to avoid your system being overloaded, please further tune the variable for optimal performance in your application as needed. 
W0930 08:54:33.626000 70037 torch/distributed/run.py:982] *****************************************
[rank0]:WARNING:absl:Failed to load jax profiler: No module named 'jax'
[rank1]:WARNING:absl:Failed to load jax profiler: No module named 'jax'
[rank2]:WARNING:absl:Failed to load jax profiler: No module named 'jax'
[rank3]:WARNING:absl:Failed to load jax profiler: No module named 'jax'
[rank3]:[titan] 2026-09-30 08:54:40,086 - __main__ - INFO - torchtitan version: 0.0.0+unknown (0.0.0 means __version__ is not defined correctly).
[rank2]:[titan] 2026-09-30 08:54:40,414 - __main__ - INFO - torchtitan version: 0.0.0+unknown (0.0.0 means __version__ is not defined correctly).
[rank1]:[titan] 2026-09-30 08:54:40,492 - __main__ - INFO - torchtitan version: 0.0.0+unknown (0.0.0 means __version__ is not defined correctly).
[rank0]:[titan] 2026-09-30 08:54:40,712 - __main__ - INFO - torchtitan version: 0.0.0+unknown (0.0.0 means __version__ is not defined correctly).
[rank3]:[titan] 2026-09-30 08:54:40,815 - torchtitan.observability.structured_logger.jsonl_handler - INFO - Structured logging -> JSONL: /root/mep/results/dep_h100_pp4vpp4/trace_r10_m8_w_dep_off/out/structured_logs/training.global_rank_3.20260930-085440-07GJH0.jsonl
[rank2]:[titan] 2026-09-30 08:54:41,148 - torchtitan.observability.structured_logger.jsonl_handler - INFO - Structured logging -> JSONL: /root/mep/results/dep_h100_pp4vpp4/trace_r10_m8_w_dep_off/out/structured_logs/training.global_rank_2.20260930-085441-UA0K1S.jsonl
[rank3]:[titan] 2026-09-30 08:54:41,107 - torchtitan.distributed.utils - WARNING - ENV[TORCH_NCCL_ASYNC_ERROR_HANDLING] = 1 will be overridden to 3 based on job config
[rank2]:[titan] 2026-09-30 08:54:41,411 - torchtitan.distributed.utils - WARNING - ENV[TORCH_NCCL_ASYNC_ERROR_HANDLING] = 1 will be overridden to 3 based on job config
[rank1]:[titan] 2026-09-30 08:54:41,394 - torchtitan.observability.structured_logger.jsonl_handler - INFO - Structured logging -> JSONL: /root/mep/results/dep_h100_pp4vpp4/trace_r10_m8_w_dep_off/out/structured_logs/training.global_rank_1.20260930-085441-RGNQEY.jsonl
[rank0]:[titan] 2026-09-30 08:54:41,562 - torchtitan.observability.structured_logger.jsonl_handler - INFO - Structured logging -> JSONL: /root/mep/results/dep_h100_pp4vpp4/trace_r10_m8_w_dep_off/out/structured_logs/training.global_rank_0.20260930-085441-UNF3ZG.jsonl
[rank1]:[titan] 2026-09-30 08:54:41,740 - torchtitan.distributed.utils - WARNING - ENV[TORCH_NCCL_ASYNC_ERROR_HANDLING] = 1 will be overridden to 3 based on job config
[rank0]:[titan] 2026-09-30 08:54:41,883 - torchtitan.distributed.utils - WARNING - ENV[TORCH_NCCL_ASYNC_ERROR_HANDLING] = 1 will be overridden to 3 based on job config
[rank0]:[titan] 2026-09-30 08:54:42,536 - torchtitan.tools.utils - INFO - [GC] Initial GC collection took 0.00 seconds
[rank2]:[titan] 2026-09-30 08:54:42,535 - torchtitan.tools.utils - INFO - [GC] Initial GC collection took 0.00 seconds
[rank1]:[titan] 2026-09-30 08:54:42,545 - torchtitan.tools.utils - INFO - [GC] Initial GC collection took 0.00 seconds
[rank3]:[titan] 2026-09-30 08:54:42,536 - torchtitan.tools.utils - INFO - [GC] Initial GC collection took 0.00 seconds
[rank0]:[titan] 2026-09-30 08:54:43,516 - torchtitan.distributed.parallelism_context - INFO - Building device mesh with parallelism: pp=4, dp_replicate=1, dp_shard=1, cp=1, tp=1, ep=1
[rank2]:[titan] 2026-09-30 08:54:43,515 - torchtitan.distributed.parallelism_context - INFO - Building device mesh with parallelism: pp=4, dp_replicate=1, dp_shard=1, cp=1, tp=1, ep=1
[rank1]:[titan] 2026-09-30 08:54:43,515 - torchtitan.distributed.parallelism_context - INFO - Building device mesh with parallelism: pp=4, dp_replicate=1, dp_shard=1, cp=1, tp=1, ep=1
[rank3]:[titan] 2026-09-30 08:54:43,516 - torchtitan.distributed.parallelism_context - INFO - Building device mesh with parallelism: pp=4, dp_replicate=1, dp_shard=1, cp=1, tp=1, ep=1
[rank0]:[titan] 2026-09-30 08:54:43,973 - torchtitan.distributed.parallelism_context - INFO - Successfully created meshes with active axes: ['pp']
[rank0]:[titan] 2026-09-30 08:54:43,976 - torchtitan.observability.metrics - INFO - CUDA capacity: NVIDIA H100 80GB HBM3 with 79.21GiB memory
[rank2]:[titan] 2026-09-30 08:54:43,972 - torchtitan.distributed.parallelism_context - INFO - Successfully created meshes with active axes: ['pp']
[rank2]:[titan] 2026-09-30 08:54:43,974 - torchtitan.observability.metrics - INFO - CUDA capacity: NVIDIA H100 80GB HBM3 with 79.21GiB memory
[rank1]:[titan] 2026-09-30 08:54:43,974 - torchtitan.distributed.parallelism_context - INFO - Successfully created meshes with active axes: ['pp']
[rank1]:[titan] 2026-09-30 08:54:43,979 - torchtitan.observability.metrics - INFO - CUDA capacity: NVIDIA H100 80GB HBM3 with 79.21GiB memory
[rank3]:[titan] 2026-09-30 08:54:43,971 - torchtitan.distributed.parallelism_context - INFO - Successfully created meshes with active axes: ['pp']
[rank3]:[titan] 2026-09-30 08:54:43,976 - torchtitan.observability.metrics - INFO - CUDA capacity: NVIDIA H100 80GB HBM3 with 79.21GiB memory
[rank0]:[titan] 2026-09-30 08:54:43,986 - torchtitan.config.configurable - WARNING - Config field value of type InterpolationMode may not be JSON serializable
[rank0]:[titan] 2026-09-30 08:54:43,988 - torchtitan.tools.utils - WARNING - Error running lspci: [Errno 2] No such file or directory: 'lspci', fallback to use device_name
[rank0]:[titan] 2026-09-30 08:54:43,988 - torchtitan.components.tokenizer - INFO - Loading tokenizer from tokenizer.json
[rank2]:[titan] 2026-09-30 08:54:43,984 - torchtitan.config.configurable - WARNING - Config field value of type InterpolationMode may not be JSON serializable
[rank2]:[titan] 2026-09-30 08:54:43,985 - torchtitan.tools.utils - WARNING - Error running lspci: [Errno 2] No such file or directory: 'lspci', fallback to use device_name
[rank2]:[titan] 2026-09-30 08:54:43,985 - torchtitan.components.tokenizer - INFO - Loading tokenizer from tokenizer.json
[rank1]:[titan] 2026-09-30 08:54:43,991 - torchtitan.config.configurable - WARNING - Config field value of type InterpolationMode may not be JSON serializable
[rank1]:[titan] 2026-09-30 08:54:43,992 - torchtitan.tools.utils - WARNING - Error running lspci: [Errno 2] No such file or directory: 'lspci', fallback to use device_name
[rank1]:[titan] 2026-09-30 08:54:43,993 - torchtitan.components.tokenizer - INFO - Loading tokenizer from tokenizer.json
[rank3]:[titan] 2026-09-30 08:54:43,989 - torchtitan.config.configurable - WARNING - Config field value of type InterpolationMode may not be JSON serializable
[rank3]:[titan] 2026-09-30 08:54:43,992 - torchtitan.tools.utils - WARNING - Error running lspci: [Errno 2] No such file or directory: 'lspci', fallback to use device_name
[rank3]:[titan] 2026-09-30 08:54:43,992 - torchtitan.components.tokenizer - INFO - Loading tokenizer from tokenizer.json
[rank0]:[titan] 2026-09-30 08:54:44,175 - torchtitan.protocols.state_dict_adapter - WARNING - model.safetensors.index.json not found at hf_assets_path: ./tests/assets/tokenizer/model.safetensors.index.json.                     Defaulting to saving a single safetensors file if checkpoint is saved in HF format
[rank0]:[titan] 2026-09-30 08:54:44,181 - torchtitan.models.utils - INFO - Total parameter count: 12,059,226,240, active parameters: 8,885,570,688
[rank1]:[titan] 2026-09-30 08:54:44,201 - torchtitan.protocols.state_dict_adapter - WARNING - model.safetensors.index.json not found at hf_assets_path: ./tests/assets/tokenizer/model.safetensors.index.json.                     Defaulting to saving a single safetensors file if checkpoint is saved in HF format
[rank1]:[titan] 2026-09-30 08:54:44,208 - torchtitan.models.utils - INFO - Total parameter count: 12,059,226,240, active parameters: 8,885,570,688
[rank0]:[titan] 2026-09-30 08:54:44,285 - torchtitan.distributed.pipeline_parallel - INFO - PP rank 0 is building stage_idx 0 with modules ['vision_encoder', 'tok_embeddings', 'layers.0']
[rank0]:[titan] 2026-09-30 08:54:44,370 - torchtitan.distributed.pipeline_parallel - INFO - PP rank 0 is building stage_idx 4 with modules ['layers.6']
[rank1]:[titan] 2026-09-30 08:54:44,308 - torchtitan.distributed.pipeline_parallel - INFO - PP rank 1 is building stage_idx 1 with modules ['layers.1', 'layers.2']
[rank3]:[titan] 2026-09-30 08:54:44,365 - torchtitan.protocols.state_dict_adapter - WARNING - model.safetensors.index.json not found at hf_assets_path: ./tests/assets/tokenizer/model.safetensors.index.json.                     Defaulting to saving a single safetensors file if checkpoint is saved in HF format
[rank3]:[titan] 2026-09-30 08:54:44,370 - torchtitan.models.utils - INFO - Total parameter count: 12,059,226,240, active parameters: 8,885,570,688
[rank0]:[titan] 2026-09-30 08:54:44,455 - torchtitan.distributed.pipeline_parallel - INFO - PP rank 0 is building stage_idx 8 with modules ['layers.10']
[rank2]:[titan] 2026-09-30 08:54:44,388 - torchtitan.protocols.state_dict_adapter - WARNING - model.safetensors.index.json not found at hf_assets_path: ./tests/assets/tokenizer/model.safetensors.index.json.                     Defaulting to saving a single safetensors file if checkpoint is saved in HF format
[rank2]:[titan] 2026-09-30 08:54:44,393 - torchtitan.models.utils - INFO - Total parameter count: 12,059,226,240, active parameters: 8,885,570,688
[rank1]:[titan] 2026-09-30 08:54:44,394 - torchtitan.distributed.pipeline_parallel - INFO - PP rank 1 is building stage_idx 5 with modules ['layers.7']
[rank1]:[titan] 2026-09-30 08:54:44,480 - torchtitan.distributed.pipeline_parallel - INFO - PP rank 1 is building stage_idx 9 with modules ['layers.11']
[rank3]:[titan] 2026-09-30 08:54:44,464 - torchtitan.distributed.pipeline_parallel - INFO - PP rank 3 is building stage_idx 3 with modules ['layers.5']
[rank0]:[titan] 2026-09-30 08:54:44,541 - torchtitan.distributed.pipeline_parallel - INFO - PP rank 0 is building stage_idx 12 with modules ['layers.14']
[rank0]:[titan] 2026-09-30 08:54:44,561 - torchtitan.distributed.activation_checkpoint - INFO - Applied FullAC activation checkpointing to the model
[rank0]:[titan] 2026-09-30 08:54:44,561 - torchtitan.distributed.activation_checkpoint - INFO - Applied FullAC activation checkpointing to the model
[rank2]:[titan] 2026-09-30 08:54:44,486 - torchtitan.distributed.pipeline_parallel - INFO - PP rank 2 is building stage_idx 2 with modules ['layers.3', 'layers.4']
[rank2]:[titan] 2026-09-30 08:54:44,572 - torchtitan.distributed.pipeline_parallel - INFO - PP rank 2 is building stage_idx 6 with modules ['layers.8']
[rank1]:[titan] 2026-09-30 08:54:44,565 - torchtitan.distributed.pipeline_parallel - INFO - PP rank 1 is building stage_idx 13 with modules ['layers.15']
[rank1]:[titan] 2026-09-30 08:54:44,571 - torchtitan.distributed.activation_checkpoint - INFO - Applied FullAC activation checkpointing to the model
[rank3]:[titan] 2026-09-30 08:54:44,550 - torchtitan.distributed.pipeline_parallel - INFO - PP rank 3 is building stage_idx 7 with modules ['layers.9']
[rank0]:[titan] 2026-09-30 08:54:44,634 - torchtitan.distributed.fsdp - INFO - Applied FSDP to the model
[rank0]:[titan] 2026-09-30 08:54:44,637 - torchtitan.distributed.activation_checkpoint - INFO - Applied FullAC activation checkpointing to the model
[rank0]:[titan] 2026-09-30 08:54:44,654 - torchtitan.distributed.fsdp - INFO - Applied FSDP to the model
[rank0]:[titan] 2026-09-30 08:54:44,657 - torchtitan.distributed.activation_checkpoint - INFO - Applied FullAC activation checkpointing to the model
[rank0]:[titan] 2026-09-30 08:54:44,661 - torchtitan.distributed.fsdp - INFO - Applied FSDP to the model
[rank0]:[titan] 2026-09-30 08:54:44,663 - torchtitan.distributed.activation_checkpoint - INFO - Applied FullAC activation checkpointing to the model
[rank0]:[titan] 2026-09-30 08:54:44,668 - torchtitan.distributed.fsdp - INFO - Applied FSDP to the model
[rank0]:[titan] 2026-09-30 08:54:44,668 - torchtitan.distributed.pipeline_parallel - WARNING - Number of microbatches (8) is less than the total number of stages (16) which may result in a bubble in the pipeline.
[rank0]:[titan] 2026-09-30 08:54:44,670 - torchtitan.distributed.pipeline_parallel - INFO - Using pipeline schedule Interleaved1F1B with 8 microbatches and 16 stages.
[rank0]:[titan] 2026-09-30 08:54:44,671 - torchtitan.models.kimi_k3.pipeline_parallel - INFO - Kimi K3 pipeline: 4 stage(s) on this rank [0, 4, 8, 12], block transport delta with rank store
[rank2]:[titan] 2026-09-30 08:54:44,658 - torchtitan.distributed.pipeline_parallel - INFO - PP rank 2 is building stage_idx 10 with modules ['layers.12']
[rank1]:[titan] 2026-09-30 08:54:44,620 - torchtitan.distributed.fsdp - INFO - Applied FSDP to the model
[rank1]:[titan] 2026-09-30 08:54:44,622 - torchtitan.distributed.activation_checkpoint - INFO - Applied FullAC activation checkpointing to the model
[rank1]:[titan] 2026-09-30 08:54:44,632 - torchtitan.distributed.fsdp - INFO - Applied FSDP to the model
[rank1]:[titan] 2026-09-30 08:54:44,634 - torchtitan.distributed.activation_checkpoint - INFO - Applied FullAC activation checkpointing to the model
[rank1]:[titan] 2026-09-30 08:54:44,638 - torchtitan.distributed.fsdp - INFO - Applied FSDP to the model
[rank1]:[titan] 2026-09-30 08:54:44,640 - torchtitan.distributed.activation_checkpoint - INFO - Applied FullAC activation checkpointing to the model
[rank1]:[titan] 2026-09-30 08:54:44,643 - torchtitan.distributed.fsdp - INFO - Applied FSDP to the model
[rank1]:[titan] 2026-09-30 08:54:44,644 - torchtitan.distributed.pipeline_parallel - WARNING - Number of microbatches (8) is less than the total number of stages (16) which may result in a bubble in the pipeline.
[rank1]:[titan] 2026-09-30 08:54:44,646 - torchtitan.distributed.pipeline_parallel - INFO - Using pipeline schedule Interleaved1F1B with 8 microbatches and 16 stages.
[rank1]:[titan] 2026-09-30 08:54:44,646 - torchtitan.models.kimi_k3.pipeline_parallel - INFO - Kimi K3 pipeline: 4 stage(s) on this rank [1, 5, 9, 13], block transport delta with rank store
[rank3]:[titan] 2026-09-30 08:54:44,636 - torchtitan.distributed.pipeline_parallel - INFO - PP rank 3 is building stage_idx 11 with modules ['layers.13']
[rank2]:[titan] 2026-09-30 08:54:44,744 - torchtitan.distributed.pipeline_parallel - INFO - PP rank 2 is building stage_idx 14 with modules ['layers.16']
[rank2]:[titan] 2026-09-30 08:54:44,749 - torchtitan.distributed.activation_checkpoint - INFO - Applied FullAC activation checkpointing to the model
[rank1]:[rank1]:W0930 08:54:44.773000 70107 torch/distributed/tensor/_random.py:215] DTensor is synchronizing RNG states of every rank with the state from rank 0. This behavior is deprecated. Please call `torch.manual_seed()` on every rank that participates in SPMD DTensor Operations with the same seed. If using Pipeline Parallelism, each pipeline state would use a different seed, but all ranks belonging to one pipeline stage would use the same seed.
[rank3]:[titan] 2026-09-30 08:54:44,722 - torchtitan.distributed.pipeline_parallel - INFO - PP rank 3 is building stage_idx 15 with modules ['norm', 'lm_head', 'output_res_proj', 'output_res_norm']
[rank3]:[titan] 2026-09-30 08:54:44,727 - torchtitan.distributed.activation_checkpoint - INFO - Applied FullAC activation checkpointing to the model
[rank3]:[titan] 2026-09-30 08:54:44,773 - torchtitan.distributed.fsdp - INFO - Applied FSDP to the model
[rank3]:[titan] 2026-09-30 08:54:44,776 - torchtitan.distributed.activation_checkpoint - INFO - Applied FullAC activation checkpointing to the model
[rank3]:[titan] 2026-09-30 08:54:44,780 - torchtitan.distributed.fsdp - INFO - Applied FSDP to the model
[rank3]:[titan] 2026-09-30 08:54:44,783 - torchtitan.distributed.activation_checkpoint - INFO - Applied FullAC activation checkpointing to the model
[rank2]:[titan] 2026-09-30 08:54:44,795 - torchtitan.distributed.fsdp - INFO - Applied FSDP to the model
[rank2]:[titan] 2026-09-30 08:54:44,798 - torchtitan.distributed.activation_checkpoint - INFO - Applied FullAC activation checkpointing to the model
[rank2]:[titan] 2026-09-30 08:54:44,802 - torchtitan.distributed.fsdp - INFO - Applied FSDP to the model
[rank2]:[titan] 2026-09-30 08:54:44,804 - torchtitan.distributed.activation_checkpoint - INFO - Applied FullAC activation checkpointing to the model
[rank2]:[titan] 2026-09-30 08:54:44,808 - torchtitan.distributed.fsdp - INFO - Applied FSDP to the model
[rank2]:[titan] 2026-09-30 08:54:44,811 - torchtitan.distributed.activation_checkpoint - INFO - Applied FullAC activation checkpointing to the model
[rank2]:[titan] 2026-09-30 08:54:44,814 - torchtitan.distributed.fsdp - INFO - Applied FSDP to the model
[rank2]:[titan] 2026-09-30 08:54:44,814 - torchtitan.distributed.pipeline_parallel - WARNING - Number of microbatches (8) is less than the total number of stages (16) which may result in a bubble in the pipeline.
[rank2]:[titan] 2026-09-30 08:54:44,816 - torchtitan.distributed.pipeline_parallel - INFO - Using pipeline schedule Interleaved1F1B with 8 microbatches and 16 stages.
[rank2]:[titan] 2026-09-30 08:54:44,817 - torchtitan.models.kimi_k3.pipeline_parallel - INFO - Kimi K3 pipeline: 4 stage(s) on this rank [2, 6, 10, 14], block transport delta with rank store
[rank3]:[titan] 2026-09-30 08:54:44,787 - torchtitan.distributed.fsdp - INFO - Applied FSDP to the model
[rank3]:[titan] 2026-09-30 08:54:44,788 - torchtitan.distributed.activation_checkpoint - INFO - Applied FullAC activation checkpointing to the model
[rank3]:[titan] 2026-09-30 08:54:44,791 - torchtitan.distributed.fsdp - INFO - Applied FSDP to the model
[rank3]:[titan] 2026-09-30 08:54:44,791 - torchtitan.distributed.pipeline_parallel - WARNING - Number of microbatches (8) is less than the total number of stages (16) which may result in a bubble in the pipeline.
[rank3]:[titan] 2026-09-30 08:54:44,794 - torchtitan.distributed.pipeline_parallel - INFO - Using pipeline schedule Interleaved1F1B with 8 microbatches and 16 stages.
[rank3]:[titan] 2026-09-30 08:54:44,794 - torchtitan.models.kimi_k3.pipeline_parallel - INFO - Kimi K3 pipeline: 4 stage(s) on this rank [3, 7, 11, 15], block transport delta with rank store
[rank2]:[rank2]:W0930 08:54:44.879000 70108 torch/distributed/tensor/_random.py:215] DTensor is synchronizing RNG states of every rank with the state from rank 0. This behavior is deprecated. Please call `torch.manual_seed()` on every rank that participates in SPMD DTensor Operations with the same seed. If using Pipeline Parallelism, each pipeline state would use a different seed, but all ranks belonging to one pipeline stage would use the same seed.
[rank3]:[rank3]:W0930 08:54:44.879000 70109 torch/distributed/tensor/_random.py:215] DTensor is synchronizing RNG states of every rank with the state from rank 0. This behavior is deprecated. Please call `torch.manual_seed()` on every rank that participates in SPMD DTensor Operations with the same seed. If using Pipeline Parallelism, each pipeline state would use a different seed, but all ranks belonging to one pipeline stage would use the same seed.
[rank1]:[titan] 2026-09-30 08:54:44,998 - torchtitan.training_engine - INFO - Model KimiK3Model.Config size: 12,059,226,240 total parameters
[rank1]:[titan] 2026-09-30 08:54:44,999 - torchtitan.components.optimizer.optimizer - INFO - Optimizer AdamW (model_part=0): 56 params [.*] {'lr': 0.0008, 'betas': (0.9, 0.95), 'eps': 1e-08, 'weight_decay': 0.1, 'foreach': None, 'fused': True}
[rank1]:[titan] 2026-09-30 08:54:45,000 - torchtitan.components.optimizer.optimizer - INFO - Optimizer AdamW (model_part=1): 22 params [.*] {'lr': 0.0008, 'betas': (0.9, 0.95), 'eps': 1e-08, 'weight_decay': 0.1, 'foreach': None, 'fused': True}
[rank1]:[titan] 2026-09-30 08:54:45,000 - torchtitan.components.optimizer.optimizer - INFO - Optimizer AdamW (model_part=2): 22 params [.*] {'lr': 0.0008, 'betas': (0.9, 0.95), 'eps': 1e-08, 'weight_decay': 0.1, 'foreach': None, 'fused': True}
[rank1]:[titan] 2026-09-30 08:54:45,000 - torchtitan.components.optimizer.optimizer - INFO - Optimizer AdamW (model_part=3): 22 params [.*] {'lr': 0.0008, 'betas': (0.9, 0.95), 'eps': 1e-08, 'weight_decay': 0.1, 'foreach': None, 'fused': True}
[rank1]:[titan] 2026-09-30 08:54:45,001 - torchtitan.observability.metrics - WARNING - [31mPipeline Parallel loss is not visible. Please add [33mrank 3[31m to LOG_RANK environment variable in run_train.sh.[39m
[rank1]:[titan] 2026-09-30 08:54:45,001 - torchtitan.trainer - INFO - Peak FLOPS used for computing MFU: 9.890e+14
[rank1]:[titan] 2026-09-30 08:54:45,001 - torchtitan.trainer - INFO - CUDA memory usage for model: 6.31GiB(7.97%)
[rank1]:[titan] 2026-09-30 08:54:45,001 - torchtitan.trainer - INFO - Trainer is initialized with 16384 tokens per DP rank, 16384 tokens per train step, gradient accumulation steps 1, maximum context length 2048, total steps 12 (warmup 2)
[rank1]:[titan] 2026-09-30 08:54:45,002 - torchtitan.trainer - INFO - Training starts at step 1
[rank1]:[titan] 2026-09-30 08:54:45,002 - torchtitan.observability.profiler - INFO - Profiling active. Traces will be saved at /root/mep/results/dep_h100_pp4vpp4/trace_r10_m8_w_dep_off/out/traces
[rank3]:[titan] 2026-09-30 08:54:45,084 - torchtitan.training_engine - INFO - Model KimiK3Model.Config size: 12,059,226,240 total parameters
[rank0]:[titan] 2026-09-30 08:54:45,139 - torchtitan.training_engine - INFO - Model KimiK3Model.Config size: 12,059,226,240 total parameters
[rank0]:[titan] 2026-09-30 08:54:45,141 - torchtitan.components.optimizer.optimizer - INFO - Optimizer AdamW (model_part=0): 243 params [.*] {'lr': 0.0008, 'betas': (0.9, 0.95), 'eps': 1e-08, 'weight_decay': 0.1, 'foreach': None, 'fused': True}
[rank0]:[titan] 2026-09-30 08:54:45,141 - torchtitan.components.optimizer.optimizer - INFO - Optimizer AdamW (model_part=1): 28 params [.*] {'lr': 0.0008, 'betas': (0.9, 0.95), 'eps': 1e-08, 'weight_decay': 0.1, 'foreach': None, 'fused': True}
[rank0]:[titan] 2026-09-30 08:54:45,142 - torchtitan.components.optimizer.optimizer - INFO - Optimizer AdamW (model_part=2): 28 params [.*] {'lr': 0.0008, 'betas': (0.9, 0.95), 'eps': 1e-08, 'weight_decay': 0.1, 'foreach': None, 'fused': True}
[rank0]:[titan] 2026-09-30 08:54:45,142 - torchtitan.components.optimizer.optimizer - INFO - Optimizer AdamW (model_part=3): 28 params [.*] {'lr': 0.0008, 'betas': (0.9, 0.95), 'eps': 1e-08, 'weight_decay': 0.1, 'foreach': None, 'fused': True}
[rank0]:[titan] 2026-09-30 08:54:45,144 - torchtitan.observability.metrics - WARNING - [31mPipeline Parallel loss is not visible. Please add [33mrank 3[31m to LOG_RANK environment variable in run_train.sh.[39m
[rank0]:[titan] 2026-09-30 08:54:45,144 - torchtitan.trainer - INFO - Peak FLOPS used for computing MFU: 9.890e+14
[rank0]:[titan] 2026-09-30 08:54:45,144 - torchtitan.trainer - INFO - CUDA memory usage for model: 6.51GiB(8.22%)
[rank0]:[titan] 2026-09-30 08:54:45,144 - torchtitan.trainer - INFO - Trainer is initialized with 16384 tokens per DP rank, 16384 tokens per train step, gradient accumulation steps 1, maximum context length 2048, total steps 12 (warmup 2)
[rank0]:[titan] 2026-09-30 08:54:45,144 - torchtitan.trainer - INFO - Training starts at step 1
[rank0]:[titan] 2026-09-30 08:54:45,144 - torchtitan.observability.profiler - INFO - Profiling active. Traces will be saved at /root/mep/results/dep_h100_pp4vpp4/trace_r10_m8_w_dep_off/out/traces
[rank2]:[titan] 2026-09-30 08:54:45,095 - torchtitan.training_engine - INFO - Model KimiK3Model.Config size: 12,059,226,240 total parameters
[rank2]:[titan] 2026-09-30 08:54:45,096 - torchtitan.components.optimizer.optimizer - INFO - Optimizer AdamW (model_part=0): 50 params [.*] {'lr': 0.0008, 'betas': (0.9, 0.95), 'eps': 1e-08, 'weight_decay': 0.1, 'foreach': None, 'fused': True}
[rank2]:[titan] 2026-09-30 08:54:45,096 - torchtitan.components.optimizer.optimizer - INFO - Optimizer AdamW (model_part=1): 28 params [.*] {'lr': 0.0008, 'betas': (0.9, 0.95), 'eps': 1e-08, 'weight_decay': 0.1, 'foreach': None, 'fused': True}
[rank2]:[titan] 2026-09-30 08:54:45,096 - torchtitan.components.optimizer.optimizer - INFO - Optimizer AdamW (model_part=2): 28 params [.*] {'lr': 0.0008, 'betas': (0.9, 0.95), 'eps': 1e-08, 'weight_decay': 0.1, 'foreach': None, 'fused': True}
[rank2]:[titan] 2026-09-30 08:54:45,097 - torchtitan.components.optimizer.optimizer - INFO - Optimizer AdamW (model_part=3): 22 params [.*] {'lr': 0.0008, 'betas': (0.9, 0.95), 'eps': 1e-08, 'weight_decay': 0.1, 'foreach': None, 'fused': True}
[rank2]:[titan] 2026-09-30 08:54:45,098 - torchtitan.observability.metrics - WARNING - [31mPipeline Parallel loss is not visible. Please add [33mrank 3[31m to LOG_RANK environment variable in run_train.sh.[39m
[rank2]:[titan] 2026-09-30 08:54:45,098 - torchtitan.trainer - INFO - Peak FLOPS used for computing MFU: 9.890e+14
[rank2]:[titan] 2026-09-30 08:54:45,098 - torchtitan.trainer - INFO - CUDA memory usage for model: 6.69GiB(8.45%)
[rank2]:[titan] 2026-09-30 08:54:45,098 - torchtitan.trainer - INFO - Trainer is initialized with 16384 tokens per DP rank, 16384 tokens per train step, gradient accumulation steps 1, maximum context length 2048, total steps 12 (warmup 2)
[rank2]:[titan] 2026-09-30 08:54:45,098 - torchtitan.trainer - INFO - Training starts at step 1
[rank2]:[titan] 2026-09-30 08:54:45,098 - torchtitan.observability.profiler - INFO - Profiling active. Traces will be saved at /root/mep/results/dep_h100_pp4vpp4/trace_r10_m8_w_dep_off/out/traces
[rank3]:[titan] 2026-09-30 08:54:45,086 - torchtitan.components.optimizer.optimizer - INFO - Optimizer AdamW (model_part=0): 28 params [.*] {'lr': 0.0008, 'betas': (0.9, 0.95), 'eps': 1e-08, 'weight_decay': 0.1, 'foreach': None, 'fused': True}
[rank3]:[titan] 2026-09-30 08:54:45,086 - torchtitan.components.optimizer.optimizer - INFO - Optimizer AdamW (model_part=1): 28 params [.*] {'lr': 0.0008, 'betas': (0.9, 0.95), 'eps': 1e-08, 'weight_decay': 0.1, 'foreach': None, 'fused': True}
[rank3]:[titan] 2026-09-30 08:54:45,086 - torchtitan.components.optimizer.optimizer - INFO - Optimizer AdamW (model_part=2): 28 params [.*] {'lr': 0.0008, 'betas': (0.9, 0.95), 'eps': 1e-08, 'weight_decay': 0.1, 'foreach': None, 'fused': True}
[rank3]:[titan] 2026-09-30 08:54:45,086 - torchtitan.components.optimizer.optimizer - INFO - Optimizer AdamW (model_part=3): 4 params [.*] {'lr': 0.0008, 'betas': (0.9, 0.95), 'eps': 1e-08, 'weight_decay': 0.1, 'foreach': None, 'fused': True}
[rank3]:[titan] 2026-09-30 08:54:45,087 - torchtitan.observability.metrics - WARNING - [31mPipeline Parallel loss is not visible. Please add [33mrank 3[31m to LOG_RANK environment variable in run_train.sh.[39m
[rank3]:[titan] 2026-09-30 08:54:45,088 - torchtitan.trainer - INFO - Peak FLOPS used for computing MFU: 9.890e+14
[rank3]:[titan] 2026-09-30 08:54:45,088 - torchtitan.trainer - INFO - CUDA memory usage for model: 4.46GiB(5.62%)
[rank3]:[titan] 2026-09-30 08:54:45,088 - torchtitan.trainer - INFO - Trainer is initialized with 16384 tokens per DP rank, 16384 tokens per train step, gradient accumulation steps 1, maximum context length 2048, total steps 12 (warmup 2)
[rank3]:[titan] 2026-09-30 08:54:45,088 - torchtitan.trainer - INFO - Training starts at step 1
[rank3]:[titan] 2026-09-30 08:54:45,088 - torchtitan.observability.profiler - INFO - Profiling active. Traces will be saved at /root/mep/results/dep_h100_pp4vpp4/trace_r10_m8_w_dep_off/out/traces
[rank1]:/root/mep/venv_src/lib/python3.12/site-packages/torch/distributed/fsdp/_fully_shard/_fsdp_state.py:336: UserWarning: FSDP2-wrapped module (FSDPCheckpointWrapper) returned a view tensor. An in-place op on this view (e.g., `x += y`) will silently drop the pre-backward hook and skip the all-gather, which can cause backward to fail or produce wrong gradients. Use out-of-place ops (`out = out + y`, not `out += y`) or `.clone()` the output before any in-place op.
[rank1]:  output = self._register_pre_backward_hook(output)
[rank1]:/root/mep/venv_src/lib/python3.12/site-packages/torch/distributed/fsdp/_fully_shard/_fsdp_state.py:336: UserWarning: FSDP2-wrapped module (FSDPKimiK3Model) returned a view tensor. An in-place op on this view (e.g., `x += y`) will silently drop the pre-backward hook and skip the all-gather, which can cause backward to fail or produce wrong gradients. Use out-of-place ops (`out = out + y`, not `out += y`) or `.clone()` the output before any in-place op.
[rank1]:  output = self._register_pre_backward_hook(output)
[rank2]:/root/mep/venv_src/lib/python3.12/site-packages/torch/distributed/fsdp/_fully_shard/_fsdp_state.py:336: UserWarning: FSDP2-wrapped module (FSDPCheckpointWrapper) returned a view tensor. An in-place op on this view (e.g., `x += y`) will silently drop the pre-backward hook and skip the all-gather, which can cause backward to fail or produce wrong gradients. Use out-of-place ops (`out = out + y`, not `out += y`) or `.clone()` the output before any in-place op.
[rank2]:  output = self._register_pre_backward_hook(output)
[rank3]:/root/mep/venv_src/lib/python3.12/site-packages/torch/distributed/fsdp/_fully_shard/_fsdp_state.py:336: UserWarning: FSDP2-wrapped module (FSDPCheckpointWrapper) returned a view tensor. An in-place op on this view (e.g., `x += y`) will silently drop the pre-backward hook and skip the all-gather, which can cause backward to fail or produce wrong gradients. Use out-of-place ops (`out = out + y`, not `out += y`) or `.clone()` the output before any in-place op.
[rank3]:  output = self._register_pre_backward_hook(output)
[rank3]:/root/mep/venv_src/lib/python3.12/site-packages/torch/distributed/fsdp/_fully_shard/_fsdp_state.py:336: UserWarning: FSDP2-wrapped module (FSDPKimiK3Model) returned a view tensor. An in-place op on this view (e.g., `x += y`) will silently drop the pre-backward hook and skip the all-gather, which can cause backward to fail or produce wrong gradients. Use out-of-place ops (`out = out + y`, not `out += y`) or `.clone()` the output before any in-place op.
[rank3]:  output = self._register_pre_backward_hook(output)
[rank0]:/root/mep/venv_src/lib/python3.12/site-packages/torch/distributed/fsdp/_fully_shard/_fsdp_state.py:336: UserWarning: FSDP2-wrapped module (FSDPCheckpointWrapper) returned a view tensor. An in-place op on this view (e.g., `x += y`) will silently drop the pre-backward hook and skip the all-gather, which can cause backward to fail or produce wrong gradients. Use out-of-place ops (`out = out + y`, not `out += y`) or `.clone()` the output before any in-place op.
[rank0]:  output = self._register_pre_backward_hook(output)
[rank0]:/root/mep/venv_src/lib/python3.12/site-packages/torch/distributed/fsdp/_fully_shard/_fsdp_state.py:336: UserWarning: FSDP2-wrapped module (FSDPKimiK3Model) returned a view tensor. An in-place op on this view (e.g., `x += y`) will silently drop the pre-backward hook and skip the all-gather, which can cause backward to fail or produce wrong gradients. Use out-of-place ops (`out = out + y`, not `out += y`) or `.clone()` the output before any in-place op.
[rank0]:  output = self._register_pre_backward_hook(output)
[rank1]:/root/mep/venv_src/lib/python3.12/site-packages/torch/distributed/fsdp/_fully_shard/_fsdp_state.py:336: UserWarning: FSDP2-wrapped module (FSDPCheckpointWrapper) returned a view tensor. An in-place op on this view (e.g., `x += y`) will silently drop the pre-backward hook and skip the all-gather, which can cause backward to fail or produce wrong gradients. Use out-of-place ops (`out = out + y`, not `out += y`) or `.clone()` the output before any in-place op.
[rank1]:  output = self._register_pre_backward_hook(output)
[rank1]:/root/mep/venv_src/lib/python3.12/site-packages/torch/distributed/fsdp/_fully_shard/_fsdp_state.py:336: UserWarning: FSDP2-wrapped module (FSDPKimiK3Model) returned a view tensor. An in-place op on this view (e.g., `x += y`) will silently drop the pre-backward hook and skip the all-gather, which can cause backward to fail or produce wrong gradients. Use out-of-place ops (`out = out + y`, not `out += y`) or `.clone()` the output before any in-place op.
[rank1]:  output = self._register_pre_backward_hook(output)
[rank0]:/root/mep/venv_src/lib/python3.12/site-packages/torch/distributed/fsdp/_fully_shard/_fsdp_state.py:336: UserWarning: FSDP2-wrapped module (FSDPCheckpointWrapper) returned a view tensor. An in-place op on this view (e.g., `x += y`) will silently drop the pre-backward hook and skip the all-gather, which can cause backward to fail or produce wrong gradients. Use out-of-place ops (`out = out + y`, not `out += y`) or `.clone()` the output before any in-place op.
[rank0]:  output = self._register_pre_backward_hook(output)
[rank0]:/root/mep/venv_src/lib/python3.12/site-packages/torch/distributed/fsdp/_fully_shard/_fsdp_state.py:336: UserWarning: FSDP2-wrapped module (FSDPKimiK3Model) returned a view tensor. An in-place op on this view (e.g., `x += y`) will silently drop the pre-backward hook and skip the all-gather, which can cause backward to fail or produce wrong gradients. Use out-of-place ops (`out = out + y`, not `out += y`) or `.clone()` the output before any in-place op.
[rank0]:  output = self._register_pre_backward_hook(output)
[rank3]:[titan] 2026-09-30 08:55:32,363 - torchtitan.observability.metrics - INFO - [31mstep:  1  [32mloss:  8.21006  [38;2;180;60;0mgrad_norm: 55.5000  [38;2;54;234;195mmemory: 44.63GiB(56.34%)  [34mtps: 85  [36mtflops: 4.62  [35mmfu: 0.47%[39m
[rank3]:[titan] 2026-09-30 08:55:32,363 - torchtitan.distributed.utils - INFO - Synchronizing and adjusting timeout for all ProcessGroups to 0:01:40
[rank1]:[titan] 2026-09-30 08:55:32,410 - torchtitan.observability.metrics - INFO - [31mstep:  1  [32mloss: -1.00000  [38;2;180;60;0mgrad_norm: 55.5000  [38;2;54;234;195mmemory: 51.44GiB(64.94%)  [34mtps: 85  [36mtflops: 4.62  [35mmfu: 0.47%[39m
[rank1]:[titan] 2026-09-30 08:55:32,410 - torchtitan.distributed.utils - INFO - Synchronizing and adjusting timeout for all ProcessGroups to 0:01:40
[rank2]:[titan] 2026-09-30 08:55:32,430 - torchtitan.observability.metrics - INFO - [31mstep:  1  [32mloss: -1.00000  [38;2;180;60;0mgrad_norm: 55.5000  [38;2;54;234;195mmemory: 58.55GiB(73.92%)  [34mtps: 85  [36mtflops: 4.62  [35mmfu: 0.47%[39m
[rank2]:[titan] 2026-09-30 08:55:32,430 - torchtitan.distributed.utils - INFO - Synchronizing and adjusting timeout for all ProcessGroups to 0:01:40
[rank0]:[titan] 2026-09-30 08:55:32,716 - torchtitan.observability.metrics - INFO - [31mstep:  1  [32mloss: -1.00000  [38;2;180;60;0mgrad_norm: 55.5000  [38;2;54;234;195mmemory: 53.95GiB(68.11%)  [34mtps: 84  [36mtflops: 4.59  [35mmfu: 0.46%[39m
[rank0]:[titan] 2026-09-30 08:55:32,718 - torchtitan.distributed.utils - INFO - Synchronizing and adjusting timeout for all ProcessGroups to 0:01:40
[rank1]:[titan] 2026-09-30 08:55:35,271 - torchtitan.observability.metrics - INFO - [31mstep:  2  [32mloss: -1.00000  [38;2;180;60;0mgrad_norm: 56.5000  [38;2;54;234;195mmemory: 64.15GiB(80.99%)  [34mtps: 1,431  [36mtflops: 78.15  [35mmfu: 7.90%[39m
[rank0]:[titan] 2026-09-30 08:55:35,273 - torchtitan.observability.metrics - INFO - [31mstep:  2  [32mloss: -1.00000  [38;2;180;60;0mgrad_norm: 56.5000  [38;2;54;234;195mmemory: 65.97GiB(83.28%)  [34mtps: 1,603  [36mtflops: 87.50  [35mmfu: 8.85%[39m
[rank2]:[titan] 2026-09-30 08:55:35,273 - torchtitan.observability.metrics - INFO - [31mstep:  2  [32mloss: -1.00000  [38;2;180;60;0mgrad_norm: 56.5000  [38;2;54;234;195mmemory: 71.21GiB(89.90%)  [34mtps: 1,441  [36mtflops: 78.66  [35mmfu: 7.95%[39m
[rank3]:[titan] 2026-09-30 08:55:35,266 - torchtitan.observability.metrics - INFO - [31mstep:  2  [32mloss:  6.72605  [38;2;180;60;0mgrad_norm: 56.5000  [38;2;54;234;195mmemory: 53.27GiB(67.25%)  [34mtps: 1,411  [36mtflops: 77.02  [35mmfu: 7.79%[39m
[rank1]:[titan] 2026-09-30 08:55:37,898 - torchtitan.observability.metrics - INFO - [31mstep:  3  [32mloss: -1.00000  [38;2;180;60;0mgrad_norm: 109.0000  [38;2;54;234;195mmemory: 64.15GiB(80.99%)  [34mtps: 1,559  [36mtflops: 85.14  [35mmfu: 8.61%[39m
[rank0]:[titan] 2026-09-30 08:55:37,899 - torchtitan.observability.metrics - INFO - [31mstep:  3  [32mloss: -1.00000  [38;2;180;60;0mgrad_norm: 109.0000  [38;2;54;234;195mmemory: 65.97GiB(83.28%)  [34mtps: 1,559  [36mtflops: 85.14  [35mmfu: 8.61%[39m
[rank2]:[titan] 2026-09-30 08:55:37,900 - torchtitan.observability.metrics - INFO - [31mstep:  3  [32mloss: -1.00000  [38;2;180;60;0mgrad_norm: 109.0000  [38;2;54;234;195mmemory: 71.21GiB(89.90%)  [34mtps: 1,560  [36mtflops: 85.14  [35mmfu: 8.61%[39m
[rank3]:[titan] 2026-09-30 08:55:37,893 - torchtitan.observability.metrics - INFO - [31mstep:  3  [32mloss:  7.69386  [38;2;180;60;0mgrad_norm: 109.0000  [38;2;54;234;195mmemory: 53.27GiB(67.25%)  [34mtps: 1,560  [36mtflops: 85.15  [35mmfu: 8.61%[39m
[rank1]:[titan] 2026-09-30 08:55:40,577 - torchtitan.observability.metrics - INFO - [31mstep:  4  [32mloss: -1.00000  [38;2;180;60;0mgrad_norm: 95.5000  [38;2;54;234;195mmemory: 64.15GiB(80.99%)  [34mtps: 1,529  [36mtflops: 83.50  [35mmfu: 8.44%[39m
[rank0]:[titan] 2026-09-30 08:55:40,578 - torchtitan.observability.metrics - INFO - [31mstep:  4  [32mloss: -1.00000  [38;2;180;60;0mgrad_norm: 95.5000  [38;2;54;234;195mmemory: 65.97GiB(83.28%)  [34mtps: 1,529  [36mtflops: 83.50  [35mmfu: 8.44%[39m
[rank2]:[titan] 2026-09-30 08:55:40,578 - torchtitan.observability.metrics - INFO - [31mstep:  4  [32mloss: -1.00000  [38;2;180;60;0mgrad_norm: 95.5000  [38;2;54;234;195mmemory: 71.21GiB(89.90%)  [34mtps: 1,529  [36mtflops: 83.50  [35mmfu: 8.44%[39m
[rank3]:[titan] 2026-09-30 08:55:40,572 - torchtitan.observability.metrics - INFO - [31mstep:  4  [32mloss:  8.27103  [38;2;180;60;0mgrad_norm: 95.5000  [38;2;54;234;195mmemory: 53.27GiB(67.25%)  [34mtps: 1,529  [36mtflops: 83.50  [35mmfu: 8.44%[39m
[rank3]:[titan] 2026-09-30 08:55:43,199 - torchtitan.observability.metrics - INFO - [31mstep:  5  [32mloss:  5.82403  [38;2;180;60;0mgrad_norm: 113.5000  [38;2;54;234;195mmemory: 53.27GiB(67.25%)  [34mtps: 1,559  [36mtflops: 85.14  [35mmfu: 8.61%[39m
[rank0]:[titan] 2026-09-30 08:55:43,205 - torchtitan.observability.metrics - INFO - [31mstep:  5  [32mloss: -1.00000  [38;2;180;60;0mgrad_norm: 113.5000  [38;2;54;234;195mmemory: 65.97GiB(83.28%)  [34mtps: 1,559  [36mtflops: 85.13  [35mmfu: 8.61%[39m
[rank1]:[titan] 2026-09-30 08:55:43,204 - torchtitan.observability.metrics - INFO - [31mstep:  5  [32mloss: -1.00000  [38;2;180;60;0mgrad_norm: 113.5000  [38;2;54;234;195mmemory: 64.15GiB(80.99%)  [34mtps: 1,560  [36mtflops: 85.14  [35mmfu: 8.61%[39m
[rank2]:[titan] 2026-09-30 08:55:43,205 - torchtitan.observability.metrics - INFO - [31mstep:  5  [32mloss: -1.00000  [38;2;180;60;0mgrad_norm: 113.5000  [38;2;54;234;195mmemory: 71.21GiB(89.90%)  [34mtps: 1,559  [36mtflops: 85.14  [35mmfu: 8.61%[39m
[rank1]:[titan] 2026-09-30 08:55:45,784 - torchtitan.observability.metrics - INFO - [31mstep:  6  [32mloss: -1.00000  [38;2;180;60;0mgrad_norm: 56.0000  [38;2;54;234;195mmemory: 64.15GiB(80.99%)  [34mtps: 1,588  [36mtflops: 86.68  [35mmfu: 8.76%[39m
[rank2]:[titan] 2026-09-30 08:55:45,786 - torchtitan.observability.metrics - INFO - [31mstep:  6  [32mloss: -1.00000  [38;2;180;60;0mgrad_norm: 56.0000  [38;2;54;234;195mmemory: 71.21GiB(89.90%)  [34mtps: 1,587  [36mtflops: 86.67  [35mmfu: 8.76%[39m
[rank3]:[titan] 2026-09-30 08:55:45,779 - torchtitan.observability.metrics - INFO - [31mstep:  6  [32mloss:  6.10987  [38;2;180;60;0mgrad_norm: 56.0000  [38;2;54;234;195mmemory: 53.27GiB(67.25%)  [34mtps: 1,588  [36mtflops: 86.68  [35mmfu: 8.76%[39m
[rank0]:[titan] 2026-09-30 08:55:45,785 - torchtitan.observability.metrics - INFO - [31mstep:  6  [32mloss: -1.00000  [38;2;180;60;0mgrad_norm: 56.0000  [38;2;54;234;195mmemory: 65.97GiB(83.28%)  [34mtps: 1,588  [36mtflops: 86.67  [35mmfu: 8.76%[39m
[rank1]:[titan] 2026-09-30 08:55:48,349 - torchtitan.observability.metrics - INFO - [31mstep:  7  [32mloss: -1.00000  [38;2;180;60;0mgrad_norm: 55.5000  [38;2;54;234;195mmemory: 64.15GiB(80.99%)  [34mtps: 1,598  [36mtflops: 87.23  [35mmfu: 8.82%[39m
[rank2]:[titan] 2026-09-30 08:55:48,350 - torchtitan.observability.metrics - INFO - [31mstep:  7  [32mloss: -1.00000  [38;2;180;60;0mgrad_norm: 55.5000  [38;2;54;234;195mmemory: 71.21GiB(89.90%)  [34mtps: 1,598  [36mtflops: 87.23  [35mmfu: 8.82%[39m
[rank3]:[titan] 2026-09-30 08:55:48,343 - torchtitan.observability.metrics - INFO - [31mstep:  7  [32mloss:  5.60809  [38;2;180;60;0mgrad_norm: 55.5000  [38;2;54;234;195mmemory: 53.27GiB(67.25%)  [34mtps: 1,598  [36mtflops: 87.23  [35mmfu: 8.82%[39m
[rank0]:[titan] 2026-09-30 08:55:48,350 - torchtitan.observability.metrics - INFO - [31mstep:  7  [32mloss: -1.00000  [38;2;180;60;0mgrad_norm: 55.5000  [38;2;54;234;195mmemory: 65.97GiB(83.28%)  [34mtps: 1,598  [36mtflops: 87.22  [35mmfu: 8.82%[39m
[rank1]:[titan] 2026-09-30 08:55:51,187 - torchtitan.observability.metrics - INFO - [31mstep:  8  [32mloss: -1.00000  [38;2;180;60;0mgrad_norm: 43.7500  [38;2;54;234;195mmemory: 64.15GiB(80.99%)  [34mtps: 1,443  [36mtflops: 78.79  [35mmfu: 7.97%[39m
[rank2]:[titan] 2026-09-30 08:55:51,189 - torchtitan.observability.metrics - INFO - [31mstep:  8  [32mloss: -1.00000  [38;2;180;60;0mgrad_norm: 43.7500  [38;2;54;234;195mmemory: 71.21GiB(89.90%)  [34mtps: 1,443  [36mtflops: 78.78  [35mmfu: 7.97%[39m
[rank3]:[titan] 2026-09-30 08:55:51,182 - torchtitan.observability.metrics - INFO - [31mstep:  8  [32mloss:  5.05592  [38;2;180;60;0mgrad_norm: 43.7500  [38;2;54;234;195mmemory: 53.27GiB(67.25%)  [34mtps: 1,443  [36mtflops: 78.79  [35mmfu: 7.97%[39m
[rank0]:[titan] 2026-09-30 08:55:51,188 - torchtitan.observability.metrics - INFO - [31mstep:  8  [32mloss: -1.00000  [38;2;180;60;0mgrad_norm: 43.7500  [38;2;54;234;195mmemory: 65.97GiB(83.28%)  [34mtps: 1,443  [36mtflops: 78.79  [35mmfu: 7.97%[39m
[rank1]:USDT:2026-09-30 08:55:53 70107:70107 SyncActivityProfilerHandler.cpp:39] profiler_start
[rank1]:[titan] 2026-09-30 08:55:53,933 - torchtitan.observability.metrics - INFO - [31mstep:  9  [32mloss: -1.00000  [38;2;180;60;0mgrad_norm: 72.0000  [38;2;54;234;195mmemory: 64.15GiB(80.99%)  [34mtps: 1,492  [36mtflops: 81.46  [35mmfu: 8.24%[39m
[rank2]:[titan] 2026-09-30 08:55:53,934 - torchtitan.observability.metrics - INFO - [31mstep:  9  [32mloss: -1.00000  [38;2;180;60;0mgrad_norm: 72.0000  [38;2;54;234;195mmemory: 71.21GiB(89.90%)  [34mtps: 1,492  [36mtflops: 81.47  [35mmfu: 8.24%[39m
[rank3]:USDT:2026-09-30 08:55:53 70109:70109 SyncActivityProfilerHandler.cpp:39] profiler_start
[rank3]:[titan] 2026-09-30 08:55:53,928 - torchtitan.observability.metrics - INFO - [31mstep:  9  [32mloss:  3.95052  [38;2;180;60;0mgrad_norm: 72.0000  [38;2;54;234;195mmemory: 53.27GiB(67.25%)  [34mtps: 1,492  [36mtflops: 81.46  [35mmfu: 8.24%[39m
[rank0]:USDT:2026-09-30 08:55:53 70106:70106 SyncActivityProfilerHandler.cpp:39] profiler_start
[rank2]:USDT:2026-09-30 08:55:53 70108:70108 SyncActivityProfilerHandler.cpp:39] profiler_start
[rank0]:[titan] 2026-09-30 08:55:53,934 - torchtitan.observability.metrics - INFO - [31mstep:  9  [32mloss: -1.00000  [38;2;180;60;0mgrad_norm: 72.0000  [38;2;54;234;195mmemory: 65.97GiB(83.28%)  [34mtps: 1,492  [36mtflops: 81.46  [35mmfu: 8.24%[39m
[rank1]:[titan] 2026-09-30 08:55:57,158 - torchtitan.observability.metrics - INFO - [31mstep: 10  [32mloss: -1.00000  [38;2;180;60;0mgrad_norm: 35.2500  [38;2;54;234;195mmemory: 64.15GiB(80.99%)  [34mtps: 1,270  [36mtflops: 69.35  [35mmfu: 7.01%[39m
[rank2]:[titan] 2026-09-30 08:55:57,159 - torchtitan.observability.metrics - INFO - [31mstep: 10  [32mloss: -1.00000  [38;2;180;60;0mgrad_norm: 35.2500  [38;2;54;234;195mmemory: 71.21GiB(89.90%)  [34mtps: 1,270  [36mtflops: 69.35  [35mmfu: 7.01%[39m
[rank3]:[titan] 2026-09-30 08:55:57,153 - torchtitan.observability.metrics - INFO - [31mstep: 10  [32mloss:  3.75825  [38;2;180;60;0mgrad_norm: 35.2500  [38;2;54;234;195mmemory: 53.27GiB(67.25%)  [34mtps: 1,270  [36mtflops: 69.36  [35mmfu: 7.01%[39m
[rank0]:[titan] 2026-09-30 08:55:57,159 - torchtitan.observability.metrics - INFO - [31mstep: 10  [32mloss: -1.00000  [38;2;180;60;0mgrad_norm: 35.2500  [38;2;54;234;195mmemory: 65.97GiB(83.28%)  [34mtps: 1,270  [36mtflops: 69.35  [35mmfu: 7.01%[39m
[rank3]:USDT:2026-09-30 08:55:57 70109:70109 SyncActivityProfilerHandler.cpp:46] profiler_stop
[rank1]:USDT:2026-09-30 08:55:57 70107:70107 SyncActivityProfilerHandler.cpp:46] profiler_stop
[rank2]:USDT:2026-09-30 08:55:57 70108:70108 SyncActivityProfilerHandler.cpp:46] profiler_stop
[rank0]:USDT:2026-09-30 08:55:57 70106:70106 SyncActivityProfilerHandler.cpp:46] profiler_stop
[rank3]:[titan] 2026-09-30 08:55:58,138 - torchtitan.observability.profiler - INFO - Dumping profiler traces at step 10
[rank1]:[titan] 2026-09-30 08:55:58,451 - torchtitan.observability.profiler - INFO - Dumping profiler traces at step 10
[rank2]:[titan] 2026-09-30 08:55:58,496 - torchtitan.observability.profiler - INFO - Dumping profiler traces at step 10
[rank0]:[titan] 2026-09-30 08:55:59,615 - torchtitan.observability.profiler - INFO - Dumping profiler traces at step 10
[rank3]:[titan] 2026-09-30 08:56:01,633 - torchtitan.observability.profiler - INFO - Finished dumping profiler traces in 3.50 seconds
[rank1]:[titan] 2026-09-30 08:56:03,163 - torchtitan.observability.profiler - INFO - Finished dumping profiler traces in 4.71 seconds
[rank2]:[titan] 2026-09-30 08:56:03,404 - torchtitan.observability.profiler - INFO - Finished dumping profiler traces in 4.91 seconds
[rank0]:[titan] 2026-09-30 08:56:08,111 - torchtitan.observability.profiler - INFO - Finished dumping profiler traces in 8.50 seconds
[rank0]:[titan] 2026-09-30 08:56:10,765 - torchtitan.observability.metrics - INFO - [31mstep: 11  [32mloss: -1.00000  [38;2;180;60;0mgrad_norm: 42.7500  [38;2;54;234;195mmemory: 65.97GiB(83.28%)  [34mtps: 301  [36mtflops: 16.44  [35mmfu: 1.66%[39m
[rank1]:[titan] 2026-09-30 08:56:10,764 - torchtitan.observability.metrics - INFO - [31mstep: 11  [32mloss: -1.00000  [38;2;180;60;0mgrad_norm: 42.7500  [38;2;54;234;195mmemory: 64.15GiB(80.99%)  [34mtps: 301  [36mtflops: 16.44  [35mmfu: 1.66%[39m
[rank2]:[titan] 2026-09-30 08:56:10,765 - torchtitan.observability.metrics - INFO - [31mstep: 11  [32mloss: -1.00000  [38;2;180;60;0mgrad_norm: 42.7500  [38;2;54;234;195mmemory: 71.21GiB(89.90%)  [34mtps: 301  [36mtflops: 16.44  [35mmfu: 1.66%[39m
[rank3]:[titan] 2026-09-30 08:56:10,759 - torchtitan.observability.metrics - INFO - [31mstep: 11  [32mloss:  3.43592  [38;2;180;60;0mgrad_norm: 42.7500  [38;2;54;234;195mmemory: 53.27GiB(67.25%)  [34mtps: 301  [36mtflops: 16.44  [35mmfu: 1.66%[39m
[rank1]:[titan] 2026-09-30 08:56:13,432 - torchtitan.observability.metrics - INFO - [31mstep: 12  [32mloss: -1.00000  [38;2;180;60;0mgrad_norm:  9.7500  [38;2;54;234;195mmemory: 64.15GiB(80.99%)  [34mtps: 1,535  [36mtflops: 83.81  [35mmfu: 8.47%[39m
[rank1]:[titan] 2026-09-30 08:56:13,433 - torchtitan.trainer - INFO - Training completed
[rank2]:[titan] 2026-09-30 08:56:13,434 - torchtitan.observability.metrics - INFO - [31mstep: 12  [32mloss: -1.00000  [38;2;180;60;0mgrad_norm:  9.7500  [38;2;54;234;195mmemory: 71.21GiB(89.90%)  [34mtps: 1,535  [36mtflops: 83.82  [35mmfu: 8.47%[39m
[rank2]:[titan] 2026-09-30 08:56:13,435 - torchtitan.trainer - INFO - Training completed
[rank3]:[titan] 2026-09-30 08:56:13,427 - torchtitan.observability.metrics - INFO - [31mstep: 12  [32mloss:  3.10931  [38;2;180;60;0mgrad_norm:  9.7500  [38;2;54;234;195mmemory: 53.27GiB(67.25%)  [34mtps: 1,535  [36mtflops: 83.82  [35mmfu: 8.48%[39m
[rank3]:[titan] 2026-09-30 08:56:13,428 - torchtitan.trainer - INFO - Training completed
[rank0]:[titan] 2026-09-30 08:56:13,433 - torchtitan.observability.metrics - INFO - [31mstep: 12  [32mloss: -1.00000  [38;2;180;60;0mgrad_norm:  9.7500  [38;2;54;234;195mmemory: 65.97GiB(83.28%)  [34mtps: 1,535  [36mtflops: 83.82  [35mmfu: 8.47%[39m
[rank0]:[titan] 2026-09-30 08:56:13,434 - torchtitan.trainer - INFO - Sleeping 2 seconds for other ranks to complete
[rank0]:[titan] 2026-09-30 08:56:15,435 - torchtitan.trainer - INFO - Training completed
[rank0]:[titan] 2026-09-30 08:56:17,630 - __main__ - INFO - Process group destroyed
[rank1]:[titan] 2026-09-30 08:56:17,793 - __main__ - INFO - Process group destroyed
[rank3]:[titan] 2026-09-30 08:56:17,793 - __main__ - INFO - Process group destroyed
[rank2]:[titan] 2026-09-30 08:56:18,133 - __main__ - INFO - Process group destroyed
