W0930 15:49:22.797000 212261 torch/distributed/run.py:982] 
W0930 15:49:22.797000 212261 torch/distributed/run.py:982] *****************************************
W0930 15:49:22.797000 212261 torch/distributed/run.py:982] Setting OMP_NUM_THREADS environment variable for each process to be 1 in default, to avoid your system being overloaded, please further tune the variable for optimal performance in your application as needed. 
W0930 15:49:22.797000 212261 torch/distributed/run.py:982] *****************************************
[rank0]:WARNING:absl:Failed to load jax profiler: No module named 'jax'
[rank1]:WARNING:absl:Failed to load jax profiler: No module named 'jax'
[rank3]:WARNING:absl:Failed to load jax profiler: No module named 'jax'
[rank2]:WARNING:absl:Failed to load jax profiler: No module named 'jax'
[rank0]:[titan] 2026-09-30 15:49:29,277 - __main__ - INFO - torchtitan version: 0.0.0+unknown (0.0.0 means __version__ is not defined correctly).
[rank1]:[titan] 2026-09-30 15:49:29,591 - __main__ - INFO - torchtitan version: 0.0.0+unknown (0.0.0 means __version__ is not defined correctly).
[rank3]:[titan] 2026-09-30 15:49:29,664 - __main__ - INFO - torchtitan version: 0.0.0+unknown (0.0.0 means __version__ is not defined correctly).
[rank2]:[titan] 2026-09-30 15:49:29,664 - __main__ - INFO - torchtitan version: 0.0.0+unknown (0.0.0 means __version__ is not defined correctly).
[rank0]:[titan] 2026-09-30 15:49:30,018 - torchtitan.observability.structured_logger.jsonl_handler - INFO - Structured logging -> JSONL: /root/mep/results/dep_h100_pp4vpp4_origlevels/time_s4096c3_m8_w_dep_off/out/structured_logs/training.global_rank_0.20260930-154930-6GEJ3K.jsonl
[rank0]:[titan] 2026-09-30 15:49:30,281 - torchtitan.distributed.utils - WARNING - ENV[TORCH_NCCL_ASYNC_ERROR_HANDLING] = 1 will be overridden to 3 based on job config
[rank1]:[titan] 2026-09-30 15:49:30,340 - torchtitan.observability.structured_logger.jsonl_handler - INFO - Structured logging -> JSONL: /root/mep/results/dep_h100_pp4vpp4_origlevels/time_s4096c3_m8_w_dep_off/out/structured_logs/training.global_rank_1.20260930-154930-8KURDD.jsonl
[rank3]:[titan] 2026-09-30 15:49:30,485 - torchtitan.observability.structured_logger.jsonl_handler - INFO - Structured logging -> JSONL: /root/mep/results/dep_h100_pp4vpp4_origlevels/time_s4096c3_m8_w_dep_off/out/structured_logs/training.global_rank_3.20260930-154930-13B9BF.jsonl
[rank2]:[titan] 2026-09-30 15:49:30,560 - torchtitan.observability.structured_logger.jsonl_handler - INFO - Structured logging -> JSONL: /root/mep/results/dep_h100_pp4vpp4_origlevels/time_s4096c3_m8_w_dep_off/out/structured_logs/training.global_rank_2.20260930-154930-2WLWWI.jsonl
[rank1]:[titan] 2026-09-30 15:49:30,696 - torchtitan.distributed.utils - WARNING - ENV[TORCH_NCCL_ASYNC_ERROR_HANDLING] = 1 will be overridden to 3 based on job config
[rank3]:[titan] 2026-09-30 15:49:31,004 - torchtitan.distributed.utils - WARNING - ENV[TORCH_NCCL_ASYNC_ERROR_HANDLING] = 1 will be overridden to 3 based on job config
[rank2]:[titan] 2026-09-30 15:49:31,078 - torchtitan.distributed.utils - WARNING - ENV[TORCH_NCCL_ASYNC_ERROR_HANDLING] = 1 will be overridden to 3 based on job config
[rank0]:[titan] 2026-09-30 15:49:31,645 - torchtitan.tools.utils - INFO - [GC] Initial GC collection took 0.00 seconds
[rank3]:[titan] 2026-09-30 15:49:31,643 - torchtitan.tools.utils - INFO - [GC] Initial GC collection took 0.00 seconds
[rank1]:[titan] 2026-09-30 15:49:31,642 - torchtitan.tools.utils - INFO - [GC] Initial GC collection took 0.00 seconds
[rank2]:[titan] 2026-09-30 15:49:31,633 - torchtitan.tools.utils - INFO - [GC] Initial GC collection took 0.00 seconds
[rank0]:[titan] 2026-09-30 15:49:32,567 - torchtitan.distributed.parallelism_context - INFO - Building device mesh with parallelism: pp=4, dp_replicate=1, dp_shard=1, cp=1, tp=1, ep=1
[rank3]:[titan] 2026-09-30 15:49:32,571 - torchtitan.distributed.parallelism_context - INFO - Building device mesh with parallelism: pp=4, dp_replicate=1, dp_shard=1, cp=1, tp=1, ep=1
[rank1]:[titan] 2026-09-30 15:49:32,567 - torchtitan.distributed.parallelism_context - INFO - Building device mesh with parallelism: pp=4, dp_replicate=1, dp_shard=1, cp=1, tp=1, ep=1
[rank2]:[titan] 2026-09-30 15:49:32,568 - torchtitan.distributed.parallelism_context - INFO - Building device mesh with parallelism: pp=4, dp_replicate=1, dp_shard=1, cp=1, tp=1, ep=1
[rank3]:[titan] 2026-09-30 15:49:33,026 - torchtitan.distributed.parallelism_context - INFO - Successfully created meshes with active axes: ['pp']
[rank1]:[titan] 2026-09-30 15:49:33,029 - torchtitan.distributed.parallelism_context - INFO - Successfully created meshes with active axes: ['pp']
[rank2]:[titan] 2026-09-30 15:49:33,026 - torchtitan.distributed.parallelism_context - INFO - Successfully created meshes with active axes: ['pp']
[rank2]:[titan] 2026-09-30 15:49:33,028 - torchtitan.observability.metrics - INFO - CUDA capacity: NVIDIA H100 80GB HBM3 with 79.21GiB memory
[rank0]:[titan] 2026-09-30 15:49:33,031 - torchtitan.distributed.parallelism_context - INFO - Successfully created meshes with active axes: ['pp']
[rank0]:[titan] 2026-09-30 15:49:33,035 - torchtitan.observability.metrics - INFO - CUDA capacity: NVIDIA H100 80GB HBM3 with 79.21GiB memory
[rank0]:[titan] 2026-09-30 15:49:33,048 - torchtitan.config.configurable - WARNING - Config field value of type InterpolationMode may not be JSON serializable
[rank0]:[titan] 2026-09-30 15:49:33,050 - torchtitan.tools.utils - WARNING - Error running lspci: [Errno 2] No such file or directory: 'lspci', fallback to use device_name
[rank0]:[titan] 2026-09-30 15:49:33,051 - torchtitan.components.tokenizer - INFO - Loading tokenizer from tokenizer.json
[rank3]:[titan] 2026-09-30 15:49:33,030 - torchtitan.observability.metrics - INFO - CUDA capacity: NVIDIA H100 80GB HBM3 with 79.21GiB memory
[rank3]:[titan] 2026-09-30 15:49:33,043 - torchtitan.config.configurable - WARNING - Config field value of type InterpolationMode may not be JSON serializable
[rank3]:[titan] 2026-09-30 15:49:33,045 - torchtitan.tools.utils - WARNING - Error running lspci: [Errno 2] No such file or directory: 'lspci', fallback to use device_name
[rank3]:[titan] 2026-09-30 15:49:33,046 - torchtitan.components.tokenizer - INFO - Loading tokenizer from tokenizer.json
[rank1]:[titan] 2026-09-30 15:49:33,032 - torchtitan.observability.metrics - INFO - CUDA capacity: NVIDIA H100 80GB HBM3 with 79.21GiB memory
[rank1]:[titan] 2026-09-30 15:49:33,042 - torchtitan.config.configurable - WARNING - Config field value of type InterpolationMode may not be JSON serializable
[rank1]:[titan] 2026-09-30 15:49:33,043 - torchtitan.tools.utils - WARNING - Error running lspci: [Errno 2] No such file or directory: 'lspci', fallback to use device_name
[rank1]:[titan] 2026-09-30 15:49:33,044 - torchtitan.components.tokenizer - INFO - Loading tokenizer from tokenizer.json
[rank2]:[titan] 2026-09-30 15:49:33,039 - torchtitan.config.configurable - WARNING - Config field value of type InterpolationMode may not be JSON serializable
[rank2]:[titan] 2026-09-30 15:49:33,041 - torchtitan.tools.utils - WARNING - Error running lspci: [Errno 2] No such file or directory: 'lspci', fallback to use device_name
[rank2]:[titan] 2026-09-30 15:49:33,041 - torchtitan.components.tokenizer - INFO - Loading tokenizer from tokenizer.json
[rank0]:[titan] 2026-09-30 15:49:33,270 - torchtitan.protocols.state_dict_adapter - WARNING - model.safetensors.index.json not found at hf_assets_path: ./tests/assets/tokenizer/model.safetensors.index.json.                     Defaulting to saving a single safetensors file if checkpoint is saved in HF format
[rank0]:[titan] 2026-09-30 15:49:33,275 - torchtitan.models.utils - INFO - Total parameter count: 12,059,226,240, active parameters: 8,885,570,688
[rank3]:[titan] 2026-09-30 15:49:33,394 - torchtitan.protocols.state_dict_adapter - WARNING - model.safetensors.index.json not found at hf_assets_path: ./tests/assets/tokenizer/model.safetensors.index.json.                     Defaulting to saving a single safetensors file if checkpoint is saved in HF format
[rank3]:[titan] 2026-09-30 15:49:33,400 - torchtitan.models.utils - INFO - Total parameter count: 12,059,226,240, active parameters: 8,885,570,688
[rank0]:[titan] 2026-09-30 15:49:33,380 - torchtitan.distributed.pipeline_parallel - INFO - PP rank 0 is building stage_idx 0 with modules ['vision_encoder', 'tok_embeddings', 'layers.0']
[rank1]:[titan] 2026-09-30 15:49:33,379 - torchtitan.protocols.state_dict_adapter - WARNING - model.safetensors.index.json not found at hf_assets_path: ./tests/assets/tokenizer/model.safetensors.index.json.                     Defaulting to saving a single safetensors file if checkpoint is saved in HF format
[rank1]:[titan] 2026-09-30 15:49:33,384 - torchtitan.models.utils - INFO - Total parameter count: 12,059,226,240, active parameters: 8,885,570,688
[rank2]:[titan] 2026-09-30 15:49:33,380 - torchtitan.protocols.state_dict_adapter - WARNING - model.safetensors.index.json not found at hf_assets_path: ./tests/assets/tokenizer/model.safetensors.index.json.                     Defaulting to saving a single safetensors file if checkpoint is saved in HF format
[rank2]:[titan] 2026-09-30 15:49:33,386 - torchtitan.models.utils - INFO - Total parameter count: 12,059,226,240, active parameters: 8,885,570,688
[rank0]:[titan] 2026-09-30 15:49:33,466 - torchtitan.distributed.pipeline_parallel - INFO - PP rank 0 is building stage_idx 4 with modules ['layers.6']
[rank3]:[titan] 2026-09-30 15:49:33,497 - torchtitan.distributed.pipeline_parallel - INFO - PP rank 3 is building stage_idx 3 with modules ['layers.5']
[rank1]:[titan] 2026-09-30 15:49:33,475 - torchtitan.distributed.pipeline_parallel - INFO - PP rank 1 is building stage_idx 1 with modules ['layers.1', 'layers.2']
[rank2]:[titan] 2026-09-30 15:49:33,481 - torchtitan.distributed.pipeline_parallel - INFO - PP rank 2 is building stage_idx 2 with modules ['layers.3', 'layers.4']
[rank0]:[titan] 2026-09-30 15:49:33,554 - torchtitan.distributed.pipeline_parallel - INFO - PP rank 0 is building stage_idx 8 with modules ['layers.10']
[rank3]:[titan] 2026-09-30 15:49:33,592 - torchtitan.distributed.pipeline_parallel - INFO - PP rank 3 is building stage_idx 7 with modules ['layers.9']
[rank1]:[titan] 2026-09-30 15:49:33,571 - torchtitan.distributed.pipeline_parallel - INFO - PP rank 1 is building stage_idx 5 with modules ['layers.7']
[rank2]:[titan] 2026-09-30 15:49:33,569 - torchtitan.distributed.pipeline_parallel - INFO - PP rank 2 is building stage_idx 6 with modules ['layers.8']
[rank0]:[titan] 2026-09-30 15:49:33,643 - torchtitan.distributed.pipeline_parallel - INFO - PP rank 0 is building stage_idx 12 with modules ['layers.14']
[rank3]:[titan] 2026-09-30 15:49:33,684 - torchtitan.distributed.pipeline_parallel - INFO - PP rank 3 is building stage_idx 11 with modules ['layers.13']
[rank0]:[titan] 2026-09-30 15:49:33,665 - torchtitan.distributed.activation_checkpoint - INFO - Applied FullAC activation checkpointing to the model
[rank0]:[titan] 2026-09-30 15:49:33,666 - torchtitan.distributed.activation_checkpoint - INFO - Applied FullAC activation checkpointing to the model
[rank1]:[titan] 2026-09-30 15:49:33,660 - torchtitan.distributed.pipeline_parallel - INFO - PP rank 1 is building stage_idx 9 with modules ['layers.11']
[rank2]:[titan] 2026-09-30 15:49:33,662 - torchtitan.distributed.pipeline_parallel - INFO - PP rank 2 is building stage_idx 10 with modules ['layers.12']
[rank3]:[titan] 2026-09-30 15:49:33,777 - torchtitan.distributed.pipeline_parallel - INFO - PP rank 3 is building stage_idx 15 with modules ['norm', 'lm_head', 'output_res_proj', 'output_res_norm']
[rank0]:[titan] 2026-09-30 15:49:33,749 - torchtitan.distributed.fsdp - INFO - Applied FSDP to the model
[rank3]:[titan] 2026-09-30 15:49:33,781 - torchtitan.distributed.activation_checkpoint - INFO - Applied FullAC activation checkpointing to the model
[rank0]:[titan] 2026-09-30 15:49:33,753 - torchtitan.distributed.activation_checkpoint - INFO - Applied FullAC activation checkpointing to the model
[rank3]:[titan] 2026-09-30 15:49:33,825 - torchtitan.distributed.fsdp - INFO - Applied FSDP to the model
[rank0]:[titan] 2026-09-30 15:49:33,770 - torchtitan.distributed.fsdp - INFO - Applied FSDP to the model
[rank3]:[titan] 2026-09-30 15:49:33,828 - torchtitan.distributed.activation_checkpoint - INFO - Applied FullAC activation checkpointing to the model
[rank0]:[titan] 2026-09-30 15:49:33,773 - torchtitan.distributed.activation_checkpoint - INFO - Applied FullAC activation checkpointing to the model
[rank0]:[titan] 2026-09-30 15:49:33,783 - torchtitan.distributed.fsdp - INFO - Applied FSDP to the model
[rank0]:[titan] 2026-09-30 15:49:33,787 - torchtitan.distributed.activation_checkpoint - INFO - Applied FullAC activation checkpointing to the model
[rank0]:[titan] 2026-09-30 15:49:33,791 - torchtitan.distributed.fsdp - INFO - Applied FSDP to the model
[rank0]:[titan] 2026-09-30 15:49:33,792 - torchtitan.distributed.pipeline_parallel - WARNING - Number of microbatches (8) is less than the total number of stages (16) which may result in a bubble in the pipeline.
[rank0]:[titan] 2026-09-30 15:49:33,794 - torchtitan.distributed.pipeline_parallel - INFO - Using pipeline schedule Interleaved1F1B with 8 microbatches and 16 stages.
[rank0]:[titan] 2026-09-30 15:49:33,795 - torchtitan.models.kimi_k3.pipeline_parallel - INFO - Kimi K3 pipeline: 4 stage(s) on this rank [0, 4, 8, 12], block transport delta with rank store
[rank1]:[titan] 2026-09-30 15:49:33,750 - torchtitan.distributed.pipeline_parallel - INFO - PP rank 1 is building stage_idx 13 with modules ['layers.15']
[rank1]:[titan] 2026-09-30 15:49:33,756 - torchtitan.distributed.activation_checkpoint - INFO - Applied FullAC activation checkpointing to the model
[rank2]:[titan] 2026-09-30 15:49:33,755 - torchtitan.distributed.pipeline_parallel - INFO - PP rank 2 is building stage_idx 14 with modules ['layers.16']
[rank1]:[titan] 2026-09-30 15:49:33,799 - torchtitan.distributed.fsdp - INFO - Applied FSDP to the model
[rank2]:[titan] 2026-09-30 15:49:33,760 - torchtitan.distributed.activation_checkpoint - INFO - Applied FullAC activation checkpointing to the model
[rank1]:[titan] 2026-09-30 15:49:33,802 - torchtitan.distributed.activation_checkpoint - INFO - Applied FullAC activation checkpointing to the model
[rank2]:[titan] 2026-09-30 15:49:33,808 - torchtitan.distributed.fsdp - INFO - Applied FSDP to the model
[rank1]:[titan] 2026-09-30 15:49:33,813 - torchtitan.distributed.fsdp - INFO - Applied FSDP to the model
[rank2]:[titan] 2026-09-30 15:49:33,811 - torchtitan.distributed.activation_checkpoint - INFO - Applied FullAC activation checkpointing to the model
[rank1]:[titan] 2026-09-30 15:49:33,815 - torchtitan.distributed.activation_checkpoint - INFO - Applied FullAC activation checkpointing to the model
[rank2]:[titan] 2026-09-30 15:49:33,815 - torchtitan.distributed.fsdp - INFO - Applied FSDP to the model
[rank1]:[titan] 2026-09-30 15:49:33,819 - torchtitan.distributed.fsdp - INFO - Applied FSDP to the model
[rank2]:[titan] 2026-09-30 15:49:33,818 - torchtitan.distributed.activation_checkpoint - INFO - Applied FullAC activation checkpointing to the model
[rank1]:[titan] 2026-09-30 15:49:33,821 - torchtitan.distributed.activation_checkpoint - INFO - Applied FullAC activation checkpointing to the model
[rank2]:[titan] 2026-09-30 15:49:33,822 - torchtitan.distributed.fsdp - INFO - Applied FSDP to the model
[rank1]:[titan] 2026-09-30 15:49:33,824 - torchtitan.distributed.fsdp - INFO - Applied FSDP to the model
[rank2]:[titan] 2026-09-30 15:49:33,824 - torchtitan.distributed.activation_checkpoint - INFO - Applied FullAC activation checkpointing to the model
[rank1]:[titan] 2026-09-30 15:49:33,824 - torchtitan.distributed.pipeline_parallel - WARNING - Number of microbatches (8) is less than the total number of stages (16) which may result in a bubble in the pipeline.
[rank2]:[titan] 2026-09-30 15:49:33,828 - torchtitan.distributed.fsdp - INFO - Applied FSDP to the model
[rank1]:[titan] 2026-09-30 15:49:33,827 - torchtitan.distributed.pipeline_parallel - INFO - Using pipeline schedule Interleaved1F1B with 8 microbatches and 16 stages.
[rank2]:[titan] 2026-09-30 15:49:33,828 - torchtitan.distributed.pipeline_parallel - WARNING - Number of microbatches (8) is less than the total number of stages (16) which may result in a bubble in the pipeline.
[rank1]:[titan] 2026-09-30 15:49:33,827 - torchtitan.models.kimi_k3.pipeline_parallel - INFO - Kimi K3 pipeline: 4 stage(s) on this rank [1, 5, 9, 13], block transport delta with rank store
[rank2]:[titan] 2026-09-30 15:49:33,830 - torchtitan.distributed.pipeline_parallel - INFO - Using pipeline schedule Interleaved1F1B with 8 microbatches and 16 stages.
[rank2]:[titan] 2026-09-30 15:49:33,831 - torchtitan.models.kimi_k3.pipeline_parallel - INFO - Kimi K3 pipeline: 4 stage(s) on this rank [2, 6, 10, 14], block transport delta with rank store
[rank1]:[rank1]:W0930 15:49:33.912000 212331 torch/distributed/tensor/_random.py:215] DTensor is synchronizing RNG states of every rank with the state from rank 0. This behavior is deprecated. Please call `torch.manual_seed()` on every rank that participates in SPMD DTensor Operations with the same seed. If using Pipeline Parallelism, each pipeline state would use a different seed, but all ranks belonging to one pipeline stage would use the same seed.
[rank3]:[titan] 2026-09-30 15:49:33,833 - torchtitan.distributed.fsdp - INFO - Applied FSDP to the model
[rank3]:[titan] 2026-09-30 15:49:33,836 - torchtitan.distributed.activation_checkpoint - INFO - Applied FullAC activation checkpointing to the model
[rank3]:[titan] 2026-09-30 15:49:33,840 - torchtitan.distributed.fsdp - INFO - Applied FSDP to the model
[rank3]:[titan] 2026-09-30 15:49:33,841 - torchtitan.distributed.activation_checkpoint - INFO - Applied FullAC activation checkpointing to the model
[rank3]:[titan] 2026-09-30 15:49:33,844 - torchtitan.distributed.fsdp - INFO - Applied FSDP to the model
[rank3]:[titan] 2026-09-30 15:49:33,844 - torchtitan.distributed.pipeline_parallel - WARNING - Number of microbatches (8) is less than the total number of stages (16) which may result in a bubble in the pipeline.
[rank3]:[titan] 2026-09-30 15:49:33,846 - torchtitan.distributed.pipeline_parallel - INFO - Using pipeline schedule Interleaved1F1B with 8 microbatches and 16 stages.
[rank3]:[titan] 2026-09-30 15:49:33,846 - torchtitan.models.kimi_k3.pipeline_parallel - INFO - Kimi K3 pipeline: 4 stage(s) on this rank [3, 7, 11, 15], block transport delta with rank store
[rank2]:[rank2]:W0930 15:49:33.910000 212332 torch/distributed/tensor/_random.py:215] DTensor is synchronizing RNG states of every rank with the state from rank 0. This behavior is deprecated. Please call `torch.manual_seed()` on every rank that participates in SPMD DTensor Operations with the same seed. If using Pipeline Parallelism, each pipeline state would use a different seed, but all ranks belonging to one pipeline stage would use the same seed.
[rank3]:[rank3]:W0930 15:49:33.915000 212333 torch/distributed/tensor/_random.py:215] DTensor is synchronizing RNG states of every rank with the state from rank 0. This behavior is deprecated. Please call `torch.manual_seed()` on every rank that participates in SPMD DTensor Operations with the same seed. If using Pipeline Parallelism, each pipeline state would use a different seed, but all ranks belonging to one pipeline stage would use the same seed.
[rank3]:[titan] 2026-09-30 15:49:34,158 - torchtitan.training_engine - INFO - Model KimiK3Model.Config size: 12,059,226,240 total parameters
[rank3]:[titan] 2026-09-30 15:49:34,160 - torchtitan.components.optimizer.optimizer - INFO - Optimizer AdamW (model_part=0): 28 params [.*] {'lr': 0.0008, 'betas': (0.9, 0.95), 'eps': 1e-08, 'weight_decay': 0.1, 'foreach': None, 'fused': True}
[rank3]:[titan] 2026-09-30 15:49:34,160 - torchtitan.components.optimizer.optimizer - INFO - Optimizer AdamW (model_part=1): 28 params [.*] {'lr': 0.0008, 'betas': (0.9, 0.95), 'eps': 1e-08, 'weight_decay': 0.1, 'foreach': None, 'fused': True}
[rank3]:[titan] 2026-09-30 15:49:34,160 - torchtitan.components.optimizer.optimizer - INFO - Optimizer AdamW (model_part=2): 28 params [.*] {'lr': 0.0008, 'betas': (0.9, 0.95), 'eps': 1e-08, 'weight_decay': 0.1, 'foreach': None, 'fused': True}
[rank3]:[titan] 2026-09-30 15:49:34,161 - torchtitan.components.optimizer.optimizer - INFO - Optimizer AdamW (model_part=3): 4 params [.*] {'lr': 0.0008, 'betas': (0.9, 0.95), 'eps': 1e-08, 'weight_decay': 0.1, 'foreach': None, 'fused': True}
[rank3]:[titan] 2026-09-30 15:49:34,162 - torchtitan.observability.metrics - WARNING - [31mPipeline Parallel loss is not visible. Please add [33mrank 3[31m to LOG_RANK environment variable in run_train.sh.[39m
[rank3]:[titan] 2026-09-30 15:49:34,162 - torchtitan.trainer - INFO - Peak FLOPS used for computing MFU: 9.890e+14
[rank3]:[titan] 2026-09-30 15:49:34,162 - torchtitan.trainer - INFO - CUDA memory usage for model: 4.46GiB(5.63%)
[rank3]:[titan] 2026-09-30 15:49:34,162 - torchtitan.trainer - INFO - Trainer is initialized with 32768 tokens per DP rank, 32768 tokens per train step, gradient accumulation steps 1, maximum context length 4096, total steps 20 (warmup 2)
[rank3]:[titan] 2026-09-30 15:49:34,162 - torchtitan.trainer - INFO - Training starts at step 1
[rank1]:[titan] 2026-09-30 15:49:34,165 - torchtitan.training_engine - INFO - Model KimiK3Model.Config size: 12,059,226,240 total parameters
[rank1]:[titan] 2026-09-30 15:49:34,166 - torchtitan.components.optimizer.optimizer - INFO - Optimizer AdamW (model_part=0): 56 params [.*] {'lr': 0.0008, 'betas': (0.9, 0.95), 'eps': 1e-08, 'weight_decay': 0.1, 'foreach': None, 'fused': True}
[rank1]:[titan] 2026-09-30 15:49:34,167 - torchtitan.components.optimizer.optimizer - INFO - Optimizer AdamW (model_part=1): 22 params [.*] {'lr': 0.0008, 'betas': (0.9, 0.95), 'eps': 1e-08, 'weight_decay': 0.1, 'foreach': None, 'fused': True}
[rank1]:[titan] 2026-09-30 15:49:34,167 - torchtitan.components.optimizer.optimizer - INFO - Optimizer AdamW (model_part=2): 22 params [.*] {'lr': 0.0008, 'betas': (0.9, 0.95), 'eps': 1e-08, 'weight_decay': 0.1, 'foreach': None, 'fused': True}
[rank1]:[titan] 2026-09-30 15:49:34,167 - torchtitan.components.optimizer.optimizer - INFO - Optimizer AdamW (model_part=3): 22 params [.*] {'lr': 0.0008, 'betas': (0.9, 0.95), 'eps': 1e-08, 'weight_decay': 0.1, 'foreach': None, 'fused': True}
[rank2]:[titan] 2026-09-30 15:49:34,168 - torchtitan.training_engine - INFO - Model KimiK3Model.Config size: 12,059,226,240 total parameters
[rank1]:[titan] 2026-09-30 15:49:34,168 - torchtitan.observability.metrics - WARNING - [31mPipeline Parallel loss is not visible. Please add [33mrank 3[31m to LOG_RANK environment variable in run_train.sh.[39m
[rank2]:[titan] 2026-09-30 15:49:34,169 - torchtitan.components.optimizer.optimizer - INFO - Optimizer AdamW (model_part=0): 50 params [.*] {'lr': 0.0008, 'betas': (0.9, 0.95), 'eps': 1e-08, 'weight_decay': 0.1, 'foreach': None, 'fused': True}
[rank1]:[titan] 2026-09-30 15:49:34,168 - torchtitan.trainer - INFO - Peak FLOPS used for computing MFU: 9.890e+14
[rank2]:[titan] 2026-09-30 15:49:34,170 - torchtitan.components.optimizer.optimizer - INFO - Optimizer AdamW (model_part=1): 28 params [.*] {'lr': 0.0008, 'betas': (0.9, 0.95), 'eps': 1e-08, 'weight_decay': 0.1, 'foreach': None, 'fused': True}
[rank1]:[titan] 2026-09-30 15:49:34,168 - torchtitan.trainer - INFO - CUDA memory usage for model: 6.00GiB(7.57%)
[rank2]:[titan] 2026-09-30 15:49:34,170 - torchtitan.components.optimizer.optimizer - INFO - Optimizer AdamW (model_part=2): 28 params [.*] {'lr': 0.0008, 'betas': (0.9, 0.95), 'eps': 1e-08, 'weight_decay': 0.1, 'foreach': None, 'fused': True}
[rank1]:[titan] 2026-09-30 15:49:34,168 - torchtitan.trainer - INFO - Trainer is initialized with 32768 tokens per DP rank, 32768 tokens per train step, gradient accumulation steps 1, maximum context length 4096, total steps 20 (warmup 2)
[rank2]:[titan] 2026-09-30 15:49:34,170 - torchtitan.components.optimizer.optimizer - INFO - Optimizer AdamW (model_part=3): 22 params [.*] {'lr': 0.0008, 'betas': (0.9, 0.95), 'eps': 1e-08, 'weight_decay': 0.1, 'foreach': None, 'fused': True}
[rank1]:[titan] 2026-09-30 15:49:34,168 - torchtitan.trainer - INFO - Training starts at step 1
[rank2]:[titan] 2026-09-30 15:49:34,171 - torchtitan.observability.metrics - WARNING - [31mPipeline Parallel loss is not visible. Please add [33mrank 3[31m to LOG_RANK environment variable in run_train.sh.[39m
[rank2]:[titan] 2026-09-30 15:49:34,171 - torchtitan.trainer - INFO - Peak FLOPS used for computing MFU: 9.890e+14
[rank2]:[titan] 2026-09-30 15:49:34,172 - torchtitan.trainer - INFO - CUDA memory usage for model: 6.43GiB(8.12%)
[rank2]:[titan] 2026-09-30 15:49:34,172 - torchtitan.trainer - INFO - Trainer is initialized with 32768 tokens per DP rank, 32768 tokens per train step, gradient accumulation steps 1, maximum context length 4096, total steps 20 (warmup 2)
[rank2]:[titan] 2026-09-30 15:49:34,172 - torchtitan.trainer - INFO - Training starts at step 1
[rank0]:[titan] 2026-09-30 15:49:34,317 - torchtitan.training_engine - INFO - Model KimiK3Model.Config size: 12,059,226,240 total parameters
[rank0]:[titan] 2026-09-30 15:49:34,319 - torchtitan.components.optimizer.optimizer - INFO - Optimizer AdamW (model_part=0): 243 params [.*] {'lr': 0.0008, 'betas': (0.9, 0.95), 'eps': 1e-08, 'weight_decay': 0.1, 'foreach': None, 'fused': True}
[rank0]:[titan] 2026-09-30 15:49:34,320 - torchtitan.components.optimizer.optimizer - INFO - Optimizer AdamW (model_part=1): 28 params [.*] {'lr': 0.0008, 'betas': (0.9, 0.95), 'eps': 1e-08, 'weight_decay': 0.1, 'foreach': None, 'fused': True}
[rank0]:[titan] 2026-09-30 15:49:34,320 - torchtitan.components.optimizer.optimizer - INFO - Optimizer AdamW (model_part=2): 28 params [.*] {'lr': 0.0008, 'betas': (0.9, 0.95), 'eps': 1e-08, 'weight_decay': 0.1, 'foreach': None, 'fused': True}
[rank0]:[titan] 2026-09-30 15:49:34,320 - torchtitan.components.optimizer.optimizer - INFO - Optimizer AdamW (model_part=3): 28 params [.*] {'lr': 0.0008, 'betas': (0.9, 0.95), 'eps': 1e-08, 'weight_decay': 0.1, 'foreach': None, 'fused': True}
[rank0]:[titan] 2026-09-30 15:49:34,322 - torchtitan.observability.metrics - WARNING - [31mPipeline Parallel loss is not visible. Please add [33mrank 3[31m to LOG_RANK environment variable in run_train.sh.[39m
[rank0]:[titan] 2026-09-30 15:49:34,322 - torchtitan.trainer - INFO - Peak FLOPS used for computing MFU: 9.890e+14
[rank0]:[titan] 2026-09-30 15:49:34,322 - torchtitan.trainer - INFO - CUDA memory usage for model: 6.43GiB(8.12%)
[rank0]:[titan] 2026-09-30 15:49:34,322 - torchtitan.trainer - INFO - Trainer is initialized with 32768 tokens per DP rank, 32768 tokens per train step, gradient accumulation steps 1, maximum context length 4096, total steps 20 (warmup 2)
[rank0]:[titan] 2026-09-30 15:49:34,323 - torchtitan.trainer - INFO - Training starts at step 1
[rank1]:/root/mep/venv_src/lib/python3.12/site-packages/torch/distributed/fsdp/_fully_shard/_fsdp_state.py:336: UserWarning: FSDP2-wrapped module (FSDPCheckpointWrapper) returned a view tensor. An in-place op on this view (e.g., `x += y`) will silently drop the pre-backward hook and skip the all-gather, which can cause backward to fail or produce wrong gradients. Use out-of-place ops (`out = out + y`, not `out += y`) or `.clone()` the output before any in-place op.
[rank1]:  output = self._register_pre_backward_hook(output)
[rank1]:/root/mep/venv_src/lib/python3.12/site-packages/torch/distributed/fsdp/_fully_shard/_fsdp_state.py:336: UserWarning: FSDP2-wrapped module (FSDPKimiK3Model) returned a view tensor. An in-place op on this view (e.g., `x += y`) will silently drop the pre-backward hook and skip the all-gather, which can cause backward to fail or produce wrong gradients. Use out-of-place ops (`out = out + y`, not `out += y`) or `.clone()` the output before any in-place op.
[rank1]:  output = self._register_pre_backward_hook(output)
[rank2]:/root/mep/venv_src/lib/python3.12/site-packages/torch/distributed/fsdp/_fully_shard/_fsdp_state.py:336: UserWarning: FSDP2-wrapped module (FSDPCheckpointWrapper) returned a view tensor. An in-place op on this view (e.g., `x += y`) will silently drop the pre-backward hook and skip the all-gather, which can cause backward to fail or produce wrong gradients. Use out-of-place ops (`out = out + y`, not `out += y`) or `.clone()` the output before any in-place op.
[rank2]:  output = self._register_pre_backward_hook(output)
[rank3]:/root/mep/venv_src/lib/python3.12/site-packages/torch/distributed/fsdp/_fully_shard/_fsdp_state.py:336: UserWarning: FSDP2-wrapped module (FSDPCheckpointWrapper) returned a view tensor. An in-place op on this view (e.g., `x += y`) will silently drop the pre-backward hook and skip the all-gather, which can cause backward to fail or produce wrong gradients. Use out-of-place ops (`out = out + y`, not `out += y`) or `.clone()` the output before any in-place op.
[rank3]:  output = self._register_pre_backward_hook(output)
[rank3]:/root/mep/venv_src/lib/python3.12/site-packages/torch/distributed/fsdp/_fully_shard/_fsdp_state.py:336: UserWarning: FSDP2-wrapped module (FSDPKimiK3Model) returned a view tensor. An in-place op on this view (e.g., `x += y`) will silently drop the pre-backward hook and skip the all-gather, which can cause backward to fail or produce wrong gradients. Use out-of-place ops (`out = out + y`, not `out += y`) or `.clone()` the output before any in-place op.
[rank3]:  output = self._register_pre_backward_hook(output)
[rank0]:/root/mep/venv_src/lib/python3.12/site-packages/torch/distributed/fsdp/_fully_shard/_fsdp_state.py:336: UserWarning: FSDP2-wrapped module (FSDPCheckpointWrapper) returned a view tensor. An in-place op on this view (e.g., `x += y`) will silently drop the pre-backward hook and skip the all-gather, which can cause backward to fail or produce wrong gradients. Use out-of-place ops (`out = out + y`, not `out += y`) or `.clone()` the output before any in-place op.
[rank0]:  output = self._register_pre_backward_hook(output)
[rank0]:/root/mep/venv_src/lib/python3.12/site-packages/torch/distributed/fsdp/_fully_shard/_fsdp_state.py:336: UserWarning: FSDP2-wrapped module (FSDPKimiK3Model) returned a view tensor. An in-place op on this view (e.g., `x += y`) will silently drop the pre-backward hook and skip the all-gather, which can cause backward to fail or produce wrong gradients. Use out-of-place ops (`out = out + y`, not `out += y`) or `.clone()` the output before any in-place op.
[rank0]:  output = self._register_pre_backward_hook(output)
[rank1]:/root/mep/venv_src/lib/python3.12/site-packages/torch/distributed/fsdp/_fully_shard/_fsdp_state.py:336: UserWarning: FSDP2-wrapped module (FSDPCheckpointWrapper) returned a view tensor. An in-place op on this view (e.g., `x += y`) will silently drop the pre-backward hook and skip the all-gather, which can cause backward to fail or produce wrong gradients. Use out-of-place ops (`out = out + y`, not `out += y`) or `.clone()` the output before any in-place op.
[rank1]:  output = self._register_pre_backward_hook(output)
[rank1]:/root/mep/venv_src/lib/python3.12/site-packages/torch/distributed/fsdp/_fully_shard/_fsdp_state.py:336: UserWarning: FSDP2-wrapped module (FSDPKimiK3Model) returned a view tensor. An in-place op on this view (e.g., `x += y`) will silently drop the pre-backward hook and skip the all-gather, which can cause backward to fail or produce wrong gradients. Use out-of-place ops (`out = out + y`, not `out += y`) or `.clone()` the output before any in-place op.
[rank1]:  output = self._register_pre_backward_hook(output)
[rank0]:/root/mep/venv_src/lib/python3.12/site-packages/torch/distributed/fsdp/_fully_shard/_fsdp_state.py:336: UserWarning: FSDP2-wrapped module (FSDPCheckpointWrapper) returned a view tensor. An in-place op on this view (e.g., `x += y`) will silently drop the pre-backward hook and skip the all-gather, which can cause backward to fail or produce wrong gradients. Use out-of-place ops (`out = out + y`, not `out += y`) or `.clone()` the output before any in-place op.
[rank0]:  output = self._register_pre_backward_hook(output)
[rank0]:/root/mep/venv_src/lib/python3.12/site-packages/torch/distributed/fsdp/_fully_shard/_fsdp_state.py:336: UserWarning: FSDP2-wrapped module (FSDPKimiK3Model) returned a view tensor. An in-place op on this view (e.g., `x += y`) will silently drop the pre-backward hook and skip the all-gather, which can cause backward to fail or produce wrong gradients. Use out-of-place ops (`out = out + y`, not `out += y`) or `.clone()` the output before any in-place op.
[rank0]:  output = self._register_pre_backward_hook(output)
[rank3]:[titan] 2026-09-30 15:50:26,242 - torchtitan.observability.metrics - INFO - [31mstep:  1  [32mloss:  8.20603  [38;2;180;60;0mgrad_norm: 44.0000  [38;2;54;234;195mmemory: 52.73GiB(66.57%)  [34mtps: 154  [36mtflops: 8.55  [35mmfu: 0.86%[39m
[rank3]:[titan] 2026-09-30 15:50:26,242 - torchtitan.distributed.utils - INFO - Synchronizing and adjusting timeout for all ProcessGroups to 0:01:40
[rank2]:[titan] 2026-09-30 15:50:26,300 - torchtitan.observability.metrics - INFO - [31mstep:  1  [32mloss: -1.00000  [38;2;180;60;0mgrad_norm: 44.0000  [38;2;54;234;195mmemory: 61.24GiB(77.32%)  [34mtps: 154  [36mtflops: 8.54  [35mmfu: 0.86%[39m
[rank2]:[titan] 2026-09-30 15:50:26,300 - torchtitan.distributed.utils - INFO - Synchronizing and adjusting timeout for all ProcessGroups to 0:01:40
[rank1]:[titan] 2026-09-30 15:50:26,286 - torchtitan.observability.metrics - INFO - [31mstep:  1  [32mloss: -1.00000  [38;2;180;60;0mgrad_norm: 44.0000  [38;2;54;234;195mmemory: 52.88GiB(66.76%)  [34mtps: 154  [36mtflops: 8.55  [35mmfu: 0.86%[39m
[rank1]:[titan] 2026-09-30 15:50:26,286 - torchtitan.distributed.utils - INFO - Synchronizing and adjusting timeout for all ProcessGroups to 0:01:40
[rank0]:[titan] 2026-09-30 15:50:26,604 - torchtitan.observability.metrics - INFO - [31mstep:  1  [32mloss: -1.00000  [38;2;180;60;0mgrad_norm: 44.0000  [38;2;54;234;195mmemory: 59.58GiB(75.22%)  [34mtps: 153  [36mtflops: 8.50  [35mmfu: 0.86%[39m
[rank0]:[titan] 2026-09-30 15:50:26,612 - torchtitan.distributed.utils - INFO - Synchronizing and adjusting timeout for all ProcessGroups to 0:01:40
[rank0]:[titan] 2026-09-30 15:50:30,804 - torchtitan.observability.metrics - INFO - [31mstep:  2  [32mloss: -1.00000  [38;2;180;60;0mgrad_norm: 52.2500  [38;2;54;234;195mmemory: 71.58GiB(90.37%)  [34mtps: 1,950  [36mtflops: 108.32  [35mmfu: 10.95%[39m
[rank3]:[titan] 2026-09-30 15:50:30,798 - torchtitan.observability.metrics - INFO - [31mstep:  2  [32mloss:  6.78680  [38;2;180;60;0mgrad_norm: 52.2500  [38;2;54;234;195mmemory: 60.62GiB(76.54%)  [34mtps: 1,798  [36mtflops: 99.87  [35mmfu: 10.10%[39m
[rank2]:[titan] 2026-09-30 15:50:30,805 - torchtitan.observability.metrics - INFO - [31mstep:  2  [32mloss: -1.00000  [38;2;180;60;0mgrad_norm: 52.2500  [38;2;54;234;195mmemory: 73.92GiB(93.33%)  [34mtps: 1,819  [36mtflops: 101.02  [35mmfu: 10.21%[39m
[rank1]:[titan] 2026-09-30 15:50:30,803 - torchtitan.observability.metrics - INFO - [31mstep:  2  [32mloss: -1.00000  [38;2;180;60;0mgrad_norm: 52.2500  [38;2;54;234;195mmemory: 64.12GiB(80.95%)  [34mtps: 1,814  [36mtflops: 100.73  [35mmfu: 10.19%[39m
[rank0]:[titan] 2026-09-30 15:50:35,934 - torchtitan.observability.metrics - INFO - [31mstep:  3  [32mloss: -1.00000  [38;2;180;60;0mgrad_norm: 91.0000  [38;2;54;234;195mmemory: 72.46GiB(91.48%)  [34mtps: 1,597  [36mtflops: 88.72  [35mmfu: 8.97%[39m
[rank3]:[titan] 2026-09-30 15:50:35,927 - torchtitan.observability.metrics - INFO - [31mstep:  3  [32mloss:  6.41773  [38;2;180;60;0mgrad_norm: 91.0000  [38;2;54;234;195mmemory: 60.68GiB(76.61%)  [34mtps: 1,597  [36mtflops: 88.71  [35mmfu: 8.97%[39m
[rank2]:[titan] 2026-09-30 15:50:35,933 - torchtitan.observability.metrics - INFO - [31mstep:  3  [32mloss: -1.00000  [38;2;180;60;0mgrad_norm: 91.0000  [38;2;54;234;195mmemory: 73.98GiB(93.40%)  [34mtps: 1,597  [36mtflops: 88.72  [35mmfu: 8.97%[39m
[rank1]:[titan] 2026-09-30 15:50:35,932 - torchtitan.observability.metrics - INFO - [31mstep:  3  [32mloss: -1.00000  [38;2;180;60;0mgrad_norm: 91.0000  [38;2;54;234;195mmemory: 64.18GiB(81.02%)  [34mtps: 1,597  [36mtflops: 88.72  [35mmfu: 8.97%[39m
[rank3]:[titan] 2026-09-30 15:50:40,144 - torchtitan.observability.metrics - INFO - [31mstep:  4  [32mloss:  5.95540  [38;2;180;60;0mgrad_norm: 94.0000  [38;2;54;234;195mmemory: 61.37GiB(77.47%)  [34mtps: 1,943  [36mtflops: 107.91  [35mmfu: 10.91%[39m
[rank2]:[titan] 2026-09-30 15:50:40,151 - torchtitan.observability.metrics - INFO - [31mstep:  4  [32mloss: -1.00000  [38;2;180;60;0mgrad_norm: 94.0000  [38;2;54;234;195mmemory: 73.98GiB(93.40%)  [34mtps: 1,943  [36mtflops: 107.90  [35mmfu: 10.91%[39m
[rank1]:[titan] 2026-09-30 15:50:40,149 - torchtitan.observability.metrics - INFO - [31mstep:  4  [32mloss: -1.00000  [38;2;180;60;0mgrad_norm: 94.0000  [38;2;54;234;195mmemory: 64.18GiB(81.02%)  [34mtps: 1,943  [36mtflops: 107.90  [35mmfu: 10.91%[39m
[rank0]:[titan] 2026-09-30 15:50:40,151 - torchtitan.observability.metrics - INFO - [31mstep:  4  [32mloss: -1.00000  [38;2;180;60;0mgrad_norm: 94.0000  [38;2;54;234;195mmemory: 72.46GiB(91.48%)  [34mtps: 1,943  [36mtflops: 107.90  [35mmfu: 10.91%[39m
[rank0]:[titan] 2026-09-30 15:50:44,146 - torchtitan.observability.metrics - INFO - [31mstep:  5  [32mloss: -1.00000  [38;2;180;60;0mgrad_norm: 258.0000  [38;2;54;234;195mmemory: 72.46GiB(91.48%)  [34mtps: 2,050  [36mtflops: 113.88  [35mmfu: 11.51%[39m
[rank3]:[titan] 2026-09-30 15:50:44,140 - torchtitan.observability.metrics - INFO - [31mstep:  5  [32mloss:  8.22550  [38;2;180;60;0mgrad_norm: 258.0000  [38;2;54;234;195mmemory: 61.37GiB(77.47%)  [34mtps: 2,050  [36mtflops: 113.87  [35mmfu: 11.51%[39m
[rank2]:[titan] 2026-09-30 15:50:44,147 - torchtitan.observability.metrics - INFO - [31mstep:  5  [32mloss: -1.00000  [38;2;180;60;0mgrad_norm: 258.0000  [38;2;54;234;195mmemory: 73.98GiB(93.40%)  [34mtps: 2,050  [36mtflops: 113.88  [35mmfu: 11.51%[39m
[rank1]:[titan] 2026-09-30 15:50:44,145 - torchtitan.observability.metrics - INFO - [31mstep:  5  [32mloss: -1.00000  [38;2;180;60;0mgrad_norm: 258.0000  [38;2;54;234;195mmemory: 64.25GiB(81.12%)  [34mtps: 2,050  [36mtflops: 113.87  [35mmfu: 11.51%[39m
[rank0]:[titan] 2026-09-30 15:50:48,434 - torchtitan.observability.metrics - INFO - [31mstep:  6  [32mloss: -1.00000  [38;2;180;60;0mgrad_norm: 184.0000  [38;2;54;234;195mmemory: 72.46GiB(91.48%)  [34mtps: 1,911  [36mtflops: 106.12  [35mmfu: 10.73%[39m
[rank3]:[titan] 2026-09-30 15:50:48,428 - torchtitan.observability.metrics - INFO - [31mstep:  6  [32mloss:  8.28507  [38;2;180;60;0mgrad_norm: 184.0000  [38;2;54;234;195mmemory: 61.37GiB(77.47%)  [34mtps: 1,911  [36mtflops: 106.13  [35mmfu: 10.73%[39m
[rank2]:[titan] 2026-09-30 15:50:48,434 - torchtitan.observability.metrics - INFO - [31mstep:  6  [32mloss: -1.00000  [38;2;180;60;0mgrad_norm: 184.0000  [38;2;54;234;195mmemory: 73.98GiB(93.40%)  [34mtps: 1,911  [36mtflops: 106.12  [35mmfu: 10.73%[39m
[rank1]:[titan] 2026-09-30 15:50:48,433 - torchtitan.observability.metrics - INFO - [31mstep:  6  [32mloss: -1.00000  [38;2;180;60;0mgrad_norm: 184.0000  [38;2;54;234;195mmemory: 64.31GiB(81.19%)  [34mtps: 1,911  [36mtflops: 106.12  [35mmfu: 10.73%[39m
[rank0]:[titan] 2026-09-30 15:50:52,739 - torchtitan.observability.metrics - INFO - [31mstep:  7  [32mloss: -1.00000  [38;2;180;60;0mgrad_norm: 80.5000  [38;2;54;234;195mmemory: 72.46GiB(91.48%)  [34mtps: 1,903  [36mtflops: 105.70  [35mmfu: 10.69%[39m
[rank3]:[titan] 2026-09-30 15:50:52,733 - torchtitan.observability.metrics - INFO - [31mstep:  7  [32mloss:  6.62849  [38;2;180;60;0mgrad_norm: 80.5000  [38;2;54;234;195mmemory: 61.37GiB(77.47%)  [34mtps: 1,903  [36mtflops: 105.70  [35mmfu: 10.69%[39m
[rank2]:[titan] 2026-09-30 15:50:52,739 - torchtitan.observability.metrics - INFO - [31mstep:  7  [32mloss: -1.00000  [38;2;180;60;0mgrad_norm: 80.5000  [38;2;54;234;195mmemory: 73.98GiB(93.40%)  [34mtps: 1,903  [36mtflops: 105.70  [35mmfu: 10.69%[39m
[rank1]:[titan] 2026-09-30 15:50:52,738 - torchtitan.observability.metrics - INFO - [31mstep:  7  [32mloss: -1.00000  [38;2;180;60;0mgrad_norm: 80.5000  [38;2;54;234;195mmemory: 64.31GiB(81.19%)  [34mtps: 1,903  [36mtflops: 105.70  [35mmfu: 10.69%[39m
[rank3]:[titan] 2026-09-30 15:50:56,968 - torchtitan.observability.metrics - INFO - [31mstep:  8  [32mloss:  6.76768  [38;2;180;60;0mgrad_norm: 78.0000  [38;2;54;234;195mmemory: 61.37GiB(77.47%)  [34mtps: 1,934  [36mtflops: 107.44  [35mmfu: 10.86%[39m
[rank0]:[titan] 2026-09-30 15:50:56,975 - torchtitan.observability.metrics - INFO - [31mstep:  8  [32mloss: -1.00000  [38;2;180;60;0mgrad_norm: 78.0000  [38;2;54;234;195mmemory: 72.46GiB(91.48%)  [34mtps: 1,934  [36mtflops: 107.43  [35mmfu: 10.86%[39m
[rank2]:[titan] 2026-09-30 15:50:56,975 - torchtitan.observability.metrics - INFO - [31mstep:  8  [32mloss: -1.00000  [38;2;180;60;0mgrad_norm: 78.0000  [38;2;54;234;195mmemory: 73.98GiB(93.40%)  [34mtps: 1,934  [36mtflops: 107.44  [35mmfu: 10.86%[39m
[rank1]:[titan] 2026-09-30 15:50:56,973 - torchtitan.observability.metrics - INFO - [31mstep:  8  [32mloss: -1.00000  [38;2;180;60;0mgrad_norm: 78.0000  [38;2;54;234;195mmemory: 64.31GiB(81.19%)  [34mtps: 1,934  [36mtflops: 107.44  [35mmfu: 10.86%[39m
[rank3]:[titan] 2026-09-30 15:51:01,058 - torchtitan.observability.metrics - INFO - [31mstep:  9  [32mloss:  6.84707  [38;2;180;60;0mgrad_norm: 31.0000  [38;2;54;234;195mmemory: 61.37GiB(77.47%)  [34mtps: 2,003  [36mtflops: 111.26  [35mmfu: 11.25%[39m
[rank0]:[titan] 2026-09-30 15:51:01,064 - torchtitan.observability.metrics - INFO - [31mstep:  9  [32mloss: -1.00000  [38;2;180;60;0mgrad_norm: 31.0000  [38;2;54;234;195mmemory: 72.46GiB(91.48%)  [34mtps: 2,003  [36mtflops: 111.27  [35mmfu: 11.25%[39m
[rank2]:[titan] 2026-09-30 15:51:01,065 - torchtitan.observability.metrics - INFO - [31mstep:  9  [32mloss: -1.00000  [38;2;180;60;0mgrad_norm: 31.0000  [38;2;54;234;195mmemory: 73.98GiB(93.40%)  [34mtps: 2,003  [36mtflops: 111.26  [35mmfu: 11.25%[39m
[rank1]:[titan] 2026-09-30 15:51:01,063 - torchtitan.observability.metrics - INFO - [31mstep:  9  [32mloss: -1.00000  [38;2;180;60;0mgrad_norm: 31.0000  [38;2;54;234;195mmemory: 64.31GiB(81.19%)  [34mtps: 2,003  [36mtflops: 111.26  [35mmfu: 11.25%[39m
[rank3]:[titan] 2026-09-30 15:51:04,926 - torchtitan.observability.metrics - INFO - [31mstep: 10  [32mloss:  7.09656  [38;2;180;60;0mgrad_norm: 45.5000  [38;2;54;234;195mmemory: 61.37GiB(77.47%)  [34mtps: 2,118  [36mtflops: 117.64  [35mmfu: 11.89%[39m
[rank0]:[titan] 2026-09-30 15:51:04,932 - torchtitan.observability.metrics - INFO - [31mstep: 10  [32mloss: -1.00000  [38;2;180;60;0mgrad_norm: 45.5000  [38;2;54;234;195mmemory: 72.46GiB(91.48%)  [34mtps: 2,118  [36mtflops: 117.63  [35mmfu: 11.89%[39m
[rank2]:[titan] 2026-09-30 15:51:04,933 - torchtitan.observability.metrics - INFO - [31mstep: 10  [32mloss: -1.00000  [38;2;180;60;0mgrad_norm: 45.5000  [38;2;54;234;195mmemory: 73.98GiB(93.40%)  [34mtps: 2,118  [36mtflops: 117.64  [35mmfu: 11.89%[39m
[rank1]:[titan] 2026-09-30 15:51:04,931 - torchtitan.observability.metrics - INFO - [31mstep: 10  [32mloss: -1.00000  [38;2;180;60;0mgrad_norm: 45.5000  [38;2;54;234;195mmemory: 64.31GiB(81.19%)  [34mtps: 2,118  [36mtflops: 117.63  [35mmfu: 11.89%[39m
[rank3]:[titan] 2026-09-30 15:51:08,800 - torchtitan.observability.metrics - INFO - [31mstep: 11  [32mloss:  6.70076  [38;2;180;60;0mgrad_norm: 25.8750  [38;2;54;234;195mmemory: 61.37GiB(77.47%)  [34mtps: 2,115  [36mtflops: 117.48  [35mmfu: 11.88%[39m
[rank1]:[titan] 2026-09-30 15:51:08,805 - torchtitan.observability.metrics - INFO - [31mstep: 11  [32mloss: -1.00000  [38;2;180;60;0mgrad_norm: 25.8750  [38;2;54;234;195mmemory: 64.31GiB(81.19%)  [34mtps: 2,115  [36mtflops: 117.48  [35mmfu: 11.88%[39m
[rank0]:[titan] 2026-09-30 15:51:08,806 - torchtitan.observability.metrics - INFO - [31mstep: 11  [32mloss: -1.00000  [38;2;180;60;0mgrad_norm: 25.8750  [38;2;54;234;195mmemory: 72.46GiB(91.48%)  [34mtps: 2,115  [36mtflops: 117.47  [35mmfu: 11.88%[39m
[rank2]:[titan] 2026-09-30 15:51:08,806 - torchtitan.observability.metrics - INFO - [31mstep: 11  [32mloss: -1.00000  [38;2;180;60;0mgrad_norm: 25.8750  [38;2;54;234;195mmemory: 73.98GiB(93.40%)  [34mtps: 2,115  [36mtflops: 117.47  [35mmfu: 11.88%[39m
[rank0]:[titan] 2026-09-30 15:51:13,101 - torchtitan.observability.metrics - INFO - [31mstep: 12  [32mloss: -1.00000  [38;2;180;60;0mgrad_norm: 38.0000  [38;2;54;234;195mmemory: 72.46GiB(91.48%)  [34mtps: 1,907  [36mtflops: 105.94  [35mmfu: 10.71%[39m
[rank3]:[titan] 2026-09-30 15:51:13,095 - torchtitan.observability.metrics - INFO - [31mstep: 12  [32mloss:  5.51714  [38;2;180;60;0mgrad_norm: 38.0000  [38;2;54;234;195mmemory: 61.37GiB(77.47%)  [34mtps: 1,907  [36mtflops: 105.94  [35mmfu: 10.71%[39m
[rank2]:[titan] 2026-09-30 15:51:13,101 - torchtitan.observability.metrics - INFO - [31mstep: 12  [32mloss: -1.00000  [38;2;180;60;0mgrad_norm: 38.0000  [38;2;54;234;195mmemory: 73.98GiB(93.40%)  [34mtps: 1,908  [36mtflops: 105.95  [35mmfu: 10.71%[39m
[rank1]:[titan] 2026-09-30 15:51:13,099 - torchtitan.observability.metrics - INFO - [31mstep: 12  [32mloss: -1.00000  [38;2;180;60;0mgrad_norm: 38.0000  [38;2;54;234;195mmemory: 64.31GiB(81.19%)  [34mtps: 1,908  [36mtflops: 105.95  [35mmfu: 10.71%[39m
[rank3]:[titan] 2026-09-30 15:51:17,151 - torchtitan.observability.metrics - INFO - [31mstep: 13  [32mloss:  5.79179  [38;2;180;60;0mgrad_norm: 40.7500  [38;2;54;234;195mmemory: 61.37GiB(77.47%)  [34mtps: 2,020  [36mtflops: 112.17  [35mmfu: 11.34%[39m
[rank0]:[titan] 2026-09-30 15:51:17,158 - torchtitan.observability.metrics - INFO - [31mstep: 13  [32mloss: -1.00000  [38;2;180;60;0mgrad_norm: 40.7500  [38;2;54;234;195mmemory: 72.46GiB(91.48%)  [34mtps: 2,020  [36mtflops: 112.17  [35mmfu: 11.34%[39m
[rank2]:[titan] 2026-09-30 15:51:17,158 - torchtitan.observability.metrics - INFO - [31mstep: 13  [32mloss: -1.00000  [38;2;180;60;0mgrad_norm: 40.7500  [38;2;54;234;195mmemory: 73.98GiB(93.40%)  [34mtps: 2,019  [36mtflops: 112.16  [35mmfu: 11.34%[39m
[rank1]:[titan] 2026-09-30 15:51:17,157 - torchtitan.observability.metrics - INFO - [31mstep: 13  [32mloss: -1.00000  [38;2;180;60;0mgrad_norm: 40.7500  [38;2;54;234;195mmemory: 64.31GiB(81.19%)  [34mtps: 2,019  [36mtflops: 112.16  [35mmfu: 11.34%[39m
[rank3]:[titan] 2026-09-30 15:51:21,729 - torchtitan.observability.metrics - INFO - [31mstep: 14  [32mloss:  5.20436  [38;2;180;60;0mgrad_norm: 22.5000  [38;2;54;234;195mmemory: 61.42GiB(77.55%)  [34mtps: 1,790  [36mtflops: 99.41  [35mmfu: 10.05%[39m
[rank1]:[titan] 2026-09-30 15:51:21,734 - torchtitan.observability.metrics - INFO - [31mstep: 14  [32mloss: -1.00000  [38;2;180;60;0mgrad_norm: 22.5000  [38;2;54;234;195mmemory: 64.37GiB(81.27%)  [34mtps: 1,790  [36mtflops: 99.41  [35mmfu: 10.05%[39m
[rank0]:[titan] 2026-09-30 15:51:21,735 - torchtitan.observability.metrics - INFO - [31mstep: 14  [32mloss: -1.00000  [38;2;180;60;0mgrad_norm: 22.5000  [38;2;54;234;195mmemory: 72.52GiB(91.55%)  [34mtps: 1,790  [36mtflops: 99.40  [35mmfu: 10.05%[39m
[rank2]:[titan] 2026-09-30 15:51:21,735 - torchtitan.observability.metrics - INFO - [31mstep: 14  [32mloss: -1.00000  [38;2;180;60;0mgrad_norm: 22.5000  [38;2;54;234;195mmemory: 73.98GiB(93.40%)  [34mtps: 1,790  [36mtflops: 99.41  [35mmfu: 10.05%[39m
[rank3]:[titan] 2026-09-30 15:51:25,875 - torchtitan.observability.metrics - INFO - [31mstep: 15  [32mloss:  4.23991  [38;2;180;60;0mgrad_norm: 16.6250  [38;2;54;234;195mmemory: 61.42GiB(77.55%)  [34mtps: 1,976  [36mtflops: 109.75  [35mmfu: 11.10%[39m
[rank0]:[titan] 2026-09-30 15:51:25,882 - torchtitan.observability.metrics - INFO - [31mstep: 15  [32mloss: -1.00000  [38;2;180;60;0mgrad_norm: 16.6250  [38;2;54;234;195mmemory: 72.52GiB(91.55%)  [34mtps: 1,976  [36mtflops: 109.74  [35mmfu: 11.10%[39m
[rank2]:[titan] 2026-09-30 15:51:25,882 - torchtitan.observability.metrics - INFO - [31mstep: 15  [32mloss: -1.00000  [38;2;180;60;0mgrad_norm: 16.6250  [38;2;54;234;195mmemory: 73.98GiB(93.40%)  [34mtps: 1,976  [36mtflops: 109.75  [35mmfu: 11.10%[39m
[rank1]:[titan] 2026-09-30 15:51:25,880 - torchtitan.observability.metrics - INFO - [31mstep: 15  [32mloss: -1.00000  [38;2;180;60;0mgrad_norm: 16.6250  [38;2;54;234;195mmemory: 64.37GiB(81.27%)  [34mtps: 1,976  [36mtflops: 109.74  [35mmfu: 11.10%[39m
[rank0]:[titan] 2026-09-30 15:51:30,030 - torchtitan.observability.metrics - INFO - [31mstep: 16  [32mloss: -1.00000  [38;2;180;60;0mgrad_norm: 21.5000  [38;2;54;234;195mmemory: 72.52GiB(91.55%)  [34mtps: 1,975  [36mtflops: 109.69  [35mmfu: 11.09%[39m
[rank3]:[titan] 2026-09-30 15:51:30,024 - torchtitan.observability.metrics - INFO - [31mstep: 16  [32mloss:  3.60968  [38;2;180;60;0mgrad_norm: 21.5000  [38;2;54;234;195mmemory: 61.42GiB(77.55%)  [34mtps: 1,975  [36mtflops: 109.69  [35mmfu: 11.09%[39m
[rank2]:[titan] 2026-09-30 15:51:30,030 - torchtitan.observability.metrics - INFO - [31mstep: 16  [32mloss: -1.00000  [38;2;180;60;0mgrad_norm: 21.5000  [38;2;54;234;195mmemory: 73.98GiB(93.40%)  [34mtps: 1,975  [36mtflops: 109.69  [35mmfu: 11.09%[39m
[rank1]:[titan] 2026-09-30 15:51:30,029 - torchtitan.observability.metrics - INFO - [31mstep: 16  [32mloss: -1.00000  [38;2;180;60;0mgrad_norm: 21.5000  [38;2;54;234;195mmemory: 64.37GiB(81.27%)  [34mtps: 1,975  [36mtflops: 109.69  [35mmfu: 11.09%[39m
[rank0]:[titan] 2026-09-30 15:51:34,129 - torchtitan.observability.metrics - INFO - [31mstep: 17  [32mloss: -1.00000  [38;2;180;60;0mgrad_norm:  9.1250  [38;2;54;234;195mmemory: 72.52GiB(91.55%)  [34mtps: 1,999  [36mtflops: 111.01  [35mmfu: 11.22%[39m
[rank3]:[titan] 2026-09-30 15:51:34,123 - torchtitan.observability.metrics - INFO - [31mstep: 17  [32mloss:  3.16793  [38;2;180;60;0mgrad_norm:  9.1250  [38;2;54;234;195mmemory: 61.42GiB(77.55%)  [34mtps: 1,999  [36mtflops: 111.01  [35mmfu: 11.22%[39m
[rank2]:[titan] 2026-09-30 15:51:34,129 - torchtitan.observability.metrics - INFO - [31mstep: 17  [32mloss: -1.00000  [38;2;180;60;0mgrad_norm:  9.1250  [38;2;54;234;195mmemory: 73.98GiB(93.40%)  [34mtps: 1,999  [36mtflops: 111.01  [35mmfu: 11.22%[39m
[rank1]:[titan] 2026-09-30 15:51:34,128 - torchtitan.observability.metrics - INFO - [31mstep: 17  [32mloss: -1.00000  [38;2;180;60;0mgrad_norm:  9.1250  [38;2;54;234;195mmemory: 64.37GiB(81.27%)  [34mtps: 1,999  [36mtflops: 111.01  [35mmfu: 11.22%[39m
[rank3]:[titan] 2026-09-30 15:51:38,213 - torchtitan.observability.metrics - INFO - [31mstep: 18  [32mloss:  3.29919  [38;2;180;60;0mgrad_norm: 71.5000  [38;2;54;234;195mmemory: 61.42GiB(77.55%)  [34mtps: 2,003  [36mtflops: 111.24  [35mmfu: 11.25%[39m
[rank0]:[titan] 2026-09-30 15:51:38,219 - torchtitan.observability.metrics - INFO - [31mstep: 18  [32mloss: -1.00000  [38;2;180;60;0mgrad_norm: 71.5000  [38;2;54;234;195mmemory: 72.52GiB(91.55%)  [34mtps: 2,003  [36mtflops: 111.25  [35mmfu: 11.25%[39m
[rank2]:[titan] 2026-09-30 15:51:38,219 - torchtitan.observability.metrics - INFO - [31mstep: 18  [32mloss: -1.00000  [38;2;180;60;0mgrad_norm: 71.5000  [38;2;54;234;195mmemory: 73.98GiB(93.40%)  [34mtps: 2,003  [36mtflops: 111.25  [35mmfu: 11.25%[39m
[rank1]:[titan] 2026-09-30 15:51:38,218 - torchtitan.observability.metrics - INFO - [31mstep: 18  [32mloss: -1.00000  [38;2;180;60;0mgrad_norm: 71.5000  [38;2;54;234;195mmemory: 64.37GiB(81.27%)  [34mtps: 2,003  [36mtflops: 111.25  [35mmfu: 11.25%[39m
[rank3]:[titan] 2026-09-30 15:51:42,132 - torchtitan.observability.metrics - INFO - [31mstep: 19  [32mloss:  3.40604  [38;2;180;60;0mgrad_norm: 21.1250  [38;2;54;234;195mmemory: 61.42GiB(77.55%)  [34mtps: 2,090  [36mtflops: 116.11  [35mmfu: 11.74%[39m
[rank0]:[titan] 2026-09-30 15:51:42,139 - torchtitan.observability.metrics - INFO - [31mstep: 19  [32mloss: -1.00000  [38;2;180;60;0mgrad_norm: 21.1250  [38;2;54;234;195mmemory: 72.52GiB(91.55%)  [34mtps: 2,090  [36mtflops: 116.09  [35mmfu: 11.74%[39m
[rank2]:[titan] 2026-09-30 15:51:42,139 - torchtitan.observability.metrics - INFO - [31mstep: 19  [32mloss: -1.00000  [38;2;180;60;0mgrad_norm: 21.1250  [38;2;54;234;195mmemory: 73.98GiB(93.40%)  [34mtps: 2,090  [36mtflops: 116.09  [35mmfu: 11.74%[39m
[rank1]:[titan] 2026-09-30 15:51:42,137 - torchtitan.observability.metrics - INFO - [31mstep: 19  [32mloss: -1.00000  [38;2;180;60;0mgrad_norm: 21.1250  [38;2;54;234;195mmemory: 64.37GiB(81.27%)  [34mtps: 2,090  [36mtflops: 116.10  [35mmfu: 11.74%[39m
[rank3]:[titan] 2026-09-30 15:51:47,010 - torchtitan.observability.metrics - INFO - [31mstep: 20  [32mloss:  3.15534  [38;2;180;60;0mgrad_norm: 16.0000  [38;2;54;234;195mmemory: 61.46GiB(77.60%)  [34mtps: 1,680  [36mtflops: 93.29  [35mmfu: 9.43%[39m
[rank0]:[titan] 2026-09-30 15:51:47,016 - torchtitan.observability.metrics - INFO - [31mstep: 20  [32mloss: -1.00000  [38;2;180;60;0mgrad_norm: 16.0000  [38;2;54;234;195mmemory: 72.63GiB(91.70%)  [34mtps: 1,680  [36mtflops: 93.30  [35mmfu: 9.43%[39m
[rank3]:[titan] 2026-09-30 15:51:47,024 - torchtitan.trainer - INFO - Training completed
[rank0]:[titan] 2026-09-30 15:51:47,030 - torchtitan.trainer - INFO - Sleeping 2 seconds for other ranks to complete
[rank2]:[titan] 2026-09-30 15:51:47,016 - torchtitan.observability.metrics - INFO - [31mstep: 20  [32mloss: -1.00000  [38;2;180;60;0mgrad_norm: 16.0000  [38;2;54;234;195mmemory: 74.02GiB(93.45%)  [34mtps: 1,680  [36mtflops: 93.30  [35mmfu: 9.43%[39m
[rank2]:[titan] 2026-09-30 15:51:47,030 - torchtitan.trainer - INFO - Training completed
[rank1]:[titan] 2026-09-30 15:51:47,014 - torchtitan.observability.metrics - INFO - [31mstep: 20  [32mloss: -1.00000  [38;2;180;60;0mgrad_norm: 16.0000  [38;2;54;234;195mmemory: 64.37GiB(81.27%)  [34mtps: 1,680  [36mtflops: 93.30  [35mmfu: 9.43%[39m
[rank1]:[titan] 2026-09-30 15:51:47,028 - torchtitan.trainer - INFO - Training completed
[rank0]:[titan] 2026-09-30 15:51:49,030 - torchtitan.trainer - INFO - Training completed
[rank1]:[titan] 2026-09-30 15:51:50,932 - __main__ - INFO - Process group destroyed
[rank0]:[titan] 2026-09-30 15:51:50,994 - __main__ - INFO - Process group destroyed
[rank3]:[titan] 2026-09-30 15:51:51,244 - __main__ - INFO - Process group destroyed
[rank2]:[titan] 2026-09-30 15:51:51,240 - __main__ - INFO - Process group destroyed
