W0917 07:36:51.779000 22136 torch/distributed/run.py:982] 
W0917 07:36:51.779000 22136 torch/distributed/run.py:982] *****************************************
W0917 07:36:51.779000 22136 torch/distributed/run.py:982] Setting OMP_NUM_THREADS environment variable for each process to be 1 in default, to avoid your system being overloaded, please further tune the variable for optimal performance in your application as needed. 
W0917 07:36:51.779000 22136 torch/distributed/run.py:982] *****************************************
[titan] 2026-09-17 07:36:56,462 - absl - WARNING - Failed to load jax profiler: No module named 'jax'
[titan] 2026-09-17 07:36:56,587 - absl - WARNING - Failed to load jax profiler: No module named 'jax'
/workspace/tt_moonep/torchtitan/experiments/rl/__init__.py:41: UserWarning: The 'torch' module has already been imported. Setting PYTORCH_CUDA_ALLOC_CONF may not have an effect. For best results, set PYTORCH_CUDA_ALLOC_CONF=expandable_segments:True before importing torch.
  apply_env_defaults()
Traceback (most recent call last):
  File "/workspace/kit/h200/grad_probe.py", line 51, in <module>
    main()
  File "/workspace/kit/h200/grad_probe.py", line 14, in main
    config = ConfigManager().parse_args()
             ^^^^^^^^^^^^^^^^^^^^^^^^^^^^
  File "/workspace/tt_moonep/torchtitan/config/manager.py", line 42, in parse_args
    loaded_config, args = self._load_config(args)
                          ^^^^^^^^^^^^^^^^^^^^^^^
  File "/workspace/tt_moonep/torchtitan/config/manager.py", line 125, in _load_config
    raise ImportError(
ImportError: Cannot import config_registry for module 'kimi_k3' from torchtitan.models, torchtitan.experiments, or torchtitan.experiments.rl.examples
/workspace/tt_moonep/torchtitan/experiments/rl/__init__.py:41: UserWarning: The 'torch' module has already been imported. Setting PYTORCH_CUDA_ALLOC_CONF may not have an effect. For best results, set PYTORCH_CUDA_ALLOC_CONF=expandable_segments:True before importing torch.
  apply_env_defaults()
Traceback (most recent call last):
  File "/workspace/kit/h200/grad_probe.py", line 51, in <module>
    main()
  File "/workspace/kit/h200/grad_probe.py", line 14, in main
    config = ConfigManager().parse_args()
             ^^^^^^^^^^^^^^^^^^^^^^^^^^^^
  File "/workspace/tt_moonep/torchtitan/config/manager.py", line 42, in parse_args
    loaded_config, args = self._load_config(args)
                          ^^^^^^^^^^^^^^^^^^^^^^^
  File "/workspace/tt_moonep/torchtitan/config/manager.py", line 125, in _load_config
    raise ImportError(
ImportError: Cannot import config_registry for module 'kimi_k3' from torchtitan.models, torchtitan.experiments, or torchtitan.experiments.rl.examples
W0917 07:36:58.064000 22136 torch/distributed/elastic/multiprocessing/api.py:1028] Sending process 22274 closing signal SIGTERM
E0917 07:36:58.128000 22136 torch/distributed/elastic/multiprocessing/api.py:1002] failed (exitcode: 1) local_rank: 0 (pid: 22273) of binary: /workspace/venv_k3/bin/python3
Traceback (most recent call last):
  File "/workspace/venv_k3/bin/torchrun", line 10, in <module>
    sys.exit(main())
             ^^^^^^
  File "/workspace/venv_k3/lib/python3.12/site-packages/torch/distributed/elastic/multiprocessing/errors/__init__.py", line 384, in wrapper
    result = f(*args, **kwargs)
             ^^^^^^^^^^^^^^^^^^
  File "/workspace/venv_k3/lib/python3.12/site-packages/torch/distributed/run.py", line 1138, in main
    run(args)
  File "/workspace/venv_k3/lib/python3.12/site-packages/torch/distributed/run.py", line 1129, in run
    elastic_launch(
  File "/workspace/venv_k3/lib/python3.12/site-packages/torch/distributed/launcher/api.py", line 197, in __call__
    return launch_agent(
           ^^^^^^^^^^^^^
  File "/workspace/venv_k3/lib/python3.12/site-packages/torch/distributed/launcher/api.py", line 386, in launch_agent
    raise ChildFailedError(
torch.distributed.elastic.multiprocessing.errors.ChildFailedError: 
============================================================
/workspace/kit/h200/grad_probe.py FAILED
------------------------------------------------------------
Failures:
[1]:
  time      : 2026-09-17_07:36:58
  host      : af9eec59c66e
  rank      : 1 (local_rank: 1)
  exitcode  : -15 (pid: 22274)  (SIGTERM)
  error_file: <N/A>
  traceback : Signal 15 (SIGTERM) received by PID 22274
------------------------------------------------------------
Root Cause (first observed failure):
[0]:
  time      : 2026-09-17_07:36:58
  host      : af9eec59c66e
  rank      : 0 (local_rank: 0)
  exitcode  : 1 (pid: 22273) 
  error_file: <N/A>
  traceback : To enable traceback see: https://pytorch.org/docs/stable/elastic/errors.html
============================================================
