W0917 08:53:02.240000 43706 torch/distributed/run.py:982] 
W0917 08:53:02.240000 43706 torch/distributed/run.py:982] *****************************************
W0917 08:53:02.240000 43706 torch/distributed/run.py:982] Setting OMP_NUM_THREADS environment variable for each process to be 1 in default, to avoid your system being overloaded, please further tune the variable for optimal performance in your application as needed. 
W0917 08:53:02.240000 43706 torch/distributed/run.py:982] *****************************************
WARNING:absl:Failed to load jax profiler: No module named 'jax'
WARNING:absl:Failed to load jax profiler: No module named 'jax'
[titan] 2026-09-17 08:53:08,388 - __main__ - INFO - torchtitan version: 0.0.0+unknown (0.0.0 means __version__ is not defined correctly).
[titan] 2026-09-17 08:53:08,561 - torchtitan.components.checkpointer.base - WARNING - initial_load_model_only=True has no effect without an initial_load_path.
[titan] 2026-09-17 08:53:08,645 - torchtitan.components.checkpointer.base - WARNING - initial_load_model_only=True has no effect without an initial_load_path.
[titan] 2026-09-17 08:53:08,649 - torchtitan.observability.structured_logger.jsonl_handler - INFO - Structured logging -> JSONL: /workspace/rowprobe/structured_logs/training.global_rank_0.20260917-085308-E08NX4.jsonl
[titan] 2026-09-17 08:53:08,688 - __main__ - INFO - torchtitan version: 0.0.0+unknown (0.0.0 means __version__ is not defined correctly).
[titan] 2026-09-17 08:53:08,858 - torchtitan.components.checkpointer.base - WARNING - initial_load_model_only=True has no effect without an initial_load_path.
[titan] 2026-09-17 08:53:08,868 - torchtitan.distributed.utils - WARNING - ENV[TORCH_NCCL_ASYNC_ERROR_HANDLING] = 1 will be overridden to 3 based on job config
[titan] 2026-09-17 08:53:08,950 - torchtitan.components.checkpointer.base - WARNING - initial_load_model_only=True has no effect without an initial_load_path.
[titan] 2026-09-17 08:53:08,958 - torchtitan.observability.structured_logger.jsonl_handler - INFO - Structured logging -> JSONL: /workspace/rowprobe/structured_logs/training.global_rank_1.20260917-085308-GNZF9B.jsonl
[titan] 2026-09-17 08:53:09,177 - torchtitan.distributed.utils - WARNING - ENV[TORCH_NCCL_ASYNC_ERROR_HANDLING] = 1 will be overridden to 3 based on job config
[titan] 2026-09-17 08:53:09,541 - torchtitan.distributed.parallel_dims - INFO - Building device mesh with parallelism: pp=1, dp_replicate=1, dp_shard=2, cp=1, tp=1, ep=2
[titan] 2026-09-17 08:53:09,541 - torchtitan.distributed.parallel_dims - INFO - Building device mesh with parallelism: pp=1, dp_replicate=1, dp_shard=2, cp=1, tp=1, ep=2
[titan] 2026-09-17 08:53:09,711 - torchtitan.distributed.parallel_dims - INFO - Successfully created meshes with active dimensions: ['batch', 'loss', 'ep', 'dp', 'dp_shard']
[titan] 2026-09-17 08:53:09,712 - torchtitan.tools.utils - INFO - [GC] Initial GC collection took 0.00 seconds
[titan] 2026-09-17 08:53:09,712 - torchtitan.distributed.utils - INFO - Deterministic algorithm enabled (expect perf degradation).
[titan] 2026-09-17 08:53:09,716 - torchtitan.distributed.parallel_dims - INFO - Successfully created meshes with active dimensions: ['batch', 'loss', 'ep', 'dp', 'dp_shard']
[titan] 2026-09-17 08:53:09,716 - torchtitan.tools.utils - INFO - [GC] Initial GC collection took 0.00 seconds
[titan] 2026-09-17 08:53:09,717 - torchtitan.distributed.utils - INFO - Deterministic algorithm enabled (expect perf degradation).
[titan] 2026-09-17 08:53:09,753 - torchtitan.trainer - INFO - Building kimi_k3 debugmodel
[titan] 2026-09-17 08:53:09,757 - torchtitan.trainer - INFO - Building kimi_k3 debugmodel
[titan] 2026-09-17 08:53:09,998 - torchtitan.observability.metrics - INFO - CUDA capacity: NVIDIA H200 with 139.80GiB memory
[titan] 2026-09-17 08:53:09,999 - torchtitan.tools.utils - WARNING - Error running lspci: [Errno 2] No such file or directory: 'lspci', fallback to use device_name
[titan] 2026-09-17 08:53:10,004 - torchtitan.models.utils - INFO - Total parameter count: 1,119,984,672, active parameters: 535,879,200
[titan] 2026-09-17 08:53:10,005 - torchtitan.trainer - INFO - [34mModel kimi_k3 debugmodel [31msize: 1,119,984,672 total parameters[39m
[titan] 2026-09-17 08:53:10,007 - torchtitan.observability.metrics - INFO - CUDA capacity: NVIDIA H200 with 139.80GiB memory
[titan] 2026-09-17 08:53:10,008 - torchtitan.tools.utils - WARNING - Error running lspci: [Errno 2] No such file or directory: 'lspci', fallback to use device_name
[titan] 2026-09-17 08:53:10,014 - torchtitan.models.utils - INFO - Total parameter count: 1,119,984,672, active parameters: 535,879,200
[titan] 2026-09-17 08:53:10,014 - torchtitan.trainer - INFO - [34mModel kimi_k3 debugmodel [31msize: 1,119,984,672 total parameters[39m
[titan] 2026-09-17 08:53:10,378 - moonep.api - INFO - MoonEP comm buffer sizes:
  config                 : R=2, S=256, H=512, E=32, K=4, NvS=5088, NvS_padded=6144
  sm_count               : num_sms=32, num_sms_dedup=132
  hidden_buffer_size     : 6.00 MiB
  meta_buffer_size       : 2.00 MiB
  local_temp_buffer_size : 12.41 KiB
  total_size             : 8.01 MiB
[titan] 2026-09-17 08:53:10,378 - torchtitan.models.kimi_k3.moon_ep_dispatcher - INFO - MoonEP dispatcher: buffer S=256 H=512 K=4 E=32 on an ep group of 2
[titan] 2026-09-17 08:53:10,378 - torchtitan.models.kimi_k3.moon_ep_dispatcher - INFO - MoonEP dispatcher: buffer S=256 H=512 K=4 E=32 on an ep group of 2
[titan] 2026-09-17 08:53:10,521 - torchtitan.models.kimi_k3.moon_ep_dispatcher - INFO - MoonEP dispatcher: buffer S=256 H=512 K=4 E=32 on an ep group of 2
[titan] 2026-09-17 08:53:10,521 - moonep.api - INFO - MoonEP comm buffer sizes:
  config                 : R=2, S=256, H=512, E=32, K=4, NvS=5088, NvS_padded=6144
  sm_count               : num_sms=32, num_sms_dedup=132
  hidden_buffer_size     : 6.00 MiB
  meta_buffer_size       : 2.00 MiB
  local_temp_buffer_size : 12.41 KiB
  total_size             : 8.01 MiB
[titan] 2026-09-17 08:53:10,521 - torchtitan.models.kimi_k3.moon_ep_dispatcher - INFO - MoonEP dispatcher: buffer S=256 H=512 K=4 E=32 on an ep group of 2
[titan] 2026-09-17 08:53:10,663 - torchtitan.models.kimi_k3.moon_ep_dispatcher - INFO - MoonEP dispatcher: buffer S=256 H=512 K=4 E=32 on an ep group of 2
[titan] 2026-09-17 08:53:10,663 - moonep.api - INFO - MoonEP comm buffer sizes:
  config                 : R=2, S=256, H=512, E=32, K=4, NvS=5088, NvS_padded=6144
  sm_count               : num_sms=32, num_sms_dedup=132
  hidden_buffer_size     : 6.00 MiB
  meta_buffer_size       : 2.00 MiB
  local_temp_buffer_size : 12.41 KiB
  total_size             : 8.01 MiB
[titan] 2026-09-17 08:53:10,663 - torchtitan.models.kimi_k3.moon_ep_dispatcher - INFO - MoonEP dispatcher: buffer S=256 H=512 K=4 E=32 on an ep group of 2
[titan] 2026-09-17 08:53:10,805 - torchtitan.models.kimi_k3.moon_ep_dispatcher - INFO - MoonEP dispatcher: buffer S=256 H=512 K=4 E=32 on an ep group of 2
[titan] 2026-09-17 08:53:10,805 - moonep.api - INFO - MoonEP comm buffer sizes:
  config                 : R=2, S=256, H=512, E=32, K=4, NvS=5088, NvS_padded=6144
  sm_count               : num_sms=32, num_sms_dedup=132
  hidden_buffer_size     : 6.00 MiB
  meta_buffer_size       : 2.00 MiB
  local_temp_buffer_size : 12.41 KiB
  total_size             : 8.01 MiB
[titan] 2026-09-17 08:53:10,805 - torchtitan.models.kimi_k3.moon_ep_dispatcher - INFO - MoonEP dispatcher: buffer S=256 H=512 K=4 E=32 on an ep group of 2
[titan] 2026-09-17 08:53:10,947 - torchtitan.models.kimi_k3.moon_ep_dispatcher - INFO - MoonEP dispatcher: buffer S=256 H=512 K=4 E=32 on an ep group of 2
[titan] 2026-09-17 08:53:10,947 - moonep.api - INFO - MoonEP comm buffer sizes:
  config                 : R=2, S=256, H=512, E=32, K=4, NvS=5088, NvS_padded=6144
  sm_count               : num_sms=32, num_sms_dedup=132
  hidden_buffer_size     : 6.00 MiB
  meta_buffer_size       : 2.00 MiB
  local_temp_buffer_size : 12.41 KiB
  total_size             : 8.01 MiB
[titan] 2026-09-17 08:53:10,947 - torchtitan.models.kimi_k3.moon_ep_dispatcher - INFO - MoonEP dispatcher: buffer S=256 H=512 K=4 E=32 on an ep group of 2
[titan] 2026-09-17 08:53:11,092 - torchtitan.models.kimi_k3.moon_ep_dispatcher - INFO - MoonEP dispatcher: buffer S=256 H=512 K=4 E=32 on an ep group of 2
[titan] 2026-09-17 08:53:11,092 - moonep.api - INFO - MoonEP comm buffer sizes:
  config                 : R=2, S=256, H=512, E=32, K=4, NvS=5088, NvS_padded=6144
  sm_count               : num_sms=32, num_sms_dedup=132
  hidden_buffer_size     : 6.00 MiB
  meta_buffer_size       : 2.00 MiB
  local_temp_buffer_size : 12.41 KiB
  total_size             : 8.01 MiB
[titan] 2026-09-17 08:53:11,092 - torchtitan.models.kimi_k3.moon_ep_dispatcher - INFO - MoonEP dispatcher: buffer S=256 H=512 K=4 E=32 on an ep group of 2
[titan] 2026-09-17 08:53:11,236 - torchtitan.models.kimi_k3.moon_ep_dispatcher - INFO - MoonEP dispatcher: buffer S=256 H=512 K=4 E=32 on an ep group of 2
[titan] 2026-09-17 08:53:11,236 - moonep.api - INFO - MoonEP comm buffer sizes:
  config                 : R=2, S=256, H=512, E=32, K=4, NvS=5088, NvS_padded=6144
  sm_count               : num_sms=32, num_sms_dedup=132
  hidden_buffer_size     : 6.00 MiB
  meta_buffer_size       : 2.00 MiB
  local_temp_buffer_size : 12.41 KiB
  total_size             : 8.01 MiB
[titan] 2026-09-17 08:53:11,236 - torchtitan.models.kimi_k3.moon_ep_dispatcher - INFO - MoonEP dispatcher: buffer S=256 H=512 K=4 E=32 on an ep group of 2
[titan] 2026-09-17 08:53:11,380 - torchtitan.models.kimi_k3.moon_ep_dispatcher - INFO - MoonEP dispatcher: buffer S=256 H=512 K=4 E=32 on an ep group of 2
[titan] 2026-09-17 08:53:11,380 - moonep.api - INFO - MoonEP comm buffer sizes:
  config                 : R=2, S=256, H=512, E=32, K=4, NvS=5088, NvS_padded=6144
  sm_count               : num_sms=32, num_sms_dedup=132
  hidden_buffer_size     : 6.00 MiB
  meta_buffer_size       : 2.00 MiB
  local_temp_buffer_size : 12.41 KiB
  total_size             : 8.01 MiB
[titan] 2026-09-17 08:53:11,380 - torchtitan.models.kimi_k3.moon_ep_dispatcher - INFO - MoonEP dispatcher: buffer S=256 H=512 K=4 E=32 on an ep group of 2
[titan] 2026-09-17 08:53:11,523 - torchtitan.models.kimi_k3.moon_ep_dispatcher - INFO - MoonEP dispatcher: buffer S=256 H=512 K=4 E=32 on an ep group of 2
[titan] 2026-09-17 08:53:11,523 - moonep.api - INFO - MoonEP comm buffer sizes:
  config                 : R=2, S=256, H=512, E=32, K=4, NvS=5088, NvS_padded=6144
  sm_count               : num_sms=32, num_sms_dedup=132
  hidden_buffer_size     : 6.00 MiB
  meta_buffer_size       : 2.00 MiB
  local_temp_buffer_size : 12.41 KiB
  total_size             : 8.01 MiB
[titan] 2026-09-17 08:53:11,523 - torchtitan.models.kimi_k3.moon_ep_dispatcher - INFO - MoonEP dispatcher: buffer S=256 H=512 K=4 E=32 on an ep group of 2
[titan] 2026-09-17 08:53:11,666 - torchtitan.models.kimi_k3.moon_ep_dispatcher - INFO - MoonEP dispatcher: buffer S=256 H=512 K=4 E=32 on an ep group of 2
[titan] 2026-09-17 08:53:11,666 - moonep.api - INFO - MoonEP comm buffer sizes:
  config                 : R=2, S=256, H=512, E=32, K=4, NvS=5088, NvS_padded=6144
  sm_count               : num_sms=32, num_sms_dedup=132
  hidden_buffer_size     : 6.00 MiB
  meta_buffer_size       : 2.00 MiB
  local_temp_buffer_size : 12.41 KiB
  total_size             : 8.01 MiB
[titan] 2026-09-17 08:53:11,666 - torchtitan.models.kimi_k3.moon_ep_dispatcher - INFO - MoonEP dispatcher: buffer S=256 H=512 K=4 E=32 on an ep group of 2
[titan] 2026-09-17 08:53:11,809 - torchtitan.models.kimi_k3.moon_ep_dispatcher - INFO - MoonEP dispatcher: buffer S=256 H=512 K=4 E=32 on an ep group of 2
[titan] 2026-09-17 08:53:11,809 - moonep.api - INFO - MoonEP comm buffer sizes:
  config                 : R=2, S=256, H=512, E=32, K=4, NvS=5088, NvS_padded=6144
  sm_count               : num_sms=32, num_sms_dedup=132
  hidden_buffer_size     : 6.00 MiB
  meta_buffer_size       : 2.00 MiB
  local_temp_buffer_size : 12.41 KiB
  total_size             : 8.01 MiB
[titan] 2026-09-17 08:53:11,809 - torchtitan.models.kimi_k3.moon_ep_dispatcher - INFO - MoonEP dispatcher: buffer S=256 H=512 K=4 E=32 on an ep group of 2
[titan] 2026-09-17 08:53:11,952 - torchtitan.models.kimi_k3.moon_ep_dispatcher - INFO - MoonEP dispatcher: buffer S=256 H=512 K=4 E=32 on an ep group of 2
[titan] 2026-09-17 08:53:11,952 - moonep.api - INFO - MoonEP comm buffer sizes:
  config                 : R=2, S=256, H=512, E=32, K=4, NvS=5088, NvS_padded=6144
  sm_count               : num_sms=32, num_sms_dedup=132
  hidden_buffer_size     : 6.00 MiB
  meta_buffer_size       : 2.00 MiB
  local_temp_buffer_size : 12.41 KiB
  total_size             : 8.01 MiB
[titan] 2026-09-17 08:53:11,952 - torchtitan.models.kimi_k3.moon_ep_dispatcher - INFO - MoonEP dispatcher: buffer S=256 H=512 K=4 E=32 on an ep group of 2
[titan] 2026-09-17 08:53:12,095 - torchtitan.models.kimi_k3.moon_ep_dispatcher - INFO - MoonEP dispatcher: buffer S=256 H=512 K=4 E=32 on an ep group of 2
[titan] 2026-09-17 08:53:12,095 - moonep.api - INFO - MoonEP comm buffer sizes:
  config                 : R=2, S=256, H=512, E=32, K=4, NvS=5088, NvS_padded=6144
  sm_count               : num_sms=32, num_sms_dedup=132
  hidden_buffer_size     : 6.00 MiB
  meta_buffer_size       : 2.00 MiB
  local_temp_buffer_size : 12.41 KiB
  total_size             : 8.01 MiB
[titan] 2026-09-17 08:53:12,095 - torchtitan.models.kimi_k3.moon_ep_dispatcher - INFO - MoonEP dispatcher: buffer S=256 H=512 K=4 E=32 on an ep group of 2
[titan] 2026-09-17 08:53:12,244 - torchtitan.models.kimi_k3.moon_ep_dispatcher - INFO - MoonEP dispatcher: buffer S=256 H=512 K=4 E=32 on an ep group of 2
[titan] 2026-09-17 08:53:12,244 - moonep.api - INFO - MoonEP comm buffer sizes:
  config                 : R=2, S=256, H=512, E=32, K=4, NvS=5088, NvS_padded=6144
  sm_count               : num_sms=32, num_sms_dedup=132
  hidden_buffer_size     : 6.00 MiB
  meta_buffer_size       : 2.00 MiB
  local_temp_buffer_size : 12.41 KiB
  total_size             : 8.01 MiB
[titan] 2026-09-17 08:53:12,244 - torchtitan.models.kimi_k3.moon_ep_dispatcher - INFO - MoonEP dispatcher: buffer S=256 H=512 K=4 E=32 on an ep group of 2
[titan] 2026-09-17 08:53:12,391 - torchtitan.models.kimi_k3.moon_ep_dispatcher - INFO - MoonEP dispatcher: buffer S=256 H=512 K=4 E=32 on an ep group of 2
[titan] 2026-09-17 08:53:12,391 - moonep.api - INFO - MoonEP comm buffer sizes:
  config                 : R=2, S=256, H=512, E=32, K=4, NvS=5088, NvS_padded=6144
  sm_count               : num_sms=32, num_sms_dedup=132
  hidden_buffer_size     : 6.00 MiB
  meta_buffer_size       : 2.00 MiB
  local_temp_buffer_size : 12.41 KiB
  total_size             : 8.01 MiB
[titan] 2026-09-17 08:53:12,391 - torchtitan.models.kimi_k3.moon_ep_dispatcher - INFO - MoonEP dispatcher: buffer S=256 H=512 K=4 E=32 on an ep group of 2
[titan] 2026-09-17 08:53:12,542 - torchtitan.models.kimi_k3.moon_ep_dispatcher - INFO - MoonEP dispatcher: buffer S=256 H=512 K=4 E=32 on an ep group of 2
[titan] 2026-09-17 08:53:12,542 - moonep.api - INFO - MoonEP comm buffer sizes:
  config                 : R=2, S=256, H=512, E=32, K=4, NvS=5088, NvS_padded=6144
  sm_count               : num_sms=32, num_sms_dedup=132
  hidden_buffer_size     : 6.00 MiB
  meta_buffer_size       : 2.00 MiB
  local_temp_buffer_size : 12.41 KiB
  total_size             : 8.01 MiB
[titan] 2026-09-17 08:53:12,542 - torchtitan.models.kimi_k3.moon_ep_dispatcher - INFO - MoonEP dispatcher: buffer S=256 H=512 K=4 E=32 on an ep group of 2
[titan] 2026-09-17 08:53:12,685 - torchtitan.models.kimi_k3.moon_ep_dispatcher - INFO - MoonEP dispatcher: buffer S=256 H=512 K=4 E=32 on an ep group of 2
[titan] 2026-09-17 08:53:12,685 - moonep.api - INFO - MoonEP comm buffer sizes:
  config                 : R=2, S=256, H=512, E=32, K=4, NvS=5088, NvS_padded=6144
  sm_count               : num_sms=32, num_sms_dedup=132
  hidden_buffer_size     : 6.00 MiB
  meta_buffer_size       : 2.00 MiB
  local_temp_buffer_size : 12.41 KiB
  total_size             : 8.01 MiB
[titan] 2026-09-17 08:53:12,685 - torchtitan.models.kimi_k3.moon_ep_dispatcher - INFO - MoonEP dispatcher: buffer S=256 H=512 K=4 E=32 on an ep group of 2
[titan] 2026-09-17 08:53:12,827 - moonep.api - INFO - MoonEP comm buffer sizes:
  config                 : R=2, S=256, H=512, E=32, K=4, NvS=5088, NvS_padded=6144
  sm_count               : num_sms=32, num_sms_dedup=132
  hidden_buffer_size     : 6.00 MiB
  meta_buffer_size       : 2.00 MiB
  local_temp_buffer_size : 12.41 KiB
  total_size             : 8.01 MiB
[titan] 2026-09-17 08:53:12,827 - torchtitan.models.kimi_k3.moon_ep_dispatcher - INFO - MoonEP dispatcher: buffer S=256 H=512 K=4 E=32 on an ep group of 2
[titan] 2026-09-17 08:53:12,827 - torchtitan.models.kimi_k3.moon_ep_dispatcher - INFO - MoonEP dispatcher: buffer S=256 H=512 K=4 E=32 on an ep group of 2
[titan] 2026-09-17 08:53:12,971 - torchtitan.models.kimi_k3.moon_ep_dispatcher - INFO - MoonEP dispatcher: buffer S=256 H=512 K=4 E=32 on an ep group of 2
[titan] 2026-09-17 08:53:12,971 - moonep.api - INFO - MoonEP comm buffer sizes:
  config                 : R=2, S=256, H=512, E=32, K=4, NvS=5088, NvS_padded=6144
  sm_count               : num_sms=32, num_sms_dedup=132
  hidden_buffer_size     : 6.00 MiB
  meta_buffer_size       : 2.00 MiB
  local_temp_buffer_size : 12.41 KiB
  total_size             : 8.01 MiB
[titan] 2026-09-17 08:53:12,971 - torchtitan.models.kimi_k3.moon_ep_dispatcher - INFO - MoonEP dispatcher: buffer S=256 H=512 K=4 E=32 on an ep group of 2
[titan] 2026-09-17 08:53:13,115 - torchtitan.models.kimi_k3.moon_ep_dispatcher - INFO - MoonEP dispatcher: buffer S=256 H=512 K=4 E=32 on an ep group of 2
[titan] 2026-09-17 08:53:13,115 - moonep.api - INFO - MoonEP comm buffer sizes:
  config                 : R=2, S=256, H=512, E=32, K=4, NvS=5088, NvS_padded=6144
  sm_count               : num_sms=32, num_sms_dedup=132
  hidden_buffer_size     : 6.00 MiB
  meta_buffer_size       : 2.00 MiB
  local_temp_buffer_size : 12.41 KiB
  total_size             : 8.01 MiB
[titan] 2026-09-17 08:53:13,115 - torchtitan.models.kimi_k3.moon_ep_dispatcher - INFO - MoonEP dispatcher: buffer S=256 H=512 K=4 E=32 on an ep group of 2
[titan] 2026-09-17 08:53:13,259 - torchtitan.models.kimi_k3.moon_ep_dispatcher - INFO - MoonEP dispatcher: buffer S=256 H=512 K=4 E=32 on an ep group of 2
[titan] 2026-09-17 08:53:13,259 - moonep.api - INFO - MoonEP comm buffer sizes:
  config                 : R=2, S=256, H=512, E=32, K=4, NvS=5088, NvS_padded=6144
  sm_count               : num_sms=32, num_sms_dedup=132
  hidden_buffer_size     : 6.00 MiB
  meta_buffer_size       : 2.00 MiB
  local_temp_buffer_size : 12.41 KiB
  total_size             : 8.01 MiB
[titan] 2026-09-17 08:53:13,259 - torchtitan.models.kimi_k3.moon_ep_dispatcher - INFO - MoonEP dispatcher: buffer S=256 H=512 K=4 E=32 on an ep group of 2
[titan] 2026-09-17 08:53:13,402 - torchtitan.models.kimi_k3.moon_ep_dispatcher - INFO - MoonEP dispatcher: buffer S=256 H=512 K=4 E=32 on an ep group of 2
[titan] 2026-09-17 08:53:13,402 - moonep.api - INFO - MoonEP comm buffer sizes:
  config                 : R=2, S=256, H=512, E=32, K=4, NvS=5088, NvS_padded=6144
  sm_count               : num_sms=32, num_sms_dedup=132
  hidden_buffer_size     : 6.00 MiB
  meta_buffer_size       : 2.00 MiB
  local_temp_buffer_size : 12.41 KiB
  total_size             : 8.01 MiB
[titan] 2026-09-17 08:53:13,402 - torchtitan.models.kimi_k3.moon_ep_dispatcher - INFO - MoonEP dispatcher: buffer S=256 H=512 K=4 E=32 on an ep group of 2
[titan] 2026-09-17 08:53:13,546 - torchtitan.models.kimi_k3.moon_ep_dispatcher - INFO - MoonEP dispatcher: buffer S=256 H=512 K=4 E=32 on an ep group of 2
[titan] 2026-09-17 08:53:13,546 - moonep.api - INFO - MoonEP comm buffer sizes:
  config                 : R=2, S=256, H=512, E=32, K=4, NvS=5088, NvS_padded=6144
  sm_count               : num_sms=32, num_sms_dedup=132
  hidden_buffer_size     : 6.00 MiB
  meta_buffer_size       : 2.00 MiB
  local_temp_buffer_size : 12.41 KiB
  total_size             : 8.01 MiB
[titan] 2026-09-17 08:53:13,546 - torchtitan.models.kimi_k3.moon_ep_dispatcher - INFO - MoonEP dispatcher: buffer S=256 H=512 K=4 E=32 on an ep group of 2
[titan] 2026-09-17 08:53:13,608 - torchtitan.distributed.activation_checkpoint - INFO - Applied SelectiveAC activation checkpointing to the model
[titan] 2026-09-17 08:53:13,609 - torchtitan.distributed.activation_checkpoint - INFO - Applied SelectiveAC activation checkpointing to the model
[titan] 2026-09-17 08:53:13,619 - torchtitan.distributed.activation_checkpoint - INFO - Applied SelectiveAC activation checkpointing to the model
[titan] 2026-09-17 08:53:13,621 - torchtitan.distributed.activation_checkpoint - INFO - Applied SelectiveAC activation checkpointing to the model
[titan] 2026-09-17 08:53:13,971 - torchtitan.distributed.fsdp - INFO - Applied FSDP to the model
[titan] 2026-09-17 08:53:14,004 - torchtitan.distributed.fsdp - INFO - Applied FSDP to the model
[rank1]:W0917 08:53:14.329000 43774 torch/distributed/tensor/_redistribute.py:394] While redistributing from (_StridedShard(dim=0, sf=2), Shard(dim=0)) to (Replicate(), Replicate()), 2 sequential all_gather operations will be performed. This is suboptimal: multiple collective operations have higher latency (separate kernel launches and synchronization points) and may give inconsistent results between ranks due to different reduction orders. it is not possible to merge non-ascending order all_gather operations.
[rank0]:W0917 08:53:14.330000 43773 torch/distributed/tensor/_redistribute.py:394] While redistributing from (_StridedShard(dim=0, sf=2), Shard(dim=0)) to (Replicate(), Replicate()), 2 sequential all_gather operations will be performed. This is suboptimal: multiple collective operations have higher latency (separate kernel launches and synchronization points) and may give inconsistent results between ranks due to different reduction orders. it is not possible to merge non-ascending order all_gather operations.
[titan] 2026-09-17 08:53:14,948 - torchtitan.tools.utils - WARNING - Error running lspci: [Errno 2] No such file or directory: 'lspci', fallback to use device_name
[titan] 2026-09-17 08:53:14,948 - torchtitan.trainer - INFO - Peak FLOPS used for computing MFU: 9.890e+14
[titan] 2026-09-17 08:53:14,948 - torchtitan.tools.utils - WARNING - Error running lspci: [Errno 2] No such file or directory: 'lspci', fallback to use device_name
[titan] 2026-09-17 08:53:14,948 - torchtitan.trainer - INFO - CUDA memory usage for model: 3.56GiB(2.55%)
[titan] 2026-09-17 08:53:14,948 - torchtitan.trainer - INFO - Peak FLOPS used for computing MFU: 9.890e+14
[titan] 2026-09-17 08:53:14,948 - torchtitan.trainer - INFO - CUDA memory usage for model: 3.56GiB(2.55%)
[titan] 2026-09-17 08:53:14,952 - torchtitan.components.optimizer.optimizer - INFO - Optimizer AdamW (model_part=0): 726 params [.*] {'fused': True, 'foreach': False, 'lr': 0.0008, 'betas': (0.9, 0.95), 'eps': 1e-08, 'weight_decay': 0.1}
[titan] 2026-09-17 08:53:14,953 - torchtitan.components.optimizer.optimizer - INFO - Optimizer AdamW (model_part=0): 726 params [.*] {'fused': True, 'foreach': False, 'lr': 0.0008, 'betas': (0.9, 0.95), 'eps': 1e-08, 'weight_decay': 0.1}
[titan] 2026-09-17 08:53:14,956 - torchtitan.components.optimizer.lr_scheduler - WARNING - Warmup steps (2) exceed total steps (1). Adjusting warmup steps to 1.
[titan] 2026-09-17 08:53:14,956 - torchtitan.components.optimizer.lr_scheduler - WARNING - Warmup (1) + decay (1) steps exceed total steps (1). Adjusting decay steps to 0.
[titan] 2026-09-17 08:53:14,956 - torchtitan.components.tokenizer - INFO - Loading tokenizer from tokenizer.json
[titan] 2026-09-17 08:53:14,956 - torchtitan.components.optimizer.lr_scheduler - WARNING - Warmup steps (2) exceed total steps (1). Adjusting warmup steps to 1.
[titan] 2026-09-17 08:53:14,956 - torchtitan.components.optimizer.lr_scheduler - WARNING - Warmup (1) + decay (1) steps exceed total steps (1). Adjusting decay steps to 0.
[titan] 2026-09-17 08:53:14,957 - torchtitan.components.tokenizer - INFO - Loading tokenizer from tokenizer.json
[titan] 2026-09-17 08:53:14,979 - torchtitan.protocols.state_dict_adapter - WARNING - model.safetensors.index.json not found at hf_assets_path: ./tests/assets/tokenizer/model.safetensors.index.json.                     Defaulting to saving a single safetensors file if checkpoint is saved in HF format
[titan] 2026-09-17 08:53:14,979 - torchtitan.components.checkpointer.base - WARNING - initial_load_model_only=True has no effect without an initial_load_path.
[titan] 2026-09-17 08:53:14,979 - torchtitan.trainer - INFO - Trainer is initialized with 256 tokens per DP rank, 8192 tokens per train step, gradient accumulation steps 16, maximum context length 2048, total steps 1 (warmup 2)
[titan] 2026-09-17 08:53:14,979 - torchtitan.trainer - INFO - Training starts at step 1
[titan] 2026-09-17 08:53:14,986 - torchtitan.protocols.state_dict_adapter - WARNING - model.safetensors.index.json not found at hf_assets_path: ./tests/assets/tokenizer/model.safetensors.index.json.                     Defaulting to saving a single safetensors file if checkpoint is saved in HF format
[titan] 2026-09-17 08:53:14,986 - torchtitan.components.checkpointer.base - WARNING - initial_load_model_only=True has no effect without an initial_load_path.
[titan] 2026-09-17 08:53:14,986 - torchtitan.trainer - INFO - Trainer is initialized with 256 tokens per DP rank, 8192 tokens per train step, gradient accumulation steps 16, maximum context length 2048, total steps 1 (warmup 2)
[titan] 2026-09-17 08:53:14,986 - torchtitan.trainer - INFO - Training starts at step 1
[moonep-probe rank 1 dispatch 1] E=32 B=16 local=16 home rows [16,32) tokens=2304 of S*K=1024
[moonep-probe rank 1 dispatch 1] own home rows used 16/16, slots filled by plan 0/16 [], slot rows with tokens []
[moonep-probe rank 1 dispatch 1] experts_to_copy[1]=[-1, -1, -1, -1, -1, -1, -1, -1, -1, -1, -1, -1, -1, -1, -1, -1]
[moonep-probe rank 1 dispatch 1] OK only own 16 home rows and planned slots receive tokens: 32 of 48 rows are useful (1.5x table)
[moonep-probe rank 0 dispatch 1] E=32 B=16 local=16 home rows [0,16) tokens=2432 of S*K=1024
[moonep-probe rank 0 dispatch 1] own home rows used 16/16, slots filled by plan 1/16 [0], slot rows with tokens [0]
[moonep-probe rank 0 dispatch 1] experts_to_copy[0]=[17, -1, -1, -1, -1, -1, -1, -1, -1, -1, -1, -1, -1, -1, -1, -1]
[moonep-probe rank 0 dispatch 1] OK only own 16 home rows and planned slots receive tokens: 32 of 48 rows are useful (1.5x table)
/workspace/venv_k3/lib/python3.12/site-packages/torch/distributed/fsdp/_fully_shard/_fsdp_state.py:336: UserWarning: FSDP2-wrapped module (FSDPCheckpointWrapper) returned a view tensor. An in-place op on this view (e.g., `x += y`) will silently drop the pre-backward hook and skip the all-gather, which can cause backward to fail or produce wrong gradients. Use out-of-place ops (`out = out + y`, not `out += y`) or `.clone()` the output before any in-place op.
  output = self._register_pre_backward_hook(output)
/workspace/venv_k3/lib/python3.12/site-packages/torch/distributed/fsdp/_fully_shard/_fsdp_state.py:336: UserWarning: FSDP2-wrapped module (FSDPCheckpointWrapper) returned a view tensor. An in-place op on this view (e.g., `x += y`) will silently drop the pre-backward hook and skip the all-gather, which can cause backward to fail or produce wrong gradients. Use out-of-place ops (`out = out + y`, not `out += y`) or `.clone()` the output before any in-place op.
  output = self._register_pre_backward_hook(output)
[moonep-probe rank 1 dispatch 2] E=32 B=16 local=16 home rows [16,32) tokens=2432 of S*K=1024
[moonep-probe rank 1 dispatch 2] own home rows used 16/16, slots filled by plan 0/16 [], slot rows with tokens []
[moonep-probe rank 1 dispatch 2] experts_to_copy[1]=[-1, -1, -1, -1, -1, -1, -1, -1, -1, -1, -1, -1, -1, -1, -1, -1]
[moonep-probe rank 1 dispatch 2] OK only own 16 home rows and planned slots receive tokens: 32 of 48 rows are useful (1.5x table)
[moonep-probe rank 0 dispatch 2] E=32 B=16 local=16 home rows [0,16) tokens=2304 of S*K=1024
[moonep-probe rank 0 dispatch 2] own home rows used 16/16, slots filled by plan 1/16 [0], slot rows with tokens [0]
[moonep-probe rank 0 dispatch 2] experts_to_copy[0]=[20, -1, -1, -1, -1, -1, -1, -1, -1, -1, -1, -1, -1, -1, -1, -1]
[moonep-probe rank 0 dispatch 2] OK only own 16 home rows and planned slots receive tokens: 32 of 48 rows are useful (1.5x table)
[moonep-probe rank 1 dispatch 3] E=32 B=16 local=16 home rows [16,32) tokens=2176 of S*K=1024
[moonep-probe rank 1 dispatch 3] own home rows used 15/16, slots filled by plan 0/16 [], slot rows with tokens []
[moonep-probe rank 1 dispatch 3] experts_to_copy[1]=[-1, -1, -1, -1, -1, -1, -1, -1, -1, -1, -1, -1, -1, -1, -1, -1]
[moonep-probe rank 0 dispatch 3] E=32 B=16 local=16 home rows [0,16) tokens=2560 of S*K=1024[moonep-probe rank 1 dispatch 3] OK only own 16 home rows and planned slots receive tokens: 32 of 48 rows are useful (1.5x table)

[moonep-probe rank 0 dispatch 3] own home rows used 16/16, slots filled by plan 2/16 [0, 1], slot rows with tokens [0, 1]
[moonep-probe rank 0 dispatch 3] experts_to_copy[0]=[20, 30, -1, -1, -1, -1, -1, -1, -1, -1, -1, -1, -1, -1, -1, -1]
[moonep-probe rank 0 dispatch 3] OK only own 16 home rows and planned slots receive tokens: 32 of 48 rows are useful (1.5x table)
/workspace/venv_k3/lib/python3.12/site-packages/torch/distributed/fsdp/_fully_shard/_fsdp_state.py:336: UserWarning: FSDP2-wrapped module (FSDPCheckpointWrapper) returned a view tensor. An in-place op on this view (e.g., `x += y`) will silently drop the pre-backward hook and skip the all-gather, which can cause backward to fail or produce wrong gradients. Use out-of-place ops (`out = out + y`, not `out += y`) or `.clone()` the output before any in-place op.
  output = self._register_pre_backward_hook(output)
/workspace/venv_k3/lib/python3.12/site-packages/torch/distributed/fsdp/_fully_shard/_fsdp_state.py:336: UserWarning: FSDP2-wrapped module (FSDPCheckpointWrapper) returned a view tensor. An in-place op on this view (e.g., `x += y`) will silently drop the pre-backward hook and skip the all-gather, which can cause backward to fail or produce wrong gradients. Use out-of-place ops (`out = out + y`, not `out += y`) or `.clone()` the output before any in-place op.
  output = self._register_pre_backward_hook(output)
[moonep-probe rank 1 dispatch 4] E=32 B=16 local=16 home rows [16,32) tokens=2176 of S*K=1024
[moonep-probe rank 1 dispatch 4] own home rows used 15/16, slots filled by plan 0/16 [], slot rows with tokens []
[moonep-probe rank 1 dispatch 4] experts_to_copy[1]=[-1, -1, -1, -1, -1, -1, -1, -1, -1, -1, -1, -1, -1, -1, -1, -1]
[moonep-probe rank 1 dispatch 4] OK only own 16 home rows and planned slots receive tokens: 32 of 48 rows are useful (1.5x table)
[moonep-probe rank 0 dispatch 4] E=32 B=16 local=16 home rows [0,16) tokens=2560 of S*K=1024
[moonep-probe rank 0 dispatch 4] own home rows used 16/16, slots filled by plan 2/16 [0, 1], slot rows with tokens [0, 1]
[moonep-probe rank 0 dispatch 4] experts_to_copy[0]=[31, 19, -1, -1, -1, -1, -1, -1, -1, -1, -1, -1, -1, -1, -1, -1]
[moonep-probe rank 0 dispatch 4] OK only own 16 home rows and planned slots receive tokens: 32 of 48 rows are useful (1.5x table)
[rank0]: Traceback (most recent call last):
[rank0]:   File "/workspace/kit/h200/moonep_row_occupancy_probe.py", line 98, in <module>
[rank0]:     runpy.run_module("torchtitan.train", run_name="__main__")
[rank0]:   File "<frozen runpy>", line 229, in run_module
[rank0]:   File "<frozen runpy>", line 88, in _run_code
[rank0]:   File "/workspace/tt_moonep/torchtitan/train.py", line 76, in <module>
[rank0]:     main()
[rank0]:   File "/workspace/tt_moonep/torchtitan/train.py", line 62, in main
[rank0]:     trainer.train()
[rank0]:   File "/workspace/venv_k3/lib/python3.12/site-packages/torch/distributed/elastic/multiprocessing/errors/__init__.py", line 384, in wrapper
[rank0]:     result = f(*args, **kwargs)
[rank0]:              ^^^^^^^^^^^^^^^^^^
[rank0]:   File "/workspace/tt_moonep/torchtitan/trainer.py", line 1091, in train
[rank0]:     self.train_step(data_iterator)
[rank0]:   File "/workspace/tt_moonep/torchtitan/trainer.py", line 961, in train_step
[rank0]:     loss = fwd_bwd()
[rank0]:            ^^^^^^^^^
[rank0]:   File "/workspace/tt_moonep/torchtitan/trainer.py", line 935, in fwd_bwd
[rank0]:     return self.forward_backward_step(
[rank0]:            ^^^^^^^^^^^^^^^^^^^^^^^^^^^
[rank0]:   File "/workspace/tt_moonep/torchtitan/observability/structured_logger/structured_logging.py", line 509, in sync_wrapper
[rank0]:     return func(*args, **kwargs)
[rank0]:            ^^^^^^^^^^^^^^^^^^^^^
[rank0]:   File "/workspace/tt_moonep/torchtitan/trainer.py", line 815, in forward_backward_step
[rank0]:     return self.fwd_bwd_fn(inputs, labels, global_valid_tokens, extra_kwargs)
[rank0]:            ^^^^^^^^^^^^^^^^^^^^^^^^^^^^^^^^^^^^^^^^^^^^^^^^^^^^^^^^^^^^^^^^^^
[rank0]:   File "/workspace/tt_moonep/torchtitan/trainer.py", line 839, in _forward_backward_body
[rank0]:     loss.backward()
[rank0]:   File "/workspace/venv_k3/lib/python3.12/site-packages/torch/_tensor.py", line 623, in backward
[rank0]:     torch.autograd.backward(
[rank0]:   File "/workspace/venv_k3/lib/python3.12/site-packages/torch/autograd/__init__.py", line 395, in backward
[rank0]:     _engine_run_backward(
[rank0]:   File "/workspace/venv_k3/lib/python3.12/site-packages/torch/autograd/graph.py", line 1095, in _engine_run_backward
[rank0]:     return Variable._execution_engine.run_backward(  # Calls into the C++ engine to run the backward pass
[rank0]:            ^^^^^^^^^^^^^^^^^^^^^^^^^^^^^^^^^^^^^^^^^^^^^^^^^^^^^^^^^^^^^^^^^^^^^^^^^^^^^^^^^^^^^^^^^^^^^^
[rank0]:   File "/workspace/venv_k3/lib/python3.12/site-packages/torch/autograd/function.py", line 366, in apply
[rank0]:     return user_fn(self, *args)
[rank0]:            ^^^^^^^^^^^^^^^^^^^^
[rank0]:   File "/workspace/tt_moonep/torchtitan/models/kimi_k3/moon_ep_experts.py", line 85, in backward
[rank0]:     experts._backend.reduce_grad(
[rank0]:   File "/workspace/tt_moonep/torchtitan/models/kimi_k3/moon_ep_experts.py", line 331, in reduce_grad
[rank0]:     moonep.grad_reduce.launch_grad_reduce(
[rank0]:   File "/workspace/moonep/moonep/grad_reduce.py", line 509, in launch_grad_reduce
[rank0]:     compiled = _get_compiled(E, H, Hp, R, B, int(meta_stride), int(num_sms),
[rank0]:                ^^^^^^^^^^^^^^^^^^^^^^^^^^^^^^^^^^^^^^^^^^^^^^^^^^^^^^^^^^^^^
[rank0]:   File "/workspace/moonep/moonep/grad_reduce.py", line 424, in _get_compiled
[rank0]:     return cute.compile(
[rank0]:            ^^^^^^^^^^^^^
[rank0]:   File "/workspace/moonep/moonep/grad_reduce.py", line 142, in __call__
[rank0]:     rank, barrier_off).launch(
[rank0]:                        ^^^^^^^
[rank0]:   File "/workspace/moonep/moonep/grad_reduce.py", line 295, in kernel
[rank0]:     acc_reg = cute.make_fragment((H_PER,), Float32)
[rank0]:               ^^^^^^^^^^^^^^^^^^
[rank0]: AttributeError: module 'cutlass.cute' has no attribute 'make_fragment'. Did you mean: 'make_fragment_like'?
[rank1]: Traceback (most recent call last):
[rank1]:   File "/workspace/kit/h200/moonep_row_occupancy_probe.py", line 98, in <module>
[rank1]:     runpy.run_module("torchtitan.train", run_name="__main__")
[rank1]:   File "<frozen runpy>", line 229, in run_module
[rank1]:   File "<frozen runpy>", line 88, in _run_code
[rank1]:   File "/workspace/tt_moonep/torchtitan/train.py", line 76, in <module>
[rank1]:     main()
[rank1]:   File "/workspace/tt_moonep/torchtitan/train.py", line 62, in main
[rank1]:     trainer.train()
[rank1]:   File "/workspace/venv_k3/lib/python3.12/site-packages/torch/distributed/elastic/multiprocessing/errors/__init__.py", line 384, in wrapper
[rank1]:     result = f(*args, **kwargs)
[rank1]:              ^^^^^^^^^^^^^^^^^^
[rank1]:   File "/workspace/tt_moonep/torchtitan/trainer.py", line 1091, in train
[rank1]:     self.train_step(data_iterator)
[rank1]:   File "/workspace/tt_moonep/torchtitan/trainer.py", line 961, in train_step
[rank1]:     loss = fwd_bwd()
[rank1]:            ^^^^^^^^^
[rank1]:   File "/workspace/tt_moonep/torchtitan/trainer.py", line 935, in fwd_bwd
[rank1]:     return self.forward_backward_step(
[rank1]:            ^^^^^^^^^^^^^^^^^^^^^^^^^^^
[rank1]:   File "/workspace/tt_moonep/torchtitan/observability/structured_logger/structured_logging.py", line 509, in sync_wrapper
[rank1]:     return func(*args, **kwargs)
[rank1]:            ^^^^^^^^^^^^^^^^^^^^^
[rank1]:   File "/workspace/tt_moonep/torchtitan/trainer.py", line 815, in forward_backward_step
[rank1]:     return self.fwd_bwd_fn(inputs, labels, global_valid_tokens, extra_kwargs)
[rank1]:            ^^^^^^^^^^^^^^^^^^^^^^^^^^^^^^^^^^^^^^^^^^^^^^^^^^^^^^^^^^^^^^^^^^
[rank1]:   File "/workspace/tt_moonep/torchtitan/trainer.py", line 839, in _forward_backward_body
[rank1]:     loss.backward()
[rank1]:   File "/workspace/venv_k3/lib/python3.12/site-packages/torch/_tensor.py", line 623, in backward
[rank1]:     torch.autograd.backward(
[rank1]:   File "/workspace/venv_k3/lib/python3.12/site-packages/torch/autograd/__init__.py", line 395, in backward
[rank1]:     _engine_run_backward(
[rank1]:   File "/workspace/venv_k3/lib/python3.12/site-packages/torch/autograd/graph.py", line 1095, in _engine_run_backward
[rank1]:     return Variable._execution_engine.run_backward(  # Calls into the C++ engine to run the backward pass
[rank1]:            ^^^^^^^^^^^^^^^^^^^^^^^^^^^^^^^^^^^^^^^^^^^^^^^^^^^^^^^^^^^^^^^^^^^^^^^^^^^^^^^^^^^^^^^^^^^^^^
[rank1]:   File "/workspace/venv_k3/lib/python3.12/site-packages/torch/autograd/function.py", line 366, in apply
[rank1]:     return user_fn(self, *args)
[rank1]:            ^^^^^^^^^^^^^^^^^^^^
[rank1]:   File "/workspace/tt_moonep/torchtitan/models/kimi_k3/moon_ep_experts.py", line 85, in backward
[rank1]:     experts._backend.reduce_grad(
[rank1]:   File "/workspace/tt_moonep/torchtitan/models/kimi_k3/moon_ep_experts.py", line 331, in reduce_grad
[rank1]:     moonep.grad_reduce.launch_grad_reduce(
[rank1]:   File "/workspace/moonep/moonep/grad_reduce.py", line 509, in launch_grad_reduce
[rank1]:     compiled = _get_compiled(E, H, Hp, R, B, int(meta_stride), int(num_sms),
[rank1]:                ^^^^^^^^^^^^^^^^^^^^^^^^^^^^^^^^^^^^^^^^^^^^^^^^^^^^^^^^^^^^^
[rank1]:   File "/workspace/moonep/moonep/grad_reduce.py", line 424, in _get_compiled
[rank1]:     return cute.compile(
[rank1]:            ^^^^^^^^^^^^^
[rank1]:   File "/workspace/moonep/moonep/grad_reduce.py", line 142, in __call__
[rank1]:     rank, barrier_off).launch(
[rank1]:                        ^^^^^^^
[rank1]:   File "/workspace/moonep/moonep/grad_reduce.py", line 295, in kernel
[rank1]:     acc_reg = cute.make_fragment((H_PER,), Float32)
[rank1]:               ^^^^^^^^^^^^^^^^^^
[rank1]: AttributeError: module 'cutlass.cute' has no attribute 'make_fragment'. Did you mean: 'make_fragment_like'?
W0917 08:53:48.546000 43706 torch/distributed/elastic/multiprocessing/api.py:1028] Sending process 43773 closing signal SIGTERM
E0917 08:53:49.262000 43706 torch/distributed/elastic/multiprocessing/api.py:1002] failed (exitcode: 1) local_rank: 1 (pid: 43774) of binary: /workspace/venv_k3/bin/python3
E0917 08:53:49.262000 43706 torch/distributed/elastic/multiprocessing/errors/error_handler.py:194] no error file defined for parent, to copy child error file (/tmp/torchelastic_qgqju7t9/none_7fv5aral/attempt_0/1/error.json)
Traceback (most recent call last):
  File "/workspace/venv_k3/bin/torchrun", line 10, in <module>
    sys.exit(main())
             ^^^^^^
  File "/workspace/venv_k3/lib/python3.12/site-packages/torch/distributed/elastic/multiprocessing/errors/__init__.py", line 384, in wrapper
    result = f(*args, **kwargs)
             ^^^^^^^^^^^^^^^^^^
  File "/workspace/venv_k3/lib/python3.12/site-packages/torch/distributed/run.py", line 1138, in main
    run(args)
  File "/workspace/venv_k3/lib/python3.12/site-packages/torch/distributed/run.py", line 1129, in run
    elastic_launch(
  File "/workspace/venv_k3/lib/python3.12/site-packages/torch/distributed/launcher/api.py", line 197, in __call__
    return launch_agent(
           ^^^^^^^^^^^^^
  File "/workspace/venv_k3/lib/python3.12/site-packages/torch/distributed/launcher/api.py", line 386, in launch_agent
    raise ChildFailedError(
torch.distributed.elastic.multiprocessing.errors.ChildFailedError: 
============================================================
/workspace/kit/h200/moonep_row_occupancy_probe.py FAILED
------------------------------------------------------------
Failures:
[1]:
  time      : 2026-09-17_08:53:46
  host      : af9eec59c66e
  rank      : 0 (local_rank: 0)
  exitcode  : 1 (pid: 43773) 
  error_file: /tmp/torchelastic_qgqju7t9/none_7fv5aral/attempt_0/0/error.json
  traceback : Traceback (most recent call last):
    File "/workspace/venv_k3/lib/python3.12/site-packages/torch/distributed/elastic/multiprocessing/errors/__init__.py", line 384, in wrapper
      result = f(*args, **kwargs)
               ^^^^^^^^^^^^^^^^^^
    File "/workspace/tt_moonep/torchtitan/trainer.py", line 1091, in train
      self.train_step(data_iterator)
    File "/workspace/tt_moonep/torchtitan/trainer.py", line 961, in train_step
      loss = fwd_bwd()
             ^^^^^^^^^
    File "/workspace/tt_moonep/torchtitan/trainer.py", line 935, in fwd_bwd
      return self.forward_backward_step(
             ^^^^^^^^^^^^^^^^^^^^^^^^^^^
    File "/workspace/tt_moonep/torchtitan/observability/structured_logger/structured_logging.py", line 509, in sync_wrapper
      return func(*args, **kwargs)
             ^^^^^^^^^^^^^^^^^^^^^
    File "/workspace/tt_moonep/torchtitan/trainer.py", line 815, in forward_backward_step
      return self.fwd_bwd_fn(inputs, labels, global_valid_tokens, extra_kwargs)
             ^^^^^^^^^^^^^^^^^^^^^^^^^^^^^^^^^^^^^^^^^^^^^^^^^^^^^^^^^^^^^^^^^^
    File "/workspace/tt_moonep/torchtitan/trainer.py", line 839, in _forward_backward_body
      loss.backward()
    File "/workspace/venv_k3/lib/python3.12/site-packages/torch/_tensor.py", line 623, in backward
      torch.autograd.backward(
    File "/workspace/venv_k3/lib/python3.12/site-packages/torch/autograd/__init__.py", line 395, in backward
      _engine_run_backward(
    File "/workspace/venv_k3/lib/python3.12/site-packages/torch/autograd/graph.py", line 1095, in _engine_run_backward
      return Variable._execution_engine.run_backward(  # Calls into the C++ engine to run the backward pass
             ^^^^^^^^^^^^^^^^^^^^^^^^^^^^^^^^^^^^^^^^^^^^^^^^^^^^^^^^^^^^^^^^^^^^^^^^^^^^^^^^^^^^^^^^^^^^^^
    File "/workspace/venv_k3/lib/python3.12/site-packages/torch/autograd/function.py", line 366, in apply
      return user_fn(self, *args)
             ^^^^^^^^^^^^^^^^^^^^
    File "/workspace/tt_moonep/torchtitan/models/kimi_k3/moon_ep_experts.py", line 85, in backward
      experts._backend.reduce_grad(
    File "/workspace/tt_moonep/torchtitan/models/kimi_k3/moon_ep_experts.py", line 331, in reduce_grad
      moonep.grad_reduce.launch_grad_reduce(
    File "/workspace/moonep/moonep/grad_reduce.py", line 509, in launch_grad_reduce
      compiled = _get_compiled(E, H, Hp, R, B, int(meta_stride), int(num_sms),
                 ^^^^^^^^^^^^^^^^^^^^^^^^^^^^^^^^^^^^^^^^^^^^^^^^^^^^^^^^^^^^^
    File "/workspace/moonep/moonep/grad_reduce.py", line 424, in _get_compiled
      return cute.compile(
             ^^^^^^^^^^^^^
    File "/workspace/venv_k3/lib/python3.12/site-packages/nvidia_cutlass_dsl/dsl_packages/cutlass/base_dsl/compiler.py", line 1250, in __call__
      return self._compile(*args, **kwargs)
             ^^^^^^^^^^^^^^^^^^^^^^^^^^^^^^
    File "/workspace/venv_k3/lib/python3.12/site-packages/nvidia_cutlass_dsl/dsl_packages/cutlass/base_dsl/compiler.py", line 1400, in _compile
      return func._dsl_object._func(func, *args, **kwargs)
             ^^^^^^^^^^^^^^^^^^^^^^^^^^^^^^^^^^^^^^^^^^^^^
    File "/workspace/venv_k3/lib/python3.12/site-packages/nvidia_cutlass_dsl/dsl_packages/cutlass/base_dsl/dsl.py", line 2680, in _func
      return self._func_impl(funcBody, *args, **kwargs)
             ^^^^^^^^^^^^^^^^^^^^^^^^^^^^^^^^^^^^^^^^^^
    File "/workspace/venv_k3/lib/python3.12/site-packages/nvidia_cutlass_dsl/dsl_packages/cutlass/base_dsl/dsl.py", line 2693, in _func_impl
      result = self.generate_mlir(
               ^^^^^^^^^^^^^^^^^^^
    File "/workspace/venv_k3/lib/python3.12/site-packages/nvidia_cutlass_dsl/dsl_packages/cutlass/base_dsl/dsl.py", line 2223, in generate_mlir
      module, module_hash, result = self.generate_original_ir(
                                    ^^^^^^^^^^^^^^^^^^^^^^^^^^
    File "/workspace/venv_k3/lib/python3.12/site-packages/nvidia_cutlass_dsl/dsl_packages/cutlass/base_dsl/dsl.py", line 1894, in generate_original_ir
      module, result = build_ir_module()
                       ^^^^^^^^^^^^^^^^^
    File "/workspace/venv_k3/lib/python3.12/site-packages/nvidia_cutlass_dsl/dsl_packages/cutlass/base_dsl/dsl.py", line 1855, in build_ir_module
      result = funcBody(*ir_args, **ir_kwargs)
               ^^^^^^^^^^^^^^^^^^^^^^^^^^^^^^^
    File "/workspace/moonep/moonep/grad_reduce.py", line 142, in __call__
      rank, barrier_off).launch(
                         ^^^^^^^
    File "/workspace/venv_k3/lib/python3.12/site-packages/nvidia_cutlass_dsl/dsl_packages/cutlass/cutlass_dsl/cutlass.py", line 2171, in launch
      ret, name = kernel_generator(*self.func_args, **self.func_kwargs, config=config)
                  ^^^^^^^^^^^^^^^^^^^^^^^^^^^^^^^^^^^^^^^^^^^^^^^^^^^^^^^^^^^^^^^^^^^^
    File "/workspace/venv_k3/lib/python3.12/site-packages/nvidia_cutlass_dsl/dsl_packages/cutlass/base_dsl/dsl.py", line 3023, in kernel_wrapper
      kernel_ret = funcBody(*ir_args, **ir_kwargs)
                   ^^^^^^^^^^^^^^^^^^^^^^^^^^^^^^^
    File "/workspace/moonep/moonep/grad_reduce.py", line 295, in kernel
      acc_reg = cute.make_fragment((H_PER,), Float32)
                ^^^^^^^^^^^^^^^^^^
  AttributeError: module 'cutlass.cute' has no attribute 'make_fragment'. Did you mean: 'make_fragment_like'?
  
------------------------------------------------------------
Root Cause (first observed failure):
[0]:
  time      : 2026-09-17_08:53:46
  host      : af9eec59c66e
  rank      : 1 (local_rank: 1)
  exitcode  : 1 (pid: 43774) 
  error_file: /tmp/torchelastic_qgqju7t9/none_7fv5aral/attempt_0/1/error.json
  traceback : Traceback (most recent call last):
    File "/workspace/venv_k3/lib/python3.12/site-packages/torch/distributed/elastic/multiprocessing/errors/__init__.py", line 384, in wrapper
      result = f(*args, **kwargs)
               ^^^^^^^^^^^^^^^^^^
    File "/workspace/tt_moonep/torchtitan/trainer.py", line 1091, in train
      self.train_step(data_iterator)
    File "/workspace/tt_moonep/torchtitan/trainer.py", line 961, in train_step
      loss = fwd_bwd()
             ^^^^^^^^^
    File "/workspace/tt_moonep/torchtitan/trainer.py", line 935, in fwd_bwd
      return self.forward_backward_step(
             ^^^^^^^^^^^^^^^^^^^^^^^^^^^
    File "/workspace/tt_moonep/torchtitan/observability/structured_logger/structured_logging.py", line 509, in sync_wrapper
      return func(*args, **kwargs)
             ^^^^^^^^^^^^^^^^^^^^^
    File "/workspace/tt_moonep/torchtitan/trainer.py", line 815, in forward_backward_step
      return self.fwd_bwd_fn(inputs, labels, global_valid_tokens, extra_kwargs)
             ^^^^^^^^^^^^^^^^^^^^^^^^^^^^^^^^^^^^^^^^^^^^^^^^^^^^^^^^^^^^^^^^^^
    File "/workspace/tt_moonep/torchtitan/trainer.py", line 839, in _forward_backward_body
      loss.backward()
    File "/workspace/venv_k3/lib/python3.12/site-packages/torch/_tensor.py", line 623, in backward
      torch.autograd.backward(
    File "/workspace/venv_k3/lib/python3.12/site-packages/torch/autograd/__init__.py", line 395, in backward
      _engine_run_backward(
    File "/workspace/venv_k3/lib/python3.12/site-packages/torch/autograd/graph.py", line 1095, in _engine_run_backward
      return Variable._execution_engine.run_backward(  # Calls into the C++ engine to run the backward pass
             ^^^^^^^^^^^^^^^^^^^^^^^^^^^^^^^^^^^^^^^^^^^^^^^^^^^^^^^^^^^^^^^^^^^^^^^^^^^^^^^^^^^^^^^^^^^^^^
    File "/workspace/venv_k3/lib/python3.12/site-packages/torch/autograd/function.py", line 366, in apply
      return user_fn(self, *args)
             ^^^^^^^^^^^^^^^^^^^^
    File "/workspace/tt_moonep/torchtitan/models/kimi_k3/moon_ep_experts.py", line 85, in backward
      experts._backend.reduce_grad(
    File "/workspace/tt_moonep/torchtitan/models/kimi_k3/moon_ep_experts.py", line 331, in reduce_grad
      moonep.grad_reduce.launch_grad_reduce(
    File "/workspace/moonep/moonep/grad_reduce.py", line 509, in launch_grad_reduce
      compiled = _get_compiled(E, H, Hp, R, B, int(meta_stride), int(num_sms),
                 ^^^^^^^^^^^^^^^^^^^^^^^^^^^^^^^^^^^^^^^^^^^^^^^^^^^^^^^^^^^^^
    File "/workspace/moonep/moonep/grad_reduce.py", line 424, in _get_compiled
      return cute.compile(
             ^^^^^^^^^^^^^
    File "/workspace/venv_k3/lib/python3.12/site-packages/nvidia_cutlass_dsl/dsl_packages/cutlass/base_dsl/compiler.py", line 1250, in __call__
      return self._compile(*args, **kwargs)
             ^^^^^^^^^^^^^^^^^^^^^^^^^^^^^^
    File "/workspace/venv_k3/lib/python3.12/site-packages/nvidia_cutlass_dsl/dsl_packages/cutlass/base_dsl/compiler.py", line 1400, in _compile
      return func._dsl_object._func(func, *args, **kwargs)
             ^^^^^^^^^^^^^^^^^^^^^^^^^^^^^^^^^^^^^^^^^^^^^
    File "/workspace/venv_k3/lib/python3.12/site-packages/nvidia_cutlass_dsl/dsl_packages/cutlass/base_dsl/dsl.py", line 2680, in _func
      return self._func_impl(funcBody, *args, **kwargs)
             ^^^^^^^^^^^^^^^^^^^^^^^^^^^^^^^^^^^^^^^^^^
    File "/workspace/venv_k3/lib/python3.12/site-packages/nvidia_cutlass_dsl/dsl_packages/cutlass/base_dsl/dsl.py", line 2693, in _func_impl
      result = self.generate_mlir(
               ^^^^^^^^^^^^^^^^^^^
    File "/workspace/venv_k3/lib/python3.12/site-packages/nvidia_cutlass_dsl/dsl_packages/cutlass/base_dsl/dsl.py", line 2223, in generate_mlir
      module, module_hash, result = self.generate_original_ir(
                                    ^^^^^^^^^^^^^^^^^^^^^^^^^^
    File "/workspace/venv_k3/lib/python3.12/site-packages/nvidia_cutlass_dsl/dsl_packages/cutlass/base_dsl/dsl.py", line 1894, in generate_original_ir
      module, result = build_ir_module()
                       ^^^^^^^^^^^^^^^^^
    File "/workspace/venv_k3/lib/python3.12/site-packages/nvidia_cutlass_dsl/dsl_packages/cutlass/base_dsl/dsl.py", line 1855, in build_ir_module
      result = funcBody(*ir_args, **ir_kwargs)
               ^^^^^^^^^^^^^^^^^^^^^^^^^^^^^^^
    File "/workspace/moonep/moonep/grad_reduce.py", line 142, in __call__
      rank, barrier_off).launch(
                         ^^^^^^^
    File "/workspace/venv_k3/lib/python3.12/site-packages/nvidia_cutlass_dsl/dsl_packages/cutlass/cutlass_dsl/cutlass.py", line 2171, in launch
      ret, name = kernel_generator(*self.func_args, **self.func_kwargs, config=config)
                  ^^^^^^^^^^^^^^^^^^^^^^^^^^^^^^^^^^^^^^^^^^^^^^^^^^^^^^^^^^^^^^^^^^^^
    File "/workspace/venv_k3/lib/python3.12/site-packages/nvidia_cutlass_dsl/dsl_packages/cutlass/base_dsl/dsl.py", line 3023, in kernel_wrapper
      kernel_ret = funcBody(*ir_args, **ir_kwargs)
                   ^^^^^^^^^^^^^^^^^^^^^^^^^^^^^^^
    File "/workspace/moonep/moonep/grad_reduce.py", line 295, in kernel
      acc_reg = cute.make_fragment((H_PER,), Float32)
                ^^^^^^^^^^^^^^^^^^
  AttributeError: module 'cutlass.cute' has no attribute 'make_fragment'. Did you mean: 'make_fragment_like'?
  
============================================================
