W0930 15:51:58.651000 212897 torch/distributed/run.py:982] 
W0930 15:51:58.651000 212897 torch/distributed/run.py:982] *****************************************
W0930 15:51:58.651000 212897 torch/distributed/run.py:982] Setting OMP_NUM_THREADS environment variable for each process to be 1 in default, to avoid your system being overloaded, please further tune the variable for optimal performance in your application as needed. 
W0930 15:51:58.651000 212897 torch/distributed/run.py:982] *****************************************
[rank1]:WARNING:absl:Failed to load jax profiler: No module named 'jax'
[rank0]:WARNING:absl:Failed to load jax profiler: No module named 'jax'
[rank2]:WARNING:absl:Failed to load jax profiler: No module named 'jax'
[rank3]:WARNING:absl:Failed to load jax profiler: No module named 'jax'
[rank1]:[titan] 2026-09-30 15:52:05,220 - __main__ - INFO - torchtitan version: 0.0.0+unknown (0.0.0 means __version__ is not defined correctly).
[rank0]:[titan] 2026-09-30 15:52:05,534 - __main__ - INFO - torchtitan version: 0.0.0+unknown (0.0.0 means __version__ is not defined correctly).
[rank3]:[titan] 2026-09-30 15:52:05,507 - __main__ - INFO - torchtitan version: 0.0.0+unknown (0.0.0 means __version__ is not defined correctly).
[rank2]:[titan] 2026-09-30 15:52:05,564 - __main__ - INFO - torchtitan version: 0.0.0+unknown (0.0.0 means __version__ is not defined correctly).
[rank1]:[titan] 2026-09-30 15:52:05,958 - torchtitan.observability.structured_logger.jsonl_handler - INFO - Structured logging -> JSONL: /root/mep/results/dep_h100_pp4vpp4_origlevels/time_s4096c3_m8_w_dep_k25/out/structured_logs/training.global_rank_1.20260930-155205-0USFXP.jsonl
[rank1]:[titan] 2026-09-30 15:52:06,220 - torchtitan.distributed.utils - WARNING - ENV[TORCH_NCCL_ASYNC_ERROR_HANDLING] = 1 will be overridden to 3 based on job config
[rank0]:[titan] 2026-09-30 15:52:06,345 - torchtitan.observability.structured_logger.jsonl_handler - INFO - Structured logging -> JSONL: /root/mep/results/dep_h100_pp4vpp4_origlevels/time_s4096c3_m8_w_dep_k25/out/structured_logs/training.global_rank_0.20260930-155206-350MLG.jsonl
[rank3]:[titan] 2026-09-30 15:52:06,439 - torchtitan.observability.structured_logger.jsonl_handler - INFO - Structured logging -> JSONL: /root/mep/results/dep_h100_pp4vpp4_origlevels/time_s4096c3_m8_w_dep_k25/out/structured_logs/training.global_rank_3.20260930-155206-HM4CQT.jsonl
[rank2]:[titan] 2026-09-30 15:52:06,405 - torchtitan.observability.structured_logger.jsonl_handler - INFO - Structured logging -> JSONL: /root/mep/results/dep_h100_pp4vpp4_origlevels/time_s4096c3_m8_w_dep_k25/out/structured_logs/training.global_rank_2.20260930-155206-6E88NH.jsonl
[rank0]:[titan] 2026-09-30 15:52:06,845 - torchtitan.distributed.utils - WARNING - ENV[TORCH_NCCL_ASYNC_ERROR_HANDLING] = 1 will be overridden to 3 based on job config
[rank2]:[titan] 2026-09-30 15:52:06,978 - torchtitan.distributed.utils - WARNING - ENV[TORCH_NCCL_ASYNC_ERROR_HANDLING] = 1 will be overridden to 3 based on job config
[rank3]:[titan] 2026-09-30 15:52:06,973 - torchtitan.distributed.utils - WARNING - ENV[TORCH_NCCL_ASYNC_ERROR_HANDLING] = 1 will be overridden to 3 based on job config
[rank0]:[titan] 2026-09-30 15:52:07,649 - torchtitan.tools.utils - INFO - [GC] Initial GC collection took 0.00 seconds
[rank1]:[titan] 2026-09-30 15:52:07,649 - torchtitan.tools.utils - INFO - [GC] Initial GC collection took 0.00 seconds
[rank3]:[titan] 2026-09-30 15:52:07,648 - torchtitan.tools.utils - INFO - [GC] Initial GC collection took 0.00 seconds
[rank2]:[titan] 2026-09-30 15:52:07,648 - torchtitan.tools.utils - INFO - [GC] Initial GC collection took 0.00 seconds
[rank0]:[titan] 2026-09-30 15:52:08,684 - torchtitan.distributed.parallelism_context - INFO - Building device mesh with parallelism: pp=4, dp_replicate=1, dp_shard=1, cp=1, tp=1, ep=1
[rank3]:[titan] 2026-09-30 15:52:08,684 - torchtitan.distributed.parallelism_context - INFO - Building device mesh with parallelism: pp=4, dp_replicate=1, dp_shard=1, cp=1, tp=1, ep=1
[rank1]:[titan] 2026-09-30 15:52:08,684 - torchtitan.distributed.parallelism_context - INFO - Building device mesh with parallelism: pp=4, dp_replicate=1, dp_shard=1, cp=1, tp=1, ep=1
[rank2]:[titan] 2026-09-30 15:52:08,684 - torchtitan.distributed.parallelism_context - INFO - Building device mesh with parallelism: pp=4, dp_replicate=1, dp_shard=1, cp=1, tp=1, ep=1
[rank0]:[titan] 2026-09-30 15:52:09,150 - torchtitan.distributed.parallelism_context - INFO - Successfully created meshes with active axes: ['pp']
[rank0]:[titan] 2026-09-30 15:52:09,153 - torchtitan.observability.metrics - INFO - CUDA capacity: NVIDIA H100 80GB HBM3 with 79.21GiB memory
[rank0]:[titan] 2026-09-30 15:52:09,163 - torchtitan.config.configurable - WARNING - Config field value of type InterpolationMode may not be JSON serializable
[rank0]:[titan] 2026-09-30 15:52:09,164 - torchtitan.tools.utils - WARNING - Error running lspci: [Errno 2] No such file or directory: 'lspci', fallback to use device_name
[rank0]:[titan] 2026-09-30 15:52:09,165 - torchtitan.components.tokenizer - INFO - Loading tokenizer from tokenizer.json
[rank1]:[titan] 2026-09-30 15:52:09,151 - torchtitan.distributed.parallelism_context - INFO - Successfully created meshes with active axes: ['pp']
[rank1]:[titan] 2026-09-30 15:52:09,154 - torchtitan.observability.metrics - INFO - CUDA capacity: NVIDIA H100 80GB HBM3 with 79.21GiB memory
[rank1]:[titan] 2026-09-30 15:52:09,164 - torchtitan.config.configurable - WARNING - Config field value of type InterpolationMode may not be JSON serializable
[rank1]:[titan] 2026-09-30 15:52:09,165 - torchtitan.tools.utils - WARNING - Error running lspci: [Errno 2] No such file or directory: 'lspci', fallback to use device_name
[rank3]:[titan] 2026-09-30 15:52:09,147 - torchtitan.distributed.parallelism_context - INFO - Successfully created meshes with active axes: ['pp']
[rank1]:[titan] 2026-09-30 15:52:09,166 - torchtitan.components.tokenizer - INFO - Loading tokenizer from tokenizer.json
[rank3]:[titan] 2026-09-30 15:52:09,149 - torchtitan.observability.metrics - INFO - CUDA capacity: NVIDIA H100 80GB HBM3 with 79.21GiB memory
[rank3]:[titan] 2026-09-30 15:52:09,160 - torchtitan.config.configurable - WARNING - Config field value of type InterpolationMode may not be JSON serializable
[rank2]:[titan] 2026-09-30 15:52:09,149 - torchtitan.distributed.parallelism_context - INFO - Successfully created meshes with active axes: ['pp']
[rank3]:[titan] 2026-09-30 15:52:09,161 - torchtitan.tools.utils - WARNING - Error running lspci: [Errno 2] No such file or directory: 'lspci', fallback to use device_name
[rank3]:[titan] 2026-09-30 15:52:09,161 - torchtitan.components.tokenizer - INFO - Loading tokenizer from tokenizer.json
[rank2]:[titan] 2026-09-30 15:52:09,152 - torchtitan.observability.metrics - INFO - CUDA capacity: NVIDIA H100 80GB HBM3 with 79.21GiB memory
[rank2]:[titan] 2026-09-30 15:52:09,162 - torchtitan.config.configurable - WARNING - Config field value of type InterpolationMode may not be JSON serializable
[rank2]:[titan] 2026-09-30 15:52:09,163 - torchtitan.tools.utils - WARNING - Error running lspci: [Errno 2] No such file or directory: 'lspci', fallback to use device_name
[rank2]:[titan] 2026-09-30 15:52:09,164 - torchtitan.components.tokenizer - INFO - Loading tokenizer from tokenizer.json
[rank0]:[titan] 2026-09-30 15:52:09,344 - torchtitan.protocols.state_dict_adapter - WARNING - model.safetensors.index.json not found at hf_assets_path: ./tests/assets/tokenizer/model.safetensors.index.json.                     Defaulting to saving a single safetensors file if checkpoint is saved in HF format
[rank0]:[titan] 2026-09-30 15:52:09,349 - torchtitan.models.utils - INFO - Total parameter count: 12,059,226,240, active parameters: 8,885,570,688
[rank0]:[titan] 2026-09-30 15:52:09,398 - torchtitan.distributed.activation_checkpoint - INFO - Applied FullAC activation checkpointing to the model
[rank3]:[titan] 2026-09-30 15:52:09,505 - torchtitan.protocols.state_dict_adapter - WARNING - model.safetensors.index.json not found at hf_assets_path: ./tests/assets/tokenizer/model.safetensors.index.json.                     Defaulting to saving a single safetensors file if checkpoint is saved in HF format
[rank1]:[titan] 2026-09-30 15:52:09,508 - torchtitan.protocols.state_dict_adapter - WARNING - model.safetensors.index.json not found at hf_assets_path: ./tests/assets/tokenizer/model.safetensors.index.json.                     Defaulting to saving a single safetensors file if checkpoint is saved in HF format
[rank2]:[titan] 2026-09-30 15:52:09,551 - torchtitan.protocols.state_dict_adapter - WARNING - model.safetensors.index.json not found at hf_assets_path: ./tests/assets/tokenizer/model.safetensors.index.json.                     Defaulting to saving a single safetensors file if checkpoint is saved in HF format
[rank3]:[titan] 2026-09-30 15:52:09,511 - torchtitan.models.utils - INFO - Total parameter count: 12,059,226,240, active parameters: 8,885,570,688
[rank1]:[titan] 2026-09-30 15:52:09,514 - torchtitan.models.utils - INFO - Total parameter count: 12,059,226,240, active parameters: 8,885,570,688
[rank2]:[titan] 2026-09-30 15:52:09,556 - torchtitan.models.utils - INFO - Total parameter count: 12,059,226,240, active parameters: 8,885,570,688
[rank3]:[titan] 2026-09-30 15:52:09,562 - torchtitan.distributed.activation_checkpoint - INFO - Applied FullAC activation checkpointing to the model
[rank1]:[titan] 2026-09-30 15:52:09,558 - torchtitan.distributed.activation_checkpoint - INFO - Applied FullAC activation checkpointing to the model
[rank2]:[titan] 2026-09-30 15:52:09,602 - torchtitan.distributed.activation_checkpoint - INFO - Applied FullAC activation checkpointing to the model
[rank0]:[titan] 2026-09-30 15:52:09,625 - torchtitan.distributed.pipeline_parallel - INFO - PP rank 0 is building stage_idx 0 with modules ['vision_encoder', 'tok_embeddings', 'layers.0']
[rank0]:[titan] 2026-09-30 15:52:09,708 - torchtitan.distributed.pipeline_parallel - INFO - PP rank 0 is building stage_idx 4 with modules ['layers.6']
[rank0]:[titan] 2026-09-30 15:52:09,792 - torchtitan.distributed.pipeline_parallel - INFO - PP rank 0 is building stage_idx 8 with modules ['layers.10']
[rank1]:[titan] 2026-09-30 15:52:09,778 - torchtitan.distributed.pipeline_parallel - INFO - PP rank 1 is building stage_idx 1 with modules ['layers.1', 'layers.2']
[rank3]:[titan] 2026-09-30 15:52:09,782 - torchtitan.distributed.pipeline_parallel - INFO - PP rank 3 is building stage_idx 3 with modules ['layers.5']
[rank0]:[titan] 2026-09-30 15:52:09,875 - torchtitan.distributed.pipeline_parallel - INFO - PP rank 0 is building stage_idx 12 with modules ['layers.14']
[rank0]:[titan] 2026-09-30 15:52:09,893 - torchtitan.distributed.activation_checkpoint - INFO - Applied FullAC activation checkpointing to the model
[rank0]:[titan] 2026-09-30 15:52:09,894 - torchtitan.distributed.activation_checkpoint - INFO - Applied FullAC activation checkpointing to the model
[rank3]:[titan] 2026-09-30 15:52:09,868 - torchtitan.distributed.pipeline_parallel - INFO - PP rank 3 is building stage_idx 7 with modules ['layers.9']
[rank2]:[titan] 2026-09-30 15:52:09,818 - torchtitan.distributed.pipeline_parallel - INFO - PP rank 2 is building stage_idx 2 with modules ['layers.3', 'layers.4']
[rank2]:[titan] 2026-09-30 15:52:09,904 - torchtitan.distributed.pipeline_parallel - INFO - PP rank 2 is building stage_idx 6 with modules ['layers.8']
[rank1]:[titan] 2026-09-30 15:52:09,863 - torchtitan.distributed.pipeline_parallel - INFO - PP rank 1 is building stage_idx 5 with modules ['layers.7']
[rank0]:[titan] 2026-09-30 15:52:09,970 - torchtitan.distributed.fsdp - INFO - Applied FSDP to the model
[rank0]:[titan] 2026-09-30 15:52:09,972 - torchtitan.distributed.activation_checkpoint - INFO - Applied FullAC activation checkpointing to the model
[rank0]:[titan] 2026-09-30 15:52:09,988 - torchtitan.distributed.fsdp - INFO - Applied FSDP to the model
[rank0]:[titan] 2026-09-30 15:52:09,991 - torchtitan.distributed.activation_checkpoint - INFO - Applied FullAC activation checkpointing to the model
[rank0]:[titan] 2026-09-30 15:52:09,995 - torchtitan.distributed.fsdp - INFO - Applied FSDP to the model
[rank0]:[titan] 2026-09-30 15:52:09,998 - torchtitan.distributed.activation_checkpoint - INFO - Applied FullAC activation checkpointing to the model
[rank0]:[titan] 2026-09-30 15:52:10,002 - torchtitan.distributed.fsdp - INFO - Applied FSDP to the model
[rank0]:[titan] 2026-09-30 15:52:10,002 - torchtitan.distributed.pipeline_parallel - WARNING - Number of microbatches (8) is less than the total number of stages (16) which may result in a bubble in the pipeline.
[rank3]:[titan] 2026-09-30 15:52:09,954 - torchtitan.distributed.pipeline_parallel - INFO - PP rank 3 is building stage_idx 11 with modules ['layers.13']
[rank2]:[titan] 2026-09-30 15:52:09,989 - torchtitan.distributed.pipeline_parallel - INFO - PP rank 2 is building stage_idx 10 with modules ['layers.12']
[rank1]:[titan] 2026-09-30 15:52:09,947 - torchtitan.distributed.pipeline_parallel - INFO - PP rank 1 is building stage_idx 9 with modules ['layers.11']
[rank0]:[titan] 2026-09-30 15:52:10,004 - torchtitan.distributed.pipeline_parallel - INFO - Using pipeline schedule Interleaved1F1B with 8 microbatches and 16 stages.
[rank2]:[titan] 2026-09-30 15:52:10,076 - torchtitan.distributed.pipeline_parallel - INFO - PP rank 2 is building stage_idx 14 with modules ['layers.16']
[rank3]:[titan] 2026-09-30 15:52:10,040 - torchtitan.distributed.pipeline_parallel - INFO - PP rank 3 is building stage_idx 15 with modules ['norm', 'lm_head', 'output_res_proj', 'output_res_norm']
[rank1]:[titan] 2026-09-30 15:52:10,032 - torchtitan.distributed.pipeline_parallel - INFO - PP rank 1 is building stage_idx 13 with modules ['layers.15']
[rank3]:[titan] 2026-09-30 15:52:10,043 - torchtitan.distributed.activation_checkpoint - INFO - Applied FullAC activation checkpointing to the model
[rank2]:[titan] 2026-09-30 15:52:10,080 - torchtitan.distributed.activation_checkpoint - INFO - Applied FullAC activation checkpointing to the model
[rank1]:[titan] 2026-09-30 15:52:10,037 - torchtitan.distributed.activation_checkpoint - INFO - Applied FullAC activation checkpointing to the model
[rank3]:[titan] 2026-09-30 15:52:10,082 - torchtitan.distributed.fsdp - INFO - Applied FSDP to the model
[rank3]:[titan] 2026-09-30 15:52:10,085 - torchtitan.distributed.activation_checkpoint - INFO - Applied FullAC activation checkpointing to the model
[rank3]:[titan] 2026-09-30 15:52:10,089 - torchtitan.distributed.fsdp - INFO - Applied FSDP to the model
[rank3]:[titan] 2026-09-30 15:52:10,092 - torchtitan.distributed.activation_checkpoint - INFO - Applied FullAC activation checkpointing to the model
[rank1]:[titan] 2026-09-30 15:52:10,077 - torchtitan.distributed.fsdp - INFO - Applied FSDP to the model
[rank3]:[titan] 2026-09-30 15:52:10,096 - torchtitan.distributed.fsdp - INFO - Applied FSDP to the model
[rank1]:[titan] 2026-09-30 15:52:10,080 - torchtitan.distributed.activation_checkpoint - INFO - Applied FullAC activation checkpointing to the model
[rank3]:[titan] 2026-09-30 15:52:10,097 - torchtitan.distributed.activation_checkpoint - INFO - Applied FullAC activation checkpointing to the model
[rank1]:[titan] 2026-09-30 15:52:10,089 - torchtitan.distributed.fsdp - INFO - Applied FSDP to the model
[rank3]:[titan] 2026-09-30 15:52:10,100 - torchtitan.distributed.fsdp - INFO - Applied FSDP to the model
[rank1]:[titan] 2026-09-30 15:52:10,091 - torchtitan.distributed.activation_checkpoint - INFO - Applied FullAC activation checkpointing to the model
[rank3]:[titan] 2026-09-30 15:52:10,100 - torchtitan.distributed.pipeline_parallel - WARNING - Number of microbatches (8) is less than the total number of stages (16) which may result in a bubble in the pipeline.
[rank1]:[titan] 2026-09-30 15:52:10,094 - torchtitan.distributed.fsdp - INFO - Applied FSDP to the model
[rank3]:[titan] 2026-09-30 15:52:10,102 - torchtitan.distributed.pipeline_parallel - INFO - Using pipeline schedule Interleaved1F1B with 8 microbatches and 16 stages.
[rank1]:[titan] 2026-09-30 15:52:10,096 - torchtitan.distributed.activation_checkpoint - INFO - Applied FullAC activation checkpointing to the model
[rank1]:[titan] 2026-09-30 15:52:10,100 - torchtitan.distributed.fsdp - INFO - Applied FSDP to the model
[rank1]:[titan] 2026-09-30 15:52:10,100 - torchtitan.distributed.pipeline_parallel - WARNING - Number of microbatches (8) is less than the total number of stages (16) which may result in a bubble in the pipeline.
[rank1]:[titan] 2026-09-30 15:52:10,102 - torchtitan.distributed.pipeline_parallel - INFO - Using pipeline schedule Interleaved1F1B with 8 microbatches and 16 stages.
[rank2]:[titan] 2026-09-30 15:52:10,127 - torchtitan.distributed.fsdp - INFO - Applied FSDP to the model
[rank2]:[titan] 2026-09-30 15:52:10,130 - torchtitan.distributed.activation_checkpoint - INFO - Applied FullAC activation checkpointing to the model
[rank2]:[titan] 2026-09-30 15:52:10,134 - torchtitan.distributed.fsdp - INFO - Applied FSDP to the model
[rank2]:[titan] 2026-09-30 15:52:10,136 - torchtitan.distributed.activation_checkpoint - INFO - Applied FullAC activation checkpointing to the model
[rank2]:[titan] 2026-09-30 15:52:10,140 - torchtitan.distributed.fsdp - INFO - Applied FSDP to the model
[rank2]:[titan] 2026-09-30 15:52:10,143 - torchtitan.distributed.activation_checkpoint - INFO - Applied FullAC activation checkpointing to the model
[rank2]:[titan] 2026-09-30 15:52:10,146 - torchtitan.distributed.fsdp - INFO - Applied FSDP to the model
[rank2]:[titan] 2026-09-30 15:52:10,146 - torchtitan.distributed.pipeline_parallel - WARNING - Number of microbatches (8) is less than the total number of stages (16) which may result in a bubble in the pipeline.
[rank2]:[titan] 2026-09-30 15:52:10,148 - torchtitan.distributed.pipeline_parallel - INFO - Using pipeline schedule Interleaved1F1B with 8 microbatches and 16 stages.
[rank1]:[titan] 2026-09-30 15:52:10,954 - torchtitan.models.kimi_k3.pipeline_parallel - INFO - Kimi K3 pipeline: 4 stage(s) on this rank [1, 5, 9, 13], block transport delta with rank store, vision encodes decoupled
[rank2]:[titan] 2026-09-30 15:52:11,149 - torchtitan.models.kimi_k3.pipeline_parallel - INFO - Kimi K3 pipeline: 4 stage(s) on this rank [2, 6, 10, 14], block transport delta with rank store, vision encodes decoupled
[rank0]:[titan] 2026-09-30 15:52:11,317 - torchtitan.models.kimi_k3.pipeline_parallel - INFO - Kimi K3 pipeline: 4 stage(s) on this rank [0, 4, 8, 12], block transport delta with rank store, vision encodes decoupled
[rank3]:[titan] 2026-09-30 15:52:11,318 - torchtitan.models.kimi_k3.pipeline_parallel - INFO - Kimi K3 pipeline: 4 stage(s) on this rank [3, 7, 11, 15], block transport delta with rank store, vision encodes decoupled
[rank1]:[rank1]:W0930 15:52:11.412000 212967 torch/distributed/tensor/_random.py:215] DTensor is synchronizing RNG states of every rank with the state from rank 0. This behavior is deprecated. Please call `torch.manual_seed()` on every rank that participates in SPMD DTensor Operations with the same seed. If using Pipeline Parallelism, each pipeline state would use a different seed, but all ranks belonging to one pipeline stage would use the same seed.
[rank3]:[rank3]:W0930 15:52:11.412000 212969 torch/distributed/tensor/_random.py:215] DTensor is synchronizing RNG states of every rank with the state from rank 0. This behavior is deprecated. Please call `torch.manual_seed()` on every rank that participates in SPMD DTensor Operations with the same seed. If using Pipeline Parallelism, each pipeline state would use a different seed, but all ranks belonging to one pipeline stage would use the same seed.
[rank2]:[rank2]:W0930 15:52:11.412000 212968 torch/distributed/tensor/_random.py:215] DTensor is synchronizing RNG states of every rank with the state from rank 0. This behavior is deprecated. Please call `torch.manual_seed()` on every rank that participates in SPMD DTensor Operations with the same seed. If using Pipeline Parallelism, each pipeline state would use a different seed, but all ranks belonging to one pipeline stage would use the same seed.
[rank1]:[titan] 2026-09-30 15:52:11,654 - torchtitan.training_engine - INFO - Model KimiK3Model.Config size: 12,059,226,240 total parameters
[rank2]:[titan] 2026-09-30 15:52:11,643 - torchtitan.training_engine - INFO - Model KimiK3Model.Config size: 12,059,226,240 total parameters
[rank1]:[titan] 2026-09-30 15:52:11,655 - torchtitan.components.optimizer.optimizer - INFO - Optimizer AdamW (model_part=0): 56 params [.*] {'lr': 0.0008, 'betas': (0.9, 0.95), 'eps': 1e-08, 'weight_decay': 0.1, 'foreach': None, 'fused': True}
[rank3]:[titan] 2026-09-30 15:52:11,621 - torchtitan.training_engine - INFO - Model KimiK3Model.Config size: 12,059,226,240 total parameters
[rank2]:[titan] 2026-09-30 15:52:11,644 - torchtitan.components.optimizer.optimizer - INFO - Optimizer AdamW (model_part=0): 50 params [.*] {'lr': 0.0008, 'betas': (0.9, 0.95), 'eps': 1e-08, 'weight_decay': 0.1, 'foreach': None, 'fused': True}
[rank1]:[titan] 2026-09-30 15:52:11,655 - torchtitan.components.optimizer.optimizer - INFO - Optimizer AdamW (model_part=1): 22 params [.*] {'lr': 0.0008, 'betas': (0.9, 0.95), 'eps': 1e-08, 'weight_decay': 0.1, 'foreach': None, 'fused': True}
[rank3]:[titan] 2026-09-30 15:52:11,623 - torchtitan.components.optimizer.optimizer - INFO - Optimizer AdamW (model_part=0): 28 params [.*] {'lr': 0.0008, 'betas': (0.9, 0.95), 'eps': 1e-08, 'weight_decay': 0.1, 'foreach': None, 'fused': True}
[rank2]:[titan] 2026-09-30 15:52:11,644 - torchtitan.components.optimizer.optimizer - INFO - Optimizer AdamW (model_part=1): 28 params [.*] {'lr': 0.0008, 'betas': (0.9, 0.95), 'eps': 1e-08, 'weight_decay': 0.1, 'foreach': None, 'fused': True}
[rank1]:[titan] 2026-09-30 15:52:11,656 - torchtitan.components.optimizer.optimizer - INFO - Optimizer AdamW (model_part=2): 22 params [.*] {'lr': 0.0008, 'betas': (0.9, 0.95), 'eps': 1e-08, 'weight_decay': 0.1, 'foreach': None, 'fused': True}
[rank3]:[titan] 2026-09-30 15:52:11,623 - torchtitan.components.optimizer.optimizer - INFO - Optimizer AdamW (model_part=1): 28 params [.*] {'lr': 0.0008, 'betas': (0.9, 0.95), 'eps': 1e-08, 'weight_decay': 0.1, 'foreach': None, 'fused': True}
[rank2]:[titan] 2026-09-30 15:52:11,644 - torchtitan.components.optimizer.optimizer - INFO - Optimizer AdamW (model_part=2): 28 params [.*] {'lr': 0.0008, 'betas': (0.9, 0.95), 'eps': 1e-08, 'weight_decay': 0.1, 'foreach': None, 'fused': True}
[rank1]:[titan] 2026-09-30 15:52:11,656 - torchtitan.components.optimizer.optimizer - INFO - Optimizer AdamW (model_part=3): 22 params [.*] {'lr': 0.0008, 'betas': (0.9, 0.95), 'eps': 1e-08, 'weight_decay': 0.1, 'foreach': None, 'fused': True}
[rank3]:[titan] 2026-09-30 15:52:11,623 - torchtitan.components.optimizer.optimizer - INFO - Optimizer AdamW (model_part=2): 28 params [.*] {'lr': 0.0008, 'betas': (0.9, 0.95), 'eps': 1e-08, 'weight_decay': 0.1, 'foreach': None, 'fused': True}
[rank2]:[titan] 2026-09-30 15:52:11,645 - torchtitan.components.optimizer.optimizer - INFO - Optimizer AdamW (model_part=3): 22 params [.*] {'lr': 0.0008, 'betas': (0.9, 0.95), 'eps': 1e-08, 'weight_decay': 0.1, 'foreach': None, 'fused': True}
[rank1]:[titan] 2026-09-30 15:52:11,657 - torchtitan.observability.metrics - WARNING - [31mPipeline Parallel loss is not visible. Please add [33mrank 3[31m to LOG_RANK environment variable in run_train.sh.[39m
[rank3]:[titan] 2026-09-30 15:52:11,623 - torchtitan.components.optimizer.optimizer - INFO - Optimizer AdamW (model_part=3): 4 params [.*] {'lr': 0.0008, 'betas': (0.9, 0.95), 'eps': 1e-08, 'weight_decay': 0.1, 'foreach': None, 'fused': True}
[rank2]:[titan] 2026-09-30 15:52:11,646 - torchtitan.observability.metrics - WARNING - [31mPipeline Parallel loss is not visible. Please add [33mrank 3[31m to LOG_RANK environment variable in run_train.sh.[39m
[rank1]:[titan] 2026-09-30 15:52:11,657 - torchtitan.trainer - INFO - Peak FLOPS used for computing MFU: 9.890e+14
[rank3]:[titan] 2026-09-30 15:52:11,624 - torchtitan.observability.metrics - WARNING - [31mPipeline Parallel loss is not visible. Please add [33mrank 3[31m to LOG_RANK environment variable in run_train.sh.[39m
[rank2]:[titan] 2026-09-30 15:52:11,646 - torchtitan.trainer - INFO - Peak FLOPS used for computing MFU: 9.890e+14
[rank1]:[titan] 2026-09-30 15:52:11,657 - torchtitan.trainer - INFO - CUDA memory usage for model: 6.82GiB(8.61%)
[rank3]:[titan] 2026-09-30 15:52:11,624 - torchtitan.trainer - INFO - Peak FLOPS used for computing MFU: 9.890e+14
[rank2]:[titan] 2026-09-30 15:52:11,646 - torchtitan.trainer - INFO - CUDA memory usage for model: 7.25GiB(9.16%)
[rank1]:[titan] 2026-09-30 15:52:11,657 - torchtitan.trainer - INFO - Trainer is initialized with 32768 tokens per DP rank, 32768 tokens per train step, gradient accumulation steps 1, maximum context length 4096, total steps 20 (warmup 2)
[rank3]:[titan] 2026-09-30 15:52:11,624 - torchtitan.trainer - INFO - CUDA memory usage for model: 5.28GiB(6.66%)
[rank2]:[titan] 2026-09-30 15:52:11,646 - torchtitan.trainer - INFO - Trainer is initialized with 32768 tokens per DP rank, 32768 tokens per train step, gradient accumulation steps 1, maximum context length 4096, total steps 20 (warmup 2)
[rank1]:[titan] 2026-09-30 15:52:11,657 - torchtitan.trainer - INFO - Training starts at step 1
[rank3]:[titan] 2026-09-30 15:52:11,624 - torchtitan.trainer - INFO - Trainer is initialized with 32768 tokens per DP rank, 32768 tokens per train step, gradient accumulation steps 1, maximum context length 4096, total steps 20 (warmup 2)
[rank2]:[titan] 2026-09-30 15:52:11,646 - torchtitan.trainer - INFO - Training starts at step 1
[rank3]:[titan] 2026-09-30 15:52:11,625 - torchtitan.trainer - INFO - Training starts at step 1
[rank0]:[titan] 2026-09-30 15:52:11,746 - torchtitan.training_engine - INFO - Model KimiK3Model.Config size: 12,059,226,240 total parameters
[rank0]:[titan] 2026-09-30 15:52:11,748 - torchtitan.components.optimizer.optimizer - INFO - Optimizer AdamW (model_part=0): 243 params [.*] {'lr': 0.0008, 'betas': (0.9, 0.95), 'eps': 1e-08, 'weight_decay': 0.1, 'foreach': None, 'fused': True}
[rank0]:[titan] 2026-09-30 15:52:11,749 - torchtitan.components.optimizer.optimizer - INFO - Optimizer AdamW (model_part=1): 28 params [.*] {'lr': 0.0008, 'betas': (0.9, 0.95), 'eps': 1e-08, 'weight_decay': 0.1, 'foreach': None, 'fused': True}
[rank0]:[titan] 2026-09-30 15:52:11,749 - torchtitan.components.optimizer.optimizer - INFO - Optimizer AdamW (model_part=2): 28 params [.*] {'lr': 0.0008, 'betas': (0.9, 0.95), 'eps': 1e-08, 'weight_decay': 0.1, 'foreach': None, 'fused': True}
[rank0]:[titan] 2026-09-30 15:52:11,749 - torchtitan.components.optimizer.optimizer - INFO - Optimizer AdamW (model_part=3): 28 params [.*] {'lr': 0.0008, 'betas': (0.9, 0.95), 'eps': 1e-08, 'weight_decay': 0.1, 'foreach': None, 'fused': True}
[rank0]:[titan] 2026-09-30 15:52:11,751 - torchtitan.observability.metrics - WARNING - [31mPipeline Parallel loss is not visible. Please add [33mrank 3[31m to LOG_RANK environment variable in run_train.sh.[39m
[rank0]:[titan] 2026-09-30 15:52:11,751 - torchtitan.trainer - INFO - Peak FLOPS used for computing MFU: 9.890e+14
[rank0]:[titan] 2026-09-30 15:52:11,751 - torchtitan.trainer - INFO - CUDA memory usage for model: 7.27GiB(9.18%)
[rank0]:[titan] 2026-09-30 15:52:11,751 - torchtitan.trainer - INFO - Trainer is initialized with 32768 tokens per DP rank, 32768 tokens per train step, gradient accumulation steps 1, maximum context length 4096, total steps 20 (warmup 2)
[rank0]:[titan] 2026-09-30 15:52:11,751 - torchtitan.trainer - INFO - Training starts at step 1
[rank2]:[titan] 2026-09-30 15:52:46,501 - torchtitan.models.kimi_k3.pipeline_parallel.vision_dep - INFO - vision_dep: 7 micro-batch(es) with images; encodes 7 before the schedule, 0 in idle slots; backwards 0 in idle slots, 7 after it
[rank1]:[titan] 2026-09-30 15:52:46,501 - torchtitan.models.kimi_k3.pipeline_parallel.vision_dep - INFO - vision_dep: 7 micro-batch(es) with images; encodes 7 before the schedule, 0 in idle slots; backwards 0 in idle slots, 7 after it
[rank3]:[titan] 2026-09-30 15:52:46,502 - torchtitan.models.kimi_k3.pipeline_parallel.vision_dep - INFO - vision_dep: 7 micro-batch(es) with images; encodes 7 before the schedule, 0 in idle slots; backwards 0 in idle slots, 7 after it
[rank0]:[titan] 2026-09-30 15:52:46,501 - torchtitan.models.kimi_k3.pipeline_parallel.vision_dep - INFO - vision_dep: 7 micro-batch(es) with images; encodes 7 before the schedule, 0 in idle slots; backwards 0 in idle slots, 7 after it
[rank1]:/root/mep/venv_src/lib/python3.12/site-packages/torch/distributed/fsdp/_fully_shard/_fsdp_state.py:336: UserWarning: FSDP2-wrapped module (FSDPCheckpointWrapper) returned a view tensor. An in-place op on this view (e.g., `x += y`) will silently drop the pre-backward hook and skip the all-gather, which can cause backward to fail or produce wrong gradients. Use out-of-place ops (`out = out + y`, not `out += y`) or `.clone()` the output before any in-place op.
[rank1]:  output = self._register_pre_backward_hook(output)
[rank1]:/root/mep/venv_src/lib/python3.12/site-packages/torch/distributed/fsdp/_fully_shard/_fsdp_state.py:336: UserWarning: FSDP2-wrapped module (FSDPKimiK3Model) returned a view tensor. An in-place op on this view (e.g., `x += y`) will silently drop the pre-backward hook and skip the all-gather, which can cause backward to fail or produce wrong gradients. Use out-of-place ops (`out = out + y`, not `out += y`) or `.clone()` the output before any in-place op.
[rank1]:  output = self._register_pre_backward_hook(output)
[rank2]:/root/mep/venv_src/lib/python3.12/site-packages/torch/distributed/fsdp/_fully_shard/_fsdp_state.py:336: UserWarning: FSDP2-wrapped module (FSDPCheckpointWrapper) returned a view tensor. An in-place op on this view (e.g., `x += y`) will silently drop the pre-backward hook and skip the all-gather, which can cause backward to fail or produce wrong gradients. Use out-of-place ops (`out = out + y`, not `out += y`) or `.clone()` the output before any in-place op.
[rank2]:  output = self._register_pre_backward_hook(output)
[rank3]:/root/mep/venv_src/lib/python3.12/site-packages/torch/distributed/fsdp/_fully_shard/_fsdp_state.py:336: UserWarning: FSDP2-wrapped module (FSDPCheckpointWrapper) returned a view tensor. An in-place op on this view (e.g., `x += y`) will silently drop the pre-backward hook and skip the all-gather, which can cause backward to fail or produce wrong gradients. Use out-of-place ops (`out = out + y`, not `out += y`) or `.clone()` the output before any in-place op.
[rank3]:  output = self._register_pre_backward_hook(output)
[rank3]:/root/mep/venv_src/lib/python3.12/site-packages/torch/distributed/fsdp/_fully_shard/_fsdp_state.py:336: UserWarning: FSDP2-wrapped module (FSDPKimiK3Model) returned a view tensor. An in-place op on this view (e.g., `x += y`) will silently drop the pre-backward hook and skip the all-gather, which can cause backward to fail or produce wrong gradients. Use out-of-place ops (`out = out + y`, not `out += y`) or `.clone()` the output before any in-place op.
[rank3]:  output = self._register_pre_backward_hook(output)
[rank0]:/root/mep/venv_src/lib/python3.12/site-packages/torch/distributed/fsdp/_fully_shard/_fsdp_state.py:336: UserWarning: FSDP2-wrapped module (FSDPCheckpointWrapper) returned a view tensor. An in-place op on this view (e.g., `x += y`) will silently drop the pre-backward hook and skip the all-gather, which can cause backward to fail or produce wrong gradients. Use out-of-place ops (`out = out + y`, not `out += y`) or `.clone()` the output before any in-place op.
[rank0]:  output = self._register_pre_backward_hook(output)
[rank0]:/root/mep/venv_src/lib/python3.12/site-packages/torch/distributed/fsdp/_fully_shard/_fsdp_state.py:336: UserWarning: FSDP2-wrapped module (FSDPKimiK3Model) returned a view tensor. An in-place op on this view (e.g., `x += y`) will silently drop the pre-backward hook and skip the all-gather, which can cause backward to fail or produce wrong gradients. Use out-of-place ops (`out = out + y`, not `out += y`) or `.clone()` the output before any in-place op.
[rank0]:  output = self._register_pre_backward_hook(output)
[rank1]:/root/mep/venv_src/lib/python3.12/site-packages/torch/distributed/fsdp/_fully_shard/_fsdp_state.py:336: UserWarning: FSDP2-wrapped module (FSDPCheckpointWrapper) returned a view tensor. An in-place op on this view (e.g., `x += y`) will silently drop the pre-backward hook and skip the all-gather, which can cause backward to fail or produce wrong gradients. Use out-of-place ops (`out = out + y`, not `out += y`) or `.clone()` the output before any in-place op.
[rank1]:  output = self._register_pre_backward_hook(output)
[rank1]:/root/mep/venv_src/lib/python3.12/site-packages/torch/distributed/fsdp/_fully_shard/_fsdp_state.py:336: UserWarning: FSDP2-wrapped module (FSDPKimiK3Model) returned a view tensor. An in-place op on this view (e.g., `x += y`) will silently drop the pre-backward hook and skip the all-gather, which can cause backward to fail or produce wrong gradients. Use out-of-place ops (`out = out + y`, not `out += y`) or `.clone()` the output before any in-place op.
[rank1]:  output = self._register_pre_backward_hook(output)
[rank1]:[titan] 2026-09-30 15:53:04,440 - torchtitan.observability.metrics - INFO - [31mstep:  1  [32mloss: -1.00000  [38;2;180;60;0mgrad_norm: 53.7500  [38;2;54;234;195mmemory: 55.30GiB(69.82%)  [34mtps: 148  [36mtflops: 8.23  [35mmfu: 0.83%[39m
[rank2]:[titan] 2026-09-30 15:53:04,453 - torchtitan.observability.metrics - INFO - [31mstep:  1  [32mloss: -1.00000  [38;2;180;60;0mgrad_norm: 53.7500  [38;2;54;234;195mmemory: 63.82GiB(80.57%)  [34mtps: 148  [36mtflops: 8.23  [35mmfu: 0.83%[39m
[rank1]:[titan] 2026-09-30 15:53:04,448 - torchtitan.distributed.utils - INFO - Synchronizing and adjusting timeout for all ProcessGroups to 0:01:40
[rank3]:[titan] 2026-09-30 15:53:04,397 - torchtitan.observability.metrics - INFO - [31mstep:  1  [32mloss:  8.01289  [38;2;180;60;0mgrad_norm: 53.7500  [38;2;54;234;195mmemory: 55.21GiB(69.70%)  [34mtps: 148  [36mtflops: 8.24  [35mmfu: 0.83%[39m
[rank3]:[titan] 2026-09-30 15:53:04,405 - torchtitan.distributed.utils - INFO - Synchronizing and adjusting timeout for all ProcessGroups to 0:01:40
[rank2]:[titan] 2026-09-30 15:53:04,461 - torchtitan.distributed.utils - INFO - Synchronizing and adjusting timeout for all ProcessGroups to 0:01:40
[rank0]:[titan] 2026-09-30 15:53:04,761 - torchtitan.observability.metrics - INFO - [31mstep:  1  [32mloss: -1.00000  [38;2;180;60;0mgrad_norm: 53.7500  [38;2;54;234;195mmemory: 61.89GiB(78.13%)  [34mtps: 147  [36mtflops: 8.18  [35mmfu: 0.83%[39m
[rank0]:[titan] 2026-09-30 15:53:04,762 - torchtitan.distributed.utils - INFO - Synchronizing and adjusting timeout for all ProcessGroups to 0:01:40
[rank1]:/root/mep/venv_src/lib/python3.12/site-packages/torch/distributed/fsdp/_fully_shard/_fsdp_state.py:336: UserWarning: FSDP2-wrapped module (FSDPCheckpointWrapper) returned a view tensor. An in-place op on this view (e.g., `x += y`) will silently drop the pre-backward hook and skip the all-gather, which can cause backward to fail or produce wrong gradients. Use out-of-place ops (`out = out + y`, not `out += y`) or `.clone()` the output before any in-place op.
[rank1]:  output = self._register_pre_backward_hook(output)
[rank1]:/root/mep/venv_src/lib/python3.12/site-packages/torch/distributed/fsdp/_fully_shard/_fsdp_state.py:336: UserWarning: FSDP2-wrapped module (FSDPKimiK3Model) returned a view tensor. An in-place op on this view (e.g., `x += y`) will silently drop the pre-backward hook and skip the all-gather, which can cause backward to fail or produce wrong gradients. Use out-of-place ops (`out = out + y`, not `out += y`) or `.clone()` the output before any in-place op.
[rank1]:  output = self._register_pre_backward_hook(output)
[rank2]:/root/mep/venv_src/lib/python3.12/site-packages/torch/distributed/fsdp/_fully_shard/_fsdp_state.py:336: UserWarning: FSDP2-wrapped module (FSDPCheckpointWrapper) returned a view tensor. An in-place op on this view (e.g., `x += y`) will silently drop the pre-backward hook and skip the all-gather, which can cause backward to fail or produce wrong gradients. Use out-of-place ops (`out = out + y`, not `out += y`) or `.clone()` the output before any in-place op.
[rank2]:  output = self._register_pre_backward_hook(output)
[rank3]:/root/mep/venv_src/lib/python3.12/site-packages/torch/distributed/fsdp/_fully_shard/_fsdp_state.py:336: UserWarning: FSDP2-wrapped module (FSDPCheckpointWrapper) returned a view tensor. An in-place op on this view (e.g., `x += y`) will silently drop the pre-backward hook and skip the all-gather, which can cause backward to fail or produce wrong gradients. Use out-of-place ops (`out = out + y`, not `out += y`) or `.clone()` the output before any in-place op.
[rank3]:  output = self._register_pre_backward_hook(output)
[rank3]:/root/mep/venv_src/lib/python3.12/site-packages/torch/distributed/fsdp/_fully_shard/_fsdp_state.py:336: UserWarning: FSDP2-wrapped module (FSDPKimiK3Model) returned a view tensor. An in-place op on this view (e.g., `x += y`) will silently drop the pre-backward hook and skip the all-gather, which can cause backward to fail or produce wrong gradients. Use out-of-place ops (`out = out + y`, not `out += y`) or `.clone()` the output before any in-place op.
[rank3]:  output = self._register_pre_backward_hook(output)
[rank0]:[rank0]:[W930 15:53:08.937597559 CUDACachingAllocator.cpp:623] expandable_segments: memory mapping failed with OOM on device 0 while trying to map 20971520 bytes (free: 2162688, total: 85049802752).
[rank0]:[rank0]:[W930 15:53:09.910362932 CUDACachingAllocator.cpp:623] expandable_segments: memory mapping failed with OOM on device 0 while trying to map 20971520 bytes (free: 2162688, total: 85049802752).
[rank2]:[titan] 2026-09-30 15:53:11,849 - torchtitan.observability.metrics - INFO - [31mstep:  2  [32mloss: -1.00000  [38;2;180;60;0mgrad_norm: 75.0000  [38;2;54;234;195mmemory: 71.46GiB(90.22%)  [34mtps: 1,108  [36mtflops: 61.52  [35mmfu: 6.22%[39m
[rank1]:[titan] 2026-09-30 15:53:11,847 - torchtitan.observability.metrics - INFO - [31mstep:  2  [32mloss: -1.00000  [38;2;180;60;0mgrad_norm: 75.0000  [38;2;54;234;195mmemory: 64.51GiB(81.44%)  [34mtps: 1,106  [36mtflops: 61.43  [35mmfu: 6.21%[39m
[rank3]:[titan] 2026-09-30 15:53:11,842 - torchtitan.observability.metrics - INFO - [31mstep:  2  [32mloss:  6.54710  [38;2;180;60;0mgrad_norm: 75.0000  [38;2;54;234;195mmemory: 59.10GiB(74.61%)  [34mtps: 1,100  [36mtflops: 61.11  [35mmfu: 6.18%[39m
[rank0]:[titan] 2026-09-30 15:53:11,849 - torchtitan.observability.metrics - WARNING - 2 CUDA memory allocation retries.
[rank0]:[titan] 2026-09-30 15:53:11,849 - torchtitan.observability.metrics - INFO - [31mstep:  2  [32mloss: -1.00000  [38;2;180;60;0mgrad_norm: 75.0000  [38;2;54;234;195mmemory: 72.19GiB(91.14%)  [34mtps: 1,156  [36mtflops: 64.20  [35mmfu: 6.49%[39m
[rank1]:/root/mep/venv_src/lib/python3.12/site-packages/torch/distributed/fsdp/_fully_shard/_fsdp_state.py:336: UserWarning: FSDP2-wrapped module (FSDPCheckpointWrapper) returned a view tensor. An in-place op on this view (e.g., `x += y`) will silently drop the pre-backward hook and skip the all-gather, which can cause backward to fail or produce wrong gradients. Use out-of-place ops (`out = out + y`, not `out += y`) or `.clone()` the output before any in-place op.
[rank1]:  output = self._register_pre_backward_hook(output)
[rank1]:/root/mep/venv_src/lib/python3.12/site-packages/torch/distributed/fsdp/_fully_shard/_fsdp_state.py:336: UserWarning: FSDP2-wrapped module (FSDPKimiK3Model) returned a view tensor. An in-place op on this view (e.g., `x += y`) will silently drop the pre-backward hook and skip the all-gather, which can cause backward to fail or produce wrong gradients. Use out-of-place ops (`out = out + y`, not `out += y`) or `.clone()` the output before any in-place op.
[rank1]:  output = self._register_pre_backward_hook(output)
[rank2]:/root/mep/venv_src/lib/python3.12/site-packages/torch/distributed/fsdp/_fully_shard/_fsdp_state.py:336: UserWarning: FSDP2-wrapped module (FSDPCheckpointWrapper) returned a view tensor. An in-place op on this view (e.g., `x += y`) will silently drop the pre-backward hook and skip the all-gather, which can cause backward to fail or produce wrong gradients. Use out-of-place ops (`out = out + y`, not `out += y`) or `.clone()` the output before any in-place op.
[rank2]:  output = self._register_pre_backward_hook(output)
[rank2]:[titan] 2026-09-30 15:53:16,982 - torchtitan.observability.metrics - INFO - [31mstep:  3  [32mloss: -1.00000  [38;2;180;60;0mgrad_norm: 34.7500  [38;2;54;234;195mmemory: 71.46GiB(90.22%)  [34mtps: 1,596  [36mtflops: 88.64  [35mmfu: 8.96%[39m
[rank3]:[titan] 2026-09-30 15:53:16,975 - torchtitan.observability.metrics - INFO - [31mstep:  3  [32mloss:  6.68338  [38;2;180;60;0mgrad_norm: 34.7500  [38;2;54;234;195mmemory: 59.20GiB(74.73%)  [34mtps: 1,596  [36mtflops: 88.64  [35mmfu: 8.96%[39m
[rank1]:[titan] 2026-09-30 15:53:16,981 - torchtitan.observability.metrics - INFO - [31mstep:  3  [32mloss: -1.00000  [38;2;180;60;0mgrad_norm: 34.7500  [38;2;54;234;195mmemory: 64.56GiB(81.51%)  [34mtps: 1,596  [36mtflops: 88.64  [35mmfu: 8.96%[39m
[rank0]:[titan] 2026-09-30 15:53:16,982 - torchtitan.observability.metrics - WARNING - 2 CUDA memory allocation retries.
[rank0]:[titan] 2026-09-30 15:53:16,982 - torchtitan.observability.metrics - INFO - [31mstep:  3  [32mloss: -1.00000  [38;2;180;60;0mgrad_norm: 34.7500  [38;2;54;234;195mmemory: 69.76GiB(88.08%)  [34mtps: 1,596  [36mtflops: 88.64  [35mmfu: 8.96%[39m
[rank3]:[titan] 2026-09-30 15:53:20,734 - torchtitan.observability.metrics - INFO - [31mstep:  4  [32mloss:  9.41012  [38;2;180;60;0mgrad_norm: 52.5000  [38;2;54;234;195mmemory: 59.20GiB(74.73%)  [34mtps: 2,180  [36mtflops: 121.05  [35mmfu: 12.24%[39m
[rank2]:[titan] 2026-09-30 15:53:20,741 - torchtitan.observability.metrics - INFO - [31mstep:  4  [32mloss: -1.00000  [38;2;180;60;0mgrad_norm: 52.5000  [38;2;54;234;195mmemory: 71.46GiB(90.22%)  [34mtps: 2,180  [36mtflops: 121.05  [35mmfu: 12.24%[39m
[rank1]:[titan] 2026-09-30 15:53:20,740 - torchtitan.observability.metrics - INFO - [31mstep:  4  [32mloss: -1.00000  [38;2;180;60;0mgrad_norm: 52.5000  [38;2;54;234;195mmemory: 64.56GiB(81.51%)  [34mtps: 2,180  [36mtflops: 121.05  [35mmfu: 12.24%[39m
[rank0]:[titan] 2026-09-30 15:53:20,741 - torchtitan.observability.metrics - WARNING - 2 CUDA memory allocation retries.
[rank0]:[titan] 2026-09-30 15:53:20,741 - torchtitan.observability.metrics - INFO - [31mstep:  4  [32mloss: -1.00000  [38;2;180;60;0mgrad_norm: 52.5000  [38;2;54;234;195mmemory: 69.76GiB(88.08%)  [34mtps: 2,179  [36mtflops: 121.05  [35mmfu: 12.24%[39m
[rank0]:[titan] 2026-09-30 15:53:24,120 - torchtitan.observability.metrics - WARNING - 2 CUDA memory allocation retries.
[rank0]:[titan] 2026-09-30 15:53:24,121 - torchtitan.observability.metrics - INFO - [31mstep:  5  [32mloss: -1.00000  [38;2;180;60;0mgrad_norm: 177.0000  [38;2;54;234;195mmemory: 69.76GiB(88.08%)  [34mtps: 2,424  [36mtflops: 134.64  [35mmfu: 13.61%[39m
[rank1]:[titan] 2026-09-30 15:53:24,119 - torchtitan.observability.metrics - INFO - [31mstep:  5  [32mloss: -1.00000  [38;2;180;60;0mgrad_norm: 177.0000  [38;2;54;234;195mmemory: 64.68GiB(81.66%)  [34mtps: 2,424  [36mtflops: 134.65  [35mmfu: 13.61%[39m
[rank3]:[titan] 2026-09-30 15:53:24,114 - torchtitan.observability.metrics - INFO - [31mstep:  5  [32mloss: 11.62418  [38;2;180;60;0mgrad_norm: 177.0000  [38;2;54;234;195mmemory: 59.20GiB(74.73%)  [34mtps: 2,424  [36mtflops: 134.63  [35mmfu: 13.61%[39m
[rank2]:[titan] 2026-09-30 15:53:24,121 - torchtitan.observability.metrics - INFO - [31mstep:  5  [32mloss: -1.00000  [38;2;180;60;0mgrad_norm: 177.0000  [38;2;54;234;195mmemory: 71.46GiB(90.22%)  [34mtps: 2,424  [36mtflops: 134.64  [35mmfu: 13.61%[39m
[rank0]:[titan] 2026-09-30 15:53:27,837 - torchtitan.observability.metrics - WARNING - 2 CUDA memory allocation retries.
[rank0]:[titan] 2026-09-30 15:53:27,837 - torchtitan.observability.metrics - INFO - [31mstep:  6  [32mloss: -1.00000  [38;2;180;60;0mgrad_norm: 47.0000  [38;2;54;234;195mmemory: 69.76GiB(88.08%)  [34mtps: 2,204  [36mtflops: 122.43  [35mmfu: 12.38%[39m
[rank1]:[titan] 2026-09-30 15:53:27,836 - torchtitan.observability.metrics - INFO - [31mstep:  6  [32mloss: -1.00000  [38;2;180;60;0mgrad_norm: 47.0000  [38;2;54;234;195mmemory: 64.68GiB(81.66%)  [34mtps: 2,204  [36mtflops: 122.43  [35mmfu: 12.38%[39m
[rank3]:[titan] 2026-09-30 15:53:27,831 - torchtitan.observability.metrics - INFO - [31mstep:  6  [32mloss:  8.45360  [38;2;180;60;0mgrad_norm: 47.0000  [38;2;54;234;195mmemory: 59.20GiB(74.73%)  [34mtps: 2,204  [36mtflops: 122.43  [35mmfu: 12.38%[39m
[rank2]:[titan] 2026-09-30 15:53:27,837 - torchtitan.observability.metrics - INFO - [31mstep:  6  [32mloss: -1.00000  [38;2;180;60;0mgrad_norm: 47.0000  [38;2;54;234;195mmemory: 71.46GiB(90.22%)  [34mtps: 2,204  [36mtflops: 122.43  [35mmfu: 12.38%[39m
[rank2]:[titan] 2026-09-30 15:53:31,574 - torchtitan.observability.metrics - INFO - [31mstep:  7  [32mloss: -1.00000  [38;2;180;60;0mgrad_norm: 50.5000  [38;2;54;234;195mmemory: 71.46GiB(90.22%)  [34mtps: 2,192  [36mtflops: 121.76  [35mmfu: 12.31%[39m
[rank3]:[titan] 2026-09-30 15:53:31,568 - torchtitan.observability.metrics - INFO - [31mstep:  7  [32mloss:  7.66311  [38;2;180;60;0mgrad_norm: 50.5000  [38;2;54;234;195mmemory: 59.20GiB(74.73%)  [34mtps: 2,192  [36mtflops: 121.76  [35mmfu: 12.31%[39m
[rank1]:[titan] 2026-09-30 15:53:31,573 - torchtitan.observability.metrics - INFO - [31mstep:  7  [32mloss: -1.00000  [38;2;180;60;0mgrad_norm: 50.5000  [38;2;54;234;195mmemory: 64.68GiB(81.66%)  [34mtps: 2,192  [36mtflops: 121.77  [35mmfu: 12.31%[39m
[rank0]:[titan] 2026-09-30 15:53:31,574 - torchtitan.observability.metrics - WARNING - 2 CUDA memory allocation retries.
[rank0]:[titan] 2026-09-30 15:53:31,574 - torchtitan.observability.metrics - INFO - [31mstep:  7  [32mloss: -1.00000  [38;2;180;60;0mgrad_norm: 50.5000  [38;2;54;234;195mmemory: 69.76GiB(88.08%)  [34mtps: 2,192  [36mtflops: 121.77  [35mmfu: 12.31%[39m
[rank1]:[titan] 2026-09-30 15:53:35,284 - torchtitan.observability.metrics - INFO - [31mstep:  8  [32mloss: -1.00000  [38;2;180;60;0mgrad_norm: 94.0000  [38;2;54;234;195mmemory: 64.68GiB(81.66%)  [34mtps: 2,207  [36mtflops: 122.61  [35mmfu: 12.40%[39m
[rank2]:[titan] 2026-09-30 15:53:35,286 - torchtitan.observability.metrics - INFO - [31mstep:  8  [32mloss: -1.00000  [38;2;180;60;0mgrad_norm: 94.0000  [38;2;54;234;195mmemory: 71.46GiB(90.22%)  [34mtps: 2,208  [36mtflops: 122.61  [35mmfu: 12.40%[39m
[rank3]:[titan] 2026-09-30 15:53:35,279 - torchtitan.observability.metrics - INFO - [31mstep:  8  [32mloss:  6.94181  [38;2;180;60;0mgrad_norm: 94.0000  [38;2;54;234;195mmemory: 59.20GiB(74.73%)  [34mtps: 2,208  [36mtflops: 122.61  [35mmfu: 12.40%[39m
[rank0]:[titan] 2026-09-30 15:53:35,285 - torchtitan.observability.metrics - WARNING - 2 CUDA memory allocation retries.
[rank0]:[titan] 2026-09-30 15:53:35,286 - torchtitan.observability.metrics - INFO - [31mstep:  8  [32mloss: -1.00000  [38;2;180;60;0mgrad_norm: 94.0000  [38;2;54;234;195mmemory: 69.76GiB(88.08%)  [34mtps: 2,208  [36mtflops: 122.61  [35mmfu: 12.40%[39m
[rank3]:[titan] 2026-09-30 15:53:38,820 - torchtitan.observability.metrics - INFO - [31mstep:  9  [32mloss:  5.73221  [38;2;180;60;0mgrad_norm: 64.5000  [38;2;54;234;195mmemory: 59.20GiB(74.73%)  [34mtps: 2,314  [36mtflops: 128.52  [35mmfu: 12.99%[39m
[rank2]:[titan] 2026-09-30 15:53:38,826 - torchtitan.observability.metrics - INFO - [31mstep:  9  [32mloss: -1.00000  [38;2;180;60;0mgrad_norm: 64.5000  [38;2;54;234;195mmemory: 71.46GiB(90.22%)  [34mtps: 2,314  [36mtflops: 128.52  [35mmfu: 12.99%[39m
[rank1]:[titan] 2026-09-30 15:53:38,825 - torchtitan.observability.metrics - INFO - [31mstep:  9  [32mloss: -1.00000  [38;2;180;60;0mgrad_norm: 64.5000  [38;2;54;234;195mmemory: 64.68GiB(81.66%)  [34mtps: 2,314  [36mtflops: 128.52  [35mmfu: 12.99%[39m
[rank0]:[titan] 2026-09-30 15:53:38,826 - torchtitan.observability.metrics - WARNING - 2 CUDA memory allocation retries.
[rank0]:[titan] 2026-09-30 15:53:38,826 - torchtitan.observability.metrics - INFO - [31mstep:  9  [32mloss: -1.00000  [38;2;180;60;0mgrad_norm: 64.5000  [38;2;54;234;195mmemory: 69.76GiB(88.08%)  [34mtps: 2,314  [36mtflops: 128.51  [35mmfu: 12.99%[39m
[rank1]:[titan] 2026-09-30 15:53:42,346 - torchtitan.observability.metrics - INFO - [31mstep: 10  [32mloss: -1.00000  [38;2;180;60;0mgrad_norm: 41.2500  [38;2;54;234;195mmemory: 64.68GiB(81.66%)  [34mtps: 2,327  [36mtflops: 129.24  [35mmfu: 13.07%[39m
[rank2]:[titan] 2026-09-30 15:53:42,347 - torchtitan.observability.metrics - INFO - [31mstep: 10  [32mloss: -1.00000  [38;2;180;60;0mgrad_norm: 41.2500  [38;2;54;234;195mmemory: 71.46GiB(90.22%)  [34mtps: 2,327  [36mtflops: 129.23  [35mmfu: 13.07%[39m
[rank3]:[titan] 2026-09-30 15:53:42,341 - torchtitan.observability.metrics - INFO - [31mstep: 10  [32mloss:  5.87844  [38;2;180;60;0mgrad_norm: 41.2500  [38;2;54;234;195mmemory: 59.20GiB(74.73%)  [34mtps: 2,327  [36mtflops: 129.22  [35mmfu: 13.07%[39m
[rank0]:[titan] 2026-09-30 15:53:42,350 - torchtitan.observability.metrics - WARNING - 2 CUDA memory allocation retries.
[rank0]:[titan] 2026-09-30 15:53:42,350 - torchtitan.observability.metrics - INFO - [31mstep: 10  [32mloss: -1.00000  [38;2;180;60;0mgrad_norm: 41.2500  [38;2;54;234;195mmemory: 69.76GiB(88.08%)  [34mtps: 2,325  [36mtflops: 129.12  [35mmfu: 13.06%[39m
[rank1]:[titan] 2026-09-30 15:53:45,795 - torchtitan.observability.metrics - INFO - [31mstep: 11  [32mloss: -1.00000  [38;2;180;60;0mgrad_norm: 28.8750  [38;2;54;234;195mmemory: 64.68GiB(81.66%)  [34mtps: 2,375  [36mtflops: 131.93  [35mmfu: 13.34%[39m
[rank3]:[titan] 2026-09-30 15:53:45,790 - torchtitan.observability.metrics - INFO - [31mstep: 11  [32mloss:  5.45019  [38;2;180;60;0mgrad_norm: 28.8750  [38;2;54;234;195mmemory: 59.20GiB(74.73%)  [34mtps: 2,375  [36mtflops: 131.93  [35mmfu: 13.34%[39m
[rank2]:[titan] 2026-09-30 15:53:45,796 - torchtitan.observability.metrics - INFO - [31mstep: 11  [32mloss: -1.00000  [38;2;180;60;0mgrad_norm: 28.8750  [38;2;54;234;195mmemory: 71.46GiB(90.22%)  [34mtps: 2,375  [36mtflops: 131.93  [35mmfu: 13.34%[39m
[rank0]:[titan] 2026-09-30 15:53:45,796 - torchtitan.observability.metrics - WARNING - 2 CUDA memory allocation retries.
[rank0]:[titan] 2026-09-30 15:53:45,797 - torchtitan.observability.metrics - INFO - [31mstep: 11  [32mloss: -1.00000  [38;2;180;60;0mgrad_norm: 28.8750  [38;2;54;234;195mmemory: 69.76GiB(88.08%)  [34mtps: 2,377  [36mtflops: 132.04  [35mmfu: 13.35%[39m
[rank3]:[titan] 2026-09-30 15:53:49,571 - torchtitan.observability.metrics - INFO - [31mstep: 12  [32mloss:  5.22302  [38;2;180;60;0mgrad_norm: 20.0000  [38;2;54;234;195mmemory: 59.20GiB(74.73%)  [34mtps: 2,167  [36mtflops: 120.36  [35mmfu: 12.17%[39m
[rank2]:[titan] 2026-09-30 15:53:49,577 - torchtitan.observability.metrics - INFO - [31mstep: 12  [32mloss: -1.00000  [38;2;180;60;0mgrad_norm: 20.0000  [38;2;54;234;195mmemory: 71.46GiB(90.22%)  [34mtps: 2,167  [36mtflops: 120.36  [35mmfu: 12.17%[39m
[rank1]:[titan] 2026-09-30 15:53:49,576 - torchtitan.observability.metrics - INFO - [31mstep: 12  [32mloss: -1.00000  [38;2;180;60;0mgrad_norm: 20.0000  [38;2;54;234;195mmemory: 64.68GiB(81.66%)  [34mtps: 2,167  [36mtflops: 120.36  [35mmfu: 12.17%[39m
[rank0]:[titan] 2026-09-30 15:53:49,577 - torchtitan.observability.metrics - WARNING - 2 CUDA memory allocation retries.
[rank0]:[titan] 2026-09-30 15:53:49,577 - torchtitan.observability.metrics - INFO - [31mstep: 12  [32mloss: -1.00000  [38;2;180;60;0mgrad_norm: 20.0000  [38;2;54;234;195mmemory: 69.76GiB(88.08%)  [34mtps: 2,167  [36mtflops: 120.36  [35mmfu: 12.17%[39m
[rank1]:[titan] 2026-09-30 15:53:53,161 - torchtitan.observability.metrics - INFO - [31mstep: 13  [32mloss: -1.00000  [38;2;180;60;0mgrad_norm: 25.2500  [38;2;54;234;195mmemory: 64.68GiB(81.66%)  [34mtps: 2,285  [36mtflops: 126.93  [35mmfu: 12.83%[39m
[rank2]:[titan] 2026-09-30 15:53:53,162 - torchtitan.observability.metrics - INFO - [31mstep: 13  [32mloss: -1.00000  [38;2;180;60;0mgrad_norm: 25.2500  [38;2;54;234;195mmemory: 71.46GiB(90.22%)  [34mtps: 2,285  [36mtflops: 126.93  [35mmfu: 12.83%[39m
[rank3]:[titan] 2026-09-30 15:53:53,155 - torchtitan.observability.metrics - INFO - [31mstep: 13  [32mloss:  5.54968  [38;2;180;60;0mgrad_norm: 25.2500  [38;2;54;234;195mmemory: 59.20GiB(74.73%)  [34mtps: 2,286  [36mtflops: 126.94  [35mmfu: 12.84%[39m
[rank0]:[titan] 2026-09-30 15:53:53,162 - torchtitan.observability.metrics - WARNING - 2 CUDA memory allocation retries.
[rank0]:[titan] 2026-09-30 15:53:53,162 - torchtitan.observability.metrics - INFO - [31mstep: 13  [32mloss: -1.00000  [38;2;180;60;0mgrad_norm: 25.2500  [38;2;54;234;195mmemory: 69.76GiB(88.08%)  [34mtps: 2,285  [36mtflops: 126.93  [35mmfu: 12.83%[39m
[rank3]:[titan] 2026-09-30 15:53:57,052 - torchtitan.observability.metrics - INFO - [31mstep: 14  [32mloss:  4.98742  [38;2;180;60;0mgrad_norm: 24.7500  [38;2;54;234;195mmemory: 59.21GiB(74.76%)  [34mtps: 2,102  [36mtflops: 116.77  [35mmfu: 11.81%[39m
[rank2]:[titan] 2026-09-30 15:53:57,059 - torchtitan.observability.metrics - INFO - [31mstep: 14  [32mloss: -1.00000  [38;2;180;60;0mgrad_norm: 24.7500  [38;2;54;234;195mmemory: 71.46GiB(90.22%)  [34mtps: 2,102  [36mtflops: 116.76  [35mmfu: 11.81%[39m
[rank0]:[titan] 2026-09-30 15:53:57,059 - torchtitan.observability.metrics - WARNING - 2 CUDA memory allocation retries.
[rank0]:[titan] 2026-09-30 15:53:57,059 - torchtitan.observability.metrics - INFO - [31mstep: 14  [32mloss: -1.00000  [38;2;180;60;0mgrad_norm: 24.7500  [38;2;54;234;195mmemory: 69.76GiB(88.08%)  [34mtps: 2,102  [36mtflops: 116.77  [35mmfu: 11.81%[39m
[rank1]:[titan] 2026-09-30 15:53:57,058 - torchtitan.observability.metrics - INFO - [31mstep: 14  [32mloss: -1.00000  [38;2;180;60;0mgrad_norm: 24.7500  [38;2;54;234;195mmemory: 64.68GiB(81.66%)  [34mtps: 2,102  [36mtflops: 116.77  [35mmfu: 11.81%[39m
[rank1]:[titan] 2026-09-30 15:54:00,664 - torchtitan.observability.metrics - INFO - [31mstep: 15  [32mloss: -1.00000  [38;2;180;60;0mgrad_norm: 34.2500  [38;2;54;234;195mmemory: 64.68GiB(81.66%)  [34mtps: 2,272  [36mtflops: 126.17  [35mmfu: 12.76%[39m
[rank3]:[titan] 2026-09-30 15:54:00,659 - torchtitan.observability.metrics - INFO - [31mstep: 15  [32mloss:  4.29702  [38;2;180;60;0mgrad_norm: 34.2500  [38;2;54;234;195mmemory: 59.21GiB(74.76%)  [34mtps: 2,272  [36mtflops: 126.17  [35mmfu: 12.76%[39m
[rank2]:[titan] 2026-09-30 15:54:00,665 - torchtitan.observability.metrics - INFO - [31mstep: 15  [32mloss: -1.00000  [38;2;180;60;0mgrad_norm: 34.2500  [38;2;54;234;195mmemory: 71.46GiB(90.22%)  [34mtps: 2,272  [36mtflops: 126.17  [35mmfu: 12.76%[39m
[rank0]:[titan] 2026-09-30 15:54:00,665 - torchtitan.observability.metrics - WARNING - 2 CUDA memory allocation retries.
[rank0]:[titan] 2026-09-30 15:54:00,665 - torchtitan.observability.metrics - INFO - [31mstep: 15  [32mloss: -1.00000  [38;2;180;60;0mgrad_norm: 34.2500  [38;2;54;234;195mmemory: 69.76GiB(88.08%)  [34mtps: 2,272  [36mtflops: 126.17  [35mmfu: 12.76%[39m
[rank2]:[titan] 2026-09-30 15:54:04,373 - torchtitan.observability.metrics - INFO - [31mstep: 16  [32mloss: -1.00000  [38;2;180;60;0mgrad_norm: 13.1875  [38;2;54;234;195mmemory: 71.46GiB(90.22%)  [34mtps: 2,209  [36mtflops: 122.72  [35mmfu: 12.41%[39m
[rank1]:[titan] 2026-09-30 15:54:04,372 - torchtitan.observability.metrics - INFO - [31mstep: 16  [32mloss: -1.00000  [38;2;180;60;0mgrad_norm: 13.1875  [38;2;54;234;195mmemory: 64.68GiB(81.66%)  [34mtps: 2,210  [36mtflops: 122.72  [35mmfu: 12.41%[39m
[rank3]:[titan] 2026-09-30 15:54:04,366 - torchtitan.observability.metrics - INFO - [31mstep: 16  [32mloss:  3.94070  [38;2;180;60;0mgrad_norm: 13.1875  [38;2;54;234;195mmemory: 59.21GiB(74.76%)  [34mtps: 2,210  [36mtflops: 122.73  [35mmfu: 12.41%[39m
[rank0]:[titan] 2026-09-30 15:54:04,373 - torchtitan.observability.metrics - WARNING - 2 CUDA memory allocation retries.
[rank0]:[titan] 2026-09-30 15:54:04,373 - torchtitan.observability.metrics - INFO - [31mstep: 16  [32mloss: -1.00000  [38;2;180;60;0mgrad_norm: 13.1875  [38;2;54;234;195mmemory: 69.76GiB(88.08%)  [34mtps: 2,210  [36mtflops: 122.72  [35mmfu: 12.41%[39m
[rank2]:[titan] 2026-09-30 15:54:08,117 - torchtitan.observability.metrics - INFO - [31mstep: 17  [32mloss: -1.00000  [38;2;180;60;0mgrad_norm: 17.5000  [38;2;54;234;195mmemory: 71.46GiB(90.22%)  [34mtps: 2,188  [36mtflops: 121.54  [35mmfu: 12.29%[39m
[rank3]:[titan] 2026-09-30 15:54:08,110 - torchtitan.observability.metrics - INFO - [31mstep: 17  [32mloss:  3.65096  [38;2;180;60;0mgrad_norm: 17.5000  [38;2;54;234;195mmemory: 59.21GiB(74.76%)  [34mtps: 2,188  [36mtflops: 121.54  [35mmfu: 12.29%[39m
[rank0]:[titan] 2026-09-30 15:54:08,117 - torchtitan.observability.metrics - WARNING - 2 CUDA memory allocation retries.
[rank0]:[titan] 2026-09-30 15:54:08,117 - torchtitan.observability.metrics - INFO - [31mstep: 17  [32mloss: -1.00000  [38;2;180;60;0mgrad_norm: 17.5000  [38;2;54;234;195mmemory: 69.76GiB(88.08%)  [34mtps: 2,188  [36mtflops: 121.53  [35mmfu: 12.29%[39m
[rank1]:[titan] 2026-09-30 15:54:08,116 - torchtitan.observability.metrics - INFO - [31mstep: 17  [32mloss: -1.00000  [38;2;180;60;0mgrad_norm: 17.5000  [38;2;54;234;195mmemory: 64.68GiB(81.66%)  [34mtps: 2,188  [36mtflops: 121.54  [35mmfu: 12.29%[39m
[rank3]:[titan] 2026-09-30 15:54:11,734 - torchtitan.observability.metrics - INFO - [31mstep: 18  [32mloss:  3.63017  [38;2;180;60;0mgrad_norm: 214.0000  [38;2;54;234;195mmemory: 59.21GiB(74.76%)  [34mtps: 2,261  [36mtflops: 125.57  [35mmfu: 12.70%[39m
[rank1]:[titan] 2026-09-30 15:54:11,740 - torchtitan.observability.metrics - INFO - [31mstep: 18  [32mloss: -1.00000  [38;2;180;60;0mgrad_norm: 214.0000  [38;2;54;234;195mmemory: 64.68GiB(81.66%)  [34mtps: 2,261  [36mtflops: 125.57  [35mmfu: 12.70%[39m
[rank0]:[titan] 2026-09-30 15:54:11,741 - torchtitan.observability.metrics - WARNING - 2 CUDA memory allocation retries.
[rank0]:[titan] 2026-09-30 15:54:11,741 - torchtitan.observability.metrics - INFO - [31mstep: 18  [32mloss: -1.00000  [38;2;180;60;0mgrad_norm: 214.0000  [38;2;54;234;195mmemory: 69.76GiB(88.08%)  [34mtps: 2,261  [36mtflops: 125.57  [35mmfu: 12.70%[39m
[rank2]:[titan] 2026-09-30 15:54:11,741 - torchtitan.observability.metrics - INFO - [31mstep: 18  [32mloss: -1.00000  [38;2;180;60;0mgrad_norm: 214.0000  [38;2;54;234;195mmemory: 71.46GiB(90.22%)  [34mtps: 2,261  [36mtflops: 125.57  [35mmfu: 12.70%[39m
[rank0]:[titan] 2026-09-30 15:54:15,304 - torchtitan.observability.metrics - WARNING - 2 CUDA memory allocation retries.
[rank0]:[titan] 2026-09-30 15:54:15,304 - torchtitan.observability.metrics - INFO - [31mstep: 19  [32mloss: -1.00000  [38;2;180;60;0mgrad_norm: 25.0000  [38;2;54;234;195mmemory: 69.76GiB(88.08%)  [34mtps: 2,299  [36mtflops: 127.70  [35mmfu: 12.91%[39m
[rank1]:[titan] 2026-09-30 15:54:15,303 - torchtitan.observability.metrics - INFO - [31mstep: 19  [32mloss: -1.00000  [38;2;180;60;0mgrad_norm: 25.0000  [38;2;54;234;195mmemory: 64.68GiB(81.66%)  [34mtps: 2,299  [36mtflops: 127.70  [35mmfu: 12.91%[39m
[rank3]:[titan] 2026-09-30 15:54:15,298 - torchtitan.observability.metrics - INFO - [31mstep: 19  [32mloss:  3.60088  [38;2;180;60;0mgrad_norm: 25.0000  [38;2;54;234;195mmemory: 59.21GiB(74.76%)  [34mtps: 2,299  [36mtflops: 127.69  [35mmfu: 12.91%[39m
[rank2]:[titan] 2026-09-30 15:54:15,305 - torchtitan.observability.metrics - INFO - [31mstep: 19  [32mloss: -1.00000  [38;2;180;60;0mgrad_norm: 25.0000  [38;2;54;234;195mmemory: 71.46GiB(90.22%)  [34mtps: 2,299  [36mtflops: 127.69  [35mmfu: 12.91%[39m
[rank0]:[titan] 2026-09-30 15:54:19,343 - torchtitan.observability.metrics - WARNING - 2 CUDA memory allocation retries.
[rank0]:[titan] 2026-09-30 15:54:19,343 - torchtitan.observability.metrics - INFO - [31mstep: 20  [32mloss: -1.00000  [38;2;180;60;0mgrad_norm: 21.0000  [38;2;54;234;195mmemory: 69.76GiB(88.08%)  [34mtps: 2,029  [36mtflops: 112.67  [35mmfu: 11.39%[39m
[rank2]:[titan] 2026-09-30 15:54:19,343 - torchtitan.observability.metrics - INFO - [31mstep: 20  [32mloss: -1.00000  [38;2;180;60;0mgrad_norm: 21.0000  [38;2;54;234;195mmemory: 71.46GiB(90.22%)  [34mtps: 2,029  [36mtflops: 112.67  [35mmfu: 11.39%[39m
[rank1]:[titan] 2026-09-30 15:54:19,342 - torchtitan.observability.metrics - INFO - [31mstep: 20  [32mloss: -1.00000  [38;2;180;60;0mgrad_norm: 21.0000  [38;2;54;234;195mmemory: 64.68GiB(81.66%)  [34mtps: 2,029  [36mtflops: 112.67  [35mmfu: 11.39%[39m
[rank3]:[titan] 2026-09-30 15:54:19,336 - torchtitan.observability.metrics - INFO - [31mstep: 20  [32mloss:  3.46150  [38;2;180;60;0mgrad_norm: 21.0000  [38;2;54;234;195mmemory: 59.21GiB(74.76%)  [34mtps: 2,029  [36mtflops: 112.67  [35mmfu: 11.39%[39m
[rank1]:[titan] 2026-09-30 15:54:19,355 - torchtitan.trainer - INFO - Training completed
[rank3]:[titan] 2026-09-30 15:54:19,350 - torchtitan.trainer - INFO - Training completed
[rank2]:[titan] 2026-09-30 15:54:19,357 - torchtitan.trainer - INFO - Training completed
[rank0]:[titan] 2026-09-30 15:54:19,354 - torchtitan.trainer - INFO - Sleeping 2 seconds for other ranks to complete
[rank0]:[titan] 2026-09-30 15:54:21,354 - torchtitan.trainer - INFO - Training completed
[rank1]:[titan] 2026-09-30 15:54:23,807 - __main__ - INFO - Process group destroyed
[rank0]:[titan] 2026-09-30 15:54:24,074 - __main__ - INFO - Process group destroyed
[rank2]:[titan] 2026-09-30 15:54:24,076 - __main__ - INFO - Process group destroyed
[rank3]:[titan] 2026-09-30 15:54:24,311 - __main__ - INFO - Process group destroyed
