mpp_shim: MixedPrecisionPolicy takes param_dtype_override_fn=None
flex_no_autotune: FlexInnerAttention compiled without max_autotune
W1008 03:38:19.827000 3271 torch/distributed/run.py:982] 
W1008 03:38:19.827000 3271 torch/distributed/run.py:982] *****************************************
W1008 03:38:19.827000 3271 torch/distributed/run.py:982] Setting OMP_NUM_THREADS environment variable for each process to be 1 in default, to avoid your system being overloaded, please further tune the variable for optimal performance in your application as needed. 
W1008 03:38:19.827000 3271 torch/distributed/run.py:982] *****************************************
mpp_shim: MixedPrecisionPolicy takes param_dtype_override_fn=None
mpp_shim: MixedPrecisionPolicy takes param_dtype_override_fn=None
mpp_shim: MixedPrecisionPolicy takes param_dtype_override_fn=None
mpp_shim: MixedPrecisionPolicy takes param_dtype_override_fn=None
flex_no_autotune: FlexInnerAttention compiled without max_autotune
flex_no_autotune: FlexInnerAttention compiled without max_autotune
flex_no_autotune: FlexInnerAttention compiled without max_autotune
flex_no_autotune: FlexInnerAttention compiled without max_autotune
/workspace/tt_cpmm/torchtitan/models/kimi_k3/vision_cp/attention.py:34: FutureWarning: torch.distributed.nn.functional.all_gather is deprecated, use torch.distributed._functional_collectives.all_gather_single instead.
  parts = list(dist_nn.all_gather(x.contiguous(), group=group))
/workspace/tt_cpmm/torchtitan/models/kimi_k3/vision_cp/attention.py:34: FutureWarning: torch.distributed.nn.functional.all_gather is deprecated, use torch.distributed._functional_collectives.all_gather_single instead.
  parts = list(dist_nn.all_gather(x.contiguous(), group=group))
/workspace/tt_cpmm/torchtitan/models/kimi_k3/vision_cp/attention.py:34: FutureWarning: torch.distributed.nn.functional.all_gather is deprecated, use torch.distributed._functional_collectives.all_gather_single instead.
  parts = list(dist_nn.all_gather(x.contiguous(), group=group))
/workspace/tt_cpmm/torchtitan/models/kimi_k3/vision_cp/attention.py:34: FutureWarning: torch.distributed.nn.functional.all_gather is deprecated, use torch.distributed._functional_collectives.all_gather_single instead.
  parts = list(dist_nn.all_gather(x.contiguous(), group=group))
/workspace/tt_cpmm/torchtitan/models/kimi_k3/vision_cp/attention.py:34: FutureWarning: torch.distributed.nn.functional.all_gather is deprecated, use torch.distributed._functional_collectives.all_gather_single instead.
  parts = list(dist_nn.all_gather(x.contiguous(), group=group))
/workspace/tt_cpmm/torchtitan/models/kimi_k3/vision_cp/attention.py:34: FutureWarning: torch.distributed.nn.functional.all_gather is deprecated, use torch.distributed._functional_collectives.all_gather_single instead.
  parts = list(dist_nn.all_gather(x.contiguous(), group=group))
/workspace/tt_cpmm/torchtitan/models/kimi_k3/vision_cp/attention.py:34: FutureWarning: torch.distributed.nn.functional.all_gather is deprecated, use torch.distributed._functional_collectives.all_gather_single instead.
  parts = list(dist_nn.all_gather(x.contiguous(), group=group))
/workspace/tt_cpmm/torchtitan/models/kimi_k3/vision_cp/attention.py:34: FutureWarning: torch.distributed.nn.functional.all_gather is deprecated, use torch.distributed._functional_collectives.all_gather_single instead.
  parts = list(dist_nn.all_gather(x.contiguous(), group=group))
TOWER_BENCH {"tag": "pr_sac_1008px_cp4", "tree": "tt_cpmm", "case": "1008px", "grids": [[1, 72, 72]], "patches": 5184, "ac": "sac", "cp": 4, "mode": "split", "plan": [1, 4], "torch": "2.15.0.dev20260906+cu126", "status": "ok", "peak_gib": [2.599, 2.599, 2.599, 2.599], "max_peak_gib": 2.599, "max_reserved_gib": 2.805, "static_gib": 1.732, "ms": 195.9, "ms_all": [191.9, 210.9, 195.9, 194.1, 200.3]}
