[rank0]:WARNING:absl:Failed to load jax profiler: No module named 'jax'
[rank0]:[titan] 2026-09-29 08:01:00,431 - __main__ - INFO - torchtitan version: 0.0.0+unknown (0.0.0 means __version__ is not defined correctly).
[rank0]:[titan] 2026-09-29 08:01:01,040 - torchtitan.components.checkpointer.base - WARNING - initial_load_model_only=True has no effect without an initial_load_path.
[rank0]:[titan] 2026-09-29 08:01:01,129 - torchtitan.components.checkpointer.base - WARNING - initial_load_model_only=True has no effect without an initial_load_path.
[rank0]:[titan] 2026-09-29 08:01:01,132 - torchtitan.observability.structured_logger.jsonl_handler - INFO - Structured logging -> JSONL: /root/mep/results/pra4312/ref/structured_logs/training.global_rank_0.20260929-080101-ECGA31.jsonl
[rank0]:[titan] 2026-09-29 08:01:01,375 - torchtitan.distributed.utils - WARNING - ENV[TORCH_NCCL_ASYNC_ERROR_HANDLING] = 1 will be overridden to 3 based on job config
[rank0]:[titan] 2026-09-29 08:01:01,746 - torchtitan.tools.utils - INFO - [GC] Initial GC collection took 0.00 seconds
[rank0]:[titan] 2026-09-29 08:01:01,746 - torchtitan.distributed.utils - INFO - Deterministic algorithm enabled (expect perf degradation).
[rank0]:[titan] 2026-09-29 08:01:01,758 - torchtitan.observability.metrics - INFO - CUDA capacity: NVIDIA H100 80GB HBM3 with 79.21GiB memory
[rank0]:[titan] 2026-09-29 08:01:01,811 - torchtitan.tools.utils - WARNING - Error running lspci: [Errno 2] No such file or directory: 'lspci', fallback to use device_name
[rank0]:[titan] 2026-09-29 08:01:01,811 - torchtitan.components.tokenizer - INFO - Loading tokenizer from tokenizer.json
[rank0]:[titan] 2026-09-29 08:01:02,137 - httpx - INFO - HTTP Request: HEAD https://s3.amazonaws.com/datasets.huggingface.co/datasets/datasets/json/json.py "HTTP/1.1 200 OK"
[rank0]:[titan] 2026-09-29 08:01:02,265 - torchtitan.protocols.state_dict_adapter - WARNING - model.safetensors.index.json not found at hf_assets_path: ./tests/assets/tokenizer/model.safetensors.index.json.                     Defaulting to saving a single safetensors file if checkpoint is saved in HF format
[rank0]:[titan] 2026-09-29 08:01:02,269 - torchtitan.models.utils - INFO - Total parameter count: 25,776,880, active parameters: 17,236,208
[rank0]:[titan] 2026-09-29 08:01:02,269 - torchtitan.distributed.parallelism_context - INFO - Building device mesh with parallelism: pp=1, dp_replicate=1, dp_shard=1, cp=1, tp=1, ep=1
[rank0]:[titan] 2026-09-29 08:01:02,274 - torchtitan.distributed.parallelism_context - INFO - Successfully created meshes with active axes: []
[rank0]:[titan] 2026-09-29 08:01:02,335 - torchtitan.distributed.activation_checkpoint - INFO - Applied SelectiveAC activation checkpointing to the model
[rank0]:[titan] 2026-09-29 08:01:02,335 - torchtitan.distributed.activation_checkpoint - INFO - Applied SelectiveAC activation checkpointing to the model
[rank0]:[titan] 2026-09-29 08:01:02,469 - torchtitan.distributed.fsdp - INFO - Applied FSDP to the model
[rank0]:[titan] 2026-09-29 08:01:02,979 - torchtitan.training_engine - INFO - Model KimiK3Model.Config size: 25,776,880 total parameters
[rank0]:[titan] 2026-09-29 08:01:02,982 - torchtitan.components.optimizer.optimizer - INFO - Optimizer AdamW (model_part=0): 465 params [.*] {'lr': 0.0008, 'betas': (0.9, 0.95), 'eps': 1e-08, 'weight_decay': 0.1, 'foreach': None, 'fused': True}
[rank0]:[titan] 2026-09-29 08:01:02,985 - torchtitan.components.checkpointer.base - WARNING - initial_load_model_only=True has no effect without an initial_load_path.
[rank0]:[titan] 2026-09-29 08:01:02,992 - torchtitan.components.checkpointer.dcp - INFO - Checkpointing active. Checkpoints will be loaded from and saved to /root/mep/results/pra4312/ref/checkpoint
[rank0]:[titan] 2026-09-29 08:01:02,992 - torchtitan.trainer - INFO - Peak FLOPS used for computing MFU: 9.890e+14
[rank0]:[titan] 2026-09-29 08:01:02,992 - torchtitan.trainer - INFO - CUDA memory usage for model: 0.07GiB(0.09%)
[rank0]:[titan] 2026-09-29 08:01:02,992 - torchtitan.trainer - INFO - Trainer is initialized with 256 tokens per DP rank, 1024 tokens per train step, gradient accumulation steps 4, maximum context length 2048, total steps 100 (warmup 2)
[rank0]:[titan] 2026-09-29 08:01:02,992 - torchtitan.components.checkpointer.base - INFO - Loading the checkpoint from /root/mep/results/pra4312/ref/checkpoint/step-0.
[rank0]:[titan] 2026-09-29 08:01:03,309 - torchtitan.tools.utils - INFO - [GC] GC collection for checkpoint loading. took 0.01 seconds
[rank0]:[titan] 2026-09-29 08:01:03,309 - torchtitan.components.checkpointer.base - INFO - Finished loading the checkpoint in 0.32 seconds.
[rank0]:[titan] 2026-09-29 08:01:03,310 - torchtitan.trainer - INFO - Training starts at step 1
[rank0]:/root/mep/venv_src/lib/python3.12/site-packages/torch/distributed/fsdp/_fully_shard/_fsdp_state.py:336: UserWarning: FSDP2-wrapped module (FSDPCheckpointWrapper) returned a view tensor. An in-place op on this view (e.g., `x += y`) will silently drop the pre-backward hook and skip the all-gather, which can cause backward to fail or produce wrong gradients. Use out-of-place ops (`out = out + y`, not `out += y`) or `.clone()` the output before any in-place op.
[rank0]:  output = self._register_pre_backward_hook(output)
[rank0]:/root/mep/venv_src/lib/python3.12/site-packages/torch/distributed/fsdp/_fully_shard/_fsdp_state.py:336: UserWarning: FSDP2-wrapped module (FSDPCheckpointWrapper) returned a view tensor. An in-place op on this view (e.g., `x += y`) will silently drop the pre-backward hook and skip the all-gather, which can cause backward to fail or produce wrong gradients. Use out-of-place ops (`out = out + y`, not `out += y`) or `.clone()` the output before any in-place op.
[rank0]:  output = self._register_pre_backward_hook(output)
[rank0]:[titan] 2026-09-29 08:01:11,996 - torchtitan.observability.metrics - INFO - [31mstep:  1  [32mloss:  8.04199  [38;2;180;60;0mgrad_norm:  2.2272  [38;2;54;234;195mmemory:  0.32GiB(0.40%)  [34mtps: 101  [36mtflops: 0.02  [35mmfu: 0.00%[39m
[rank0]:[titan] 2026-09-29 08:01:11,997 - torchtitan.distributed.utils - INFO - Synchronizing and adjusting timeout for all ProcessGroups to 0:01:40
[rank0]:[titan] 2026-09-29 08:01:13,830 - torchtitan.observability.metrics - INFO - [31mstep:  2  [32mloss:  6.97868  [38;2;180;60;0mgrad_norm:  6.5661  [38;2;54;234;195mmemory:  0.44GiB(0.56%)  [34mtps: 558  [36mtflops: 0.09  [35mmfu: 0.01%[39m
[rank0]:[titan] 2026-09-29 08:01:15,647 - torchtitan.observability.metrics - INFO - [31mstep:  3  [32mloss:  5.81450  [38;2;180;60;0mgrad_norm:  3.9390  [38;2;54;234;195mmemory:  0.44GiB(0.56%)  [34mtps: 564  [36mtflops: 0.09  [35mmfu: 0.01%[39m
[rank0]:[titan] 2026-09-29 08:01:17,457 - torchtitan.observability.metrics - INFO - [31mstep:  4  [32mloss:  5.12942  [38;2;180;60;0mgrad_norm:  3.0205  [38;2;54;234;195mmemory:  0.44GiB(0.56%)  [34mtps: 566  [36mtflops: 0.09  [35mmfu: 0.01%[39m
[rank0]:[titan] 2026-09-29 08:01:19,266 - torchtitan.observability.metrics - INFO - [31mstep:  5  [32mloss:  4.42941  [38;2;180;60;0mgrad_norm:  2.7991  [38;2;54;234;195mmemory:  0.44GiB(0.56%)  [34mtps: 566  [36mtflops: 0.09  [35mmfu: 0.01%[39m
[rank0]:[titan] 2026-09-29 08:01:21,075 - torchtitan.observability.metrics - INFO - [31mstep:  6  [32mloss:  4.16306  [38;2;180;60;0mgrad_norm:  2.2815  [38;2;54;234;195mmemory:  0.44GiB(0.56%)  [34mtps: 566  [36mtflops: 0.09  [35mmfu: 0.01%[39m
[rank0]:[titan] 2026-09-29 08:01:22,892 - torchtitan.observability.metrics - INFO - [31mstep:  7  [32mloss:  3.91583  [38;2;180;60;0mgrad_norm:  1.8976  [38;2;54;234;195mmemory:  0.44GiB(0.56%)  [34mtps: 564  [36mtflops: 0.09  [35mmfu: 0.01%[39m
[rank0]:[titan] 2026-09-29 08:01:24,715 - torchtitan.observability.metrics - INFO - [31mstep:  8  [32mloss:  3.66553  [38;2;180;60;0mgrad_norm:  1.5940  [38;2;54;234;195mmemory:  0.44GiB(0.56%)  [34mtps: 562  [36mtflops: 0.09  [35mmfu: 0.01%[39m
[rank0]:[titan] 2026-09-29 08:01:26,533 - torchtitan.observability.metrics - INFO - [31mstep:  9  [32mloss:  3.69935  [38;2;180;60;0mgrad_norm:  1.5031  [38;2;54;234;195mmemory:  0.44GiB(0.56%)  [34mtps: 563  [36mtflops: 0.09  [35mmfu: 0.01%[39m
[rank0]:[titan] 2026-09-29 08:01:28,351 - torchtitan.observability.metrics - INFO - [31mstep: 10  [32mloss:  3.43998  [38;2;180;60;0mgrad_norm:  1.2746  [38;2;54;234;195mmemory:  0.44GiB(0.56%)  [34mtps: 563  [36mtflops: 0.09  [35mmfu: 0.01%[39m
[rank0]:[titan] 2026-09-29 08:01:30,198 - torchtitan.observability.metrics - INFO - [31mstep: 11  [32mloss:  3.31349  [38;2;180;60;0mgrad_norm:  1.1887  [38;2;54;234;195mmemory:  0.44GiB(0.56%)  [34mtps: 554  [36mtflops: 0.09  [35mmfu: 0.01%[39m
[rank0]:[titan] 2026-09-29 08:01:32,012 - torchtitan.observability.metrics - INFO - [31mstep: 12  [32mloss:  3.61647  [38;2;180;60;0mgrad_norm:  1.0889  [38;2;54;234;195mmemory:  0.44GiB(0.56%)  [34mtps: 565  [36mtflops: 0.09  [35mmfu: 0.01%[39m
[rank0]:[titan] 2026-09-29 08:01:33,823 - torchtitan.observability.metrics - INFO - [31mstep: 13  [32mloss:  3.19657  [38;2;180;60;0mgrad_norm:  1.1526  [38;2;54;234;195mmemory:  0.44GiB(0.56%)  [34mtps: 566  [36mtflops: 0.09  [35mmfu: 0.01%[39m
[rank0]:[titan] 2026-09-29 08:01:35,657 - torchtitan.observability.metrics - INFO - [31mstep: 14  [32mloss:  3.41359  [38;2;180;60;0mgrad_norm:  1.2557  [38;2;54;234;195mmemory:  0.44GiB(0.56%)  [34mtps: 558  [36mtflops: 0.09  [35mmfu: 0.01%[39m
[rank0]:[titan] 2026-09-29 08:01:37,542 - torchtitan.observability.metrics - INFO - [31mstep: 15  [32mloss:  3.10882  [38;2;180;60;0mgrad_norm:  1.3392  [38;2;54;234;195mmemory:  0.44GiB(0.56%)  [34mtps: 543  [36mtflops: 0.09  [35mmfu: 0.01%[39m
[rank0]:[titan] 2026-09-29 08:01:39,372 - torchtitan.observability.metrics - INFO - [31mstep: 16  [32mloss:  3.14579  [38;2;180;60;0mgrad_norm:  0.9356  [38;2;54;234;195mmemory:  0.44GiB(0.56%)  [34mtps: 560  [36mtflops: 0.09  [35mmfu: 0.01%[39m
[rank0]:[titan] 2026-09-29 08:01:41,207 - torchtitan.observability.metrics - INFO - [31mstep: 17  [32mloss:  2.99214  [38;2;180;60;0mgrad_norm:  1.0098  [38;2;54;234;195mmemory:  0.44GiB(0.56%)  [34mtps: 558  [36mtflops: 0.09  [35mmfu: 0.01%[39m
[rank0]:[titan] 2026-09-29 08:01:43,024 - torchtitan.observability.metrics - INFO - [31mstep: 18  [32mloss:  3.07914  [38;2;180;60;0mgrad_norm:  0.7488  [38;2;54;234;195mmemory:  0.44GiB(0.56%)  [34mtps: 564  [36mtflops: 0.09  [35mmfu: 0.01%[39m
[rank0]:[titan] 2026-09-29 08:01:44,827 - torchtitan.observability.metrics - INFO - [31mstep: 19  [32mloss:  2.75167  [38;2;180;60;0mgrad_norm:  0.8228  [38;2;54;234;195mmemory:  0.44GiB(0.56%)  [34mtps: 568  [36mtflops: 0.09  [35mmfu: 0.01%[39m
[rank0]:[titan] 2026-09-29 08:01:46,643 - torchtitan.observability.metrics - INFO - [31mstep: 20  [32mloss:  2.92174  [38;2;180;60;0mgrad_norm:  0.9989  [38;2;54;234;195mmemory:  0.44GiB(0.56%)  [34mtps: 564  [36mtflops: 0.09  [35mmfu: 0.01%[39m
[rank0]:[titan] 2026-09-29 08:01:48,465 - torchtitan.observability.metrics - INFO - [31mstep: 21  [32mloss:  3.09836  [38;2;180;60;0mgrad_norm:  0.7852  [38;2;54;234;195mmemory:  0.44GiB(0.56%)  [34mtps: 562  [36mtflops: 0.09  [35mmfu: 0.01%[39m
[rank0]:[titan] 2026-09-29 08:01:50,273 - torchtitan.observability.metrics - INFO - [31mstep: 22  [32mloss:  2.86531  [38;2;180;60;0mgrad_norm:  0.9057  [38;2;54;234;195mmemory:  0.44GiB(0.56%)  [34mtps: 566  [36mtflops: 0.09  [35mmfu: 0.01%[39m
[rank0]:[titan] 2026-09-29 08:01:52,089 - torchtitan.observability.metrics - INFO - [31mstep: 23  [32mloss:  2.65655  [38;2;180;60;0mgrad_norm:  0.7352  [38;2;54;234;195mmemory:  0.44GiB(0.56%)  [34mtps: 564  [36mtflops: 0.09  [35mmfu: 0.01%[39m
[rank0]:[titan] 2026-09-29 08:01:53,903 - torchtitan.observability.metrics - INFO - [31mstep: 24  [32mloss:  2.91477  [38;2;180;60;0mgrad_norm:  1.1257  [38;2;54;234;195mmemory:  0.44GiB(0.56%)  [34mtps: 565  [36mtflops: 0.09  [35mmfu: 0.01%[39m
[rank0]:[titan] 2026-09-29 08:01:55,716 - torchtitan.observability.metrics - INFO - [31mstep: 25  [32mloss:  3.13552  [38;2;180;60;0mgrad_norm:  0.9351  [38;2;54;234;195mmemory:  0.44GiB(0.56%)  [34mtps: 565  [36mtflops: 0.09  [35mmfu: 0.01%[39m
[rank0]:[titan] 2026-09-29 08:01:57,534 - torchtitan.observability.metrics - INFO - [31mstep: 26  [32mloss:  2.68557  [38;2;180;60;0mgrad_norm:  0.9973  [38;2;54;234;195mmemory:  0.44GiB(0.56%)  [34mtps: 563  [36mtflops: 0.09  [35mmfu: 0.01%[39m
[rank0]:[titan] 2026-09-29 08:01:59,352 - torchtitan.observability.metrics - INFO - [31mstep: 27  [32mloss:  2.84779  [38;2;180;60;0mgrad_norm:  0.9600  [38;2;54;234;195mmemory:  0.44GiB(0.56%)  [34mtps: 563  [36mtflops: 0.09  [35mmfu: 0.01%[39m
[rank0]:[titan] 2026-09-29 08:02:01,155 - torchtitan.observability.metrics - INFO - [31mstep: 28  [32mloss:  2.94326  [38;2;180;60;0mgrad_norm:  1.0180  [38;2;54;234;195mmemory:  0.44GiB(0.56%)  [34mtps: 568  [36mtflops: 0.09  [35mmfu: 0.01%[39m
[rank0]:[titan] 2026-09-29 08:02:02,971 - torchtitan.observability.metrics - INFO - [31mstep: 29  [32mloss:  2.61829  [38;2;180;60;0mgrad_norm:  0.8831  [38;2;54;234;195mmemory:  0.44GiB(0.56%)  [34mtps: 564  [36mtflops: 0.09  [35mmfu: 0.01%[39m
[rank0]:[titan] 2026-09-29 08:02:04,776 - torchtitan.observability.metrics - INFO - [31mstep: 30  [32mloss:  2.93900  [38;2;180;60;0mgrad_norm:  0.9121  [38;2;54;234;195mmemory:  0.44GiB(0.56%)  [34mtps: 568  [36mtflops: 0.09  [35mmfu: 0.01%[39m
[rank0]:[titan] 2026-09-29 08:02:06,588 - torchtitan.observability.metrics - INFO - [31mstep: 31  [32mloss:  2.72251  [38;2;180;60;0mgrad_norm:  0.9674  [38;2;54;234;195mmemory:  0.44GiB(0.56%)  [34mtps: 565  [36mtflops: 0.09  [35mmfu: 0.01%[39m
[rank0]:[titan] 2026-09-29 08:02:08,395 - torchtitan.observability.metrics - INFO - [31mstep: 32  [32mloss:  2.77126  [38;2;180;60;0mgrad_norm:  0.6584  [38;2;54;234;195mmemory:  0.44GiB(0.56%)  [34mtps: 567  [36mtflops: 0.09  [35mmfu: 0.01%[39m
[rank0]:[titan] 2026-09-29 08:02:10,202 - torchtitan.observability.metrics - INFO - [31mstep: 33  [32mloss:  2.52652  [38;2;180;60;0mgrad_norm:  0.6808  [38;2;54;234;195mmemory:  0.44GiB(0.56%)  [34mtps: 567  [36mtflops: 0.09  [35mmfu: 0.01%[39m
[rank0]:[titan] 2026-09-29 08:02:12,015 - torchtitan.observability.metrics - INFO - [31mstep: 34  [32mloss:  2.52927  [38;2;180;60;0mgrad_norm:  0.7492  [38;2;54;234;195mmemory:  0.44GiB(0.56%)  [34mtps: 565  [36mtflops: 0.09  [35mmfu: 0.01%[39m
[rank0]:[titan] 2026-09-29 08:02:13,833 - torchtitan.observability.metrics - INFO - [31mstep: 35  [32mloss:  2.68135  [38;2;180;60;0mgrad_norm:  0.8409  [38;2;54;234;195mmemory:  0.44GiB(0.56%)  [34mtps: 563  [36mtflops: 0.09  [35mmfu: 0.01%[39m
[rank0]:[titan] 2026-09-29 08:02:15,664 - torchtitan.observability.metrics - INFO - [31mstep: 36  [32mloss:  2.53414  [38;2;180;60;0mgrad_norm:  0.7955  [38;2;54;234;195mmemory:  0.44GiB(0.56%)  [34mtps: 559  [36mtflops: 0.09  [35mmfu: 0.01%[39m
[rank0]:[titan] 2026-09-29 08:02:17,488 - torchtitan.observability.metrics - INFO - [31mstep: 37  [32mloss:  3.00133  [38;2;180;60;0mgrad_norm:  1.1215  [38;2;54;234;195mmemory:  0.44GiB(0.56%)  [34mtps: 562  [36mtflops: 0.09  [35mmfu: 0.01%[39m
[rank0]:[titan] 2026-09-29 08:02:19,298 - torchtitan.observability.metrics - INFO - [31mstep: 38  [32mloss:  2.65269  [38;2;180;60;0mgrad_norm:  0.9939  [38;2;54;234;195mmemory:  0.44GiB(0.56%)  [34mtps: 566  [36mtflops: 0.09  [35mmfu: 0.01%[39m
[rank0]:[titan] 2026-09-29 08:02:21,101 - torchtitan.observability.metrics - INFO - [31mstep: 39  [32mloss:  2.79300  [38;2;180;60;0mgrad_norm:  0.9567  [38;2;54;234;195mmemory:  0.44GiB(0.56%)  [34mtps: 568  [36mtflops: 0.09  [35mmfu: 0.01%[39m
[rank0]:[titan] 2026-09-29 08:02:22,919 - torchtitan.observability.metrics - INFO - [31mstep: 40  [32mloss:  2.64412  [38;2;180;60;0mgrad_norm:  0.9494  [38;2;54;234;195mmemory:  0.44GiB(0.56%)  [34mtps: 563  [36mtflops: 0.09  [35mmfu: 0.01%[39m
[rank0]:[titan] 2026-09-29 08:02:24,730 - torchtitan.observability.metrics - INFO - [31mstep: 41  [32mloss:  2.58453  [38;2;180;60;0mgrad_norm:  0.7220  [38;2;54;234;195mmemory:  0.44GiB(0.56%)  [34mtps: 566  [36mtflops: 0.09  [35mmfu: 0.01%[39m
[rank0]:[titan] 2026-09-29 08:02:26,544 - torchtitan.observability.metrics - INFO - [31mstep: 42  [32mloss:  2.53049  [38;2;180;60;0mgrad_norm:  0.8257  [38;2;54;234;195mmemory:  0.44GiB(0.56%)  [34mtps: 565  [36mtflops: 0.09  [35mmfu: 0.01%[39m
[rank0]:[titan] 2026-09-29 08:02:28,370 - torchtitan.observability.metrics - INFO - [31mstep: 43  [32mloss:  2.70909  [38;2;180;60;0mgrad_norm:  0.8326  [38;2;54;234;195mmemory:  0.44GiB(0.56%)  [34mtps: 561  [36mtflops: 0.09  [35mmfu: 0.01%[39m
[rank0]:[titan] 2026-09-29 08:02:30,203 - torchtitan.observability.metrics - INFO - [31mstep: 44  [32mloss:  2.47287  [38;2;180;60;0mgrad_norm:  0.7736  [38;2;54;234;195mmemory:  0.44GiB(0.56%)  [34mtps: 559  [36mtflops: 0.09  [35mmfu: 0.01%[39m
[rank0]:[titan] 2026-09-29 08:02:32,028 - torchtitan.observability.metrics - INFO - [31mstep: 45  [32mloss:  2.65742  [38;2;180;60;0mgrad_norm:  0.8444  [38;2;54;234;195mmemory:  0.44GiB(0.56%)  [34mtps: 561  [36mtflops: 0.09  [35mmfu: 0.01%[39m
[rank0]:[titan] 2026-09-29 08:02:33,855 - torchtitan.observability.metrics - INFO - [31mstep: 46  [32mloss:  2.59912  [38;2;180;60;0mgrad_norm:  0.8515  [38;2;54;234;195mmemory:  0.44GiB(0.56%)  [34mtps: 561  [36mtflops: 0.09  [35mmfu: 0.01%[39m
[rank0]:[titan] 2026-09-29 08:02:35,662 - torchtitan.observability.metrics - INFO - [31mstep: 47  [32mloss:  2.68756  [38;2;180;60;0mgrad_norm:  0.7338  [38;2;54;234;195mmemory:  0.44GiB(0.56%)  [34mtps: 567  [36mtflops: 0.09  [35mmfu: 0.01%[39m
[rank0]:[titan] 2026-09-29 08:02:37,480 - torchtitan.observability.metrics - INFO - [31mstep: 48  [32mloss:  2.74511  [38;2;180;60;0mgrad_norm:  0.9137  [38;2;54;234;195mmemory:  0.44GiB(0.56%)  [34mtps: 563  [36mtflops: 0.09  [35mmfu: 0.01%[39m
[rank0]:[titan] 2026-09-29 08:02:39,346 - torchtitan.observability.metrics - INFO - [31mstep: 49  [32mloss:  2.66240  [38;2;180;60;0mgrad_norm:  0.8898  [38;2;54;234;195mmemory:  0.44GiB(0.56%)  [34mtps: 549  [36mtflops: 0.09  [35mmfu: 0.01%[39m
[rank0]:[titan] 2026-09-29 08:02:39,642 - torchtitan.tools.utils - INFO - [GC] Performing periodic GC collection took 0.29 seconds
[rank0]:[titan] 2026-09-29 08:02:41,524 - torchtitan.observability.metrics - INFO - [31mstep: 50  [32mloss:  2.57350  [38;2;180;60;0mgrad_norm:  0.6787  [38;2;54;234;195mmemory:  0.44GiB(0.56%)  [34mtps: 470  [36mtflops: 0.07  [35mmfu: 0.01%[39m
[rank0]:[titan] 2026-09-29 08:02:43,349 - torchtitan.observability.metrics - INFO - [31mstep: 51  [32mloss:  2.66547  [38;2;180;60;0mgrad_norm:  0.8988  [38;2;54;234;195mmemory:  0.44GiB(0.56%)  [34mtps: 561  [36mtflops: 0.09  [35mmfu: 0.01%[39m
[rank0]:[titan] 2026-09-29 08:02:45,153 - torchtitan.observability.metrics - INFO - [31mstep: 52  [32mloss:  2.51371  [38;2;180;60;0mgrad_norm:  0.8551  [38;2;54;234;195mmemory:  0.44GiB(0.56%)  [34mtps: 568  [36mtflops: 0.09  [35mmfu: 0.01%[39m
[rank0]:[titan] 2026-09-29 08:02:46,970 - torchtitan.observability.metrics - INFO - [31mstep: 53  [32mloss:  2.76602  [38;2;180;60;0mgrad_norm:  0.7497  [38;2;54;234;195mmemory:  0.44GiB(0.56%)  [34mtps: 564  [36mtflops: 0.09  [35mmfu: 0.01%[39m
[rank0]:[titan] 2026-09-29 08:02:48,794 - torchtitan.observability.metrics - INFO - [31mstep: 54  [32mloss:  3.01434  [38;2;180;60;0mgrad_norm:  0.8183  [38;2;54;234;195mmemory:  0.44GiB(0.56%)  [34mtps: 561  [36mtflops: 0.09  [35mmfu: 0.01%[39m
[rank0]:[titan] 2026-09-29 08:02:50,603 - torchtitan.observability.metrics - INFO - [31mstep: 55  [32mloss:  2.95799  [38;2;180;60;0mgrad_norm:  0.9846  [38;2;54;234;195mmemory:  0.44GiB(0.56%)  [34mtps: 566  [36mtflops: 0.09  [35mmfu: 0.01%[39m
[rank0]:[titan] 2026-09-29 08:02:52,427 - torchtitan.observability.metrics - INFO - [31mstep: 56  [32mloss:  2.54572  [38;2;180;60;0mgrad_norm:  0.7528  [38;2;54;234;195mmemory:  0.44GiB(0.56%)  [34mtps: 562  [36mtflops: 0.09  [35mmfu: 0.01%[39m
[rank0]:[titan] 2026-09-29 08:02:54,250 - torchtitan.observability.metrics - INFO - [31mstep: 57  [32mloss:  2.50664  [38;2;180;60;0mgrad_norm:  0.8593  [38;2;54;234;195mmemory:  0.44GiB(0.56%)  [34mtps: 562  [36mtflops: 0.09  [35mmfu: 0.01%[39m
[rank0]:[titan] 2026-09-29 08:02:56,055 - torchtitan.observability.metrics - INFO - [31mstep: 58  [32mloss:  2.61370  [38;2;180;60;0mgrad_norm:  0.9378  [38;2;54;234;195mmemory:  0.44GiB(0.56%)  [34mtps: 567  [36mtflops: 0.09  [35mmfu: 0.01%[39m
[rank0]:[titan] 2026-09-29 08:02:57,874 - torchtitan.observability.metrics - INFO - [31mstep: 59  [32mloss:  2.64378  [38;2;180;60;0mgrad_norm:  0.8460  [38;2;54;234;195mmemory:  0.44GiB(0.56%)  [34mtps: 563  [36mtflops: 0.09  [35mmfu: 0.01%[39m
[rank0]:[titan] 2026-09-29 08:02:59,703 - torchtitan.observability.metrics - INFO - [31mstep: 60  [32mloss:  2.55790  [38;2;180;60;0mgrad_norm:  0.7788  [38;2;54;234;195mmemory:  0.44GiB(0.56%)  [34mtps: 560  [36mtflops: 0.09  [35mmfu: 0.01%[39m
[rank0]:[titan] 2026-09-29 08:03:01,521 - torchtitan.observability.metrics - INFO - [31mstep: 61  [32mloss:  2.61436  [38;2;180;60;0mgrad_norm:  0.8785  [38;2;54;234;195mmemory:  0.44GiB(0.56%)  [34mtps: 563  [36mtflops: 0.09  [35mmfu: 0.01%[39m
[rank0]:[titan] 2026-09-29 08:03:03,354 - torchtitan.observability.metrics - INFO - [31mstep: 62  [32mloss:  2.67048  [38;2;180;60;0mgrad_norm:  0.7899  [38;2;54;234;195mmemory:  0.44GiB(0.56%)  [34mtps: 559  [36mtflops: 0.09  [35mmfu: 0.01%[39m
[rank0]:[titan] 2026-09-29 08:03:05,171 - torchtitan.observability.metrics - INFO - [31mstep: 63  [32mloss:  2.61997  [38;2;180;60;0mgrad_norm:  0.8726  [38;2;54;234;195mmemory:  0.44GiB(0.56%)  [34mtps: 564  [36mtflops: 0.09  [35mmfu: 0.01%[39m
[rank0]:[titan] 2026-09-29 08:03:06,983 - torchtitan.observability.metrics - INFO - [31mstep: 64  [32mloss:  2.61312  [38;2;180;60;0mgrad_norm:  0.6261  [38;2;54;234;195mmemory:  0.44GiB(0.56%)  [34mtps: 565  [36mtflops: 0.09  [35mmfu: 0.01%[39m
[rank0]:[titan] 2026-09-29 08:03:08,797 - torchtitan.observability.metrics - INFO - [31mstep: 65  [32mloss:  2.71951  [38;2;180;60;0mgrad_norm:  0.8533  [38;2;54;234;195mmemory:  0.44GiB(0.56%)  [34mtps: 565  [36mtflops: 0.09  [35mmfu: 0.01%[39m
[rank0]:[titan] 2026-09-29 08:03:10,613 - torchtitan.observability.metrics - INFO - [31mstep: 66  [32mloss:  2.55857  [38;2;180;60;0mgrad_norm:  0.6728  [38;2;54;234;195mmemory:  0.44GiB(0.56%)  [34mtps: 564  [36mtflops: 0.09  [35mmfu: 0.01%[39m
[rank0]:[titan] 2026-09-29 08:03:12,452 - torchtitan.observability.metrics - INFO - [31mstep: 67  [32mloss:  2.57558  [38;2;180;60;0mgrad_norm:  0.8173  [38;2;54;234;195mmemory:  0.44GiB(0.56%)  [34mtps: 557  [36mtflops: 0.09  [35mmfu: 0.01%[39m
[rank0]:[titan] 2026-09-29 08:03:14,286 - torchtitan.observability.metrics - INFO - [31mstep: 68  [32mloss:  2.58290  [38;2;180;60;0mgrad_norm:  0.8109  [38;2;54;234;195mmemory:  0.44GiB(0.56%)  [34mtps: 558  [36mtflops: 0.09  [35mmfu: 0.01%[39m
[rank0]:[titan] 2026-09-29 08:03:16,116 - torchtitan.observability.metrics - INFO - [31mstep: 69  [32mloss:  2.83353  [38;2;180;60;0mgrad_norm:  0.9603  [38;2;54;234;195mmemory:  0.44GiB(0.56%)  [34mtps: 559  [36mtflops: 0.09  [35mmfu: 0.01%[39m
[rank0]:[titan] 2026-09-29 08:03:17,940 - torchtitan.observability.metrics - INFO - [31mstep: 70  [32mloss:  2.72013  [38;2;180;60;0mgrad_norm:  0.6679  [38;2;54;234;195mmemory:  0.44GiB(0.56%)  [34mtps: 562  [36mtflops: 0.09  [35mmfu: 0.01%[39m
[rank0]:[titan] 2026-09-29 08:03:19,755 - torchtitan.observability.metrics - INFO - [31mstep: 71  [32mloss:  2.53131  [38;2;180;60;0mgrad_norm:  0.5861  [38;2;54;234;195mmemory:  0.44GiB(0.56%)  [34mtps: 564  [36mtflops: 0.09  [35mmfu: 0.01%[39m
[rank0]:[titan] 2026-09-29 08:03:21,582 - torchtitan.observability.metrics - INFO - [31mstep: 72  [32mloss:  2.58176  [38;2;180;60;0mgrad_norm:  0.7164  [38;2;54;234;195mmemory:  0.44GiB(0.56%)  [34mtps: 561  [36mtflops: 0.09  [35mmfu: 0.01%[39m
[rank0]:[titan] 2026-09-29 08:03:23,407 - torchtitan.observability.metrics - INFO - [31mstep: 73  [32mloss:  2.59456  [38;2;180;60;0mgrad_norm:  0.9685  [38;2;54;234;195mmemory:  0.44GiB(0.56%)  [34mtps: 561  [36mtflops: 0.09  [35mmfu: 0.01%[39m
[rank0]:[titan] 2026-09-29 08:03:25,231 - torchtitan.observability.metrics - INFO - [31mstep: 74  [32mloss:  2.40868  [38;2;180;60;0mgrad_norm:  0.7331  [38;2;54;234;195mmemory:  0.44GiB(0.56%)  [34mtps: 562  [36mtflops: 0.09  [35mmfu: 0.01%[39m
[rank0]:[titan] 2026-09-29 08:03:27,053 - torchtitan.observability.metrics - INFO - [31mstep: 75  [32mloss:  2.64546  [38;2;180;60;0mgrad_norm:  0.6034  [38;2;54;234;195mmemory:  0.44GiB(0.56%)  [34mtps: 562  [36mtflops: 0.09  [35mmfu: 0.01%[39m
[rank0]:[titan] 2026-09-29 08:03:28,884 - torchtitan.observability.metrics - INFO - [31mstep: 76  [32mloss:  2.42415  [38;2;180;60;0mgrad_norm:  0.6878  [38;2;54;234;195mmemory:  0.44GiB(0.56%)  [34mtps: 559  [36mtflops: 0.09  [35mmfu: 0.01%[39m
[rank0]:[titan] 2026-09-29 08:03:30,713 - torchtitan.observability.metrics - INFO - [31mstep: 77  [32mloss:  2.55538  [38;2;180;60;0mgrad_norm:  0.6539  [38;2;54;234;195mmemory:  0.44GiB(0.56%)  [34mtps: 560  [36mtflops: 0.09  [35mmfu: 0.01%[39m
[rank0]:[titan] 2026-09-29 08:03:32,574 - torchtitan.observability.metrics - INFO - [31mstep: 78  [32mloss:  2.43712  [38;2;180;60;0mgrad_norm:  0.7179  [38;2;54;234;195mmemory:  0.44GiB(0.56%)  [34mtps: 550  [36mtflops: 0.09  [35mmfu: 0.01%[39m
[rank0]:[titan] 2026-09-29 08:03:34,408 - torchtitan.observability.metrics - INFO - [31mstep: 79  [32mloss:  2.56185  [38;2;180;60;0mgrad_norm:  0.8072  [38;2;54;234;195mmemory:  0.44GiB(0.56%)  [34mtps: 559  [36mtflops: 0.09  [35mmfu: 0.01%[39m
[rank0]:[titan] 2026-09-29 08:03:36,234 - torchtitan.observability.metrics - INFO - [31mstep: 80  [32mloss:  2.58847  [38;2;180;60;0mgrad_norm:  0.9097  [38;2;54;234;195mmemory:  0.44GiB(0.56%)  [34mtps: 561  [36mtflops: 0.09  [35mmfu: 0.01%[39m
[rank0]:[titan] 2026-09-29 08:03:38,059 - torchtitan.observability.metrics - INFO - [31mstep: 81  [32mloss:  2.54630  [38;2;180;60;0mgrad_norm:  0.7433  [38;2;54;234;195mmemory:  0.44GiB(0.56%)  [34mtps: 561  [36mtflops: 0.09  [35mmfu: 0.01%[39m
[rank0]:[titan] 2026-09-29 08:03:39,885 - torchtitan.observability.metrics - INFO - [31mstep: 82  [32mloss:  2.44062  [38;2;180;60;0mgrad_norm:  0.6231  [38;2;54;234;195mmemory:  0.44GiB(0.56%)  [34mtps: 561  [36mtflops: 0.09  [35mmfu: 0.01%[39m
[rank0]:[titan] 2026-09-29 08:03:41,757 - torchtitan.observability.metrics - INFO - [31mstep: 83  [32mloss:  2.43076  [38;2;180;60;0mgrad_norm:  0.8065  [38;2;54;234;195mmemory:  0.44GiB(0.56%)  [34mtps: 547  [36mtflops: 0.09  [35mmfu: 0.01%[39m
[rank0]:[titan] 2026-09-29 08:03:43,708 - torchtitan.observability.metrics - INFO - [31mstep: 84  [32mloss:  2.62908  [38;2;180;60;0mgrad_norm:  0.7619  [38;2;54;234;195mmemory:  0.44GiB(0.56%)  [34mtps: 525  [36mtflops: 0.08  [35mmfu: 0.01%[39m
[rank0]:[titan] 2026-09-29 08:03:45,553 - torchtitan.observability.metrics - INFO - [31mstep: 85  [32mloss:  2.50989  [38;2;180;60;0mgrad_norm:  1.0152  [38;2;54;234;195mmemory:  0.44GiB(0.56%)  [34mtps: 555  [36mtflops: 0.09  [35mmfu: 0.01%[39m
[rank0]:[titan] 2026-09-29 08:03:47,374 - torchtitan.observability.metrics - INFO - [31mstep: 86  [32mloss:  2.46159  [38;2;180;60;0mgrad_norm:  0.6865  [38;2;54;234;195mmemory:  0.44GiB(0.56%)  [34mtps: 562  [36mtflops: 0.09  [35mmfu: 0.01%[39m
[rank0]:[titan] 2026-09-29 08:03:49,200 - torchtitan.observability.metrics - INFO - [31mstep: 87  [32mloss:  2.53279  [38;2;180;60;0mgrad_norm:  0.8216  [38;2;54;234;195mmemory:  0.44GiB(0.56%)  [34mtps: 561  [36mtflops: 0.09  [35mmfu: 0.01%[39m
[rank0]:[titan] 2026-09-29 08:03:51,021 - torchtitan.observability.metrics - INFO - [31mstep: 88  [32mloss:  2.59738  [38;2;180;60;0mgrad_norm:  0.7136  [38;2;54;234;195mmemory:  0.44GiB(0.56%)  [34mtps: 563  [36mtflops: 0.09  [35mmfu: 0.01%[39m
[rank0]:[titan] 2026-09-29 08:03:52,838 - torchtitan.observability.metrics - INFO - [31mstep: 89  [32mloss:  2.62367  [38;2;180;60;0mgrad_norm:  0.8989  [38;2;54;234;195mmemory:  0.44GiB(0.56%)  [34mtps: 563  [36mtflops: 0.09  [35mmfu: 0.01%[39m
[rank0]:[titan] 2026-09-29 08:03:54,660 - torchtitan.observability.metrics - INFO - [31mstep: 90  [32mloss:  2.44621  [38;2;180;60;0mgrad_norm:  0.7240  [38;2;54;234;195mmemory:  0.44GiB(0.56%)  [34mtps: 562  [36mtflops: 0.09  [35mmfu: 0.01%[39m
[rank0]:[titan] 2026-09-29 08:03:56,474 - torchtitan.observability.metrics - INFO - [31mstep: 91  [32mloss:  2.56435  [38;2;180;60;0mgrad_norm:  0.8278  [38;2;54;234;195mmemory:  0.44GiB(0.56%)  [34mtps: 564  [36mtflops: 0.09  [35mmfu: 0.01%[39m
[rank0]:[titan] 2026-09-29 08:03:58,302 - torchtitan.observability.metrics - INFO - [31mstep: 92  [32mloss:  2.57994  [38;2;180;60;0mgrad_norm:  0.7820  [38;2;54;234;195mmemory:  0.44GiB(0.56%)  [34mtps: 560  [36mtflops: 0.09  [35mmfu: 0.01%[39m
[rank0]:[titan] 2026-09-29 08:04:00,121 - torchtitan.observability.metrics - INFO - [31mstep: 93  [32mloss:  2.78247  [38;2;180;60;0mgrad_norm:  0.7837  [38;2;54;234;195mmemory:  0.44GiB(0.56%)  [34mtps: 563  [36mtflops: 0.09  [35mmfu: 0.01%[39m
[rank0]:[titan] 2026-09-29 08:04:01,940 - torchtitan.observability.metrics - INFO - [31mstep: 94  [32mloss:  2.40619  [38;2;180;60;0mgrad_norm:  0.6842  [38;2;54;234;195mmemory:  0.44GiB(0.56%)  [34mtps: 563  [36mtflops: 0.09  [35mmfu: 0.01%[39m
[rank0]:[titan] 2026-09-29 08:04:03,771 - torchtitan.observability.metrics - INFO - [31mstep: 95  [32mloss:  2.49243  [38;2;180;60;0mgrad_norm:  0.6847  [38;2;54;234;195mmemory:  0.44GiB(0.56%)  [34mtps: 560  [36mtflops: 0.09  [35mmfu: 0.01%[39m
[rank0]:[titan] 2026-09-29 08:04:05,586 - torchtitan.observability.metrics - INFO - [31mstep: 96  [32mloss:  2.52099  [38;2;180;60;0mgrad_norm:  0.7032  [38;2;54;234;195mmemory:  0.44GiB(0.56%)  [34mtps: 564  [36mtflops: 0.09  [35mmfu: 0.01%[39m
[rank0]:[titan] 2026-09-29 08:04:07,411 - torchtitan.observability.metrics - INFO - [31mstep: 97  [32mloss:  2.34999  [38;2;180;60;0mgrad_norm:  0.8871  [38;2;54;234;195mmemory:  0.44GiB(0.56%)  [34mtps: 561  [36mtflops: 0.09  [35mmfu: 0.01%[39m
[rank0]:[titan] 2026-09-29 08:04:09,253 - torchtitan.observability.metrics - INFO - [31mstep: 98  [32mloss:  2.42172  [38;2;180;60;0mgrad_norm:  0.6321  [38;2;54;234;195mmemory:  0.44GiB(0.56%)  [34mtps: 556  [36mtflops: 0.09  [35mmfu: 0.01%[39m
[rank0]:[titan] 2026-09-29 08:04:11,078 - torchtitan.observability.metrics - INFO - [31mstep: 99  [32mloss:  2.66189  [38;2;180;60;0mgrad_norm:  0.6382  [38;2;54;234;195mmemory:  0.44GiB(0.56%)  [34mtps: 561  [36mtflops: 0.09  [35mmfu: 0.01%[39m
[rank0]:[titan] 2026-09-29 08:04:11,338 - torchtitan.tools.utils - INFO - [GC] Performing periodic GC collection took 0.26 seconds
[rank0]:[titan] 2026-09-29 08:04:13,159 - torchtitan.observability.metrics - INFO - [31mstep: 100  [32mloss:  2.51502  [38;2;180;60;0mgrad_norm:  0.8129  [38;2;54;234;195mmemory:  0.44GiB(0.56%)  [34mtps: 492  [36mtflops: 0.08  [35mmfu: 0.01%[39m
[rank0]:[titan] 2026-09-29 08:04:13,160 - torchtitan.components.checkpointer.dcp - INFO - Saving the checkpointer.
[rank0]:[titan] 2026-09-29 08:04:13,176 - torchtitan.components.checkpointer.dcp - INFO - Saving a model only checkpoint in torch.float32 at last step, step 100.
[rank0]:[titan] 2026-09-29 08:04:13,445 - torchtitan.tools.utils - INFO - [GC] GC collection invoked by checkpointer. took 0.01 seconds
[rank0]:[titan] 2026-09-29 08:04:13,446 - torchtitan.components.checkpointer.dcp - INFO - Last step checkpoint completed in 0.29s
[rank0]:[titan] 2026-09-29 08:04:13,446 - torchtitan.trainer - INFO - Sleeping 2 seconds for other ranks to complete
[rank0]:[titan] 2026-09-29 08:04:15,446 - torchtitan.trainer - INFO - Training completed
[rank0]:[titan] 2026-09-29 08:04:15,452 - torchtitan.components.checkpointer.base - INFO - Destroying the purge thread.
[rank0]:[titan] 2026-09-29 08:04:15,938 - __main__ - INFO - Process group destroyed
