W0910 08:33:35.486000 36607 torch/distributed/run.py:982] 
W0910 08:33:35.486000 36607 torch/distributed/run.py:982] *****************************************
W0910 08:33:35.486000 36607 torch/distributed/run.py:982] Setting OMP_NUM_THREADS environment variable for each process to be 1 in default, to avoid your system being overloaded, please further tune the variable for optimal performance in your application as needed. 
W0910 08:33:35.486000 36607 torch/distributed/run.py:982] *****************************************
WARNING:absl:Failed to load jax profiler: No module named 'jax'
WARNING:absl:Failed to load jax profiler: No module named 'jax'
W0910 08:33:42.474000 36750 torch/utils/_pytree.py:630] <enum 'KernelPreference'> is an Enum subclass and is now natively supported by torch.compile as an opaque value type. Calling register_constant() on Enum subclasses is deprecated and will be an error in a future release.
W0910 08:33:42.511000 36750 torch/utils/_pytree.py:630] <enum 'ScaleCalculationMode'> is an Enum subclass and is now natively supported by torch.compile as an opaque value type. Calling register_constant() on Enum subclasses is deprecated and will be an error in a future release.
W0910 08:33:42.666000 36749 torch/utils/_pytree.py:630] <enum 'KernelPreference'> is an Enum subclass and is now natively supported by torch.compile as an opaque value type. Calling register_constant() on Enum subclasses is deprecated and will be an error in a future release.
W0910 08:33:42.702000 36749 torch/utils/_pytree.py:630] <enum 'ScaleCalculationMode'> is an Enum subclass and is now natively supported by torch.compile as an opaque value type. Calling register_constant() on Enum subclasses is deprecated and will be an error in a future release.
[titan] 2026-09-10 08:33:43,146 - root - INFO - torchtitan version: 0.0.0+unknown (0.0.0 means __version__ is not defined correctly).
[titan] 2026-09-10 08:33:43,314 - root - INFO - torchtitan version: 0.0.0+unknown (0.0.0 means __version__ is not defined correctly).
[titan] 2026-09-10 08:33:43,758 - root - WARNING - initial_load_model_only=True has no effect without an initial_load_path.
[titan] 2026-09-10 08:33:43,860 - root - WARNING - initial_load_model_only=True has no effect without an initial_load_path.
[titan] 2026-09-10 08:33:43,861 - torchtitan.observability.structured_logger.jsonl_handler - INFO - Structured logging -> JSONL: /workspace/tp_final_out/dp2_parent_st/structured_logs/training.global_rank_1.20260910-083343-V6Y12Y.jsonl
[titan] 2026-09-10 08:33:43,920 - root - WARNING - initial_load_model_only=True has no effect without an initial_load_path.
[titan] 2026-09-10 08:33:44,020 - root - WARNING - initial_load_model_only=True has no effect without an initial_load_path.
[titan] 2026-09-10 08:33:44,021 - torchtitan.observability.structured_logger.jsonl_handler - INFO - Structured logging -> JSONL: /workspace/tp_final_out/dp2_parent_st/structured_logs/training.global_rank_0.20260910-083344-ZMULNX.jsonl
[titan] 2026-09-10 08:33:44,140 - root - WARNING - ENV[TORCH_NCCL_ASYNC_ERROR_HANDLING] = 1 will be overridden to 3 based on job config
[titan] 2026-09-10 08:33:44,234 - root - WARNING - ENV[TORCH_NCCL_ASYNC_ERROR_HANDLING] = 1 will be overridden to 3 based on job config
[titan] 2026-09-10 08:33:45,014 - root - INFO - Building device mesh with parallelism: pp=1, dp_replicate=1, dp_shard=2, cp=1, tp=1, ep=1
[titan] 2026-09-10 08:33:45,015 - root - INFO - Building device mesh with parallelism: pp=1, dp_replicate=1, dp_shard=2, cp=1, tp=1, ep=1
[titan] 2026-09-10 08:33:45,220 - root - INFO - Successfully created meshes with active dimensions: ['batch', 'loss', 'dp', 'dp_shard']
[titan] 2026-09-10 08:33:45,221 - root - INFO - [GC] Initial GC collection took 0.00 seconds
[titan] 2026-09-10 08:33:45,221 - root - INFO - Deterministic algorithm enabled (expect perf degradation).
[titan] 2026-09-10 08:33:45,222 - root - INFO - Successfully created meshes with active dimensions: ['batch', 'loss', 'dp', 'dp_shard']
[titan] 2026-09-10 08:33:45,224 - root - INFO - [GC] Initial GC collection took 0.00 seconds
[titan] 2026-09-10 08:33:45,224 - root - INFO - Deterministic algorithm enabled (expect perf degradation).
[titan] 2026-09-10 08:33:45,248 - root - INFO - Building kimi_k3 debugmodel
[titan] 2026-09-10 08:33:45,275 - root - INFO - Building kimi_k3 debugmodel
[titan] 2026-09-10 08:33:45,479 - root - INFO - CUDA capacity: NVIDIA A100-SXM4-40GB with 39.49GiB memory
[titan] 2026-09-10 08:33:45,481 - root - WARNING - Error running lspci: [Errno 2] No such file or directory: 'lspci', fallback to use device_name
[titan] 2026-09-10 08:33:45,488 - root - INFO - Total parameter count: 1,119,984,672, active parameters: 535,879,200
[titan] 2026-09-10 08:33:45,488 - root - INFO - [34mModel kimi_k3 debugmodel [31msize: 1,119,984,672 total parameters[39m
[titan] 2026-09-10 08:33:45,508 - root - INFO - CUDA capacity: NVIDIA A100-SXM4-40GB with 39.49GiB memory
[titan] 2026-09-10 08:33:45,510 - root - WARNING - Error running lspci: [Errno 2] No such file or directory: 'lspci', fallback to use device_name
[titan] 2026-09-10 08:33:45,517 - root - INFO - Total parameter count: 1,119,984,672, active parameters: 535,879,200
[titan] 2026-09-10 08:33:45,517 - root - INFO - [34mModel kimi_k3 debugmodel [31msize: 1,119,984,672 total parameters[39m
[titan] 2026-09-10 08:33:45,544 - root - INFO - Applied SelectiveAC activation checkpointing to the model
[titan] 2026-09-10 08:33:45,546 - root - INFO - Applied SelectiveAC activation checkpointing to the model
[titan] 2026-09-10 08:33:45,574 - root - INFO - Applied SelectiveAC activation checkpointing to the model
[titan] 2026-09-10 08:33:45,576 - root - INFO - Applied SelectiveAC activation checkpointing to the model
[titan] 2026-09-10 08:33:45,967 - root - INFO - Applied FSDP to the model
[titan] 2026-09-10 08:33:45,995 - root - INFO - Applied FSDP to the model
[titan] 2026-09-10 08:33:47,146 - root - WARNING - Error running lspci: [Errno 2] No such file or directory: 'lspci', fallback to use device_name
[titan] 2026-09-10 08:33:47,146 - root - INFO - Peak FLOPS used for computing MFU: 3.120e+14
[titan] 2026-09-10 08:33:47,146 - root - WARNING - Error running lspci: [Errno 2] No such file or directory: 'lspci', fallback to use device_name
[titan] 2026-09-10 08:33:47,146 - root - INFO - CUDA memory usage for model: 1.94GiB(4.91%)
[titan] 2026-09-10 08:33:47,146 - root - INFO - Peak FLOPS used for computing MFU: 3.120e+14
[titan] 2026-09-10 08:33:47,147 - root - INFO - CUDA memory usage for model: 1.94GiB(4.91%)
[titan] 2026-09-10 08:33:47,152 - root - INFO - Optimizer AdamW (model_part=0): 750 params [.*] {'fused': True, 'foreach': False, 'lr': 0.0008, 'betas': (0.9, 0.95), 'eps': 1e-08, 'weight_decay': 0.1}
[titan] 2026-09-10 08:33:47,152 - root - INFO - Optimizer AdamW (model_part=0): 750 params [.*] {'fused': True, 'foreach': False, 'lr': 0.0008, 'betas': (0.9, 0.95), 'eps': 1e-08, 'weight_decay': 0.1}
[titan] 2026-09-10 08:33:47,156 - root - INFO - Loading tokenizer from tokenizer.json
[titan] 2026-09-10 08:33:47,156 - root - INFO - Loading tokenizer from tokenizer.json
[titan] 2026-09-10 08:33:47,182 - root - WARNING - model.safetensors.index.json not found at hf_assets_path: ./tests/assets/tokenizer/model.safetensors.index.json.                     Defaulting to saving a single safetensors file if checkpoint is saved in HF format
[titan] 2026-09-10 08:33:47,182 - root - WARNING - initial_load_model_only=True has no effect without an initial_load_path.
[titan] 2026-09-10 08:33:47,183 - root - WARNING - model.safetensors.index.json not found at hf_assets_path: ./tests/assets/tokenizer/model.safetensors.index.json.                     Defaulting to saving a single safetensors file if checkpoint is saved in HF format
[titan] 2026-09-10 08:33:47,183 - root - WARNING - initial_load_model_only=True has no effect without an initial_load_path.
[titan] 2026-09-10 08:33:47,200 - root - INFO - Checkpointing active. Checkpoints will be loaded from and saved to /workspace/tp_final_out/dp2_parent_st/checkpoint
[titan] 2026-09-10 08:33:47,200 - root - INFO - Trainer is initialized with 256 tokens per DP rank, 512 tokens per train step, gradient accumulation steps 1, maximum context length 256, total steps 100 (warmup 2)
[titan] 2026-09-10 08:33:47,200 - root - INFO - Loading the checkpoint from /workspace/tp_final_out/dp2_parent_st/checkpoint/step-0.
[titan] 2026-09-10 08:33:47,201 - root - INFO - Checkpointing active. Checkpoints will be loaded from and saved to /workspace/tp_final_out/dp2_parent_st/checkpoint
[titan] 2026-09-10 08:33:47,201 - root - INFO - Trainer is initialized with 256 tokens per DP rank, 512 tokens per train step, gradient accumulation steps 1, maximum context length 256, total steps 100 (warmup 2)
[titan] 2026-09-10 08:33:47,201 - root - INFO - Loading the checkpoint from /workspace/tp_final_out/dp2_parent_st/checkpoint/step-0.
[titan] 2026-09-10 08:45:27,821 - root - INFO - [GC] GC collection for checkpoint loading. took 0.05 seconds
[titan] 2026-09-10 08:45:27,821 - root - INFO - Finished loading the checkpoint in 700.62 seconds.
[titan] 2026-09-10 08:45:27,822 - root - INFO - [GC] GC collection for checkpoint loading. took 0.05 seconds
[titan] 2026-09-10 08:45:27,822 - root - INFO - Finished loading the checkpoint in 700.62 seconds.
[titan] 2026-09-10 08:45:27,822 - root - INFO - Training starts at step 1
[titan] 2026-09-10 08:45:27,823 - root - INFO - Training starts at step 1
/workspace/venv/lib/python3.12/site-packages/torch/distributed/fsdp/_fully_shard/_fsdp_state.py:336: UserWarning: FSDP2-wrapped module (FSDPCheckpointWrapper) returned a view tensor. An in-place op on this view (e.g., `x += y`) will silently drop the pre-backward hook and skip the all-gather, which can cause backward to fail or produce wrong gradients. Use out-of-place ops (`out = out + y`, not `out += y`) or `.clone()` the output before any in-place op.
  output = self._register_pre_backward_hook(output)
/workspace/venv/lib/python3.12/site-packages/torch/distributed/fsdp/_fully_shard/_fsdp_state.py:336: UserWarning: FSDP2-wrapped module (FSDPCheckpointWrapper) returned a view tensor. An in-place op on this view (e.g., `x += y`) will silently drop the pre-backward hook and skip the all-gather, which can cause backward to fail or produce wrong gradients. Use out-of-place ops (`out = out + y`, not `out += y`) or `.clone()` the output before any in-place op.
  output = self._register_pre_backward_hook(output)
/workspace/venv/lib/python3.12/site-packages/torch/distributed/fsdp/_fully_shard/_fsdp_state.py:336: UserWarning: FSDP2-wrapped module (FSDPCheckpointWrapper) returned a view tensor. An in-place op on this view (e.g., `x += y`) will silently drop the pre-backward hook and skip the all-gather, which can cause backward to fail or produce wrong gradients. Use out-of-place ops (`out = out + y`, not `out += y`) or `.clone()` the output before any in-place op.
  output = self._register_pre_backward_hook(output)
/workspace/venv/lib/python3.12/site-packages/torch/distributed/fsdp/_fully_shard/_fsdp_state.py:336: UserWarning: FSDP2-wrapped module (FSDPCheckpointWrapper) returned a view tensor. An in-place op on this view (e.g., `x += y`) will silently drop the pre-backward hook and skip the all-gather, which can cause backward to fail or produce wrong gradients. Use out-of-place ops (`out = out + y`, not `out += y`) or `.clone()` the output before any in-place op.
  output = self._register_pre_backward_hook(output)
[titan] 2026-09-10 08:46:35,919 - root - INFO - [31mstep:  1  [32mloss: 12.46731  [38;2;180;60;0mgrad_norm: 24.0000  [38;2;54;234;195mmemory:  6.19GiB(15.67%)  [34mtps: 0  [36mtflops: 0.00  [35mmfu: 0.00%[39m
[titan] 2026-09-10 08:46:35,919 - root - INFO - [31mstep:  1  [32mloss: 12.46731  [38;2;180;60;0mgrad_norm: 24.0000  [38;2;54;234;195mmemory:  6.19GiB(15.67%)  [34mtps: 0  [36mtflops: 0.00  [35mmfu: 0.00%[39m
[titan] 2026-09-10 08:46:35,923 - root - INFO - Synchronizing and adjusting timeout for all ProcessGroups to 0:01:40
[titan] 2026-09-10 08:46:35,928 - root - INFO - Synchronizing and adjusting timeout for all ProcessGroups to 0:01:40
/workspace/venv/lib/python3.12/site-packages/torch/distributed/fsdp/_fully_shard/_fsdp_state.py:336: UserWarning: FSDP2-wrapped module (FSDPCheckpointWrapper) returned a view tensor. An in-place op on this view (e.g., `x += y`) will silently drop the pre-backward hook and skip the all-gather, which can cause backward to fail or produce wrong gradients. Use out-of-place ops (`out = out + y`, not `out += y`) or `.clone()` the output before any in-place op.
  output = self._register_pre_backward_hook(output)
[titan] 2026-09-10 08:46:46,867 - root - INFO - [31mstep:  2  [32mloss: 11.03210  [38;2;180;60;0mgrad_norm: 27.2500  [38;2;54;234;195mmemory:  7.30GiB(18.50%)  [34mtps: 23  [36mtflops: 0.08  [35mmfu: 0.02%[39m
[titan] 2026-09-10 08:46:46,868 - root - INFO - [31mstep:  2  [32mloss: 11.03210  [38;2;180;60;0mgrad_norm: 27.2500  [38;2;54;234;195mmemory:  7.30GiB(18.50%)  [34mtps: 23  [36mtflops: 0.08  [35mmfu: 0.02%[39m
/workspace/venv/lib/python3.12/site-packages/torch/distributed/fsdp/_fully_shard/_fsdp_state.py:336: UserWarning: FSDP2-wrapped module (FSDPCheckpointWrapper) returned a view tensor. An in-place op on this view (e.g., `x += y`) will silently drop the pre-backward hook and skip the all-gather, which can cause backward to fail or produce wrong gradients. Use out-of-place ops (`out = out + y`, not `out += y`) or `.clone()` the output before any in-place op.
  output = self._register_pre_backward_hook(output)
[titan] 2026-09-10 08:46:52,585 - root - INFO - [31mstep:  3  [32mloss:  9.54536  [38;2;180;60;0mgrad_norm: 17.3750  [38;2;54;234;195mmemory:  7.30GiB(18.50%)  [34mtps: 45  [36mtflops: 0.15  [35mmfu: 0.05%[39m
[titan] 2026-09-10 08:46:52,585 - root - INFO - [31mstep:  3  [32mloss:  9.54536  [38;2;180;60;0mgrad_norm: 17.3750  [38;2;54;234;195mmemory:  7.31GiB(18.51%)  [34mtps: 45  [36mtflops: 0.15  [35mmfu: 0.05%[39m
[titan] 2026-09-10 08:46:53,748 - root - INFO - [31mstep:  4  [32mloss:  9.80410  [38;2;180;60;0mgrad_norm: 23.7500  [38;2;54;234;195mmemory:  7.30GiB(18.50%)  [34mtps: 220  [36mtflops: 0.73  [35mmfu: 0.23%[39m
[titan] 2026-09-10 08:46:53,748 - root - INFO - [31mstep:  4  [32mloss:  9.80410  [38;2;180;60;0mgrad_norm: 23.7500  [38;2;54;234;195mmemory:  7.31GiB(18.51%)  [34mtps: 220  [36mtflops: 0.73  [35mmfu: 0.23%[39m
[titan] 2026-09-10 08:46:54,925 - root - INFO - [31mstep:  5  [32mloss:  7.02394  [38;2;180;60;0mgrad_norm:  9.7500  [38;2;54;234;195mmemory:  7.31GiB(18.51%)  [34mtps: 217  [36mtflops: 0.72  [35mmfu: 0.23%[39m
[titan] 2026-09-10 08:46:54,926 - root - INFO - [31mstep:  5  [32mloss:  7.02394  [38;2;180;60;0mgrad_norm:  9.7500  [38;2;54;234;195mmemory:  7.31GiB(18.51%)  [34mtps: 217  [36mtflops: 0.72  [35mmfu: 0.23%[39m
[titan] 2026-09-10 08:46:56,066 - root - INFO - [31mstep:  6  [32mloss:  6.75985  [38;2;180;60;0mgrad_norm:  8.5625  [38;2;54;234;195mmemory:  7.31GiB(18.51%)  [34mtps: 225  [36mtflops: 0.75  [35mmfu: 0.24%[39m
[titan] 2026-09-10 08:46:56,066 - root - INFO - [31mstep:  6  [32mloss:  6.75985  [38;2;180;60;0mgrad_norm:  8.5625  [38;2;54;234;195mmemory:  7.31GiB(18.51%)  [34mtps: 225  [36mtflops: 0.75  [35mmfu: 0.24%[39m
[titan] 2026-09-10 08:46:57,205 - root - INFO - [31mstep:  7  [32mloss:  5.35164  [38;2;180;60;0mgrad_norm:  7.9688  [38;2;54;234;195mmemory:  7.31GiB(18.51%)  [34mtps: 225  [36mtflops: 0.75  [35mmfu: 0.24%[39m
[titan] 2026-09-10 08:46:57,206 - root - INFO - [31mstep:  7  [32mloss:  5.35164  [38;2;180;60;0mgrad_norm:  7.9688  [38;2;54;234;195mmemory:  7.31GiB(18.51%)  [34mtps: 225  [36mtflops: 0.75  [35mmfu: 0.24%[39m
[titan] 2026-09-10 08:46:58,341 - root - INFO - [31mstep:  8  [32mloss:  5.35204  [38;2;180;60;0mgrad_norm: 12.2500  [38;2;54;234;195mmemory:  7.31GiB(18.51%)  [34mtps: 225  [36mtflops: 0.75  [35mmfu: 0.24%[39m
[titan] 2026-09-10 08:46:58,341 - root - INFO - [31mstep:  8  [32mloss:  5.35204  [38;2;180;60;0mgrad_norm: 12.2500  [38;2;54;234;195mmemory:  7.31GiB(18.51%)  [34mtps: 226  [36mtflops: 0.75  [35mmfu: 0.24%[39m
[titan] 2026-09-10 08:46:59,456 - root - INFO - [31mstep:  9  [32mloss:  3.48503  [38;2;180;60;0mgrad_norm:  5.5625  [38;2;54;234;195mmemory:  7.31GiB(18.51%)  [34mtps: 230  [36mtflops: 0.76  [35mmfu: 0.24%[39m
[titan] 2026-09-10 08:46:59,457 - root - INFO - [31mstep:  9  [32mloss:  3.48503  [38;2;180;60;0mgrad_norm:  5.5625  [38;2;54;234;195mmemory:  7.31GiB(18.51%)  [34mtps: 230  [36mtflops: 0.76  [35mmfu: 0.24%[39m
[titan] 2026-09-10 08:47:00,583 - root - INFO - [31mstep: 10  [32mloss:  3.87216  [38;2;180;60;0mgrad_norm:  4.1875  [38;2;54;234;195mmemory:  7.31GiB(18.51%)  [34mtps: 227  [36mtflops: 0.76  [35mmfu: 0.24%[39m
[titan] 2026-09-10 08:47:00,583 - root - INFO - [31mstep: 10  [32mloss:  3.87216  [38;2;180;60;0mgrad_norm:  4.1875  [38;2;54;234;195mmemory:  7.31GiB(18.51%)  [34mtps: 227  [36mtflops: 0.76  [35mmfu: 0.24%[39m
[titan] 2026-09-10 08:47:01,730 - root - INFO - [31mstep: 11  [32mloss:  3.56517  [38;2;180;60;0mgrad_norm:  5.3438  [38;2;54;234;195mmemory:  7.31GiB(18.51%)  [34mtps: 223  [36mtflops: 0.74  [35mmfu: 0.24%[39m
[titan] 2026-09-10 08:47:01,730 - root - INFO - [31mstep: 11  [32mloss:  3.56517  [38;2;180;60;0mgrad_norm:  5.3438  [38;2;54;234;195mmemory:  7.31GiB(18.51%)  [34mtps: 223  [36mtflops: 0.74  [35mmfu: 0.24%[39m
[titan] 2026-09-10 08:47:02,851 - root - INFO - [31mstep: 12  [32mloss:  4.24960  [38;2;180;60;0mgrad_norm:  6.8438  [38;2;54;234;195mmemory:  7.31GiB(18.51%)  [34mtps: 228  [36mtflops: 0.76  [35mmfu: 0.24%[39m
[titan] 2026-09-10 08:47:02,851 - root - INFO - [31mstep: 12  [32mloss:  4.24960  [38;2;180;60;0mgrad_norm:  6.8438  [38;2;54;234;195mmemory:  7.31GiB(18.51%)  [34mtps: 228  [36mtflops: 0.76  [35mmfu: 0.24%[39m
[titan] 2026-09-10 08:47:03,964 - root - INFO - [31mstep: 13  [32mloss:  3.22962  [38;2;180;60;0mgrad_norm:  4.7500  [38;2;54;234;195mmemory:  7.31GiB(18.51%)  [34mtps: 230  [36mtflops: 0.76  [35mmfu: 0.25%[39m
[titan] 2026-09-10 08:47:03,964 - root - INFO - [31mstep: 13  [32mloss:  3.22962  [38;2;180;60;0mgrad_norm:  4.7500  [38;2;54;234;195mmemory:  7.31GiB(18.51%)  [34mtps: 230  [36mtflops: 0.76  [35mmfu: 0.25%[39m
[titan] 2026-09-10 08:47:05,072 - root - INFO - [31mstep: 14  [32mloss:  3.27703  [38;2;180;60;0mgrad_norm:  4.5312  [38;2;54;234;195mmemory:  7.31GiB(18.51%)  [34mtps: 231  [36mtflops: 0.77  [35mmfu: 0.25%[39m
[titan] 2026-09-10 08:47:05,072 - root - INFO - [31mstep: 14  [32mloss:  3.27703  [38;2;180;60;0mgrad_norm:  4.5312  [38;2;54;234;195mmemory:  7.31GiB(18.51%)  [34mtps: 231  [36mtflops: 0.77  [35mmfu: 0.25%[39m
[titan] 2026-09-10 08:47:06,184 - root - INFO - [31mstep: 15  [32mloss:  4.08675  [38;2;180;60;0mgrad_norm:  4.2188  [38;2;54;234;195mmemory:  7.31GiB(18.51%)  [34mtps: 230  [36mtflops: 0.77  [35mmfu: 0.25%[39m
[titan] 2026-09-10 08:47:06,185 - root - INFO - [31mstep: 15  [32mloss:  4.08675  [38;2;180;60;0mgrad_norm:  4.2188  [38;2;54;234;195mmemory:  7.31GiB(18.51%)  [34mtps: 230  [36mtflops: 0.77  [35mmfu: 0.25%[39m
[titan] 2026-09-10 08:47:07,327 - root - INFO - [31mstep: 16  [32mloss:  3.18291  [38;2;180;60;0mgrad_norm:  4.3438  [38;2;54;234;195mmemory:  7.31GiB(18.51%)  [34mtps: 224  [36mtflops: 0.75  [35mmfu: 0.24%[39m
[titan] 2026-09-10 08:47:07,327 - root - INFO - [31mstep: 16  [32mloss:  3.18291  [38;2;180;60;0mgrad_norm:  4.3438  [38;2;54;234;195mmemory:  7.31GiB(18.51%)  [34mtps: 224  [36mtflops: 0.75  [35mmfu: 0.24%[39m
[titan] 2026-09-10 08:47:08,435 - root - INFO - [31mstep: 17  [32mloss:  3.27029  [38;2;180;60;0mgrad_norm:  4.8750  [38;2;54;234;195mmemory:  7.31GiB(18.51%)  [34mtps: 231  [36mtflops: 0.77  [35mmfu: 0.25%[39m
[titan] 2026-09-10 08:47:08,435 - root - INFO - [31mstep: 17  [32mloss:  3.27029  [38;2;180;60;0mgrad_norm:  4.8750  [38;2;54;234;195mmemory:  7.31GiB(18.51%)  [34mtps: 231  [36mtflops: 0.77  [35mmfu: 0.25%[39m
[titan] 2026-09-10 08:47:09,544 - root - INFO - [31mstep: 18  [32mloss:  2.58081  [38;2;180;60;0mgrad_norm:  4.6562  [38;2;54;234;195mmemory:  7.31GiB(18.51%)  [34mtps: 231  [36mtflops: 0.77  [35mmfu: 0.25%[39m
[titan] 2026-09-10 08:47:09,544 - root - INFO - [31mstep: 18  [32mloss:  2.58081  [38;2;180;60;0mgrad_norm:  4.6562  [38;2;54;234;195mmemory:  7.31GiB(18.51%)  [34mtps: 231  [36mtflops: 0.77  [35mmfu: 0.25%[39m
[titan] 2026-09-10 08:47:10,653 - root - INFO - [31mstep: 19  [32mloss:  3.41032  [38;2;180;60;0mgrad_norm:  5.5000  [38;2;54;234;195mmemory:  7.31GiB(18.51%)  [34mtps: 231  [36mtflops: 0.77  [35mmfu: 0.25%[39m
[titan] 2026-09-10 08:47:10,653 - root - INFO - [31mstep: 19  [32mloss:  3.41032  [38;2;180;60;0mgrad_norm:  5.5000  [38;2;54;234;195mmemory:  7.31GiB(18.51%)  [34mtps: 231  [36mtflops: 0.77  [35mmfu: 0.25%[39m
[titan] 2026-09-10 08:47:11,752 - root - INFO - [31mstep: 20  [32mloss:  3.40611  [38;2;180;60;0mgrad_norm:  4.6250  [38;2;54;234;195mmemory:  7.31GiB(18.51%)  [34mtps: 233  [36mtflops: 0.77  [35mmfu: 0.25%[39m
[titan] 2026-09-10 08:47:11,752 - root - INFO - [31mstep: 20  [32mloss:  3.40611  [38;2;180;60;0mgrad_norm:  4.6250  [38;2;54;234;195mmemory:  7.31GiB(18.51%)  [34mtps: 233  [36mtflops: 0.77  [35mmfu: 0.25%[39m
[titan] 2026-09-10 08:47:12,867 - root - INFO - [31mstep: 21  [32mloss:  3.24848  [38;2;180;60;0mgrad_norm:  4.5625  [38;2;54;234;195mmemory:  7.31GiB(18.51%)  [34mtps: 230  [36mtflops: 0.76  [35mmfu: 0.24%[39m
[titan] 2026-09-10 08:47:12,868 - root - INFO - [31mstep: 21  [32mloss:  3.24848  [38;2;180;60;0mgrad_norm:  4.5625  [38;2;54;234;195mmemory:  7.31GiB(18.51%)  [34mtps: 230  [36mtflops: 0.76  [35mmfu: 0.24%[39m
[titan] 2026-09-10 08:47:13,980 - root - INFO - [31mstep: 22  [32mloss:  2.76006  [38;2;180;60;0mgrad_norm:  4.4375  [38;2;54;234;195mmemory:  7.31GiB(18.51%)  [34mtps: 230  [36mtflops: 0.77  [35mmfu: 0.25%[39m
[titan] 2026-09-10 08:47:13,980 - root - INFO - [31mstep: 22  [32mloss:  2.76006  [38;2;180;60;0mgrad_norm:  4.4375  [38;2;54;234;195mmemory:  7.31GiB(18.51%)  [34mtps: 230  [36mtflops: 0.77  [35mmfu: 0.25%[39m
[titan] 2026-09-10 08:47:15,107 - root - INFO - [31mstep: 23  [32mloss:  2.50041  [38;2;180;60;0mgrad_norm:  4.2500  [38;2;54;234;195mmemory:  7.31GiB(18.51%)  [34mtps: 227  [36mtflops: 0.75  [35mmfu: 0.24%[39m
[titan] 2026-09-10 08:47:15,108 - root - INFO - [31mstep: 23  [32mloss:  2.50041  [38;2;180;60;0mgrad_norm:  4.2500  [38;2;54;234;195mmemory:  7.31GiB(18.51%)  [34mtps: 227  [36mtflops: 0.75  [35mmfu: 0.24%[39m
[titan] 2026-09-10 08:47:16,225 - root - INFO - [31mstep: 24  [32mloss:  2.94425  [38;2;180;60;0mgrad_norm:  4.2500  [38;2;54;234;195mmemory:  7.31GiB(18.51%)  [34mtps: 229  [36mtflops: 0.76  [35mmfu: 0.24%[39m
[titan] 2026-09-10 08:47:16,226 - root - INFO - [31mstep: 24  [32mloss:  2.94425  [38;2;180;60;0mgrad_norm:  4.2500  [38;2;54;234;195mmemory:  7.31GiB(18.51%)  [34mtps: 229  [36mtflops: 0.76  [35mmfu: 0.24%[39m
[titan] 2026-09-10 08:47:17,343 - root - INFO - [31mstep: 25  [32mloss:  2.68343  [38;2;180;60;0mgrad_norm:  4.2500  [38;2;54;234;195mmemory:  7.31GiB(18.51%)  [34mtps: 229  [36mtflops: 0.76  [35mmfu: 0.24%[39m
[titan] 2026-09-10 08:47:17,343 - root - INFO - [31mstep: 25  [32mloss:  2.68343  [38;2;180;60;0mgrad_norm:  4.2500  [38;2;54;234;195mmemory:  7.31GiB(18.51%)  [34mtps: 229  [36mtflops: 0.76  [35mmfu: 0.24%[39m
[titan] 2026-09-10 08:47:18,469 - root - INFO - [31mstep: 26  [32mloss:  3.17643  [38;2;180;60;0mgrad_norm:  3.4219  [38;2;54;234;195mmemory:  7.31GiB(18.51%)  [34mtps: 227  [36mtflops: 0.76  [35mmfu: 0.24%[39m
[titan] 2026-09-10 08:47:18,469 - root - INFO - [31mstep: 26  [32mloss:  3.17643  [38;2;180;60;0mgrad_norm:  3.4219  [38;2;54;234;195mmemory:  7.31GiB(18.51%)  [34mtps: 227  [36mtflops: 0.76  [35mmfu: 0.24%[39m
[titan] 2026-09-10 08:47:19,590 - root - INFO - [31mstep: 27  [32mloss:  2.91640  [38;2;180;60;0mgrad_norm:  4.0938  [38;2;54;234;195mmemory:  7.31GiB(18.51%)  [34mtps: 229  [36mtflops: 0.76  [35mmfu: 0.24%[39m
[titan] 2026-09-10 08:47:19,590 - root - INFO - [31mstep: 27  [32mloss:  2.91640  [38;2;180;60;0mgrad_norm:  4.0938  [38;2;54;234;195mmemory:  7.31GiB(18.51%)  [34mtps: 229  [36mtflops: 0.76  [35mmfu: 0.24%[39m
[titan] 2026-09-10 08:47:20,694 - root - INFO - [31mstep: 28  [32mloss:  3.43872  [38;2;180;60;0mgrad_norm:  3.8594  [38;2;54;234;195mmemory:  7.31GiB(18.51%)  [34mtps: 232  [36mtflops: 0.77  [35mmfu: 0.25%[39m
[titan] 2026-09-10 08:47:20,694 - root - INFO - [31mstep: 28  [32mloss:  3.43872  [38;2;180;60;0mgrad_norm:  3.8594  [38;2;54;234;195mmemory:  7.31GiB(18.51%)  [34mtps: 232  [36mtflops: 0.77  [35mmfu: 0.25%[39m
[titan] 2026-09-10 08:47:21,796 - root - INFO - [31mstep: 29  [32mloss:  3.14069  [38;2;180;60;0mgrad_norm:  3.3750  [38;2;54;234;195mmemory:  7.31GiB(18.51%)  [34mtps: 232  [36mtflops: 0.77  [35mmfu: 0.25%[39m
[titan] 2026-09-10 08:47:21,796 - root - INFO - [31mstep: 29  [32mloss:  3.14069  [38;2;180;60;0mgrad_norm:  3.3750  [38;2;54;234;195mmemory:  7.31GiB(18.51%)  [34mtps: 232  [36mtflops: 0.77  [35mmfu: 0.25%[39m
[titan] 2026-09-10 08:47:22,901 - root - INFO - [31mstep: 30  [32mloss:  2.82723  [38;2;180;60;0mgrad_norm:  4.5938  [38;2;54;234;195mmemory:  7.31GiB(18.51%)  [34mtps: 232  [36mtflops: 0.77  [35mmfu: 0.25%[39m
[titan] 2026-09-10 08:47:22,901 - root - INFO - [31mstep: 30  [32mloss:  2.82723  [38;2;180;60;0mgrad_norm:  4.5938  [38;2;54;234;195mmemory:  7.31GiB(18.51%)  [34mtps: 232  [36mtflops: 0.77  [35mmfu: 0.25%[39m
[titan] 2026-09-10 08:47:24,011 - root - INFO - [31mstep: 31  [32mloss:  2.72528  [38;2;180;60;0mgrad_norm:  3.7188  [38;2;54;234;195mmemory:  7.31GiB(18.51%)  [34mtps: 231  [36mtflops: 0.77  [35mmfu: 0.25%[39m
[titan] 2026-09-10 08:47:24,011 - root - INFO - [31mstep: 31  [32mloss:  2.72528  [38;2;180;60;0mgrad_norm:  3.7188  [38;2;54;234;195mmemory:  7.31GiB(18.51%)  [34mtps: 231  [36mtflops: 0.77  [35mmfu: 0.25%[39m
[titan] 2026-09-10 08:47:25,124 - root - INFO - [31mstep: 32  [32mloss:  2.61726  [38;2;180;60;0mgrad_norm:  9.1875  [38;2;54;234;195mmemory:  7.31GiB(18.51%)  [34mtps: 230  [36mtflops: 0.76  [35mmfu: 0.25%[39m
[titan] 2026-09-10 08:47:25,124 - root - INFO - [31mstep: 32  [32mloss:  2.61726  [38;2;180;60;0mgrad_norm:  9.1875  [38;2;54;234;195mmemory:  7.31GiB(18.51%)  [34mtps: 230  [36mtflops: 0.76  [35mmfu: 0.25%[39m
[titan] 2026-09-10 08:47:26,231 - root - INFO - [31mstep: 33  [32mloss:  2.93456  [38;2;180;60;0mgrad_norm:  5.3125  [38;2;54;234;195mmemory:  7.31GiB(18.51%)  [34mtps: 231  [36mtflops: 0.77  [35mmfu: 0.25%[39m
[titan] 2026-09-10 08:47:26,231 - root - INFO - [31mstep: 33  [32mloss:  2.93456  [38;2;180;60;0mgrad_norm:  5.3125  [38;2;54;234;195mmemory:  7.31GiB(18.51%)  [34mtps: 231  [36mtflops: 0.77  [35mmfu: 0.25%[39m
[titan] 2026-09-10 08:47:27,346 - root - INFO - [31mstep: 34  [32mloss:  3.49382  [38;2;180;60;0mgrad_norm:  3.5469  [38;2;54;234;195mmemory:  7.31GiB(18.51%)  [34mtps: 230  [36mtflops: 0.76  [35mmfu: 0.24%[39m
[titan] 2026-09-10 08:47:27,346 - root - INFO - [31mstep: 34  [32mloss:  3.49382  [38;2;180;60;0mgrad_norm:  3.5469  [38;2;54;234;195mmemory:  7.31GiB(18.51%)  [34mtps: 230  [36mtflops: 0.76  [35mmfu: 0.24%[39m
[titan] 2026-09-10 08:47:28,446 - root - INFO - [31mstep: 35  [32mloss:  2.53757  [38;2;180;60;0mgrad_norm:  3.3281  [38;2;54;234;195mmemory:  7.31GiB(18.51%)  [34mtps: 233  [36mtflops: 0.77  [35mmfu: 0.25%[39m
[titan] 2026-09-10 08:47:28,446 - root - INFO - [31mstep: 35  [32mloss:  2.53757  [38;2;180;60;0mgrad_norm:  3.3281  [38;2;54;234;195mmemory:  7.31GiB(18.51%)  [34mtps: 233  [36mtflops: 0.77  [35mmfu: 0.25%[39m
[titan] 2026-09-10 08:47:29,562 - root - INFO - [31mstep: 36  [32mloss:  3.54875  [38;2;180;60;0mgrad_norm:  4.9688  [38;2;54;234;195mmemory:  7.31GiB(18.51%)  [34mtps: 229  [36mtflops: 0.76  [35mmfu: 0.24%[39m
[titan] 2026-09-10 08:47:29,562 - root - INFO - [31mstep: 36  [32mloss:  3.54875  [38;2;180;60;0mgrad_norm:  4.9688  [38;2;54;234;195mmemory:  7.31GiB(18.51%)  [34mtps: 229  [36mtflops: 0.76  [35mmfu: 0.24%[39m
[titan] 2026-09-10 08:47:30,682 - root - INFO - [31mstep: 37  [32mloss:  3.05152  [38;2;180;60;0mgrad_norm:  4.7812  [38;2;54;234;195mmemory:  7.31GiB(18.51%)  [34mtps: 229  [36mtflops: 0.76  [35mmfu: 0.24%[39m
[titan] 2026-09-10 08:47:30,682 - root - INFO - [31mstep: 37  [32mloss:  3.05152  [38;2;180;60;0mgrad_norm:  4.7812  [38;2;54;234;195mmemory:  7.31GiB(18.51%)  [34mtps: 229  [36mtflops: 0.76  [35mmfu: 0.24%[39m
[titan] 2026-09-10 08:47:31,798 - root - INFO - [31mstep: 38  [32mloss:  2.60093  [38;2;180;60;0mgrad_norm:  5.2188  [38;2;54;234;195mmemory:  7.31GiB(18.51%)  [34mtps: 229  [36mtflops: 0.76  [35mmfu: 0.24%[39m
[titan] 2026-09-10 08:47:31,798 - root - INFO - [31mstep: 38  [32mloss:  2.60093  [38;2;180;60;0mgrad_norm:  5.2188  [38;2;54;234;195mmemory:  7.31GiB(18.51%)  [34mtps: 229  [36mtflops: 0.76  [35mmfu: 0.24%[39m
[titan] 2026-09-10 08:47:32,913 - root - INFO - [31mstep: 39  [32mloss:  2.64956  [38;2;180;60;0mgrad_norm:  3.2500  [38;2;54;234;195mmemory:  7.31GiB(18.51%)  [34mtps: 230  [36mtflops: 0.76  [35mmfu: 0.24%[39m
[titan] 2026-09-10 08:47:32,913 - root - INFO - [31mstep: 39  [32mloss:  2.64956  [38;2;180;60;0mgrad_norm:  3.2500  [38;2;54;234;195mmemory:  7.31GiB(18.51%)  [34mtps: 230  [36mtflops: 0.76  [35mmfu: 0.24%[39m
[titan] 2026-09-10 08:47:34,016 - root - INFO - [31mstep: 40  [32mloss:  2.37725  [38;2;180;60;0mgrad_norm:  2.3438  [38;2;54;234;195mmemory:  7.31GiB(18.51%)  [34mtps: 232  [36mtflops: 0.77  [35mmfu: 0.25%[39m
[titan] 2026-09-10 08:47:34,016 - root - INFO - [31mstep: 40  [32mloss:  2.37725  [38;2;180;60;0mgrad_norm:  2.3438  [38;2;54;234;195mmemory:  7.31GiB(18.51%)  [34mtps: 232  [36mtflops: 0.77  [35mmfu: 0.25%[39m
[titan] 2026-09-10 08:47:35,124 - root - INFO - [31mstep: 41  [32mloss:  3.05236  [38;2;180;60;0mgrad_norm:  4.7812  [38;2;54;234;195mmemory:  7.31GiB(18.51%)  [34mtps: 231  [36mtflops: 0.77  [35mmfu: 0.25%[39m
[titan] 2026-09-10 08:47:35,124 - root - INFO - [31mstep: 41  [32mloss:  3.05236  [38;2;180;60;0mgrad_norm:  4.7812  [38;2;54;234;195mmemory:  7.31GiB(18.51%)  [34mtps: 231  [36mtflops: 0.77  [35mmfu: 0.25%[39m
[titan] 2026-09-10 08:47:36,235 - root - INFO - [31mstep: 42  [32mloss:  3.02667  [38;2;180;60;0mgrad_norm:  5.3125  [38;2;54;234;195mmemory:  7.31GiB(18.51%)  [34mtps: 230  [36mtflops: 0.77  [35mmfu: 0.25%[39m
[titan] 2026-09-10 08:47:36,235 - root - INFO - [31mstep: 42  [32mloss:  3.02667  [38;2;180;60;0mgrad_norm:  5.3125  [38;2;54;234;195mmemory:  7.31GiB(18.51%)  [34mtps: 230  [36mtflops: 0.77  [35mmfu: 0.25%[39m
[titan] 2026-09-10 08:47:37,343 - root - INFO - [31mstep: 43  [32mloss:  3.21486  [38;2;180;60;0mgrad_norm:  6.2500  [38;2;54;234;195mmemory:  7.31GiB(18.51%)  [34mtps: 231  [36mtflops: 0.77  [35mmfu: 0.25%[39m
[titan] 2026-09-10 08:47:37,343 - root - INFO - [31mstep: 43  [32mloss:  3.21486  [38;2;180;60;0mgrad_norm:  6.2500  [38;2;54;234;195mmemory:  7.31GiB(18.51%)  [34mtps: 231  [36mtflops: 0.77  [35mmfu: 0.25%[39m
[titan] 2026-09-10 08:47:38,444 - root - INFO - [31mstep: 44  [32mloss:  2.60670  [38;2;180;60;0mgrad_norm:  6.9062  [38;2;54;234;195mmemory:  7.31GiB(18.51%)  [34mtps: 233  [36mtflops: 0.77  [35mmfu: 0.25%[39m
[titan] 2026-09-10 08:47:38,444 - root - INFO - [31mstep: 44  [32mloss:  2.60670  [38;2;180;60;0mgrad_norm:  6.9062  [38;2;54;234;195mmemory:  7.31GiB(18.51%)  [34mtps: 233  [36mtflops: 0.77  [35mmfu: 0.25%[39m
[titan] 2026-09-10 08:47:39,551 - root - INFO - [31mstep: 45  [32mloss:  2.65369  [38;2;180;60;0mgrad_norm:  5.6875  [38;2;54;234;195mmemory:  7.31GiB(18.51%)  [34mtps: 231  [36mtflops: 0.77  [35mmfu: 0.25%[39m
[titan] 2026-09-10 08:47:39,551 - root - INFO - [31mstep: 45  [32mloss:  2.65369  [38;2;180;60;0mgrad_norm:  5.6875  [38;2;54;234;195mmemory:  7.31GiB(18.51%)  [34mtps: 231  [36mtflops: 0.77  [35mmfu: 0.25%[39m
[titan] 2026-09-10 08:47:40,666 - root - INFO - [31mstep: 46  [32mloss:  2.50274  [38;2;180;60;0mgrad_norm:  3.4531  [38;2;54;234;195mmemory:  7.31GiB(18.51%)  [34mtps: 230  [36mtflops: 0.76  [35mmfu: 0.24%[39m
[titan] 2026-09-10 08:47:40,666 - root - INFO - [31mstep: 46  [32mloss:  2.50274  [38;2;180;60;0mgrad_norm:  3.4531  [38;2;54;234;195mmemory:  7.31GiB(18.51%)  [34mtps: 230  [36mtflops: 0.76  [35mmfu: 0.24%[39m
[titan] 2026-09-10 08:47:41,766 - root - INFO - [31mstep: 47  [32mloss:  1.66646  [38;2;180;60;0mgrad_norm:  4.9062  [38;2;54;234;195mmemory:  7.31GiB(18.51%)  [34mtps: 233  [36mtflops: 0.77  [35mmfu: 0.25%[39m
[titan] 2026-09-10 08:47:41,766 - root - INFO - [31mstep: 47  [32mloss:  1.66646  [38;2;180;60;0mgrad_norm:  4.9062  [38;2;54;234;195mmemory:  7.31GiB(18.51%)  [34mtps: 233  [36mtflops: 0.77  [35mmfu: 0.25%[39m
[titan] 2026-09-10 08:47:42,873 - root - INFO - [31mstep: 48  [32mloss:  1.54426  [38;2;180;60;0mgrad_norm:  3.6406  [38;2;54;234;195mmemory:  7.31GiB(18.51%)  [34mtps: 231  [36mtflops: 0.77  [35mmfu: 0.25%[39m
[titan] 2026-09-10 08:47:42,873 - root - INFO - [31mstep: 48  [32mloss:  1.54426  [38;2;180;60;0mgrad_norm:  3.6406  [38;2;54;234;195mmemory:  7.31GiB(18.51%)  [34mtps: 231  [36mtflops: 0.77  [35mmfu: 0.25%[39m
[titan] 2026-09-10 08:47:44,017 - root - INFO - [31mstep: 49  [32mloss:  1.96206  [38;2;180;60;0mgrad_norm:  3.4531  [38;2;54;234;195mmemory:  7.31GiB(18.51%)  [34mtps: 224  [36mtflops: 0.74  [35mmfu: 0.24%[39m
[titan] 2026-09-10 08:47:44,017 - root - INFO - [31mstep: 49  [32mloss:  1.96206  [38;2;180;60;0mgrad_norm:  3.4531  [38;2;54;234;195mmemory:  7.31GiB(18.51%)  [34mtps: 224  [36mtflops: 0.74  [35mmfu: 0.24%[39m
[titan] 2026-09-10 08:47:44,185 - root - INFO - [GC] Performing periodic GC collection took 0.16 seconds
[titan] 2026-09-10 08:47:44,192 - root - INFO - [GC] Performing periodic GC collection took 0.17 seconds
[titan] 2026-09-10 08:47:45,313 - root - INFO - [31mstep: 50  [32mloss:  2.27641  [38;2;180;60;0mgrad_norm:  6.4375  [38;2;54;234;195mmemory:  7.31GiB(18.51%)  [34mtps: 198  [36mtflops: 0.66  [35mmfu: 0.21%[39m
[titan] 2026-09-10 08:47:45,313 - root - INFO - [31mstep: 50  [32mloss:  2.27641  [38;2;180;60;0mgrad_norm:  6.4375  [38;2;54;234;195mmemory:  7.31GiB(18.51%)  [34mtps: 198  [36mtflops: 0.66  [35mmfu: 0.21%[39m
[titan] 2026-09-10 08:47:46,415 - root - INFO - [31mstep: 51  [32mloss:  2.13182  [38;2;180;60;0mgrad_norm:  4.5625  [38;2;54;234;195mmemory:  7.31GiB(18.51%)  [34mtps: 232  [36mtflops: 0.77  [35mmfu: 0.25%[39m
[titan] 2026-09-10 08:47:46,416 - root - INFO - [31mstep: 51  [32mloss:  2.13182  [38;2;180;60;0mgrad_norm:  4.5625  [38;2;54;234;195mmemory:  7.31GiB(18.51%)  [34mtps: 232  [36mtflops: 0.77  [35mmfu: 0.25%[39m
[titan] 2026-09-10 08:47:47,521 - root - INFO - [31mstep: 52  [32mloss:  1.63448  [38;2;180;60;0mgrad_norm:  2.6875  [38;2;54;234;195mmemory:  7.31GiB(18.51%)  [34mtps: 232  [36mtflops: 0.77  [35mmfu: 0.25%[39m
[titan] 2026-09-10 08:47:47,521 - root - INFO - [31mstep: 52  [32mloss:  1.63448  [38;2;180;60;0mgrad_norm:  2.6875  [38;2;54;234;195mmemory:  7.31GiB(18.51%)  [34mtps: 232  [36mtflops: 0.77  [35mmfu: 0.25%[39m
[titan] 2026-09-10 08:47:48,631 - root - INFO - [31mstep: 53  [32mloss:  2.51769  [38;2;180;60;0mgrad_norm:  3.9375  [38;2;54;234;195mmemory:  7.31GiB(18.51%)  [34mtps: 231  [36mtflops: 0.77  [35mmfu: 0.25%[39m
[titan] 2026-09-10 08:47:48,631 - root - INFO - [31mstep: 53  [32mloss:  2.51769  [38;2;180;60;0mgrad_norm:  3.9375  [38;2;54;234;195mmemory:  7.31GiB(18.51%)  [34mtps: 231  [36mtflops: 0.77  [35mmfu: 0.25%[39m
[titan] 2026-09-10 08:47:49,740 - root - INFO - [31mstep: 54  [32mloss:  1.17476  [38;2;180;60;0mgrad_norm:  3.3438  [38;2;54;234;195mmemory:  7.31GiB(18.51%)  [34mtps: 231  [36mtflops: 0.77  [35mmfu: 0.25%[39m
[titan] 2026-09-10 08:47:49,741 - root - INFO - [31mstep: 54  [32mloss:  1.17476  [38;2;180;60;0mgrad_norm:  3.3438  [38;2;54;234;195mmemory:  7.31GiB(18.51%)  [34mtps: 231  [36mtflops: 0.77  [35mmfu: 0.25%[39m
[titan] 2026-09-10 08:47:50,860 - root - INFO - [31mstep: 55  [32mloss:  1.24335  [38;2;180;60;0mgrad_norm:  5.3125  [38;2;54;234;195mmemory:  7.31GiB(18.51%)  [34mtps: 229  [36mtflops: 0.76  [35mmfu: 0.24%[39m
[titan] 2026-09-10 08:47:50,861 - root - INFO - [31mstep: 55  [32mloss:  1.24335  [38;2;180;60;0mgrad_norm:  5.3125  [38;2;54;234;195mmemory:  7.31GiB(18.51%)  [34mtps: 229  [36mtflops: 0.76  [35mmfu: 0.24%[39m
[titan] 2026-09-10 08:47:51,968 - root - INFO - [31mstep: 56  [32mloss:  2.37901  [38;2;180;60;0mgrad_norm:  3.7500  [38;2;54;234;195mmemory:  7.31GiB(18.51%)  [34mtps: 231  [36mtflops: 0.77  [35mmfu: 0.25%[39m
[titan] 2026-09-10 08:47:51,968 - root - INFO - [31mstep: 56  [32mloss:  2.37901  [38;2;180;60;0mgrad_norm:  3.7500  [38;2;54;234;195mmemory:  7.31GiB(18.51%)  [34mtps: 231  [36mtflops: 0.77  [35mmfu: 0.25%[39m
[titan] 2026-09-10 08:47:53,085 - root - INFO - [31mstep: 57  [32mloss:  3.41284  [38;2;180;60;0mgrad_norm:  3.5000  [38;2;54;234;195mmemory:  7.31GiB(18.51%)  [34mtps: 229  [36mtflops: 0.76  [35mmfu: 0.24%[39m
[titan] 2026-09-10 08:47:53,085 - root - INFO - [31mstep: 57  [32mloss:  3.41284  [38;2;180;60;0mgrad_norm:  3.5000  [38;2;54;234;195mmemory:  7.31GiB(18.51%)  [34mtps: 229  [36mtflops: 0.76  [35mmfu: 0.24%[39m
[titan] 2026-09-10 08:47:54,207 - root - INFO - [31mstep: 58  [32mloss:  0.91437  [38;2;180;60;0mgrad_norm:  2.5156  [38;2;54;234;195mmemory:  7.31GiB(18.51%)  [34mtps: 228  [36mtflops: 0.76  [35mmfu: 0.24%[39m
[titan] 2026-09-10 08:47:54,207 - root - INFO - [31mstep: 58  [32mloss:  0.91437  [38;2;180;60;0mgrad_norm:  2.5156  [38;2;54;234;195mmemory:  7.31GiB(18.51%)  [34mtps: 228  [36mtflops: 0.76  [35mmfu: 0.24%[39m
[titan] 2026-09-10 08:47:55,316 - root - INFO - [31mstep: 59  [32mloss:  2.89715  [38;2;180;60;0mgrad_norm:  4.6562  [38;2;54;234;195mmemory:  7.31GiB(18.51%)  [34mtps: 231  [36mtflops: 0.77  [35mmfu: 0.25%[39m
[titan] 2026-09-10 08:47:55,316 - root - INFO - [31mstep: 59  [32mloss:  2.89715  [38;2;180;60;0mgrad_norm:  4.6562  [38;2;54;234;195mmemory:  7.31GiB(18.51%)  [34mtps: 231  [36mtflops: 0.77  [35mmfu: 0.25%[39m
[titan] 2026-09-10 08:47:56,434 - root - INFO - [31mstep: 60  [32mloss:  0.69536  [38;2;180;60;0mgrad_norm:  1.6797  [38;2;54;234;195mmemory:  7.31GiB(18.51%)  [34mtps: 229  [36mtflops: 0.76  [35mmfu: 0.24%[39m
[titan] 2026-09-10 08:47:56,434 - root - INFO - [31mstep: 60  [32mloss:  0.69536  [38;2;180;60;0mgrad_norm:  1.6797  [38;2;54;234;195mmemory:  7.31GiB(18.51%)  [34mtps: 229  [36mtflops: 0.76  [35mmfu: 0.24%[39m
[titan] 2026-09-10 08:47:57,539 - root - INFO - [31mstep: 61  [32mloss:  2.10735  [38;2;180;60;0mgrad_norm:  4.8125  [38;2;54;234;195mmemory:  7.31GiB(18.51%)  [34mtps: 232  [36mtflops: 0.77  [35mmfu: 0.25%[39m
[titan] 2026-09-10 08:47:57,539 - root - INFO - [31mstep: 61  [32mloss:  2.10735  [38;2;180;60;0mgrad_norm:  4.8125  [38;2;54;234;195mmemory:  7.31GiB(18.51%)  [34mtps: 232  [36mtflops: 0.77  [35mmfu: 0.25%[39m
[titan] 2026-09-10 08:47:58,649 - root - INFO - [31mstep: 62  [32mloss:  2.95453  [38;2;180;60;0mgrad_norm:  4.6875  [38;2;54;234;195mmemory:  7.31GiB(18.51%)  [34mtps: 231  [36mtflops: 0.77  [35mmfu: 0.25%[39m
[titan] 2026-09-10 08:47:58,649 - root - INFO - [31mstep: 62  [32mloss:  2.95453  [38;2;180;60;0mgrad_norm:  4.6875  [38;2;54;234;195mmemory:  7.31GiB(18.51%)  [34mtps: 231  [36mtflops: 0.77  [35mmfu: 0.25%[39m
[titan] 2026-09-10 08:47:59,774 - root - INFO - [31mstep: 63  [32mloss:  0.81115  [38;2;180;60;0mgrad_norm:  2.7188  [38;2;54;234;195mmemory:  7.31GiB(18.51%)  [34mtps: 228  [36mtflops: 0.76  [35mmfu: 0.24%[39m
[titan] 2026-09-10 08:47:59,774 - root - INFO - [31mstep: 63  [32mloss:  0.81115  [38;2;180;60;0mgrad_norm:  2.7188  [38;2;54;234;195mmemory:  7.31GiB(18.51%)  [34mtps: 228  [36mtflops: 0.76  [35mmfu: 0.24%[39m
[titan] 2026-09-10 08:48:00,903 - root - INFO - [31mstep: 64  [32mloss:  0.64502  [38;2;180;60;0mgrad_norm:  1.9688  [38;2;54;234;195mmemory:  7.31GiB(18.51%)  [34mtps: 227  [36mtflops: 0.75  [35mmfu: 0.24%[39m
[titan] 2026-09-10 08:48:00,903 - root - INFO - [31mstep: 64  [32mloss:  0.64502  [38;2;180;60;0mgrad_norm:  1.9688  [38;2;54;234;195mmemory:  7.31GiB(18.51%)  [34mtps: 227  [36mtflops: 0.75  [35mmfu: 0.24%[39m
[titan] 2026-09-10 08:48:02,029 - root - INFO - [31mstep: 65  [32mloss:  2.02018  [38;2;180;60;0mgrad_norm:  3.9375  [38;2;54;234;195mmemory:  7.31GiB(18.51%)  [34mtps: 227  [36mtflops: 0.76  [35mmfu: 0.24%[39m
[titan] 2026-09-10 08:48:02,029 - root - INFO - [31mstep: 65  [32mloss:  2.02018  [38;2;180;60;0mgrad_norm:  3.9375  [38;2;54;234;195mmemory:  7.31GiB(18.51%)  [34mtps: 227  [36mtflops: 0.76  [35mmfu: 0.24%[39m
[titan] 2026-09-10 08:48:03,144 - root - INFO - [31mstep: 66  [32mloss:  2.26867  [38;2;180;60;0mgrad_norm:  4.0312  [38;2;54;234;195mmemory:  7.31GiB(18.51%)  [34mtps: 230  [36mtflops: 0.76  [35mmfu: 0.24%[39m
[titan] 2026-09-10 08:48:03,145 - root - INFO - [31mstep: 66  [32mloss:  2.26867  [38;2;180;60;0mgrad_norm:  4.0312  [38;2;54;234;195mmemory:  7.31GiB(18.51%)  [34mtps: 230  [36mtflops: 0.76  [35mmfu: 0.24%[39m
[titan] 2026-09-10 08:48:04,273 - root - INFO - [31mstep: 67  [32mloss:  1.58642  [38;2;180;60;0mgrad_norm:  4.1250  [38;2;54;234;195mmemory:  7.31GiB(18.51%)  [34mtps: 227  [36mtflops: 0.75  [35mmfu: 0.24%[39m
[titan] 2026-09-10 08:48:04,273 - root - INFO - [31mstep: 67  [32mloss:  1.58642  [38;2;180;60;0mgrad_norm:  4.1250  [38;2;54;234;195mmemory:  7.31GiB(18.51%)  [34mtps: 227  [36mtflops: 0.75  [35mmfu: 0.24%[39m
[titan] 2026-09-10 08:48:05,392 - root - INFO - [31mstep: 68  [32mloss:  2.11367  [38;2;180;60;0mgrad_norm:  4.1875  [38;2;54;234;195mmemory:  7.31GiB(18.51%)  [34mtps: 229  [36mtflops: 0.76  [35mmfu: 0.24%[39m
[titan] 2026-09-10 08:48:05,392 - root - INFO - [31mstep: 68  [32mloss:  2.11367  [38;2;180;60;0mgrad_norm:  4.1875  [38;2;54;234;195mmemory:  7.31GiB(18.51%)  [34mtps: 229  [36mtflops: 0.76  [35mmfu: 0.24%[39m
[titan] 2026-09-10 08:48:06,507 - root - INFO - [31mstep: 69  [32mloss:  1.87284  [38;2;180;60;0mgrad_norm:  3.6875  [38;2;54;234;195mmemory:  7.31GiB(18.51%)  [34mtps: 230  [36mtflops: 0.76  [35mmfu: 0.24%[39m
[titan] 2026-09-10 08:48:06,507 - root - INFO - [31mstep: 69  [32mloss:  1.87284  [38;2;180;60;0mgrad_norm:  3.6875  [38;2;54;234;195mmemory:  7.31GiB(18.51%)  [34mtps: 230  [36mtflops: 0.76  [35mmfu: 0.24%[39m
[titan] 2026-09-10 08:48:07,646 - root - INFO - [31mstep: 70  [32mloss:  0.18398  [38;2;180;60;0mgrad_norm:  6.1875  [38;2;54;234;195mmemory:  7.31GiB(18.51%)  [34mtps: 225  [36mtflops: 0.75  [35mmfu: 0.24%[39m
[titan] 2026-09-10 08:48:07,646 - root - INFO - [31mstep: 70  [32mloss:  0.18398  [38;2;180;60;0mgrad_norm:  6.1875  [38;2;54;234;195mmemory:  7.31GiB(18.51%)  [34mtps: 225  [36mtflops: 0.75  [35mmfu: 0.24%[39m
[titan] 2026-09-10 08:48:08,761 - root - INFO - [31mstep: 71  [32mloss:  1.30564  [38;2;180;60;0mgrad_norm:  2.5781  [38;2;54;234;195mmemory:  7.31GiB(18.51%)  [34mtps: 230  [36mtflops: 0.76  [35mmfu: 0.24%[39m
[titan] 2026-09-10 08:48:08,762 - root - INFO - [31mstep: 71  [32mloss:  1.30564  [38;2;180;60;0mgrad_norm:  2.5781  [38;2;54;234;195mmemory:  7.31GiB(18.51%)  [34mtps: 230  [36mtflops: 0.76  [35mmfu: 0.24%[39m
[titan] 2026-09-10 08:48:09,878 - root - INFO - [31mstep: 72  [32mloss:  1.35822  [38;2;180;60;0mgrad_norm:  2.9375  [38;2;54;234;195mmemory:  7.31GiB(18.51%)  [34mtps: 229  [36mtflops: 0.76  [35mmfu: 0.24%[39m
[titan] 2026-09-10 08:48:09,878 - root - INFO - [31mstep: 72  [32mloss:  1.35822  [38;2;180;60;0mgrad_norm:  2.9375  [38;2;54;234;195mmemory:  7.31GiB(18.51%)  [34mtps: 229  [36mtflops: 0.76  [35mmfu: 0.24%[39m
[titan] 2026-09-10 08:48:10,991 - root - INFO - [31mstep: 73  [32mloss:  0.87689  [38;2;180;60;0mgrad_norm:  2.3906  [38;2;54;234;195mmemory:  7.31GiB(18.51%)  [34mtps: 230  [36mtflops: 0.76  [35mmfu: 0.25%[39m
[titan] 2026-09-10 08:48:10,991 - root - INFO - [31mstep: 73  [32mloss:  0.87689  [38;2;180;60;0mgrad_norm:  2.3906  [38;2;54;234;195mmemory:  7.31GiB(18.51%)  [34mtps: 230  [36mtflops: 0.76  [35mmfu: 0.25%[39m
[titan] 2026-09-10 08:48:12,099 - root - INFO - [31mstep: 74  [32mloss:  0.95249  [38;2;180;60;0mgrad_norm:  2.0156  [38;2;54;234;195mmemory:  7.31GiB(18.51%)  [34mtps: 231  [36mtflops: 0.77  [35mmfu: 0.25%[39m
[titan] 2026-09-10 08:48:12,100 - root - INFO - [31mstep: 74  [32mloss:  0.95249  [38;2;180;60;0mgrad_norm:  2.0156  [38;2;54;234;195mmemory:  7.31GiB(18.51%)  [34mtps: 231  [36mtflops: 0.77  [35mmfu: 0.25%[39m
[titan] 2026-09-10 08:48:13,219 - root - INFO - [31mstep: 75  [32mloss:  1.04424  [38;2;180;60;0mgrad_norm:  3.1719  [38;2;54;234;195mmemory:  7.31GiB(18.51%)  [34mtps: 229  [36mtflops: 0.76  [35mmfu: 0.24%[39m
[titan] 2026-09-10 08:48:13,219 - root - INFO - [31mstep: 75  [32mloss:  1.04424  [38;2;180;60;0mgrad_norm:  3.1719  [38;2;54;234;195mmemory:  7.31GiB(18.51%)  [34mtps: 229  [36mtflops: 0.76  [35mmfu: 0.24%[39m
[titan] 2026-09-10 08:48:14,343 - root - INFO - [31mstep: 76  [32mloss:  1.39005  [38;2;180;60;0mgrad_norm:  4.3750  [38;2;54;234;195mmemory:  7.31GiB(18.51%)  [34mtps: 228  [36mtflops: 0.76  [35mmfu: 0.24%[39m
[titan] 2026-09-10 08:48:14,343 - root - INFO - [31mstep: 76  [32mloss:  1.39005  [38;2;180;60;0mgrad_norm:  4.3750  [38;2;54;234;195mmemory:  7.31GiB(18.51%)  [34mtps: 228  [36mtflops: 0.76  [35mmfu: 0.24%[39m
[titan] 2026-09-10 08:48:15,494 - root - INFO - [31mstep: 77  [32mloss:  0.36431  [38;2;180;60;0mgrad_norm:  2.7969  [38;2;54;234;195mmemory:  7.31GiB(18.51%)  [34mtps: 222  [36mtflops: 0.74  [35mmfu: 0.24%[39m
[titan] 2026-09-10 08:48:15,494 - root - INFO - [31mstep: 77  [32mloss:  0.36431  [38;2;180;60;0mgrad_norm:  2.7969  [38;2;54;234;195mmemory:  7.31GiB(18.51%)  [34mtps: 222  [36mtflops: 0.74  [35mmfu: 0.24%[39m
[titan] 2026-09-10 08:48:16,609 - root - INFO - [31mstep: 78  [32mloss:  2.55664  [38;2;180;60;0mgrad_norm:  5.7188  [38;2;54;234;195mmemory:  7.31GiB(18.51%)  [34mtps: 230  [36mtflops: 0.76  [35mmfu: 0.24%[39m
[titan] 2026-09-10 08:48:16,609 - root - INFO - [31mstep: 78  [32mloss:  2.55664  [38;2;180;60;0mgrad_norm:  5.7188  [38;2;54;234;195mmemory:  7.31GiB(18.51%)  [34mtps: 230  [36mtflops: 0.76  [35mmfu: 0.24%[39m
[titan] 2026-09-10 08:48:17,737 - root - INFO - [31mstep: 79  [32mloss:  2.10813  [38;2;180;60;0mgrad_norm:  4.1875  [38;2;54;234;195mmemory:  7.31GiB(18.51%)  [34mtps: 227  [36mtflops: 0.75  [35mmfu: 0.24%[39m
[titan] 2026-09-10 08:48:17,737 - root - INFO - [31mstep: 79  [32mloss:  2.10813  [38;2;180;60;0mgrad_norm:  4.1875  [38;2;54;234;195mmemory:  7.31GiB(18.51%)  [34mtps: 227  [36mtflops: 0.75  [35mmfu: 0.24%[39m
[titan] 2026-09-10 08:48:18,856 - root - INFO - [31mstep: 80  [32mloss:  2.04626  [38;2;180;60;0mgrad_norm:  4.2188  [38;2;54;234;195mmemory:  7.31GiB(18.51%)  [34mtps: 229  [36mtflops: 0.76  [35mmfu: 0.24%[39m
[titan] 2026-09-10 08:48:18,856 - root - INFO - [31mstep: 80  [32mloss:  2.04626  [38;2;180;60;0mgrad_norm:  4.2188  [38;2;54;234;195mmemory:  7.31GiB(18.51%)  [34mtps: 229  [36mtflops: 0.76  [35mmfu: 0.24%[39m
[titan] 2026-09-10 08:48:19,991 - root - INFO - [31mstep: 81  [32mloss:  0.23346  [38;2;180;60;0mgrad_norm:  1.3594  [38;2;54;234;195mmemory:  7.31GiB(18.51%)  [34mtps: 226  [36mtflops: 0.75  [35mmfu: 0.24%[39m
[titan] 2026-09-10 08:48:19,991 - root - INFO - [31mstep: 81  [32mloss:  0.23346  [38;2;180;60;0mgrad_norm:  1.3594  [38;2;54;234;195mmemory:  7.31GiB(18.51%)  [34mtps: 226  [36mtflops: 0.75  [35mmfu: 0.24%[39m
[titan] 2026-09-10 08:48:21,136 - root - INFO - [31mstep: 82  [32mloss:  1.68627  [38;2;180;60;0mgrad_norm:  3.3281  [38;2;54;234;195mmemory:  7.31GiB(18.51%)  [34mtps: 224  [36mtflops: 0.74  [35mmfu: 0.24%[39m
[titan] 2026-09-10 08:48:21,136 - root - INFO - [31mstep: 82  [32mloss:  1.68627  [38;2;180;60;0mgrad_norm:  3.3281  [38;2;54;234;195mmemory:  7.31GiB(18.51%)  [34mtps: 224  [36mtflops: 0.74  [35mmfu: 0.24%[39m
[titan] 2026-09-10 08:48:22,298 - root - INFO - [31mstep: 83  [32mloss:  0.47924  [38;2;180;60;0mgrad_norm:  1.9844  [38;2;54;234;195mmemory:  7.31GiB(18.51%)  [34mtps: 220  [36mtflops: 0.73  [35mmfu: 0.23%[39m
[titan] 2026-09-10 08:48:22,298 - root - INFO - [31mstep: 83  [32mloss:  0.47924  [38;2;180;60;0mgrad_norm:  1.9844  [38;2;54;234;195mmemory:  7.31GiB(18.51%)  [34mtps: 220  [36mtflops: 0.73  [35mmfu: 0.23%[39m
[titan] 2026-09-10 08:48:23,431 - root - INFO - [31mstep: 84  [32mloss:  0.99855  [38;2;180;60;0mgrad_norm:  3.5781  [38;2;54;234;195mmemory:  7.31GiB(18.51%)  [34mtps: 226  [36mtflops: 0.75  [35mmfu: 0.24%[39m
[titan] 2026-09-10 08:48:23,431 - root - INFO - [31mstep: 84  [32mloss:  0.99855  [38;2;180;60;0mgrad_norm:  3.5781  [38;2;54;234;195mmemory:  7.31GiB(18.51%)  [34mtps: 226  [36mtflops: 0.75  [35mmfu: 0.24%[39m
[titan] 2026-09-10 08:48:24,564 - root - INFO - [31mstep: 85  [32mloss:  0.72627  [38;2;180;60;0mgrad_norm:  2.9062  [38;2;54;234;195mmemory:  7.31GiB(18.51%)  [34mtps: 226  [36mtflops: 0.75  [35mmfu: 0.24%[39m
[titan] 2026-09-10 08:48:24,564 - root - INFO - [31mstep: 85  [32mloss:  0.72627  [38;2;180;60;0mgrad_norm:  2.9062  [38;2;54;234;195mmemory:  7.31GiB(18.51%)  [34mtps: 226  [36mtflops: 0.75  [35mmfu: 0.24%[39m
[titan] 2026-09-10 08:48:25,721 - root - INFO - [31mstep: 86  [32mloss:  0.50296  [38;2;180;60;0mgrad_norm:  1.7500  [38;2;54;234;195mmemory:  7.31GiB(18.51%)  [34mtps: 221  [36mtflops: 0.74  [35mmfu: 0.24%[39m
[titan] 2026-09-10 08:48:25,721 - root - INFO - [31mstep: 86  [32mloss:  0.50296  [38;2;180;60;0mgrad_norm:  1.7500  [38;2;54;234;195mmemory:  7.31GiB(18.51%)  [34mtps: 221  [36mtflops: 0.74  [35mmfu: 0.24%[39m
[titan] 2026-09-10 08:48:26,867 - root - INFO - [31mstep: 87  [32mloss:  1.08942  [38;2;180;60;0mgrad_norm:  1.8125  [38;2;54;234;195mmemory:  7.31GiB(18.51%)  [34mtps: 224  [36mtflops: 0.74  [35mmfu: 0.24%[39m
[titan] 2026-09-10 08:48:26,867 - root - INFO - [31mstep: 87  [32mloss:  1.08942  [38;2;180;60;0mgrad_norm:  1.8125  [38;2;54;234;195mmemory:  7.31GiB(18.51%)  [34mtps: 224  [36mtflops: 0.74  [35mmfu: 0.24%[39m
[titan] 2026-09-10 08:48:28,019 - root - INFO - [31mstep: 88  [32mloss:  0.36747  [38;2;180;60;0mgrad_norm:  1.2344  [38;2;54;234;195mmemory:  7.31GiB(18.51%)  [34mtps: 222  [36mtflops: 0.74  [35mmfu: 0.24%[39m
[titan] 2026-09-10 08:48:28,020 - root - INFO - [31mstep: 88  [32mloss:  0.36747  [38;2;180;60;0mgrad_norm:  1.2344  [38;2;54;234;195mmemory:  7.31GiB(18.51%)  [34mtps: 222  [36mtflops: 0.74  [35mmfu: 0.24%[39m
[titan] 2026-09-10 08:48:29,180 - root - INFO - [31mstep: 89  [32mloss:  0.38705  [38;2;180;60;0mgrad_norm:  1.7656  [38;2;54;234;195mmemory:  7.31GiB(18.51%)  [34mtps: 221  [36mtflops: 0.73  [35mmfu: 0.24%[39m
[titan] 2026-09-10 08:48:29,180 - root - INFO - [31mstep: 89  [32mloss:  0.38705  [38;2;180;60;0mgrad_norm:  1.7656  [38;2;54;234;195mmemory:  7.31GiB(18.51%)  [34mtps: 221  [36mtflops: 0.73  [35mmfu: 0.24%[39m
[titan] 2026-09-10 08:48:30,350 - root - INFO - [31mstep: 90  [32mloss:  0.24213  [38;2;180;60;0mgrad_norm:  1.0547  [38;2;54;234;195mmemory:  7.31GiB(18.51%)  [34mtps: 219  [36mtflops: 0.73  [35mmfu: 0.23%[39m
[titan] 2026-09-10 08:48:30,350 - root - INFO - [31mstep: 90  [32mloss:  0.24213  [38;2;180;60;0mgrad_norm:  1.0547  [38;2;54;234;195mmemory:  7.31GiB(18.51%)  [34mtps: 219  [36mtflops: 0.73  [35mmfu: 0.23%[39m
[titan] 2026-09-10 08:48:31,502 - root - INFO - [31mstep: 91  [32mloss:  0.31762  [38;2;180;60;0mgrad_norm:  1.9375  [38;2;54;234;195mmemory:  7.31GiB(18.51%)  [34mtps: 222  [36mtflops: 0.74  [35mmfu: 0.24%[39m
[titan] 2026-09-10 08:48:31,502 - root - INFO - [31mstep: 91  [32mloss:  0.31762  [38;2;180;60;0mgrad_norm:  1.9375  [38;2;54;234;195mmemory:  7.31GiB(18.51%)  [34mtps: 222  [36mtflops: 0.74  [35mmfu: 0.24%[39m
[titan] 2026-09-10 08:48:32,700 - root - INFO - [31mstep: 92  [32mloss:  0.16252  [38;2;180;60;0mgrad_norm:  0.6172  [38;2;54;234;195mmemory:  7.31GiB(18.51%)  [34mtps: 214  [36mtflops: 0.71  [35mmfu: 0.23%[39m
[titan] 2026-09-10 08:48:32,700 - root - INFO - [31mstep: 92  [32mloss:  0.16252  [38;2;180;60;0mgrad_norm:  0.6172  [38;2;54;234;195mmemory:  7.31GiB(18.51%)  [34mtps: 214  [36mtflops: 0.71  [35mmfu: 0.23%[39m
[titan] 2026-09-10 08:48:33,853 - root - INFO - [31mstep: 93  [32mloss:  0.56273  [38;2;180;60;0mgrad_norm:  1.9375  [38;2;54;234;195mmemory:  7.31GiB(18.51%)  [34mtps: 222  [36mtflops: 0.74  [35mmfu: 0.24%[39m
[titan] 2026-09-10 08:48:33,853 - root - INFO - [31mstep: 93  [32mloss:  0.56273  [38;2;180;60;0mgrad_norm:  1.9375  [38;2;54;234;195mmemory:  7.31GiB(18.51%)  [34mtps: 222  [36mtflops: 0.74  [35mmfu: 0.24%[39m
[titan] 2026-09-10 08:48:35,012 - root - INFO - [31mstep: 94  [32mloss:  0.18572  [38;2;180;60;0mgrad_norm:  1.4375  [38;2;54;234;195mmemory:  7.31GiB(18.51%)  [34mtps: 221  [36mtflops: 0.73  [35mmfu: 0.24%[39m
[titan] 2026-09-10 08:48:35,012 - root - INFO - [31mstep: 94  [32mloss:  0.18572  [38;2;180;60;0mgrad_norm:  1.4375  [38;2;54;234;195mmemory:  7.31GiB(18.51%)  [34mtps: 221  [36mtflops: 0.73  [35mmfu: 0.24%[39m
[titan] 2026-09-10 08:48:36,161 - root - INFO - [31mstep: 95  [32mloss:  0.17978  [38;2;180;60;0mgrad_norm:  1.1953  [38;2;54;234;195mmemory:  7.31GiB(18.51%)  [34mtps: 223  [36mtflops: 0.74  [35mmfu: 0.24%[39m
[titan] 2026-09-10 08:48:36,161 - root - INFO - [31mstep: 95  [32mloss:  0.17978  [38;2;180;60;0mgrad_norm:  1.1953  [38;2;54;234;195mmemory:  7.31GiB(18.51%)  [34mtps: 223  [36mtflops: 0.74  [35mmfu: 0.24%[39m
[titan] 2026-09-10 08:48:37,302 - root - INFO - [31mstep: 96  [32mloss:  0.55736  [38;2;180;60;0mgrad_norm:  2.2031  [38;2;54;234;195mmemory:  7.31GiB(18.51%)  [34mtps: 224  [36mtflops: 0.75  [35mmfu: 0.24%[39m
[titan] 2026-09-10 08:48:37,303 - root - INFO - [31mstep: 96  [32mloss:  0.55736  [38;2;180;60;0mgrad_norm:  2.2031  [38;2;54;234;195mmemory:  7.31GiB(18.51%)  [34mtps: 224  [36mtflops: 0.75  [35mmfu: 0.24%[39m
[titan] 2026-09-10 08:48:38,447 - root - INFO - [31mstep: 97  [32mloss:  1.26623  [38;2;180;60;0mgrad_norm:  4.9688  [38;2;54;234;195mmemory:  7.31GiB(18.51%)  [34mtps: 224  [36mtflops: 0.74  [35mmfu: 0.24%[39m
[titan] 2026-09-10 08:48:38,447 - root - INFO - [31mstep: 97  [32mloss:  1.26623  [38;2;180;60;0mgrad_norm:  4.9688  [38;2;54;234;195mmemory:  7.31GiB(18.51%)  [34mtps: 224  [36mtflops: 0.74  [35mmfu: 0.24%[39m
[titan] 2026-09-10 08:48:39,589 - root - INFO - [31mstep: 98  [32mloss:  1.28840  [38;2;180;60;0mgrad_norm:  3.9688  [38;2;54;234;195mmemory:  7.31GiB(18.51%)  [34mtps: 224  [36mtflops: 0.74  [35mmfu: 0.24%[39m
[titan] 2026-09-10 08:48:39,590 - root - INFO - [31mstep: 98  [32mloss:  1.28840  [38;2;180;60;0mgrad_norm:  3.9688  [38;2;54;234;195mmemory:  7.31GiB(18.51%)  [34mtps: 224  [36mtflops: 0.74  [35mmfu: 0.24%[39m
[titan] 2026-09-10 08:48:40,737 - root - INFO - [31mstep: 99  [32mloss:  0.43547  [38;2;180;60;0mgrad_norm:  2.2031  [38;2;54;234;195mmemory:  7.31GiB(18.51%)  [34mtps: 223  [36mtflops: 0.74  [35mmfu: 0.24%[39m
[titan] 2026-09-10 08:48:40,738 - root - INFO - [31mstep: 99  [32mloss:  0.43547  [38;2;180;60;0mgrad_norm:  2.2031  [38;2;54;234;195mmemory:  7.31GiB(18.51%)  [34mtps: 223  [36mtflops: 0.74  [35mmfu: 0.24%[39m
[titan] 2026-09-10 08:48:40,930 - root - INFO - [GC] Performing periodic GC collection took 0.19 seconds
[titan] 2026-09-10 08:48:40,946 - root - INFO - [GC] Performing periodic GC collection took 0.20 seconds
[titan] 2026-09-10 08:48:42,080 - root - INFO - [31mstep: 100  [32mloss:  0.10901  [38;2;180;60;0mgrad_norm:  1.4375  [38;2;54;234;195mmemory:  7.31GiB(18.51%)  [34mtps: 191  [36mtflops: 0.63  [35mmfu: 0.20%[39m
[titan] 2026-09-10 08:48:42,080 - root - INFO - [31mstep: 100  [32mloss:  0.10901  [38;2;180;60;0mgrad_norm:  1.4375  [38;2;54;234;195mmemory:  7.31GiB(18.51%)  [34mtps: 191  [36mtflops: 0.63  [35mmfu: 0.20%[39m
[titan] 2026-09-10 08:48:42,083 - root - INFO - Saving the checkpoint.
[titan] 2026-09-10 08:48:42,084 - root - INFO - Saving a full checkpoint at last step, step 100.
[titan] 2026-09-10 08:48:42,085 - root - INFO - Saving the checkpoint.
[titan] 2026-09-10 08:48:42,085 - root - INFO - Saving a full checkpoint at last step, step 100.
[titan] 2026-09-10 08:48:53,564 - root - INFO - [GC] GC collection invoked by checkpointer. took 0.08 seconds
[titan] 2026-09-10 08:48:53,583 - root - INFO - Last step checkpoint completed in 11.50s
[titan] 2026-09-10 08:48:53,585 - root - INFO - Sleeping 2 seconds for other ranks to complete
[titan] 2026-09-10 08:48:53,941 - root - INFO - [GC] GC collection invoked by checkpointer. took 0.40 seconds
[titan] 2026-09-10 08:48:53,949 - root - INFO - Last step checkpoint completed in 11.87s
[titan] 2026-09-10 08:48:53,950 - root - INFO - Training completed
[titan] 2026-09-10 08:48:53,951 - root - INFO - Destroying the purge thread.
[titan] 2026-09-10 08:48:55,585 - root - INFO - Training completed
[titan] 2026-09-10 08:48:55,587 - root - INFO - Destroying the purge thread.
[titan] 2026-09-10 08:48:55,602 - root - INFO - Process group destroyed
[titan] 2026-09-10 08:48:55,960 - root - INFO - Process group destroyed
