[rank0]:WARNING:absl:Failed to load jax profiler: No module named 'jax'
[rank0]:[titan] 2026-09-29 07:04:00,400 - __main__ - INFO - torchtitan version: 0.0.0+unknown (0.0.0 means __version__ is not defined correctly).
[rank0]:[titan] 2026-09-29 07:04:02,891 - torchtitan.observability.structured_logger.jsonl_handler - INFO - Structured logging -> JSONL: /root/mep/results/m4656/pr_t1_tp1_fresh/out/structured_logs/training.global_rank_0.20260929-070402-FLTLBQ.jsonl
[rank0]:[titan] 2026-09-29 07:04:03,398 - torchtitan.distributed.utils - WARNING - ENV[TORCH_NCCL_ASYNC_ERROR_HANDLING] = 1 will be overridden to 3 based on job config
[rank0]:[titan] 2026-09-29 07:04:04,366 - torchtitan.tools.utils - INFO - [GC] Initial GC collection took 0.00 seconds
[rank0]:[titan] 2026-09-29 07:04:04,366 - torchtitan.distributed.utils - INFO - Deterministic algorithm enabled (expect perf degradation).
[rank0]:[titan] 2026-09-29 07:04:04,389 - torchtitan.observability.metrics - INFO - CUDA capacity: NVIDIA H100 80GB HBM3 with 79.21GiB memory
[rank0]:[titan] 2026-09-29 07:04:04,463 - torchtitan.tools.utils - WARNING - Error running lspci: [Errno 2] No such file or directory: 'lspci', fallback to use device_name
[rank0]:[titan] 2026-09-29 07:04:04,464 - torchtitan.components.tokenizer - INFO - Loading tokenizer from tokenizer.json
[rank0]:[titan] 2026-09-29 07:04:04,960 - torchtitan.protocols.state_dict_adapter - WARNING - model.safetensors.index.json not found at hf_assets_path: ./tests/assets/tokenizer/model.safetensors.index.json.                     Defaulting to saving a single safetensors file if checkpoint is saved in HF format
[rank0]:[titan] 2026-09-29 07:04:04,967 - torchtitan.models.utils - INFO - Total parameter count: 25,776,880, active parameters: 17,236,208
[rank0]:[titan] 2026-09-29 07:04:04,967 - torchtitan.distributed.parallel_dims - INFO - Building device mesh with parallelism: pp=1, dp_replicate=1, dp_shard=1, cp=1, tp=1, ep=1
[rank0]:[titan] 2026-09-29 07:04:04,976 - torchtitan.distributed.parallel_dims - INFO - Successfully created meshes with active dimensions: []
[rank0]:[titan] 2026-09-29 07:04:05,170 - torchtitan.distributed.activation_checkpoint - INFO - Applied SelectiveAC activation checkpointing to the model
[rank0]:[titan] 2026-09-29 07:04:05,171 - torchtitan.distributed.activation_checkpoint - INFO - Applied SelectiveAC activation checkpointing to the model
[rank0]:[titan] 2026-09-29 07:04:05,605 - torchtitan.distributed.fsdp - INFO - Applied FSDP to the model
[rank0]:[titan] 2026-09-29 07:04:07,375 - torchtitan.training_engine - INFO - Model KimiK3Model.Config size: 25,776,880 total parameters
[rank0]:[titan] 2026-09-29 07:04:07,381 - torchtitan.components.optimizer.optimizer - INFO - Optimizer AdamW (model_part=0): 465 params [.*] {'fused': True, 'foreach': False, 'lr': 0.0008, 'betas': (0.9, 0.95), 'eps': 1e-08, 'weight_decay': 0.1}
[rank0]:[titan] 2026-09-29 07:04:07,388 - torchtitan.trainer - INFO - Peak FLOPS used for computing MFU: 9.890e+14
[rank0]:[titan] 2026-09-29 07:04:07,388 - torchtitan.trainer - INFO - CUDA memory usage for model: 0.07GiB(0.09%)
[rank0]:[titan] 2026-09-29 07:04:07,388 - torchtitan.trainer - INFO - Trainer is initialized with 256 tokens per DP rank, 256 tokens per train step, gradient accumulation steps 1, maximum context length 2048, total steps 100 (warmup 2)
[rank0]:[titan] 2026-09-29 07:04:07,388 - torchtitan.trainer - INFO - Training starts at step 1
[rank0]:/root/mep/venv/lib/python3.12/site-packages/torch/distributed/fsdp/_fully_shard/_fsdp_state.py:336: UserWarning: FSDP2-wrapped module (FSDPCheckpointWrapper) returned a view tensor. An in-place op on this view (e.g., `x += y`) will silently drop the pre-backward hook and skip the all-gather, which can cause backward to fail or produce wrong gradients. Use out-of-place ops (`out = out + y`, not `out += y`) or `.clone()` the output before any in-place op.
[rank0]:  output = self._register_pre_backward_hook(output)
[rank0]:/root/mep/venv/lib/python3.12/site-packages/torch/distributed/fsdp/_fully_shard/_fsdp_state.py:336: UserWarning: FSDP2-wrapped module (FSDPCheckpointWrapper) returned a view tensor. An in-place op on this view (e.g., `x += y`) will silently drop the pre-backward hook and skip the all-gather, which can cause backward to fail or produce wrong gradients. Use out-of-place ops (`out = out + y`, not `out += y`) or `.clone()` the output before any in-place op.
[rank0]:  output = self._register_pre_backward_hook(output)
[rank0]:[titan] 2026-09-29 07:06:19,088 - torchtitan.observability.metrics - INFO - [31mstep:  1  [32mloss:  8.09773  [38;2;180;60;0mgrad_norm:  2.9375  [38;2;54;234;195mmemory:  0.54GiB(0.68%)  [34mtps: 2  [36mtflops: 0.00  [35mmfu: 0.00%[39m
[rank0]:[titan] 2026-09-29 07:06:19,089 - torchtitan.distributed.utils - INFO - Synchronizing and adjusting timeout for all ProcessGroups to 0:01:40
[rank0]:/root/mep/venv/lib/python3.12/site-packages/torch/distributed/fsdp/_fully_shard/_fsdp_state.py:336: UserWarning: FSDP2-wrapped module (FSDPCheckpointWrapper) returned a view tensor. An in-place op on this view (e.g., `x += y`) will silently drop the pre-backward hook and skip the all-gather, which can cause backward to fail or produce wrong gradients. Use out-of-place ops (`out = out + y`, not `out += y`) or `.clone()` the output before any in-place op.
[rank0]:  output = self._register_pre_backward_hook(output)
[rank0]:[titan] 2026-09-29 07:06:43,675 - torchtitan.observability.metrics - INFO - [31mstep:  2  [32mloss:  7.69483  [38;2;180;60;0mgrad_norm:  6.3438  [38;2;54;234;195mmemory:  0.57GiB(0.72%)  [34mtps: 10  [36mtflops: 0.00  [35mmfu: 0.00%[39m
[rank0]:[titan] 2026-09-29 07:06:45,861 - torchtitan.observability.metrics - INFO - [31mstep:  3  [32mloss:  6.52940  [38;2;180;60;0mgrad_norm:  6.8125  [38;2;54;234;195mmemory:  0.57GiB(0.72%)  [34mtps: 117  [36mtflops: 0.02  [35mmfu: 0.00%[39m
[rank0]:[titan] 2026-09-29 07:06:47,376 - torchtitan.observability.metrics - INFO - [31mstep:  4  [32mloss:  6.49797  [38;2;180;60;0mgrad_norm:  4.6562  [38;2;54;234;195mmemory:  0.57GiB(0.72%)  [34mtps: 169  [36mtflops: 0.03  [35mmfu: 0.00%[39m
[rank0]:[titan] 2026-09-29 07:06:49,561 - torchtitan.observability.metrics - INFO - [31mstep:  5  [32mloss:  5.26679  [38;2;180;60;0mgrad_norm:  4.5625  [38;2;54;234;195mmemory:  0.57GiB(0.72%)  [34mtps: 117  [36mtflops: 0.02  [35mmfu: 0.00%[39m
[rank0]:[titan] 2026-09-29 07:06:51,658 - torchtitan.observability.metrics - INFO - [31mstep:  6  [32mloss:  4.90789  [38;2;180;60;0mgrad_norm:  3.8906  [38;2;54;234;195mmemory:  0.57GiB(0.72%)  [34mtps: 125  [36mtflops: 0.02  [35mmfu: 0.00%[39m
[rank0]:[titan] 2026-09-29 07:06:53,217 - torchtitan.observability.metrics - INFO - [31mstep:  7  [32mloss:  4.64109  [38;2;180;60;0mgrad_norm:  3.4375  [38;2;54;234;195mmemory:  0.57GiB(0.72%)  [34mtps: 164  [36mtflops: 0.03  [35mmfu: 0.00%[39m
[rank0]:[titan] 2026-09-29 07:06:55,300 - torchtitan.observability.metrics - INFO - [31mstep:  8  [32mloss:  4.40272  [38;2;180;60;0mgrad_norm:  4.4375  [38;2;54;234;195mmemory:  0.57GiB(0.72%)  [34mtps: 123  [36mtflops: 0.02  [35mmfu: 0.00%[39m
[rank0]:[titan] 2026-09-29 07:06:57,184 - torchtitan.observability.metrics - INFO - [31mstep:  9  [32mloss:  3.37676  [38;2;180;60;0mgrad_norm:  2.8906  [38;2;54;234;195mmemory:  0.57GiB(0.72%)  [34mtps: 136  [36mtflops: 0.02  [35mmfu: 0.00%[39m
[rank0]:[titan] 2026-09-29 07:06:59,404 - torchtitan.observability.metrics - INFO - [31mstep: 10  [32mloss:  3.63843  [38;2;180;60;0mgrad_norm:  3.0156  [38;2;54;234;195mmemory:  0.57GiB(0.72%)  [34mtps: 115  [36mtflops: 0.02  [35mmfu: 0.00%[39m
[rank0]:[titan] 2026-09-29 07:07:01,465 - torchtitan.observability.metrics - INFO - [31mstep: 11  [32mloss:  3.79207  [38;2;180;60;0mgrad_norm:  3.2344  [38;2;54;234;195mmemory:  0.57GiB(0.72%)  [34mtps: 124  [36mtflops: 0.02  [35mmfu: 0.00%[39m
[rank0]:[titan] 2026-09-29 07:07:03,210 - torchtitan.observability.metrics - INFO - [31mstep: 12  [32mloss:  4.47078  [38;2;180;60;0mgrad_norm:  2.5625  [38;2;54;234;195mmemory:  0.57GiB(0.72%)  [34mtps: 147  [36mtflops: 0.02  [35mmfu: 0.00%[39m
[rank0]:[titan] 2026-09-29 07:07:05,370 - torchtitan.observability.metrics - INFO - [31mstep: 13  [32mloss:  3.60786  [38;2;180;60;0mgrad_norm:  2.3281  [38;2;54;234;195mmemory:  0.57GiB(0.72%)  [34mtps: 119  [36mtflops: 0.02  [35mmfu: 0.00%[39m
[rank0]:[titan] 2026-09-29 07:07:07,379 - torchtitan.observability.metrics - INFO - [31mstep: 14  [32mloss:  4.08273  [38;2;180;60;0mgrad_norm:  4.2188  [38;2;54;234;195mmemory:  0.57GiB(0.72%)  [34mtps: 127  [36mtflops: 0.02  [35mmfu: 0.00%[39m
[rank0]:[titan] 2026-09-29 07:07:09,385 - torchtitan.observability.metrics - INFO - [31mstep: 15  [32mloss:  3.92595  [38;2;180;60;0mgrad_norm:  3.7344  [38;2;54;234;195mmemory:  0.57GiB(0.72%)  [34mtps: 128  [36mtflops: 0.02  [35mmfu: 0.00%[39m
[rank0]:[titan] 2026-09-29 07:07:11,499 - torchtitan.observability.metrics - INFO - [31mstep: 16  [32mloss:  3.23343  [38;2;180;60;0mgrad_norm:  2.4531  [38;2;54;234;195mmemory:  0.57GiB(0.72%)  [34mtps: 121  [36mtflops: 0.02  [35mmfu: 0.00%[39m
[rank0]:[titan] 2026-09-29 07:07:13,673 - torchtitan.observability.metrics - INFO - [31mstep: 17  [32mloss:  3.85324  [38;2;180;60;0mgrad_norm:  2.9219  [38;2;54;234;195mmemory:  0.57GiB(0.72%)  [34mtps: 118  [36mtflops: 0.02  [35mmfu: 0.00%[39m
[rank0]:[titan] 2026-09-29 07:07:15,766 - torchtitan.observability.metrics - INFO - [31mstep: 18  [32mloss:  2.90835  [38;2;180;60;0mgrad_norm:  2.6562  [38;2;54;234;195mmemory:  0.57GiB(0.72%)  [34mtps: 122  [36mtflops: 0.02  [35mmfu: 0.00%[39m
[rank0]:[titan] 2026-09-29 07:07:17,876 - torchtitan.observability.metrics - INFO - [31mstep: 19  [32mloss:  3.31034  [38;2;180;60;0mgrad_norm:  3.3594  [38;2;54;234;195mmemory:  0.57GiB(0.72%)  [34mtps: 121  [36mtflops: 0.02  [35mmfu: 0.00%[39m
[rank0]:[titan] 2026-09-29 07:07:19,373 - torchtitan.observability.metrics - INFO - [31mstep: 20  [32mloss:  3.32828  [38;2;180;60;0mgrad_norm:  3.5312  [38;2;54;234;195mmemory:  0.57GiB(0.72%)  [34mtps: 171  [36mtflops: 0.03  [35mmfu: 0.00%[39m
[rank0]:[titan] 2026-09-29 07:07:20,713 - torchtitan.observability.metrics - INFO - [31mstep: 21  [32mloss:  3.01517  [38;2;180;60;0mgrad_norm:  2.6562  [38;2;54;234;195mmemory:  0.57GiB(0.72%)  [34mtps: 191  [36mtflops: 0.03  [35mmfu: 0.00%[39m
[rank0]:[titan] 2026-09-29 07:07:22,508 - torchtitan.observability.metrics - INFO - [31mstep: 22  [32mloss:  3.56042  [38;2;180;60;0mgrad_norm:  3.5156  [38;2;54;234;195mmemory:  0.57GiB(0.72%)  [34mtps: 143  [36mtflops: 0.02  [35mmfu: 0.00%[39m
[rank0]:[titan] 2026-09-29 07:07:24,404 - torchtitan.observability.metrics - INFO - [31mstep: 23  [32mloss:  2.73705  [38;2;180;60;0mgrad_norm:  2.1875  [38;2;54;234;195mmemory:  0.57GiB(0.72%)  [34mtps: 135  [36mtflops: 0.02  [35mmfu: 0.00%[39m
[rank0]:[titan] 2026-09-29 07:07:26,063 - torchtitan.observability.metrics - INFO - [31mstep: 24  [32mloss:  2.50772  [38;2;180;60;0mgrad_norm:  2.7031  [38;2;54;234;195mmemory:  0.57GiB(0.72%)  [34mtps: 154  [36mtflops: 0.02  [35mmfu: 0.00%[39m
[rank0]:[titan] 2026-09-29 07:07:27,475 - torchtitan.observability.metrics - INFO - [31mstep: 25  [32mloss:  2.86841  [38;2;180;60;0mgrad_norm:  2.3438  [38;2;54;234;195mmemory:  0.57GiB(0.72%)  [34mtps: 181  [36mtflops: 0.03  [35mmfu: 0.00%[39m
[rank0]:[titan] 2026-09-29 07:07:29,303 - torchtitan.observability.metrics - INFO - [31mstep: 26  [32mloss:  3.32450  [38;2;180;60;0mgrad_norm:  2.4375  [38;2;54;234;195mmemory:  0.57GiB(0.72%)  [34mtps: 140  [36mtflops: 0.02  [35mmfu: 0.00%[39m
[rank0]:[titan] 2026-09-29 07:07:31,376 - torchtitan.observability.metrics - INFO - [31mstep: 27  [32mloss:  3.22961  [38;2;180;60;0mgrad_norm:  2.0781  [38;2;54;234;195mmemory:  0.57GiB(0.72%)  [34mtps: 123  [36mtflops: 0.02  [35mmfu: 0.00%[39m
[rank0]:[titan] 2026-09-29 07:07:32,765 - torchtitan.observability.metrics - INFO - [31mstep: 28  [32mloss:  2.79880  [38;2;180;60;0mgrad_norm:  2.2500  [38;2;54;234;195mmemory:  0.57GiB(0.72%)  [34mtps: 184  [36mtflops: 0.03  [35mmfu: 0.00%[39m
[rank0]:[titan] 2026-09-29 07:07:34,765 - torchtitan.observability.metrics - INFO - [31mstep: 29  [32mloss:  2.98709  [38;2;180;60;0mgrad_norm:  3.2812  [38;2;54;234;195mmemory:  0.57GiB(0.72%)  [34mtps: 128  [36mtflops: 0.02  [35mmfu: 0.00%[39m
[rank0]:[titan] 2026-09-29 07:07:36,764 - torchtitan.observability.metrics - INFO - [31mstep: 30  [32mloss:  2.92889  [38;2;180;60;0mgrad_norm:  2.2344  [38;2;54;234;195mmemory:  0.57GiB(0.72%)  [34mtps: 128  [36mtflops: 0.02  [35mmfu: 0.00%[39m
[rank0]:[titan] 2026-09-29 07:07:38,773 - torchtitan.observability.metrics - INFO - [31mstep: 31  [32mloss:  2.72243  [38;2;180;60;0mgrad_norm:  1.9766  [38;2;54;234;195mmemory:  0.57GiB(0.72%)  [34mtps: 127  [36mtflops: 0.02  [35mmfu: 0.00%[39m
[rank0]:[titan] 2026-09-29 07:07:40,872 - torchtitan.observability.metrics - INFO - [31mstep: 32  [32mloss:  2.52125  [38;2;180;60;0mgrad_norm:  1.9062  [38;2;54;234;195mmemory:  0.57GiB(0.72%)  [34mtps: 122  [36mtflops: 0.02  [35mmfu: 0.00%[39m
[rank0]:[titan] 2026-09-29 07:07:42,989 - torchtitan.observability.metrics - INFO - [31mstep: 33  [32mloss:  2.87912  [38;2;180;60;0mgrad_norm:  2.0312  [38;2;54;234;195mmemory:  0.57GiB(0.72%)  [34mtps: 121  [36mtflops: 0.02  [35mmfu: 0.00%[39m
[rank0]:[titan] 2026-09-29 07:07:44,514 - torchtitan.observability.metrics - INFO - [31mstep: 34  [32mloss:  2.94949  [38;2;180;60;0mgrad_norm:  3.0000  [38;2;54;234;195mmemory:  0.57GiB(0.72%)  [34mtps: 168  [36mtflops: 0.03  [35mmfu: 0.00%[39m
[rank0]:[titan] 2026-09-29 07:07:46,560 - torchtitan.observability.metrics - INFO - [31mstep: 35  [32mloss:  2.64422  [38;2;180;60;0mgrad_norm:  1.7812  [38;2;54;234;195mmemory:  0.57GiB(0.72%)  [34mtps: 125  [36mtflops: 0.02  [35mmfu: 0.00%[39m
[rank0]:[titan] 2026-09-29 07:07:48,460 - torchtitan.observability.metrics - INFO - [31mstep: 36  [32mloss:  3.64932  [38;2;180;60;0mgrad_norm:  3.7969  [38;2;54;234;195mmemory:  0.57GiB(0.72%)  [34mtps: 135  [36mtflops: 0.02  [35mmfu: 0.00%[39m
[rank0]:[titan] 2026-09-29 07:07:50,474 - torchtitan.observability.metrics - INFO - [31mstep: 37  [32mloss:  2.35045  [38;2;180;60;0mgrad_norm:  2.7188  [38;2;54;234;195mmemory:  0.57GiB(0.72%)  [34mtps: 127  [36mtflops: 0.02  [35mmfu: 0.00%[39m
[rank0]:[titan] 2026-09-29 07:07:52,495 - torchtitan.observability.metrics - INFO - [31mstep: 38  [32mloss:  2.66651  [38;2;180;60;0mgrad_norm:  2.9531  [38;2;54;234;195mmemory:  0.57GiB(0.72%)  [34mtps: 127  [36mtflops: 0.02  [35mmfu: 0.00%[39m
[rank0]:[titan] 2026-09-29 07:07:54,279 - torchtitan.observability.metrics - INFO - [31mstep: 39  [32mloss:  2.81428  [38;2;180;60;0mgrad_norm:  3.0781  [38;2;54;234;195mmemory:  0.57GiB(0.72%)  [34mtps: 143  [36mtflops: 0.02  [35mmfu: 0.00%[39m
[rank0]:[titan] 2026-09-29 07:07:55,402 - torchtitan.observability.metrics - INFO - [31mstep: 40  [32mloss:  1.93301  [38;2;180;60;0mgrad_norm:  2.0938  [38;2;54;234;195mmemory:  0.57GiB(0.72%)  [34mtps: 228  [36mtflops: 0.04  [35mmfu: 0.00%[39m
[rank0]:[titan] 2026-09-29 07:07:56,369 - torchtitan.observability.metrics - INFO - [31mstep: 41  [32mloss:  2.56646  [38;2;180;60;0mgrad_norm:  3.2344  [38;2;54;234;195mmemory:  0.57GiB(0.72%)  [34mtps: 265  [36mtflops: 0.04  [35mmfu: 0.00%[39m
[rank0]:[titan] 2026-09-29 07:07:57,296 - torchtitan.observability.metrics - INFO - [31mstep: 42  [32mloss:  2.33707  [38;2;180;60;0mgrad_norm:  2.5469  [38;2;54;234;195mmemory:  0.57GiB(0.72%)  [34mtps: 276  [36mtflops: 0.04  [35mmfu: 0.00%[39m
[rank0]:[titan] 2026-09-29 07:07:58,187 - torchtitan.observability.metrics - INFO - [31mstep: 43  [32mloss:  2.62474  [38;2;180;60;0mgrad_norm:  3.2969  [38;2;54;234;195mmemory:  0.57GiB(0.72%)  [34mtps: 287  [36mtflops: 0.05  [35mmfu: 0.00%[39m
[rank0]:[titan] 2026-09-29 07:07:59,037 - torchtitan.observability.metrics - INFO - [31mstep: 44  [32mloss:  2.32403  [38;2;180;60;0mgrad_norm:  1.9609  [38;2;54;234;195mmemory:  0.57GiB(0.72%)  [34mtps: 301  [36mtflops: 0.05  [35mmfu: 0.00%[39m
[rank0]:[titan] 2026-09-29 07:07:59,872 - torchtitan.observability.metrics - INFO - [31mstep: 45  [32mloss:  2.74457  [38;2;180;60;0mgrad_norm:  2.0625  [38;2;54;234;195mmemory:  0.57GiB(0.72%)  [34mtps: 307  [36mtflops: 0.05  [35mmfu: 0.00%[39m
[rank0]:[titan] 2026-09-29 07:08:00,663 - torchtitan.observability.metrics - INFO - [31mstep: 46  [32mloss:  1.78575  [38;2;180;60;0mgrad_norm:  2.3906  [38;2;54;234;195mmemory:  0.57GiB(0.72%)  [34mtps: 324  [36mtflops: 0.05  [35mmfu: 0.01%[39m
[rank0]:[titan] 2026-09-29 07:08:01,410 - torchtitan.observability.metrics - INFO - [31mstep: 47  [32mloss:  2.34764  [38;2;180;60;0mgrad_norm:  2.5469  [38;2;54;234;195mmemory:  0.57GiB(0.72%)  [34mtps: 343  [36mtflops: 0.05  [35mmfu: 0.01%[39m
[rank0]:[titan] 2026-09-29 07:08:02,114 - torchtitan.observability.metrics - INFO - [31mstep: 48  [32mloss:  1.81621  [38;2;180;60;0mgrad_norm:  2.8594  [38;2;54;234;195mmemory:  0.57GiB(0.72%)  [34mtps: 364  [36mtflops: 0.06  [35mmfu: 0.01%[39m
[rank0]:[titan] 2026-09-29 07:08:02,845 - torchtitan.observability.metrics - INFO - [31mstep: 49  [32mloss:  4.68213  [38;2;180;60;0mgrad_norm:  3.7656  [38;2;54;234;195mmemory:  0.57GiB(0.72%)  [34mtps: 351  [36mtflops: 0.06  [35mmfu: 0.01%[39m
[rank0]:[titan] 2026-09-29 07:08:03,000 - torchtitan.tools.utils - INFO - [GC] Performing periodic GC collection took 0.15 seconds
[rank0]:[titan] 2026-09-29 07:08:03,763 - torchtitan.observability.metrics - INFO - [31mstep: 50  [32mloss:  2.42971  [38;2;180;60;0mgrad_norm:  2.4219  [38;2;54;234;195mmemory:  0.57GiB(0.72%)  [34mtps: 279  [36mtflops: 0.04  [35mmfu: 0.00%[39m
[rank0]:[titan] 2026-09-29 07:08:04,402 - torchtitan.observability.metrics - INFO - [31mstep: 51  [32mloss:  2.87758  [38;2;180;60;0mgrad_norm:  3.8906  [38;2;54;234;195mmemory:  0.57GiB(0.72%)  [34mtps: 401  [36mtflops: 0.06  [35mmfu: 0.01%[39m
[rank0]:[titan] 2026-09-29 07:08:05,054 - torchtitan.observability.metrics - INFO - [31mstep: 52  [32mloss:  2.85894  [38;2;180;60;0mgrad_norm:  2.7969  [38;2;54;234;195mmemory:  0.57GiB(0.72%)  [34mtps: 393  [36mtflops: 0.06  [35mmfu: 0.01%[39m
[rank0]:[titan] 2026-09-29 07:08:05,700 - torchtitan.observability.metrics - INFO - [31mstep: 53  [32mloss:  1.39623  [38;2;180;60;0mgrad_norm:  2.4219  [38;2;54;234;195mmemory:  0.57GiB(0.72%)  [34mtps: 396  [36mtflops: 0.06  [35mmfu: 0.01%[39m
[rank0]:[titan] 2026-09-29 07:08:06,345 - torchtitan.observability.metrics - INFO - [31mstep: 54  [32mloss:  1.18418  [38;2;180;60;0mgrad_norm:  2.1406  [38;2;54;234;195mmemory:  0.57GiB(0.72%)  [34mtps: 397  [36mtflops: 0.06  [35mmfu: 0.01%[39m
[rank0]:[titan] 2026-09-29 07:08:06,955 - torchtitan.observability.metrics - INFO - [31mstep: 55  [32mloss:  1.07049  [38;2;180;60;0mgrad_norm:  2.4844  [38;2;54;234;195mmemory:  0.57GiB(0.72%)  [34mtps: 420  [36mtflops: 0.07  [35mmfu: 0.01%[39m
[rank0]:[titan] 2026-09-29 07:08:07,570 - torchtitan.observability.metrics - INFO - [31mstep: 56  [32mloss:  2.29856  [38;2;180;60;0mgrad_norm:  3.3594  [38;2;54;234;195mmemory:  0.57GiB(0.72%)  [34mtps: 416  [36mtflops: 0.07  [35mmfu: 0.01%[39m
[rank0]:[titan] 2026-09-29 07:08:08,179 - torchtitan.observability.metrics - INFO - [31mstep: 57  [32mloss:  2.88945  [38;2;180;60;0mgrad_norm:  3.6562  [38;2;54;234;195mmemory:  0.57GiB(0.72%)  [34mtps: 421  [36mtflops: 0.07  [35mmfu: 0.01%[39m
[rank0]:[titan] 2026-09-29 07:08:08,828 - torchtitan.observability.metrics - INFO - [31mstep: 58  [32mloss:  0.72608  [38;2;180;60;0mgrad_norm:  2.0781  [38;2;54;234;195mmemory:  0.57GiB(0.72%)  [34mtps: 395  [36mtflops: 0.06  [35mmfu: 0.01%[39m
[rank0]:[titan] 2026-09-29 07:08:09,440 - torchtitan.observability.metrics - INFO - [31mstep: 59  [32mloss:  2.55358  [38;2;180;60;0mgrad_norm:  2.4688  [38;2;54;234;195mmemory:  0.57GiB(0.72%)  [34mtps: 419  [36mtflops: 0.07  [35mmfu: 0.01%[39m
[rank0]:[titan] 2026-09-29 07:08:10,058 - torchtitan.observability.metrics - INFO - [31mstep: 60  [32mloss:  0.45447  [38;2;180;60;0mgrad_norm:  1.6172  [38;2;54;234;195mmemory:  0.57GiB(0.72%)  [34mtps: 414  [36mtflops: 0.07  [35mmfu: 0.01%[39m
[rank0]:[titan] 2026-09-29 07:08:10,662 - torchtitan.observability.metrics - INFO - [31mstep: 61  [32mloss:  2.77801  [38;2;180;60;0mgrad_norm:  2.8438  [38;2;54;234;195mmemory:  0.57GiB(0.72%)  [34mtps: 424  [36mtflops: 0.07  [35mmfu: 0.01%[39m
[rank0]:[titan] 2026-09-29 07:08:11,262 - torchtitan.observability.metrics - INFO - [31mstep: 62  [32mloss:  2.86259  [38;2;180;60;0mgrad_norm:  2.7812  [38;2;54;234;195mmemory:  0.57GiB(0.72%)  [34mtps: 427  [36mtflops: 0.07  [35mmfu: 0.01%[39m
[rank0]:[titan] 2026-09-29 07:08:11,836 - torchtitan.observability.metrics - INFO - [31mstep: 63  [32mloss:  2.17173  [38;2;180;60;0mgrad_norm:  2.2969  [38;2;54;234;195mmemory:  0.57GiB(0.72%)  [34mtps: 446  [36mtflops: 0.07  [35mmfu: 0.01%[39m
[rank0]:[titan] 2026-09-29 07:08:12,434 - torchtitan.observability.metrics - INFO - [31mstep: 64  [32mloss:  1.57962  [38;2;180;60;0mgrad_norm:  2.1562  [38;2;54;234;195mmemory:  0.57GiB(0.72%)  [34mtps: 428  [36mtflops: 0.07  [35mmfu: 0.01%[39m
[rank0]:[titan] 2026-09-29 07:08:13,027 - torchtitan.observability.metrics - INFO - [31mstep: 65  [32mloss:  2.50487  [38;2;180;60;0mgrad_norm:  2.4688  [38;2;54;234;195mmemory:  0.57GiB(0.72%)  [34mtps: 432  [36mtflops: 0.07  [35mmfu: 0.01%[39m
[rank0]:[titan] 2026-09-29 07:08:13,615 - torchtitan.observability.metrics - INFO - [31mstep: 66  [32mloss:  2.04611  [38;2;180;60;0mgrad_norm:  2.0781  [38;2;54;234;195mmemory:  0.57GiB(0.72%)  [34mtps: 436  [36mtflops: 0.07  [35mmfu: 0.01%[39m
[rank0]:[titan] 2026-09-29 07:08:14,214 - torchtitan.observability.metrics - INFO - [31mstep: 67  [32mloss:  0.77876  [38;2;180;60;0mgrad_norm:  2.0938  [38;2;54;234;195mmemory:  0.57GiB(0.72%)  [34mtps: 428  [36mtflops: 0.07  [35mmfu: 0.01%[39m
[rank0]:[titan] 2026-09-29 07:08:14,801 - torchtitan.observability.metrics - INFO - [31mstep: 68  [32mloss:  2.21713  [38;2;180;60;0mgrad_norm:  2.0938  [38;2;54;234;195mmemory:  0.57GiB(0.72%)  [34mtps: 436  [36mtflops: 0.07  [35mmfu: 0.01%[39m
[rank0]:[titan] 2026-09-29 07:08:15,389 - torchtitan.observability.metrics - INFO - [31mstep: 69  [32mloss:  3.73359  [38;2;180;60;0mgrad_norm:  3.5469  [38;2;54;234;195mmemory:  0.57GiB(0.72%)  [34mtps: 436  [36mtflops: 0.07  [35mmfu: 0.01%[39m
[rank0]:[titan] 2026-09-29 07:08:15,987 - torchtitan.observability.metrics - INFO - [31mstep: 70  [32mloss:  1.64762  [38;2;180;60;0mgrad_norm:  2.0625  [38;2;54;234;195mmemory:  0.57GiB(0.72%)  [34mtps: 428  [36mtflops: 0.07  [35mmfu: 0.01%[39m
[rank0]:[titan] 2026-09-29 07:08:16,556 - torchtitan.observability.metrics - INFO - [31mstep: 71  [32mloss:  2.15369  [38;2;180;60;0mgrad_norm:  2.1094  [38;2;54;234;195mmemory:  0.57GiB(0.72%)  [34mtps: 450  [36mtflops: 0.07  [35mmfu: 0.01%[39m
[rank0]:[titan] 2026-09-29 07:08:17,139 - torchtitan.observability.metrics - INFO - [31mstep: 72  [32mloss:  3.70765  [38;2;180;60;0mgrad_norm:  5.8438  [38;2;54;234;195mmemory:  0.57GiB(0.72%)  [34mtps: 440  [36mtflops: 0.07  [35mmfu: 0.01%[39m
[rank0]:[titan] 2026-09-29 07:08:17,744 - torchtitan.observability.metrics - INFO - [31mstep: 73  [32mloss:  1.10844  [38;2;180;60;0mgrad_norm:  3.1562  [38;2;54;234;195mmemory:  0.57GiB(0.72%)  [34mtps: 423  [36mtflops: 0.07  [35mmfu: 0.01%[39m
[rank0]:[titan] 2026-09-29 07:08:18,330 - torchtitan.observability.metrics - INFO - [31mstep: 74  [32mloss:  3.12143  [38;2;180;60;0mgrad_norm:  5.3125  [38;2;54;234;195mmemory:  0.57GiB(0.72%)  [34mtps: 438  [36mtflops: 0.07  [35mmfu: 0.01%[39m
[rank0]:[titan] 2026-09-29 07:08:18,923 - torchtitan.observability.metrics - INFO - [31mstep: 75  [32mloss:  0.35008  [38;2;180;60;0mgrad_norm:  1.7344  [38;2;54;234;195mmemory:  0.57GiB(0.72%)  [34mtps: 431  [36mtflops: 0.07  [35mmfu: 0.01%[39m
[rank0]:[titan] 2026-09-29 07:08:19,491 - torchtitan.observability.metrics - INFO - [31mstep: 76  [32mloss:  3.06286  [38;2;180;60;0mgrad_norm:  4.6562  [38;2;54;234;195mmemory:  0.57GiB(0.72%)  [34mtps: 451  [36mtflops: 0.07  [35mmfu: 0.01%[39m
[rank0]:[titan] 2026-09-29 07:08:20,061 - torchtitan.observability.metrics - INFO - [31mstep: 77  [32mloss:  2.95922  [38;2;180;60;0mgrad_norm:  2.9531  [38;2;54;234;195mmemory:  0.57GiB(0.72%)  [34mtps: 450  [36mtflops: 0.07  [35mmfu: 0.01%[39m
[rank0]:[titan] 2026-09-29 07:08:20,631 - torchtitan.observability.metrics - INFO - [31mstep: 78  [32mloss:  1.73453  [38;2;180;60;0mgrad_norm:  4.8438  [38;2;54;234;195mmemory:  0.57GiB(0.72%)  [34mtps: 450  [36mtflops: 0.07  [35mmfu: 0.01%[39m
[rank0]:[titan] 2026-09-29 07:08:21,211 - torchtitan.observability.metrics - INFO - [31mstep: 79  [32mloss:  3.53205  [38;2;180;60;0mgrad_norm:  3.7344  [38;2;54;234;195mmemory:  0.57GiB(0.72%)  [34mtps: 442  [36mtflops: 0.07  [35mmfu: 0.01%[39m
[rank0]:[titan] 2026-09-29 07:08:21,790 - torchtitan.observability.metrics - INFO - [31mstep: 80  [32mloss:  2.81355  [38;2;180;60;0mgrad_norm:  2.5469  [38;2;54;234;195mmemory:  0.57GiB(0.72%)  [34mtps: 442  [36mtflops: 0.07  [35mmfu: 0.01%[39m
[rank0]:[titan] 2026-09-29 07:08:22,363 - torchtitan.observability.metrics - INFO - [31mstep: 81  [32mloss:  1.15101  [38;2;180;60;0mgrad_norm:  2.3750  [38;2;54;234;195mmemory:  0.57GiB(0.72%)  [34mtps: 447  [36mtflops: 0.07  [35mmfu: 0.01%[39m
[rank0]:[titan] 2026-09-29 07:08:22,937 - torchtitan.observability.metrics - INFO - [31mstep: 82  [32mloss:  1.94250  [38;2;180;60;0mgrad_norm:  3.6250  [38;2;54;234;195mmemory:  0.57GiB(0.72%)  [34mtps: 446  [36mtflops: 0.07  [35mmfu: 0.01%[39m
[rank0]:[titan] 2026-09-29 07:08:23,504 - torchtitan.observability.metrics - INFO - [31mstep: 83  [32mloss:  0.67195  [38;2;180;60;0mgrad_norm:  2.3438  [38;2;54;234;195mmemory:  0.57GiB(0.72%)  [34mtps: 452  [36mtflops: 0.07  [35mmfu: 0.01%[39m
[rank0]:[titan] 2026-09-29 07:08:24,079 - torchtitan.observability.metrics - INFO - [31mstep: 84  [32mloss:  2.13462  [38;2;180;60;0mgrad_norm:  2.6875  [38;2;54;234;195mmemory:  0.57GiB(0.72%)  [34mtps: 446  [36mtflops: 0.07  [35mmfu: 0.01%[39m
[rank0]:[titan] 2026-09-29 07:08:24,632 - torchtitan.observability.metrics - INFO - [31mstep: 85  [32mloss:  1.64700  [38;2;180;60;0mgrad_norm:  3.2188  [38;2;54;234;195mmemory:  0.57GiB(0.72%)  [34mtps: 463  [36mtflops: 0.07  [35mmfu: 0.01%[39m
[rank0]:[titan] 2026-09-29 07:08:25,180 - torchtitan.observability.metrics - INFO - [31mstep: 86  [32mloss:  2.78909  [38;2;180;60;0mgrad_norm:  3.3594  [38;2;54;234;195mmemory:  0.57GiB(0.72%)  [34mtps: 468  [36mtflops: 0.07  [35mmfu: 0.01%[39m
[rank0]:[titan] 2026-09-29 07:08:25,742 - torchtitan.observability.metrics - INFO - [31mstep: 87  [32mloss:  2.46541  [38;2;180;60;0mgrad_norm:  2.2188  [38;2;54;234;195mmemory:  0.57GiB(0.72%)  [34mtps: 455  [36mtflops: 0.07  [35mmfu: 0.01%[39m
[rank0]:[titan] 2026-09-29 07:08:26,303 - torchtitan.observability.metrics - INFO - [31mstep: 88  [32mloss:  0.31005  [38;2;180;60;0mgrad_norm:  1.7109  [38;2;54;234;195mmemory:  0.57GiB(0.72%)  [34mtps: 457  [36mtflops: 0.07  [35mmfu: 0.01%[39m
[rank0]:[titan] 2026-09-29 07:08:26,836 - torchtitan.observability.metrics - INFO - [31mstep: 89  [32mloss:  1.48639  [38;2;180;60;0mgrad_norm:  3.0781  [38;2;54;234;195mmemory:  0.57GiB(0.72%)  [34mtps: 480  [36mtflops: 0.08  [35mmfu: 0.01%[39m
[rank0]:[titan] 2026-09-29 07:08:27,354 - torchtitan.observability.metrics - INFO - [31mstep: 90  [32mloss:  0.26999  [38;2;180;60;0mgrad_norm:  1.4531  [38;2;54;234;195mmemory:  0.57GiB(0.72%)  [34mtps: 495  [36mtflops: 0.08  [35mmfu: 0.01%[39m
[rank0]:[titan] 2026-09-29 07:08:27,892 - torchtitan.observability.metrics - INFO - [31mstep: 91  [32mloss:  1.90572  [38;2;180;60;0mgrad_norm:  2.4219  [38;2;54;234;195mmemory:  0.57GiB(0.72%)  [34mtps: 476  [36mtflops: 0.07  [35mmfu: 0.01%[39m
[rank0]:[titan] 2026-09-29 07:08:28,430 - torchtitan.observability.metrics - INFO - [31mstep: 92  [32mloss:  2.51926  [38;2;180;60;0mgrad_norm:  3.3906  [38;2;54;234;195mmemory:  0.57GiB(0.72%)  [34mtps: 476  [36mtflops: 0.07  [35mmfu: 0.01%[39m
[rank0]:[titan] 2026-09-29 07:08:28,957 - torchtitan.observability.metrics - INFO - [31mstep: 93  [32mloss:  3.03654  [38;2;180;60;0mgrad_norm:  3.4844  [38;2;54;234;195mmemory:  0.57GiB(0.72%)  [34mtps: 486  [36mtflops: 0.08  [35mmfu: 0.01%[39m
[rank0]:[titan] 2026-09-29 07:08:29,474 - torchtitan.observability.metrics - INFO - [31mstep: 94  [32mloss:  3.27559  [38;2;180;60;0mgrad_norm:  5.6250  [38;2;54;234;195mmemory:  0.57GiB(0.72%)  [34mtps: 495  [36mtflops: 0.08  [35mmfu: 0.01%[39m
[rank0]:[titan] 2026-09-29 07:08:29,993 - torchtitan.observability.metrics - INFO - [31mstep: 95  [32mloss:  1.28476  [38;2;180;60;0mgrad_norm:  2.8750  [38;2;54;234;195mmemory:  0.57GiB(0.72%)  [34mtps: 494  [36mtflops: 0.08  [35mmfu: 0.01%[39m
[rank0]:[titan] 2026-09-29 07:08:30,515 - torchtitan.observability.metrics - INFO - [31mstep: 96  [32mloss:  2.29258  [38;2;180;60;0mgrad_norm:  4.6562  [38;2;54;234;195mmemory:  0.57GiB(0.72%)  [34mtps: 491  [36mtflops: 0.08  [35mmfu: 0.01%[39m
[rank0]:[titan] 2026-09-29 07:08:31,030 - torchtitan.observability.metrics - INFO - [31mstep: 97  [32mloss:  1.97023  [38;2;180;60;0mgrad_norm:  2.9844  [38;2;54;234;195mmemory:  0.57GiB(0.72%)  [34mtps: 497  [36mtflops: 0.08  [35mmfu: 0.01%[39m
[rank0]:[titan] 2026-09-29 07:08:31,556 - torchtitan.observability.metrics - INFO - [31mstep: 98  [32mloss:  1.80825  [38;2;180;60;0mgrad_norm:  2.9844  [38;2;54;234;195mmemory:  0.57GiB(0.72%)  [34mtps: 487  [36mtflops: 0.08  [35mmfu: 0.01%[39m
[rank0]:[titan] 2026-09-29 07:08:32,091 - torchtitan.observability.metrics - INFO - [31mstep: 99  [32mloss:  1.44433  [38;2;180;60;0mgrad_norm:  4.2812  [38;2;54;234;195mmemory:  0.57GiB(0.72%)  [34mtps: 479  [36mtflops: 0.08  [35mmfu: 0.01%[39m
[rank0]:[titan] 2026-09-29 07:08:32,157 - torchtitan.tools.utils - INFO - [GC] Performing periodic GC collection took 0.06 seconds
[rank0]:[titan] 2026-09-29 07:08:32,688 - torchtitan.observability.metrics - INFO - [31mstep: 100  [32mloss:  3.20951  [38;2;180;60;0mgrad_norm:  5.6562  [38;2;54;234;195mmemory:  0.57GiB(0.72%)  [34mtps: 429  [36mtflops: 0.07  [35mmfu: 0.01%[39m
[rank0]:[titan] 2026-09-29 07:08:32,689 - torchtitan.trainer - INFO - Sleeping 2 seconds for other ranks to complete
[rank0]:[titan] 2026-09-29 07:08:34,689 - torchtitan.trainer - INFO - Training completed
[rank0]:[titan] 2026-09-29 07:08:34,860 - __main__ - INFO - Process group destroyed
