W1002 07:44:34.231000 26658 torch/distributed/run.py:982] 
W1002 07:44:34.231000 26658 torch/distributed/run.py:982] *****************************************
W1002 07:44:34.231000 26658 torch/distributed/run.py:982] Setting OMP_NUM_THREADS environment variable for each process to be 1 in default, to avoid your system being overloaded, please further tune the variable for optimal performance in your application as needed. 
W1002 07:44:34.231000 26658 torch/distributed/run.py:982] *****************************************
[rank0]:WARNING:absl:Failed to load jax profiler: No module named 'jax'
[rank1]:WARNING:absl:Failed to load jax profiler: No module named 'jax'
[rank2]:WARNING:absl:Failed to load jax profiler: No module named 'jax'
[rank3]:WARNING:absl:Failed to load jax profiler: No module named 'jax'
[rank0]:[titan] 2026-10-02 07:44:40,206 - __main__ - INFO - torchtitan version: 0.0.0+unknown (0.0.0 means __version__ is not defined correctly).
[rank1]:[titan] 2026-10-02 07:44:40,644 - __main__ - INFO - torchtitan version: 0.0.0+unknown (0.0.0 means __version__ is not defined correctly).
[rank3]:[titan] 2026-10-02 07:44:40,597 - __main__ - INFO - torchtitan version: 0.0.0+unknown (0.0.0 means __version__ is not defined correctly).
[rank2]:[titan] 2026-10-02 07:44:40,658 - __main__ - INFO - torchtitan version: 0.0.0+unknown (0.0.0 means __version__ is not defined correctly).
[rank0]:[titan] 2026-10-02 07:44:40,862 - torchtitan.observability.structured_logger.jsonl_handler - INFO - Structured logging -> JSONL: /root/mep/results/dep_new_k3range/trace_c012_m16_w_dep_k25/out/structured_logs/training.global_rank_0.20261002-074440-Q02RKH.jsonl
[rank0]:[titan] 2026-10-02 07:44:41,152 - torchtitan.distributed.utils - WARNING - ENV[TORCH_NCCL_ASYNC_ERROR_HANDLING] = 1 will be overridden to 3 based on job config
[rank3]:[titan] 2026-10-02 07:44:41,260 - torchtitan.observability.structured_logger.jsonl_handler - INFO - Structured logging -> JSONL: /root/mep/results/dep_new_k3range/trace_c012_m16_w_dep_k25/out/structured_logs/training.global_rank_3.20261002-074441-5UZ0YK.jsonl
[rank1]:[titan] 2026-10-02 07:44:41,368 - torchtitan.observability.structured_logger.jsonl_handler - INFO - Structured logging -> JSONL: /root/mep/results/dep_new_k3range/trace_c012_m16_w_dep_k25/out/structured_logs/training.global_rank_1.20261002-074441-LMPY37.jsonl
[rank2]:[titan] 2026-10-02 07:44:41,374 - torchtitan.observability.structured_logger.jsonl_handler - INFO - Structured logging -> JSONL: /root/mep/results/dep_new_k3range/trace_c012_m16_w_dep_k25/out/structured_logs/training.global_rank_2.20261002-074441-ONM526.jsonl
[rank3]:[titan] 2026-10-02 07:44:41,840 - torchtitan.distributed.utils - WARNING - ENV[TORCH_NCCL_ASYNC_ERROR_HANDLING] = 1 will be overridden to 3 based on job config
[rank1]:[titan] 2026-10-02 07:44:41,988 - torchtitan.distributed.utils - WARNING - ENV[TORCH_NCCL_ASYNC_ERROR_HANDLING] = 1 will be overridden to 3 based on job config
[rank2]:[titan] 2026-10-02 07:44:41,983 - torchtitan.distributed.utils - WARNING - ENV[TORCH_NCCL_ASYNC_ERROR_HANDLING] = 1 will be overridden to 3 based on job config
[rank2]:[titan] 2026-10-02 07:44:42,572 - torchtitan.tools.utils - INFO - [GC] Initial GC collection took 0.00 seconds
[rank1]:[titan] 2026-10-02 07:44:42,570 - torchtitan.tools.utils - INFO - [GC] Initial GC collection took 0.00 seconds
[rank0]:[titan] 2026-10-02 07:44:42,570 - torchtitan.tools.utils - INFO - [GC] Initial GC collection took 0.00 seconds
[rank3]:[titan] 2026-10-02 07:44:42,570 - torchtitan.tools.utils - INFO - [GC] Initial GC collection took 0.00 seconds
[rank2]:[titan] 2026-10-02 07:44:43,613 - torchtitan.distributed.parallelism_context - INFO - Building device mesh with parallelism: pp=4, dp_replicate=1, dp_shard=1, cp=1, tp=1, ep=1
[rank1]:[titan] 2026-10-02 07:44:43,613 - torchtitan.distributed.parallelism_context - INFO - Building device mesh with parallelism: pp=4, dp_replicate=1, dp_shard=1, cp=1, tp=1, ep=1
[rank0]:[titan] 2026-10-02 07:44:43,613 - torchtitan.distributed.parallelism_context - INFO - Building device mesh with parallelism: pp=4, dp_replicate=1, dp_shard=1, cp=1, tp=1, ep=1
[rank3]:[titan] 2026-10-02 07:44:43,613 - torchtitan.distributed.parallelism_context - INFO - Building device mesh with parallelism: pp=4, dp_replicate=1, dp_shard=1, cp=1, tp=1, ep=1
[rank2]:[titan] 2026-10-02 07:44:44,104 - torchtitan.distributed.parallelism_context - INFO - Successfully created meshes with active axes: ['pp']
[rank1]:[titan] 2026-10-02 07:44:44,098 - torchtitan.distributed.parallelism_context - INFO - Successfully created meshes with active axes: ['pp']
[rank0]:[titan] 2026-10-02 07:44:44,103 - torchtitan.distributed.parallelism_context - INFO - Successfully created meshes with active axes: ['pp']
[rank2]:[titan] 2026-10-02 07:44:44,111 - torchtitan.observability.metrics - INFO - CUDA capacity: NVIDIA H100 80GB HBM3 with 79.21GiB memory
[rank1]:[titan] 2026-10-02 07:44:44,100 - torchtitan.observability.metrics - INFO - CUDA capacity: NVIDIA H100 80GB HBM3 with 79.21GiB memory
[rank1]:[titan] 2026-10-02 07:44:44,111 - torchtitan.config.configurable - WARNING - Config field value of type InterpolationMode may not be JSON serializable
[rank1]:[titan] 2026-10-02 07:44:44,112 - torchtitan.tools.utils - WARNING - Error running lspci: [Errno 2] No such file or directory: 'lspci', fallback to use device_name
[rank3]:[titan] 2026-10-02 07:44:44,099 - torchtitan.distributed.parallelism_context - INFO - Successfully created meshes with active axes: ['pp']
[rank0]:[titan] 2026-10-02 07:44:44,106 - torchtitan.observability.metrics - INFO - CUDA capacity: NVIDIA H100 80GB HBM3 with 79.21GiB memory
[rank2]:[titan] 2026-10-02 07:44:44,123 - torchtitan.config.configurable - WARNING - Config field value of type InterpolationMode may not be JSON serializable
[rank3]:[titan] 2026-10-02 07:44:44,101 - torchtitan.observability.metrics - INFO - CUDA capacity: NVIDIA H100 80GB HBM3 with 79.21GiB memory
[rank3]:[titan] 2026-10-02 07:44:44,112 - torchtitan.config.configurable - WARNING - Config field value of type InterpolationMode may not be JSON serializable
[rank0]:[titan] 2026-10-02 07:44:44,116 - torchtitan.config.configurable - WARNING - Config field value of type InterpolationMode may not be JSON serializable
[rank3]:[titan] 2026-10-02 07:44:44,113 - torchtitan.tools.utils - WARNING - Error running lspci: [Errno 2] No such file or directory: 'lspci', fallback to use device_name
[rank1]:[titan] 2026-10-02 07:44:44,112 - torchtitan.components.tokenizer - INFO - Loading tokenizer from tokenizer.json
[rank0]:[titan] 2026-10-02 07:44:44,117 - torchtitan.tools.utils - WARNING - Error running lspci: [Errno 2] No such file or directory: 'lspci', fallback to use device_name
[rank0]:[titan] 2026-10-02 07:44:44,117 - torchtitan.components.tokenizer - INFO - Loading tokenizer from tokenizer.json
[rank2]:[titan] 2026-10-02 07:44:44,125 - torchtitan.tools.utils - WARNING - Error running lspci: [Errno 2] No such file or directory: 'lspci', fallback to use device_name
[rank2]:[titan] 2026-10-02 07:44:44,125 - torchtitan.components.tokenizer - INFO - Loading tokenizer from tokenizer.json
[rank3]:[titan] 2026-10-02 07:44:44,113 - torchtitan.components.tokenizer - INFO - Loading tokenizer from tokenizer.json
[rank0]:[titan] 2026-10-02 07:44:44,252 - torchtitan.protocols.state_dict_adapter - WARNING - model.safetensors.index.json not found at hf_assets_path: ./tests/assets/tokenizer/model.safetensors.index.json.                     Defaulting to saving a single safetensors file if checkpoint is saved in HF format
[rank2]:[titan] 2026-10-02 07:44:44,264 - torchtitan.protocols.state_dict_adapter - WARNING - model.safetensors.index.json not found at hf_assets_path: ./tests/assets/tokenizer/model.safetensors.index.json.                     Defaulting to saving a single safetensors file if checkpoint is saved in HF format
[rank1]:[titan] 2026-10-02 07:44:44,257 - torchtitan.protocols.state_dict_adapter - WARNING - model.safetensors.index.json not found at hf_assets_path: ./tests/assets/tokenizer/model.safetensors.index.json.                     Defaulting to saving a single safetensors file if checkpoint is saved in HF format
[rank2]:[titan] 2026-10-02 07:44:44,267 - torchtitan.models.utils - INFO - Total parameter count: 11,625,395,584, active parameters: 8,885,570,688
[rank1]:[titan] 2026-10-02 07:44:44,260 - torchtitan.models.utils - INFO - Total parameter count: 11,625,395,584, active parameters: 8,885,570,688
[rank2]:[titan] 2026-10-02 07:44:44,278 - torchtitan.distributed.activation_checkpoint - INFO - Applied FullAC activation checkpointing to the model
[rank1]:[titan] 2026-10-02 07:44:44,272 - torchtitan.distributed.activation_checkpoint - INFO - Applied FullAC activation checkpointing to the model
[rank0]:[titan] 2026-10-02 07:44:44,257 - torchtitan.models.utils - INFO - Total parameter count: 11,625,395,584, active parameters: 8,885,570,688
[rank0]:[titan] 2026-10-02 07:44:44,267 - torchtitan.distributed.activation_checkpoint - INFO - Applied FullAC activation checkpointing to the model
[rank3]:[titan] 2026-10-02 07:44:44,443 - torchtitan.protocols.state_dict_adapter - WARNING - model.safetensors.index.json not found at hf_assets_path: ./tests/assets/tokenizer/model.safetensors.index.json.                     Defaulting to saving a single safetensors file if checkpoint is saved in HF format
[rank3]:[titan] 2026-10-02 07:44:44,446 - torchtitan.models.utils - INFO - Total parameter count: 11,625,395,584, active parameters: 8,885,570,688
[rank1]:[titan] 2026-10-02 07:44:44,447 - torchtitan.distributed.pipeline_parallel - INFO - PP rank 1 is building stage_idx 1 with modules ['layers.1', 'layers.2']
[rank2]:[titan] 2026-10-02 07:44:44,452 - torchtitan.distributed.pipeline_parallel - INFO - PP rank 2 is building stage_idx 2 with modules ['layers.3', 'layers.4']
[rank0]:[titan] 2026-10-02 07:44:44,447 - torchtitan.distributed.pipeline_parallel - INFO - PP rank 0 is building stage_idx 0 with modules ['vision_encoder', 'tok_embeddings', 'layers.0']
[rank1]:[titan] 2026-10-02 07:44:44,512 - torchtitan.distributed.pipeline_parallel - INFO - PP rank 1 is building stage_idx 5 with modules ['layers.7']
[rank3]:[titan] 2026-10-02 07:44:44,456 - torchtitan.distributed.activation_checkpoint - INFO - Applied FullAC activation checkpointing to the model
[rank0]:[titan] 2026-10-02 07:44:44,513 - torchtitan.distributed.pipeline_parallel - INFO - PP rank 0 is building stage_idx 4 with modules ['layers.6']
[rank2]:[titan] 2026-10-02 07:44:44,517 - torchtitan.distributed.pipeline_parallel - INFO - PP rank 2 is building stage_idx 6 with modules ['layers.8']
[rank1]:[titan] 2026-10-02 07:44:44,578 - torchtitan.distributed.pipeline_parallel - INFO - PP rank 1 is building stage_idx 9 with modules ['layers.11']
[rank1]:[titan] 2026-10-02 07:44:44,644 - torchtitan.distributed.pipeline_parallel - INFO - PP rank 1 is building stage_idx 13 with modules ['layers.15']
[rank2]:[titan] 2026-10-02 07:44:44,582 - torchtitan.distributed.pipeline_parallel - INFO - PP rank 2 is building stage_idx 10 with modules ['layers.12']
[rank2]:[titan] 2026-10-02 07:44:44,648 - torchtitan.distributed.pipeline_parallel - INFO - PP rank 2 is building stage_idx 14 with modules ['layers.16']
[rank3]:[titan] 2026-10-02 07:44:44,624 - torchtitan.distributed.pipeline_parallel - INFO - PP rank 3 is building stage_idx 3 with modules ['layers.5']
[rank0]:[titan] 2026-10-02 07:44:44,585 - torchtitan.distributed.pipeline_parallel - INFO - PP rank 0 is building stage_idx 8 with modules ['layers.10']
[rank0]:[titan] 2026-10-02 07:44:44,651 - torchtitan.distributed.pipeline_parallel - INFO - PP rank 0 is building stage_idx 12 with modules ['layers.14']
[rank2]:[titan] 2026-10-02 07:44:44,666 - torchtitan.distributed.activation_checkpoint - INFO - Applied FullAC activation checkpointing to the model
[rank1]:[titan] 2026-10-02 07:44:44,661 - torchtitan.distributed.activation_checkpoint - INFO - Applied FullAC activation checkpointing to the model
[rank2]:[titan] 2026-10-02 07:44:44,712 - torchtitan.distributed.fsdp - INFO - Applied FSDP to the model
[rank2]:[titan] 2026-10-02 07:44:44,716 - torchtitan.distributed.activation_checkpoint - INFO - Applied FullAC activation checkpointing to the model
[rank2]:[titan] 2026-10-02 07:44:44,721 - torchtitan.distributed.fsdp - INFO - Applied FSDP to the model
[rank3]:[titan] 2026-10-02 07:44:44,690 - torchtitan.distributed.pipeline_parallel - INFO - PP rank 3 is building stage_idx 7 with modules ['layers.9']
[rank1]:[titan] 2026-10-02 07:44:44,702 - torchtitan.distributed.fsdp - INFO - Applied FSDP to the model
[rank1]:[titan] 2026-10-02 07:44:44,705 - torchtitan.distributed.activation_checkpoint - INFO - Applied FullAC activation checkpointing to the model
[rank0]:[titan] 2026-10-02 07:44:44,668 - torchtitan.distributed.activation_checkpoint - INFO - Applied FullAC activation checkpointing to the model
[rank0]:[titan] 2026-10-02 07:44:44,669 - torchtitan.distributed.activation_checkpoint - INFO - Applied FullAC activation checkpointing to the model
[rank0]:[titan] 2026-10-02 07:44:44,710 - torchtitan.distributed.fsdp - INFO - Applied FSDP to the model
[rank0]:[titan] 2026-10-02 07:44:44,714 - torchtitan.distributed.activation_checkpoint - INFO - Applied FullAC activation checkpointing to the model
[rank0]:[titan] 2026-10-02 07:44:44,730 - torchtitan.distributed.fsdp - INFO - Applied FSDP to the model
[rank0]:[titan] 2026-10-02 07:44:44,734 - torchtitan.distributed.activation_checkpoint - INFO - Applied FullAC activation checkpointing to the model
[rank2]:[titan] 2026-10-02 07:44:44,724 - torchtitan.distributed.activation_checkpoint - INFO - Applied FullAC activation checkpointing to the model
[rank0]:[titan] 2026-10-02 07:44:44,738 - torchtitan.distributed.fsdp - INFO - Applied FSDP to the model
[rank2]:[titan] 2026-10-02 07:44:44,729 - torchtitan.distributed.fsdp - INFO - Applied FSDP to the model
[rank0]:[titan] 2026-10-02 07:44:44,742 - torchtitan.distributed.activation_checkpoint - INFO - Applied FullAC activation checkpointing to the model
[rank0]:[titan] 2026-10-02 07:44:44,746 - torchtitan.distributed.fsdp - INFO - Applied FSDP to the model
[rank1]:[titan] 2026-10-02 07:44:44,714 - torchtitan.distributed.fsdp - INFO - Applied FSDP to the model
[rank0]:[titan] 2026-10-02 07:44:44,751 - torchtitan.distributed.pipeline_parallel - INFO - Using pipeline schedule Interleaved1F1B with 16 microbatches and 16 stages.
[rank1]:[titan] 2026-10-02 07:44:44,718 - torchtitan.distributed.activation_checkpoint - INFO - Applied FullAC activation checkpointing to the model
[rank1]:[titan] 2026-10-02 07:44:44,721 - torchtitan.distributed.fsdp - INFO - Applied FSDP to the model
[rank1]:[titan] 2026-10-02 07:44:44,725 - torchtitan.distributed.activation_checkpoint - INFO - Applied FullAC activation checkpointing to the model
[rank1]:[titan] 2026-10-02 07:44:44,728 - torchtitan.distributed.fsdp - INFO - Applied FSDP to the model
[rank1]:[titan] 2026-10-02 07:44:44,732 - torchtitan.distributed.pipeline_parallel - INFO - Using pipeline schedule Interleaved1F1B with 16 microbatches and 16 stages.
[rank2]:[titan] 2026-10-02 07:44:44,732 - torchtitan.distributed.activation_checkpoint - INFO - Applied FullAC activation checkpointing to the model
[rank2]:[titan] 2026-10-02 07:44:44,735 - torchtitan.distributed.fsdp - INFO - Applied FSDP to the model
[rank2]:[titan] 2026-10-02 07:44:44,740 - torchtitan.distributed.pipeline_parallel - INFO - Using pipeline schedule Interleaved1F1B with 16 microbatches and 16 stages.
[rank3]:[titan] 2026-10-02 07:44:44,757 - torchtitan.distributed.pipeline_parallel - INFO - PP rank 3 is building stage_idx 11 with modules ['layers.13']
[rank3]:[titan] 2026-10-02 07:44:44,823 - torchtitan.distributed.pipeline_parallel - INFO - PP rank 3 is building stage_idx 15 with modules ['norm', 'lm_head', 'output_res_proj', 'output_res_norm']
[rank3]:[titan] 2026-10-02 07:44:44,839 - torchtitan.distributed.activation_checkpoint - INFO - Applied FullAC activation checkpointing to the model
[rank3]:[titan] 2026-10-02 07:44:44,876 - torchtitan.distributed.fsdp - INFO - Applied FSDP to the model
[rank3]:[titan] 2026-10-02 07:44:44,880 - torchtitan.distributed.activation_checkpoint - INFO - Applied FullAC activation checkpointing to the model
[rank3]:[titan] 2026-10-02 07:44:44,885 - torchtitan.distributed.fsdp - INFO - Applied FSDP to the model
[rank3]:[titan] 2026-10-02 07:44:44,888 - torchtitan.distributed.activation_checkpoint - INFO - Applied FullAC activation checkpointing to the model
[rank3]:[titan] 2026-10-02 07:44:44,893 - torchtitan.distributed.fsdp - INFO - Applied FSDP to the model
[rank3]:[titan] 2026-10-02 07:44:44,895 - torchtitan.distributed.activation_checkpoint - INFO - Applied FullAC activation checkpointing to the model
[rank3]:[titan] 2026-10-02 07:44:44,897 - torchtitan.distributed.fsdp - INFO - Applied FSDP to the model
[rank3]:[titan] 2026-10-02 07:44:44,902 - torchtitan.distributed.pipeline_parallel - INFO - Using pipeline schedule Interleaved1F1B with 16 microbatches and 16 stages.
[rank1]:[titan] 2026-10-02 07:44:45,775 - torchtitan.models.kimi_k3.pipeline_parallel - INFO - Kimi K3 pipeline: 4 stage(s) on this rank [1, 5, 9, 13], block transport delta with rank store, vision encodes decoupled
[rank2]:[titan] 2026-10-02 07:44:45,976 - torchtitan.models.kimi_k3.pipeline_parallel - INFO - Kimi K3 pipeline: 4 stage(s) on this rank [2, 6, 10, 14], block transport delta with rank store, vision encodes decoupled
[rank0]:[titan] 2026-10-02 07:44:46,142 - torchtitan.models.kimi_k3.pipeline_parallel - INFO - Kimi K3 pipeline: 4 stage(s) on this rank [0, 4, 8, 12], block transport delta with rank store, vision encodes decoupled
[rank3]:[titan] 2026-10-02 07:44:46,143 - torchtitan.models.kimi_k3.pipeline_parallel - INFO - Kimi K3 pipeline: 4 stage(s) on this rank [3, 7, 11, 15], block transport delta with rank store, vision encodes decoupled
[rank1]:[rank1]:W1002 07:44:46.203000 26728 torch/distributed/tensor/_random.py:215] DTensor is synchronizing RNG states of every rank with the state from rank 0. This behavior is deprecated. Please call `torch.manual_seed()` on every rank that participates in SPMD DTensor Operations with the same seed. If using Pipeline Parallelism, each pipeline state would use a different seed, but all ranks belonging to one pipeline stage would use the same seed.
[rank2]:[rank2]:W1002 07:44:46.204000 26729 torch/distributed/tensor/_random.py:215] DTensor is synchronizing RNG states of every rank with the state from rank 0. This behavior is deprecated. Please call `torch.manual_seed()` on every rank that participates in SPMD DTensor Operations with the same seed. If using Pipeline Parallelism, each pipeline state would use a different seed, but all ranks belonging to one pipeline stage would use the same seed.
[rank3]:[rank3]:W1002 07:44:46.205000 26730 torch/distributed/tensor/_random.py:215] DTensor is synchronizing RNG states of every rank with the state from rank 0. This behavior is deprecated. Please call `torch.manual_seed()` on every rank that participates in SPMD DTensor Operations with the same seed. If using Pipeline Parallelism, each pipeline state would use a different seed, but all ranks belonging to one pipeline stage would use the same seed.
[rank1]:[titan] 2026-10-02 07:44:46,425 - torchtitan.training_engine - INFO - Model KimiK3Model.Config size: 11,625,395,584 total parameters
[rank2]:[titan] 2026-10-02 07:44:46,449 - torchtitan.training_engine - INFO - Model KimiK3Model.Config size: 11,625,395,584 total parameters
[rank0]:[titan] 2026-10-02 07:44:46,458 - torchtitan.training_engine - INFO - Model KimiK3Model.Config size: 11,625,395,584 total parameters
[rank2]:[titan] 2026-10-02 07:44:46,451 - torchtitan.components.optim.optimizer - INFO - Optimizer AdamW (model_part=0): 50 params [.*] {'lr': 0.0008, 'betas': (0.9, 0.95), 'eps': 1e-08, 'weight_decay': 0.1, 'foreach': None, 'fused': True}
[rank1]:[titan] 2026-10-02 07:44:46,427 - torchtitan.components.optim.optimizer - INFO - Optimizer AdamW (model_part=0): 56 params [.*] {'lr': 0.0008, 'betas': (0.9, 0.95), 'eps': 1e-08, 'weight_decay': 0.1, 'foreach': None, 'fused': True}
[rank0]:[titan] 2026-10-02 07:44:46,459 - torchtitan.components.optim.optimizer - INFO - Optimizer AdamW (model_part=0): 43 params [.*] {'lr': 0.0008, 'betas': (0.9, 0.95), 'eps': 1e-08, 'weight_decay': 0.1, 'foreach': None, 'fused': True}
[rank2]:[titan] 2026-10-02 07:44:46,451 - torchtitan.components.optim.optimizer - INFO - Optimizer AdamW (model_part=1): 28 params [.*] {'lr': 0.0008, 'betas': (0.9, 0.95), 'eps': 1e-08, 'weight_decay': 0.1, 'foreach': None, 'fused': True}
[rank1]:[titan] 2026-10-02 07:44:46,427 - torchtitan.components.optim.optimizer - INFO - Optimizer AdamW (model_part=1): 22 params [.*] {'lr': 0.0008, 'betas': (0.9, 0.95), 'eps': 1e-08, 'weight_decay': 0.1, 'foreach': None, 'fused': True}
[rank0]:[titan] 2026-10-02 07:44:46,459 - torchtitan.components.optim.optimizer - INFO - Optimizer AdamW (model_part=1): 28 params [.*] {'lr': 0.0008, 'betas': (0.9, 0.95), 'eps': 1e-08, 'weight_decay': 0.1, 'foreach': None, 'fused': True}
[rank2]:[titan] 2026-10-02 07:44:46,451 - torchtitan.components.optim.optimizer - INFO - Optimizer AdamW (model_part=2): 28 params [.*] {'lr': 0.0008, 'betas': (0.9, 0.95), 'eps': 1e-08, 'weight_decay': 0.1, 'foreach': None, 'fused': True}
[rank1]:[titan] 2026-10-02 07:44:46,427 - torchtitan.components.optim.optimizer - INFO - Optimizer AdamW (model_part=2): 22 params [.*] {'lr': 0.0008, 'betas': (0.9, 0.95), 'eps': 1e-08, 'weight_decay': 0.1, 'foreach': None, 'fused': True}
[rank0]:[titan] 2026-10-02 07:44:46,460 - torchtitan.components.optim.optimizer - INFO - Optimizer AdamW (model_part=2): 28 params [.*] {'lr': 0.0008, 'betas': (0.9, 0.95), 'eps': 1e-08, 'weight_decay': 0.1, 'foreach': None, 'fused': True}
[rank2]:[titan] 2026-10-02 07:44:46,451 - torchtitan.components.optim.optimizer - INFO - Optimizer AdamW (model_part=3): 22 params [.*] {'lr': 0.0008, 'betas': (0.9, 0.95), 'eps': 1e-08, 'weight_decay': 0.1, 'foreach': None, 'fused': True}
[rank1]:[titan] 2026-10-02 07:44:46,427 - torchtitan.components.optim.optimizer - INFO - Optimizer AdamW (model_part=3): 22 params [.*] {'lr': 0.0008, 'betas': (0.9, 0.95), 'eps': 1e-08, 'weight_decay': 0.1, 'foreach': None, 'fused': True}
[rank0]:[titan] 2026-10-02 07:44:46,460 - torchtitan.components.optim.optimizer - INFO - Optimizer AdamW (model_part=3): 28 params [.*] {'lr': 0.0008, 'betas': (0.9, 0.95), 'eps': 1e-08, 'weight_decay': 0.1, 'foreach': None, 'fused': True}
[rank2]:[titan] 2026-10-02 07:44:46,453 - torchtitan.observability.metrics - WARNING - [31mPipeline Parallel loss is not visible. Please add [33mrank 3[31m to LOG_RANK environment variable in run_train.sh.[39m
[rank1]:[titan] 2026-10-02 07:44:46,428 - torchtitan.observability.metrics - WARNING - [31mPipeline Parallel loss is not visible. Please add [33mrank 3[31m to LOG_RANK environment variable in run_train.sh.[39m
[rank0]:[titan] 2026-10-02 07:44:46,461 - torchtitan.observability.metrics - WARNING - [31mPipeline Parallel loss is not visible. Please add [33mrank 3[31m to LOG_RANK environment variable in run_train.sh.[39m
[rank0]:[titan] 2026-10-02 07:44:46,461 - torchtitan.trainer - INFO - Peak FLOPS used for computing MFU: 9.890e+14
[rank1]:[titan] 2026-10-02 07:44:46,429 - torchtitan.trainer - INFO - Peak FLOPS used for computing MFU: 9.890e+14
[rank1]:[titan] 2026-10-02 07:44:46,429 - torchtitan.trainer - INFO - CUDA memory usage for model: 6.02GiB(7.60%)
[rank2]:[titan] 2026-10-02 07:44:46,453 - torchtitan.trainer - INFO - Peak FLOPS used for computing MFU: 9.890e+14
[rank3]:[titan] 2026-10-02 07:44:46,400 - torchtitan.training_engine - INFO - Model KimiK3Model.Config size: 11,625,395,584 total parameters
[rank1]:[titan] 2026-10-02 07:44:46,429 - torchtitan.trainer - INFO - Trainer is initialized with 32768 tokens per DP rank, 32768 tokens per train step, gradient accumulation steps 1, maximum context length 2048, total steps 12 (warmup 2)
[rank0]:[titan] 2026-10-02 07:44:46,461 - torchtitan.trainer - INFO - CUDA memory usage for model: 5.66GiB(7.14%)
[rank1]:[titan] 2026-10-02 07:44:46,429 - torchtitan.trainer - INFO - Training starts at step 1
[rank3]:[titan] 2026-10-02 07:44:46,401 - torchtitan.components.optim.optimizer - INFO - Optimizer AdamW (model_part=0): 28 params [.*] {'lr': 0.0008, 'betas': (0.9, 0.95), 'eps': 1e-08, 'weight_decay': 0.1, 'foreach': None, 'fused': True}
[rank0]:[titan] 2026-10-02 07:44:46,461 - torchtitan.trainer - INFO - Trainer is initialized with 32768 tokens per DP rank, 32768 tokens per train step, gradient accumulation steps 1, maximum context length 2048, total steps 12 (warmup 2)
[rank1]:[titan] 2026-10-02 07:44:46,429 - torchtitan.observability.profiler - INFO - Profiling active. Traces will be saved at /root/mep/results/dep_new_k3range/trace_c012_m16_w_dep_k25/out/traces
[rank2]:[titan] 2026-10-02 07:44:46,453 - torchtitan.trainer - INFO - CUDA memory usage for model: 6.45GiB(8.15%)
[rank0]:[titan] 2026-10-02 07:44:46,461 - torchtitan.trainer - INFO - Training starts at step 1
[rank0]:[titan] 2026-10-02 07:44:46,461 - torchtitan.observability.profiler - INFO - Profiling active. Traces will be saved at /root/mep/results/dep_new_k3range/trace_c012_m16_w_dep_k25/out/traces
[rank2]:[titan] 2026-10-02 07:44:46,453 - torchtitan.trainer - INFO - Trainer is initialized with 32768 tokens per DP rank, 32768 tokens per train step, gradient accumulation steps 1, maximum context length 2048, total steps 12 (warmup 2)
[rank2]:[titan] 2026-10-02 07:44:46,453 - torchtitan.trainer - INFO - Training starts at step 1
[rank2]:[titan] 2026-10-02 07:44:46,453 - torchtitan.observability.profiler - INFO - Profiling active. Traces will be saved at /root/mep/results/dep_new_k3range/trace_c012_m16_w_dep_k25/out/traces
[rank3]:[titan] 2026-10-02 07:44:46,401 - torchtitan.components.optim.optimizer - INFO - Optimizer AdamW (model_part=1): 28 params [.*] {'lr': 0.0008, 'betas': (0.9, 0.95), 'eps': 1e-08, 'weight_decay': 0.1, 'foreach': None, 'fused': True}
[rank3]:[titan] 2026-10-02 07:44:46,401 - torchtitan.components.optim.optimizer - INFO - Optimizer AdamW (model_part=2): 28 params [.*] {'lr': 0.0008, 'betas': (0.9, 0.95), 'eps': 1e-08, 'weight_decay': 0.1, 'foreach': None, 'fused': True}
[rank3]:[titan] 2026-10-02 07:44:46,402 - torchtitan.components.optim.optimizer - INFO - Optimizer AdamW (model_part=3): 4 params [.*] {'lr': 0.0008, 'betas': (0.9, 0.95), 'eps': 1e-08, 'weight_decay': 0.1, 'foreach': None, 'fused': True}
[rank3]:[titan] 2026-10-02 07:44:46,402 - torchtitan.observability.metrics - WARNING - [31mPipeline Parallel loss is not visible. Please add [33mrank 3[31m to LOG_RANK environment variable in run_train.sh.[39m
[rank3]:[titan] 2026-10-02 07:44:46,403 - torchtitan.trainer - INFO - Peak FLOPS used for computing MFU: 9.890e+14
[rank3]:[titan] 2026-10-02 07:44:46,403 - torchtitan.trainer - INFO - CUDA memory usage for model: 4.48GiB(5.66%)
[rank3]:[titan] 2026-10-02 07:44:46,403 - torchtitan.trainer - INFO - Trainer is initialized with 32768 tokens per DP rank, 32768 tokens per train step, gradient accumulation steps 1, maximum context length 2048, total steps 12 (warmup 2)
[rank3]:[titan] 2026-10-02 07:44:46,403 - torchtitan.trainer - INFO - Training starts at step 1
[rank3]:[titan] 2026-10-02 07:44:46,403 - torchtitan.observability.profiler - INFO - Profiling active. Traces will be saved at /root/mep/results/dep_new_k3range/trace_c012_m16_w_dep_k25/out/traces
[rank0]:[titan] 2026-10-02 07:45:20,749 - torchtitan.models.kimi_k3.pipeline_parallel.vision_dep - INFO - vision_dep: 13 micro-batch(es) with images; encodes 13 before the schedule, 0 in idle slots; backwards 0 in idle slots, 13 after it
[rank1]:[titan] 2026-10-02 07:45:20,750 - torchtitan.models.kimi_k3.pipeline_parallel.vision_dep - INFO - vision_dep: 13 micro-batch(es) with images; encodes 13 before the schedule, 0 in idle slots; backwards 0 in idle slots, 13 after it
[rank3]:[titan] 2026-10-02 07:45:20,749 - torchtitan.models.kimi_k3.pipeline_parallel.vision_dep - INFO - vision_dep: 13 micro-batch(es) with images; encodes 13 before the schedule, 0 in idle slots; backwards 0 in idle slots, 13 after it
[rank2]:[titan] 2026-10-02 07:45:20,749 - torchtitan.models.kimi_k3.pipeline_parallel.vision_dep - INFO - vision_dep: 13 micro-batch(es) with images; encodes 13 before the schedule, 0 in idle slots; backwards 0 in idle slots, 13 after it
[rank1]:/root/mep/venv_src/lib/python3.12/site-packages/torch/distributed/fsdp/_fully_shard/_fsdp_state.py:336: UserWarning: FSDP2-wrapped module (FSDPCheckpointWrapper) returned a view tensor. An in-place op on this view (e.g., `x += y`) will silently drop the pre-backward hook and skip the all-gather, which can cause backward to fail or produce wrong gradients. Use out-of-place ops (`out = out + y`, not `out += y`) or `.clone()` the output before any in-place op.
[rank1]:  output = self._register_pre_backward_hook(output)
[rank1]:/root/mep/venv_src/lib/python3.12/site-packages/torch/distributed/fsdp/_fully_shard/_fsdp_state.py:336: UserWarning: FSDP2-wrapped module (FSDPKimiK3Model) returned a view tensor. An in-place op on this view (e.g., `x += y`) will silently drop the pre-backward hook and skip the all-gather, which can cause backward to fail or produce wrong gradients. Use out-of-place ops (`out = out + y`, not `out += y`) or `.clone()` the output before any in-place op.
[rank1]:  output = self._register_pre_backward_hook(output)
[rank2]:/root/mep/venv_src/lib/python3.12/site-packages/torch/distributed/fsdp/_fully_shard/_fsdp_state.py:336: UserWarning: FSDP2-wrapped module (FSDPCheckpointWrapper) returned a view tensor. An in-place op on this view (e.g., `x += y`) will silently drop the pre-backward hook and skip the all-gather, which can cause backward to fail or produce wrong gradients. Use out-of-place ops (`out = out + y`, not `out += y`) or `.clone()` the output before any in-place op.
[rank2]:  output = self._register_pre_backward_hook(output)
[rank3]:/root/mep/venv_src/lib/python3.12/site-packages/torch/distributed/fsdp/_fully_shard/_fsdp_state.py:336: UserWarning: FSDP2-wrapped module (FSDPCheckpointWrapper) returned a view tensor. An in-place op on this view (e.g., `x += y`) will silently drop the pre-backward hook and skip the all-gather, which can cause backward to fail or produce wrong gradients. Use out-of-place ops (`out = out + y`, not `out += y`) or `.clone()` the output before any in-place op.
[rank3]:  output = self._register_pre_backward_hook(output)
[rank3]:/root/mep/venv_src/lib/python3.12/site-packages/torch/distributed/fsdp/_fully_shard/_fsdp_state.py:336: UserWarning: FSDP2-wrapped module (FSDPKimiK3Model) returned a view tensor. An in-place op on this view (e.g., `x += y`) will silently drop the pre-backward hook and skip the all-gather, which can cause backward to fail or produce wrong gradients. Use out-of-place ops (`out = out + y`, not `out += y`) or `.clone()` the output before any in-place op.
[rank3]:  output = self._register_pre_backward_hook(output)
[rank0]:/root/mep/venv_src/lib/python3.12/site-packages/torch/distributed/fsdp/_fully_shard/_fsdp_state.py:336: UserWarning: FSDP2-wrapped module (FSDPCheckpointWrapper) returned a view tensor. An in-place op on this view (e.g., `x += y`) will silently drop the pre-backward hook and skip the all-gather, which can cause backward to fail or produce wrong gradients. Use out-of-place ops (`out = out + y`, not `out += y`) or `.clone()` the output before any in-place op.
[rank0]:  output = self._register_pre_backward_hook(output)
[rank0]:/root/mep/venv_src/lib/python3.12/site-packages/torch/distributed/fsdp/_fully_shard/_fsdp_state.py:336: UserWarning: FSDP2-wrapped module (FSDPKimiK3Model) returned a view tensor. An in-place op on this view (e.g., `x += y`) will silently drop the pre-backward hook and skip the all-gather, which can cause backward to fail or produce wrong gradients. Use out-of-place ops (`out = out + y`, not `out += y`) or `.clone()` the output before any in-place op.
[rank0]:  output = self._register_pre_backward_hook(output)
[rank1]:/root/mep/venv_src/lib/python3.12/site-packages/torch/distributed/fsdp/_fully_shard/_fsdp_state.py:336: UserWarning: FSDP2-wrapped module (FSDPCheckpointWrapper) returned a view tensor. An in-place op on this view (e.g., `x += y`) will silently drop the pre-backward hook and skip the all-gather, which can cause backward to fail or produce wrong gradients. Use out-of-place ops (`out = out + y`, not `out += y`) or `.clone()` the output before any in-place op.
[rank1]:  output = self._register_pre_backward_hook(output)
[rank1]:/root/mep/venv_src/lib/python3.12/site-packages/torch/distributed/fsdp/_fully_shard/_fsdp_state.py:336: UserWarning: FSDP2-wrapped module (FSDPKimiK3Model) returned a view tensor. An in-place op on this view (e.g., `x += y`) will silently drop the pre-backward hook and skip the all-gather, which can cause backward to fail or produce wrong gradients. Use out-of-place ops (`out = out + y`, not `out += y`) or `.clone()` the output before any in-place op.
[rank1]:  output = self._register_pre_backward_hook(output)
[rank3]:[titan] 2026-10-02 07:45:36,469 - torchtitan.observability.metrics - INFO - [31mstep:  1  [32mloss:  7.97759  [38;2;180;60;0mgrad_norm: 44.7500  [38;2;54;234;195mmemory: 44.27GiB(55.89%)  [34mtps: 156  [36mtflops: 8.54  [35mmfu: 0.86%[39m
[rank3]:[titan] 2026-10-02 07:45:36,471 - torchtitan.distributed.utils - INFO - Synchronizing and adjusting timeout for all ProcessGroups to 0:01:40
[rank1]:[titan] 2026-10-02 07:45:36,511 - torchtitan.observability.metrics - INFO - [31mstep:  1  [32mloss: -1.00000  [38;2;180;60;0mgrad_norm: 44.7500  [38;2;54;234;195mmemory: 49.17GiB(62.07%)  [34mtps: 156  [36mtflops: 8.54  [35mmfu: 0.86%[39m
[rank0]:[titan] 2026-10-02 07:45:36,520 - torchtitan.observability.metrics - INFO - [31mstep:  1  [32mloss: -1.00000  [38;2;180;60;0mgrad_norm: 44.7500  [38;2;54;234;195mmemory: 49.48GiB(62.47%)  [34mtps: 156  [36mtflops: 8.54  [35mmfu: 0.86%[39m
[rank1]:[titan] 2026-10-02 07:45:36,512 - torchtitan.distributed.utils - INFO - Synchronizing and adjusting timeout for all ProcessGroups to 0:01:40
[rank2]:[titan] 2026-10-02 07:45:36,542 - torchtitan.observability.metrics - INFO - [31mstep:  1  [32mloss: -1.00000  [38;2;180;60;0mgrad_norm: 44.7500  [38;2;54;234;195mmemory: 53.53GiB(67.58%)  [34mtps: 156  [36mtflops: 8.53  [35mmfu: 0.86%[39m
[rank0]:[titan] 2026-10-02 07:45:36,520 - torchtitan.distributed.utils - INFO - Synchronizing and adjusting timeout for all ProcessGroups to 0:01:40
[rank2]:[titan] 2026-10-02 07:45:36,543 - torchtitan.distributed.utils - INFO - Synchronizing and adjusting timeout for all ProcessGroups to 0:01:40
[rank1]:/root/mep/venv_src/lib/python3.12/site-packages/torch/distributed/fsdp/_fully_shard/_fsdp_state.py:336: UserWarning: FSDP2-wrapped module (FSDPCheckpointWrapper) returned a view tensor. An in-place op on this view (e.g., `x += y`) will silently drop the pre-backward hook and skip the all-gather, which can cause backward to fail or produce wrong gradients. Use out-of-place ops (`out = out + y`, not `out += y`) or `.clone()` the output before any in-place op.
[rank1]:  output = self._register_pre_backward_hook(output)
[rank1]:/root/mep/venv_src/lib/python3.12/site-packages/torch/distributed/fsdp/_fully_shard/_fsdp_state.py:336: UserWarning: FSDP2-wrapped module (FSDPKimiK3Model) returned a view tensor. An in-place op on this view (e.g., `x += y`) will silently drop the pre-backward hook and skip the all-gather, which can cause backward to fail or produce wrong gradients. Use out-of-place ops (`out = out + y`, not `out += y`) or `.clone()` the output before any in-place op.
[rank1]:  output = self._register_pre_backward_hook(output)
[rank3]:/root/mep/venv_src/lib/python3.12/site-packages/torch/distributed/fsdp/_fully_shard/_fsdp_state.py:336: UserWarning: FSDP2-wrapped module (FSDPCheckpointWrapper) returned a view tensor. An in-place op on this view (e.g., `x += y`) will silently drop the pre-backward hook and skip the all-gather, which can cause backward to fail or produce wrong gradients. Use out-of-place ops (`out = out + y`, not `out += y`) or `.clone()` the output before any in-place op.
[rank3]:  output = self._register_pre_backward_hook(output)
[rank3]:/root/mep/venv_src/lib/python3.12/site-packages/torch/distributed/fsdp/_fully_shard/_fsdp_state.py:336: UserWarning: FSDP2-wrapped module (FSDPKimiK3Model) returned a view tensor. An in-place op on this view (e.g., `x += y`) will silently drop the pre-backward hook and skip the all-gather, which can cause backward to fail or produce wrong gradients. Use out-of-place ops (`out = out + y`, not `out += y`) or `.clone()` the output before any in-place op.
[rank3]:  output = self._register_pre_backward_hook(output)
[rank2]:/root/mep/venv_src/lib/python3.12/site-packages/torch/distributed/fsdp/_fully_shard/_fsdp_state.py:336: UserWarning: FSDP2-wrapped module (FSDPCheckpointWrapper) returned a view tensor. An in-place op on this view (e.g., `x += y`) will silently drop the pre-backward hook and skip the all-gather, which can cause backward to fail or produce wrong gradients. Use out-of-place ops (`out = out + y`, not `out += y`) or `.clone()` the output before any in-place op.
[rank2]:  output = self._register_pre_backward_hook(output)
[rank3]:[titan] 2026-10-02 07:45:39,777 - torchtitan.observability.metrics - INFO - [31mstep:  2  [32mloss:  5.89309  [38;2;180;60;0mgrad_norm: 44.5000  [38;2;54;234;195mmemory: 51.21GiB(64.65%)  [34mtps: 2,476  [36mtflops: 135.19  [35mmfu: 13.67%[39m
[rank2]:[titan] 2026-10-02 07:45:39,784 - torchtitan.observability.metrics - INFO - [31mstep:  2  [32mloss: -1.00000  [38;2;180;60;0mgrad_norm: 44.5000  [38;2;54;234;195mmemory: 64.74GiB(81.73%)  [34mtps: 2,527  [36mtflops: 137.97  [35mmfu: 13.95%[39m
[rank0]:[titan] 2026-10-02 07:45:39,781 - torchtitan.observability.metrics - INFO - [31mstep:  2  [32mloss: -1.00000  [38;2;180;60;0mgrad_norm: 44.5000  [38;2;54;234;195mmemory: 60.48GiB(76.35%)  [34mtps: 2,512  [36mtflops: 137.15  [35mmfu: 13.87%[39m
[rank1]:[titan] 2026-10-02 07:45:39,783 - torchtitan.observability.metrics - INFO - [31mstep:  2  [32mloss: -1.00000  [38;2;180;60;0mgrad_norm: 44.5000  [38;2;54;234;195mmemory: 58.94GiB(74.41%)  [34mtps: 2,505  [36mtflops: 136.74  [35mmfu: 13.83%[39m
[rank3]:[titan] 2026-10-02 07:45:42,825 - torchtitan.observability.metrics - INFO - [31mstep:  3  [32mloss:  7.57571  [38;2;180;60;0mgrad_norm: 52.2500  [38;2;54;234;195mmemory: 51.21GiB(64.65%)  [34mtps: 2,688  [36mtflops: 146.74  [35mmfu: 14.84%[39m
[rank0]:[titan] 2026-10-02 07:45:42,829 - torchtitan.observability.metrics - INFO - [31mstep:  3  [32mloss: -1.00000  [38;2;180;60;0mgrad_norm: 52.2500  [38;2;54;234;195mmemory: 60.48GiB(76.35%)  [34mtps: 2,688  [36mtflops: 146.75  [35mmfu: 14.84%[39m
[rank1]:[titan] 2026-10-02 07:45:42,831 - torchtitan.observability.metrics - INFO - [31mstep:  3  [32mloss: -1.00000  [38;2;180;60;0mgrad_norm: 52.2500  [38;2;54;234;195mmemory: 58.94GiB(74.41%)  [34mtps: 2,688  [36mtflops: 146.74  [35mmfu: 14.84%[39m
[rank2]:[titan] 2026-10-02 07:45:42,832 - torchtitan.observability.metrics - INFO - [31mstep:  3  [32mloss: -1.00000  [38;2;180;60;0mgrad_norm: 52.2500  [38;2;54;234;195mmemory: 64.74GiB(81.73%)  [34mtps: 2,688  [36mtflops: 146.75  [35mmfu: 14.84%[39m
[rank3]:[titan] 2026-10-02 07:45:45,883 - torchtitan.observability.metrics - INFO - [31mstep:  4  [32mloss:  9.55230  [38;2;180;60;0mgrad_norm: 191.0000  [38;2;54;234;195mmemory: 51.21GiB(64.65%)  [34mtps: 2,680  [36mtflops: 146.31  [35mmfu: 14.79%[39m
[rank2]:[titan] 2026-10-02 07:45:45,889 - torchtitan.observability.metrics - INFO - [31mstep:  4  [32mloss: -1.00000  [38;2;180;60;0mgrad_norm: 191.0000  [38;2;54;234;195mmemory: 64.74GiB(81.73%)  [34mtps: 2,680  [36mtflops: 146.32  [35mmfu: 14.79%[39m
[rank1]:[titan] 2026-10-02 07:45:45,888 - torchtitan.observability.metrics - INFO - [31mstep:  4  [32mloss: -1.00000  [38;2;180;60;0mgrad_norm: 191.0000  [38;2;54;234;195mmemory: 58.94GiB(74.41%)  [34mtps: 2,680  [36mtflops: 146.31  [35mmfu: 14.79%[39m
[rank0]:[titan] 2026-10-02 07:45:45,887 - torchtitan.observability.metrics - INFO - [31mstep:  4  [32mloss: -1.00000  [38;2;180;60;0mgrad_norm: 191.0000  [38;2;54;234;195mmemory: 60.48GiB(76.35%)  [34mtps: 2,680  [36mtflops: 146.31  [35mmfu: 14.79%[39m
[rank3]:[titan] 2026-10-02 07:45:48,933 - torchtitan.observability.metrics - INFO - [31mstep:  5  [32mloss:  8.01735  [38;2;180;60;0mgrad_norm: 111.0000  [38;2;54;234;195mmemory: 51.21GiB(64.65%)  [34mtps: 2,686  [36mtflops: 146.63  [35mmfu: 14.83%[39m
[rank1]:[titan] 2026-10-02 07:45:48,939 - torchtitan.observability.metrics - INFO - [31mstep:  5  [32mloss: -1.00000  [38;2;180;60;0mgrad_norm: 111.0000  [38;2;54;234;195mmemory: 58.94GiB(74.41%)  [34mtps: 2,686  [36mtflops: 146.63  [35mmfu: 14.83%[39m
[rank2]:[titan] 2026-10-02 07:45:48,940 - torchtitan.observability.metrics - INFO - [31mstep:  5  [32mloss: -1.00000  [38;2;180;60;0mgrad_norm: 111.0000  [38;2;54;234;195mmemory: 64.74GiB(81.73%)  [34mtps: 2,686  [36mtflops: 146.63  [35mmfu: 14.83%[39m
[rank0]:[titan] 2026-10-02 07:45:48,937 - torchtitan.observability.metrics - INFO - [31mstep:  5  [32mloss: -1.00000  [38;2;180;60;0mgrad_norm: 111.0000  [38;2;54;234;195mmemory: 60.48GiB(76.35%)  [34mtps: 2,686  [36mtflops: 146.63  [35mmfu: 14.83%[39m
[rank3]:[titan] 2026-10-02 07:45:51,953 - torchtitan.observability.metrics - INFO - [31mstep:  6  [32mloss:  7.52464  [38;2;180;60;0mgrad_norm: 144.0000  [38;2;54;234;195mmemory: 51.21GiB(64.65%)  [34mtps: 2,713  [36mtflops: 148.12  [35mmfu: 14.98%[39m
[rank2]:[titan] 2026-10-02 07:45:51,960 - torchtitan.observability.metrics - INFO - [31mstep:  6  [32mloss: -1.00000  [38;2;180;60;0mgrad_norm: 144.0000  [38;2;54;234;195mmemory: 64.74GiB(81.73%)  [34mtps: 2,713  [36mtflops: 148.12  [35mmfu: 14.98%[39m
[rank0]:[titan] 2026-10-02 07:45:51,957 - torchtitan.observability.metrics - INFO - [31mstep:  6  [32mloss: -1.00000  [38;2;180;60;0mgrad_norm: 144.0000  [38;2;54;234;195mmemory: 60.48GiB(76.35%)  [34mtps: 2,713  [36mtflops: 148.12  [35mmfu: 14.98%[39m
[rank1]:[titan] 2026-10-02 07:45:51,958 - torchtitan.observability.metrics - INFO - [31mstep:  6  [32mloss: -1.00000  [38;2;180;60;0mgrad_norm: 144.0000  [38;2;54;234;195mmemory: 58.94GiB(74.41%)  [34mtps: 2,713  [36mtflops: 148.11  [35mmfu: 14.98%[39m
[rank2]:[titan] 2026-10-02 07:45:55,001 - torchtitan.observability.metrics - INFO - [31mstep:  7  [32mloss: -1.00000  [38;2;180;60;0mgrad_norm: 53.7500  [38;2;54;234;195mmemory: 64.74GiB(81.73%)  [34mtps: 2,694  [36mtflops: 147.07  [35mmfu: 14.87%[39m
[rank0]:[titan] 2026-10-02 07:45:54,999 - torchtitan.observability.metrics - INFO - [31mstep:  7  [32mloss: -1.00000  [38;2;180;60;0mgrad_norm: 53.7500  [38;2;54;234;195mmemory: 60.48GiB(76.35%)  [34mtps: 2,694  [36mtflops: 147.07  [35mmfu: 14.87%[39m
[rank1]:[titan] 2026-10-02 07:45:55,000 - torchtitan.observability.metrics - INFO - [31mstep:  7  [32mloss: -1.00000  [38;2;180;60;0mgrad_norm: 53.7500  [38;2;54;234;195mmemory: 58.94GiB(74.41%)  [34mtps: 2,694  [36mtflops: 147.07  [35mmfu: 14.87%[39m
[rank3]:[titan] 2026-10-02 07:45:54,995 - torchtitan.observability.metrics - INFO - [31mstep:  7  [32mloss:  5.34946  [38;2;180;60;0mgrad_norm: 53.7500  [38;2;54;234;195mmemory: 51.21GiB(64.65%)  [34mtps: 2,694  [36mtflops: 147.07  [35mmfu: 14.87%[39m
[rank3]:[titan] 2026-10-02 07:45:58,257 - torchtitan.observability.metrics - INFO - [31mstep:  8  [32mloss:  4.70659  [38;2;180;60;0mgrad_norm: 22.7500  [38;2;54;234;195mmemory: 51.21GiB(64.65%)  [34mtps: 2,511  [36mtflops: 137.10  [35mmfu: 13.86%[39m
[rank2]:[titan] 2026-10-02 07:45:58,264 - torchtitan.observability.metrics - INFO - [31mstep:  8  [32mloss: -1.00000  [38;2;180;60;0mgrad_norm: 22.7500  [38;2;54;234;195mmemory: 64.74GiB(81.73%)  [34mtps: 2,511  [36mtflops: 137.09  [35mmfu: 13.86%[39m
[rank1]:[titan] 2026-10-02 07:45:58,263 - torchtitan.observability.metrics - INFO - [31mstep:  8  [32mloss: -1.00000  [38;2;180;60;0mgrad_norm: 22.7500  [38;2;54;234;195mmemory: 58.94GiB(74.41%)  [34mtps: 2,511  [36mtflops: 137.10  [35mmfu: 13.86%[39m
[rank0]:[titan] 2026-10-02 07:45:58,261 - torchtitan.observability.metrics - INFO - [31mstep:  8  [32mloss: -1.00000  [38;2;180;60;0mgrad_norm: 22.7500  [38;2;54;234;195mmemory: 60.48GiB(76.35%)  [34mtps: 2,511  [36mtflops: 137.09  [35mmfu: 13.86%[39m
[rank0]:USDT:2026-10-02 07:46:01 26727:26727 SyncActivityProfilerHandler.cpp:39] profiler_start
[rank1]:USDT:2026-10-02 07:46:01 26728:26728 SyncActivityProfilerHandler.cpp:39] profiler_start
[rank3]:USDT:2026-10-02 07:46:01 26730:26730 SyncActivityProfilerHandler.cpp:39] profiler_start
[rank2]:USDT:2026-10-02 07:46:01 26729:26729 SyncActivityProfilerHandler.cpp:39] profiler_start
[rank3]:[titan] 2026-10-02 07:46:01,439 - torchtitan.observability.metrics - INFO - [31mstep:  9  [32mloss:  4.77065  [38;2;180;60;0mgrad_norm: 40.2500  [38;2;54;234;195mmemory: 51.21GiB(64.65%)  [34mtps: 2,575  [36mtflops: 140.60  [35mmfu: 14.22%[39m
[rank0]:[titan] 2026-10-02 07:46:01,443 - torchtitan.observability.metrics - INFO - [31mstep:  9  [32mloss: -1.00000  [38;2;180;60;0mgrad_norm: 40.2500  [38;2;54;234;195mmemory: 60.48GiB(76.35%)  [34mtps: 2,575  [36mtflops: 140.60  [35mmfu: 14.22%[39m
[rank2]:[titan] 2026-10-02 07:46:01,446 - torchtitan.observability.metrics - INFO - [31mstep:  9  [32mloss: -1.00000  [38;2;180;60;0mgrad_norm: 40.2500  [38;2;54;234;195mmemory: 64.74GiB(81.73%)  [34mtps: 2,575  [36mtflops: 140.60  [35mmfu: 14.22%[39m
[rank1]:[titan] 2026-10-02 07:46:01,444 - torchtitan.observability.metrics - INFO - [31mstep:  9  [32mloss: -1.00000  [38;2;180;60;0mgrad_norm: 40.2500  [38;2;54;234;195mmemory: 58.94GiB(74.41%)  [34mtps: 2,575  [36mtflops: 140.59  [35mmfu: 14.22%[39m
[rank3]:[titan] 2026-10-02 07:46:04,865 - torchtitan.observability.metrics - INFO - [31mstep: 10  [32mloss:  4.45470  [38;2;180;60;0mgrad_norm: 27.6250  [38;2;54;234;195mmemory: 51.21GiB(64.65%)  [34mtps: 2,392  [36mtflops: 130.57  [35mmfu: 13.20%[39m
[rank0]:[titan] 2026-10-02 07:46:04,868 - torchtitan.observability.metrics - INFO - [31mstep: 10  [32mloss: -1.00000  [38;2;180;60;0mgrad_norm: 27.6250  [38;2;54;234;195mmemory: 60.48GiB(76.35%)  [34mtps: 2,392  [36mtflops: 130.57  [35mmfu: 13.20%[39m
[rank2]:[titan] 2026-10-02 07:46:04,871 - torchtitan.observability.metrics - INFO - [31mstep: 10  [32mloss: -1.00000  [38;2;180;60;0mgrad_norm: 27.6250  [38;2;54;234;195mmemory: 64.74GiB(81.73%)  [34mtps: 2,392  [36mtflops: 130.58  [35mmfu: 13.20%[39m
[rank1]:[titan] 2026-10-02 07:46:04,870 - torchtitan.observability.metrics - INFO - [31mstep: 10  [32mloss: -1.00000  [38;2;180;60;0mgrad_norm: 27.6250  [38;2;54;234;195mmemory: 58.94GiB(74.41%)  [34mtps: 2,392  [36mtflops: 130.58  [35mmfu: 13.20%[39m
[rank0]:USDT:2026-10-02 07:46:05 26727:26727 SyncActivityProfilerHandler.cpp:46] profiler_stop
[rank3]:USDT:2026-10-02 07:46:05 26730:26730 SyncActivityProfilerHandler.cpp:46] profiler_stop
[rank1]:USDT:2026-10-02 07:46:05 26728:26728 SyncActivityProfilerHandler.cpp:46] profiler_stop
[rank2]:USDT:2026-10-02 07:46:05 26729:26729 SyncActivityProfilerHandler.cpp:46] profiler_stop
[rank0]:[titan] 2026-10-02 07:46:06,883 - torchtitan.observability.profiler - INFO - Dumping profiler traces at step 10
[rank3]:[titan] 2026-10-02 07:46:07,014 - torchtitan.observability.profiler - INFO - Dumping profiler traces at step 10
[rank1]:[titan] 2026-10-02 07:46:07,389 - torchtitan.observability.profiler - INFO - Dumping profiler traces at step 10
[rank2]:[titan] 2026-10-02 07:46:07,486 - torchtitan.observability.profiler - INFO - Dumping profiler traces at step 10
