W0930 08:01:32.233000 57552 torch/distributed/run.py:982] 
W0930 08:01:32.233000 57552 torch/distributed/run.py:982] *****************************************
W0930 08:01:32.233000 57552 torch/distributed/run.py:982] Setting OMP_NUM_THREADS environment variable for each process to be 1 in default, to avoid your system being overloaded, please further tune the variable for optimal performance in your application as needed. 
W0930 08:01:32.233000 57552 torch/distributed/run.py:982] *****************************************
[rank2]:WARNING:absl:Failed to load jax profiler: No module named 'jax'
[rank3]:WARNING:absl:Failed to load jax profiler: No module named 'jax'
[rank1]:WARNING:absl:Failed to load jax profiler: No module named 'jax'
[rank0]:WARNING:absl:Failed to load jax profiler: No module named 'jax'
[rank0]:[titan] 2026-09-30 08:01:38,358 - __main__ - INFO - torchtitan version: 0.0.0+unknown (0.0.0 means __version__ is not defined correctly).
[rank2]:[titan] 2026-09-30 08:01:38,355 - __main__ - INFO - torchtitan version: 0.0.0+unknown (0.0.0 means __version__ is not defined correctly).
[rank3]:[titan] 2026-09-30 08:01:38,420 - __main__ - INFO - torchtitan version: 0.0.0+unknown (0.0.0 means __version__ is not defined correctly).
[rank1]:[titan] 2026-09-30 08:01:38,632 - __main__ - INFO - torchtitan version: 0.0.0+unknown (0.0.0 means __version__ is not defined correctly).
[rank2]:[titan] 2026-09-30 08:01:39,080 - torchtitan.observability.structured_logger.jsonl_handler - INFO - Structured logging -> JSONL: /root/mep/results/dep_h100/trace_r10_m4_w_dep_k25/out/structured_logs/training.global_rank_2.20260930-080139-1XWAGB.jsonl
[rank0]:[titan] 2026-09-30 08:01:39,091 - torchtitan.observability.structured_logger.jsonl_handler - INFO - Structured logging -> JSONL: /root/mep/results/dep_h100/trace_r10_m4_w_dep_k25/out/structured_logs/training.global_rank_0.20260930-080139-ZETPAT.jsonl
[rank3]:[titan] 2026-09-30 08:01:39,154 - torchtitan.observability.structured_logger.jsonl_handler - INFO - Structured logging -> JSONL: /root/mep/results/dep_h100/trace_r10_m4_w_dep_k25/out/structured_logs/training.global_rank_3.20260930-080139-HQCIG8.jsonl
[rank1]:[titan] 2026-09-30 08:01:39,471 - torchtitan.observability.structured_logger.jsonl_handler - INFO - Structured logging -> JSONL: /root/mep/results/dep_h100/trace_r10_m4_w_dep_k25/out/structured_logs/training.global_rank_1.20260930-080139-A37ENH.jsonl
[rank2]:[titan] 2026-09-30 08:01:39,683 - torchtitan.distributed.utils - WARNING - ENV[TORCH_NCCL_ASYNC_ERROR_HANDLING] = 1 will be overridden to 3 based on job config
[rank0]:[titan] 2026-09-30 08:01:39,717 - torchtitan.distributed.utils - WARNING - ENV[TORCH_NCCL_ASYNC_ERROR_HANDLING] = 1 will be overridden to 3 based on job config
[rank3]:[titan] 2026-09-30 08:01:39,835 - torchtitan.distributed.utils - WARNING - ENV[TORCH_NCCL_ASYNC_ERROR_HANDLING] = 1 will be overridden to 3 based on job config
[rank1]:[titan] 2026-09-30 08:01:39,941 - torchtitan.distributed.utils - WARNING - ENV[TORCH_NCCL_ASYNC_ERROR_HANDLING] = 1 will be overridden to 3 based on job config
[rank0]:[titan] 2026-09-30 08:01:40,519 - torchtitan.tools.utils - INFO - [GC] Initial GC collection took 0.00 seconds
[rank2]:[titan] 2026-09-30 08:01:40,518 - torchtitan.tools.utils - INFO - [GC] Initial GC collection took 0.00 seconds
[rank3]:[titan] 2026-09-30 08:01:40,518 - torchtitan.tools.utils - INFO - [GC] Initial GC collection took 0.00 seconds
[rank1]:[titan] 2026-09-30 08:01:40,532 - torchtitan.tools.utils - INFO - [GC] Initial GC collection took 0.00 seconds
[rank3]:[titan] 2026-09-30 08:01:41,506 - torchtitan.distributed.parallelism_context - INFO - Building device mesh with parallelism: pp=2, dp_replicate=1, dp_shard=1, cp=1, tp=2, ep=2
[rank0]:[titan] 2026-09-30 08:01:41,506 - torchtitan.distributed.parallelism_context - INFO - Building device mesh with parallelism: pp=2, dp_replicate=1, dp_shard=1, cp=1, tp=2, ep=2
[rank1]:[titan] 2026-09-30 08:01:41,507 - torchtitan.distributed.parallelism_context - INFO - Building device mesh with parallelism: pp=2, dp_replicate=1, dp_shard=1, cp=1, tp=2, ep=2
[rank2]:[titan] 2026-09-30 08:01:41,506 - torchtitan.distributed.parallelism_context - INFO - Building device mesh with parallelism: pp=2, dp_replicate=1, dp_shard=1, cp=1, tp=2, ep=2
[rank3]:[titan] 2026-09-30 08:01:43,445 - torchtitan.distributed.parallelism_context - INFO - Successfully created meshes with active axes: ['pp', 'tp', 'ep']
[rank3]:[titan] 2026-09-30 08:01:43,448 - torchtitan.observability.metrics - INFO - CUDA capacity: NVIDIA H100 80GB HBM3 with 79.21GiB memory
[rank3]:[titan] 2026-09-30 08:01:43,460 - torchtitan.config.configurable - WARNING - Config field value of type InterpolationMode may not be JSON serializable
[rank2]:[titan] 2026-09-30 08:01:43,448 - torchtitan.distributed.parallelism_context - INFO - Successfully created meshes with active axes: ['pp', 'tp', 'ep']
[rank3]:[titan] 2026-09-30 08:01:43,461 - torchtitan.tools.utils - WARNING - Error running lspci: [Errno 2] No such file or directory: 'lspci', fallback to use device_name
[rank2]:[titan] 2026-09-30 08:01:43,454 - torchtitan.observability.metrics - INFO - CUDA capacity: NVIDIA H100 80GB HBM3 with 79.21GiB memory
[rank0]:[titan] 2026-09-30 08:01:43,442 - torchtitan.distributed.parallelism_context - INFO - Successfully created meshes with active axes: ['pp', 'tp', 'ep']
[rank3]:[titan] 2026-09-30 08:01:43,461 - torchtitan.components.tokenizer - INFO - Loading tokenizer from tokenizer.json
[rank1]:[titan] 2026-09-30 08:01:43,442 - torchtitan.distributed.parallelism_context - INFO - Successfully created meshes with active axes: ['pp', 'tp', 'ep']
[rank1]:[titan] 2026-09-30 08:01:43,445 - torchtitan.observability.metrics - INFO - CUDA capacity: NVIDIA H100 80GB HBM3 with 79.21GiB memory
[rank1]:[titan] 2026-09-30 08:01:43,456 - torchtitan.config.configurable - WARNING - Config field value of type InterpolationMode may not be JSON serializable
[rank0]:[titan] 2026-09-30 08:01:43,446 - torchtitan.observability.metrics - INFO - CUDA capacity: NVIDIA H100 80GB HBM3 with 79.21GiB memory
[rank0]:[titan] 2026-09-30 08:01:43,467 - torchtitan.config.configurable - WARNING - Config field value of type InterpolationMode may not be JSON serializable
[rank2]:[titan] 2026-09-30 08:01:43,468 - torchtitan.config.configurable - WARNING - Config field value of type InterpolationMode may not be JSON serializable
[rank2]:[titan] 2026-09-30 08:01:43,469 - torchtitan.tools.utils - WARNING - Error running lspci: [Errno 2] No such file or directory: 'lspci', fallback to use device_name
[rank2]:[titan] 2026-09-30 08:01:43,470 - torchtitan.components.tokenizer - INFO - Loading tokenizer from tokenizer.json
[rank0]:[titan] 2026-09-30 08:01:43,470 - torchtitan.tools.utils - WARNING - Error running lspci: [Errno 2] No such file or directory: 'lspci', fallback to use device_name
[rank0]:[titan] 2026-09-30 08:01:43,472 - torchtitan.components.tokenizer - INFO - Loading tokenizer from tokenizer.json
[rank1]:[titan] 2026-09-30 08:01:43,458 - torchtitan.tools.utils - WARNING - Error running lspci: [Errno 2] No such file or directory: 'lspci', fallback to use device_name
[rank1]:[titan] 2026-09-30 08:01:43,459 - torchtitan.components.tokenizer - INFO - Loading tokenizer from tokenizer.json
[rank2]:[titan] 2026-09-30 08:01:43,653 - torchtitan.protocols.state_dict_adapter - WARNING - model.safetensors.index.json not found at hf_assets_path: ./tests/assets/tokenizer/model.safetensors.index.json.                     Defaulting to saving a single safetensors file if checkpoint is saved in HF format
[rank2]:[titan] 2026-09-30 08:01:43,659 - torchtitan.models.utils - INFO - Total parameter count: 12,059,226,240, active parameters: 8,885,570,688
[rank1]:[titan] 2026-09-30 08:01:43,649 - torchtitan.protocols.state_dict_adapter - WARNING - model.safetensors.index.json not found at hf_assets_path: ./tests/assets/tokenizer/model.safetensors.index.json.                     Defaulting to saving a single safetensors file if checkpoint is saved in HF format
[rank2]:[titan] 2026-09-30 08:01:43,719 - torchtitan.distributed.activation_checkpoint - INFO - Applied FullAC activation checkpointing to the model
[rank1]:[titan] 2026-09-30 08:01:43,654 - torchtitan.models.utils - INFO - Total parameter count: 12,059,226,240, active parameters: 8,885,570,688
[rank1]:[titan] 2026-09-30 08:01:43,716 - torchtitan.distributed.activation_checkpoint - INFO - Applied FullAC activation checkpointing to the model
[rank3]:[titan] 2026-09-30 08:01:43,774 - torchtitan.protocols.state_dict_adapter - WARNING - model.safetensors.index.json not found at hf_assets_path: ./tests/assets/tokenizer/model.safetensors.index.json.                     Defaulting to saving a single safetensors file if checkpoint is saved in HF format
[rank3]:[titan] 2026-09-30 08:01:43,779 - torchtitan.models.utils - INFO - Total parameter count: 12,059,226,240, active parameters: 8,885,570,688
[rank0]:[titan] 2026-09-30 08:01:43,811 - torchtitan.protocols.state_dict_adapter - WARNING - model.safetensors.index.json not found at hf_assets_path: ./tests/assets/tokenizer/model.safetensors.index.json.                     Defaulting to saving a single safetensors file if checkpoint is saved in HF format
[rank0]:[titan] 2026-09-30 08:01:43,816 - torchtitan.models.utils - INFO - Total parameter count: 12,059,226,240, active parameters: 8,885,570,688
[rank3]:[titan] 2026-09-30 08:01:43,837 - torchtitan.distributed.activation_checkpoint - INFO - Applied FullAC activation checkpointing to the model
[rank0]:[titan] 2026-09-30 08:01:43,875 - torchtitan.distributed.activation_checkpoint - INFO - Applied FullAC activation checkpointing to the model
[rank2]:[titan] 2026-09-30 08:01:43,934 - torchtitan.distributed.pipeline_parallel - INFO - PP rank 1 is building stage_idx 1 with modules ['layers.2', 'layers.3', 'layers.4']
[rank1]:[titan] 2026-09-30 08:01:43,931 - torchtitan.distributed.pipeline_parallel - INFO - PP rank 0 is building stage_idx 0 with modules ['vision_encoder', 'tok_embeddings', 'layers.0', 'layers.1']
[rank1]:[titan] 2026-09-30 08:01:44,018 - torchtitan.distributed.pipeline_parallel - INFO - PP rank 0 is building stage_idx 2 with modules ['layers.5', 'layers.6', 'layers.7']
[rank3]:[titan] 2026-09-30 08:01:44,053 - torchtitan.distributed.pipeline_parallel - INFO - PP rank 1 is building stage_idx 1 with modules ['layers.2', 'layers.3', 'layers.4']
[rank2]:[titan] 2026-09-30 08:01:44,020 - torchtitan.distributed.pipeline_parallel - INFO - PP rank 1 is building stage_idx 3 with modules ['layers.8', 'layers.9']
[rank2]:[titan] 2026-09-30 08:01:44,111 - torchtitan.distributed.pipeline_parallel - INFO - PP rank 1 is building stage_idx 5 with modules ['layers.12', 'layers.13']
[rank0]:[titan] 2026-09-30 08:01:44,094 - torchtitan.distributed.pipeline_parallel - INFO - PP rank 0 is building stage_idx 0 with modules ['vision_encoder', 'tok_embeddings', 'layers.0', 'layers.1']
[rank1]:[titan] 2026-09-30 08:01:44,106 - torchtitan.distributed.pipeline_parallel - INFO - PP rank 0 is building stage_idx 4 with modules ['layers.10', 'layers.11']
[rank3]:[titan] 2026-09-30 08:01:44,139 - torchtitan.distributed.pipeline_parallel - INFO - PP rank 1 is building stage_idx 3 with modules ['layers.8', 'layers.9']
[rank2]:[titan] 2026-09-30 08:01:44,198 - torchtitan.distributed.pipeline_parallel - INFO - PP rank 1 is building stage_idx 7 with modules ['layers.16', 'norm', 'lm_head', 'output_res_proj', 'output_res_norm']
[rank2]:[titan] 2026-09-30 08:01:44,212 - torchtitan.distributed.activation_checkpoint - INFO - Applied FullAC activation checkpointing to the model
[rank0]:[titan] 2026-09-30 08:01:44,181 - torchtitan.distributed.pipeline_parallel - INFO - PP rank 0 is building stage_idx 2 with modules ['layers.5', 'layers.6', 'layers.7']
[rank1]:[titan] 2026-09-30 08:01:44,193 - torchtitan.distributed.pipeline_parallel - INFO - PP rank 0 is building stage_idx 6 with modules ['layers.14', 'layers.15']
[rank0]:[titan] 2026-09-30 08:01:44,267 - torchtitan.distributed.pipeline_parallel - INFO - PP rank 0 is building stage_idx 4 with modules ['layers.10', 'layers.11']
[rank1]:[titan] 2026-09-30 08:01:44,230 - torchtitan.distributed.activation_checkpoint - INFO - Applied FullAC activation checkpointing to the model
[rank3]:[titan] 2026-09-30 08:01:44,226 - torchtitan.distributed.pipeline_parallel - INFO - PP rank 1 is building stage_idx 5 with modules ['layers.12', 'layers.13']
[rank3]:[titan] 2026-09-30 08:01:44,311 - torchtitan.distributed.pipeline_parallel - INFO - PP rank 1 is building stage_idx 7 with modules ['layers.16', 'norm', 'lm_head', 'output_res_proj', 'output_res_norm']
[rank1]:[titan] 2026-09-30 08:01:44,231 - torchtitan.distributed.activation_checkpoint - INFO - Applied FullAC activation checkpointing to the model
[rank0]:[titan] 2026-09-30 08:01:44,353 - torchtitan.distributed.pipeline_parallel - INFO - PP rank 0 is building stage_idx 6 with modules ['layers.14', 'layers.15']
[rank3]:[titan] 2026-09-30 08:01:44,322 - torchtitan.distributed.activation_checkpoint - INFO - Applied FullAC activation checkpointing to the model
[rank0]:[titan] 2026-09-30 08:01:44,390 - torchtitan.distributed.activation_checkpoint - INFO - Applied FullAC activation checkpointing to the model
[rank0]:[titan] 2026-09-30 08:01:44,391 - torchtitan.distributed.activation_checkpoint - INFO - Applied FullAC activation checkpointing to the model
[rank2]:[titan] 2026-09-30 08:01:44,398 - torchtitan.distributed.fsdp - INFO - Applied FSDP to the model
[rank2]:[titan] 2026-09-30 08:01:44,406 - torchtitan.distributed.activation_checkpoint - INFO - Applied FullAC activation checkpointing to the model
[rank3]:[titan] 2026-09-30 08:01:44,505 - torchtitan.distributed.fsdp - INFO - Applied FSDP to the model
[rank3]:[titan] 2026-09-30 08:01:44,514 - torchtitan.distributed.activation_checkpoint - INFO - Applied FullAC activation checkpointing to the model
[rank2]:[titan] 2026-09-30 08:01:44,425 - torchtitan.distributed.fsdp - INFO - Applied FSDP to the model
[rank2]:[titan] 2026-09-30 08:01:44,433 - torchtitan.distributed.activation_checkpoint - INFO - Applied FullAC activation checkpointing to the model
[rank2]:[titan] 2026-09-30 08:01:44,452 - torchtitan.distributed.fsdp - INFO - Applied FSDP to the model
[rank2]:[titan] 2026-09-30 08:01:44,456 - torchtitan.distributed.activation_checkpoint - INFO - Applied FullAC activation checkpointing to the model
[rank2]:[titan] 2026-09-30 08:01:44,473 - torchtitan.distributed.fsdp - INFO - Applied FSDP to the model
[rank2]:[titan] 2026-09-30 08:01:44,473 - torchtitan.distributed.pipeline_parallel - WARNING - Number of microbatches (4) is less than the total number of stages (8) which may result in a bubble in the pipeline.
[rank2]:[titan] 2026-09-30 08:01:44,474 - torchtitan.distributed.pipeline_parallel - INFO - Using pipeline schedule Interleaved1F1B with 4 microbatches and 8 stages.
[rank1]:[titan] 2026-09-30 08:01:44,528 - torchtitan.distributed.fsdp - INFO - Applied FSDP to the model
[rank1]:[titan] 2026-09-30 08:01:44,539 - torchtitan.distributed.activation_checkpoint - INFO - Applied FullAC activation checkpointing to the model
[rank1]:[titan] 2026-09-30 08:01:44,597 - torchtitan.distributed.fsdp - INFO - Applied FSDP to the model
[rank1]:[titan] 2026-09-30 08:01:44,604 - torchtitan.distributed.activation_checkpoint - INFO - Applied FullAC activation checkpointing to the model
[rank3]:[titan] 2026-09-30 08:01:44,532 - torchtitan.distributed.fsdp - INFO - Applied FSDP to the model
[rank3]:[titan] 2026-09-30 08:01:44,540 - torchtitan.distributed.activation_checkpoint - INFO - Applied FullAC activation checkpointing to the model
[rank3]:[titan] 2026-09-30 08:01:44,559 - torchtitan.distributed.fsdp - INFO - Applied FSDP to the model
[rank3]:[titan] 2026-09-30 08:01:44,563 - torchtitan.distributed.activation_checkpoint - INFO - Applied FullAC activation checkpointing to the model
[rank3]:[titan] 2026-09-30 08:01:44,580 - torchtitan.distributed.fsdp - INFO - Applied FSDP to the model
[rank3]:[titan] 2026-09-30 08:01:44,580 - torchtitan.distributed.pipeline_parallel - WARNING - Number of microbatches (4) is less than the total number of stages (8) which may result in a bubble in the pipeline.
[rank3]:[titan] 2026-09-30 08:01:44,581 - torchtitan.distributed.pipeline_parallel - INFO - Using pipeline schedule Interleaved1F1B with 4 microbatches and 8 stages.
[rank1]:[titan] 2026-09-30 08:01:44,622 - torchtitan.distributed.fsdp - INFO - Applied FSDP to the model
[rank1]:[titan] 2026-09-30 08:01:44,629 - torchtitan.distributed.activation_checkpoint - INFO - Applied FullAC activation checkpointing to the model
[rank1]:[titan] 2026-09-30 08:01:44,647 - torchtitan.distributed.fsdp - INFO - Applied FSDP to the model
[rank1]:[titan] 2026-09-30 08:01:44,647 - torchtitan.distributed.pipeline_parallel - WARNING - Number of microbatches (4) is less than the total number of stages (8) which may result in a bubble in the pipeline.
[rank1]:[titan] 2026-09-30 08:01:44,648 - torchtitan.distributed.pipeline_parallel - INFO - Using pipeline schedule Interleaved1F1B with 4 microbatches and 8 stages.
[rank0]:[titan] 2026-09-30 08:01:44,675 - torchtitan.distributed.fsdp - INFO - Applied FSDP to the model
[rank0]:[titan] 2026-09-30 08:01:44,686 - torchtitan.distributed.activation_checkpoint - INFO - Applied FullAC activation checkpointing to the model
[rank0]:[titan] 2026-09-30 08:01:44,742 - torchtitan.distributed.fsdp - INFO - Applied FSDP to the model
[rank0]:[titan] 2026-09-30 08:01:44,749 - torchtitan.distributed.activation_checkpoint - INFO - Applied FullAC activation checkpointing to the model
[rank0]:[titan] 2026-09-30 08:01:44,766 - torchtitan.distributed.fsdp - INFO - Applied FSDP to the model
[rank0]:[titan] 2026-09-30 08:01:44,773 - torchtitan.distributed.activation_checkpoint - INFO - Applied FullAC activation checkpointing to the model
[rank0]:[titan] 2026-09-30 08:01:44,790 - torchtitan.distributed.fsdp - INFO - Applied FSDP to the model
[rank0]:[titan] 2026-09-30 08:01:44,791 - torchtitan.distributed.pipeline_parallel - WARNING - Number of microbatches (4) is less than the total number of stages (8) which may result in a bubble in the pipeline.
[rank0]:[titan] 2026-09-30 08:01:44,791 - torchtitan.distributed.pipeline_parallel - INFO - Using pipeline schedule Interleaved1F1B with 4 microbatches and 8 stages.
[rank0]:[titan] 2026-09-30 08:01:45,743 - torchtitan.models.kimi_k3.pipeline_parallel - INFO - Kimi K3 pipeline: 4 stage(s) on this rank [0, 2, 4, 6], block transport delta with rank store, vision encodes decoupled
[rank2]:[titan] 2026-09-30 08:01:45,744 - torchtitan.models.kimi_k3.pipeline_parallel - INFO - Kimi K3 pipeline: 4 stage(s) on this rank [1, 3, 5, 7], block transport delta with rank store, vision encodes decoupled
[rank2]:[rank2]:W0930 08:01:45.890000 57623 torch/distributed/tensor/_redistribute.py:394] While redistributing from (_StridedShard(dim=0, sf=2), Shard(dim=0)) to (Replicate(), Replicate()), 2 sequential all_gather operations will be performed. This is suboptimal: multiple collective operations have higher latency (separate kernel launches and synchronization points) and may give inconsistent results between ranks due to different reduction orders. it is not possible to merge non-ascending order all_gather operations.
[rank3]:[titan] 2026-09-30 08:01:45,872 - torchtitan.models.kimi_k3.pipeline_parallel - INFO - Kimi K3 pipeline: 4 stage(s) on this rank [1, 3, 5, 7], block transport delta with rank store, vision encodes decoupled
[rank0]:[rank0]:W0930 08:01:45.915000 57621 torch/distributed/tensor/_redistribute.py:394] While redistributing from (_StridedShard(dim=0, sf=2), Shard(dim=0)) to (Replicate(), Replicate()), 2 sequential all_gather operations will be performed. This is suboptimal: multiple collective operations have higher latency (separate kernel launches and synchronization points) and may give inconsistent results between ranks due to different reduction orders. it is not possible to merge non-ascending order all_gather operations.
[rank1]:[titan] 2026-09-30 08:01:45,872 - torchtitan.models.kimi_k3.pipeline_parallel - INFO - Kimi K3 pipeline: 4 stage(s) on this rank [0, 2, 4, 6], block transport delta with rank store, vision encodes decoupled
[rank3]:[rank3]:W0930 08:01:45.987000 57624 torch/distributed/tensor/_redistribute.py:394] While redistributing from (_StridedShard(dim=0, sf=2), Shard(dim=0)) to (Replicate(), Replicate()), 2 sequential all_gather operations will be performed. This is suboptimal: multiple collective operations have higher latency (separate kernel launches and synchronization points) and may give inconsistent results between ranks due to different reduction orders. it is not possible to merge non-ascending order all_gather operations.
[rank1]:[rank1]:W0930 08:01:46.035000 57622 torch/distributed/tensor/_redistribute.py:394] While redistributing from (_StridedShard(dim=0, sf=2), Shard(dim=0)) to (Replicate(), Replicate()), 2 sequential all_gather operations will be performed. This is suboptimal: multiple collective operations have higher latency (separate kernel launches and synchronization points) and may give inconsistent results between ranks due to different reduction orders. it is not possible to merge non-ascending order all_gather operations.
[rank3]:[rank3]:W0930 08:01:46.442000 57624 torch/distributed/tensor/_redistribute.py:394] While redistributing from (_StridedShard(dim=0, sf=2), Shard(dim=0)) to (Replicate(), Replicate()), 2 sequential all_gather operations will be performed. This is suboptimal: multiple collective operations have higher latency (separate kernel launches and synchronization points) and may give inconsistent results between ranks due to different reduction orders. it is not possible to merge non-ascending order all_gather operations.
[rank2]:[rank2]:W0930 08:01:46.458000 57623 torch/distributed/tensor/_redistribute.py:394] While redistributing from (_StridedShard(dim=0, sf=2), Shard(dim=0)) to (Replicate(), Replicate()), 2 sequential all_gather operations will be performed. This is suboptimal: multiple collective operations have higher latency (separate kernel launches and synchronization points) and may give inconsistent results between ranks due to different reduction orders. it is not possible to merge non-ascending order all_gather operations.
[rank0]:[rank0]:W0930 08:01:46.568000 57621 torch/distributed/tensor/_redistribute.py:394] While redistributing from (_StridedShard(dim=0, sf=2), Shard(dim=0)) to (Replicate(), Replicate()), 2 sequential all_gather operations will be performed. This is suboptimal: multiple collective operations have higher latency (separate kernel launches and synchronization points) and may give inconsistent results between ranks due to different reduction orders. it is not possible to merge non-ascending order all_gather operations.
[rank1]:[rank1]:W0930 08:01:46.568000 57622 torch/distributed/tensor/_redistribute.py:394] While redistributing from (_StridedShard(dim=0, sf=2), Shard(dim=0)) to (Replicate(), Replicate()), 2 sequential all_gather operations will be performed. This is suboptimal: multiple collective operations have higher latency (separate kernel launches and synchronization points) and may give inconsistent results between ranks due to different reduction orders. it is not possible to merge non-ascending order all_gather operations.
[rank2]:[titan] 2026-09-30 08:01:47,145 - torchtitan.training_engine - INFO - Model KimiK3Model.Config size: 12,059,226,240 total parameters
[rank3]:[titan] 2026-09-30 08:01:47,145 - torchtitan.training_engine - INFO - Model KimiK3Model.Config size: 12,059,226,240 total parameters
[rank3]:[titan] 2026-09-30 08:01:47,146 - torchtitan.components.optimizer.optimizer - INFO - Optimizer AdamW (model_part=0): 78 params [.*] {'lr': 0.0008, 'betas': (0.9, 0.95), 'eps': 1e-08, 'weight_decay': 0.1, 'foreach': None, 'fused': True}
[rank3]:[titan] 2026-09-30 08:01:47,146 - torchtitan.components.optimizer.optimizer - INFO - Optimizer AdamW (model_part=1): 56 params [.*] {'lr': 0.0008, 'betas': (0.9, 0.95), 'eps': 1e-08, 'weight_decay': 0.1, 'foreach': None, 'fused': True}
[rank2]:[titan] 2026-09-30 08:01:47,146 - torchtitan.components.optimizer.optimizer - INFO - Optimizer AdamW (model_part=0): 78 params [.*] {'lr': 0.0008, 'betas': (0.9, 0.95), 'eps': 1e-08, 'weight_decay': 0.1, 'foreach': None, 'fused': True}
[rank2]:[titan] 2026-09-30 08:01:47,147 - torchtitan.components.optimizer.optimizer - INFO - Optimizer AdamW (model_part=1): 56 params [.*] {'lr': 0.0008, 'betas': (0.9, 0.95), 'eps': 1e-08, 'weight_decay': 0.1, 'foreach': None, 'fused': True}
[rank3]:[titan] 2026-09-30 08:01:47,147 - torchtitan.components.optimizer.optimizer - INFO - Optimizer AdamW (model_part=2): 56 params [.*] {'lr': 0.0008, 'betas': (0.9, 0.95), 'eps': 1e-08, 'weight_decay': 0.1, 'foreach': None, 'fused': True}
[rank2]:[titan] 2026-09-30 08:01:47,147 - torchtitan.components.optimizer.optimizer - INFO - Optimizer AdamW (model_part=2): 56 params [.*] {'lr': 0.0008, 'betas': (0.9, 0.95), 'eps': 1e-08, 'weight_decay': 0.1, 'foreach': None, 'fused': True}
[rank2]:[titan] 2026-09-30 08:01:47,148 - torchtitan.components.optimizer.optimizer - INFO - Optimizer AdamW (model_part=3): 26 params [.*] {'lr': 0.0008, 'betas': (0.9, 0.95), 'eps': 1e-08, 'weight_decay': 0.1, 'foreach': None, 'fused': True}
[rank3]:[titan] 2026-09-30 08:01:47,147 - torchtitan.components.optimizer.optimizer - INFO - Optimizer AdamW (model_part=3): 26 params [.*] {'lr': 0.0008, 'betas': (0.9, 0.95), 'eps': 1e-08, 'weight_decay': 0.1, 'foreach': None, 'fused': True}
[rank2]:[titan] 2026-09-30 08:01:47,149 - torchtitan.observability.metrics - WARNING - [31mPipeline Parallel loss is not visible. Please add [33mrank 2[31m to LOG_RANK environment variable in run_train.sh.[39m
[rank3]:[titan] 2026-09-30 08:01:47,149 - torchtitan.observability.metrics - WARNING - [31mPipeline Parallel loss is not visible. Please add [33mrank 2[31m to LOG_RANK environment variable in run_train.sh.[39m
[rank3]:[titan] 2026-09-30 08:01:47,149 - torchtitan.trainer - INFO - Peak FLOPS used for computing MFU: 9.890e+14
[rank2]:[titan] 2026-09-30 08:01:47,149 - torchtitan.trainer - INFO - Peak FLOPS used for computing MFU: 9.890e+14
[rank3]:[titan] 2026-09-30 08:01:47,149 - torchtitan.trainer - INFO - CUDA memory usage for model: 6.28GiB(7.92%)
[rank2]:[titan] 2026-09-30 08:01:47,149 - torchtitan.trainer - INFO - CUDA memory usage for model: 6.28GiB(7.92%)
[rank3]:[titan] 2026-09-30 08:01:47,149 - torchtitan.trainer - INFO - Trainer is initialized with 24576 tokens per DP rank, 24576 tokens per train step, gradient accumulation steps 1, maximum context length 6144, total steps 12 (warmup 2)
[rank3]:[titan] 2026-09-30 08:01:47,149 - torchtitan.trainer - INFO - Training starts at step 1
[rank2]:[titan] 2026-09-30 08:01:47,149 - torchtitan.trainer - INFO - Trainer is initialized with 24576 tokens per DP rank, 24576 tokens per train step, gradient accumulation steps 1, maximum context length 6144, total steps 12 (warmup 2)
[rank3]:[titan] 2026-09-30 08:01:47,149 - torchtitan.observability.profiler - INFO - Profiling active. Traces will be saved at /root/mep/results/dep_h100/trace_r10_m4_w_dep_k25/out/traces
[rank2]:[titan] 2026-09-30 08:01:47,149 - torchtitan.trainer - INFO - Training starts at step 1
[rank2]:[titan] 2026-09-30 08:01:47,150 - torchtitan.observability.profiler - INFO - Profiling active. Traces will be saved at /root/mep/results/dep_h100/trace_r10_m4_w_dep_k25/out/traces
[rank0]:[titan] 2026-09-30 08:01:47,434 - torchtitan.training_engine - INFO - Model KimiK3Model.Config size: 12,059,226,240 total parameters
[rank1]:[titan] 2026-09-30 08:01:47,434 - torchtitan.training_engine - INFO - Model KimiK3Model.Config size: 12,059,226,240 total parameters
[rank0]:[titan] 2026-09-30 08:01:47,436 - torchtitan.components.optimizer.optimizer - INFO - Optimizer AdamW (model_part=0): 271 params [.*] {'lr': 0.0008, 'betas': (0.9, 0.95), 'eps': 1e-08, 'weight_decay': 0.1, 'foreach': None, 'fused': True}
[rank1]:[titan] 2026-09-30 08:01:47,436 - torchtitan.components.optimizer.optimizer - INFO - Optimizer AdamW (model_part=0): 271 params [.*] {'lr': 0.0008, 'betas': (0.9, 0.95), 'eps': 1e-08, 'weight_decay': 0.1, 'foreach': None, 'fused': True}
[rank0]:[titan] 2026-09-30 08:01:47,437 - torchtitan.components.optimizer.optimizer - INFO - Optimizer AdamW (model_part=1): 78 params [.*] {'lr': 0.0008, 'betas': (0.9, 0.95), 'eps': 1e-08, 'weight_decay': 0.1, 'foreach': None, 'fused': True}
[rank1]:[titan] 2026-09-30 08:01:47,437 - torchtitan.components.optimizer.optimizer - INFO - Optimizer AdamW (model_part=1): 78 params [.*] {'lr': 0.0008, 'betas': (0.9, 0.95), 'eps': 1e-08, 'weight_decay': 0.1, 'foreach': None, 'fused': True}
[rank0]:[titan] 2026-09-30 08:01:47,437 - torchtitan.components.optimizer.optimizer - INFO - Optimizer AdamW (model_part=2): 50 params [.*] {'lr': 0.0008, 'betas': (0.9, 0.95), 'eps': 1e-08, 'weight_decay': 0.1, 'foreach': None, 'fused': True}
[rank1]:[titan] 2026-09-30 08:01:47,437 - torchtitan.components.optimizer.optimizer - INFO - Optimizer AdamW (model_part=2): 50 params [.*] {'lr': 0.0008, 'betas': (0.9, 0.95), 'eps': 1e-08, 'weight_decay': 0.1, 'foreach': None, 'fused': True}
[rank1]:[titan] 2026-09-30 08:01:47,438 - torchtitan.components.optimizer.optimizer - INFO - Optimizer AdamW (model_part=3): 50 params [.*] {'lr': 0.0008, 'betas': (0.9, 0.95), 'eps': 1e-08, 'weight_decay': 0.1, 'foreach': None, 'fused': True}
[rank0]:[titan] 2026-09-30 08:01:47,438 - torchtitan.components.optimizer.optimizer - INFO - Optimizer AdamW (model_part=3): 50 params [.*] {'lr': 0.0008, 'betas': (0.9, 0.95), 'eps': 1e-08, 'weight_decay': 0.1, 'foreach': None, 'fused': True}
[rank1]:[titan] 2026-09-30 08:01:47,440 - torchtitan.observability.metrics - WARNING - [31mPipeline Parallel loss is not visible. Please add [33mrank 2[31m to LOG_RANK environment variable in run_train.sh.[39m
[rank1]:[titan] 2026-09-30 08:01:47,440 - torchtitan.trainer - INFO - Peak FLOPS used for computing MFU: 9.890e+14
[rank1]:[titan] 2026-09-30 08:01:47,441 - torchtitan.trainer - INFO - CUDA memory usage for model: 7.07GiB(8.93%)
[rank1]:[titan] 2026-09-30 08:01:47,441 - torchtitan.trainer - INFO - Trainer is initialized with 24576 tokens per DP rank, 24576 tokens per train step, gradient accumulation steps 1, maximum context length 6144, total steps 12 (warmup 2)
[rank1]:[titan] 2026-09-30 08:01:47,441 - torchtitan.trainer - INFO - Training starts at step 1
[rank1]:[titan] 2026-09-30 08:01:47,441 - torchtitan.observability.profiler - INFO - Profiling active. Traces will be saved at /root/mep/results/dep_h100/trace_r10_m4_w_dep_k25/out/traces
[rank0]:[titan] 2026-09-30 08:01:47,440 - torchtitan.observability.metrics - WARNING - [31mPipeline Parallel loss is not visible. Please add [33mrank 2[31m to LOG_RANK environment variable in run_train.sh.[39m
[rank0]:[titan] 2026-09-30 08:01:47,440 - torchtitan.trainer - INFO - Peak FLOPS used for computing MFU: 9.890e+14
[rank0]:[titan] 2026-09-30 08:01:47,440 - torchtitan.trainer - INFO - CUDA memory usage for model: 7.07GiB(8.93%)
[rank0]:[titan] 2026-09-30 08:01:47,440 - torchtitan.trainer - INFO - Trainer is initialized with 24576 tokens per DP rank, 24576 tokens per train step, gradient accumulation steps 1, maximum context length 6144, total steps 12 (warmup 2)
[rank0]:[titan] 2026-09-30 08:01:47,441 - torchtitan.trainer - INFO - Training starts at step 1
[rank0]:[titan] 2026-09-30 08:01:47,441 - torchtitan.observability.profiler - INFO - Profiling active. Traces will be saved at /root/mep/results/dep_h100/trace_r10_m4_w_dep_k25/out/traces
[rank2]:[titan] 2026-09-30 08:02:21,167 - torchtitan.models.kimi_k3.pipeline_parallel.vision_dep - INFO - vision_dep: 3 micro-batch(es) with images; encodes 3 before the schedule, 0 in idle slots; backwards 0 in idle slots, 3 after it
[rank0]:[titan] 2026-09-30 08:02:21,169 - torchtitan.models.kimi_k3.pipeline_parallel.vision_dep - INFO - vision_dep: 3 micro-batch(es) with images; encodes 3 before the schedule, 0 in idle slots; backwards 0 in idle slots, 3 after it
[rank1]:[titan] 2026-09-30 08:02:21,714 - torchtitan.models.kimi_k3.pipeline_parallel.vision_dep - INFO - vision_dep: 3 micro-batch(es) with images; encodes 3 before the schedule, 0 in idle slots; backwards 0 in idle slots, 3 after it
[rank3]:[titan] 2026-09-30 08:02:21,712 - torchtitan.models.kimi_k3.pipeline_parallel.vision_dep - INFO - vision_dep: 3 micro-batch(es) with images; encodes 3 before the schedule, 0 in idle slots; backwards 0 in idle slots, 3 after it
[rank1]:/root/mep/venv_src/lib/python3.12/site-packages/spmd_types/_collectives.py:305: FutureWarning: `torch.distributed._functional_collectives.all_gather_tensor` is deprecated. Please use `torch.distributed._functional_collectives.all_gather_single` instead.
[rank1]:  result = funcol.all_gather_tensor(x, gather_dim, pg)
[rank0]:/root/mep/venv_src/lib/python3.12/site-packages/spmd_types/_collectives.py:305: FutureWarning: `torch.distributed._functional_collectives.all_gather_tensor` is deprecated. Please use `torch.distributed._functional_collectives.all_gather_single` instead.
[rank0]:  result = funcol.all_gather_tensor(x, gather_dim, pg)
[rank1]:/root/mep/venv_src/lib/python3.12/site-packages/spmd_types/_collectives.py:633: FutureWarning: `torch.distributed._functional_collectives.reduce_scatter_tensor` is deprecated. Please use `torch.distributed._functional_collectives.reduce_scatter_single` instead.
[rank1]:  result = funcol.reduce_scatter_tensor(x, "sum", scatter_dim, pg)
[rank0]:/root/mep/venv_src/lib/python3.12/site-packages/spmd_types/_collectives.py:633: FutureWarning: `torch.distributed._functional_collectives.reduce_scatter_tensor` is deprecated. Please use `torch.distributed._functional_collectives.reduce_scatter_single` instead.
[rank0]:  result = funcol.reduce_scatter_tensor(x, "sum", scatter_dim, pg)
[rank1]:/root/mep/venv_src/lib/python3.12/site-packages/torch/distributed/fsdp/_fully_shard/_fsdp_state.py:336: UserWarning: FSDP2-wrapped module (FSDPCheckpointWrapper) returned a view tensor. An in-place op on this view (e.g., `x += y`) will silently drop the pre-backward hook and skip the all-gather, which can cause backward to fail or produce wrong gradients. Use out-of-place ops (`out = out + y`, not `out += y`) or `.clone()` the output before any in-place op.
[rank1]:  output = self._register_pre_backward_hook(output)
[rank1]:/root/mep/venv_src/lib/python3.12/site-packages/torch/distributed/fsdp/_fully_shard/_fsdp_state.py:336: UserWarning: FSDP2-wrapped module (FSDPKimiK3Model) returned a view tensor. An in-place op on this view (e.g., `x += y`) will silently drop the pre-backward hook and skip the all-gather, which can cause backward to fail or produce wrong gradients. Use out-of-place ops (`out = out + y`, not `out += y`) or `.clone()` the output before any in-place op.
[rank1]:  output = self._register_pre_backward_hook(output)
[rank0]:/root/mep/venv_src/lib/python3.12/site-packages/torch/distributed/fsdp/_fully_shard/_fsdp_state.py:336: UserWarning: FSDP2-wrapped module (FSDPCheckpointWrapper) returned a view tensor. An in-place op on this view (e.g., `x += y`) will silently drop the pre-backward hook and skip the all-gather, which can cause backward to fail or produce wrong gradients. Use out-of-place ops (`out = out + y`, not `out += y`) or `.clone()` the output before any in-place op.
[rank0]:  output = self._register_pre_backward_hook(output)
[rank0]:/root/mep/venv_src/lib/python3.12/site-packages/torch/distributed/fsdp/_fully_shard/_fsdp_state.py:336: UserWarning: FSDP2-wrapped module (FSDPKimiK3Model) returned a view tensor. An in-place op on this view (e.g., `x += y`) will silently drop the pre-backward hook and skip the all-gather, which can cause backward to fail or produce wrong gradients. Use out-of-place ops (`out = out + y`, not `out += y`) or `.clone()` the output before any in-place op.
[rank0]:  output = self._register_pre_backward_hook(output)
[rank3]:/root/mep/venv_src/lib/python3.12/site-packages/spmd_types/_collectives.py:305: FutureWarning: `torch.distributed._functional_collectives.all_gather_tensor` is deprecated. Please use `torch.distributed._functional_collectives.all_gather_single` instead.
[rank3]:  result = funcol.all_gather_tensor(x, gather_dim, pg)
[rank2]:/root/mep/venv_src/lib/python3.12/site-packages/spmd_types/_collectives.py:305: FutureWarning: `torch.distributed._functional_collectives.all_gather_tensor` is deprecated. Please use `torch.distributed._functional_collectives.all_gather_single` instead.
[rank2]:  result = funcol.all_gather_tensor(x, gather_dim, pg)
[rank2]:/root/mep/venv_src/lib/python3.12/site-packages/spmd_types/_collectives.py:633: FutureWarning: `torch.distributed._functional_collectives.reduce_scatter_tensor` is deprecated. Please use `torch.distributed._functional_collectives.reduce_scatter_single` instead.
[rank3]:/root/mep/venv_src/lib/python3.12/site-packages/spmd_types/_collectives.py:633: FutureWarning: `torch.distributed._functional_collectives.reduce_scatter_tensor` is deprecated. Please use `torch.distributed._functional_collectives.reduce_scatter_single` instead.
[rank2]:  result = funcol.reduce_scatter_tensor(x, "sum", scatter_dim, pg)
[rank3]:  result = funcol.reduce_scatter_tensor(x, "sum", scatter_dim, pg)
[rank2]:/root/mep/venv_src/lib/python3.12/site-packages/torch/distributed/fsdp/_fully_shard/_fsdp_state.py:336: UserWarning: FSDP2-wrapped module (FSDPCheckpointWrapper) returned a view tensor. An in-place op on this view (e.g., `x += y`) will silently drop the pre-backward hook and skip the all-gather, which can cause backward to fail or produce wrong gradients. Use out-of-place ops (`out = out + y`, not `out += y`) or `.clone()` the output before any in-place op.
[rank2]:  output = self._register_pre_backward_hook(output)
[rank3]:/root/mep/venv_src/lib/python3.12/site-packages/torch/distributed/fsdp/_fully_shard/_fsdp_state.py:336: UserWarning: FSDP2-wrapped module (FSDPCheckpointWrapper) returned a view tensor. An in-place op on this view (e.g., `x += y`) will silently drop the pre-backward hook and skip the all-gather, which can cause backward to fail or produce wrong gradients. Use out-of-place ops (`out = out + y`, not `out += y`) or `.clone()` the output before any in-place op.
[rank3]:  output = self._register_pre_backward_hook(output)
[rank3]:/root/mep/venv_src/lib/python3.12/site-packages/spmd_types/_collectives.py:633: FutureWarning: `torch.distributed._functional_collectives.reduce_scatter_tensor` is deprecated. Please use `torch.distributed._functional_collectives.reduce_scatter_single` instead.
[rank3]:  result = funcol.reduce_scatter_tensor(x, "sum", scatter_dim, pg)
[rank2]:/root/mep/venv_src/lib/python3.12/site-packages/spmd_types/_collectives.py:633: FutureWarning: `torch.distributed._functional_collectives.reduce_scatter_tensor` is deprecated. Please use `torch.distributed._functional_collectives.reduce_scatter_single` instead.
[rank3]:/root/mep/venv_src/lib/python3.12/site-packages/spmd_types/_collectives.py:305: FutureWarning: `torch.distributed._functional_collectives.all_gather_tensor` is deprecated. Please use `torch.distributed._functional_collectives.all_gather_single` instead.
[rank2]:  result = funcol.reduce_scatter_tensor(x, "sum", scatter_dim, pg)
[rank3]:  result = funcol.all_gather_tensor(x, gather_dim, pg)
[rank2]:/root/mep/venv_src/lib/python3.12/site-packages/spmd_types/_collectives.py:305: FutureWarning: `torch.distributed._functional_collectives.all_gather_tensor` is deprecated. Please use `torch.distributed._functional_collectives.all_gather_single` instead.
[rank3]:/root/mep/venv_src/lib/python3.12/site-packages/torch/distributed/fsdp/_fully_shard/_fsdp_state.py:336: UserWarning: FSDP2-wrapped module (FSDPCheckpointWrapper) returned a view tensor. An in-place op on this view (e.g., `x += y`) will silently drop the pre-backward hook and skip the all-gather, which can cause backward to fail or produce wrong gradients. Use out-of-place ops (`out = out + y`, not `out += y`) or `.clone()` the output before any in-place op.
[rank2]:  result = funcol.all_gather_tensor(x, gather_dim, pg)
[rank3]:  output = self._register_pre_backward_hook(output)
[rank2]:/root/mep/venv_src/lib/python3.12/site-packages/torch/distributed/fsdp/_fully_shard/_fsdp_state.py:336: UserWarning: FSDP2-wrapped module (FSDPCheckpointWrapper) returned a view tensor. An in-place op on this view (e.g., `x += y`) will silently drop the pre-backward hook and skip the all-gather, which can cause backward to fail or produce wrong gradients. Use out-of-place ops (`out = out + y`, not `out += y`) or `.clone()` the output before any in-place op.
[rank2]:  output = self._register_pre_backward_hook(output)
[rank1]:/root/mep/venv_src/lib/python3.12/site-packages/spmd_types/_collectives.py:633: FutureWarning: `torch.distributed._functional_collectives.reduce_scatter_tensor` is deprecated. Please use `torch.distributed._functional_collectives.reduce_scatter_single` instead.
[rank1]:  result = funcol.reduce_scatter_tensor(x, "sum", scatter_dim, pg)
[rank1]:/root/mep/venv_src/lib/python3.12/site-packages/spmd_types/_collectives.py:305: FutureWarning: `torch.distributed._functional_collectives.all_gather_tensor` is deprecated. Please use `torch.distributed._functional_collectives.all_gather_single` instead.
[rank1]:  result = funcol.all_gather_tensor(x, gather_dim, pg)
[rank1]:/root/mep/venv_src/lib/python3.12/site-packages/torch/distributed/fsdp/_fully_shard/_fsdp_state.py:336: UserWarning: FSDP2-wrapped module (FSDPCheckpointWrapper) returned a view tensor. An in-place op on this view (e.g., `x += y`) will silently drop the pre-backward hook and skip the all-gather, which can cause backward to fail or produce wrong gradients. Use out-of-place ops (`out = out + y`, not `out += y`) or `.clone()` the output before any in-place op.
[rank1]:  output = self._register_pre_backward_hook(output)
[rank1]:/root/mep/venv_src/lib/python3.12/site-packages/torch/distributed/fsdp/_fully_shard/_fsdp_state.py:336: UserWarning: FSDP2-wrapped module (FSDPKimiK3Model) returned a view tensor. An in-place op on this view (e.g., `x += y`) will silently drop the pre-backward hook and skip the all-gather, which can cause backward to fail or produce wrong gradients. Use out-of-place ops (`out = out + y`, not `out += y`) or `.clone()` the output before any in-place op.
[rank1]:  output = self._register_pre_backward_hook(output)
[rank0]:/root/mep/venv_src/lib/python3.12/site-packages/spmd_types/_collectives.py:633: FutureWarning: `torch.distributed._functional_collectives.reduce_scatter_tensor` is deprecated. Please use `torch.distributed._functional_collectives.reduce_scatter_single` instead.
[rank0]:  result = funcol.reduce_scatter_tensor(x, "sum", scatter_dim, pg)
[rank0]:/root/mep/venv_src/lib/python3.12/site-packages/spmd_types/_collectives.py:305: FutureWarning: `torch.distributed._functional_collectives.all_gather_tensor` is deprecated. Please use `torch.distributed._functional_collectives.all_gather_single` instead.
[rank0]:  result = funcol.all_gather_tensor(x, gather_dim, pg)
[rank0]:/root/mep/venv_src/lib/python3.12/site-packages/torch/distributed/fsdp/_fully_shard/_fsdp_state.py:336: UserWarning: FSDP2-wrapped module (FSDPCheckpointWrapper) returned a view tensor. An in-place op on this view (e.g., `x += y`) will silently drop the pre-backward hook and skip the all-gather, which can cause backward to fail or produce wrong gradients. Use out-of-place ops (`out = out + y`, not `out += y`) or `.clone()` the output before any in-place op.
[rank0]:  output = self._register_pre_backward_hook(output)
[rank0]:/root/mep/venv_src/lib/python3.12/site-packages/torch/distributed/fsdp/_fully_shard/_fsdp_state.py:336: UserWarning: FSDP2-wrapped module (FSDPKimiK3Model) returned a view tensor. An in-place op on this view (e.g., `x += y`) will silently drop the pre-backward hook and skip the all-gather, which can cause backward to fail or produce wrong gradients. Use out-of-place ops (`out = out + y`, not `out += y`) or `.clone()` the output before any in-place op.
[rank0]:  output = self._register_pre_backward_hook(output)
[rank3]:/root/mep/venv_src/lib/python3.12/site-packages/torch/distributed/fsdp/_fully_shard/_fsdp_state.py:336: UserWarning: FSDP2-wrapped module (FSDPKimiK3Model) returned a view tensor. An in-place op on this view (e.g., `x += y`) will silently drop the pre-backward hook and skip the all-gather, which can cause backward to fail or produce wrong gradients. Use out-of-place ops (`out = out + y`, not `out += y`) or `.clone()` the output before any in-place op.
[rank2]:/root/mep/venv_src/lib/python3.12/site-packages/torch/distributed/fsdp/_fully_shard/_fsdp_state.py:336: UserWarning: FSDP2-wrapped module (FSDPKimiK3Model) returned a view tensor. An in-place op on this view (e.g., `x += y`) will silently drop the pre-backward hook and skip the all-gather, which can cause backward to fail or produce wrong gradients. Use out-of-place ops (`out = out + y`, not `out += y`) or `.clone()` the output before any in-place op.
[rank3]:  output = self._register_pre_backward_hook(output)
[rank2]:  output = self._register_pre_backward_hook(output)
[rank1]:[rank1]:W0930 08:02:35.689000 57622 torch/distributed/tensor/_redistribute.py:394] While redistributing from (_NormPartial(2.0), _NormPartial(2.0)) to (Replicate(), Replicate()), 2 sequential all_reduce operations will be performed. This is suboptimal: multiple collective operations have higher latency (separate kernel launches and synchronization points) and may give inconsistent results between ranks due to different reduction orders. To optimize, flatten mesh dimensions ["edp_shard", "ep"] so DTensor can use a single operation instead.
[rank2]:[rank2]:W0930 08:02:35.676000 57623 torch/distributed/tensor/_redistribute.py:394] While redistributing from (_NormPartial(2.0), _NormPartial(2.0)) to (Replicate(), Replicate()), 2 sequential all_reduce operations will be performed. This is suboptimal: multiple collective operations have higher latency (separate kernel launches and synchronization points) and may give inconsistent results between ranks due to different reduction orders. To optimize, flatten mesh dimensions ["edp_shard", "ep"] so DTensor can use a single operation instead.
[rank3]:[rank3]:W0930 08:02:35.675000 57624 torch/distributed/tensor/_redistribute.py:394] While redistributing from (_NormPartial(2.0), _NormPartial(2.0)) to (Replicate(), Replicate()), 2 sequential all_reduce operations will be performed. This is suboptimal: multiple collective operations have higher latency (separate kernel launches and synchronization points) and may give inconsistent results between ranks due to different reduction orders. To optimize, flatten mesh dimensions ["edp_shard", "ep"] so DTensor can use a single operation instead.
[rank0]:[rank0]:W0930 08:02:35.689000 57621 torch/distributed/tensor/_redistribute.py:394] While redistributing from (_NormPartial(2.0), _NormPartial(2.0)) to (Replicate(), Replicate()), 2 sequential all_reduce operations will be performed. This is suboptimal: multiple collective operations have higher latency (separate kernel launches and synchronization points) and may give inconsistent results between ranks due to different reduction orders. To optimize, flatten mesh dimensions ["edp_shard", "ep"] so DTensor can use a single operation instead.
[rank2]:[rank2]:W0930 08:02:35.921000 57623 torch/distributed/tensor/_redistribute.py:394] While redistributing from (_NormPartial(2.0), _NormPartial(2.0)) to (Replicate(), Replicate()), 2 sequential all_reduce operations will be performed. This is suboptimal: multiple collective operations have higher latency (separate kernel launches and synchronization points) and may give inconsistent results between ranks due to different reduction orders. To optimize, flatten mesh dimensions ["dp_shard", "tp"] so DTensor can use a single operation instead.
[rank3]:[rank3]:W0930 08:02:35.919000 57624 torch/distributed/tensor/_redistribute.py:394] While redistributing from (_NormPartial(2.0), _NormPartial(2.0)) to (Replicate(), Replicate()), 2 sequential all_reduce operations will be performed. This is suboptimal: multiple collective operations have higher latency (separate kernel launches and synchronization points) and may give inconsistent results between ranks due to different reduction orders. To optimize, flatten mesh dimensions ["dp_shard", "tp"] so DTensor can use a single operation instead.
[rank1]:[rank1]:W0930 08:02:36.226000 57622 torch/distributed/tensor/_redistribute.py:394] While redistributing from (_NormPartial(2.0), _NormPartial(2.0)) to (Replicate(), Replicate()), 2 sequential all_reduce operations will be performed. This is suboptimal: multiple collective operations have higher latency (separate kernel launches and synchronization points) and may give inconsistent results between ranks due to different reduction orders. To optimize, flatten mesh dimensions ["dp_shard", "tp"] so DTensor can use a single operation instead.
[rank0]:[rank0]:W0930 08:02:36.230000 57621 torch/distributed/tensor/_redistribute.py:394] While redistributing from (_NormPartial(2.0), _NormPartial(2.0)) to (Replicate(), Replicate()), 2 sequential all_reduce operations will be performed. This is suboptimal: multiple collective operations have higher latency (separate kernel launches and synchronization points) and may give inconsistent results between ranks due to different reduction orders. To optimize, flatten mesh dimensions ["dp_shard", "tp"] so DTensor can use a single operation instead.
[rank2]:[titan] 2026-09-30 08:02:37,653 - torchtitan.observability.metrics - INFO - [31mstep:  1  [32mloss:  8.03245  [38;2;180;60;0mgrad_norm: 84.0000  [38;2;54;234;195mmemory: 48.16GiB(60.80%)  [34mtps: 113  [36mtflops: 6.40  [35mmfu: 0.65%[39m
[rank2]:[titan] 2026-09-30 08:02:37,658 - torchtitan.distributed.utils - INFO - Synchronizing and adjusting timeout for all ProcessGroups to 0:01:40
[rank3]:[titan] 2026-09-30 08:02:37,651 - torchtitan.observability.metrics - INFO - [31mstep:  1  [32mloss:  8.03245  [38;2;180;60;0mgrad_norm: 84.0000  [38;2;54;234;195mmemory: 49.54GiB(62.54%)  [34mtps: 113  [36mtflops: 6.40  [35mmfu: 0.65%[39m
[rank3]:[titan] 2026-09-30 08:02:37,656 - torchtitan.distributed.utils - INFO - Synchronizing and adjusting timeout for all ProcessGroups to 0:01:40
[rank0]:[titan] 2026-09-30 08:02:38,206 - torchtitan.observability.metrics - INFO - [31mstep:  1  [32mloss: -1.00000  [38;2;180;60;0mgrad_norm: 84.0000  [38;2;54;234;195mmemory: 51.71GiB(65.28%)  [34mtps: 112  [36mtflops: 6.34  [35mmfu: 0.64%[39m
[rank0]:[titan] 2026-09-30 08:02:38,206 - torchtitan.distributed.utils - INFO - Synchronizing and adjusting timeout for all ProcessGroups to 0:01:40
[rank1]:[titan] 2026-09-30 08:02:38,291 - torchtitan.observability.metrics - INFO - [31mstep:  1  [32mloss: -1.00000  [38;2;180;60;0mgrad_norm: 84.0000  [38;2;54;234;195mmemory: 51.50GiB(65.01%)  [34mtps: 112  [36mtflops: 6.33  [35mmfu: 0.64%[39m
[rank1]:[titan] 2026-09-30 08:02:38,292 - torchtitan.distributed.utils - INFO - Synchronizing and adjusting timeout for all ProcessGroups to 0:01:40
[rank3]:/root/mep/venv_src/lib/python3.12/site-packages/spmd_types/_collectives.py:305: FutureWarning: `torch.distributed._functional_collectives.all_gather_tensor` is deprecated. Please use `torch.distributed._functional_collectives.all_gather_single` instead.
[rank3]:  result = funcol.all_gather_tensor(x, gather_dim, pg)
[rank3]:/root/mep/venv_src/lib/python3.12/site-packages/spmd_types/_collectives.py:633: FutureWarning: `torch.distributed._functional_collectives.reduce_scatter_tensor` is deprecated. Please use `torch.distributed._functional_collectives.reduce_scatter_single` instead.
[rank3]:  result = funcol.reduce_scatter_tensor(x, "sum", scatter_dim, pg)
[rank2]:/root/mep/venv_src/lib/python3.12/site-packages/spmd_types/_collectives.py:305: FutureWarning: `torch.distributed._functional_collectives.all_gather_tensor` is deprecated. Please use `torch.distributed._functional_collectives.all_gather_single` instead.
[rank3]:/root/mep/venv_src/lib/python3.12/site-packages/torch/distributed/fsdp/_fully_shard/_fsdp_state.py:336: UserWarning: FSDP2-wrapped module (FSDPCheckpointWrapper) returned a view tensor. An in-place op on this view (e.g., `x += y`) will silently drop the pre-backward hook and skip the all-gather, which can cause backward to fail or produce wrong gradients. Use out-of-place ops (`out = out + y`, not `out += y`) or `.clone()` the output before any in-place op.
[rank2]:  result = funcol.all_gather_tensor(x, gather_dim, pg)
[rank3]:  output = self._register_pre_backward_hook(output)
[rank2]:/root/mep/venv_src/lib/python3.12/site-packages/spmd_types/_collectives.py:633: FutureWarning: `torch.distributed._functional_collectives.reduce_scatter_tensor` is deprecated. Please use `torch.distributed._functional_collectives.reduce_scatter_single` instead.
[rank2]:  result = funcol.reduce_scatter_tensor(x, "sum", scatter_dim, pg)
[rank2]:/root/mep/venv_src/lib/python3.12/site-packages/torch/distributed/fsdp/_fully_shard/_fsdp_state.py:336: UserWarning: FSDP2-wrapped module (FSDPCheckpointWrapper) returned a view tensor. An in-place op on this view (e.g., `x += y`) will silently drop the pre-backward hook and skip the all-gather, which can cause backward to fail or produce wrong gradients. Use out-of-place ops (`out = out + y`, not `out += y`) or `.clone()` the output before any in-place op.
[rank2]:  output = self._register_pre_backward_hook(output)
[rank3]:/root/mep/venv_src/lib/python3.12/site-packages/torch/distributed/fsdp/_fully_shard/_fsdp_state.py:336: UserWarning: FSDP2-wrapped module (FSDPKimiK3Model) returned a view tensor. An in-place op on this view (e.g., `x += y`) will silently drop the pre-backward hook and skip the all-gather, which can cause backward to fail or produce wrong gradients. Use out-of-place ops (`out = out + y`, not `out += y`) or `.clone()` the output before any in-place op.
[rank3]:  output = self._register_pre_backward_hook(output)
[rank2]:/root/mep/venv_src/lib/python3.12/site-packages/torch/distributed/fsdp/_fully_shard/_fsdp_state.py:336: UserWarning: FSDP2-wrapped module (FSDPKimiK3Model) returned a view tensor. An in-place op on this view (e.g., `x += y`) will silently drop the pre-backward hook and skip the all-gather, which can cause backward to fail or produce wrong gradients. Use out-of-place ops (`out = out + y`, not `out += y`) or `.clone()` the output before any in-place op.
[rank2]:  output = self._register_pre_backward_hook(output)
[rank2]:[titan] 2026-09-30 08:02:44,249 - torchtitan.observability.metrics - INFO - [31mstep:  2  [32mloss:  7.06020  [38;2;180;60;0mgrad_norm: 80.5000  [38;2;54;234;195mmemory: 56.87GiB(71.80%)  [34mtps: 932  [36mtflops: 52.62  [35mmfu: 5.32%[39m
[rank0]:[titan] 2026-09-30 08:02:44,254 - torchtitan.observability.metrics - INFO - [31mstep:  2  [32mloss: -1.00000  [38;2;180;60;0mgrad_norm: 80.5000  [38;2;54;234;195mmemory: 60.50GiB(76.39%)  [34mtps: 1,016  [36mtflops: 57.38  [35mmfu: 5.80%[39m
[rank1]:[titan] 2026-09-30 08:02:44,252 - torchtitan.observability.metrics - INFO - [31mstep:  2  [32mloss: -1.00000  [38;2;180;60;0mgrad_norm: 80.5000  [38;2;54;234;195mmemory: 61.46GiB(77.60%)  [34mtps: 1,031  [36mtflops: 58.23  [35mmfu: 5.89%[39m
[rank3]:[titan] 2026-09-30 08:02:44,249 - torchtitan.observability.metrics - INFO - [31mstep:  2  [32mloss:  7.06020  [38;2;180;60;0mgrad_norm: 80.5000  [38;2;54;234;195mmemory: 56.88GiB(71.81%)  [34mtps: 931  [36mtflops: 52.60  [35mmfu: 5.32%[39m
[rank2]:/root/mep/venv_src/lib/python3.12/site-packages/spmd_types/_collectives.py:305: FutureWarning: `torch.distributed._functional_collectives.all_gather_tensor` is deprecated. Please use `torch.distributed._functional_collectives.all_gather_single` instead.
[rank2]:  result = funcol.all_gather_tensor(x, gather_dim, pg)
[rank3]:/root/mep/venv_src/lib/python3.12/site-packages/spmd_types/_collectives.py:305: FutureWarning: `torch.distributed._functional_collectives.all_gather_tensor` is deprecated. Please use `torch.distributed._functional_collectives.all_gather_single` instead.
[rank2]:/root/mep/venv_src/lib/python3.12/site-packages/spmd_types/_collectives.py:633: FutureWarning: `torch.distributed._functional_collectives.reduce_scatter_tensor` is deprecated. Please use `torch.distributed._functional_collectives.reduce_scatter_single` instead.
[rank2]:  result = funcol.reduce_scatter_tensor(x, "sum", scatter_dim, pg)
[rank3]:  result = funcol.all_gather_tensor(x, gather_dim, pg)
[rank3]:/root/mep/venv_src/lib/python3.12/site-packages/spmd_types/_collectives.py:633: FutureWarning: `torch.distributed._functional_collectives.reduce_scatter_tensor` is deprecated. Please use `torch.distributed._functional_collectives.reduce_scatter_single` instead.
[rank3]:  result = funcol.reduce_scatter_tensor(x, "sum", scatter_dim, pg)
[rank2]:/root/mep/venv_src/lib/python3.12/site-packages/torch/distributed/fsdp/_fully_shard/_fsdp_state.py:336: UserWarning: FSDP2-wrapped module (FSDPCheckpointWrapper) returned a view tensor. An in-place op on this view (e.g., `x += y`) will silently drop the pre-backward hook and skip the all-gather, which can cause backward to fail or produce wrong gradients. Use out-of-place ops (`out = out + y`, not `out += y`) or `.clone()` the output before any in-place op.
[rank2]:  output = self._register_pre_backward_hook(output)
[rank3]:/root/mep/venv_src/lib/python3.12/site-packages/torch/distributed/fsdp/_fully_shard/_fsdp_state.py:336: UserWarning: FSDP2-wrapped module (FSDPCheckpointWrapper) returned a view tensor. An in-place op on this view (e.g., `x += y`) will silently drop the pre-backward hook and skip the all-gather, which can cause backward to fail or produce wrong gradients. Use out-of-place ops (`out = out + y`, not `out += y`) or `.clone()` the output before any in-place op.
[rank3]:  output = self._register_pre_backward_hook(output)
[rank2]:/root/mep/venv_src/lib/python3.12/site-packages/torch/distributed/fsdp/_fully_shard/_fsdp_state.py:336: UserWarning: FSDP2-wrapped module (FSDPKimiK3Model) returned a view tensor. An in-place op on this view (e.g., `x += y`) will silently drop the pre-backward hook and skip the all-gather, which can cause backward to fail or produce wrong gradients. Use out-of-place ops (`out = out + y`, not `out += y`) or `.clone()` the output before any in-place op.
[rank2]:  output = self._register_pre_backward_hook(output)
[rank3]:/root/mep/venv_src/lib/python3.12/site-packages/torch/distributed/fsdp/_fully_shard/_fsdp_state.py:336: UserWarning: FSDP2-wrapped module (FSDPKimiK3Model) returned a view tensor. An in-place op on this view (e.g., `x += y`) will silently drop the pre-backward hook and skip the all-gather, which can cause backward to fail or produce wrong gradients. Use out-of-place ops (`out = out + y`, not `out += y`) or `.clone()` the output before any in-place op.
[rank3]:  output = self._register_pre_backward_hook(output)
[rank2]:[titan] 2026-09-30 08:02:47,190 - torchtitan.observability.metrics - INFO - [31mstep:  3  [32mloss:  8.50641  [38;2;180;60;0mgrad_norm: 130.0000  [38;2;54;234;195mmemory: 56.87GiB(71.80%)  [34mtps: 2,090  [36mtflops: 118.04  [35mmfu: 11.93%[39m
[rank1]:[titan] 2026-09-30 08:02:47,193 - torchtitan.observability.metrics - INFO - [31mstep:  3  [32mloss: -1.00000  [38;2;180;60;0mgrad_norm: 130.0000  [38;2;54;234;195mmemory: 61.46GiB(77.60%)  [34mtps: 2,089  [36mtflops: 118.00  [35mmfu: 11.93%[39m
[rank0]:[titan] 2026-09-30 08:02:47,196 - torchtitan.observability.metrics - INFO - [31mstep:  3  [32mloss: -1.00000  [38;2;180;60;0mgrad_norm: 130.0000  [38;2;54;234;195mmemory: 60.50GiB(76.39%)  [34mtps: 2,089  [36mtflops: 117.99  [35mmfu: 11.93%[39m
[rank3]:[titan] 2026-09-30 08:02:47,190 - torchtitan.observability.metrics - INFO - [31mstep:  3  [32mloss:  8.50641  [38;2;180;60;0mgrad_norm: 130.0000  [38;2;54;234;195mmemory: 56.88GiB(71.81%)  [34mtps: 2,089  [36mtflops: 118.02  [35mmfu: 11.93%[39m
[rank2]:[titan] 2026-09-30 08:02:50,216 - torchtitan.observability.metrics - INFO - [31mstep:  4  [32mloss:  9.54819  [38;2;180;60;0mgrad_norm: 266.0000  [38;2;54;234;195mmemory: 56.87GiB(71.80%)  [34mtps: 2,030  [36mtflops: 114.68  [35mmfu: 11.60%[39m
[rank0]:[titan] 2026-09-30 08:02:50,221 - torchtitan.observability.metrics - INFO - [31mstep:  4  [32mloss: -1.00000  [38;2;180;60;0mgrad_norm: 266.0000  [38;2;54;234;195mmemory: 60.50GiB(76.39%)  [34mtps: 2,031  [36mtflops: 114.71  [35mmfu: 11.60%[39m
[rank3]:[titan] 2026-09-30 08:02:50,216 - torchtitan.observability.metrics - INFO - [31mstep:  4  [32mloss:  9.54819  [38;2;180;60;0mgrad_norm: 266.0000  [38;2;54;234;195mmemory: 56.88GiB(71.81%)  [34mtps: 2,030  [36mtflops: 114.68  [35mmfu: 11.60%[39m
[rank1]:[titan] 2026-09-30 08:02:50,221 - torchtitan.observability.metrics - INFO - [31mstep:  4  [32mloss: -1.00000  [38;2;180;60;0mgrad_norm: 266.0000  [38;2;54;234;195mmemory: 61.46GiB(77.60%)  [34mtps: 2,029  [36mtflops: 114.62  [35mmfu: 11.59%[39m
[rank2]:[titan] 2026-09-30 08:02:53,262 - torchtitan.observability.metrics - INFO - [31mstep:  5  [32mloss:  9.74381  [38;2;180;60;0mgrad_norm: 103.0000  [38;2;54;234;195mmemory: 56.87GiB(71.80%)  [34mtps: 2,018  [36mtflops: 113.97  [35mmfu: 11.52%[39m
[rank1]:[titan] 2026-09-30 08:02:53,265 - torchtitan.observability.metrics - INFO - [31mstep:  5  [32mloss: -1.00000  [38;2;180;60;0mgrad_norm: 103.0000  [38;2;54;234;195mmemory: 61.46GiB(77.60%)  [34mtps: 2,018  [36mtflops: 114.01  [35mmfu: 11.53%[39m
[rank3]:[titan] 2026-09-30 08:02:53,262 - torchtitan.observability.metrics - INFO - [31mstep:  5  [32mloss:  9.74381  [38;2;180;60;0mgrad_norm: 103.0000  [38;2;54;234;195mmemory: 56.88GiB(71.81%)  [34mtps: 2,018  [36mtflops: 113.97  [35mmfu: 11.52%[39m
[rank0]:[titan] 2026-09-30 08:02:53,266 - torchtitan.observability.metrics - INFO - [31mstep:  5  [32mloss: -1.00000  [38;2;180;60;0mgrad_norm: 103.0000  [38;2;54;234;195mmemory: 60.50GiB(76.39%)  [34mtps: 2,018  [36mtflops: 113.99  [35mmfu: 11.53%[39m
[rank2]:[titan] 2026-09-30 08:02:56,426 - torchtitan.observability.metrics - INFO - [31mstep:  6  [32mloss:  7.93848  [38;2;180;60;0mgrad_norm: 420.0000  [38;2;54;234;195mmemory: 56.87GiB(71.80%)  [34mtps: 1,942  [36mtflops: 109.68  [35mmfu: 11.09%[39m
[rank1]:[titan] 2026-09-30 08:02:56,429 - torchtitan.observability.metrics - INFO - [31mstep:  6  [32mloss: -1.00000  [38;2;180;60;0mgrad_norm: 420.0000  [38;2;54;234;195mmemory: 61.46GiB(77.60%)  [34mtps: 1,942  [36mtflops: 109.68  [35mmfu: 11.09%[39m
[rank3]:[titan] 2026-09-30 08:02:56,426 - torchtitan.observability.metrics - INFO - [31mstep:  6  [32mloss:  7.93848  [38;2;180;60;0mgrad_norm: 420.0000  [38;2;54;234;195mmemory: 56.88GiB(71.81%)  [34mtps: 1,942  [36mtflops: 109.68  [35mmfu: 11.09%[39m
[rank0]:[titan] 2026-09-30 08:02:56,430 - torchtitan.observability.metrics - INFO - [31mstep:  6  [32mloss: -1.00000  [38;2;180;60;0mgrad_norm: 420.0000  [38;2;54;234;195mmemory: 60.50GiB(76.39%)  [34mtps: 1,942  [36mtflops: 109.71  [35mmfu: 11.09%[39m
[rank1]:[titan] 2026-09-30 08:02:59,501 - torchtitan.observability.metrics - INFO - [31mstep:  7  [32mloss: -1.00000  [38;2;180;60;0mgrad_norm: 262.0000  [38;2;54;234;195mmemory: 61.46GiB(77.60%)  [34mtps: 2,001  [36mtflops: 113.01  [35mmfu: 11.43%[39m
[rank2]:[titan] 2026-09-30 08:02:59,498 - torchtitan.observability.metrics - INFO - [31mstep:  7  [32mloss:  6.84131  [38;2;180;60;0mgrad_norm: 262.0000  [38;2;54;234;195mmemory: 56.87GiB(71.80%)  [34mtps: 2,000  [36mtflops: 112.99  [35mmfu: 11.42%[39m
[rank3]:[titan] 2026-09-30 08:02:59,498 - torchtitan.observability.metrics - INFO - [31mstep:  7  [32mloss:  6.84131  [38;2;180;60;0mgrad_norm: 262.0000  [38;2;54;234;195mmemory: 56.88GiB(71.81%)  [34mtps: 2,000  [36mtflops: 112.98  [35mmfu: 11.42%[39m
[rank0]:[titan] 2026-09-30 08:02:59,502 - torchtitan.observability.metrics - INFO - [31mstep:  7  [32mloss: -1.00000  [38;2;180;60;0mgrad_norm: 262.0000  [38;2;54;234;195mmemory: 60.51GiB(76.40%)  [34mtps: 2,000  [36mtflops: 112.95  [35mmfu: 11.42%[39m
[rank1]:[titan] 2026-09-30 08:03:02,988 - torchtitan.observability.metrics - INFO - [31mstep:  8  [32mloss: -1.00000  [38;2;180;60;0mgrad_norm: 99.0000  [38;2;54;234;195mmemory: 61.46GiB(77.60%)  [34mtps: 1,762  [36mtflops: 99.52  [35mmfu: 10.06%[39m
[rank2]:[titan] 2026-09-30 08:03:02,984 - torchtitan.observability.metrics - INFO - [31mstep:  8  [32mloss:  5.47112  [38;2;180;60;0mgrad_norm: 99.0000  [38;2;54;234;195mmemory: 56.87GiB(71.80%)  [34mtps: 1,763  [36mtflops: 99.56  [35mmfu: 10.07%[39m
[rank0]:[titan] 2026-09-30 08:03:02,990 - torchtitan.observability.metrics - INFO - [31mstep:  8  [32mloss: -1.00000  [38;2;180;60;0mgrad_norm: 99.0000  [38;2;54;234;195mmemory: 60.51GiB(76.40%)  [34mtps: 1,762  [36mtflops: 99.51  [35mmfu: 10.06%[39m
[rank3]:[titan] 2026-09-30 08:03:02,984 - torchtitan.observability.metrics - INFO - [31mstep:  8  [32mloss:  5.47112  [38;2;180;60;0mgrad_norm: 99.0000  [38;2;54;234;195mmemory: 56.88GiB(71.81%)  [34mtps: 1,763  [36mtflops: 99.57  [35mmfu: 10.07%[39m
[rank1]:[titan] 2026-09-30 08:03:05,876 - torchtitan.observability.metrics - INFO - [31mstep:  9  [32mloss: -1.00000  [38;2;180;60;0mgrad_norm: 48.0000  [38;2;54;234;195mmemory: 61.46GiB(77.60%)  [34mtps: 2,128  [36mtflops: 120.18  [35mmfu: 12.15%[39m
[rank0]:[titan] 2026-09-30 08:03:05,877 - torchtitan.observability.metrics - INFO - [31mstep:  9  [32mloss: -1.00000  [38;2;180;60;0mgrad_norm: 48.0000  [38;2;54;234;195mmemory: 60.51GiB(76.40%)  [34mtps: 2,128  [36mtflops: 120.22  [35mmfu: 12.16%[39m
[rank3]:USDT:2026-09-30 08:03:05 57624:57624 SyncActivityProfilerHandler.cpp:39] profiler_start
[rank1]:USDT:2026-09-30 08:03:05 57622:57622 SyncActivityProfilerHandler.cpp:39] profiler_start
[rank2]:USDT:2026-09-30 08:03:05 57623:57623 SyncActivityProfilerHandler.cpp:39] profiler_start
[rank3]:[titan] 2026-09-30 08:03:05,872 - torchtitan.observability.metrics - INFO - [31mstep:  9  [32mloss:  5.92499  [38;2;180;60;0mgrad_norm: 48.0000  [38;2;54;234;195mmemory: 56.88GiB(71.81%)  [34mtps: 2,128  [36mtflops: 120.18  [35mmfu: 12.15%[39m
[rank2]:[titan] 2026-09-30 08:03:05,872 - torchtitan.observability.metrics - INFO - [31mstep:  9  [32mloss:  5.92499  [38;2;180;60;0mgrad_norm: 48.0000  [38;2;54;234;195mmemory: 56.87GiB(71.80%)  [34mtps: 2,128  [36mtflops: 120.18  [35mmfu: 12.15%[39m
[rank0]:USDT:2026-09-30 08:03:05 57621:57621 SyncActivityProfilerHandler.cpp:39] profiler_start
W0930 08:03:06.823000 57552 torch/distributed/elastic/agent/server/api.py:753] Received 15 death signal, shutting down workers
W0930 08:03:06.825000 57552 torch/distributed/elastic/multiprocessing/api.py:1028] Sending process 57621 closing signal SIGTERM
W0930 08:03:06.827000 57552 torch/distributed/elastic/multiprocessing/api.py:1028] Sending process 57622 closing signal SIGTERM
W0930 08:03:06.829000 57552 torch/distributed/elastic/multiprocessing/api.py:1028] Sending process 57623 closing signal SIGTERM
W0930 08:03:06.832000 57552 torch/distributed/elastic/multiprocessing/api.py:1028] Sending process 57624 closing signal SIGTERM
Traceback (most recent call last):
  File "/root/mep/venv_src/bin/torchrun", line 10, in <module>
    sys.exit(main())
             ^^^^^^
  File "/root/mep/venv_src/lib/python3.12/site-packages/torch/distributed/elastic/multiprocessing/errors/__init__.py", line 384, in wrapper
    result = f(*args, **kwargs)
             ^^^^^^^^^^^^^^^^^^
  File "/root/mep/venv_src/lib/python3.12/site-packages/torch/distributed/run.py", line 1138, in main
    run(args)
  File "/root/mep/venv_src/lib/python3.12/site-packages/torch/distributed/run.py", line 1129, in run
    elastic_launch(
  File "/root/mep/venv_src/lib/python3.12/site-packages/torch/distributed/launcher/api.py", line 197, in __call__
    return launch_agent(
           ^^^^^^^^^^^^^
  File "/root/mep/venv_src/lib/python3.12/site-packages/torch/distributed/launcher/api.py", line 377, in launch_agent
    result = agent.run()
             ^^^^^^^^^^^
  File "/root/mep/venv_src/lib/python3.12/site-packages/torch/distributed/elastic/metrics/api.py", line 134, in wrapper
    result = f(*args, **kwargs)
             ^^^^^^^^^^^^^^^^^^
  File "/root/mep/venv_src/lib/python3.12/site-packages/torch/distributed/elastic/agent/server/api.py", line 745, in run
    result = self._invoke_run(role)
             ^^^^^^^^^^^^^^^^^^^^^^
  File "/root/mep/venv_src/lib/python3.12/site-packages/torch/distributed/elastic/agent/server/api.py", line 923, in _invoke_run
    time.sleep(monitor_interval)
  File "/root/mep/venv_src/lib/python3.12/site-packages/torch/distributed/elastic/multiprocessing/api.py", line 76, in _terminate_process_handler
    def _terminate_process_handler(signum: int, frame: FrameType | None) -> None:
    
  File "/root/mep/venv_src/lib/python3.12/site-packages/torch/distributed/elastic/multiprocessing/api.py", line 86, in _terminate_process_handler
    raise SignalException(f"Process {os.getpid()} got signal: {sigval}", sigval=sigval)
torch.distributed.elastic.multiprocessing.api.SignalException: Process 57552 got signal: 15
