+ NGPU=2
+ export LOG_RANK=0
+ LOG_RANK=0
+ MODULE=cpmm_probe
+ CONFIG=cell
+ COMM_BACKEND=
+ TORCHFT_LIGHTHOUSE=http://localhost:29510
+ [[ -n '' ]]
+ '[' '' = fake ']'
+ PYTORCH_ALLOC_CONF=expandable_segments:True
+ TORCHFT_LIGHTHOUSE=http://localhost:29510
+ torchrun --nproc_per_node=2 --rdzv_backend c10d --rdzv_endpoint=localhost:0 --local-ranks-filter 0 --role rank --tee 3 -m torchtitan.train --module cpmm_probe --config cell --output-dir /workspace/h100_optin/e2e/warm_old_256/out
mpp_shim: MixedPrecisionPolicy takes param_dtype_override_fn=None
W1008 08:36:18.079000 14400 torch/distributed/run.py:982] 
W1008 08:36:18.079000 14400 torch/distributed/run.py:982] *****************************************
W1008 08:36:18.079000 14400 torch/distributed/run.py:982] Setting OMP_NUM_THREADS environment variable for each process to be 1 in default, to avoid your system being overloaded, please further tune the variable for optimal performance in your application as needed. 
W1008 08:36:18.079000 14400 torch/distributed/run.py:982] *****************************************
[rank0]:mpp_shim: MixedPrecisionPolicy takes param_dtype_override_fn=None
[rank0]:WARNING:absl:Failed to load jax profiler: No module named 'jax'
[rank0]:[titan] 2026-10-08 08:36:23,797 - __main__ - INFO - torchtitan version: 0.0.0+unknown (0.0.0 means __version__ is not defined correctly).
[rank0]:[titan] 2026-10-08 08:36:24,039 - torchtitan.observability.structured_logger.jsonl_handler - INFO - Structured logging -> JSONL: /workspace/h100_optin/e2e/warm_old_256/out/structured_logs/training.global_rank_0.20261008-083624-A4PODL.jsonl
[rank0]:[titan] 2026-10-08 08:36:24,366 - torchtitan.distributed.utils - WARNING - ENV[TORCH_NCCL_ASYNC_ERROR_HANDLING] = 1 will be overridden to 3 based on job config
[rank0]:[titan] 2026-10-08 08:36:24,969 - torchtitan.tools.garbage_collector - INFO - [GC] Initial GC collection took 0.00 seconds
[rank0]:[titan] 2026-10-08 08:36:24,969 - torchtitan.distributed.utils - INFO - Deterministic algorithm enabled (expect perf degradation).
[rank0]:[titan] 2026-10-08 08:36:24,980 - torchtitan.distributed.parallelism_context - INFO - Building device mesh with parallelism: pp=1, dp_replicate=1, dp_shard=1, cp=2, tp=1, ep=1
[rank0]:[titan] 2026-10-08 08:36:25,227 - torchtitan.distributed.parallelism_context - INFO - Successfully created meshes with active axes: ['loss', 'cp']
[rank0]:[titan] 2026-10-08 08:36:25,230 - torchtitan.observability.metrics - INFO - CUDA capacity: NVIDIA H100 80GB HBM3 with 79.21GiB memory
[rank0]:[titan] 2026-10-08 08:36:25,240 - torchtitan.config.configurable - WARNING - Config field value of type InterpolationMode may not be JSON serializable
[rank0]:[titan] 2026-10-08 08:36:25,241 - torchtitan.tools.utils - WARNING - Error running lspci: [Errno 2] No such file or directory: 'lspci', fallback to use device_name
[rank0]:[titan] 2026-10-08 08:36:25,242 - torchtitan.components.tokenizer - INFO - Loading tokenizer from tokenizer.json
[rank0]:[titan] 2026-10-08 08:36:25,370 - torchtitan.protocols.state_dict_adapter - WARNING - model.safetensors.index.json not found at hf_assets_path: ./tests/assets/tokenizer/model.safetensors.index.json.                     Defaulting to saving a single safetensors file if checkpoint is saved in HF format
[rank0]:[titan] 2026-10-08 08:36:25,373 - torchtitan.models.utils - INFO - Total parameter count: 26,882,800, active parameters: 18,342,128
[rank0]:[titan] 2026-10-08 08:36:25,728 - torchtitan.distributed.fsdp - INFO - Applied FSDP to the model
[rank0]:[titan] 2026-10-08 08:36:26,412 - torchtitan.training_engine - INFO - Model KimiK3Model.Config size: 26,882,800 total parameters
[rank0]:[titan] 2026-10-08 08:36:26,415 - torchtitan.components.optim.optimizer - INFO - Optimizer AdamW (model_part=0): 465 params [.*] {'lr': 0.0008, 'betas': (0.9, 0.95), 'eps': 1e-08, 'weight_decay': 0.1, 'foreach': None, 'fused': True}
[rank0]:[titan] 2026-10-08 08:36:26,417 - torchtitan.components.optim.lr_scheduler - WARNING - Warmup (2) + decay (4) steps exceed total steps (5). Adjusting decay steps to 3.
[rank0]:[titan] 2026-10-08 08:36:26,418 - torchtitan.trainer - INFO - Peak FLOPS used for computing MFU: 9.890e+14
[rank0]:[titan] 2026-10-08 08:36:26,418 - torchtitan.trainer - INFO - CUDA memory usage for model: 0.03GiB(0.04%)
[rank0]:[titan] 2026-10-08 08:36:26,418 - torchtitan.trainer - INFO - Trainer is initialized with 2048 tokens per DP rank, 2048 tokens per train step, gradient accumulation steps 1, maximum context length 2048, total steps 5 (warmup 2)
[rank0]:[titan] 2026-10-08 08:36:26,418 - torchtitan.trainer - INFO - Training starts at step 1
[rank0]:/workspace/venv_cu126/lib/python3.12/site-packages/torch/distributed/fsdp/_fully_shard/_fsdp_state.py:336: UserWarning: FSDP2-wrapped module (FSDPKimiK3TransformerBlock) returned a view tensor. An in-place op on this view (e.g., `x += y`) will silently drop the pre-backward hook and skip the all-gather, which can cause backward to fail or produce wrong gradients. Use out-of-place ops (`out = out + y`, not `out += y`) or `.clone()` the output before any in-place op.
[rank0]:  output = self._register_pre_backward_hook(output)
[rank0]:/workspace/venv_cu126/lib/python3.12/site-packages/spmd_types/_collectives.py:305: FutureWarning: `torch.distributed._functional_collectives.all_gather_tensor` is deprecated. Please use `torch.distributed._functional_collectives.all_gather_single` instead.
[rank0]:  result = funcol.all_gather_tensor(x, gather_dim, pg)
[rank0]:/workspace/venv_cu126/lib/python3.12/site-packages/torch/distributed/fsdp/_fully_shard/_fsdp_state.py:336: UserWarning: FSDP2-wrapped module (FSDPKimiK3TransformerBlock) returned a view tensor. An in-place op on this view (e.g., `x += y`) will silently drop the pre-backward hook and skip the all-gather, which can cause backward to fail or produce wrong gradients. Use out-of-place ops (`out = out + y`, not `out += y`) or `.clone()` the output before any in-place op.
[rank0]:  output = self._register_pre_backward_hook(output)
[rank0]:/workspace/venv_cu126/lib/python3.12/site-packages/spmd_types/_collectives.py:305: FutureWarning: `torch.distributed._functional_collectives.all_gather_tensor` is deprecated. Please use `torch.distributed._functional_collectives.all_gather_single` instead.
[rank0]:  result = funcol.all_gather_tensor(x, gather_dim, pg)
[rank0]:/workspace/venv_cu126/lib/python3.12/site-packages/spmd_types/_collectives.py:633: FutureWarning: `torch.distributed._functional_collectives.reduce_scatter_tensor` is deprecated. Please use `torch.distributed._functional_collectives.reduce_scatter_single` instead.
[rank0]:  result = funcol.reduce_scatter_tensor(x, "sum", scatter_dim, pg)
[rank0]:[titan] 2026-10-08 08:36:37,423 - torchtitan.observability.metrics - INFO - [31mstep:  1  [32mloss:  8.19922  [38;2;180;60;0mgrad_norm:  2.5781  [38;2;54;234;195mmemory:  0.97GiB(1.22%)  [34mtps: 93  [36mtflops: 0.02  [35mmfu: 0.00%[39m
[rank0]:[titan] 2026-10-08 08:36:37,423 - torchtitan.distributed.utils - INFO - Synchronizing and adjusting timeout for all ProcessGroups to 0:01:40
[rank0]:/workspace/venv_cu126/lib/python3.12/site-packages/torch/distributed/fsdp/_fully_shard/_fsdp_state.py:336: UserWarning: FSDP2-wrapped module (FSDPKimiK3TransformerBlock) returned a view tensor. An in-place op on this view (e.g., `x += y`) will silently drop the pre-backward hook and skip the all-gather, which can cause backward to fail or produce wrong gradients. Use out-of-place ops (`out = out + y`, not `out += y`) or `.clone()` the output before any in-place op.
[rank0]:  output = self._register_pre_backward_hook(output)
[rank0]:/workspace/venv_cu126/lib/python3.12/site-packages/spmd_types/_collectives.py:305: FutureWarning: `torch.distributed._functional_collectives.all_gather_tensor` is deprecated. Please use `torch.distributed._functional_collectives.all_gather_single` instead.
[rank0]:  result = funcol.all_gather_tensor(x, gather_dim, pg)
[rank0]:/workspace/venv_cu126/lib/python3.12/site-packages/spmd_types/_collectives.py:633: FutureWarning: `torch.distributed._functional_collectives.reduce_scatter_tensor` is deprecated. Please use `torch.distributed._functional_collectives.reduce_scatter_single` instead.
[rank0]:  result = funcol.reduce_scatter_tensor(x, "sum", scatter_dim, pg)
[rank0]:[titan] 2026-10-08 08:36:39,957 - torchtitan.observability.metrics - INFO - [31mstep:  2  [32mloss:  7.37216  [38;2;180;60;0mgrad_norm:  5.6250  [38;2;54;234;195mmemory:  1.02GiB(1.28%)  [34mtps: 404  [36mtflops: 0.08  [35mmfu: 0.01%[39m
[rank0]:[titan] 2026-10-08 08:36:40,830 - torchtitan.observability.metrics - INFO - [31mstep:  3  [32mloss:  6.32257  [38;2;180;60;0mgrad_norm: 11.0625  [38;2;54;234;195mmemory:  1.02GiB(1.28%)  [34mtps: 1,174  [36mtflops: 0.24  [35mmfu: 0.02%[39m
[rank0]:[titan] 2026-10-08 08:36:41,704 - torchtitan.observability.metrics - INFO - [31mstep:  4  [32mloss:  6.26346  [38;2;180;60;0mgrad_norm:  5.8125  [38;2;54;234;195mmemory:  1.02GiB(1.28%)  [34mtps: 1,172  [36mtflops: 0.24  [35mmfu: 0.02%[39m
[rank0]:/workspace/tt_cpmm/torchtitan/models/kimi_k3/vision_cp/attention.py:34: FutureWarning: torch.distributed.nn.functional.all_gather is deprecated, use torch.distributed._functional_collectives.all_gather_single instead.
[rank0]:  parts = list(dist_nn.all_gather(x.contiguous(), group=group))
[rank0]:/workspace/tt_cpmm/torchtitan/models/kimi_k3/vision_cp/attention.py:34: FutureWarning: torch.distributed.nn.functional.all_gather is deprecated, use torch.distributed._functional_collectives.all_gather_single instead.
[rank0]:  parts = list(dist_nn.all_gather(x.contiguous(), group=group))
[rank0]:/workspace/venv_cu126/lib/python3.12/site-packages/torch/distributed/fsdp/_fully_shard/_fsdp_state.py:336: UserWarning: FSDP2-wrapped module (FSDPKimiK3TransformerBlock) returned a view tensor. An in-place op on this view (e.g., `x += y`) will silently drop the pre-backward hook and skip the all-gather, which can cause backward to fail or produce wrong gradients. Use out-of-place ops (`out = out + y`, not `out += y`) or `.clone()` the output before any in-place op.
[rank0]:  output = self._register_pre_backward_hook(output)
[rank0]:/workspace/venv_cu126/lib/python3.12/site-packages/spmd_types/_collectives.py:305: FutureWarning: `torch.distributed._functional_collectives.all_gather_tensor` is deprecated. Please use `torch.distributed._functional_collectives.all_gather_single` instead.
[rank0]:  result = funcol.all_gather_tensor(x, gather_dim, pg)
[rank0]:/workspace/venv_cu126/lib/python3.12/site-packages/spmd_types/_collectives.py:633: FutureWarning: `torch.distributed._functional_collectives.reduce_scatter_tensor` is deprecated. Please use `torch.distributed._functional_collectives.reduce_scatter_single` instead.
[rank0]:  result = funcol.reduce_scatter_tensor(x, "sum", scatter_dim, pg)
[rank0]:[titan] 2026-10-08 08:36:49,050 - torchtitan.observability.metrics - INFO - [31mstep:  5  [32mloss:  5.66167  [38;2;180;60;0mgrad_norm:  6.6562  [38;2;54;234;195mmemory:  1.02GiB(1.28%)  [34mtps: 139  [36mtflops: 0.03  [35mmfu: 0.00%[39m
[rank0]:[titan] 2026-10-08 08:36:49,051 - torchtitan.trainer - INFO - Sleeping 2 seconds for other ranks to complete
[rank0]:[titan] 2026-10-08 08:36:51,051 - torchtitan.trainer - INFO - Training completed
[rank0]:[titan] 2026-10-08 08:36:51,609 - __main__ - INFO - Process group destroyed
