W0915 08:40:28.772000 13316 torch/distributed/run.py:982] 
W0915 08:40:28.772000 13316 torch/distributed/run.py:982] *****************************************
W0915 08:40:28.772000 13316 torch/distributed/run.py:982] Setting OMP_NUM_THREADS environment variable for each process to be 1 in default, to avoid your system being overloaded, please further tune the variable for optimal performance in your application as needed. 
W0915 08:40:28.772000 13316 torch/distributed/run.py:982] *****************************************
WARNING:absl:Failed to load jax profiler: No module named 'jax'
WARNING:absl:Failed to load jax profiler: No module named 'jax'
[titan] 2026-09-15 08:40:36,234 - __main__ - INFO - torchtitan version: 0.0.0+unknown (0.0.0 means __version__ is not defined correctly).
[titan] 2026-09-15 08:40:36,884 - torchtitan.components.checkpointer.base - WARNING - initial_load_model_only=True has no effect without an initial_load_path.
[titan] 2026-09-15 08:40:36,905 - __main__ - INFO - torchtitan version: 0.0.0+unknown (0.0.0 means __version__ is not defined correctly).
[titan] 2026-09-15 08:40:36,975 - torchtitan.components.checkpointer.base - WARNING - initial_load_model_only=True has no effect without an initial_load_path.
[titan] 2026-09-15 08:40:36,978 - torchtitan.observability.structured_logger.jsonl_handler - INFO - Structured logging -> JSONL: /workspace/tp_h100_out/dp2/structured_logs/training.global_rank_0.20260915-084036-8YWUAU.jsonl
[titan] 2026-09-15 08:40:37,505 - torchtitan.distributed.utils - WARNING - ENV[TORCH_NCCL_ASYNC_ERROR_HANDLING] = 1 will be overridden to 3 based on job config
[titan] 2026-09-15 08:40:37,652 - torchtitan.components.checkpointer.base - WARNING - initial_load_model_only=True has no effect without an initial_load_path.
[titan] 2026-09-15 08:40:37,744 - torchtitan.components.checkpointer.base - WARNING - initial_load_model_only=True has no effect without an initial_load_path.
[titan] 2026-09-15 08:40:37,747 - torchtitan.observability.structured_logger.jsonl_handler - INFO - Structured logging -> JSONL: /workspace/tp_h100_out/dp2/structured_logs/training.global_rank_1.20260915-084037-Z7P9R7.jsonl
[titan] 2026-09-15 08:40:39,660 - torchtitan.distributed.utils - WARNING - ENV[TORCH_NCCL_ASYNC_ERROR_HANDLING] = 1 will be overridden to 3 based on job config
[titan] 2026-09-15 08:40:40,485 - torchtitan.distributed.parallel_dims - INFO - Building device mesh with parallelism: pp=1, dp_replicate=1, dp_shard=2, cp=1, tp=1, ep=1
[titan] 2026-09-15 08:40:40,485 - torchtitan.distributed.parallel_dims - INFO - Building device mesh with parallelism: pp=1, dp_replicate=1, dp_shard=2, cp=1, tp=1, ep=1
[titan] 2026-09-15 08:40:40,808 - torchtitan.distributed.parallel_dims - INFO - Successfully created meshes with active dimensions: ['batch', 'loss', 'dp', 'dp_shard']
[titan] 2026-09-15 08:40:40,808 - torchtitan.distributed.parallel_dims - INFO - Successfully created meshes with active dimensions: ['batch', 'loss', 'dp', 'dp_shard']
[titan] 2026-09-15 08:40:40,808 - torchtitan.tools.utils - INFO - [GC] Initial GC collection took 0.00 seconds
[titan] 2026-09-15 08:40:40,808 - torchtitan.distributed.utils - INFO - Deterministic algorithm enabled (expect perf degradation).
[titan] 2026-09-15 08:40:40,808 - torchtitan.tools.utils - INFO - [GC] Initial GC collection took 0.00 seconds
[titan] 2026-09-15 08:40:40,808 - torchtitan.distributed.utils - INFO - Deterministic algorithm enabled (expect perf degradation).
[titan] 2026-09-15 08:40:40,830 - torchtitan.trainer - INFO - Building kimi_k3 debugmodel
[titan] 2026-09-15 08:40:40,831 - torchtitan.trainer - INFO - Building kimi_k3 debugmodel
[titan] 2026-09-15 08:40:41,027 - torchtitan.observability.metrics - INFO - CUDA capacity: NVIDIA H100 80GB HBM3 with 79.18GiB memory
[titan] 2026-09-15 08:40:41,028 - torchtitan.tools.utils - WARNING - Error running lspci: [Errno 2] No such file or directory: 'lspci', fallback to use device_name
[titan] 2026-09-15 08:40:41,032 - torchtitan.observability.metrics - INFO - CUDA capacity: NVIDIA H100 80GB HBM3 with 79.18GiB memory
[titan] 2026-09-15 08:40:41,032 - torchtitan.tools.utils - WARNING - Error running lspci: [Errno 2] No such file or directory: 'lspci', fallback to use device_name
[titan] 2026-09-15 08:40:41,034 - torchtitan.models.utils - INFO - Total parameter count: 1,119,984,672, active parameters: 535,879,200
[titan] 2026-09-15 08:40:41,034 - torchtitan.trainer - INFO - [34mModel kimi_k3 debugmodel [31msize: 1,119,984,672 total parameters[39m
[titan] 2026-09-15 08:40:41,038 - torchtitan.models.utils - INFO - Total parameter count: 1,119,984,672, active parameters: 535,879,200
[titan] 2026-09-15 08:40:41,038 - torchtitan.trainer - INFO - [34mModel kimi_k3 debugmodel [31msize: 1,119,984,672 total parameters[39m
[titan] 2026-09-15 08:40:41,142 - torchtitan.distributed.activation_checkpoint - INFO - Applied SelectiveAC activation checkpointing to the model
[titan] 2026-09-15 08:40:41,144 - torchtitan.distributed.activation_checkpoint - INFO - Applied SelectiveAC activation checkpointing to the model
[titan] 2026-09-15 08:40:41,145 - torchtitan.distributed.activation_checkpoint - INFO - Applied SelectiveAC activation checkpointing to the model
[titan] 2026-09-15 08:40:41,147 - torchtitan.distributed.activation_checkpoint - INFO - Applied SelectiveAC activation checkpointing to the model
[titan] 2026-09-15 08:40:41,486 - torchtitan.distributed.fsdp - INFO - Applied FSDP to the model
[titan] 2026-09-15 08:40:41,493 - torchtitan.distributed.fsdp - INFO - Applied FSDP to the model
[titan] 2026-09-15 08:40:42,997 - torchtitan.tools.utils - WARNING - Error running lspci: [Errno 2] No such file or directory: 'lspci', fallback to use device_name
[titan] 2026-09-15 08:40:42,997 - torchtitan.trainer - INFO - Peak FLOPS used for computing MFU: 9.890e+14
[titan] 2026-09-15 08:40:42,998 - torchtitan.trainer - INFO - CUDA memory usage for model: 1.94GiB(2.45%)
[titan] 2026-09-15 08:40:42,998 - torchtitan.tools.utils - WARNING - Error running lspci: [Errno 2] No such file or directory: 'lspci', fallback to use device_name
[titan] 2026-09-15 08:40:42,998 - torchtitan.trainer - INFO - Peak FLOPS used for computing MFU: 9.890e+14
[titan] 2026-09-15 08:40:42,998 - torchtitan.trainer - INFO - CUDA memory usage for model: 1.94GiB(2.45%)
[titan] 2026-09-15 08:40:43,002 - torchtitan.components.optimizer.optimizer - INFO - Optimizer AdamW (model_part=0): 726 params [.*] {'fused': True, 'foreach': False, 'lr': 0.0008, 'betas': (0.9, 0.95), 'eps': 1e-08, 'weight_decay': 0.1}
[titan] 2026-09-15 08:40:43,003 - torchtitan.components.optimizer.optimizer - INFO - Optimizer AdamW (model_part=0): 726 params [.*] {'fused': True, 'foreach': False, 'lr': 0.0008, 'betas': (0.9, 0.95), 'eps': 1e-08, 'weight_decay': 0.1}
[titan] 2026-09-15 08:40:43,006 - torchtitan.components.tokenizer - INFO - Loading tokenizer from tokenizer.json
[titan] 2026-09-15 08:40:43,006 - torchtitan.components.tokenizer - INFO - Loading tokenizer from tokenizer.json
[titan] 2026-09-15 08:40:43,026 - torchtitan.protocols.state_dict_adapter - WARNING - model.safetensors.index.json not found at hf_assets_path: ./tests/assets/tokenizer/model.safetensors.index.json.                     Defaulting to saving a single safetensors file if checkpoint is saved in HF format
[titan] 2026-09-15 08:40:43,027 - torchtitan.components.checkpointer.base - WARNING - initial_load_model_only=True has no effect without an initial_load_path.
[titan] 2026-09-15 08:40:43,028 - torchtitan.protocols.state_dict_adapter - WARNING - model.safetensors.index.json not found at hf_assets_path: ./tests/assets/tokenizer/model.safetensors.index.json.                     Defaulting to saving a single safetensors file if checkpoint is saved in HF format
[titan] 2026-09-15 08:40:43,028 - torchtitan.components.checkpointer.base - WARNING - initial_load_model_only=True has no effect without an initial_load_path.
[titan] 2026-09-15 08:40:43,141 - torchtitan.components.checkpointer.dcp - INFO - Checkpointing active. Checkpoints will be loaded from and saved to /workspace/tp_h100_out/dp2/checkpoint
[titan] 2026-09-15 08:40:43,141 - torchtitan.trainer - INFO - Trainer is initialized with 256 tokens per DP rank, 512 tokens per train step, gradient accumulation steps 1, maximum context length 2048, total steps 100 (warmup 2)
[titan] 2026-09-15 08:40:43,142 - torchtitan.components.checkpointer.base - INFO - Loading the checkpoint from /workspace/tp_h100_out/dp2/checkpoint/step-0.
[titan] 2026-09-15 08:40:43,147 - torchtitan.components.checkpointer.dcp - INFO - Checkpointing active. Checkpoints will be loaded from and saved to /workspace/tp_h100_out/dp2/checkpoint
[titan] 2026-09-15 08:40:43,147 - torchtitan.trainer - INFO - Trainer is initialized with 256 tokens per DP rank, 512 tokens per train step, gradient accumulation steps 1, maximum context length 2048, total steps 100 (warmup 2)
[titan] 2026-09-15 08:40:43,148 - torchtitan.components.checkpointer.base - INFO - Loading the checkpoint from /workspace/tp_h100_out/dp2/checkpoint/step-0.
[titan] 2026-09-15 08:40:48,005 - torchtitan.tools.utils - INFO - [GC] GC collection for checkpoint loading. took 0.02 seconds
[titan] 2026-09-15 08:40:48,005 - torchtitan.components.checkpointer.base - INFO - Finished loading the checkpoint in 4.86 seconds.
[titan] 2026-09-15 08:40:48,006 - torchtitan.trainer - INFO - Training starts at step 1
[titan] 2026-09-15 08:40:48,006 - torchtitan.tools.utils - INFO - [GC] GC collection for checkpoint loading. took 0.02 seconds
[titan] 2026-09-15 08:40:48,007 - torchtitan.components.checkpointer.base - INFO - Finished loading the checkpoint in 4.86 seconds.
[titan] 2026-09-15 08:40:48,007 - torchtitan.trainer - INFO - Training starts at step 1
/workspace/venv/lib/python3.12/site-packages/torch/distributed/fsdp/_fully_shard/_fsdp_state.py:336: UserWarning: FSDP2-wrapped module (FSDPCheckpointWrapper) returned a view tensor. An in-place op on this view (e.g., `x += y`) will silently drop the pre-backward hook and skip the all-gather, which can cause backward to fail or produce wrong gradients. Use out-of-place ops (`out = out + y`, not `out += y`) or `.clone()` the output before any in-place op.
  output = self._register_pre_backward_hook(output)
/workspace/venv/lib/python3.12/site-packages/torch/distributed/fsdp/_fully_shard/_fsdp_state.py:336: UserWarning: FSDP2-wrapped module (FSDPCheckpointWrapper) returned a view tensor. An in-place op on this view (e.g., `x += y`) will silently drop the pre-backward hook and skip the all-gather, which can cause backward to fail or produce wrong gradients. Use out-of-place ops (`out = out + y`, not `out += y`) or `.clone()` the output before any in-place op.
  output = self._register_pre_backward_hook(output)
/workspace/venv/lib/python3.12/site-packages/torch/distributed/fsdp/_fully_shard/_fsdp_state.py:336: UserWarning: FSDP2-wrapped module (FSDPCheckpointWrapper) returned a view tensor. An in-place op on this view (e.g., `x += y`) will silently drop the pre-backward hook and skip the all-gather, which can cause backward to fail or produce wrong gradients. Use out-of-place ops (`out = out + y`, not `out += y`) or `.clone()` the output before any in-place op.
  output = self._register_pre_backward_hook(output)
/workspace/venv/lib/python3.12/site-packages/torch/distributed/fsdp/_fully_shard/_fsdp_state.py:336: UserWarning: FSDP2-wrapped module (FSDPCheckpointWrapper) returned a view tensor. An in-place op on this view (e.g., `x += y`) will silently drop the pre-backward hook and skip the all-gather, which can cause backward to fail or produce wrong gradients. Use out-of-place ops (`out = out + y`, not `out += y`) or `.clone()` the output before any in-place op.
  output = self._register_pre_backward_hook(output)
[titan] 2026-09-15 08:41:39,238 - torchtitan.observability.metrics - INFO - [31mstep:  1  [32mloss: 12.45935  [38;2;180;60;0mgrad_norm: 24.5000  [38;2;54;234;195mmemory:  6.16GiB(7.78%)  [34mtps: 4  [36mtflops: 0.02  [35mmfu: 0.00%[39m
[titan] 2026-09-15 08:41:39,238 - torchtitan.observability.metrics - INFO - [31mstep:  1  [32mloss: 12.45935  [38;2;180;60;0mgrad_norm: 24.5000  [38;2;54;234;195mmemory:  6.16GiB(7.78%)  [34mtps: 4  [36mtflops: 0.02  [35mmfu: 0.00%[39m
[titan] 2026-09-15 08:41:39,241 - torchtitan.distributed.utils - INFO - Synchronizing and adjusting timeout for all ProcessGroups to 0:01:40
[titan] 2026-09-15 08:41:39,242 - torchtitan.distributed.utils - INFO - Synchronizing and adjusting timeout for all ProcessGroups to 0:01:40
/workspace/venv/lib/python3.12/site-packages/torch/distributed/fsdp/_fully_shard/_fsdp_state.py:336: UserWarning: FSDP2-wrapped module (FSDPCheckpointWrapper) returned a view tensor. An in-place op on this view (e.g., `x += y`) will silently drop the pre-backward hook and skip the all-gather, which can cause backward to fail or produce wrong gradients. Use out-of-place ops (`out = out + y`, not `out += y`) or `.clone()` the output before any in-place op.
  output = self._register_pre_backward_hook(output)
[titan] 2026-09-15 08:41:47,799 - torchtitan.observability.metrics - INFO - [31mstep:  2  [32mloss: 11.40087  [38;2;180;60;0mgrad_norm: 28.5000  [38;2;54;234;195mmemory:  7.27GiB(9.18%)  [34mtps: 30  [36mtflops: 0.10  [35mmfu: 0.01%[39m
[titan] 2026-09-15 08:41:47,800 - torchtitan.observability.metrics - INFO - [31mstep:  2  [32mloss: 11.40087  [38;2;180;60;0mgrad_norm: 28.5000  [38;2;54;234;195mmemory:  7.27GiB(9.18%)  [34mtps: 30  [36mtflops: 0.10  [35mmfu: 0.01%[39m
/workspace/venv/lib/python3.12/site-packages/torch/distributed/fsdp/_fully_shard/_fsdp_state.py:336: UserWarning: FSDP2-wrapped module (FSDPCheckpointWrapper) returned a view tensor. An in-place op on this view (e.g., `x += y`) will silently drop the pre-backward hook and skip the all-gather, which can cause backward to fail or produce wrong gradients. Use out-of-place ops (`out = out + y`, not `out += y`) or `.clone()` the output before any in-place op.
  output = self._register_pre_backward_hook(output)
[titan] 2026-09-15 08:41:52,330 - torchtitan.observability.metrics - INFO - [31mstep:  3  [32mloss:  9.59004  [38;2;180;60;0mgrad_norm: 25.8750  [38;2;54;234;195mmemory:  7.27GiB(9.18%)  [34mtps: 57  [36mtflops: 0.20  [35mmfu: 0.02%[39m
[titan] 2026-09-15 08:41:52,330 - torchtitan.observability.metrics - INFO - [31mstep:  3  [32mloss:  9.59004  [38;2;180;60;0mgrad_norm: 25.8750  [38;2;54;234;195mmemory:  7.28GiB(9.19%)  [34mtps: 57  [36mtflops: 0.20  [35mmfu: 0.02%[39m
[titan] 2026-09-15 08:41:53,198 - torchtitan.observability.metrics - INFO - [31mstep:  4  [32mloss:  9.60839  [38;2;180;60;0mgrad_norm: 13.6875  [38;2;54;234;195mmemory:  7.28GiB(9.19%)  [34mtps: 295  [36mtflops: 1.03  [35mmfu: 0.10%[39m
[titan] 2026-09-15 08:41:53,198 - torchtitan.observability.metrics - INFO - [31mstep:  4  [32mloss:  9.60839  [38;2;180;60;0mgrad_norm: 13.6875  [38;2;54;234;195mmemory:  7.27GiB(9.18%)  [34mtps: 295  [36mtflops: 1.03  [35mmfu: 0.10%[39m
[titan] 2026-09-15 08:41:54,065 - torchtitan.observability.metrics - INFO - [31mstep:  5  [32mloss:  6.41414  [38;2;180;60;0mgrad_norm: 10.3750  [38;2;54;234;195mmemory:  7.28GiB(9.19%)  [34mtps: 295  [36mtflops: 1.03  [35mmfu: 0.10%[39m
[titan] 2026-09-15 08:41:54,065 - torchtitan.observability.metrics - INFO - [31mstep:  5  [32mloss:  6.41414  [38;2;180;60;0mgrad_norm: 10.3750  [38;2;54;234;195mmemory:  7.28GiB(9.19%)  [34mtps: 295  [36mtflops: 1.03  [35mmfu: 0.10%[39m
[titan] 2026-09-15 08:41:54,926 - torchtitan.observability.metrics - INFO - [31mstep:  6  [32mloss:  6.37417  [38;2;180;60;0mgrad_norm: 11.5000  [38;2;54;234;195mmemory:  7.28GiB(9.19%)  [34mtps: 297  [36mtflops: 1.04  [35mmfu: 0.10%[39m
[titan] 2026-09-15 08:41:54,926 - torchtitan.observability.metrics - INFO - [31mstep:  6  [32mloss:  6.37417  [38;2;180;60;0mgrad_norm: 11.5000  [38;2;54;234;195mmemory:  7.28GiB(9.19%)  [34mtps: 297  [36mtflops: 1.04  [35mmfu: 0.10%[39m
[titan] 2026-09-15 08:41:55,788 - torchtitan.observability.metrics - INFO - [31mstep:  7  [32mloss:  5.38434  [38;2;180;60;0mgrad_norm:  9.6875  [38;2;54;234;195mmemory:  7.28GiB(9.19%)  [34mtps: 297  [36mtflops: 1.04  [35mmfu: 0.10%[39m
[titan] 2026-09-15 08:41:55,788 - torchtitan.observability.metrics - INFO - [31mstep:  7  [32mloss:  5.38434  [38;2;180;60;0mgrad_norm:  9.6875  [38;2;54;234;195mmemory:  7.28GiB(9.19%)  [34mtps: 297  [36mtflops: 1.04  [35mmfu: 0.10%[39m
[titan] 2026-09-15 08:41:56,669 - torchtitan.observability.metrics - INFO - [31mstep:  8  [32mloss:  5.29828  [38;2;180;60;0mgrad_norm: 12.0625  [38;2;54;234;195mmemory:  7.28GiB(9.19%)  [34mtps: 291  [36mtflops: 1.02  [35mmfu: 0.10%[39m
[titan] 2026-09-15 08:41:56,669 - torchtitan.observability.metrics - INFO - [31mstep:  8  [32mloss:  5.29828  [38;2;180;60;0mgrad_norm: 12.0625  [38;2;54;234;195mmemory:  7.28GiB(9.19%)  [34mtps: 291  [36mtflops: 1.02  [35mmfu: 0.10%[39m
[titan] 2026-09-15 08:41:57,533 - torchtitan.observability.metrics - INFO - [31mstep:  9  [32mloss:  3.97500  [38;2;180;60;0mgrad_norm:  7.1250  [38;2;54;234;195mmemory:  7.28GiB(9.19%)  [34mtps: 296  [36mtflops: 1.03  [35mmfu: 0.10%[39m
[titan] 2026-09-15 08:41:57,533 - torchtitan.observability.metrics - INFO - [31mstep:  9  [32mloss:  3.97500  [38;2;180;60;0mgrad_norm:  7.1250  [38;2;54;234;195mmemory:  7.28GiB(9.19%)  [34mtps: 296  [36mtflops: 1.03  [35mmfu: 0.10%[39m
[titan] 2026-09-15 08:41:58,395 - torchtitan.observability.metrics - INFO - [31mstep: 10  [32mloss:  4.07423  [38;2;180;60;0mgrad_norm:  6.0625  [38;2;54;234;195mmemory:  7.28GiB(9.19%)  [34mtps: 297  [36mtflops: 1.04  [35mmfu: 0.10%[39m
[titan] 2026-09-15 08:41:58,396 - torchtitan.observability.metrics - INFO - [31mstep: 10  [32mloss:  4.07423  [38;2;180;60;0mgrad_norm:  6.0625  [38;2;54;234;195mmemory:  7.28GiB(9.19%)  [34mtps: 297  [36mtflops: 1.04  [35mmfu: 0.10%[39m
[titan] 2026-09-15 08:41:59,262 - torchtitan.observability.metrics - INFO - [31mstep: 11  [32mloss:  3.65289  [38;2;180;60;0mgrad_norm:  4.6562  [38;2;54;234;195mmemory:  7.28GiB(9.19%)  [34mtps: 296  [36mtflops: 1.03  [35mmfu: 0.10%[39m
[titan] 2026-09-15 08:41:59,262 - torchtitan.observability.metrics - INFO - [31mstep: 11  [32mloss:  3.65289  [38;2;180;60;0mgrad_norm:  4.6562  [38;2;54;234;195mmemory:  7.28GiB(9.19%)  [34mtps: 296  [36mtflops: 1.03  [35mmfu: 0.10%[39m
[titan] 2026-09-15 08:42:00,125 - torchtitan.observability.metrics - INFO - [31mstep: 12  [32mloss:  3.98286  [38;2;180;60;0mgrad_norm:  5.3750  [38;2;54;234;195mmemory:  7.28GiB(9.19%)  [34mtps: 297  [36mtflops: 1.03  [35mmfu: 0.10%[39m
[titan] 2026-09-15 08:42:00,125 - torchtitan.observability.metrics - INFO - [31mstep: 12  [32mloss:  3.98286  [38;2;180;60;0mgrad_norm:  5.3750  [38;2;54;234;195mmemory:  7.28GiB(9.19%)  [34mtps: 297  [36mtflops: 1.03  [35mmfu: 0.10%[39m
[titan] 2026-09-15 08:42:00,988 - torchtitan.observability.metrics - INFO - [31mstep: 13  [32mloss:  3.22222  [38;2;180;60;0mgrad_norm:  5.1875  [38;2;54;234;195mmemory:  7.28GiB(9.19%)  [34mtps: 297  [36mtflops: 1.04  [35mmfu: 0.10%[39m
[titan] 2026-09-15 08:42:00,989 - torchtitan.observability.metrics - INFO - [31mstep: 13  [32mloss:  3.22222  [38;2;180;60;0mgrad_norm:  5.1875  [38;2;54;234;195mmemory:  7.28GiB(9.19%)  [34mtps: 297  [36mtflops: 1.04  [35mmfu: 0.10%[39m
[titan] 2026-09-15 08:42:01,853 - torchtitan.observability.metrics - INFO - [31mstep: 14  [32mloss:  3.18113  [38;2;180;60;0mgrad_norm:  4.5938  [38;2;54;234;195mmemory:  7.28GiB(9.19%)  [34mtps: 296  [36mtflops: 1.03  [35mmfu: 0.10%[39m
[titan] 2026-09-15 08:42:01,853 - torchtitan.observability.metrics - INFO - [31mstep: 14  [32mloss:  3.18113  [38;2;180;60;0mgrad_norm:  4.5938  [38;2;54;234;195mmemory:  7.28GiB(9.19%)  [34mtps: 296  [36mtflops: 1.03  [35mmfu: 0.10%[39m
[titan] 2026-09-15 08:42:02,721 - torchtitan.observability.metrics - INFO - [31mstep: 15  [32mloss:  4.01656  [38;2;180;60;0mgrad_norm:  4.6875  [38;2;54;234;195mmemory:  7.28GiB(9.19%)  [34mtps: 295  [36mtflops: 1.03  [35mmfu: 0.10%[39m
[titan] 2026-09-15 08:42:02,721 - torchtitan.observability.metrics - INFO - [31mstep: 15  [32mloss:  4.01656  [38;2;180;60;0mgrad_norm:  4.6875  [38;2;54;234;195mmemory:  7.28GiB(9.19%)  [34mtps: 295  [36mtflops: 1.03  [35mmfu: 0.10%[39m
[titan] 2026-09-15 08:42:03,593 - torchtitan.observability.metrics - INFO - [31mstep: 16  [32mloss:  3.24660  [38;2;180;60;0mgrad_norm:  4.9062  [38;2;54;234;195mmemory:  7.28GiB(9.19%)  [34mtps: 294  [36mtflops: 1.02  [35mmfu: 0.10%[39m
[titan] 2026-09-15 08:42:03,593 - torchtitan.observability.metrics - INFO - [31mstep: 16  [32mloss:  3.24660  [38;2;180;60;0mgrad_norm:  4.9062  [38;2;54;234;195mmemory:  7.28GiB(9.19%)  [34mtps: 294  [36mtflops: 1.02  [35mmfu: 0.10%[39m
[titan] 2026-09-15 08:42:04,465 - torchtitan.observability.metrics - INFO - [31mstep: 17  [32mloss:  3.22841  [38;2;180;60;0mgrad_norm:  3.9375  [38;2;54;234;195mmemory:  7.28GiB(9.19%)  [34mtps: 294  [36mtflops: 1.02  [35mmfu: 0.10%[39m
[titan] 2026-09-15 08:42:04,465 - torchtitan.observability.metrics - INFO - [31mstep: 17  [32mloss:  3.22841  [38;2;180;60;0mgrad_norm:  3.9375  [38;2;54;234;195mmemory:  7.28GiB(9.19%)  [34mtps: 294  [36mtflops: 1.02  [35mmfu: 0.10%[39m
[titan] 2026-09-15 08:42:05,335 - torchtitan.observability.metrics - INFO - [31mstep: 18  [32mloss:  2.62992  [38;2;180;60;0mgrad_norm:  4.7188  [38;2;54;234;195mmemory:  7.28GiB(9.19%)  [34mtps: 294  [36mtflops: 1.03  [35mmfu: 0.10%[39m
[titan] 2026-09-15 08:42:05,336 - torchtitan.observability.metrics - INFO - [31mstep: 18  [32mloss:  2.62992  [38;2;180;60;0mgrad_norm:  4.7188  [38;2;54;234;195mmemory:  7.28GiB(9.19%)  [34mtps: 294  [36mtflops: 1.03  [35mmfu: 0.10%[39m
[titan] 2026-09-15 08:42:06,199 - torchtitan.observability.metrics - INFO - [31mstep: 19  [32mloss:  3.39114  [38;2;180;60;0mgrad_norm:  4.7812  [38;2;54;234;195mmemory:  7.28GiB(9.19%)  [34mtps: 296  [36mtflops: 1.03  [35mmfu: 0.10%[39m
[titan] 2026-09-15 08:42:06,199 - torchtitan.observability.metrics - INFO - [31mstep: 19  [32mloss:  3.39114  [38;2;180;60;0mgrad_norm:  4.7812  [38;2;54;234;195mmemory:  7.28GiB(9.19%)  [34mtps: 296  [36mtflops: 1.03  [35mmfu: 0.10%[39m
[titan] 2026-09-15 08:42:07,066 - torchtitan.observability.metrics - INFO - [31mstep: 20  [32mloss:  3.38009  [38;2;180;60;0mgrad_norm:  4.4375  [38;2;54;234;195mmemory:  7.28GiB(9.19%)  [34mtps: 295  [36mtflops: 1.03  [35mmfu: 0.10%[39m
[titan] 2026-09-15 08:42:07,066 - torchtitan.observability.metrics - INFO - [31mstep: 20  [32mloss:  3.38009  [38;2;180;60;0mgrad_norm:  4.4375  [38;2;54;234;195mmemory:  7.28GiB(9.19%)  [34mtps: 295  [36mtflops: 1.03  [35mmfu: 0.10%[39m
[titan] 2026-09-15 08:42:07,932 - torchtitan.observability.metrics - INFO - [31mstep: 21  [32mloss:  3.23381  [38;2;180;60;0mgrad_norm:  4.6875  [38;2;54;234;195mmemory:  7.28GiB(9.19%)  [34mtps: 296  [36mtflops: 1.03  [35mmfu: 0.10%[39m
[titan] 2026-09-15 08:42:07,933 - torchtitan.observability.metrics - INFO - [31mstep: 21  [32mloss:  3.23381  [38;2;180;60;0mgrad_norm:  4.6875  [38;2;54;234;195mmemory:  7.28GiB(9.19%)  [34mtps: 296  [36mtflops: 1.03  [35mmfu: 0.10%[39m
[titan] 2026-09-15 08:42:08,799 - torchtitan.observability.metrics - INFO - [31mstep: 22  [32mloss:  2.88981  [38;2;180;60;0mgrad_norm:  5.9375  [38;2;54;234;195mmemory:  7.28GiB(9.19%)  [34mtps: 296  [36mtflops: 1.03  [35mmfu: 0.10%[39m
[titan] 2026-09-15 08:42:08,799 - torchtitan.observability.metrics - INFO - [31mstep: 22  [32mloss:  2.88981  [38;2;180;60;0mgrad_norm:  5.9375  [38;2;54;234;195mmemory:  7.28GiB(9.19%)  [34mtps: 296  [36mtflops: 1.03  [35mmfu: 0.10%[39m
[titan] 2026-09-15 08:42:09,676 - torchtitan.observability.metrics - INFO - [31mstep: 23  [32mloss:  2.73847  [38;2;180;60;0mgrad_norm:  4.8125  [38;2;54;234;195mmemory:  7.28GiB(9.19%)  [34mtps: 292  [36mtflops: 1.02  [35mmfu: 0.10%[39m
[titan] 2026-09-15 08:42:09,676 - torchtitan.observability.metrics - INFO - [31mstep: 23  [32mloss:  2.73847  [38;2;180;60;0mgrad_norm:  4.8125  [38;2;54;234;195mmemory:  7.28GiB(9.19%)  [34mtps: 292  [36mtflops: 1.02  [35mmfu: 0.10%[39m
[titan] 2026-09-15 08:42:10,548 - torchtitan.observability.metrics - INFO - [31mstep: 24  [32mloss:  3.10796  [38;2;180;60;0mgrad_norm:  5.2500  [38;2;54;234;195mmemory:  7.28GiB(9.19%)  [34mtps: 293  [36mtflops: 1.02  [35mmfu: 0.10%[39m
[titan] 2026-09-15 08:42:10,548 - torchtitan.observability.metrics - INFO - [31mstep: 24  [32mloss:  3.10796  [38;2;180;60;0mgrad_norm:  5.2500  [38;2;54;234;195mmemory:  7.28GiB(9.19%)  [34mtps: 293  [36mtflops: 1.02  [35mmfu: 0.10%[39m
[titan] 2026-09-15 08:42:11,489 - torchtitan.observability.metrics - INFO - [31mstep: 25  [32mloss:  2.93352  [38;2;180;60;0mgrad_norm:  4.5625  [38;2;54;234;195mmemory:  7.28GiB(9.19%)  [34mtps: 272  [36mtflops: 0.95  [35mmfu: 0.10%[39m
[titan] 2026-09-15 08:42:11,489 - torchtitan.observability.metrics - INFO - [31mstep: 25  [32mloss:  2.93352  [38;2;180;60;0mgrad_norm:  4.5625  [38;2;54;234;195mmemory:  7.28GiB(9.19%)  [34mtps: 272  [36mtflops: 0.95  [35mmfu: 0.10%[39m
[titan] 2026-09-15 08:42:12,358 - torchtitan.observability.metrics - INFO - [31mstep: 26  [32mloss:  3.12802  [38;2;180;60;0mgrad_norm:  3.3594  [38;2;54;234;195mmemory:  7.28GiB(9.19%)  [34mtps: 295  [36mtflops: 1.03  [35mmfu: 0.10%[39m
[titan] 2026-09-15 08:42:12,358 - torchtitan.observability.metrics - INFO - [31mstep: 26  [32mloss:  3.12802  [38;2;180;60;0mgrad_norm:  3.3594  [38;2;54;234;195mmemory:  7.28GiB(9.19%)  [34mtps: 295  [36mtflops: 1.03  [35mmfu: 0.10%[39m
[titan] 2026-09-15 08:42:13,262 - torchtitan.observability.metrics - INFO - [31mstep: 27  [32mloss:  2.96272  [38;2;180;60;0mgrad_norm:  4.0625  [38;2;54;234;195mmemory:  7.28GiB(9.19%)  [34mtps: 283  [36mtflops: 0.99  [35mmfu: 0.10%[39m
[titan] 2026-09-15 08:42:13,262 - torchtitan.observability.metrics - INFO - [31mstep: 27  [32mloss:  2.96272  [38;2;180;60;0mgrad_norm:  4.0625  [38;2;54;234;195mmemory:  7.28GiB(9.19%)  [34mtps: 283  [36mtflops: 0.99  [35mmfu: 0.10%[39m
[titan] 2026-09-15 08:42:14,127 - torchtitan.observability.metrics - INFO - [31mstep: 28  [32mloss:  3.17982  [38;2;180;60;0mgrad_norm:  3.0156  [38;2;54;234;195mmemory:  7.28GiB(9.19%)  [34mtps: 296  [36mtflops: 1.03  [35mmfu: 0.10%[39m
[titan] 2026-09-15 08:42:14,127 - torchtitan.observability.metrics - INFO - [31mstep: 28  [32mloss:  3.17982  [38;2;180;60;0mgrad_norm:  3.0156  [38;2;54;234;195mmemory:  7.28GiB(9.19%)  [34mtps: 296  [36mtflops: 1.03  [35mmfu: 0.10%[39m
[titan] 2026-09-15 08:42:14,989 - torchtitan.observability.metrics - INFO - [31mstep: 29  [32mloss:  2.94361  [38;2;180;60;0mgrad_norm:  2.7500  [38;2;54;234;195mmemory:  7.28GiB(9.19%)  [34mtps: 297  [36mtflops: 1.04  [35mmfu: 0.10%[39m
[titan] 2026-09-15 08:42:14,989 - torchtitan.observability.metrics - INFO - [31mstep: 29  [32mloss:  2.94361  [38;2;180;60;0mgrad_norm:  2.7500  [38;2;54;234;195mmemory:  7.28GiB(9.19%)  [34mtps: 297  [36mtflops: 1.04  [35mmfu: 0.10%[39m
[titan] 2026-09-15 08:42:15,850 - torchtitan.observability.metrics - INFO - [31mstep: 30  [32mloss:  2.97952  [38;2;180;60;0mgrad_norm:  4.0938  [38;2;54;234;195mmemory:  7.28GiB(9.19%)  [34mtps: 297  [36mtflops: 1.04  [35mmfu: 0.10%[39m
[titan] 2026-09-15 08:42:15,850 - torchtitan.observability.metrics - INFO - [31mstep: 30  [32mloss:  2.97952  [38;2;180;60;0mgrad_norm:  4.0938  [38;2;54;234;195mmemory:  7.28GiB(9.19%)  [34mtps: 297  [36mtflops: 1.04  [35mmfu: 0.10%[39m
[titan] 2026-09-15 08:42:16,714 - torchtitan.observability.metrics - INFO - [31mstep: 31  [32mloss:  2.72403  [38;2;180;60;0mgrad_norm:  3.1406  [38;2;54;234;195mmemory:  7.28GiB(9.19%)  [34mtps: 297  [36mtflops: 1.03  [35mmfu: 0.10%[39m
[titan] 2026-09-15 08:42:16,714 - torchtitan.observability.metrics - INFO - [31mstep: 31  [32mloss:  2.72403  [38;2;180;60;0mgrad_norm:  3.1406  [38;2;54;234;195mmemory:  7.28GiB(9.19%)  [34mtps: 297  [36mtflops: 1.03  [35mmfu: 0.10%[39m
[titan] 2026-09-15 08:42:17,584 - torchtitan.observability.metrics - INFO - [31mstep: 32  [32mloss:  2.92602  [38;2;180;60;0mgrad_norm:  4.3438  [38;2;54;234;195mmemory:  7.28GiB(9.19%)  [34mtps: 294  [36mtflops: 1.03  [35mmfu: 0.10%[39m
[titan] 2026-09-15 08:42:17,584 - torchtitan.observability.metrics - INFO - [31mstep: 32  [32mloss:  2.92602  [38;2;180;60;0mgrad_norm:  4.3438  [38;2;54;234;195mmemory:  7.28GiB(9.19%)  [34mtps: 294  [36mtflops: 1.03  [35mmfu: 0.10%[39m
[titan] 2026-09-15 08:42:18,449 - torchtitan.observability.metrics - INFO - [31mstep: 33  [32mloss:  3.08754  [38;2;180;60;0mgrad_norm:  4.8750  [38;2;54;234;195mmemory:  7.28GiB(9.19%)  [34mtps: 296  [36mtflops: 1.03  [35mmfu: 0.10%[39m
[titan] 2026-09-15 08:42:18,449 - torchtitan.observability.metrics - INFO - [31mstep: 33  [32mloss:  3.08754  [38;2;180;60;0mgrad_norm:  4.8750  [38;2;54;234;195mmemory:  7.28GiB(9.19%)  [34mtps: 296  [36mtflops: 1.03  [35mmfu: 0.10%[39m
[titan] 2026-09-15 08:42:19,323 - torchtitan.observability.metrics - INFO - [31mstep: 34  [32mloss:  3.57281  [38;2;180;60;0mgrad_norm:  3.8906  [38;2;54;234;195mmemory:  7.28GiB(9.19%)  [34mtps: 293  [36mtflops: 1.02  [35mmfu: 0.10%[39m
[titan] 2026-09-15 08:42:19,323 - torchtitan.observability.metrics - INFO - [31mstep: 34  [32mloss:  3.57281  [38;2;180;60;0mgrad_norm:  3.8906  [38;2;54;234;195mmemory:  7.28GiB(9.19%)  [34mtps: 293  [36mtflops: 1.02  [35mmfu: 0.10%[39m
[titan] 2026-09-15 08:42:20,188 - torchtitan.observability.metrics - INFO - [31mstep: 35  [32mloss:  2.64340  [38;2;180;60;0mgrad_norm:  3.4375  [38;2;54;234;195mmemory:  7.28GiB(9.19%)  [34mtps: 296  [36mtflops: 1.03  [35mmfu: 0.10%[39m
[titan] 2026-09-15 08:42:20,188 - torchtitan.observability.metrics - INFO - [31mstep: 35  [32mloss:  2.64340  [38;2;180;60;0mgrad_norm:  3.4375  [38;2;54;234;195mmemory:  7.28GiB(9.19%)  [34mtps: 296  [36mtflops: 1.03  [35mmfu: 0.10%[39m
[titan] 2026-09-15 08:42:21,054 - torchtitan.observability.metrics - INFO - [31mstep: 36  [32mloss:  3.51476  [38;2;180;60;0mgrad_norm:  4.7500  [38;2;54;234;195mmemory:  7.28GiB(9.19%)  [34mtps: 296  [36mtflops: 1.03  [35mmfu: 0.10%[39m
[titan] 2026-09-15 08:42:21,055 - torchtitan.observability.metrics - INFO - [31mstep: 36  [32mloss:  3.51476  [38;2;180;60;0mgrad_norm:  4.7500  [38;2;54;234;195mmemory:  7.28GiB(9.19%)  [34mtps: 296  [36mtflops: 1.03  [35mmfu: 0.10%[39m
[titan] 2026-09-15 08:42:21,919 - torchtitan.observability.metrics - INFO - [31mstep: 37  [32mloss:  2.98050  [38;2;180;60;0mgrad_norm:  4.4375  [38;2;54;234;195mmemory:  7.28GiB(9.19%)  [34mtps: 296  [36mtflops: 1.03  [35mmfu: 0.10%[39m
[titan] 2026-09-15 08:42:21,919 - torchtitan.observability.metrics - INFO - [31mstep: 37  [32mloss:  2.98050  [38;2;180;60;0mgrad_norm:  4.4375  [38;2;54;234;195mmemory:  7.28GiB(9.19%)  [34mtps: 296  [36mtflops: 1.03  [35mmfu: 0.10%[39m
[titan] 2026-09-15 08:42:22,781 - torchtitan.observability.metrics - INFO - [31mstep: 38  [32mloss:  2.84268  [38;2;180;60;0mgrad_norm:  5.1562  [38;2;54;234;195mmemory:  7.28GiB(9.19%)  [34mtps: 297  [36mtflops: 1.04  [35mmfu: 0.10%[39m
[titan] 2026-09-15 08:42:22,781 - torchtitan.observability.metrics - INFO - [31mstep: 38  [32mloss:  2.84268  [38;2;180;60;0mgrad_norm:  5.1562  [38;2;54;234;195mmemory:  7.28GiB(9.19%)  [34mtps: 297  [36mtflops: 1.04  [35mmfu: 0.10%[39m
[titan] 2026-09-15 08:42:23,647 - torchtitan.observability.metrics - INFO - [31mstep: 39  [32mloss:  2.60719  [38;2;180;60;0mgrad_norm:  4.1562  [38;2;54;234;195mmemory:  7.28GiB(9.19%)  [34mtps: 296  [36mtflops: 1.03  [35mmfu: 0.10%[39m
[titan] 2026-09-15 08:42:23,647 - torchtitan.observability.metrics - INFO - [31mstep: 39  [32mloss:  2.60719  [38;2;180;60;0mgrad_norm:  4.1562  [38;2;54;234;195mmemory:  7.28GiB(9.19%)  [34mtps: 296  [36mtflops: 1.03  [35mmfu: 0.10%[39m
[titan] 2026-09-15 08:42:24,513 - torchtitan.observability.metrics - INFO - [31mstep: 40  [32mloss:  2.35575  [38;2;180;60;0mgrad_norm:  2.0781  [38;2;54;234;195mmemory:  7.28GiB(9.19%)  [34mtps: 296  [36mtflops: 1.03  [35mmfu: 0.10%[39m
[titan] 2026-09-15 08:42:24,513 - torchtitan.observability.metrics - INFO - [31mstep: 40  [32mloss:  2.35575  [38;2;180;60;0mgrad_norm:  2.0781  [38;2;54;234;195mmemory:  7.28GiB(9.19%)  [34mtps: 296  [36mtflops: 1.03  [35mmfu: 0.10%[39m
[titan] 2026-09-15 08:42:25,377 - torchtitan.observability.metrics - INFO - [31mstep: 41  [32mloss:  3.16685  [38;2;180;60;0mgrad_norm:  4.1562  [38;2;54;234;195mmemory:  7.28GiB(9.19%)  [34mtps: 296  [36mtflops: 1.03  [35mmfu: 0.10%[39m
[titan] 2026-09-15 08:42:25,377 - torchtitan.observability.metrics - INFO - [31mstep: 41  [32mloss:  3.16685  [38;2;180;60;0mgrad_norm:  4.1562  [38;2;54;234;195mmemory:  7.28GiB(9.19%)  [34mtps: 296  [36mtflops: 1.03  [35mmfu: 0.10%[39m
[titan] 2026-09-15 08:42:26,241 - torchtitan.observability.metrics - INFO - [31mstep: 42  [32mloss:  3.21566  [38;2;180;60;0mgrad_norm:  5.2812  [38;2;54;234;195mmemory:  7.28GiB(9.19%)  [34mtps: 296  [36mtflops: 1.03  [35mmfu: 0.10%[39m
[titan] 2026-09-15 08:42:26,241 - torchtitan.observability.metrics - INFO - [31mstep: 42  [32mloss:  3.21566  [38;2;180;60;0mgrad_norm:  5.2812  [38;2;54;234;195mmemory:  7.28GiB(9.19%)  [34mtps: 296  [36mtflops: 1.03  [35mmfu: 0.10%[39m
[titan] 2026-09-15 08:42:27,105 - torchtitan.observability.metrics - INFO - [31mstep: 43  [32mloss:  3.36909  [38;2;180;60;0mgrad_norm:  6.1875  [38;2;54;234;195mmemory:  7.28GiB(9.19%)  [34mtps: 296  [36mtflops: 1.03  [35mmfu: 0.10%[39m
[titan] 2026-09-15 08:42:27,105 - torchtitan.observability.metrics - INFO - [31mstep: 43  [32mloss:  3.36909  [38;2;180;60;0mgrad_norm:  6.1875  [38;2;54;234;195mmemory:  7.28GiB(9.19%)  [34mtps: 296  [36mtflops: 1.03  [35mmfu: 0.10%[39m
[titan] 2026-09-15 08:42:27,967 - torchtitan.observability.metrics - INFO - [31mstep: 44  [32mloss:  2.94849  [38;2;180;60;0mgrad_norm:  6.1562  [38;2;54;234;195mmemory:  7.28GiB(9.19%)  [34mtps: 297  [36mtflops: 1.04  [35mmfu: 0.10%[39m
[titan] 2026-09-15 08:42:27,967 - torchtitan.observability.metrics - INFO - [31mstep: 44  [32mloss:  2.94849  [38;2;180;60;0mgrad_norm:  6.1562  [38;2;54;234;195mmemory:  7.28GiB(9.19%)  [34mtps: 297  [36mtflops: 1.04  [35mmfu: 0.10%[39m
[titan] 2026-09-15 08:42:28,829 - torchtitan.observability.metrics - INFO - [31mstep: 45  [32mloss:  2.90496  [38;2;180;60;0mgrad_norm:  4.1250  [38;2;54;234;195mmemory:  7.28GiB(9.19%)  [34mtps: 297  [36mtflops: 1.04  [35mmfu: 0.10%[39m
[titan] 2026-09-15 08:42:28,829 - torchtitan.observability.metrics - INFO - [31mstep: 45  [32mloss:  2.90496  [38;2;180;60;0mgrad_norm:  4.1250  [38;2;54;234;195mmemory:  7.28GiB(9.19%)  [34mtps: 297  [36mtflops: 1.04  [35mmfu: 0.10%[39m
[titan] 2026-09-15 08:42:29,693 - torchtitan.observability.metrics - INFO - [31mstep: 46  [32mloss:  2.76517  [38;2;180;60;0mgrad_norm:  2.7500  [38;2;54;234;195mmemory:  7.28GiB(9.19%)  [34mtps: 296  [36mtflops: 1.03  [35mmfu: 0.10%[39m
[titan] 2026-09-15 08:42:29,693 - torchtitan.observability.metrics - INFO - [31mstep: 46  [32mloss:  2.76517  [38;2;180;60;0mgrad_norm:  2.7500  [38;2;54;234;195mmemory:  7.28GiB(9.19%)  [34mtps: 296  [36mtflops: 1.03  [35mmfu: 0.10%[39m
[titan] 2026-09-15 08:42:30,561 - torchtitan.observability.metrics - INFO - [31mstep: 47  [32mloss:  2.11725  [38;2;180;60;0mgrad_norm:  4.3438  [38;2;54;234;195mmemory:  7.28GiB(9.19%)  [34mtps: 295  [36mtflops: 1.03  [35mmfu: 0.10%[39m
[titan] 2026-09-15 08:42:30,562 - torchtitan.observability.metrics - INFO - [31mstep: 47  [32mloss:  2.11725  [38;2;180;60;0mgrad_norm:  4.3438  [38;2;54;234;195mmemory:  7.28GiB(9.19%)  [34mtps: 295  [36mtflops: 1.03  [35mmfu: 0.10%[39m
[titan] 2026-09-15 08:42:31,430 - torchtitan.observability.metrics - INFO - [31mstep: 48  [32mloss:  1.96685  [38;2;180;60;0mgrad_norm:  4.2188  [38;2;54;234;195mmemory:  7.28GiB(9.19%)  [34mtps: 295  [36mtflops: 1.03  [35mmfu: 0.10%[39m
[titan] 2026-09-15 08:42:31,430 - torchtitan.observability.metrics - INFO - [31mstep: 48  [32mloss:  1.96685  [38;2;180;60;0mgrad_norm:  4.2188  [38;2;54;234;195mmemory:  7.28GiB(9.19%)  [34mtps: 295  [36mtflops: 1.03  [35mmfu: 0.10%[39m
[titan] 2026-09-15 08:42:32,298 - torchtitan.observability.metrics - INFO - [31mstep: 49  [32mloss:  2.23178  [38;2;180;60;0mgrad_norm:  2.8125  [38;2;54;234;195mmemory:  7.28GiB(9.19%)  [34mtps: 295  [36mtflops: 1.03  [35mmfu: 0.10%[39m
[titan] 2026-09-15 08:42:32,299 - torchtitan.observability.metrics - INFO - [31mstep: 49  [32mloss:  2.23178  [38;2;180;60;0mgrad_norm:  2.8125  [38;2;54;234;195mmemory:  7.28GiB(9.19%)  [34mtps: 295  [36mtflops: 1.03  [35mmfu: 0.10%[39m
[titan] 2026-09-15 08:42:32,392 - torchtitan.tools.utils - INFO - [GC] Performing periodic GC collection took 0.09 seconds
[titan] 2026-09-15 08:42:32,397 - torchtitan.tools.utils - INFO - [GC] Performing periodic GC collection took 0.09 seconds
[titan] 2026-09-15 08:42:33,267 - torchtitan.observability.metrics - INFO - [31mstep: 50  [32mloss:  2.44583  [38;2;180;60;0mgrad_norm:  4.7188  [38;2;54;234;195mmemory:  7.28GiB(9.19%)  [34mtps: 264  [36mtflops: 0.92  [35mmfu: 0.09%[39m
[titan] 2026-09-15 08:42:33,267 - torchtitan.observability.metrics - INFO - [31mstep: 50  [32mloss:  2.44583  [38;2;180;60;0mgrad_norm:  4.7188  [38;2;54;234;195mmemory:  7.28GiB(9.19%)  [34mtps: 264  [36mtflops: 0.92  [35mmfu: 0.09%[39m
[titan] 2026-09-15 08:42:34,131 - torchtitan.observability.metrics - INFO - [31mstep: 51  [32mloss:  2.64381  [38;2;180;60;0mgrad_norm:  7.4062  [38;2;54;234;195mmemory:  7.28GiB(9.19%)  [34mtps: 296  [36mtflops: 1.03  [35mmfu: 0.10%[39m
[titan] 2026-09-15 08:42:34,131 - torchtitan.observability.metrics - INFO - [31mstep: 51  [32mloss:  2.64381  [38;2;180;60;0mgrad_norm:  7.4062  [38;2;54;234;195mmemory:  7.28GiB(9.19%)  [34mtps: 296  [36mtflops: 1.03  [35mmfu: 0.10%[39m
[titan] 2026-09-15 08:42:35,016 - torchtitan.observability.metrics - INFO - [31mstep: 52  [32mloss:  2.26403  [38;2;180;60;0mgrad_norm:  3.3750  [38;2;54;234;195mmemory:  7.28GiB(9.19%)  [34mtps: 290  [36mtflops: 1.01  [35mmfu: 0.10%[39m
[titan] 2026-09-15 08:42:35,016 - torchtitan.observability.metrics - INFO - [31mstep: 52  [32mloss:  2.26403  [38;2;180;60;0mgrad_norm:  3.3750  [38;2;54;234;195mmemory:  7.28GiB(9.19%)  [34mtps: 290  [36mtflops: 1.01  [35mmfu: 0.10%[39m
[titan] 2026-09-15 08:42:35,906 - torchtitan.observability.metrics - INFO - [31mstep: 53  [32mloss:  2.92464  [38;2;180;60;0mgrad_norm:  4.4062  [38;2;54;234;195mmemory:  7.28GiB(9.19%)  [34mtps: 288  [36mtflops: 1.00  [35mmfu: 0.10%[39m
[titan] 2026-09-15 08:42:35,906 - torchtitan.observability.metrics - INFO - [31mstep: 53  [32mloss:  2.92464  [38;2;180;60;0mgrad_norm:  4.4062  [38;2;54;234;195mmemory:  7.28GiB(9.19%)  [34mtps: 288  [36mtflops: 1.00  [35mmfu: 0.10%[39m
[titan] 2026-09-15 08:42:36,781 - torchtitan.observability.metrics - INFO - [31mstep: 54  [32mloss:  1.81030  [38;2;180;60;0mgrad_norm:  3.8438  [38;2;54;234;195mmemory:  7.28GiB(9.19%)  [34mtps: 293  [36mtflops: 1.02  [35mmfu: 0.10%[39m
[titan] 2026-09-15 08:42:36,781 - torchtitan.observability.metrics - INFO - [31mstep: 54  [32mloss:  1.81030  [38;2;180;60;0mgrad_norm:  3.8438  [38;2;54;234;195mmemory:  7.28GiB(9.19%)  [34mtps: 293  [36mtflops: 1.02  [35mmfu: 0.10%[39m
[titan] 2026-09-15 08:42:37,658 - torchtitan.observability.metrics - INFO - [31mstep: 55  [32mloss:  1.57738  [38;2;180;60;0mgrad_norm:  5.3125  [38;2;54;234;195mmemory:  7.28GiB(9.19%)  [34mtps: 292  [36mtflops: 1.02  [35mmfu: 0.10%[39m
[titan] 2026-09-15 08:42:37,658 - torchtitan.observability.metrics - INFO - [31mstep: 55  [32mloss:  1.57738  [38;2;180;60;0mgrad_norm:  5.3125  [38;2;54;234;195mmemory:  7.28GiB(9.19%)  [34mtps: 292  [36mtflops: 1.02  [35mmfu: 0.10%[39m
[titan] 2026-09-15 08:42:38,537 - torchtitan.observability.metrics - INFO - [31mstep: 56  [32mloss:  3.04773  [38;2;180;60;0mgrad_norm:  3.3906  [38;2;54;234;195mmemory:  7.28GiB(9.19%)  [34mtps: 291  [36mtflops: 1.02  [35mmfu: 0.10%[39m
[titan] 2026-09-15 08:42:38,537 - torchtitan.observability.metrics - INFO - [31mstep: 56  [32mloss:  3.04773  [38;2;180;60;0mgrad_norm:  3.3906  [38;2;54;234;195mmemory:  7.28GiB(9.19%)  [34mtps: 291  [36mtflops: 1.02  [35mmfu: 0.10%[39m
[titan] 2026-09-15 08:42:39,432 - torchtitan.observability.metrics - INFO - [31mstep: 57  [32mloss:  3.19679  [38;2;180;60;0mgrad_norm:  5.5625  [38;2;54;234;195mmemory:  7.28GiB(9.19%)  [34mtps: 286  [36mtflops: 1.00  [35mmfu: 0.10%[39m
[titan] 2026-09-15 08:42:39,432 - torchtitan.observability.metrics - INFO - [31mstep: 57  [32mloss:  3.19679  [38;2;180;60;0mgrad_norm:  5.5625  [38;2;54;234;195mmemory:  7.28GiB(9.19%)  [34mtps: 286  [36mtflops: 1.00  [35mmfu: 0.10%[39m
[titan] 2026-09-15 08:42:40,332 - torchtitan.observability.metrics - INFO - [31mstep: 58  [32mloss:  1.61948  [38;2;180;60;0mgrad_norm:  5.2812  [38;2;54;234;195mmemory:  7.28GiB(9.19%)  [34mtps: 285  [36mtflops: 0.99  [35mmfu: 0.10%[39m
[titan] 2026-09-15 08:42:40,332 - torchtitan.observability.metrics - INFO - [31mstep: 58  [32mloss:  1.61948  [38;2;180;60;0mgrad_norm:  5.2812  [38;2;54;234;195mmemory:  7.28GiB(9.19%)  [34mtps: 285  [36mtflops: 0.99  [35mmfu: 0.10%[39m
[titan] 2026-09-15 08:42:41,208 - torchtitan.observability.metrics - INFO - [31mstep: 59  [32mloss:  2.88551  [38;2;180;60;0mgrad_norm:  3.4844  [38;2;54;234;195mmemory:  7.28GiB(9.19%)  [34mtps: 292  [36mtflops: 1.02  [35mmfu: 0.10%[39m
[titan] 2026-09-15 08:42:41,208 - torchtitan.observability.metrics - INFO - [31mstep: 59  [32mloss:  2.88551  [38;2;180;60;0mgrad_norm:  3.4844  [38;2;54;234;195mmemory:  7.28GiB(9.19%)  [34mtps: 292  [36mtflops: 1.02  [35mmfu: 0.10%[39m
[titan] 2026-09-15 08:42:42,072 - torchtitan.observability.metrics - INFO - [31mstep: 60  [32mloss:  1.39518  [38;2;180;60;0mgrad_norm: 12.3750  [38;2;54;234;195mmemory:  7.28GiB(9.19%)  [34mtps: 296  [36mtflops: 1.03  [35mmfu: 0.10%[39m
[titan] 2026-09-15 08:42:42,072 - torchtitan.observability.metrics - INFO - [31mstep: 60  [32mloss:  1.39518  [38;2;180;60;0mgrad_norm: 12.3750  [38;2;54;234;195mmemory:  7.28GiB(9.19%)  [34mtps: 296  [36mtflops: 1.03  [35mmfu: 0.10%[39m
[titan] 2026-09-15 08:42:42,931 - torchtitan.observability.metrics - INFO - [31mstep: 61  [32mloss:  2.46244  [38;2;180;60;0mgrad_norm:  4.2500  [38;2;54;234;195mmemory:  7.28GiB(9.19%)  [34mtps: 298  [36mtflops: 1.04  [35mmfu: 0.11%[39m
[titan] 2026-09-15 08:42:42,931 - torchtitan.observability.metrics - INFO - [31mstep: 61  [32mloss:  2.46244  [38;2;180;60;0mgrad_norm:  4.2500  [38;2;54;234;195mmemory:  7.28GiB(9.19%)  [34mtps: 298  [36mtflops: 1.04  [35mmfu: 0.11%[39m
[titan] 2026-09-15 08:42:43,791 - torchtitan.observability.metrics - INFO - [31mstep: 62  [32mloss:  2.87630  [38;2;180;60;0mgrad_norm:  2.8906  [38;2;54;234;195mmemory:  7.28GiB(9.19%)  [34mtps: 298  [36mtflops: 1.04  [35mmfu: 0.11%[39m
[titan] 2026-09-15 08:42:43,792 - torchtitan.observability.metrics - INFO - [31mstep: 62  [32mloss:  2.87630  [38;2;180;60;0mgrad_norm:  2.8906  [38;2;54;234;195mmemory:  7.28GiB(9.19%)  [34mtps: 298  [36mtflops: 1.04  [35mmfu: 0.11%[39m
[titan] 2026-09-15 08:42:44,651 - torchtitan.observability.metrics - INFO - [31mstep: 63  [32mloss:  1.83823  [38;2;180;60;0mgrad_norm:  3.9375  [38;2;54;234;195mmemory:  7.28GiB(9.19%)  [34mtps: 298  [36mtflops: 1.04  [35mmfu: 0.11%[39m
[titan] 2026-09-15 08:42:44,651 - torchtitan.observability.metrics - INFO - [31mstep: 63  [32mloss:  1.83823  [38;2;180;60;0mgrad_norm:  3.9375  [38;2;54;234;195mmemory:  7.28GiB(9.19%)  [34mtps: 298  [36mtflops: 1.04  [35mmfu: 0.11%[39m
[titan] 2026-09-15 08:42:45,513 - torchtitan.observability.metrics - INFO - [31mstep: 64  [32mloss:  1.68196  [38;2;180;60;0mgrad_norm:  3.5469  [38;2;54;234;195mmemory:  7.28GiB(9.19%)  [34mtps: 297  [36mtflops: 1.04  [35mmfu: 0.10%[39m
[titan] 2026-09-15 08:42:45,513 - torchtitan.observability.metrics - INFO - [31mstep: 64  [32mloss:  1.68196  [38;2;180;60;0mgrad_norm:  3.5469  [38;2;54;234;195mmemory:  7.28GiB(9.19%)  [34mtps: 297  [36mtflops: 1.04  [35mmfu: 0.10%[39m
[titan] 2026-09-15 08:42:46,375 - torchtitan.observability.metrics - INFO - [31mstep: 65  [32mloss:  2.47133  [38;2;180;60;0mgrad_norm:  3.7344  [38;2;54;234;195mmemory:  7.28GiB(9.19%)  [34mtps: 297  [36mtflops: 1.04  [35mmfu: 0.10%[39m
[titan] 2026-09-15 08:42:46,375 - torchtitan.observability.metrics - INFO - [31mstep: 65  [32mloss:  2.47133  [38;2;180;60;0mgrad_norm:  3.7344  [38;2;54;234;195mmemory:  7.28GiB(9.19%)  [34mtps: 297  [36mtflops: 1.04  [35mmfu: 0.10%[39m
[titan] 2026-09-15 08:42:47,237 - torchtitan.observability.metrics - INFO - [31mstep: 66  [32mloss:  2.34944  [38;2;180;60;0mgrad_norm:  3.1719  [38;2;54;234;195mmemory:  7.28GiB(9.19%)  [34mtps: 297  [36mtflops: 1.04  [35mmfu: 0.10%[39m
[titan] 2026-09-15 08:42:47,237 - torchtitan.observability.metrics - INFO - [31mstep: 66  [32mloss:  2.34944  [38;2;180;60;0mgrad_norm:  3.1719  [38;2;54;234;195mmemory:  7.28GiB(9.19%)  [34mtps: 297  [36mtflops: 1.04  [35mmfu: 0.10%[39m
[titan] 2026-09-15 08:42:48,097 - torchtitan.observability.metrics - INFO - [31mstep: 67  [32mloss:  2.35757  [38;2;180;60;0mgrad_norm:  3.8281  [38;2;54;234;195mmemory:  7.28GiB(9.19%)  [34mtps: 298  [36mtflops: 1.04  [35mmfu: 0.11%[39m
[titan] 2026-09-15 08:42:48,097 - torchtitan.observability.metrics - INFO - [31mstep: 67  [32mloss:  2.35757  [38;2;180;60;0mgrad_norm:  3.8281  [38;2;54;234;195mmemory:  7.28GiB(9.19%)  [34mtps: 298  [36mtflops: 1.04  [35mmfu: 0.11%[39m
[titan] 2026-09-15 08:42:48,963 - torchtitan.observability.metrics - INFO - [31mstep: 68  [32mloss:  2.30326  [38;2;180;60;0mgrad_norm:  3.6250  [38;2;54;234;195mmemory:  7.28GiB(9.19%)  [34mtps: 296  [36mtflops: 1.03  [35mmfu: 0.10%[39m
[titan] 2026-09-15 08:42:48,963 - torchtitan.observability.metrics - INFO - [31mstep: 68  [32mloss:  2.30326  [38;2;180;60;0mgrad_norm:  3.6250  [38;2;54;234;195mmemory:  7.28GiB(9.19%)  [34mtps: 296  [36mtflops: 1.03  [35mmfu: 0.10%[39m
[titan] 2026-09-15 08:42:49,833 - torchtitan.observability.metrics - INFO - [31mstep: 69  [32mloss:  2.25805  [38;2;180;60;0mgrad_norm:  3.1406  [38;2;54;234;195mmemory:  7.28GiB(9.19%)  [34mtps: 294  [36mtflops: 1.03  [35mmfu: 0.10%[39m
[titan] 2026-09-15 08:42:49,834 - torchtitan.observability.metrics - INFO - [31mstep: 69  [32mloss:  2.25805  [38;2;180;60;0mgrad_norm:  3.1406  [38;2;54;234;195mmemory:  7.28GiB(9.19%)  [34mtps: 294  [36mtflops: 1.03  [35mmfu: 0.10%[39m
[titan] 2026-09-15 08:42:50,693 - torchtitan.observability.metrics - INFO - [31mstep: 70  [32mloss:  1.03799  [38;2;180;60;0mgrad_norm:  2.4688  [38;2;54;234;195mmemory:  7.28GiB(9.19%)  [34mtps: 298  [36mtflops: 1.04  [35mmfu: 0.11%[39m
[titan] 2026-09-15 08:42:50,693 - torchtitan.observability.metrics - INFO - [31mstep: 70  [32mloss:  1.03799  [38;2;180;60;0mgrad_norm:  2.4688  [38;2;54;234;195mmemory:  7.28GiB(9.19%)  [34mtps: 298  [36mtflops: 1.04  [35mmfu: 0.11%[39m
[titan] 2026-09-15 08:42:51,549 - torchtitan.observability.metrics - INFO - [31mstep: 71  [32mloss:  1.90425  [38;2;180;60;0mgrad_norm:  1.9922  [38;2;54;234;195mmemory:  7.28GiB(9.19%)  [34mtps: 299  [36mtflops: 1.04  [35mmfu: 0.11%[39m
[titan] 2026-09-15 08:42:51,549 - torchtitan.observability.metrics - INFO - [31mstep: 71  [32mloss:  1.90425  [38;2;180;60;0mgrad_norm:  1.9922  [38;2;54;234;195mmemory:  7.28GiB(9.19%)  [34mtps: 299  [36mtflops: 1.04  [35mmfu: 0.11%[39m
[titan] 2026-09-15 08:42:52,405 - torchtitan.observability.metrics - INFO - [31mstep: 72  [32mloss:  1.84365  [38;2;180;60;0mgrad_norm:  3.1875  [38;2;54;234;195mmemory:  7.28GiB(9.19%)  [34mtps: 299  [36mtflops: 1.04  [35mmfu: 0.11%[39m
[titan] 2026-09-15 08:42:52,405 - torchtitan.observability.metrics - INFO - [31mstep: 72  [32mloss:  1.84365  [38;2;180;60;0mgrad_norm:  3.1875  [38;2;54;234;195mmemory:  7.28GiB(9.19%)  [34mtps: 299  [36mtflops: 1.04  [35mmfu: 0.11%[39m
[titan] 2026-09-15 08:42:53,261 - torchtitan.observability.metrics - INFO - [31mstep: 73  [32mloss:  1.70995  [38;2;180;60;0mgrad_norm:  3.4375  [38;2;54;234;195mmemory:  7.28GiB(9.19%)  [34mtps: 299  [36mtflops: 1.04  [35mmfu: 0.11%[39m
[titan] 2026-09-15 08:42:53,261 - torchtitan.observability.metrics - INFO - [31mstep: 73  [32mloss:  1.70995  [38;2;180;60;0mgrad_norm:  3.4375  [38;2;54;234;195mmemory:  7.28GiB(9.19%)  [34mtps: 299  [36mtflops: 1.04  [35mmfu: 0.11%[39m
[titan] 2026-09-15 08:42:54,118 - torchtitan.observability.metrics - INFO - [31mstep: 74  [32mloss:  1.54868  [38;2;180;60;0mgrad_norm:  2.4844  [38;2;54;234;195mmemory:  7.28GiB(9.19%)  [34mtps: 299  [36mtflops: 1.04  [35mmfu: 0.11%[39m
[titan] 2026-09-15 08:42:54,118 - torchtitan.observability.metrics - INFO - [31mstep: 74  [32mloss:  1.54868  [38;2;180;60;0mgrad_norm:  2.4844  [38;2;54;234;195mmemory:  7.28GiB(9.19%)  [34mtps: 299  [36mtflops: 1.04  [35mmfu: 0.11%[39m
[titan] 2026-09-15 08:42:54,975 - torchtitan.observability.metrics - INFO - [31mstep: 75  [32mloss:  1.89056  [38;2;180;60;0mgrad_norm:  3.7344  [38;2;54;234;195mmemory:  7.28GiB(9.19%)  [34mtps: 299  [36mtflops: 1.04  [35mmfu: 0.11%[39m
[titan] 2026-09-15 08:42:54,975 - torchtitan.observability.metrics - INFO - [31mstep: 75  [32mloss:  1.89056  [38;2;180;60;0mgrad_norm:  3.7344  [38;2;54;234;195mmemory:  7.28GiB(9.19%)  [34mtps: 299  [36mtflops: 1.04  [35mmfu: 0.11%[39m
[titan] 2026-09-15 08:42:55,834 - torchtitan.observability.metrics - INFO - [31mstep: 76  [32mloss:  1.98877  [38;2;180;60;0mgrad_norm:  4.7188  [38;2;54;234;195mmemory:  7.28GiB(9.19%)  [34mtps: 298  [36mtflops: 1.04  [35mmfu: 0.11%[39m
[titan] 2026-09-15 08:42:55,834 - torchtitan.observability.metrics - INFO - [31mstep: 76  [32mloss:  1.98877  [38;2;180;60;0mgrad_norm:  4.7188  [38;2;54;234;195mmemory:  7.28GiB(9.19%)  [34mtps: 298  [36mtflops: 1.04  [35mmfu: 0.11%[39m
[titan] 2026-09-15 08:42:56,694 - torchtitan.observability.metrics - INFO - [31mstep: 77  [32mloss:  0.96690  [38;2;180;60;0mgrad_norm:  2.2812  [38;2;54;234;195mmemory:  7.28GiB(9.19%)  [34mtps: 298  [36mtflops: 1.04  [35mmfu: 0.10%[39m
[titan] 2026-09-15 08:42:56,694 - torchtitan.observability.metrics - INFO - [31mstep: 77  [32mloss:  0.96690  [38;2;180;60;0mgrad_norm:  2.2812  [38;2;54;234;195mmemory:  7.28GiB(9.19%)  [34mtps: 298  [36mtflops: 1.04  [35mmfu: 0.10%[39m
[titan] 2026-09-15 08:42:57,582 - torchtitan.observability.metrics - INFO - [31mstep: 78  [32mloss:  2.99819  [38;2;180;60;0mgrad_norm:  5.2500  [38;2;54;234;195mmemory:  7.28GiB(9.19%)  [34mtps: 288  [36mtflops: 1.01  [35mmfu: 0.10%[39m
[titan] 2026-09-15 08:42:57,582 - torchtitan.observability.metrics - INFO - [31mstep: 78  [32mloss:  2.99819  [38;2;180;60;0mgrad_norm:  5.2500  [38;2;54;234;195mmemory:  7.28GiB(9.19%)  [34mtps: 288  [36mtflops: 1.01  [35mmfu: 0.10%[39m
[titan] 2026-09-15 08:42:58,464 - torchtitan.observability.metrics - INFO - [31mstep: 79  [32mloss:  2.68120  [38;2;180;60;0mgrad_norm:  4.2188  [38;2;54;234;195mmemory:  7.28GiB(9.19%)  [34mtps: 290  [36mtflops: 1.01  [35mmfu: 0.10%[39m
[titan] 2026-09-15 08:42:58,464 - torchtitan.observability.metrics - INFO - [31mstep: 79  [32mloss:  2.68120  [38;2;180;60;0mgrad_norm:  4.2188  [38;2;54;234;195mmemory:  7.28GiB(9.19%)  [34mtps: 290  [36mtflops: 1.01  [35mmfu: 0.10%[39m
[titan] 2026-09-15 08:42:59,323 - torchtitan.observability.metrics - INFO - [31mstep: 80  [32mloss:  2.78341  [38;2;180;60;0mgrad_norm:  5.4062  [38;2;54;234;195mmemory:  7.28GiB(9.19%)  [34mtps: 298  [36mtflops: 1.04  [35mmfu: 0.11%[39m
[titan] 2026-09-15 08:42:59,323 - torchtitan.observability.metrics - INFO - [31mstep: 80  [32mloss:  2.78341  [38;2;180;60;0mgrad_norm:  5.4062  [38;2;54;234;195mmemory:  7.28GiB(9.19%)  [34mtps: 298  [36mtflops: 1.04  [35mmfu: 0.11%[39m
[titan] 2026-09-15 08:43:00,182 - torchtitan.observability.metrics - INFO - [31mstep: 81  [32mloss:  0.53702  [38;2;180;60;0mgrad_norm:  1.9141  [38;2;54;234;195mmemory:  7.28GiB(9.19%)  [34mtps: 298  [36mtflops: 1.04  [35mmfu: 0.11%[39m
[titan] 2026-09-15 08:43:00,182 - torchtitan.observability.metrics - INFO - [31mstep: 81  [32mloss:  0.53702  [38;2;180;60;0mgrad_norm:  1.9141  [38;2;54;234;195mmemory:  7.28GiB(9.19%)  [34mtps: 298  [36mtflops: 1.04  [35mmfu: 0.11%[39m
[titan] 2026-09-15 08:43:01,046 - torchtitan.observability.metrics - INFO - [31mstep: 82  [32mloss:  2.46499  [38;2;180;60;0mgrad_norm:  3.1562  [38;2;54;234;195mmemory:  7.28GiB(9.19%)  [34mtps: 296  [36mtflops: 1.03  [35mmfu: 0.10%[39m
[titan] 2026-09-15 08:43:01,046 - torchtitan.observability.metrics - INFO - [31mstep: 82  [32mloss:  2.46499  [38;2;180;60;0mgrad_norm:  3.1562  [38;2;54;234;195mmemory:  7.28GiB(9.19%)  [34mtps: 296  [36mtflops: 1.03  [35mmfu: 0.10%[39m
[titan] 2026-09-15 08:43:01,909 - torchtitan.observability.metrics - INFO - [31mstep: 83  [32mloss:  1.14412  [38;2;180;60;0mgrad_norm:  2.6719  [38;2;54;234;195mmemory:  7.28GiB(9.19%)  [34mtps: 297  [36mtflops: 1.04  [35mmfu: 0.10%[39m
[titan] 2026-09-15 08:43:01,909 - torchtitan.observability.metrics - INFO - [31mstep: 83  [32mloss:  1.14412  [38;2;180;60;0mgrad_norm:  2.6719  [38;2;54;234;195mmemory:  7.28GiB(9.19%)  [34mtps: 297  [36mtflops: 1.04  [35mmfu: 0.10%[39m
[titan] 2026-09-15 08:43:02,774 - torchtitan.observability.metrics - INFO - [31mstep: 84  [32mloss:  1.51178  [38;2;180;60;0mgrad_norm:  8.0000  [38;2;54;234;195mmemory:  7.28GiB(9.19%)  [34mtps: 296  [36mtflops: 1.03  [35mmfu: 0.10%[39m
[titan] 2026-09-15 08:43:02,774 - torchtitan.observability.metrics - INFO - [31mstep: 84  [32mloss:  1.51178  [38;2;180;60;0mgrad_norm:  8.0000  [38;2;54;234;195mmemory:  7.28GiB(9.19%)  [34mtps: 296  [36mtflops: 1.03  [35mmfu: 0.10%[39m
[titan] 2026-09-15 08:43:03,637 - torchtitan.observability.metrics - INFO - [31mstep: 85  [32mloss:  1.59535  [38;2;180;60;0mgrad_norm:  5.1875  [38;2;54;234;195mmemory:  7.28GiB(9.19%)  [34mtps: 297  [36mtflops: 1.04  [35mmfu: 0.10%[39m
[titan] 2026-09-15 08:43:03,637 - torchtitan.observability.metrics - INFO - [31mstep: 85  [32mloss:  1.59535  [38;2;180;60;0mgrad_norm:  5.1875  [38;2;54;234;195mmemory:  7.28GiB(9.19%)  [34mtps: 297  [36mtflops: 1.04  [35mmfu: 0.10%[39m
[titan] 2026-09-15 08:43:04,498 - torchtitan.observability.metrics - INFO - [31mstep: 86  [32mloss:  1.18429  [38;2;180;60;0mgrad_norm:  2.7656  [38;2;54;234;195mmemory:  7.28GiB(9.19%)  [34mtps: 297  [36mtflops: 1.04  [35mmfu: 0.10%[39m
[titan] 2026-09-15 08:43:04,498 - torchtitan.observability.metrics - INFO - [31mstep: 86  [32mloss:  1.18429  [38;2;180;60;0mgrad_norm:  2.7656  [38;2;54;234;195mmemory:  7.28GiB(9.19%)  [34mtps: 297  [36mtflops: 1.04  [35mmfu: 0.10%[39m
[titan] 2026-09-15 08:43:05,361 - torchtitan.observability.metrics - INFO - [31mstep: 87  [32mloss:  1.79814  [38;2;180;60;0mgrad_norm:  2.6875  [38;2;54;234;195mmemory:  7.28GiB(9.19%)  [34mtps: 297  [36mtflops: 1.04  [35mmfu: 0.10%[39m
[titan] 2026-09-15 08:43:05,361 - torchtitan.observability.metrics - INFO - [31mstep: 87  [32mloss:  1.79814  [38;2;180;60;0mgrad_norm:  2.6875  [38;2;54;234;195mmemory:  7.28GiB(9.19%)  [34mtps: 297  [36mtflops: 1.04  [35mmfu: 0.10%[39m
[titan] 2026-09-15 08:43:06,230 - torchtitan.observability.metrics - INFO - [31mstep: 88  [32mloss:  0.96805  [38;2;180;60;0mgrad_norm:  2.1562  [38;2;54;234;195mmemory:  7.28GiB(9.19%)  [34mtps: 295  [36mtflops: 1.03  [35mmfu: 0.10%[39m
[titan] 2026-09-15 08:43:06,230 - torchtitan.observability.metrics - INFO - [31mstep: 88  [32mloss:  0.96805  [38;2;180;60;0mgrad_norm:  2.1562  [38;2;54;234;195mmemory:  7.28GiB(9.19%)  [34mtps: 295  [36mtflops: 1.03  [35mmfu: 0.10%[39m
[titan] 2026-09-15 08:43:07,094 - torchtitan.observability.metrics - INFO - [31mstep: 89  [32mloss:  1.14431  [38;2;180;60;0mgrad_norm:  3.0938  [38;2;54;234;195mmemory:  7.28GiB(9.19%)  [34mtps: 296  [36mtflops: 1.03  [35mmfu: 0.10%[39m
[titan] 2026-09-15 08:43:07,094 - torchtitan.observability.metrics - INFO - [31mstep: 89  [32mloss:  1.14431  [38;2;180;60;0mgrad_norm:  3.0938  [38;2;54;234;195mmemory:  7.28GiB(9.19%)  [34mtps: 296  [36mtflops: 1.03  [35mmfu: 0.10%[39m
[titan] 2026-09-15 08:43:07,957 - torchtitan.observability.metrics - INFO - [31mstep: 90  [32mloss:  0.71059  [38;2;180;60;0mgrad_norm:  1.5625  [38;2;54;234;195mmemory:  7.28GiB(9.19%)  [34mtps: 297  [36mtflops: 1.04  [35mmfu: 0.10%[39m
[titan] 2026-09-15 08:43:07,957 - torchtitan.observability.metrics - INFO - [31mstep: 90  [32mloss:  0.71059  [38;2;180;60;0mgrad_norm:  1.5625  [38;2;54;234;195mmemory:  7.28GiB(9.19%)  [34mtps: 297  [36mtflops: 1.04  [35mmfu: 0.10%[39m
[titan] 2026-09-15 08:43:08,816 - torchtitan.observability.metrics - INFO - [31mstep: 91  [32mloss:  1.04832  [38;2;180;60;0mgrad_norm:  3.4219  [38;2;54;234;195mmemory:  7.28GiB(9.19%)  [34mtps: 298  [36mtflops: 1.04  [35mmfu: 0.11%[39m
[titan] 2026-09-15 08:43:08,816 - torchtitan.observability.metrics - INFO - [31mstep: 91  [32mloss:  1.04832  [38;2;180;60;0mgrad_norm:  3.4219  [38;2;54;234;195mmemory:  7.28GiB(9.19%)  [34mtps: 298  [36mtflops: 1.04  [35mmfu: 0.11%[39m
[titan] 2026-09-15 08:43:09,673 - torchtitan.observability.metrics - INFO - [31mstep: 92  [32mloss:  0.50911  [38;2;180;60;0mgrad_norm:  1.3359  [38;2;54;234;195mmemory:  7.28GiB(9.19%)  [34mtps: 299  [36mtflops: 1.04  [35mmfu: 0.11%[39m
[titan] 2026-09-15 08:43:09,674 - torchtitan.observability.metrics - INFO - [31mstep: 92  [32mloss:  0.50911  [38;2;180;60;0mgrad_norm:  1.3359  [38;2;54;234;195mmemory:  7.28GiB(9.19%)  [34mtps: 299  [36mtflops: 1.04  [35mmfu: 0.11%[39m
[titan] 2026-09-15 08:43:10,531 - torchtitan.observability.metrics - INFO - [31mstep: 93  [32mloss:  1.32435  [38;2;180;60;0mgrad_norm:  3.2344  [38;2;54;234;195mmemory:  7.28GiB(9.19%)  [34mtps: 299  [36mtflops: 1.04  [35mmfu: 0.11%[39m
[titan] 2026-09-15 08:43:10,531 - torchtitan.observability.metrics - INFO - [31mstep: 93  [32mloss:  1.32435  [38;2;180;60;0mgrad_norm:  3.2344  [38;2;54;234;195mmemory:  7.28GiB(9.19%)  [34mtps: 299  [36mtflops: 1.04  [35mmfu: 0.11%[39m
[titan] 2026-09-15 08:43:11,420 - torchtitan.observability.metrics - INFO - [31mstep: 94  [32mloss:  0.76461  [38;2;180;60;0mgrad_norm:  2.9688  [38;2;54;234;195mmemory:  7.28GiB(9.19%)  [34mtps: 288  [36mtflops: 1.00  [35mmfu: 0.10%[39m
[titan] 2026-09-15 08:43:11,420 - torchtitan.observability.metrics - INFO - [31mstep: 94  [32mloss:  0.76461  [38;2;180;60;0mgrad_norm:  2.9688  [38;2;54;234;195mmemory:  7.28GiB(9.19%)  [34mtps: 288  [36mtflops: 1.00  [35mmfu: 0.10%[39m
[titan] 2026-09-15 08:43:12,333 - torchtitan.observability.metrics - INFO - [31mstep: 95  [32mloss:  0.62638  [38;2;180;60;0mgrad_norm:  2.2656  [38;2;54;234;195mmemory:  7.28GiB(9.19%)  [34mtps: 281  [36mtflops: 0.98  [35mmfu: 0.10%[39m
[titan] 2026-09-15 08:43:12,333 - torchtitan.observability.metrics - INFO - [31mstep: 95  [32mloss:  0.62638  [38;2;180;60;0mgrad_norm:  2.2656  [38;2;54;234;195mmemory:  7.28GiB(9.19%)  [34mtps: 281  [36mtflops: 0.98  [35mmfu: 0.10%[39m
[titan] 2026-09-15 08:43:13,244 - torchtitan.observability.metrics - INFO - [31mstep: 96  [32mloss:  1.30810  [38;2;180;60;0mgrad_norm:  4.2812  [38;2;54;234;195mmemory:  7.28GiB(9.19%)  [34mtps: 281  [36mtflops: 0.98  [35mmfu: 0.10%[39m
[titan] 2026-09-15 08:43:13,244 - torchtitan.observability.metrics - INFO - [31mstep: 96  [32mloss:  1.30810  [38;2;180;60;0mgrad_norm:  4.2812  [38;2;54;234;195mmemory:  7.28GiB(9.19%)  [34mtps: 281  [36mtflops: 0.98  [35mmfu: 0.10%[39m
[titan] 2026-09-15 08:43:14,136 - torchtitan.observability.metrics - INFO - [31mstep: 97  [32mloss:  2.43028  [38;2;180;60;0mgrad_norm:  5.6562  [38;2;54;234;195mmemory:  7.28GiB(9.19%)  [34mtps: 287  [36mtflops: 1.00  [35mmfu: 0.10%[39m
[titan] 2026-09-15 08:43:14,136 - torchtitan.observability.metrics - INFO - [31mstep: 97  [32mloss:  2.43028  [38;2;180;60;0mgrad_norm:  5.6562  [38;2;54;234;195mmemory:  7.28GiB(9.19%)  [34mtps: 287  [36mtflops: 1.00  [35mmfu: 0.10%[39m
[titan] 2026-09-15 08:43:15,028 - torchtitan.observability.metrics - INFO - [31mstep: 98  [32mloss:  2.13369  [38;2;180;60;0mgrad_norm:  5.0000  [38;2;54;234;195mmemory:  7.28GiB(9.19%)  [34mtps: 287  [36mtflops: 1.00  [35mmfu: 0.10%[39m
[titan] 2026-09-15 08:43:15,028 - torchtitan.observability.metrics - INFO - [31mstep: 98  [32mloss:  2.13369  [38;2;180;60;0mgrad_norm:  5.0000  [38;2;54;234;195mmemory:  7.28GiB(9.19%)  [34mtps: 287  [36mtflops: 1.00  [35mmfu: 0.10%[39m
[titan] 2026-09-15 08:43:15,919 - torchtitan.observability.metrics - INFO - [31mstep: 99  [32mloss:  0.86746  [38;2;180;60;0mgrad_norm:  3.3594  [38;2;54;234;195mmemory:  7.28GiB(9.19%)  [34mtps: 287  [36mtflops: 1.00  [35mmfu: 0.10%[39m
[titan] 2026-09-15 08:43:15,920 - torchtitan.observability.metrics - INFO - [31mstep: 99  [32mloss:  0.86746  [38;2;180;60;0mgrad_norm:  3.3594  [38;2;54;234;195mmemory:  7.28GiB(9.19%)  [34mtps: 287  [36mtflops: 1.00  [35mmfu: 0.10%[39m
[titan] 2026-09-15 08:43:16,014 - torchtitan.tools.utils - INFO - [GC] Performing periodic GC collection took 0.09 seconds
[titan] 2026-09-15 08:43:16,036 - torchtitan.tools.utils - INFO - [GC] Performing periodic GC collection took 0.11 seconds
[titan] 2026-09-15 08:43:16,928 - torchtitan.observability.metrics - INFO - [31mstep: 100  [32mloss:  0.56454  [38;2;180;60;0mgrad_norm:  2.2812  [38;2;54;234;195mmemory:  7.28GiB(9.19%)  [34mtps: 254  [36mtflops: 0.89  [35mmfu: 0.09%[39m
[titan] 2026-09-15 08:43:16,928 - torchtitan.observability.metrics - INFO - [31mstep: 100  [32mloss:  0.56454  [38;2;180;60;0mgrad_norm:  2.2812  [38;2;54;234;195mmemory:  7.28GiB(9.19%)  [34mtps: 254  [36mtflops: 0.89  [35mmfu: 0.09%[39m
[titan] 2026-09-15 08:43:16,931 - torchtitan.components.checkpointer.dcp - INFO - Saving the checkpoint.
[titan] 2026-09-15 08:43:16,931 - torchtitan.components.checkpointer.dcp - INFO - Saving a full checkpoint at last step, step 100.
[titan] 2026-09-15 08:43:16,933 - torchtitan.components.checkpointer.dcp - INFO - Saving the checkpoint.
[titan] 2026-09-15 08:43:16,933 - torchtitan.components.checkpointer.dcp - INFO - Saving a full checkpoint at last step, step 100.
[titan] 2026-09-15 08:43:24,726 - torchtitan.tools.utils - INFO - [GC] GC collection invoked by checkpointer. took 0.05 seconds
[titan] 2026-09-15 08:43:24,734 - torchtitan.components.checkpointer.dcp - INFO - Last step checkpoint completed in 7.80s
[titan] 2026-09-15 08:43:24,735 - torchtitan.trainer - INFO - Sleeping 2 seconds for other ranks to complete
[titan] 2026-09-15 08:43:24,850 - torchtitan.tools.utils - INFO - [GC] GC collection invoked by checkpointer. took 0.13 seconds
[titan] 2026-09-15 08:43:24,856 - torchtitan.components.checkpointer.dcp - INFO - Last step checkpoint completed in 7.93s
[titan] 2026-09-15 08:43:24,857 - torchtitan.trainer - INFO - Training completed
[titan] 2026-09-15 08:43:24,857 - torchtitan.components.checkpointer.base - INFO - Destroying the purge thread.
[titan] 2026-09-15 08:43:26,735 - torchtitan.trainer - INFO - Training completed
[titan] 2026-09-15 08:43:26,736 - torchtitan.components.checkpointer.base - INFO - Destroying the purge thread.
[titan] 2026-09-15 08:43:26,745 - __main__ - INFO - Process group destroyed
[titan] 2026-09-15 08:43:27,001 - __main__ - INFO - Process group destroyed
