WARNING:absl:Failed to load jax profiler: No module named 'jax'
[titan] 2026-09-28 07:43:29,621 - __main__ - INFO - torchtitan version: 0.0.0+unknown (0.0.0 means __version__ is not defined correctly).
[titan] 2026-09-28 07:43:30,522 - torchtitan.observability.structured_logger.jsonl_handler - INFO - Structured logging -> JSONL: /root/k928/res/4656_t1/id_main_full/out/structured_logs/training.global_rank_0.20260928-074330-0XLKA6.jsonl
[titan] 2026-09-28 07:43:30,935 - torchtitan.distributed.utils - WARNING - ENV[TORCH_NCCL_ASYNC_ERROR_HANDLING] = 1 will be overridden to 3 based on job config
[titan] 2026-09-28 07:43:31,311 - torchtitan.tools.utils - INFO - [GC] Initial GC collection took 0.00 seconds
[titan] 2026-09-28 07:43:31,311 - torchtitan.distributed.utils - INFO - Deterministic algorithm enabled (expect perf degradation).
[titan] 2026-09-28 07:43:31,324 - torchtitan.observability.metrics - INFO - CUDA capacity: NVIDIA H100 80GB HBM3 with 79.18GiB memory
[titan] 2026-09-28 07:43:31,336 - torchtitan.tools.utils - WARNING - Error running lspci: [Errno 2] No such file or directory: 'lspci', fallback to use device_name
[titan] 2026-09-28 07:43:31,336 - torchtitan.components.tokenizer - INFO - Loading tokenizer from tokenizer.json
[titan] 2026-09-28 07:43:31,464 - torchtitan.protocols.state_dict_adapter - WARNING - model.safetensors.index.json not found at hf_assets_path: ./tests/assets/tokenizer/model.safetensors.index.json.                     Defaulting to saving a single safetensors file if checkpoint is saved in HF format
[titan] 2026-09-28 07:43:31,467 - torchtitan.models.utils - INFO - Total parameter count: 25,776,880, active parameters: 17,236,208
[titan] 2026-09-28 07:43:31,467 - torchtitan.distributed.parallel_dims - INFO - Building device mesh with parallelism: pp=1, dp_replicate=1, dp_shard=1, cp=1, tp=1, ep=1
[titan] 2026-09-28 07:43:31,472 - torchtitan.distributed.parallel_dims - INFO - Successfully created meshes with active dimensions: []
[titan] 2026-09-28 07:43:31,508 - torchtitan.distributed.activation_checkpoint - INFO - Applied FullAC activation checkpointing to the model
[titan] 2026-09-28 07:43:31,509 - torchtitan.distributed.activation_checkpoint - INFO - Applied FullAC activation checkpointing to the model
[titan] 2026-09-28 07:43:31,631 - torchtitan.distributed.fsdp - INFO - Applied FSDP to the model
[titan] 2026-09-28 07:43:32,143 - torchtitan.training_engine - INFO - Model KimiK3Model.Config size: 25,776,880 total parameters
[titan] 2026-09-28 07:43:32,205 - torchtitan.components.optimizer.optimizer - INFO - Optimizer DistMuon (model_part=0): 228 params [(?:attention\.(?:wq_a|wq_b|wkv_a|wkv_b|gate|wo)\.weight|delta_attention\.(?:q_proj|k_proj|v_proj|forget_a|forget_b|output_gate|output_proj)\.weight|routed_experts\.w(?:13|2)\.weight|feed_forward\.w(?:13|2)\.weight|moe\.router\.gate\.weight|moe\.shared_experts\.w(?:13|2)\.weight|moe\.routed_(?:down|up)\.weight)$] {'fused': False, 'foreach': False, 'lr': 0.0008, 'weight_decay': 0.1, 'momentum': 0.95, 'nesterov': True, 'eps': 1e-07}
[titan] 2026-09-28 07:43:32,205 - torchtitan.components.optimizer.optimizer - INFO - Optimizer AdamW (model_part=0): 237 params [.*] {'fused': False, 'foreach': True, 'lr': 0.0008, 'betas': (0.9, 0.95), 'eps': 1e-08, 'weight_decay': 0.1}
[titan] 2026-09-28 07:43:32,208 - torchtitan.trainer - INFO - Peak FLOPS used for computing MFU: 9.890e+14
[titan] 2026-09-28 07:43:32,208 - torchtitan.trainer - INFO - CUDA memory usage for model: 0.07GiB(0.09%)
[titan] 2026-09-28 07:43:32,208 - torchtitan.trainer - INFO - Trainer is initialized with 65536 tokens per DP rank, 262144 tokens per train step, gradient accumulation steps 4, maximum context length 2048, total steps 10 (warmup 2)
[titan] 2026-09-28 07:43:32,208 - torchtitan.trainer - INFO - Training starts at step 1
/root/venv_pp/lib/python3.12/site-packages/torch/distributed/fsdp/_fully_shard/_fsdp_state.py:336: UserWarning: FSDP2-wrapped module (FSDPCheckpointWrapper) returned a view tensor. An in-place op on this view (e.g., `x += y`) will silently drop the pre-backward hook and skip the all-gather, which can cause backward to fail or produce wrong gradients. Use out-of-place ops (`out = out + y`, not `out += y`) or `.clone()` the output before any in-place op.
  output = self._register_pre_backward_hook(output)
/root/venv_pp/lib/python3.12/site-packages/torch/distributed/fsdp/_fully_shard/_fsdp_state.py:336: UserWarning: FSDP2-wrapped module (FSDPCheckpointWrapper) returned a view tensor. An in-place op on this view (e.g., `x += y`) will silently drop the pre-backward hook and skip the all-gather, which can cause backward to fail or produce wrong gradients. Use out-of-place ops (`out = out + y`, not `out += y`) or `.clone()` the output before any in-place op.
  output = self._register_pre_backward_hook(output)
/root/venv_pp/lib/python3.12/site-packages/torch/distributed/fsdp/_fully_shard/_fsdp_state.py:336: UserWarning: FSDP2-wrapped module (FSDPCheckpointWrapper) returned a view tensor. An in-place op on this view (e.g., `x += y`) will silently drop the pre-backward hook and skip the all-gather, which can cause backward to fail or produce wrong gradients. Use out-of-place ops (`out = out + y`, not `out += y`) or `.clone()` the output before any in-place op.
  output = self._register_pre_backward_hook(output)
[titan] 2026-09-28 07:43:45,152 - torchtitan.observability.metrics - INFO - [31mstep:  1  [32mloss:  8.06529  [38;2;180;60;0mgrad_norm:  2.3906  [38;2;54;234;195mmemory:  6.28GiB(7.94%)  [34mtps: 18,974  [36mtflops: 2.98  [35mmfu: 0.30%[39m
[titan] 2026-09-28 07:43:45,152 - torchtitan.distributed.utils - INFO - Synchronizing and adjusting timeout for all ProcessGroups to 0:01:40
[titan] 2026-09-28 07:43:47,634 - torchtitan.observability.metrics - INFO - [31mstep:  2  [32mloss:  7.87478  [38;2;180;60;0mgrad_norm:  2.2656  [38;2;54;234;195mmemory:  6.30GiB(7.96%)  [34mtps: 105,617  [36mtflops: 16.57  [35mmfu: 1.68%[39m
[titan] 2026-09-28 07:43:50,086 - torchtitan.observability.metrics - INFO - [31mstep:  3  [32mloss:  7.68520  [38;2;180;60;0mgrad_norm:  2.6250  [38;2;54;234;195mmemory:  6.30GiB(7.96%)  [34mtps: 106,905  [36mtflops: 16.77  [35mmfu: 1.70%[39m
[titan] 2026-09-28 07:43:52,565 - torchtitan.observability.metrics - INFO - [31mstep:  4  [32mloss:  7.41375  [38;2;180;60;0mgrad_norm:  4.1875  [38;2;54;234;195mmemory:  6.30GiB(7.96%)  [34mtps: 105,792  [36mtflops: 16.60  [35mmfu: 1.68%[39m
[titan] 2026-09-28 07:43:55,028 - torchtitan.observability.metrics - INFO - [31mstep:  5  [32mloss:  7.23627  [38;2;180;60;0mgrad_norm:  4.8125  [38;2;54;234;195mmemory:  6.30GiB(7.96%)  [34mtps: 106,406  [36mtflops: 16.69  [35mmfu: 1.69%[39m
[titan] 2026-09-28 07:43:57,499 - torchtitan.observability.metrics - INFO - [31mstep:  6  [32mloss:  6.82730  [38;2;180;60;0mgrad_norm:  6.3438  [38;2;54;234;195mmemory:  6.30GiB(7.96%)  [34mtps: 106,107  [36mtflops: 16.65  [35mmfu: 1.68%[39m
[titan] 2026-09-28 07:44:00,045 - torchtitan.observability.metrics - INFO - [31mstep:  7  [32mloss:  6.53013  [38;2;180;60;0mgrad_norm:  6.3125  [38;2;54;234;195mmemory:  6.30GiB(7.96%)  [34mtps: 103,004  [36mtflops: 16.16  [35mmfu: 1.63%[39m
[titan] 2026-09-28 07:44:02,540 - torchtitan.observability.metrics - INFO - [31mstep:  8  [32mloss:  6.16857  [38;2;180;60;0mgrad_norm:  7.2188  [38;2;54;234;195mmemory:  6.30GiB(7.96%)  [34mtps: 105,055  [36mtflops: 16.48  [35mmfu: 1.67%[39m
[titan] 2026-09-28 07:44:05,131 - torchtitan.observability.metrics - INFO - [31mstep:  9  [32mloss:  6.29567  [38;2;180;60;0mgrad_norm:  7.6562  [38;2;54;234;195mmemory:  6.30GiB(7.96%)  [34mtps: 101,188  [36mtflops: 15.88  [35mmfu: 1.61%[39m
[titan] 2026-09-28 07:44:07,695 - torchtitan.observability.metrics - INFO - [31mstep: 10  [32mloss:  6.09172  [38;2;180;60;0mgrad_norm:  8.3125  [38;2;54;234;195mmemory:  6.30GiB(7.96%)  [34mtps: 102,270  [36mtflops: 16.05  [35mmfu: 1.62%[39m
[titan] 2026-09-28 07:44:07,696 - torchtitan.trainer - INFO - Sleeping 2 seconds for other ranks to complete
[titan] 2026-09-28 07:44:09,696 - torchtitan.trainer - INFO - Training completed
[titan] 2026-09-28 07:44:09,866 - __main__ - INFO - Process group destroyed
