W0930 11:08:53.909000 115009 torch/distributed/run.py:982] 
W0930 11:08:53.909000 115009 torch/distributed/run.py:982] *****************************************
W0930 11:08:53.909000 115009 torch/distributed/run.py:982] Setting OMP_NUM_THREADS environment variable for each process to be 1 in default, to avoid your system being overloaded, please further tune the variable for optimal performance in your application as needed. 
W0930 11:08:53.909000 115009 torch/distributed/run.py:982] *****************************************
[rank0]:WARNING:absl:Failed to load jax profiler: No module named 'jax'
[rank2]:WARNING:absl:Failed to load jax profiler: No module named 'jax'
[rank1]:WARNING:absl:Failed to load jax profiler: No module named 'jax'
[rank3]:WARNING:absl:Failed to load jax profiler: No module named 'jax'
[rank3]:[titan] 2026-09-30 11:09:00,243 - __main__ - INFO - torchtitan version: 0.0.0+unknown (0.0.0 means __version__ is not defined correctly).
[rank2]:[titan] 2026-09-30 11:09:00,349 - __main__ - INFO - torchtitan version: 0.0.0+unknown (0.0.0 means __version__ is not defined correctly).
[rank1]:[titan] 2026-09-30 11:09:00,305 - __main__ - INFO - torchtitan version: 0.0.0+unknown (0.0.0 means __version__ is not defined correctly).
[rank0]:[titan] 2026-09-30 11:09:00,399 - __main__ - INFO - torchtitan version: 0.0.0+unknown (0.0.0 means __version__ is not defined correctly).
[rank3]:[titan] 2026-09-30 11:09:00,975 - torchtitan.observability.structured_logger.jsonl_handler - INFO - Structured logging -> JSONL: /root/mep/results/dep_h100_pp4vpp4/trace2_r10_m16_w_dep_off/out/structured_logs/training.global_rank_3.20260930-110900-EV9EAY.jsonl
[rank2]:[titan] 2026-09-30 11:09:01,074 - torchtitan.observability.structured_logger.jsonl_handler - INFO - Structured logging -> JSONL: /root/mep/results/dep_h100_pp4vpp4/trace2_r10_m16_w_dep_off/out/structured_logs/training.global_rank_2.20260930-110901-N9LEBT.jsonl
[rank0]:[titan] 2026-09-30 11:09:01,281 - torchtitan.observability.structured_logger.jsonl_handler - INFO - Structured logging -> JSONL: /root/mep/results/dep_h100_pp4vpp4/trace2_r10_m16_w_dep_off/out/structured_logs/training.global_rank_0.20260930-110901-CSF0JA.jsonl
[rank1]:[titan] 2026-09-30 11:09:01,204 - torchtitan.observability.structured_logger.jsonl_handler - INFO - Structured logging -> JSONL: /root/mep/results/dep_h100_pp4vpp4/trace2_r10_m16_w_dep_off/out/structured_logs/training.global_rank_1.20260930-110901-Z87YTA.jsonl
[rank3]:[titan] 2026-09-30 11:09:01,456 - torchtitan.distributed.utils - WARNING - ENV[TORCH_NCCL_ASYNC_ERROR_HANDLING] = 1 will be overridden to 3 based on job config
[rank2]:[titan] 2026-09-30 11:09:01,757 - torchtitan.distributed.utils - WARNING - ENV[TORCH_NCCL_ASYNC_ERROR_HANDLING] = 1 will be overridden to 3 based on job config
[rank0]:[titan] 2026-09-30 11:09:01,915 - torchtitan.distributed.utils - WARNING - ENV[TORCH_NCCL_ASYNC_ERROR_HANDLING] = 1 will be overridden to 3 based on job config
[rank1]:[titan] 2026-09-30 11:09:01,893 - torchtitan.distributed.utils - WARNING - ENV[TORCH_NCCL_ASYNC_ERROR_HANDLING] = 1 will be overridden to 3 based on job config
[rank2]:[titan] 2026-09-30 11:09:02,614 - torchtitan.tools.utils - INFO - [GC] Initial GC collection took 0.00 seconds
[rank0]:[titan] 2026-09-30 11:09:02,614 - torchtitan.tools.utils - INFO - [GC] Initial GC collection took 0.00 seconds
[rank3]:[titan] 2026-09-30 11:09:02,614 - torchtitan.tools.utils - INFO - [GC] Initial GC collection took 0.00 seconds
[rank1]:[titan] 2026-09-30 11:09:02,616 - torchtitan.tools.utils - INFO - [GC] Initial GC collection took 0.00 seconds
[rank3]:[titan] 2026-09-30 11:09:03,727 - torchtitan.distributed.parallelism_context - INFO - Building device mesh with parallelism: pp=4, dp_replicate=1, dp_shard=1, cp=1, tp=1, ep=1
[rank0]:[titan] 2026-09-30 11:09:03,728 - torchtitan.distributed.parallelism_context - INFO - Building device mesh with parallelism: pp=4, dp_replicate=1, dp_shard=1, cp=1, tp=1, ep=1
[rank2]:[titan] 2026-09-30 11:09:03,727 - torchtitan.distributed.parallelism_context - INFO - Building device mesh with parallelism: pp=4, dp_replicate=1, dp_shard=1, cp=1, tp=1, ep=1
[rank1]:[titan] 2026-09-30 11:09:03,727 - torchtitan.distributed.parallelism_context - INFO - Building device mesh with parallelism: pp=4, dp_replicate=1, dp_shard=1, cp=1, tp=1, ep=1
[rank3]:[titan] 2026-09-30 11:09:04,178 - torchtitan.distributed.parallelism_context - INFO - Successfully created meshes with active axes: ['pp']
[rank3]:[titan] 2026-09-30 11:09:04,181 - torchtitan.observability.metrics - INFO - CUDA capacity: NVIDIA H100 80GB HBM3 with 79.21GiB memory
[rank3]:[titan] 2026-09-30 11:09:04,191 - torchtitan.config.configurable - WARNING - Config field value of type InterpolationMode may not be JSON serializable
[rank3]:[titan] 2026-09-30 11:09:04,192 - torchtitan.tools.utils - WARNING - Error running lspci: [Errno 2] No such file or directory: 'lspci', fallback to use device_name
[rank3]:[titan] 2026-09-30 11:09:04,193 - torchtitan.components.tokenizer - INFO - Loading tokenizer from tokenizer.json
[rank0]:[titan] 2026-09-30 11:09:04,194 - torchtitan.distributed.parallelism_context - INFO - Successfully created meshes with active axes: ['pp']
[rank2]:[titan] 2026-09-30 11:09:04,183 - torchtitan.distributed.parallelism_context - INFO - Successfully created meshes with active axes: ['pp']
[rank2]:[titan] 2026-09-30 11:09:04,186 - torchtitan.observability.metrics - INFO - CUDA capacity: NVIDIA H100 80GB HBM3 with 79.21GiB memory
[rank2]:[titan] 2026-09-30 11:09:04,196 - torchtitan.config.configurable - WARNING - Config field value of type InterpolationMode may not be JSON serializable
[rank1]:[titan] 2026-09-30 11:09:04,190 - torchtitan.distributed.parallelism_context - INFO - Successfully created meshes with active axes: ['pp']
[rank1]:[titan] 2026-09-30 11:09:04,193 - torchtitan.observability.metrics - INFO - CUDA capacity: NVIDIA H100 80GB HBM3 with 79.21GiB memory
[rank0]:[titan] 2026-09-30 11:09:04,197 - torchtitan.observability.metrics - INFO - CUDA capacity: NVIDIA H100 80GB HBM3 with 79.21GiB memory
[rank0]:[titan] 2026-09-30 11:09:04,208 - torchtitan.config.configurable - WARNING - Config field value of type InterpolationMode may not be JSON serializable
[rank0]:[titan] 2026-09-30 11:09:04,209 - torchtitan.tools.utils - WARNING - Error running lspci: [Errno 2] No such file or directory: 'lspci', fallback to use device_name
[rank0]:[titan] 2026-09-30 11:09:04,210 - torchtitan.components.tokenizer - INFO - Loading tokenizer from tokenizer.json
[rank2]:[titan] 2026-09-30 11:09:04,198 - torchtitan.tools.utils - WARNING - Error running lspci: [Errno 2] No such file or directory: 'lspci', fallback to use device_name
[rank2]:[titan] 2026-09-30 11:09:04,198 - torchtitan.components.tokenizer - INFO - Loading tokenizer from tokenizer.json
[rank1]:[titan] 2026-09-30 11:09:04,206 - torchtitan.config.configurable - WARNING - Config field value of type InterpolationMode may not be JSON serializable
[rank1]:[titan] 2026-09-30 11:09:04,207 - torchtitan.tools.utils - WARNING - Error running lspci: [Errno 2] No such file or directory: 'lspci', fallback to use device_name
[rank1]:[titan] 2026-09-30 11:09:04,207 - torchtitan.components.tokenizer - INFO - Loading tokenizer from tokenizer.json
[rank3]:[titan] 2026-09-30 11:09:04,356 - torchtitan.protocols.state_dict_adapter - WARNING - model.safetensors.index.json not found at hf_assets_path: ./tests/assets/tokenizer/model.safetensors.index.json.                     Defaulting to saving a single safetensors file if checkpoint is saved in HF format
[rank3]:[titan] 2026-09-30 11:09:04,361 - torchtitan.models.utils - INFO - Total parameter count: 12,059,226,240, active parameters: 8,885,570,688
[rank0]:[titan] 2026-09-30 11:09:04,383 - torchtitan.protocols.state_dict_adapter - WARNING - model.safetensors.index.json not found at hf_assets_path: ./tests/assets/tokenizer/model.safetensors.index.json.                     Defaulting to saving a single safetensors file if checkpoint is saved in HF format
[rank0]:[titan] 2026-09-30 11:09:04,389 - torchtitan.models.utils - INFO - Total parameter count: 12,059,226,240, active parameters: 8,885,570,688
[rank2]:[titan] 2026-09-30 11:09:04,363 - torchtitan.protocols.state_dict_adapter - WARNING - model.safetensors.index.json not found at hf_assets_path: ./tests/assets/tokenizer/model.safetensors.index.json.                     Defaulting to saving a single safetensors file if checkpoint is saved in HF format
[rank2]:[titan] 2026-09-30 11:09:04,368 - torchtitan.models.utils - INFO - Total parameter count: 12,059,226,240, active parameters: 8,885,570,688
[rank1]:[titan] 2026-09-30 11:09:04,383 - torchtitan.protocols.state_dict_adapter - WARNING - model.safetensors.index.json not found at hf_assets_path: ./tests/assets/tokenizer/model.safetensors.index.json.                     Defaulting to saving a single safetensors file if checkpoint is saved in HF format
[rank1]:[titan] 2026-09-30 11:09:04,388 - torchtitan.models.utils - INFO - Total parameter count: 12,059,226,240, active parameters: 8,885,570,688
[rank3]:[titan] 2026-09-30 11:09:04,452 - torchtitan.distributed.pipeline_parallel - INFO - PP rank 3 is building stage_idx 3 with modules ['layers.5']
[rank0]:[titan] 2026-09-30 11:09:04,482 - torchtitan.distributed.pipeline_parallel - INFO - PP rank 0 is building stage_idx 0 with modules ['vision_encoder', 'tok_embeddings', 'layers.0']
[rank2]:[titan] 2026-09-30 11:09:04,459 - torchtitan.distributed.pipeline_parallel - INFO - PP rank 2 is building stage_idx 2 with modules ['layers.3', 'layers.4']
[rank1]:[titan] 2026-09-30 11:09:04,481 - torchtitan.distributed.pipeline_parallel - INFO - PP rank 1 is building stage_idx 1 with modules ['layers.1', 'layers.2']
[rank3]:[titan] 2026-09-30 11:09:04,539 - torchtitan.distributed.pipeline_parallel - INFO - PP rank 3 is building stage_idx 7 with modules ['layers.9']
[rank0]:[titan] 2026-09-30 11:09:04,568 - torchtitan.distributed.pipeline_parallel - INFO - PP rank 0 is building stage_idx 4 with modules ['layers.6']
[rank2]:[titan] 2026-09-30 11:09:04,544 - torchtitan.distributed.pipeline_parallel - INFO - PP rank 2 is building stage_idx 6 with modules ['layers.8']
[rank1]:[titan] 2026-09-30 11:09:04,568 - torchtitan.distributed.pipeline_parallel - INFO - PP rank 1 is building stage_idx 5 with modules ['layers.7']
[rank3]:[titan] 2026-09-30 11:09:04,626 - torchtitan.distributed.pipeline_parallel - INFO - PP rank 3 is building stage_idx 11 with modules ['layers.13']
[rank0]:[titan] 2026-09-30 11:09:04,654 - torchtitan.distributed.pipeline_parallel - INFO - PP rank 0 is building stage_idx 8 with modules ['layers.10']
[rank2]:[titan] 2026-09-30 11:09:04,630 - torchtitan.distributed.pipeline_parallel - INFO - PP rank 2 is building stage_idx 10 with modules ['layers.12']
[rank1]:[titan] 2026-09-30 11:09:04,655 - torchtitan.distributed.pipeline_parallel - INFO - PP rank 1 is building stage_idx 9 with modules ['layers.11']
[rank3]:[titan] 2026-09-30 11:09:04,713 - torchtitan.distributed.pipeline_parallel - INFO - PP rank 3 is building stage_idx 15 with modules ['norm', 'lm_head', 'output_res_proj', 'output_res_norm']
[rank3]:[titan] 2026-09-30 11:09:04,716 - torchtitan.distributed.activation_checkpoint - INFO - Applied FullAC activation checkpointing to the model
[rank3]:[titan] 2026-09-30 11:09:04,753 - torchtitan.distributed.fsdp - INFO - Applied FSDP to the model
[rank3]:[titan] 2026-09-30 11:09:04,756 - torchtitan.distributed.activation_checkpoint - INFO - Applied FullAC activation checkpointing to the model
[rank3]:[titan] 2026-09-30 11:09:04,760 - torchtitan.distributed.fsdp - INFO - Applied FSDP to the model
[rank3]:[titan] 2026-09-30 11:09:04,762 - torchtitan.distributed.activation_checkpoint - INFO - Applied FullAC activation checkpointing to the model
[rank3]:[titan] 2026-09-30 11:09:04,766 - torchtitan.distributed.fsdp - INFO - Applied FSDP to the model
[rank3]:[titan] 2026-09-30 11:09:04,767 - torchtitan.distributed.activation_checkpoint - INFO - Applied FullAC activation checkpointing to the model
[rank3]:[titan] 2026-09-30 11:09:04,769 - torchtitan.distributed.fsdp - INFO - Applied FSDP to the model
[rank3]:[titan] 2026-09-30 11:09:04,774 - torchtitan.distributed.pipeline_parallel - INFO - Using pipeline schedule Interleaved1F1B with 16 microbatches and 16 stages.
[rank3]:[titan] 2026-09-30 11:09:04,774 - torchtitan.models.kimi_k3.pipeline_parallel - INFO - Kimi K3 pipeline: 4 stage(s) on this rank [3, 7, 11, 15], block transport delta with rank store
[rank0]:[titan] 2026-09-30 11:09:04,740 - torchtitan.distributed.pipeline_parallel - INFO - PP rank 0 is building stage_idx 12 with modules ['layers.14']
[rank0]:[titan] 2026-09-30 11:09:04,760 - torchtitan.distributed.activation_checkpoint - INFO - Applied FullAC activation checkpointing to the model
[rank0]:[titan] 2026-09-30 11:09:04,761 - torchtitan.distributed.activation_checkpoint - INFO - Applied FullAC activation checkpointing to the model
[rank2]:[titan] 2026-09-30 11:09:04,716 - torchtitan.distributed.pipeline_parallel - INFO - PP rank 2 is building stage_idx 14 with modules ['layers.16']
[rank2]:[titan] 2026-09-30 11:09:04,721 - torchtitan.distributed.activation_checkpoint - INFO - Applied FullAC activation checkpointing to the model
[rank2]:[titan] 2026-09-30 11:09:04,767 - torchtitan.distributed.fsdp - INFO - Applied FSDP to the model
[rank2]:[titan] 2026-09-30 11:09:04,770 - torchtitan.distributed.activation_checkpoint - INFO - Applied FullAC activation checkpointing to the model
[rank2]:[titan] 2026-09-30 11:09:04,774 - torchtitan.distributed.fsdp - INFO - Applied FSDP to the model
[rank2]:[titan] 2026-09-30 11:09:04,776 - torchtitan.distributed.activation_checkpoint - INFO - Applied FullAC activation checkpointing to the model
[rank2]:[titan] 2026-09-30 11:09:04,780 - torchtitan.distributed.fsdp - INFO - Applied FSDP to the model
[rank2]:[titan] 2026-09-30 11:09:04,782 - torchtitan.distributed.activation_checkpoint - INFO - Applied FullAC activation checkpointing to the model
[rank2]:[titan] 2026-09-30 11:09:04,786 - torchtitan.distributed.fsdp - INFO - Applied FSDP to the model
[rank2]:[titan] 2026-09-30 11:09:04,790 - torchtitan.distributed.pipeline_parallel - INFO - Using pipeline schedule Interleaved1F1B with 16 microbatches and 16 stages.
[rank2]:[titan] 2026-09-30 11:09:04,790 - torchtitan.models.kimi_k3.pipeline_parallel - INFO - Kimi K3 pipeline: 4 stage(s) on this rank [2, 6, 10, 14], block transport delta with rank store
[rank1]:[titan] 2026-09-30 11:09:04,741 - torchtitan.distributed.pipeline_parallel - INFO - PP rank 1 is building stage_idx 13 with modules ['layers.15']
[rank1]:[titan] 2026-09-30 11:09:04,747 - torchtitan.distributed.activation_checkpoint - INFO - Applied FullAC activation checkpointing to the model
[rank1]:[titan] 2026-09-30 11:09:04,792 - torchtitan.distributed.fsdp - INFO - Applied FSDP to the model
[rank1]:[titan] 2026-09-30 11:09:04,794 - torchtitan.distributed.activation_checkpoint - INFO - Applied FullAC activation checkpointing to the model
[rank0]:[titan] 2026-09-30 11:09:04,834 - torchtitan.distributed.fsdp - INFO - Applied FSDP to the model
[rank0]:[titan] 2026-09-30 11:09:04,837 - torchtitan.distributed.activation_checkpoint - INFO - Applied FullAC activation checkpointing to the model
[rank0]:[titan] 2026-09-30 11:09:04,853 - torchtitan.distributed.fsdp - INFO - Applied FSDP to the model
[rank0]:[titan] 2026-09-30 11:09:04,856 - torchtitan.distributed.activation_checkpoint - INFO - Applied FullAC activation checkpointing to the model
[rank0]:[titan] 2026-09-30 11:09:04,860 - torchtitan.distributed.fsdp - INFO - Applied FSDP to the model
[rank0]:[titan] 2026-09-30 11:09:04,863 - torchtitan.distributed.activation_checkpoint - INFO - Applied FullAC activation checkpointing to the model
[rank0]:[titan] 2026-09-30 11:09:04,867 - torchtitan.distributed.fsdp - INFO - Applied FSDP to the model
[rank0]:[titan] 2026-09-30 11:09:04,872 - torchtitan.distributed.pipeline_parallel - INFO - Using pipeline schedule Interleaved1F1B with 16 microbatches and 16 stages.
[rank0]:[titan] 2026-09-30 11:09:04,872 - torchtitan.models.kimi_k3.pipeline_parallel - INFO - Kimi K3 pipeline: 4 stage(s) on this rank [0, 4, 8, 12], block transport delta with rank store
[rank1]:[titan] 2026-09-30 11:09:04,803 - torchtitan.distributed.fsdp - INFO - Applied FSDP to the model
[rank1]:[titan] 2026-09-30 11:09:04,806 - torchtitan.distributed.activation_checkpoint - INFO - Applied FullAC activation checkpointing to the model
[rank1]:[titan] 2026-09-30 11:09:04,809 - torchtitan.distributed.fsdp - INFO - Applied FSDP to the model
[rank1]:[titan] 2026-09-30 11:09:04,811 - torchtitan.distributed.activation_checkpoint - INFO - Applied FullAC activation checkpointing to the model
[rank1]:[titan] 2026-09-30 11:09:04,815 - torchtitan.distributed.fsdp - INFO - Applied FSDP to the model
[rank1]:[titan] 2026-09-30 11:09:04,820 - torchtitan.distributed.pipeline_parallel - INFO - Using pipeline schedule Interleaved1F1B with 16 microbatches and 16 stages.
[rank1]:[titan] 2026-09-30 11:09:04,820 - torchtitan.models.kimi_k3.pipeline_parallel - INFO - Kimi K3 pipeline: 4 stage(s) on this rank [1, 5, 9, 13], block transport delta with rank store
[rank1]:[rank1]:W0930 11:09:04.955000 115079 torch/distributed/tensor/_random.py:215] DTensor is synchronizing RNG states of every rank with the state from rank 0. This behavior is deprecated. Please call `torch.manual_seed()` on every rank that participates in SPMD DTensor Operations with the same seed. If using Pipeline Parallelism, each pipeline state would use a different seed, but all ranks belonging to one pipeline stage would use the same seed.
[rank3]:[rank3]:W0930 11:09:04.955000 115081 torch/distributed/tensor/_random.py:215] DTensor is synchronizing RNG states of every rank with the state from rank 0. This behavior is deprecated. Please call `torch.manual_seed()` on every rank that participates in SPMD DTensor Operations with the same seed. If using Pipeline Parallelism, each pipeline state would use a different seed, but all ranks belonging to one pipeline stage would use the same seed.
[rank2]:[rank2]:W0930 11:09:04.955000 115080 torch/distributed/tensor/_random.py:215] DTensor is synchronizing RNG states of every rank with the state from rank 0. This behavior is deprecated. Please call `torch.manual_seed()` on every rank that participates in SPMD DTensor Operations with the same seed. If using Pipeline Parallelism, each pipeline state would use a different seed, but all ranks belonging to one pipeline stage would use the same seed.
[rank3]:[titan] 2026-09-30 11:09:05,153 - torchtitan.training_engine - INFO - Model KimiK3Model.Config size: 12,059,226,240 total parameters
[rank3]:[titan] 2026-09-30 11:09:05,154 - torchtitan.components.optimizer.optimizer - INFO - Optimizer AdamW (model_part=0): 28 params [.*] {'lr': 0.0008, 'betas': (0.9, 0.95), 'eps': 1e-08, 'weight_decay': 0.1, 'foreach': None, 'fused': True}
[rank3]:[titan] 2026-09-30 11:09:05,154 - torchtitan.components.optimizer.optimizer - INFO - Optimizer AdamW (model_part=1): 28 params [.*] {'lr': 0.0008, 'betas': (0.9, 0.95), 'eps': 1e-08, 'weight_decay': 0.1, 'foreach': None, 'fused': True}
[rank3]:[titan] 2026-09-30 11:09:05,154 - torchtitan.components.optimizer.optimizer - INFO - Optimizer AdamW (model_part=2): 28 params [.*] {'lr': 0.0008, 'betas': (0.9, 0.95), 'eps': 1e-08, 'weight_decay': 0.1, 'foreach': None, 'fused': True}
[rank3]:[titan] 2026-09-30 11:09:05,154 - torchtitan.components.optimizer.optimizer - INFO - Optimizer AdamW (model_part=3): 4 params [.*] {'lr': 0.0008, 'betas': (0.9, 0.95), 'eps': 1e-08, 'weight_decay': 0.1, 'foreach': None, 'fused': True}
[rank3]:[titan] 2026-09-30 11:09:05,155 - torchtitan.observability.metrics - WARNING - [31mPipeline Parallel loss is not visible. Please add [33mrank 3[31m to LOG_RANK environment variable in run_train.sh.[39m
[rank3]:[titan] 2026-09-30 11:09:05,155 - torchtitan.trainer - INFO - Peak FLOPS used for computing MFU: 9.890e+14
[rank3]:[titan] 2026-09-30 11:09:05,155 - torchtitan.trainer - INFO - CUDA memory usage for model: 4.46GiB(5.62%)
[rank3]:[titan] 2026-09-30 11:09:05,155 - torchtitan.trainer - INFO - Trainer is initialized with 32768 tokens per DP rank, 32768 tokens per train step, gradient accumulation steps 1, maximum context length 2048, total steps 12 (warmup 2)
[rank3]:[titan] 2026-09-30 11:09:05,156 - torchtitan.trainer - INFO - Training starts at step 1
[rank3]:[titan] 2026-09-30 11:09:05,156 - torchtitan.observability.profiler - INFO - Profiling active. Traces will be saved at /root/mep/results/dep_h100_pp4vpp4/trace2_r10_m16_w_dep_off/out/traces
[rank2]:[titan] 2026-09-30 11:09:05,172 - torchtitan.training_engine - INFO - Model KimiK3Model.Config size: 12,059,226,240 total parameters
[rank2]:[titan] 2026-09-30 11:09:05,173 - torchtitan.components.optimizer.optimizer - INFO - Optimizer AdamW (model_part=0): 50 params [.*] {'lr': 0.0008, 'betas': (0.9, 0.95), 'eps': 1e-08, 'weight_decay': 0.1, 'foreach': None, 'fused': True}
[rank2]:[titan] 2026-09-30 11:09:05,174 - torchtitan.components.optimizer.optimizer - INFO - Optimizer AdamW (model_part=1): 28 params [.*] {'lr': 0.0008, 'betas': (0.9, 0.95), 'eps': 1e-08, 'weight_decay': 0.1, 'foreach': None, 'fused': True}
[rank2]:[titan] 2026-09-30 11:09:05,174 - torchtitan.components.optimizer.optimizer - INFO - Optimizer AdamW (model_part=2): 28 params [.*] {'lr': 0.0008, 'betas': (0.9, 0.95), 'eps': 1e-08, 'weight_decay': 0.1, 'foreach': None, 'fused': True}
[rank2]:[titan] 2026-09-30 11:09:05,174 - torchtitan.components.optimizer.optimizer - INFO - Optimizer AdamW (model_part=3): 22 params [.*] {'lr': 0.0008, 'betas': (0.9, 0.95), 'eps': 1e-08, 'weight_decay': 0.1, 'foreach': None, 'fused': True}
[rank2]:[titan] 2026-09-30 11:09:05,175 - torchtitan.observability.metrics - WARNING - [31mPipeline Parallel loss is not visible. Please add [33mrank 3[31m to LOG_RANK environment variable in run_train.sh.[39m
[rank2]:[titan] 2026-09-30 11:09:05,175 - torchtitan.trainer - INFO - Peak FLOPS used for computing MFU: 9.890e+14
[rank2]:[titan] 2026-09-30 11:09:05,175 - torchtitan.trainer - INFO - CUDA memory usage for model: 6.69GiB(8.45%)
[rank2]:[titan] 2026-09-30 11:09:05,175 - torchtitan.trainer - INFO - Trainer is initialized with 32768 tokens per DP rank, 32768 tokens per train step, gradient accumulation steps 1, maximum context length 2048, total steps 12 (warmup 2)
[rank2]:[titan] 2026-09-30 11:09:05,175 - torchtitan.trainer - INFO - Training starts at step 1
[rank2]:[titan] 2026-09-30 11:09:05,175 - torchtitan.observability.profiler - INFO - Profiling active. Traces will be saved at /root/mep/results/dep_h100_pp4vpp4/trace2_r10_m16_w_dep_off/out/traces
[rank1]:[titan] 2026-09-30 11:09:05,172 - torchtitan.training_engine - INFO - Model KimiK3Model.Config size: 12,059,226,240 total parameters
[rank1]:[titan] 2026-09-30 11:09:05,174 - torchtitan.components.optimizer.optimizer - INFO - Optimizer AdamW (model_part=0): 56 params [.*] {'lr': 0.0008, 'betas': (0.9, 0.95), 'eps': 1e-08, 'weight_decay': 0.1, 'foreach': None, 'fused': True}
[rank1]:[titan] 2026-09-30 11:09:05,174 - torchtitan.components.optimizer.optimizer - INFO - Optimizer AdamW (model_part=1): 22 params [.*] {'lr': 0.0008, 'betas': (0.9, 0.95), 'eps': 1e-08, 'weight_decay': 0.1, 'foreach': None, 'fused': True}
[rank1]:[titan] 2026-09-30 11:09:05,174 - torchtitan.components.optimizer.optimizer - INFO - Optimizer AdamW (model_part=2): 22 params [.*] {'lr': 0.0008, 'betas': (0.9, 0.95), 'eps': 1e-08, 'weight_decay': 0.1, 'foreach': None, 'fused': True}
[rank1]:[titan] 2026-09-30 11:09:05,175 - torchtitan.components.optimizer.optimizer - INFO - Optimizer AdamW (model_part=3): 22 params [.*] {'lr': 0.0008, 'betas': (0.9, 0.95), 'eps': 1e-08, 'weight_decay': 0.1, 'foreach': None, 'fused': True}
[rank1]:[titan] 2026-09-30 11:09:05,176 - torchtitan.observability.metrics - WARNING - [31mPipeline Parallel loss is not visible. Please add [33mrank 3[31m to LOG_RANK environment variable in run_train.sh.[39m
[rank1]:[titan] 2026-09-30 11:09:05,176 - torchtitan.trainer - INFO - Peak FLOPS used for computing MFU: 9.890e+14
[rank1]:[titan] 2026-09-30 11:09:05,176 - torchtitan.trainer - INFO - CUDA memory usage for model: 6.31GiB(7.97%)
[rank1]:[titan] 2026-09-30 11:09:05,176 - torchtitan.trainer - INFO - Trainer is initialized with 32768 tokens per DP rank, 32768 tokens per train step, gradient accumulation steps 1, maximum context length 2048, total steps 12 (warmup 2)
[rank1]:[titan] 2026-09-30 11:09:05,176 - torchtitan.trainer - INFO - Training starts at step 1
[rank1]:[titan] 2026-09-30 11:09:05,176 - torchtitan.observability.profiler - INFO - Profiling active. Traces will be saved at /root/mep/results/dep_h100_pp4vpp4/trace2_r10_m16_w_dep_off/out/traces
[rank0]:[titan] 2026-09-30 11:09:05,324 - torchtitan.training_engine - INFO - Model KimiK3Model.Config size: 12,059,226,240 total parameters
[rank0]:[titan] 2026-09-30 11:09:05,327 - torchtitan.components.optimizer.optimizer - INFO - Optimizer AdamW (model_part=0): 243 params [.*] {'lr': 0.0008, 'betas': (0.9, 0.95), 'eps': 1e-08, 'weight_decay': 0.1, 'foreach': None, 'fused': True}
[rank0]:[titan] 2026-09-30 11:09:05,327 - torchtitan.components.optimizer.optimizer - INFO - Optimizer AdamW (model_part=1): 28 params [.*] {'lr': 0.0008, 'betas': (0.9, 0.95), 'eps': 1e-08, 'weight_decay': 0.1, 'foreach': None, 'fused': True}
[rank0]:[titan] 2026-09-30 11:09:05,327 - torchtitan.components.optimizer.optimizer - INFO - Optimizer AdamW (model_part=2): 28 params [.*] {'lr': 0.0008, 'betas': (0.9, 0.95), 'eps': 1e-08, 'weight_decay': 0.1, 'foreach': None, 'fused': True}
[rank0]:[titan] 2026-09-30 11:09:05,328 - torchtitan.components.optimizer.optimizer - INFO - Optimizer AdamW (model_part=3): 28 params [.*] {'lr': 0.0008, 'betas': (0.9, 0.95), 'eps': 1e-08, 'weight_decay': 0.1, 'foreach': None, 'fused': True}
[rank0]:[titan] 2026-09-30 11:09:05,330 - torchtitan.observability.metrics - WARNING - [31mPipeline Parallel loss is not visible. Please add [33mrank 3[31m to LOG_RANK environment variable in run_train.sh.[39m
[rank0]:[titan] 2026-09-30 11:09:05,330 - torchtitan.trainer - INFO - Peak FLOPS used for computing MFU: 9.890e+14
[rank0]:[titan] 2026-09-30 11:09:05,330 - torchtitan.trainer - INFO - CUDA memory usage for model: 6.51GiB(8.22%)
[rank0]:[titan] 2026-09-30 11:09:05,330 - torchtitan.trainer - INFO - Trainer is initialized with 32768 tokens per DP rank, 32768 tokens per train step, gradient accumulation steps 1, maximum context length 2048, total steps 12 (warmup 2)
[rank0]:[titan] 2026-09-30 11:09:05,330 - torchtitan.trainer - INFO - Training starts at step 1
[rank0]:[titan] 2026-09-30 11:09:05,330 - torchtitan.observability.profiler - INFO - Profiling active. Traces will be saved at /root/mep/results/dep_h100_pp4vpp4/trace2_r10_m16_w_dep_off/out/traces
[rank1]:/root/mep/venv_src/lib/python3.12/site-packages/torch/distributed/fsdp/_fully_shard/_fsdp_state.py:336: UserWarning: FSDP2-wrapped module (FSDPCheckpointWrapper) returned a view tensor. An in-place op on this view (e.g., `x += y`) will silently drop the pre-backward hook and skip the all-gather, which can cause backward to fail or produce wrong gradients. Use out-of-place ops (`out = out + y`, not `out += y`) or `.clone()` the output before any in-place op.
[rank1]:  output = self._register_pre_backward_hook(output)
[rank1]:/root/mep/venv_src/lib/python3.12/site-packages/torch/distributed/fsdp/_fully_shard/_fsdp_state.py:336: UserWarning: FSDP2-wrapped module (FSDPKimiK3Model) returned a view tensor. An in-place op on this view (e.g., `x += y`) will silently drop the pre-backward hook and skip the all-gather, which can cause backward to fail or produce wrong gradients. Use out-of-place ops (`out = out + y`, not `out += y`) or `.clone()` the output before any in-place op.
[rank1]:  output = self._register_pre_backward_hook(output)
[rank2]:/root/mep/venv_src/lib/python3.12/site-packages/torch/distributed/fsdp/_fully_shard/_fsdp_state.py:336: UserWarning: FSDP2-wrapped module (FSDPCheckpointWrapper) returned a view tensor. An in-place op on this view (e.g., `x += y`) will silently drop the pre-backward hook and skip the all-gather, which can cause backward to fail or produce wrong gradients. Use out-of-place ops (`out = out + y`, not `out += y`) or `.clone()` the output before any in-place op.
[rank2]:  output = self._register_pre_backward_hook(output)
[rank3]:/root/mep/venv_src/lib/python3.12/site-packages/torch/distributed/fsdp/_fully_shard/_fsdp_state.py:336: UserWarning: FSDP2-wrapped module (FSDPCheckpointWrapper) returned a view tensor. An in-place op on this view (e.g., `x += y`) will silently drop the pre-backward hook and skip the all-gather, which can cause backward to fail or produce wrong gradients. Use out-of-place ops (`out = out + y`, not `out += y`) or `.clone()` the output before any in-place op.
[rank3]:  output = self._register_pre_backward_hook(output)
[rank3]:/root/mep/venv_src/lib/python3.12/site-packages/torch/distributed/fsdp/_fully_shard/_fsdp_state.py:336: UserWarning: FSDP2-wrapped module (FSDPKimiK3Model) returned a view tensor. An in-place op on this view (e.g., `x += y`) will silently drop the pre-backward hook and skip the all-gather, which can cause backward to fail or produce wrong gradients. Use out-of-place ops (`out = out + y`, not `out += y`) or `.clone()` the output before any in-place op.
[rank3]:  output = self._register_pre_backward_hook(output)
[rank0]:/root/mep/venv_src/lib/python3.12/site-packages/torch/distributed/fsdp/_fully_shard/_fsdp_state.py:336: UserWarning: FSDP2-wrapped module (FSDPCheckpointWrapper) returned a view tensor. An in-place op on this view (e.g., `x += y`) will silently drop the pre-backward hook and skip the all-gather, which can cause backward to fail or produce wrong gradients. Use out-of-place ops (`out = out + y`, not `out += y`) or `.clone()` the output before any in-place op.
[rank0]:  output = self._register_pre_backward_hook(output)
[rank0]:/root/mep/venv_src/lib/python3.12/site-packages/torch/distributed/fsdp/_fully_shard/_fsdp_state.py:336: UserWarning: FSDP2-wrapped module (FSDPKimiK3Model) returned a view tensor. An in-place op on this view (e.g., `x += y`) will silently drop the pre-backward hook and skip the all-gather, which can cause backward to fail or produce wrong gradients. Use out-of-place ops (`out = out + y`, not `out += y`) or `.clone()` the output before any in-place op.
[rank0]:  output = self._register_pre_backward_hook(output)
[rank1]:/root/mep/venv_src/lib/python3.12/site-packages/torch/distributed/fsdp/_fully_shard/_fsdp_state.py:336: UserWarning: FSDP2-wrapped module (FSDPCheckpointWrapper) returned a view tensor. An in-place op on this view (e.g., `x += y`) will silently drop the pre-backward hook and skip the all-gather, which can cause backward to fail or produce wrong gradients. Use out-of-place ops (`out = out + y`, not `out += y`) or `.clone()` the output before any in-place op.
[rank1]:  output = self._register_pre_backward_hook(output)
[rank1]:/root/mep/venv_src/lib/python3.12/site-packages/torch/distributed/fsdp/_fully_shard/_fsdp_state.py:336: UserWarning: FSDP2-wrapped module (FSDPKimiK3Model) returned a view tensor. An in-place op on this view (e.g., `x += y`) will silently drop the pre-backward hook and skip the all-gather, which can cause backward to fail or produce wrong gradients. Use out-of-place ops (`out = out + y`, not `out += y`) or `.clone()` the output before any in-place op.
[rank1]:  output = self._register_pre_backward_hook(output)
[rank0]:/root/mep/venv_src/lib/python3.12/site-packages/torch/distributed/fsdp/_fully_shard/_fsdp_state.py:336: UserWarning: FSDP2-wrapped module (FSDPCheckpointWrapper) returned a view tensor. An in-place op on this view (e.g., `x += y`) will silently drop the pre-backward hook and skip the all-gather, which can cause backward to fail or produce wrong gradients. Use out-of-place ops (`out = out + y`, not `out += y`) or `.clone()` the output before any in-place op.
[rank0]:  output = self._register_pre_backward_hook(output)
[rank0]:/root/mep/venv_src/lib/python3.12/site-packages/torch/distributed/fsdp/_fully_shard/_fsdp_state.py:336: UserWarning: FSDP2-wrapped module (FSDPKimiK3Model) returned a view tensor. An in-place op on this view (e.g., `x += y`) will silently drop the pre-backward hook and skip the all-gather, which can cause backward to fail or produce wrong gradients. Use out-of-place ops (`out = out + y`, not `out += y`) or `.clone()` the output before any in-place op.
[rank0]:  output = self._register_pre_backward_hook(output)
[rank2]:[titan] 2026-09-30 11:09:55,778 - torchtitan.observability.metrics - INFO - [31mstep:  1  [32mloss: -1.00000  [38;2;180;60;0mgrad_norm: 41.0000  [38;2;54;234;195mmemory: 60.02GiB(75.77%)  [34mtps: 159  [36mtflops: 8.67  [35mmfu: 0.88%[39m
[rank3]:[titan] 2026-09-30 11:09:55,722 - torchtitan.observability.metrics - INFO - [31mstep:  1  [32mloss:  8.16811  [38;2;180;60;0mgrad_norm: 41.0000  [38;2;54;234;195mmemory: 48.37GiB(61.06%)  [34mtps: 159  [36mtflops: 8.68  [35mmfu: 0.88%[39m
[rank1]:[titan] 2026-09-30 11:09:55,765 - torchtitan.observability.metrics - INFO - [31mstep:  1  [32mloss: -1.00000  [38;2;180;60;0mgrad_norm: 41.0000  [38;2;54;234;195mmemory: 53.53GiB(67.58%)  [34mtps: 159  [36mtflops: 8.67  [35mmfu: 0.88%[39m
[rank2]:[titan] 2026-09-30 11:09:55,778 - torchtitan.distributed.utils - INFO - Synchronizing and adjusting timeout for all ProcessGroups to 0:01:40
[rank3]:[titan] 2026-09-30 11:09:55,722 - torchtitan.distributed.utils - INFO - Synchronizing and adjusting timeout for all ProcessGroups to 0:01:40
[rank1]:[titan] 2026-09-30 11:09:55,765 - torchtitan.distributed.utils - INFO - Synchronizing and adjusting timeout for all ProcessGroups to 0:01:40
[rank0]:[titan] 2026-09-30 11:09:56,071 - torchtitan.observability.metrics - INFO - [31mstep:  1  [32mloss: -1.00000  [38;2;180;60;0mgrad_norm: 41.0000  [38;2;54;234;195mmemory: 56.68GiB(71.55%)  [34mtps: 158  [36mtflops: 8.62  [35mmfu: 0.87%[39m
[rank0]:[titan] 2026-09-30 11:09:56,073 - torchtitan.distributed.utils - INFO - Synchronizing and adjusting timeout for all ProcessGroups to 0:01:40
[rank1]:[titan] 2026-09-30 11:10:01,291 - torchtitan.observability.metrics - INFO - [31mstep:  2  [32mloss: -1.00000  [38;2;180;60;0mgrad_norm: 43.7500  [38;2;54;234;195mmemory: 65.27GiB(82.40%)  [34mtps: 1,482  [36mtflops: 80.93  [35mmfu: 8.18%[39m
[rank0]:[titan] 2026-09-30 11:10:01,292 - torchtitan.observability.metrics - INFO - [31mstep:  2  [32mloss: -1.00000  [38;2;180;60;0mgrad_norm: 43.7500  [38;2;54;234;195mmemory: 70.08GiB(88.48%)  [34mtps: 1,569  [36mtflops: 85.67  [35mmfu: 8.66%[39m
[rank2]:[titan] 2026-09-30 11:10:01,293 - torchtitan.observability.metrics - INFO - [31mstep:  2  [32mloss: -1.00000  [38;2;180;60;0mgrad_norm: 43.7500  [38;2;54;234;195mmemory: 72.74GiB(91.84%)  [34mtps: 1,485  [36mtflops: 81.10  [35mmfu: 8.20%[39m
[rank3]:[titan] 2026-09-30 11:10:01,286 - torchtitan.observability.metrics - INFO - [31mstep:  2  [32mloss:  6.71022  [38;2;180;60;0mgrad_norm: 43.7500  [38;2;54;234;195mmemory: 56.80GiB(71.71%)  [34mtps: 1,472  [36mtflops: 80.39  [35mmfu: 8.13%[39m
[rank0]:[titan] 2026-09-30 11:10:06,367 - torchtitan.observability.metrics - INFO - [31mstep:  3  [32mloss: -1.00000  [38;2;180;60;0mgrad_norm: 132.0000  [38;2;54;234;195mmemory: 70.08GiB(88.48%)  [34mtps: 1,614  [36mtflops: 88.15  [35mmfu: 8.91%[39m
[rank3]:[titan] 2026-09-30 11:10:06,361 - torchtitan.observability.metrics - INFO - [31mstep:  3  [32mloss:  7.11842  [38;2;180;60;0mgrad_norm: 132.0000  [38;2;54;234;195mmemory: 56.80GiB(71.71%)  [34mtps: 1,614  [36mtflops: 88.14  [35mmfu: 8.91%[39m
[rank2]:[titan] 2026-09-30 11:10:06,367 - torchtitan.observability.metrics - INFO - [31mstep:  3  [32mloss: -1.00000  [38;2;180;60;0mgrad_norm: 132.0000  [38;2;54;234;195mmemory: 72.74GiB(91.84%)  [34mtps: 1,614  [36mtflops: 88.14  [35mmfu: 8.91%[39m
[rank1]:[titan] 2026-09-30 11:10:06,366 - torchtitan.observability.metrics - INFO - [31mstep:  3  [32mloss: -1.00000  [38;2;180;60;0mgrad_norm: 132.0000  [38;2;54;234;195mmemory: 65.27GiB(82.40%)  [34mtps: 1,614  [36mtflops: 88.15  [35mmfu: 8.91%[39m
[rank3]:[titan] 2026-09-30 11:10:11,485 - torchtitan.observability.metrics - INFO - [31mstep:  4  [32mloss:  5.32050  [38;2;180;60;0mgrad_norm: 51.0000  [38;2;54;234;195mmemory: 56.80GiB(71.71%)  [34mtps: 1,599  [36mtflops: 87.28  [35mmfu: 8.83%[39m
[rank2]:[titan] 2026-09-30 11:10:11,492 - torchtitan.observability.metrics - INFO - [31mstep:  4  [32mloss: -1.00000  [38;2;180;60;0mgrad_norm: 51.0000  [38;2;54;234;195mmemory: 72.74GiB(91.84%)  [34mtps: 1,599  [36mtflops: 87.28  [35mmfu: 8.82%[39m
[rank1]:[titan] 2026-09-30 11:10:11,490 - torchtitan.observability.metrics - INFO - [31mstep:  4  [32mloss: -1.00000  [38;2;180;60;0mgrad_norm: 51.0000  [38;2;54;234;195mmemory: 65.27GiB(82.40%)  [34mtps: 1,599  [36mtflops: 87.28  [35mmfu: 8.83%[39m
[rank0]:[titan] 2026-09-30 11:10:11,491 - torchtitan.observability.metrics - INFO - [31mstep:  4  [32mloss: -1.00000  [38;2;180;60;0mgrad_norm: 51.0000  [38;2;54;234;195mmemory: 70.08GiB(88.48%)  [34mtps: 1,599  [36mtflops: 87.28  [35mmfu: 8.82%[39m
[rank3]:[titan] 2026-09-30 11:10:16,614 - torchtitan.observability.metrics - INFO - [31mstep:  5  [32mloss:  9.04090  [38;2;180;60;0mgrad_norm: 1384.0000  [38;2;54;234;195mmemory: 56.80GiB(71.71%)  [34mtps: 1,597  [36mtflops: 87.21  [35mmfu: 8.82%[39m
[rank1]:[titan] 2026-09-30 11:10:16,620 - torchtitan.observability.metrics - INFO - [31mstep:  5  [32mloss: -1.00000  [38;2;180;60;0mgrad_norm: 1384.0000  [38;2;54;234;195mmemory: 65.27GiB(82.40%)  [34mtps: 1,597  [36mtflops: 87.20  [35mmfu: 8.82%[39m
[rank2]:[titan] 2026-09-30 11:10:16,621 - torchtitan.observability.metrics - INFO - [31mstep:  5  [32mloss: -1.00000  [38;2;180;60;0mgrad_norm: 1384.0000  [38;2;54;234;195mmemory: 72.74GiB(91.84%)  [34mtps: 1,597  [36mtflops: 87.21  [35mmfu: 8.82%[39m
[rank0]:[titan] 2026-09-30 11:10:16,621 - torchtitan.observability.metrics - INFO - [31mstep:  5  [32mloss: -1.00000  [38;2;180;60;0mgrad_norm: 1384.0000  [38;2;54;234;195mmemory: 70.08GiB(88.48%)  [34mtps: 1,597  [36mtflops: 87.20  [35mmfu: 8.82%[39m
[rank1]:[titan] 2026-09-30 11:10:21,697 - torchtitan.observability.metrics - INFO - [31mstep:  6  [32mloss: -1.00000  [38;2;180;60;0mgrad_norm: 104.5000  [38;2;54;234;195mmemory: 65.27GiB(82.40%)  [34mtps: 1,614  [36mtflops: 88.10  [35mmfu: 8.91%[39m
[rank3]:[titan] 2026-09-30 11:10:21,692 - torchtitan.observability.metrics - INFO - [31mstep:  6  [32mloss:  8.12068  [38;2;180;60;0mgrad_norm: 104.5000  [38;2;54;234;195mmemory: 56.80GiB(71.71%)  [34mtps: 1,614  [36mtflops: 88.10  [35mmfu: 8.91%[39m
[rank0]:[titan] 2026-09-30 11:10:21,698 - torchtitan.observability.metrics - INFO - [31mstep:  6  [32mloss: -1.00000  [38;2;180;60;0mgrad_norm: 104.5000  [38;2;54;234;195mmemory: 70.08GiB(88.48%)  [34mtps: 1,614  [36mtflops: 88.10  [35mmfu: 8.91%[39m
[rank2]:[titan] 2026-09-30 11:10:21,698 - torchtitan.observability.metrics - INFO - [31mstep:  6  [32mloss: -1.00000  [38;2;180;60;0mgrad_norm: 104.5000  [38;2;54;234;195mmemory: 72.74GiB(91.84%)  [34mtps: 1,614  [36mtflops: 88.10  [35mmfu: 8.91%[39m
[rank1]:[titan] 2026-09-30 11:10:26,793 - torchtitan.observability.metrics - INFO - [31mstep:  7  [32mloss: -1.00000  [38;2;180;60;0mgrad_norm: 189.0000  [38;2;54;234;195mmemory: 65.27GiB(82.40%)  [34mtps: 1,608  [36mtflops: 87.77  [35mmfu: 8.87%[39m
[rank2]:[titan] 2026-09-30 11:10:26,794 - torchtitan.observability.metrics - INFO - [31mstep:  7  [32mloss: -1.00000  [38;2;180;60;0mgrad_norm: 189.0000  [38;2;54;234;195mmemory: 72.74GiB(91.84%)  [34mtps: 1,608  [36mtflops: 87.77  [35mmfu: 8.87%[39m
[rank0]:[titan] 2026-09-30 11:10:26,794 - torchtitan.observability.metrics - INFO - [31mstep:  7  [32mloss: -1.00000  [38;2;180;60;0mgrad_norm: 189.0000  [38;2;54;234;195mmemory: 70.08GiB(88.48%)  [34mtps: 1,608  [36mtflops: 87.77  [35mmfu: 8.87%[39m
[rank3]:[titan] 2026-09-30 11:10:26,788 - torchtitan.observability.metrics - INFO - [31mstep:  7  [32mloss:  7.31590  [38;2;180;60;0mgrad_norm: 189.0000  [38;2;54;234;195mmemory: 56.80GiB(71.71%)  [34mtps: 1,608  [36mtflops: 87.77  [35mmfu: 8.87%[39m
[rank1]:[titan] 2026-09-30 11:10:32,284 - torchtitan.observability.metrics - INFO - [31mstep:  8  [32mloss: -1.00000  [38;2;180;60;0mgrad_norm: 88.0000  [38;2;54;234;195mmemory: 65.27GiB(82.40%)  [34mtps: 1,492  [36mtflops: 81.47  [35mmfu: 8.24%[39m
[rank3]:[titan] 2026-09-30 11:10:32,278 - torchtitan.observability.metrics - INFO - [31mstep:  8  [32mloss:  6.89777  [38;2;180;60;0mgrad_norm: 88.0000  [38;2;54;234;195mmemory: 56.80GiB(71.71%)  [34mtps: 1,492  [36mtflops: 81.47  [35mmfu: 8.24%[39m
[rank2]:[titan] 2026-09-30 11:10:32,285 - torchtitan.observability.metrics - INFO - [31mstep:  8  [32mloss: -1.00000  [38;2;180;60;0mgrad_norm: 88.0000  [38;2;54;234;195mmemory: 72.74GiB(91.84%)  [34mtps: 1,492  [36mtflops: 81.47  [35mmfu: 8.24%[39m
[rank0]:[titan] 2026-09-30 11:10:32,285 - torchtitan.observability.metrics - INFO - [31mstep:  8  [32mloss: -1.00000  [38;2;180;60;0mgrad_norm: 88.0000  [38;2;54;234;195mmemory: 70.08GiB(88.48%)  [34mtps: 1,492  [36mtflops: 81.47  [35mmfu: 8.24%[39m
[rank1]:[titan] 2026-09-30 11:10:37,689 - torchtitan.observability.metrics - INFO - [31mstep:  9  [32mloss: -1.00000  [38;2;180;60;0mgrad_norm: 161.0000  [38;2;54;234;195mmemory: 65.27GiB(82.40%)  [34mtps: 1,516  [36mtflops: 82.75  [35mmfu: 8.37%[39m
[rank0]:[titan] 2026-09-30 11:10:37,690 - torchtitan.observability.metrics - INFO - [31mstep:  9  [32mloss: -1.00000  [38;2;180;60;0mgrad_norm: 161.0000  [38;2;54;234;195mmemory: 70.08GiB(88.48%)  [34mtps: 1,516  [36mtflops: 82.75  [35mmfu: 8.37%[39m
[rank3]:[titan] 2026-09-30 11:10:37,684 - torchtitan.observability.metrics - INFO - [31mstep:  9  [32mloss:  6.17016  [38;2;180;60;0mgrad_norm: 161.0000  [38;2;54;234;195mmemory: 56.80GiB(71.71%)  [34mtps: 1,516  [36mtflops: 82.75  [35mmfu: 8.37%[39m
[rank0]:USDT:2026-09-30 11:10:37 115078:115078 SyncActivityProfilerHandler.cpp:39] profiler_start
[rank2]:USDT:2026-09-30 11:10:37 115080:115080 SyncActivityProfilerHandler.cpp:39] profiler_start
[rank1]:USDT:2026-09-30 11:10:37 115079:115079 SyncActivityProfilerHandler.cpp:39] profiler_start
[rank2]:[titan] 2026-09-30 11:10:37,690 - torchtitan.observability.metrics - INFO - [31mstep:  9  [32mloss: -1.00000  [38;2;180;60;0mgrad_norm: 161.0000  [38;2;54;234;195mmemory: 72.74GiB(91.84%)  [34mtps: 1,516  [36mtflops: 82.75  [35mmfu: 8.37%[39m
[rank3]:USDT:2026-09-30 11:10:37 115081:115081 SyncActivityProfilerHandler.cpp:39] profiler_start
[rank2]:[titan] 2026-09-30 11:10:44,207 - torchtitan.observability.metrics - INFO - [31mstep: 10  [32mloss: -1.00000  [38;2;180;60;0mgrad_norm: 25.6250  [38;2;54;234;195mmemory: 72.74GiB(91.84%)  [34mtps: 1,257  [36mtflops: 68.64  [35mmfu: 6.94%[39m
[rank1]:[titan] 2026-09-30 11:10:44,205 - torchtitan.observability.metrics - INFO - [31mstep: 10  [32mloss: -1.00000  [38;2;180;60;0mgrad_norm: 25.6250  [38;2;54;234;195mmemory: 65.27GiB(82.40%)  [34mtps: 1,257  [36mtflops: 68.64  [35mmfu: 6.94%[39m
[rank0]:[titan] 2026-09-30 11:10:44,206 - torchtitan.observability.metrics - INFO - [31mstep: 10  [32mloss: -1.00000  [38;2;180;60;0mgrad_norm: 25.6250  [38;2;54;234;195mmemory: 70.08GiB(88.48%)  [34mtps: 1,257  [36mtflops: 68.64  [35mmfu: 6.94%[39m
[rank3]:[titan] 2026-09-30 11:10:44,200 - torchtitan.observability.metrics - INFO - [31mstep: 10  [32mloss:  6.02963  [38;2;180;60;0mgrad_norm: 25.6250  [38;2;54;234;195mmemory: 56.80GiB(71.71%)  [34mtps: 1,257  [36mtflops: 68.64  [35mmfu: 6.94%[39m
[rank3]:USDT:2026-09-30 11:10:44 115081:115081 SyncActivityProfilerHandler.cpp:46] profiler_stop
[rank1]:USDT:2026-09-30 11:10:44 115079:115079 SyncActivityProfilerHandler.cpp:46] profiler_stop
[rank2]:USDT:2026-09-30 11:10:44 115080:115080 SyncActivityProfilerHandler.cpp:46] profiler_stop
[rank0]:USDT:2026-09-30 11:10:45 115078:115078 SyncActivityProfilerHandler.cpp:46] profiler_stop
[rank3]:[titan] 2026-09-30 11:10:46,214 - torchtitan.observability.profiler - INFO - Dumping profiler traces at step 10
[rank1]:[titan] 2026-09-30 11:10:46,915 - torchtitan.observability.profiler - INFO - Dumping profiler traces at step 10
[rank2]:[titan] 2026-09-30 11:10:47,023 - torchtitan.observability.profiler - INFO - Dumping profiler traces at step 10
[rank0]:[titan] 2026-09-30 11:10:49,411 - torchtitan.observability.profiler - INFO - Dumping profiler traces at step 10
[rank3]:[titan] 2026-09-30 11:10:53,058 - torchtitan.observability.profiler - INFO - Finished dumping profiler traces in 6.84 seconds
[rank1]:[titan] 2026-09-30 11:10:56,281 - torchtitan.observability.profiler - INFO - Finished dumping profiler traces in 9.37 seconds
[rank2]:[titan] 2026-09-30 11:10:56,799 - torchtitan.observability.profiler - INFO - Finished dumping profiler traces in 9.78 seconds
[rank0]:[titan] 2026-09-30 11:11:06,595 - torchtitan.observability.profiler - INFO - Finished dumping profiler traces in 17.18 seconds
[rank1]:[titan] 2026-09-30 11:11:11,900 - torchtitan.observability.metrics - INFO - [31mstep: 11  [32mloss: -1.00000  [38;2;180;60;0mgrad_norm: 37.2500  [38;2;54;234;195mmemory: 65.27GiB(82.40%)  [34mtps: 296  [36mtflops: 16.15  [35mmfu: 1.63%[39m
[rank0]:[titan] 2026-09-30 11:11:11,901 - torchtitan.observability.metrics - INFO - [31mstep: 11  [32mloss: -1.00000  [38;2;180;60;0mgrad_norm: 37.2500  [38;2;54;234;195mmemory: 70.08GiB(88.48%)  [34mtps: 296  [36mtflops: 16.15  [35mmfu: 1.63%[39m
[rank2]:[titan] 2026-09-30 11:11:11,901 - torchtitan.observability.metrics - INFO - [31mstep: 11  [32mloss: -1.00000  [38;2;180;60;0mgrad_norm: 37.2500  [38;2;54;234;195mmemory: 72.74GiB(91.84%)  [34mtps: 296  [36mtflops: 16.15  [35mmfu: 1.63%[39m
[rank3]:[titan] 2026-09-30 11:11:11,895 - torchtitan.observability.metrics - INFO - [31mstep: 11  [32mloss:  5.14285  [38;2;180;60;0mgrad_norm: 37.2500  [38;2;54;234;195mmemory: 56.80GiB(71.71%)  [34mtps: 296  [36mtflops: 16.15  [35mmfu: 1.63%[39m
[rank1]:[titan] 2026-09-30 11:11:17,256 - torchtitan.observability.metrics - INFO - [31mstep: 12  [32mloss: -1.00000  [38;2;180;60;0mgrad_norm: 25.2500  [38;2;54;234;195mmemory: 65.27GiB(82.40%)  [34mtps: 1,530  [36mtflops: 83.51  [35mmfu: 8.44%[39m
[rank1]:[titan] 2026-09-30 11:11:17,257 - torchtitan.trainer - INFO - Training completed
[rank2]:[titan] 2026-09-30 11:11:17,257 - torchtitan.observability.metrics - INFO - [31mstep: 12  [32mloss: -1.00000  [38;2;180;60;0mgrad_norm: 25.2500  [38;2;54;234;195mmemory: 72.74GiB(91.84%)  [34mtps: 1,530  [36mtflops: 83.51  [35mmfu: 8.44%[39m
[rank2]:[titan] 2026-09-30 11:11:17,258 - torchtitan.trainer - INFO - Training completed
[rank0]:[titan] 2026-09-30 11:11:17,257 - torchtitan.observability.metrics - INFO - [31mstep: 12  [32mloss: -1.00000  [38;2;180;60;0mgrad_norm: 25.2500  [38;2;54;234;195mmemory: 70.08GiB(88.48%)  [34mtps: 1,530  [36mtflops: 83.51  [35mmfu: 8.44%[39m
[rank0]:[titan] 2026-09-30 11:11:17,258 - torchtitan.trainer - INFO - Sleeping 2 seconds for other ranks to complete
[rank3]:[titan] 2026-09-30 11:11:17,251 - torchtitan.observability.metrics - INFO - [31mstep: 12  [32mloss:  5.16174  [38;2;180;60;0mgrad_norm: 25.2500  [38;2;54;234;195mmemory: 56.80GiB(71.71%)  [34mtps: 1,530  [36mtflops: 83.51  [35mmfu: 8.44%[39m
[rank3]:[titan] 2026-09-30 11:11:17,251 - torchtitan.trainer - INFO - Training completed
[rank0]:[titan] 2026-09-30 11:11:19,258 - torchtitan.trainer - INFO - Training completed
[rank2]:[titan] 2026-09-30 11:11:21,587 - __main__ - INFO - Process group destroyed
[rank1]:[titan] 2026-09-30 11:11:21,893 - __main__ - INFO - Process group destroyed
[rank0]:[titan] 2026-09-30 11:11:21,915 - __main__ - INFO - Process group destroyed
[rank3]:[titan] 2026-09-30 11:11:21,917 - __main__ - INFO - Process group destroyed
