== 2026-09-19T01:18:32Z matrix dp2
tree=/workspace/src/tt_moonep seed_cfg=kimi_k3_debugmodel batch=--training.num-tokens-per-train-step 8192 --training.num-tokens-per-microbatch-per-dp-rank 256
seed rc=0
seed files=2
dp2_std                seed-ok            rc=0   s1=12.52567/13.5000   s3=7.62942/9.4375     s10=3.33602/2.1719     s10=3.33602/2.1719    
dp2_moonep_ep1         seed-ok            rc=0   s1=12.52567/13.5000   s3=7.62942/9.4375     s10=3.33602/2.1719     s10=3.33602/2.1719    
dp2ep2_std             seed-ok            rc=0   s1=12.52567/13.5000   s3=7.61268/9.3125     s10=3.28545/2.1719     s10=3.28545/2.1719    
dp2ep2_moonep          seed-ok            rc=0   s1=12.52362/13.6250   s3=7.76788/9.8750     s10=3.27265/2.0312     s10=3.27265/2.0312    
DONE /workspace/mx3_moonep_dp2_0919_011832
== 2026-09-19T01:39:02Z matrix dp2floor
tree=/workspace/src/tt_moonep seed_cfg=kimi_k3_debugmodel batch=--training.num-tokens-per-train-step 8192 --training.num-tokens-per-microbatch-per-dp-rank 256
seed rc=0
seed files=2
dp2ep2_std_fresh       seed-ok            rc=0   s1=12.52567/13.5000   s3=7.61268/9.3125     s10=3.28545/2.1719     s10=3.28545/2.1719    
DONE /workspace/mx3_moonep_dp2floor_0919_013902
== 2026-09-19T01:45:11Z grad probe np2
### PROBE std (kimi_k3_debugmodel) NP=2 cache=gp_cache_np2
rc=1
    raise ChildFailedError(
### PROBE moonep (kimi_k3_debugmodel_moonep) NP=2 cache=gp_cache_np2
rc=1
    raise ChildFailedError(
### PROBE std_fresh (kimi_k3_debugmodel) NP=2 cache=gp_cache_fresh_np2_014511
rc=1
    raise ChildFailedError(
### PROBE_DONE NP=2
### grad diff std vs moonep (shared cache)
python: can't open file '/workspace/kit/grad_diff.py': [Errno 2] No such file or directory
### grad diff std vs std_fresh (floor)
python: can't open file '/workspace/kit/grad_diff.py': [Errno 2] No such file or directory
== 2026-09-19T01:45:41Z matrix dp4
tree=/workspace/src/tt_moonep seed_cfg=kimi_k3_debugmodel batch=--training.num-tokens-per-train-step 8192 --training.num-tokens-per-microbatch-per-dp-rank 256
seed rc=0
seed files=2
dp4_std                seed-ok            rc=0   s1=12.54318/13.3750   s3=7.79811/10.8750    s10=3.09682/1.8359     s10=3.09682/1.8359    
dp4ep4_std             seed-ok            rc=0   s1=12.54318/13.3125   s3=7.77723/11.3125    s10=3.17123/2.2969     s10=3.17123/2.2969    
dp4ep4_moonep          seed-ok            rc=0   s1=12.56253/13.2500   s3=7.69331/11.3750    s10=3.17237/2.0625     s10=3.17237/2.0625    
DONE /workspace/mx3_moonep_dp4_0919_014541
== 2026-09-19T01:56:38Z matrix dp4floor
tree=/workspace/src/tt_moonep seed_cfg=kimi_k3_debugmodel batch=--training.num-tokens-per-train-step 8192 --training.num-tokens-per-microbatch-per-dp-rank 256
seed rc=0
seed files=2
dp4ep4_std_fresh       seed-ok            rc=0   s1=12.54318/13.3125   s3=7.77723/11.3125    s10=3.17123/2.2969     s10=3.17123/2.2969    
DONE /workspace/mx3_moonep_dp4floor_0919_015638
== 2026-09-19T02:00:55Z selftests np4
/workspace/kit/h200/run_selftests.sh: line 3: cd: /workspace/moonep: No such file or directory
fatal: not a git repository (or any of the parent directories): .git
moonep  NP=4 handle=auto
### test_planning
  error_file: <N/A>
  traceback : To enable traceback see: https://pytorch.org/docs/stable/elastic/errors.html
rc=1
### test_dispatch
  error_file: <N/A>
  traceback : To enable traceback see: https://pytorch.org/docs/stable/elastic/errors.html
rc=1
### test_combine
  error_file: <N/A>
  traceback : To enable traceback see: https://pytorch.org/docs/stable/elastic/errors.html
rc=1
### test_e2e
  error_file: <N/A>
  traceback : To enable traceback see: https://pytorch.org/docs/stable/elastic/errors.html
rc=1
### test_grad_reduce
  error_file: <N/A>
  traceback : To enable traceback see: https://pytorch.org/docs/stable/elastic/errors.html
rc=1
### test_prefetch
  error_file: <N/A>
  traceback : To enable traceback see: https://pytorch.org/docs/stable/elastic/errors.html
rc=1
### SELFTESTS_DONE NP=4
== 2026-09-19T02:01:15Z hot probe np4
HOT_PROBE E32K4 rank 3/4 routing=hot slots=[2, -1, -1, -1, -1, -1, -1, -1] rows_in_slots=1024 out_maxdiff=0.0042 (ref max 0.606) gradx_maxdiff=0.0121 w1=0.0000 w2=0.0000 w3=0.0000
HOT_PROBE E32K4 rank 1/4 routing=hot slots=[0, -1, -1, -1, -1, -1, -1, -1] rows_in_slots=1024 out_maxdiff=0.0043 (ref max 0.567) gradx_maxdiff=0.0107 w1=0.0000 w2=0.0000 w3=0.0000
HOT_PROBE E32K4 rank 2/4 routing=hot slots=[1, -1, -1, -1, -1, -1, -1, -1] rows_in_slots=1024 out_maxdiff=0.0039 (ref max 0.698) gradx_maxdiff=0.0098 w1=0.0000 w2=0.0000 w3=0.0000
HOT_PROBE E32K4 rank 0/4 routing=hot slots=[-1, -1, -1, -1, -1, -1, -1, -1] rows_in_slots=0 out_maxdiff=0.0032 (ref max 0.622) gradx_maxdiff=0.0096 w1=0.1085 w2=0.0232 w3=0.1271
HOT_PROBE_RESULT routing=hot slot_populated_somewhere=True numerics_ok_all_ranks=True
HOT_PROBE E32K4 rank 0/4 routing=uniform slots=[25, -1, -1, -1, -1, -1, -1, -1] rows_in_slots=128 out_maxdiff=0.0020 (ref max 0.396) gradx_maxdiff=0.0074 w1=0.0253 w2=0.0082 w3=0.0269
HOT_PROBE E32K4 rank 3/4 routing=uniform slots=[23, -1, -1, -1, -1, -1, -1, -1] rows_in_slots=128 out_maxdiff=0.0023 (ref max 0.432) gradx_maxdiff=0.0080 w1=0.0392 w2=0.0091 w3=0.0312HOT_PROBE E32K4 rank 1/4 routing=uniform slots=[21, -1, -1, -1, -1, -1, -1, -1] rows_in_slots=128 out_maxdiff=0.0025 (ref max 0.433) gradx_maxdiff=0.0076 w1=0.0278 w2=0.0081 w3=0.0272
HOT_PROBE E32K4 rank 2/4 routing=uniform slots=[-1, -1, -1, -1, -1, -1, -1, -1] rows_in_slots=0 out_maxdiff=0.0023 (ref max 0.399) gradx_maxdiff=0.0065 w1=0.0415 w2=0.0094 w3=0.0362
HOT_PROBE_RESULT routing=uniform slot_populated_somewhere=True numerics_ok_all_ranks=True
rc=0
== 2026-09-19T02:01:36Z grad probe np4
### PROBE std (kimi_k3_debugmodel) NP=4 cache=gp_cache_np4
rc=1
    raise ChildFailedError(
### PROBE moonep (kimi_k3_debugmodel_moonep) NP=4 cache=gp_cache_np4
rc=1
    raise ChildFailedError(
### PROBE std_fresh (kimi_k3_debugmodel) NP=4 cache=gp_cache_fresh_np4_020136
rc=1
    raise ChildFailedError(
### PROBE_DONE NP=4
### grad diff std vs moonep (shared cache)
python: can't open file '/workspace/kit/grad_diff.py': [Errno 2] No such file or directory
### grad diff std vs std_fresh (floor)
python: can't open file '/workspace/kit/grad_diff.py': [Errno 2] No such file or directory
== 2026-09-19T02:02:06Z ALL_DONE
== 2026-09-19T02:02:06Z cell 9 row occupancy, ep4
cell 9 rc=1
== 2026-09-19T02:02:44Z cell 6 slots=b7, forced hot, ep4
cell 6 b7 rc=1
capacity
prefetch
slot
== 2026-09-19T02:02:59Z cell 6 slots=b1, forced hot, ep4
cell 6 b1 rc=1
capacity
prefetch
slot
== 2026-09-19T02:03:14Z CELLS_6_9_DONE
