probe cmd: torchrun --nproc_per_node=4 --master_port=44200 /workspace/kit/qb_balance_probe.py --module _torchtitan_checkpoint_test_config --config checkpoint_test_config --dump-folder /workspace/qb_qb_moonep --debug.seed 42 --debug.deterministic --training.steps 30 --metrics.log_freq 1 --training.num-tokens-per-train-step 8192 --training.num-tokens-per-microbatch-per-dp-rank 256 --parallelism.data_parallel_shard_degree 4 --parallelism.expert_parallel_degree 4
W0919 04:15:28.086000 40853 torch/distributed/run.py:982] 
W0919 04:15:28.086000 40853 torch/distributed/run.py:982] *****************************************
W0919 04:15:28.086000 40853 torch/distributed/run.py:982] Setting OMP_NUM_THREADS environment variable for each process to be 1 in default, to avoid your system being overloaded, please further tune the variable for optimal performance in your application as needed. 
W0919 04:15:28.086000 40853 torch/distributed/run.py:982] *****************************************
[titan] 2026-09-19 04:15:33,490 - absl - WARNING - Failed to load jax profiler: No module named 'jax'
[titan] 2026-09-19 04:15:33,599 - absl - WARNING - Failed to load jax profiler: No module named 'jax'
[titan] 2026-09-19 04:15:33,645 - absl - WARNING - Failed to load jax profiler: No module named 'jax'
[titan] 2026-09-19 04:15:33,794 - absl - WARNING - Failed to load jax profiler: No module named 'jax'
[titan] 2026-09-19 04:15:34,752 - torchtitan.components.checkpointer.base - WARNING - initial_load_model_only=True has no effect without an initial_load_path.
[titan] 2026-09-19 04:15:34,824 - torchtitan.components.checkpointer.base - WARNING - initial_load_model_only=True has no effect without an initial_load_path.
[titan] 2026-09-19 04:15:34,827 - torchtitan.observability.structured_logger.structured_logging - INFO - Structured logging disabled via DebugConfig.enable_structured_logging=False
[titan] 2026-09-19 04:15:34,848 - torchtitan.components.checkpointer.base - WARNING - initial_load_model_only=True has no effect without an initial_load_path.
[titan] 2026-09-19 04:15:34,920 - torchtitan.components.checkpointer.base - WARNING - initial_load_model_only=True has no effect without an initial_load_path.
[titan] 2026-09-19 04:15:34,922 - torchtitan.observability.structured_logger.structured_logging - INFO - Structured logging disabled via DebugConfig.enable_structured_logging=False
[titan] 2026-09-19 04:15:34,922 - torchtitan.components.checkpointer.base - WARNING - initial_load_model_only=True has no effect without an initial_load_path.
[titan] 2026-09-19 04:15:35,004 - torchtitan.components.checkpointer.base - WARNING - initial_load_model_only=True has no effect without an initial_load_path.
[titan] 2026-09-19 04:15:35,007 - torchtitan.observability.structured_logger.structured_logging - INFO - Structured logging disabled via DebugConfig.enable_structured_logging=False
[titan] 2026-09-19 04:15:35,157 - torchtitan.components.checkpointer.base - WARNING - initial_load_model_only=True has no effect without an initial_load_path.
[titan] 2026-09-19 04:15:35,233 - torchtitan.components.checkpointer.base - WARNING - initial_load_model_only=True has no effect without an initial_load_path.
[titan] 2026-09-19 04:15:35,235 - torchtitan.observability.structured_logger.structured_logging - INFO - Structured logging disabled via DebugConfig.enable_structured_logging=False
[titan] 2026-09-19 04:15:35,295 - torchtitan.distributed.utils - WARNING - ENV[TORCH_NCCL_ASYNC_ERROR_HANDLING] = 1 will be overridden to 3 based on job config
[titan] 2026-09-19 04:15:35,509 - torchtitan.distributed.utils - WARNING - ENV[TORCH_NCCL_ASYNC_ERROR_HANDLING] = 1 will be overridden to 3 based on job config
[titan] 2026-09-19 04:15:35,668 - torchtitan.distributed.utils - WARNING - ENV[TORCH_NCCL_ASYNC_ERROR_HANDLING] = 1 will be overridden to 3 based on job config
[titan] 2026-09-19 04:15:35,749 - torchtitan.distributed.utils - WARNING - ENV[TORCH_NCCL_ASYNC_ERROR_HANDLING] = 1 will be overridden to 3 based on job config
[titan] 2026-09-19 04:15:36,423 - torchtitan.tools.utils - INFO - [GC] Initial GC collection took 0.00 seconds
[titan] 2026-09-19 04:15:36,423 - torchtitan.distributed.utils - INFO - Deterministic algorithm enabled (expect perf degradation).
[titan] 2026-09-19 04:15:36,423 - torchtitan.tools.utils - INFO - [GC] Initial GC collection took 0.00 seconds
[titan] 2026-09-19 04:15:36,424 - torchtitan.distributed.utils - INFO - Deterministic algorithm enabled (expect perf degradation).
[titan] 2026-09-19 04:15:36,424 - torchtitan.tools.utils - INFO - [GC] Initial GC collection took 0.00 seconds
[titan] 2026-09-19 04:15:36,424 - torchtitan.distributed.utils - INFO - Deterministic algorithm enabled (expect perf degradation).
[titan] 2026-09-19 04:15:36,423 - torchtitan.tools.utils - INFO - [GC] Initial GC collection took 0.00 seconds
[titan] 2026-09-19 04:15:36,424 - torchtitan.distributed.utils - INFO - Deterministic algorithm enabled (expect perf degradation).
[titan] 2026-09-19 04:15:36,435 - torchtitan.distributed.parallel_dims - INFO - Building device mesh with parallelism: pp=1, dp_replicate=1, dp_shard=4, cp=1, tp=1, ep=4
[titan] 2026-09-19 04:15:36,436 - torchtitan.distributed.parallel_dims - INFO - Building device mesh with parallelism: pp=1, dp_replicate=1, dp_shard=4, cp=1, tp=1, ep=4
[titan] 2026-09-19 04:15:36,436 - torchtitan.distributed.parallel_dims - INFO - Building device mesh with parallelism: pp=1, dp_replicate=1, dp_shard=4, cp=1, tp=1, ep=4
[titan] 2026-09-19 04:15:36,439 - torchtitan.distributed.parallel_dims - INFO - Building device mesh with parallelism: pp=1, dp_replicate=1, dp_shard=4, cp=1, tp=1, ep=4
[titan] 2026-09-19 04:15:37,192 - torchtitan.distributed.parallel_dims - INFO - Successfully created meshes with active dimensions: ['loss', 'ep', 'dp', 'dp_shard']
[titan] 2026-09-19 04:15:37,195 - torchtitan.observability.metrics - INFO - CUDA capacity: NVIDIA H100 80GB HBM3 with 79.21GiB memory
[titan] 2026-09-19 04:15:37,195 - torchtitan.distributed.parallel_dims - INFO - Successfully created meshes with active dimensions: ['loss', 'ep', 'dp', 'dp_shard']
[titan] 2026-09-19 04:15:37,198 - torchtitan.observability.metrics - INFO - CUDA capacity: NVIDIA H100 80GB HBM3 with 79.21GiB memory
[titan] 2026-09-19 04:15:37,204 - torchtitan.distributed.parallel_dims - INFO - Successfully created meshes with active dimensions: ['loss', 'ep', 'dp', 'dp_shard']
[titan] 2026-09-19 04:15:37,206 - torchtitan.distributed.parallel_dims - INFO - Successfully created meshes with active dimensions: ['loss', 'ep', 'dp', 'dp_shard']
[titan] 2026-09-19 04:15:37,207 - torchtitan.observability.metrics - INFO - CUDA capacity: NVIDIA H100 80GB HBM3 with 79.21GiB memory
[titan] 2026-09-19 04:15:37,209 - torchtitan.observability.metrics - INFO - CUDA capacity: NVIDIA H100 80GB HBM3 with 79.21GiB memory
[titan] 2026-09-19 04:15:37,214 - torchtitan.tools.utils - WARNING - Error running lspci: [Errno 2] No such file or directory: 'lspci', fallback to use device_name
[titan] 2026-09-19 04:15:37,214 - torchtitan.components.tokenizer - INFO - Loading tokenizer from tokenizer.json
[titan] 2026-09-19 04:15:37,215 - torchtitan.tools.utils - WARNING - Error running lspci: [Errno 2] No such file or directory: 'lspci', fallback to use device_name
[titan] 2026-09-19 04:15:37,216 - torchtitan.components.tokenizer - INFO - Loading tokenizer from tokenizer.json
[titan] 2026-09-19 04:15:37,223 - torchtitan.tools.utils - WARNING - Error running lspci: [Errno 2] No such file or directory: 'lspci', fallback to use device_name
[titan] 2026-09-19 04:15:37,223 - torchtitan.components.tokenizer - INFO - Loading tokenizer from tokenizer.json
[titan] 2026-09-19 04:15:37,225 - torchtitan.tools.utils - WARNING - Error running lspci: [Errno 2] No such file or directory: 'lspci', fallback to use device_name
[titan] 2026-09-19 04:15:37,226 - torchtitan.components.tokenizer - INFO - Loading tokenizer from tokenizer.json
[titan] 2026-09-19 04:15:37,239 - torchtitan.protocols.state_dict_adapter - WARNING - model.safetensors.index.json not found at hf_assets_path: ./tests/assets/tokenizer/model.safetensors.index.json.                     Defaulting to saving a single safetensors file if checkpoint is saved in HF format
[titan] 2026-09-19 04:15:37,243 - torchtitan.protocols.state_dict_adapter - WARNING - model.safetensors.index.json not found at hf_assets_path: ./tests/assets/tokenizer/model.safetensors.index.json.                     Defaulting to saving a single safetensors file if checkpoint is saved in HF format
[titan] 2026-09-19 04:15:37,245 - torchtitan.protocols.state_dict_adapter - WARNING - model.safetensors.index.json not found at hf_assets_path: ./tests/assets/tokenizer/model.safetensors.index.json.                     Defaulting to saving a single safetensors file if checkpoint is saved in HF format
[titan] 2026-09-19 04:15:37,247 - torchtitan.protocols.state_dict_adapter - WARNING - model.safetensors.index.json not found at hf_assets_path: ./tests/assets/tokenizer/model.safetensors.index.json.                     Defaulting to saving a single safetensors file if checkpoint is saved in HF format
[titan] 2026-09-19 04:15:37,295 - torchtitan.models.utils - INFO - Total parameter count: 1,119,984,672, active parameters: 535,879,200
[titan] 2026-09-19 04:15:37,296 - torchtitan.models.utils - INFO - Total parameter count: 1,119,984,672, active parameters: 535,879,200
[titan] 2026-09-19 04:15:37,297 - torchtitan.models.utils - INFO - Total parameter count: 1,119,984,672, active parameters: 535,879,200
[titan] 2026-09-19 04:15:37,303 - torchtitan.models.utils - INFO - Total parameter count: 1,119,984,672, active parameters: 535,879,200
[titan] 2026-09-19 04:15:38,089 - moonep.api - INFO - MoonEP comm buffer sizes:
  config                 : R=4, S=256, H=512, E=32, K=4, NvS=3056, NvS_padded=4096
  sm_count               : num_sms=32, num_sms_dedup=132
  hidden_buffer_size     : 4.00 MiB
  meta_buffer_size       : 2.00 MiB
  local_temp_buffer_size : 24.71 KiB
  total_size             : 6.02 MiB
[titan] 2026-09-19 04:15:38,089 - torchtitan.models.kimi_k3.moon_ep_dispatcher - INFO - MoonEP dispatcher: buffer S=256 H=512 K=4 E=32 on an ep group of 4
[titan] 2026-09-19 04:15:38,089 - torchtitan.models.kimi_k3.moon_ep_dispatcher - INFO - MoonEP dispatcher: buffer S=256 H=512 K=4 E=32 on an ep group of 4
[titan] 2026-09-19 04:15:38,089 - torchtitan.models.kimi_k3.moon_ep_dispatcher - INFO - MoonEP dispatcher: buffer S=256 H=512 K=4 E=32 on an ep group of 4
[titan] 2026-09-19 04:15:38,089 - torchtitan.models.kimi_k3.moon_ep_dispatcher - INFO - MoonEP dispatcher: buffer S=256 H=512 K=4 E=32 on an ep group of 4
[titan] 2026-09-19 04:15:38,314 - torchtitan.models.kimi_k3.moon_ep_dispatcher - INFO - MoonEP dispatcher: buffer S=256 H=512 K=4 E=32 on an ep group of 4
[titan] 2026-09-19 04:15:38,314 - torchtitan.models.kimi_k3.moon_ep_dispatcher - INFO - MoonEP dispatcher: buffer S=256 H=512 K=4 E=32 on an ep group of 4
[titan] 2026-09-19 04:15:38,314 - torchtitan.models.kimi_k3.moon_ep_dispatcher - INFO - MoonEP dispatcher: buffer S=256 H=512 K=4 E=32 on an ep group of 4
[titan] 2026-09-19 04:15:38,314 - moonep.api - INFO - MoonEP comm buffer sizes:
  config                 : R=4, S=256, H=512, E=32, K=4, NvS=3056, NvS_padded=4096
  sm_count               : num_sms=32, num_sms_dedup=132
  hidden_buffer_size     : 4.00 MiB
  meta_buffer_size       : 2.00 MiB
  local_temp_buffer_size : 24.71 KiB
  total_size             : 6.02 MiB
[titan] 2026-09-19 04:15:38,314 - torchtitan.models.kimi_k3.moon_ep_dispatcher - INFO - MoonEP dispatcher: buffer S=256 H=512 K=4 E=32 on an ep group of 4
[titan] 2026-09-19 04:15:38,553 - torchtitan.models.kimi_k3.moon_ep_dispatcher - INFO - MoonEP dispatcher: buffer S=256 H=512 K=4 E=32 on an ep group of 4
[titan] 2026-09-19 04:15:38,553 - torchtitan.models.kimi_k3.moon_ep_dispatcher - INFO - MoonEP dispatcher: buffer S=256 H=512 K=4 E=32 on an ep group of 4
[titan] 2026-09-19 04:15:38,553 - moonep.api - INFO - MoonEP comm buffer sizes:
  config                 : R=4, S=256, H=512, E=32, K=4, NvS=3056, NvS_padded=4096
  sm_count               : num_sms=32, num_sms_dedup=132
  hidden_buffer_size     : 4.00 MiB
  meta_buffer_size       : 2.00 MiB
  local_temp_buffer_size : 24.71 KiB
  total_size             : 6.02 MiB
[titan] 2026-09-19 04:15:38,553 - torchtitan.models.kimi_k3.moon_ep_dispatcher - INFO - MoonEP dispatcher: buffer S=256 H=512 K=4 E=32 on an ep group of 4
[titan] 2026-09-19 04:15:38,554 - torchtitan.models.kimi_k3.moon_ep_dispatcher - INFO - MoonEP dispatcher: buffer S=256 H=512 K=4 E=32 on an ep group of 4
[titan] 2026-09-19 04:15:38,815 - moonep.api - INFO - MoonEP comm buffer sizes:
  config                 : R=4, S=256, H=512, E=32, K=4, NvS=3056, NvS_padded=4096
  sm_count               : num_sms=32, num_sms_dedup=132
  hidden_buffer_size     : 4.00 MiB
  meta_buffer_size       : 2.00 MiB
  local_temp_buffer_size : 24.71 KiB
  total_size             : 6.02 MiB
[titan] 2026-09-19 04:15:38,815 - torchtitan.models.kimi_k3.moon_ep_dispatcher - INFO - MoonEP dispatcher: buffer S=256 H=512 K=4 E=32 on an ep group of 4
[titan] 2026-09-19 04:15:38,815 - torchtitan.models.kimi_k3.moon_ep_dispatcher - INFO - MoonEP dispatcher: buffer S=256 H=512 K=4 E=32 on an ep group of 4
[titan] 2026-09-19 04:15:38,815 - torchtitan.models.kimi_k3.moon_ep_dispatcher - INFO - MoonEP dispatcher: buffer S=256 H=512 K=4 E=32 on an ep group of 4
[titan] 2026-09-19 04:15:38,815 - torchtitan.models.kimi_k3.moon_ep_dispatcher - INFO - MoonEP dispatcher: buffer S=256 H=512 K=4 E=32 on an ep group of 4
[titan] 2026-09-19 04:15:39,093 - torchtitan.models.kimi_k3.moon_ep_dispatcher - INFO - MoonEP dispatcher: buffer S=256 H=512 K=4 E=32 on an ep group of 4
[titan] 2026-09-19 04:15:39,093 - torchtitan.models.kimi_k3.moon_ep_dispatcher - INFO - MoonEP dispatcher: buffer S=256 H=512 K=4 E=32 on an ep group of 4
[titan] 2026-09-19 04:15:39,093 - torchtitan.models.kimi_k3.moon_ep_dispatcher - INFO - MoonEP dispatcher: buffer S=256 H=512 K=4 E=32 on an ep group of 4
[titan] 2026-09-19 04:15:39,093 - moonep.api - INFO - MoonEP comm buffer sizes:
  config                 : R=4, S=256, H=512, E=32, K=4, NvS=3056, NvS_padded=4096
  sm_count               : num_sms=32, num_sms_dedup=132
  hidden_buffer_size     : 4.00 MiB
  meta_buffer_size       : 2.00 MiB
  local_temp_buffer_size : 24.71 KiB
  total_size             : 6.02 MiB
[titan] 2026-09-19 04:15:39,093 - torchtitan.models.kimi_k3.moon_ep_dispatcher - INFO - MoonEP dispatcher: buffer S=256 H=512 K=4 E=32 on an ep group of 4
[titan] 2026-09-19 04:15:39,334 - moonep.api - INFO - MoonEP comm buffer sizes:
  config                 : R=4, S=256, H=512, E=32, K=4, NvS=3056, NvS_padded=4096
  sm_count               : num_sms=32, num_sms_dedup=132
  hidden_buffer_size     : 4.00 MiB
  meta_buffer_size       : 2.00 MiB
  local_temp_buffer_size : 24.71 KiB
  total_size             : 6.02 MiB
[titan] 2026-09-19 04:15:39,334 - torchtitan.models.kimi_k3.moon_ep_dispatcher - INFO - MoonEP dispatcher: buffer S=256 H=512 K=4 E=32 on an ep group of 4
[titan] 2026-09-19 04:15:39,334 - torchtitan.models.kimi_k3.moon_ep_dispatcher - INFO - MoonEP dispatcher: buffer S=256 H=512 K=4 E=32 on an ep group of 4
[titan] 2026-09-19 04:15:39,334 - torchtitan.models.kimi_k3.moon_ep_dispatcher - INFO - MoonEP dispatcher: buffer S=256 H=512 K=4 E=32 on an ep group of 4
[titan] 2026-09-19 04:15:39,334 - torchtitan.models.kimi_k3.moon_ep_dispatcher - INFO - MoonEP dispatcher: buffer S=256 H=512 K=4 E=32 on an ep group of 4
[titan] 2026-09-19 04:15:39,587 - torchtitan.models.kimi_k3.moon_ep_dispatcher - INFO - MoonEP dispatcher: buffer S=256 H=512 K=4 E=32 on an ep group of 4
[titan] 2026-09-19 04:15:39,587 - torchtitan.models.kimi_k3.moon_ep_dispatcher - INFO - MoonEP dispatcher: buffer S=256 H=512 K=4 E=32 on an ep group of 4
[titan] 2026-09-19 04:15:39,587 - torchtitan.models.kimi_k3.moon_ep_dispatcher - INFO - MoonEP dispatcher: buffer S=256 H=512 K=4 E=32 on an ep group of 4
[titan] 2026-09-19 04:15:39,587 - moonep.api - INFO - MoonEP comm buffer sizes:
  config                 : R=4, S=256, H=512, E=32, K=4, NvS=3056, NvS_padded=4096
  sm_count               : num_sms=32, num_sms_dedup=132
  hidden_buffer_size     : 4.00 MiB
  meta_buffer_size       : 2.00 MiB
  local_temp_buffer_size : 24.71 KiB
  total_size             : 6.02 MiB
[titan] 2026-09-19 04:15:39,587 - torchtitan.models.kimi_k3.moon_ep_dispatcher - INFO - MoonEP dispatcher: buffer S=256 H=512 K=4 E=32 on an ep group of 4
[titan] 2026-09-19 04:15:39,845 - torchtitan.models.kimi_k3.moon_ep_dispatcher - INFO - MoonEP dispatcher: buffer S=256 H=512 K=4 E=32 on an ep group of 4
[titan] 2026-09-19 04:15:39,845 - moonep.api - INFO - MoonEP comm buffer sizes:
  config                 : R=4, S=256, H=512, E=32, K=4, NvS=3056, NvS_padded=4096
  sm_count               : num_sms=32, num_sms_dedup=132
  hidden_buffer_size     : 4.00 MiB
  meta_buffer_size       : 2.00 MiB
  local_temp_buffer_size : 24.71 KiB
  total_size             : 6.02 MiB
[titan] 2026-09-19 04:15:39,845 - torchtitan.models.kimi_k3.moon_ep_dispatcher - INFO - MoonEP dispatcher: buffer S=256 H=512 K=4 E=32 on an ep group of 4
[titan] 2026-09-19 04:15:39,845 - torchtitan.models.kimi_k3.moon_ep_dispatcher - INFO - MoonEP dispatcher: buffer S=256 H=512 K=4 E=32 on an ep group of 4
[titan] 2026-09-19 04:15:39,845 - torchtitan.models.kimi_k3.moon_ep_dispatcher - INFO - MoonEP dispatcher: buffer S=256 H=512 K=4 E=32 on an ep group of 4
[titan] 2026-09-19 04:15:40,101 - moonep.api - INFO - MoonEP comm buffer sizes:
  config                 : R=4, S=256, H=512, E=32, K=4, NvS=3056, NvS_padded=4096
  sm_count               : num_sms=32, num_sms_dedup=132
  hidden_buffer_size     : 4.00 MiB
  meta_buffer_size       : 2.00 MiB
  local_temp_buffer_size : 24.71 KiB
  total_size             : 6.02 MiB
[titan] 2026-09-19 04:15:40,101 - torchtitan.models.kimi_k3.moon_ep_dispatcher - INFO - MoonEP dispatcher: buffer S=256 H=512 K=4 E=32 on an ep group of 4
[titan] 2026-09-19 04:15:40,101 - torchtitan.models.kimi_k3.moon_ep_dispatcher - INFO - MoonEP dispatcher: buffer S=256 H=512 K=4 E=32 on an ep group of 4
[titan] 2026-09-19 04:15:40,101 - torchtitan.models.kimi_k3.moon_ep_dispatcher - INFO - MoonEP dispatcher: buffer S=256 H=512 K=4 E=32 on an ep group of 4
[titan] 2026-09-19 04:15:40,101 - torchtitan.models.kimi_k3.moon_ep_dispatcher - INFO - MoonEP dispatcher: buffer S=256 H=512 K=4 E=32 on an ep group of 4
[titan] 2026-09-19 04:15:40,362 - torchtitan.models.kimi_k3.moon_ep_dispatcher - INFO - MoonEP dispatcher: buffer S=256 H=512 K=4 E=32 on an ep group of 4
[titan] 2026-09-19 04:15:40,362 - moonep.api - INFO - MoonEP comm buffer sizes:
  config                 : R=4, S=256, H=512, E=32, K=4, NvS=3056, NvS_padded=4096
  sm_count               : num_sms=32, num_sms_dedup=132
  hidden_buffer_size     : 4.00 MiB
  meta_buffer_size       : 2.00 MiB
  local_temp_buffer_size : 24.71 KiB
  total_size             : 6.02 MiB
[titan] 2026-09-19 04:15:40,362 - torchtitan.models.kimi_k3.moon_ep_dispatcher - INFO - MoonEP dispatcher: buffer S=256 H=512 K=4 E=32 on an ep group of 4
[titan] 2026-09-19 04:15:40,362 - torchtitan.models.kimi_k3.moon_ep_dispatcher - INFO - MoonEP dispatcher: buffer S=256 H=512 K=4 E=32 on an ep group of 4
[titan] 2026-09-19 04:15:40,362 - torchtitan.models.kimi_k3.moon_ep_dispatcher - INFO - MoonEP dispatcher: buffer S=256 H=512 K=4 E=32 on an ep group of 4
[titan] 2026-09-19 04:15:40,655 - moonep.api - INFO - MoonEP comm buffer sizes:
  config                 : R=4, S=256, H=512, E=32, K=4, NvS=3056, NvS_padded=4096
  sm_count               : num_sms=32, num_sms_dedup=132
  hidden_buffer_size     : 4.00 MiB
  meta_buffer_size       : 2.00 MiB
  local_temp_buffer_size : 24.71 KiB
  total_size             : 6.02 MiB
[titan] 2026-09-19 04:15:40,655 - torchtitan.models.kimi_k3.moon_ep_dispatcher - INFO - MoonEP dispatcher: buffer S=256 H=512 K=4 E=32 on an ep group of 4
[titan] 2026-09-19 04:15:40,655 - torchtitan.models.kimi_k3.moon_ep_dispatcher - INFO - MoonEP dispatcher: buffer S=256 H=512 K=4 E=32 on an ep group of 4
[titan] 2026-09-19 04:15:40,655 - torchtitan.models.kimi_k3.moon_ep_dispatcher - INFO - MoonEP dispatcher: buffer S=256 H=512 K=4 E=32 on an ep group of 4
[titan] 2026-09-19 04:15:40,655 - torchtitan.models.kimi_k3.moon_ep_dispatcher - INFO - MoonEP dispatcher: buffer S=256 H=512 K=4 E=32 on an ep group of 4
[titan] 2026-09-19 04:15:40,898 - moonep.api - INFO - MoonEP comm buffer sizes:
  config                 : R=4, S=256, H=512, E=32, K=4, NvS=3056, NvS_padded=4096
  sm_count               : num_sms=32, num_sms_dedup=132
  hidden_buffer_size     : 4.00 MiB
  meta_buffer_size       : 2.00 MiB
  local_temp_buffer_size : 24.71 KiB
  total_size             : 6.02 MiB
[titan] 2026-09-19 04:15:40,898 - torchtitan.models.kimi_k3.moon_ep_dispatcher - INFO - MoonEP dispatcher: buffer S=256 H=512 K=4 E=32 on an ep group of 4
[titan] 2026-09-19 04:15:40,898 - torchtitan.models.kimi_k3.moon_ep_dispatcher - INFO - MoonEP dispatcher: buffer S=256 H=512 K=4 E=32 on an ep group of 4
[titan] 2026-09-19 04:15:40,898 - torchtitan.models.kimi_k3.moon_ep_dispatcher - INFO - MoonEP dispatcher: buffer S=256 H=512 K=4 E=32 on an ep group of 4
[titan] 2026-09-19 04:15:40,898 - torchtitan.models.kimi_k3.moon_ep_dispatcher - INFO - MoonEP dispatcher: buffer S=256 H=512 K=4 E=32 on an ep group of 4
[titan] 2026-09-19 04:15:41,155 - torchtitan.models.kimi_k3.moon_ep_dispatcher - INFO - MoonEP dispatcher: buffer S=256 H=512 K=4 E=32 on an ep group of 4
[titan] 2026-09-19 04:15:41,155 - torchtitan.models.kimi_k3.moon_ep_dispatcher - INFO - MoonEP dispatcher: buffer S=256 H=512 K=4 E=32 on an ep group of 4
[titan] 2026-09-19 04:15:41,155 - moonep.api - INFO - MoonEP comm buffer sizes:
  config                 : R=4, S=256, H=512, E=32, K=4, NvS=3056, NvS_padded=4096
  sm_count               : num_sms=32, num_sms_dedup=132
  hidden_buffer_size     : 4.00 MiB
  meta_buffer_size       : 2.00 MiB
  local_temp_buffer_size : 24.71 KiB
  total_size             : 6.02 MiB
[titan] 2026-09-19 04:15:41,155 - torchtitan.models.kimi_k3.moon_ep_dispatcher - INFO - MoonEP dispatcher: buffer S=256 H=512 K=4 E=32 on an ep group of 4
[titan] 2026-09-19 04:15:41,155 - torchtitan.models.kimi_k3.moon_ep_dispatcher - INFO - MoonEP dispatcher: buffer S=256 H=512 K=4 E=32 on an ep group of 4
[titan] 2026-09-19 04:15:41,414 - moonep.api - INFO - MoonEP comm buffer sizes:
  config                 : R=4, S=256, H=512, E=32, K=4, NvS=3056, NvS_padded=4096
  sm_count               : num_sms=32, num_sms_dedup=132
  hidden_buffer_size     : 4.00 MiB
  meta_buffer_size       : 2.00 MiB
  local_temp_buffer_size : 24.71 KiB
  total_size             : 6.02 MiB
[titan] 2026-09-19 04:15:41,414 - torchtitan.models.kimi_k3.moon_ep_dispatcher - INFO - MoonEP dispatcher: buffer S=256 H=512 K=4 E=32 on an ep group of 4
[titan] 2026-09-19 04:15:41,414 - torchtitan.models.kimi_k3.moon_ep_dispatcher - INFO - MoonEP dispatcher: buffer S=256 H=512 K=4 E=32 on an ep group of 4
[titan] 2026-09-19 04:15:41,414 - torchtitan.models.kimi_k3.moon_ep_dispatcher - INFO - MoonEP dispatcher: buffer S=256 H=512 K=4 E=32 on an ep group of 4
[titan] 2026-09-19 04:15:41,414 - torchtitan.models.kimi_k3.moon_ep_dispatcher - INFO - MoonEP dispatcher: buffer S=256 H=512 K=4 E=32 on an ep group of 4
[titan] 2026-09-19 04:15:41,677 - moonep.api - INFO - MoonEP comm buffer sizes:
  config                 : R=4, S=256, H=512, E=32, K=4, NvS=3056, NvS_padded=4096
  sm_count               : num_sms=32, num_sms_dedup=132
  hidden_buffer_size     : 4.00 MiB
  meta_buffer_size       : 2.00 MiB
  local_temp_buffer_size : 24.71 KiB
  total_size             : 6.02 MiB
[titan] 2026-09-19 04:15:41,677 - torchtitan.models.kimi_k3.moon_ep_dispatcher - INFO - MoonEP dispatcher: buffer S=256 H=512 K=4 E=32 on an ep group of 4
[titan] 2026-09-19 04:15:41,677 - torchtitan.models.kimi_k3.moon_ep_dispatcher - INFO - MoonEP dispatcher: buffer S=256 H=512 K=4 E=32 on an ep group of 4
[titan] 2026-09-19 04:15:41,677 - torchtitan.models.kimi_k3.moon_ep_dispatcher - INFO - MoonEP dispatcher: buffer S=256 H=512 K=4 E=32 on an ep group of 4
[titan] 2026-09-19 04:15:41,677 - torchtitan.models.kimi_k3.moon_ep_dispatcher - INFO - MoonEP dispatcher: buffer S=256 H=512 K=4 E=32 on an ep group of 4
[titan] 2026-09-19 04:15:42,014 - torchtitan.models.kimi_k3.moon_ep_dispatcher - INFO - MoonEP dispatcher: buffer S=256 H=512 K=4 E=32 on an ep group of 4
[titan] 2026-09-19 04:15:42,014 - moonep.api - INFO - MoonEP comm buffer sizes:
  config                 : R=4, S=256, H=512, E=32, K=4, NvS=3056, NvS_padded=4096
  sm_count               : num_sms=32, num_sms_dedup=132
  hidden_buffer_size     : 4.00 MiB
  meta_buffer_size       : 2.00 MiB
  local_temp_buffer_size : 24.71 KiB
  total_size             : 6.02 MiB
[titan] 2026-09-19 04:15:42,014 - torchtitan.models.kimi_k3.moon_ep_dispatcher - INFO - MoonEP dispatcher: buffer S=256 H=512 K=4 E=32 on an ep group of 4
[titan] 2026-09-19 04:15:42,014 - torchtitan.models.kimi_k3.moon_ep_dispatcher - INFO - MoonEP dispatcher: buffer S=256 H=512 K=4 E=32 on an ep group of 4
[titan] 2026-09-19 04:15:42,014 - torchtitan.models.kimi_k3.moon_ep_dispatcher - INFO - MoonEP dispatcher: buffer S=256 H=512 K=4 E=32 on an ep group of 4
[titan] 2026-09-19 04:15:42,351 - torchtitan.models.kimi_k3.moon_ep_dispatcher - INFO - MoonEP dispatcher: buffer S=256 H=512 K=4 E=32 on an ep group of 4
[titan] 2026-09-19 04:15:42,351 - torchtitan.models.kimi_k3.moon_ep_dispatcher - INFO - MoonEP dispatcher: buffer S=256 H=512 K=4 E=32 on an ep group of 4
[titan] 2026-09-19 04:15:42,351 - torchtitan.models.kimi_k3.moon_ep_dispatcher - INFO - MoonEP dispatcher: buffer S=256 H=512 K=4 E=32 on an ep group of 4
[titan] 2026-09-19 04:15:42,351 - moonep.api - INFO - MoonEP comm buffer sizes:
  config                 : R=4, S=256, H=512, E=32, K=4, NvS=3056, NvS_padded=4096
  sm_count               : num_sms=32, num_sms_dedup=132
  hidden_buffer_size     : 4.00 MiB
  meta_buffer_size       : 2.00 MiB
  local_temp_buffer_size : 24.71 KiB
  total_size             : 6.02 MiB
[titan] 2026-09-19 04:15:42,351 - torchtitan.models.kimi_k3.moon_ep_dispatcher - INFO - MoonEP dispatcher: buffer S=256 H=512 K=4 E=32 on an ep group of 4
[titan] 2026-09-19 04:15:42,678 - moonep.api - INFO - MoonEP comm buffer sizes:
  config                 : R=4, S=256, H=512, E=32, K=4, NvS=3056, NvS_padded=4096
  sm_count               : num_sms=32, num_sms_dedup=132
  hidden_buffer_size     : 4.00 MiB
  meta_buffer_size       : 2.00 MiB
  local_temp_buffer_size : 24.71 KiB
  total_size             : 6.02 MiB
[titan] 2026-09-19 04:15:42,678 - torchtitan.models.kimi_k3.moon_ep_dispatcher - INFO - MoonEP dispatcher: buffer S=256 H=512 K=4 E=32 on an ep group of 4
[titan] 2026-09-19 04:15:42,678 - torchtitan.models.kimi_k3.moon_ep_dispatcher - INFO - MoonEP dispatcher: buffer S=256 H=512 K=4 E=32 on an ep group of 4
[titan] 2026-09-19 04:15:42,678 - torchtitan.models.kimi_k3.moon_ep_dispatcher - INFO - MoonEP dispatcher: buffer S=256 H=512 K=4 E=32 on an ep group of 4
[titan] 2026-09-19 04:15:42,678 - torchtitan.models.kimi_k3.moon_ep_dispatcher - INFO - MoonEP dispatcher: buffer S=256 H=512 K=4 E=32 on an ep group of 4
[titan] 2026-09-19 04:15:43,013 - torchtitan.models.kimi_k3.moon_ep_dispatcher - INFO - MoonEP dispatcher: buffer S=256 H=512 K=4 E=32 on an ep group of 4
[titan] 2026-09-19 04:15:43,013 - moonep.api - INFO - MoonEP comm buffer sizes:
  config                 : R=4, S=256, H=512, E=32, K=4, NvS=3056, NvS_padded=4096
  sm_count               : num_sms=32, num_sms_dedup=132
  hidden_buffer_size     : 4.00 MiB
  meta_buffer_size       : 2.00 MiB
  local_temp_buffer_size : 24.71 KiB
  total_size             : 6.02 MiB
[titan] 2026-09-19 04:15:43,013 - torchtitan.models.kimi_k3.moon_ep_dispatcher - INFO - MoonEP dispatcher: buffer S=256 H=512 K=4 E=32 on an ep group of 4
[titan] 2026-09-19 04:15:43,013 - torchtitan.models.kimi_k3.moon_ep_dispatcher - INFO - MoonEP dispatcher: buffer S=256 H=512 K=4 E=32 on an ep group of 4
[titan] 2026-09-19 04:15:43,013 - torchtitan.models.kimi_k3.moon_ep_dispatcher - INFO - MoonEP dispatcher: buffer S=256 H=512 K=4 E=32 on an ep group of 4
[titan] 2026-09-19 04:15:43,419 - torchtitan.models.kimi_k3.moon_ep_dispatcher - INFO - MoonEP dispatcher: buffer S=256 H=512 K=4 E=32 on an ep group of 4
[titan] 2026-09-19 04:15:43,419 - torchtitan.models.kimi_k3.moon_ep_dispatcher - INFO - MoonEP dispatcher: buffer S=256 H=512 K=4 E=32 on an ep group of 4
[titan] 2026-09-19 04:15:43,419 - moonep.api - INFO - MoonEP comm buffer sizes:
  config                 : R=4, S=256, H=512, E=32, K=4, NvS=3056, NvS_padded=4096
  sm_count               : num_sms=32, num_sms_dedup=132
  hidden_buffer_size     : 4.00 MiB
  meta_buffer_size       : 2.00 MiB
  local_temp_buffer_size : 24.71 KiB
  total_size             : 6.02 MiB
[titan] 2026-09-19 04:15:43,419 - torchtitan.models.kimi_k3.moon_ep_dispatcher - INFO - MoonEP dispatcher: buffer S=256 H=512 K=4 E=32 on an ep group of 4
[titan] 2026-09-19 04:15:43,419 - torchtitan.models.kimi_k3.moon_ep_dispatcher - INFO - MoonEP dispatcher: buffer S=256 H=512 K=4 E=32 on an ep group of 4
[titan] 2026-09-19 04:15:43,707 - moonep.api - INFO - MoonEP comm buffer sizes:
  config                 : R=4, S=256, H=512, E=32, K=4, NvS=3056, NvS_padded=4096
  sm_count               : num_sms=32, num_sms_dedup=132
  hidden_buffer_size     : 4.00 MiB
  meta_buffer_size       : 2.00 MiB
  local_temp_buffer_size : 24.71 KiB
  total_size             : 6.02 MiB
[titan] 2026-09-19 04:15:43,707 - torchtitan.models.kimi_k3.moon_ep_dispatcher - INFO - MoonEP dispatcher: buffer S=256 H=512 K=4 E=32 on an ep group of 4
[titan] 2026-09-19 04:15:43,707 - torchtitan.models.kimi_k3.moon_ep_dispatcher - INFO - MoonEP dispatcher: buffer S=256 H=512 K=4 E=32 on an ep group of 4
[titan] 2026-09-19 04:15:43,707 - torchtitan.models.kimi_k3.moon_ep_dispatcher - INFO - MoonEP dispatcher: buffer S=256 H=512 K=4 E=32 on an ep group of 4
[titan] 2026-09-19 04:15:43,707 - torchtitan.models.kimi_k3.moon_ep_dispatcher - INFO - MoonEP dispatcher: buffer S=256 H=512 K=4 E=32 on an ep group of 4
[titan] 2026-09-19 04:15:43,951 - moonep.api - INFO - MoonEP comm buffer sizes:
  config                 : R=4, S=256, H=512, E=32, K=4, NvS=3056, NvS_padded=4096
  sm_count               : num_sms=32, num_sms_dedup=132
  hidden_buffer_size     : 4.00 MiB
  meta_buffer_size       : 2.00 MiB
  local_temp_buffer_size : 24.71 KiB
  total_size             : 6.02 MiB
[titan] 2026-09-19 04:15:43,951 - torchtitan.models.kimi_k3.moon_ep_dispatcher - INFO - MoonEP dispatcher: buffer S=256 H=512 K=4 E=32 on an ep group of 4
[titan] 2026-09-19 04:15:43,951 - torchtitan.models.kimi_k3.moon_ep_dispatcher - INFO - MoonEP dispatcher: buffer S=256 H=512 K=4 E=32 on an ep group of 4
[titan] 2026-09-19 04:15:43,951 - torchtitan.models.kimi_k3.moon_ep_dispatcher - INFO - MoonEP dispatcher: buffer S=256 H=512 K=4 E=32 on an ep group of 4
[titan] 2026-09-19 04:15:43,952 - torchtitan.models.kimi_k3.moon_ep_dispatcher - INFO - MoonEP dispatcher: buffer S=256 H=512 K=4 E=32 on an ep group of 4
[titan] 2026-09-19 04:15:44,207 - moonep.api - INFO - MoonEP comm buffer sizes:
  config                 : R=4, S=256, H=512, E=32, K=4, NvS=3056, NvS_padded=4096
  sm_count               : num_sms=32, num_sms_dedup=132
  hidden_buffer_size     : 4.00 MiB
  meta_buffer_size       : 2.00 MiB
  local_temp_buffer_size : 24.71 KiB
  total_size             : 6.02 MiB
[titan] 2026-09-19 04:15:44,207 - torchtitan.models.kimi_k3.moon_ep_dispatcher - INFO - MoonEP dispatcher: buffer S=256 H=512 K=4 E=32 on an ep group of 4
[titan] 2026-09-19 04:15:44,207 - torchtitan.models.kimi_k3.moon_ep_dispatcher - INFO - MoonEP dispatcher: buffer S=256 H=512 K=4 E=32 on an ep group of 4
[titan] 2026-09-19 04:15:44,207 - torchtitan.models.kimi_k3.moon_ep_dispatcher - INFO - MoonEP dispatcher: buffer S=256 H=512 K=4 E=32 on an ep group of 4
[titan] 2026-09-19 04:15:44,207 - torchtitan.models.kimi_k3.moon_ep_dispatcher - INFO - MoonEP dispatcher: buffer S=256 H=512 K=4 E=32 on an ep group of 4
[titan] 2026-09-19 04:15:44,343 - torchtitan.distributed.activation_checkpoint - INFO - Applied SelectiveAC activation checkpointing to the model
[titan] 2026-09-19 04:15:44,344 - torchtitan.distributed.activation_checkpoint - INFO - Applied SelectiveAC activation checkpointing to the model
[titan] 2026-09-19 04:15:44,345 - torchtitan.distributed.activation_checkpoint - INFO - Applied SelectiveAC activation checkpointing to the model
[titan] 2026-09-19 04:15:44,346 - torchtitan.distributed.activation_checkpoint - INFO - Applied SelectiveAC activation checkpointing to the model
[titan] 2026-09-19 04:15:44,348 - torchtitan.distributed.activation_checkpoint - INFO - Applied SelectiveAC activation checkpointing to the model
[titan] 2026-09-19 04:15:44,349 - torchtitan.distributed.activation_checkpoint - INFO - Applied SelectiveAC activation checkpointing to the model
[titan] 2026-09-19 04:15:44,352 - torchtitan.distributed.activation_checkpoint - INFO - Applied SelectiveAC activation checkpointing to the model
[titan] 2026-09-19 04:15:44,354 - torchtitan.distributed.activation_checkpoint - INFO - Applied SelectiveAC activation checkpointing to the model
[titan] 2026-09-19 04:15:44,671 - torchtitan.distributed.fsdp - INFO - Applied FSDP to the model
[titan] 2026-09-19 04:15:44,676 - torchtitan.distributed.fsdp - INFO - Applied FSDP to the model
[titan] 2026-09-19 04:15:44,680 - torchtitan.distributed.fsdp - INFO - Applied FSDP to the model
[titan] 2026-09-19 04:15:44,681 - torchtitan.distributed.fsdp - INFO - Applied FSDP to the model
[rank0]:W0919 04:15:44.975000 40920 torch/distributed/tensor/_redistribute.py:394] While redistributing from (_StridedShard(dim=0, sf=4), Shard(dim=0)) to (Replicate(), Replicate()), 2 sequential all_gather operations will be performed. This is suboptimal: multiple collective operations have higher latency (separate kernel launches and synchronization points) and may give inconsistent results between ranks due to different reduction orders. it is not possible to merge non-ascending order all_gather operations.
[rank1]:W0919 04:15:44.975000 40921 torch/distributed/tensor/_redistribute.py:394] While redistributing from (_StridedShard(dim=0, sf=4), Shard(dim=0)) to (Replicate(), Replicate()), 2 sequential all_gather operations will be performed. This is suboptimal: multiple collective operations have higher latency (separate kernel launches and synchronization points) and may give inconsistent results between ranks due to different reduction orders. it is not possible to merge non-ascending order all_gather operations.
[rank2]:W0919 04:15:44.975000 40922 torch/distributed/tensor/_redistribute.py:394] While redistributing from (_StridedShard(dim=0, sf=4), Shard(dim=0)) to (Replicate(), Replicate()), 2 sequential all_gather operations will be performed. This is suboptimal: multiple collective operations have higher latency (separate kernel launches and synchronization points) and may give inconsistent results between ranks due to different reduction orders. it is not possible to merge non-ascending order all_gather operations.
[rank3]:W0919 04:15:44.975000 40923 torch/distributed/tensor/_redistribute.py:394] While redistributing from (_StridedShard(dim=0, sf=4), Shard(dim=0)) to (Replicate(), Replicate()), 2 sequential all_gather operations will be performed. This is suboptimal: multiple collective operations have higher latency (separate kernel launches and synchronization points) and may give inconsistent results between ranks due to different reduction orders. it is not possible to merge non-ascending order all_gather operations.
[titan] 2026-09-19 04:15:45,478 - torchtitan.training_engine - INFO - Model kimi_k3 debugmodel size: 1,119,984,672 total parameters
[titan] 2026-09-19 04:15:45,478 - torchtitan.training_engine - INFO - Model kimi_k3 debugmodel size: 1,119,984,672 total parameters
[titan] 2026-09-19 04:15:45,478 - torchtitan.training_engine - INFO - Model kimi_k3 debugmodel size: 1,119,984,672 total parameters
[titan] 2026-09-19 04:15:45,478 - torchtitan.training_engine - INFO - Model kimi_k3 debugmodel size: 1,119,984,672 total parameters
[titan] 2026-09-19 04:15:45,482 - torchtitan.components.optimizer.optimizer - INFO - Optimizer AdamW (model_part=0): 726 params [.*] {'fused': True, 'foreach': False, 'lr': 0.0008, 'betas': (0.9, 0.95), 'eps': 1e-08, 'weight_decay': 0.1}
[titan] 2026-09-19 04:15:45,482 - torchtitan.components.optimizer.optimizer - INFO - Optimizer AdamW (model_part=0): 726 params [.*] {'fused': True, 'foreach': False, 'lr': 0.0008, 'betas': (0.9, 0.95), 'eps': 1e-08, 'weight_decay': 0.1}
[titan] 2026-09-19 04:15:45,482 - torchtitan.components.optimizer.optimizer - INFO - Optimizer AdamW (model_part=0): 726 params [.*] {'fused': True, 'foreach': False, 'lr': 0.0008, 'betas': (0.9, 0.95), 'eps': 1e-08, 'weight_decay': 0.1}
[titan] 2026-09-19 04:15:45,482 - torchtitan.components.optimizer.optimizer - INFO - Optimizer AdamW (model_part=0): 726 params [.*] {'fused': True, 'foreach': False, 'lr': 0.0008, 'betas': (0.9, 0.95), 'eps': 1e-08, 'weight_decay': 0.1}
[titan] 2026-09-19 04:15:45,485 - torchtitan.components.checkpointer.base - WARNING - initial_load_model_only=True has no effect without an initial_load_path.
[titan] 2026-09-19 04:15:45,485 - torchtitan.components.checkpointer.base - WARNING - initial_load_model_only=True has no effect without an initial_load_path.
[titan] 2026-09-19 04:15:45,485 - torchtitan.components.checkpointer.base - WARNING - initial_load_model_only=True has no effect without an initial_load_path.
[titan] 2026-09-19 04:15:45,485 - torchtitan.components.checkpointer.base - WARNING - initial_load_model_only=True has no effect without an initial_load_path.
[titan] 2026-09-19 04:15:45,516 - torchtitan.components.checkpointer.dcp - INFO - Checkpointing active. Checkpoints will be loaded from and saved to /workspace/qb_qb_moonep/checkpoint
[titan] 2026-09-19 04:15:45,516 - torchtitan.trainer - INFO - Peak FLOPS used for computing MFU: 9.890e+14
[titan] 2026-09-19 04:15:45,516 - torchtitan.trainer - INFO - CUDA memory usage for model: 2.62GiB(3.31%)
[titan] 2026-09-19 04:15:45,516 - torchtitan.trainer - INFO - Trainer is initialized with 256 tokens per DP rank, 8192 tokens per train step, gradient accumulation steps 8, maximum context length 2048, total steps 30 (warmup 2)
[titan] 2026-09-19 04:15:45,516 - torchtitan.components.checkpointer.dcp - INFO - Checkpointing active. Checkpoints will be loaded from and saved to /workspace/qb_qb_moonep/checkpoint
[titan] 2026-09-19 04:15:45,516 - torchtitan.components.checkpointer.dcp - INFO - Checkpointing active. Checkpoints will be loaded from and saved to /workspace/qb_qb_moonep/checkpoint
[titan] 2026-09-19 04:15:45,516 - torchtitan.trainer - INFO - Peak FLOPS used for computing MFU: 9.890e+14
[titan] 2026-09-19 04:15:45,516 - torchtitan.trainer - INFO - CUDA memory usage for model: 2.62GiB(3.31%)
[titan] 2026-09-19 04:15:45,516 - torchtitan.trainer - INFO - Trainer is initialized with 256 tokens per DP rank, 8192 tokens per train step, gradient accumulation steps 8, maximum context length 2048, total steps 30 (warmup 2)
[titan] 2026-09-19 04:15:45,516 - torchtitan.trainer - INFO - Peak FLOPS used for computing MFU: 9.890e+14
[titan] 2026-09-19 04:15:45,516 - torchtitan.trainer - INFO - CUDA memory usage for model: 2.62GiB(3.31%)
[titan] 2026-09-19 04:15:45,517 - torchtitan.trainer - INFO - Trainer is initialized with 256 tokens per DP rank, 8192 tokens per train step, gradient accumulation steps 8, maximum context length 2048, total steps 30 (warmup 2)
[titan] 2026-09-19 04:15:45,517 - torchtitan.components.checkpointer.base - INFO - Loading the checkpoint from /workspace/qb_qb_moonep/checkpoint/step-0.
[titan] 2026-09-19 04:15:45,517 - torchtitan.components.checkpointer.base - INFO - Loading the checkpoint from /workspace/qb_qb_moonep/checkpoint/step-0.
[titan] 2026-09-19 04:15:45,517 - torchtitan.components.checkpointer.base - INFO - Loading the checkpoint from /workspace/qb_qb_moonep/checkpoint/step-0.
[titan] 2026-09-19 04:15:45,517 - torchtitan.components.checkpointer.dcp - INFO - Checkpointing active. Checkpoints will be loaded from and saved to /workspace/qb_qb_moonep/checkpoint
[titan] 2026-09-19 04:15:45,517 - torchtitan.trainer - INFO - Peak FLOPS used for computing MFU: 9.890e+14
[titan] 2026-09-19 04:15:45,517 - torchtitan.trainer - INFO - CUDA memory usage for model: 2.62GiB(3.31%)
[titan] 2026-09-19 04:15:45,517 - torchtitan.trainer - INFO - Trainer is initialized with 256 tokens per DP rank, 8192 tokens per train step, gradient accumulation steps 8, maximum context length 2048, total steps 30 (warmup 2)
[titan] 2026-09-19 04:15:45,517 - torchtitan.components.checkpointer.base - INFO - Loading the checkpoint from /workspace/qb_qb_moonep/checkpoint/step-0.
[titan] 2026-09-19 04:15:50,039 - torchtitan.tools.utils - INFO - [GC] GC collection for checkpoint loading. took 0.02 seconds
[titan] 2026-09-19 04:15:50,039 - torchtitan.components.checkpointer.base - INFO - Finished loading the checkpoint in 4.52 seconds.
[titan] 2026-09-19 04:15:50,042 - torchtitan.tools.utils - INFO - [GC] GC collection for checkpoint loading. took 0.02 seconds
[titan] 2026-09-19 04:15:50,042 - torchtitan.components.checkpointer.base - INFO - Finished loading the checkpoint in 4.53 seconds.
[titan] 2026-09-19 04:15:50,043 - torchtitan.tools.utils - INFO - [GC] GC collection for checkpoint loading. took 0.02 seconds
[titan] 2026-09-19 04:15:50,043 - torchtitan.components.checkpointer.base - INFO - Finished loading the checkpoint in 4.53 seconds.
[titan] 2026-09-19 04:15:50,045 - torchtitan.tools.utils - INFO - [GC] GC collection for checkpoint loading. took 0.02 seconds
[titan] 2026-09-19 04:15:50,045 - torchtitan.components.checkpointer.base - INFO - Finished loading the checkpoint in 4.53 seconds.
/workspace/venv_k3/lib/python3.12/site-packages/torch/distributed/fsdp/_fully_shard/_fsdp_state.py:336: UserWarning: FSDP2-wrapped module (FSDPCheckpointWrapper) returned a view tensor. An in-place op on this view (e.g., `x += y`) will silently drop the pre-backward hook and skip the all-gather, which can cause backward to fail or produce wrong gradients. Use out-of-place ops (`out = out + y`, not `out += y`) or `.clone()` the output before any in-place op.
  output = self._register_pre_backward_hook(output)
/workspace/venv_k3/lib/python3.12/site-packages/torch/distributed/fsdp/_fully_shard/_fsdp_state.py:336: UserWarning: FSDP2-wrapped module (FSDPCheckpointWrapper) returned a view tensor. An in-place op on this view (e.g., `x += y`) will silently drop the pre-backward hook and skip the all-gather, which can cause backward to fail or produce wrong gradients. Use out-of-place ops (`out = out + y`, not `out += y`) or `.clone()` the output before any in-place op.
  output = self._register_pre_backward_hook(output)
/workspace/venv_k3/lib/python3.12/site-packages/torch/distributed/fsdp/_fully_shard/_fsdp_state.py:336: UserWarning: FSDP2-wrapped module (FSDPCheckpointWrapper) returned a view tensor. An in-place op on this view (e.g., `x += y`) will silently drop the pre-backward hook and skip the all-gather, which can cause backward to fail or produce wrong gradients. Use out-of-place ops (`out = out + y`, not `out += y`) or `.clone()` the output before any in-place op.
  output = self._register_pre_backward_hook(output)
/workspace/venv_k3/lib/python3.12/site-packages/torch/distributed/fsdp/_fully_shard/_fsdp_state.py:336: UserWarning: FSDP2-wrapped module (FSDPCheckpointWrapper) returned a view tensor. An in-place op on this view (e.g., `x += y`) will silently drop the pre-backward hook and skip the all-gather, which can cause backward to fail or produce wrong gradients. Use out-of-place ops (`out = out + y`, not `out += y`) or `.clone()` the output before any in-place op.
  output = self._register_pre_backward_hook(output)
/workspace/venv_k3/lib/python3.12/site-packages/torch/distributed/fsdp/_fully_shard/_fsdp_state.py:336: UserWarning: FSDP2-wrapped module (FSDPCheckpointWrapper) returned a view tensor. An in-place op on this view (e.g., `x += y`) will silently drop the pre-backward hook and skip the all-gather, which can cause backward to fail or produce wrong gradients. Use out-of-place ops (`out = out + y`, not `out += y`) or `.clone()` the output before any in-place op.
  output = self._register_pre_backward_hook(output)
/workspace/venv_k3/lib/python3.12/site-packages/torch/distributed/fsdp/_fully_shard/_fsdp_state.py:336: UserWarning: FSDP2-wrapped module (FSDPCheckpointWrapper) returned a view tensor. An in-place op on this view (e.g., `x += y`) will silently drop the pre-backward hook and skip the all-gather, which can cause backward to fail or produce wrong gradients. Use out-of-place ops (`out = out + y`, not `out += y`) or `.clone()` the output before any in-place op.
  output = self._register_pre_backward_hook(output)
/workspace/venv_k3/lib/python3.12/site-packages/torch/distributed/fsdp/_fully_shard/_fsdp_state.py:336: UserWarning: FSDP2-wrapped module (FSDPCheckpointWrapper) returned a view tensor. An in-place op on this view (e.g., `x += y`) will silently drop the pre-backward hook and skip the all-gather, which can cause backward to fail or produce wrong gradients. Use out-of-place ops (`out = out + y`, not `out += y`) or `.clone()` the output before any in-place op.
  output = self._register_pre_backward_hook(output)
/workspace/venv_k3/lib/python3.12/site-packages/torch/distributed/fsdp/_fully_shard/_fsdp_state.py:336: UserWarning: FSDP2-wrapped module (FSDPCheckpointWrapper) returned a view tensor. An in-place op on this view (e.g., `x += y`) will silently drop the pre-backward hook and skip the all-gather, which can cause backward to fail or produce wrong gradients. Use out-of-place ops (`out = out + y`, not `out += y`) or `.clone()` the output before any in-place op.
  output = self._register_pre_backward_hook(output)
/workspace/venv_k3/lib/python3.12/site-packages/torch/distributed/fsdp/_fully_shard/_fsdp_state.py:336: UserWarning: FSDP2-wrapped module (FSDPCheckpointWrapper) returned a view tensor. An in-place op on this view (e.g., `x += y`) will silently drop the pre-backward hook and skip the all-gather, which can cause backward to fail or produce wrong gradients. Use out-of-place ops (`out = out + y`, not `out += y`) or `.clone()` the output before any in-place op.
  output = self._register_pre_backward_hook(output)
/workspace/venv_k3/lib/python3.12/site-packages/torch/distributed/fsdp/_fully_shard/_fsdp_state.py:336: UserWarning: FSDP2-wrapped module (FSDPCheckpointWrapper) returned a view tensor. An in-place op on this view (e.g., `x += y`) will silently drop the pre-backward hook and skip the all-gather, which can cause backward to fail or produce wrong gradients. Use out-of-place ops (`out = out + y`, not `out += y`) or `.clone()` the output before any in-place op.
  output = self._register_pre_backward_hook(output)
/workspace/venv_k3/lib/python3.12/site-packages/torch/distributed/fsdp/_fully_shard/_fsdp_state.py:336: UserWarning: FSDP2-wrapped module (FSDPCheckpointWrapper) returned a view tensor. An in-place op on this view (e.g., `x += y`) will silently drop the pre-backward hook and skip the all-gather, which can cause backward to fail or produce wrong gradients. Use out-of-place ops (`out = out + y`, not `out += y`) or `.clone()` the output before any in-place op.
  output = self._register_pre_backward_hook(output)
/workspace/venv_k3/lib/python3.12/site-packages/torch/distributed/fsdp/_fully_shard/_fsdp_state.py:336: UserWarning: FSDP2-wrapped module (FSDPCheckpointWrapper) returned a view tensor. An in-place op on this view (e.g., `x += y`) will silently drop the pre-backward hook and skip the all-gather, which can cause backward to fail or produce wrong gradients. Use out-of-place ops (`out = out + y`, not `out += y`) or `.clone()` the output before any in-place op.
  output = self._register_pre_backward_hook(output)
QB_PROBE_OK steps=20 layers=23 maxvio_mean=3.368 maxvio_max=4.211 rank_imb_mean=1.0764 rank_imb_max=1.1538
[titan] 2026-09-19 04:18:13,399 - torchtitan.components.checkpointer.base - INFO - Destroying the purge thread.
[titan] 2026-09-19 04:18:13,399 - torchtitan.components.checkpointer.base - INFO - Destroying the purge thread.
[titan] 2026-09-19 04:18:13,399 - torchtitan.components.checkpointer.base - INFO - Destroying the purge thread.
[titan] 2026-09-19 04:18:13,400 - torchtitan.components.checkpointer.base - INFO - Destroying the purge thread.
