W0930 12:38:10.886000 164838 torch/distributed/run.py:982] 
W0930 12:38:10.886000 164838 torch/distributed/run.py:982] *****************************************
W0930 12:38:10.886000 164838 torch/distributed/run.py:982] Setting OMP_NUM_THREADS environment variable for each process to be 1 in default, to avoid your system being overloaded, please further tune the variable for optimal performance in your application as needed. 
W0930 12:38:10.886000 164838 torch/distributed/run.py:982] *****************************************
[rank2]:WARNING:absl:Failed to load jax profiler: No module named 'jax'
[rank0]:WARNING:absl:Failed to load jax profiler: No module named 'jax'
[rank3]:WARNING:absl:Failed to load jax profiler: No module named 'jax'
[rank1]:WARNING:absl:Failed to load jax profiler: No module named 'jax'
[rank3]:[titan] 2026-09-30 12:38:17,447 - __main__ - INFO - torchtitan version: 0.0.0+unknown (0.0.0 means __version__ is not defined correctly).
[rank0]:[titan] 2026-09-30 12:38:17,749 - __main__ - INFO - torchtitan version: 0.0.0+unknown (0.0.0 means __version__ is not defined correctly).
[rank1]:[titan] 2026-09-30 12:38:17,834 - __main__ - INFO - torchtitan version: 0.0.0+unknown (0.0.0 means __version__ is not defined correctly).
[rank2]:[titan] 2026-09-30 12:38:17,821 - __main__ - INFO - torchtitan version: 0.0.0+unknown (0.0.0 means __version__ is not defined correctly).
[rank3]:[titan] 2026-09-30 12:38:18,169 - torchtitan.observability.structured_logger.jsonl_handler - INFO - Structured logging -> JSONL: /root/mep/results/probe_static/num_bubble/out/structured_logs/training.global_rank_3.20260930-123818-YZ6QI4.jsonl
[rank3]:[titan] 2026-09-30 12:38:18,443 - torchtitan.distributed.utils - WARNING - ENV[TORCH_NCCL_ASYNC_ERROR_HANDLING] = 1 will be overridden to 3 based on job config
[rank0]:[titan] 2026-09-30 12:38:18,481 - torchtitan.observability.structured_logger.jsonl_handler - INFO - Structured logging -> JSONL: /root/mep/results/probe_static/num_bubble/out/structured_logs/training.global_rank_0.20260930-123818-KGRB9C.jsonl
[rank1]:[titan] 2026-09-30 12:38:18,570 - torchtitan.observability.structured_logger.jsonl_handler - INFO - Structured logging -> JSONL: /root/mep/results/probe_static/num_bubble/out/structured_logs/training.global_rank_1.20260930-123818-9SX6R3.jsonl
[rank2]:[titan] 2026-09-30 12:38:18,554 - torchtitan.observability.structured_logger.jsonl_handler - INFO - Structured logging -> JSONL: /root/mep/results/probe_static/num_bubble/out/structured_logs/training.global_rank_2.20260930-123818-1JAXVB.jsonl
[rank0]:[titan] 2026-09-30 12:38:18,995 - torchtitan.distributed.utils - WARNING - ENV[TORCH_NCCL_ASYNC_ERROR_HANDLING] = 1 will be overridden to 3 based on job config
[rank1]:[titan] 2026-09-30 12:38:19,169 - torchtitan.distributed.utils - WARNING - ENV[TORCH_NCCL_ASYNC_ERROR_HANDLING] = 1 will be overridden to 3 based on job config
[rank2]:[titan] 2026-09-30 12:38:19,168 - torchtitan.distributed.utils - WARNING - ENV[TORCH_NCCL_ASYNC_ERROR_HANDLING] = 1 will be overridden to 3 based on job config
[rank0]:[titan] 2026-09-30 12:38:19,785 - torchtitan.tools.utils - INFO - [GC] Initial GC collection took 0.00 seconds
[rank0]:[titan] 2026-09-30 12:38:19,785 - torchtitan.distributed.utils - INFO - Deterministic algorithm enabled (expect perf degradation).
[rank0]:[titan] 2026-09-30 12:38:19,799 - torchtitan.distributed.parallelism_context - INFO - Building device mesh with parallelism: pp=4, dp_replicate=1, dp_shard=1, cp=1, tp=1, ep=1
[rank1]:[titan] 2026-09-30 12:38:19,785 - torchtitan.tools.utils - INFO - [GC] Initial GC collection took 0.00 seconds
[rank1]:[titan] 2026-09-30 12:38:19,785 - torchtitan.distributed.utils - INFO - Deterministic algorithm enabled (expect perf degradation).
[rank1]:[titan] 2026-09-30 12:38:19,796 - torchtitan.distributed.parallelism_context - INFO - Building device mesh with parallelism: pp=4, dp_replicate=1, dp_shard=1, cp=1, tp=1, ep=1
[rank3]:[titan] 2026-09-30 12:38:19,787 - torchtitan.tools.utils - INFO - [GC] Initial GC collection took 0.00 seconds
[rank3]:[titan] 2026-09-30 12:38:19,787 - torchtitan.distributed.utils - INFO - Deterministic algorithm enabled (expect perf degradation).
[rank3]:[titan] 2026-09-30 12:38:19,804 - torchtitan.distributed.parallelism_context - INFO - Building device mesh with parallelism: pp=4, dp_replicate=1, dp_shard=1, cp=1, tp=1, ep=1
[rank2]:[titan] 2026-09-30 12:38:19,783 - torchtitan.tools.utils - INFO - [GC] Initial GC collection took 0.00 seconds
[rank2]:[titan] 2026-09-30 12:38:19,783 - torchtitan.distributed.utils - INFO - Deterministic algorithm enabled (expect perf degradation).
[rank2]:[titan] 2026-09-30 12:38:19,794 - torchtitan.distributed.parallelism_context - INFO - Building device mesh with parallelism: pp=4, dp_replicate=1, dp_shard=1, cp=1, tp=1, ep=1
[rank0]:[titan] 2026-09-30 12:38:20,867 - torchtitan.distributed.parallelism_context - INFO - Successfully created meshes with active axes: ['pp']
[rank0]:[titan] 2026-09-30 12:38:20,869 - torchtitan.observability.metrics - INFO - CUDA capacity: NVIDIA H100 80GB HBM3 with 79.21GiB memory
[rank0]:[titan] 2026-09-30 12:38:20,882 - torchtitan.config.configurable - WARNING - Config field value of type InterpolationMode may not be JSON serializable
[rank0]:[titan] 2026-09-30 12:38:20,884 - torchtitan.tools.utils - WARNING - Error running lspci: [Errno 2] No such file or directory: 'lspci', fallback to use device_name
[rank0]:[titan] 2026-09-30 12:38:20,884 - torchtitan.components.tokenizer - INFO - Loading tokenizer from tokenizer.json
[rank1]:[titan] 2026-09-30 12:38:20,878 - torchtitan.distributed.parallelism_context - INFO - Successfully created meshes with active axes: ['pp']
[rank1]:[titan] 2026-09-30 12:38:20,880 - torchtitan.observability.metrics - INFO - CUDA capacity: NVIDIA H100 80GB HBM3 with 79.21GiB memory
[rank1]:[titan] 2026-09-30 12:38:20,891 - torchtitan.config.configurable - WARNING - Config field value of type InterpolationMode may not be JSON serializable
[rank1]:[titan] 2026-09-30 12:38:20,892 - torchtitan.tools.utils - WARNING - Error running lspci: [Errno 2] No such file or directory: 'lspci', fallback to use device_name
[rank1]:[titan] 2026-09-30 12:38:20,892 - torchtitan.components.tokenizer - INFO - Loading tokenizer from tokenizer.json
[rank3]:[titan] 2026-09-30 12:38:20,874 - torchtitan.distributed.parallelism_context - INFO - Successfully created meshes with active axes: ['pp']
[rank3]:[titan] 2026-09-30 12:38:20,876 - torchtitan.observability.metrics - INFO - CUDA capacity: NVIDIA H100 80GB HBM3 with 79.21GiB memory
[rank3]:[titan] 2026-09-30 12:38:20,886 - torchtitan.config.configurable - WARNING - Config field value of type InterpolationMode may not be JSON serializable
[rank3]:[titan] 2026-09-30 12:38:20,887 - torchtitan.tools.utils - WARNING - Error running lspci: [Errno 2] No such file or directory: 'lspci', fallback to use device_name
[rank3]:[titan] 2026-09-30 12:38:20,888 - torchtitan.components.tokenizer - INFO - Loading tokenizer from tokenizer.json
[rank2]:[titan] 2026-09-30 12:38:20,880 - torchtitan.distributed.parallelism_context - INFO - Successfully created meshes with active axes: ['pp']
[rank2]:[titan] 2026-09-30 12:38:20,881 - torchtitan.observability.metrics - INFO - CUDA capacity: NVIDIA H100 80GB HBM3 with 79.21GiB memory
[rank2]:[titan] 2026-09-30 12:38:20,892 - torchtitan.config.configurable - WARNING - Config field value of type InterpolationMode may not be JSON serializable
[rank2]:[titan] 2026-09-30 12:38:20,893 - torchtitan.tools.utils - WARNING - Error running lspci: [Errno 2] No such file or directory: 'lspci', fallback to use device_name
[rank2]:[titan] 2026-09-30 12:38:20,893 - torchtitan.components.tokenizer - INFO - Loading tokenizer from tokenizer.json
[rank3]:[titan] 2026-09-30 12:38:21,071 - torchtitan.protocols.state_dict_adapter - WARNING - model.safetensors.index.json not found at hf_assets_path: ./tests/assets/tokenizer/model.safetensors.index.json.                     Defaulting to saving a single safetensors file if checkpoint is saved in HF format
[rank3]:[titan] 2026-09-30 12:38:21,077 - torchtitan.models.utils - INFO - Total parameter count: 12,059,226,240, active parameters: 8,885,570,688
[rank3]:[titan] 2026-09-30 12:38:21,125 - torchtitan.distributed.activation_checkpoint - INFO - Applied FullAC activation checkpointing to the model
[rank0]:[titan] 2026-09-30 12:38:21,270 - torchtitan.protocols.state_dict_adapter - WARNING - model.safetensors.index.json not found at hf_assets_path: ./tests/assets/tokenizer/model.safetensors.index.json.                     Defaulting to saving a single safetensors file if checkpoint is saved in HF format
[rank0]:[titan] 2026-09-30 12:38:21,276 - torchtitan.models.utils - INFO - Total parameter count: 12,059,226,240, active parameters: 8,885,570,688
[rank0]:[titan] 2026-09-30 12:38:21,325 - torchtitan.distributed.activation_checkpoint - INFO - Applied FullAC activation checkpointing to the model
[rank1]:[titan] 2026-09-30 12:38:21,266 - torchtitan.protocols.state_dict_adapter - WARNING - model.safetensors.index.json not found at hf_assets_path: ./tests/assets/tokenizer/model.safetensors.index.json.                     Defaulting to saving a single safetensors file if checkpoint is saved in HF format
[rank1]:[titan] 2026-09-30 12:38:21,271 - torchtitan.models.utils - INFO - Total parameter count: 12,059,226,240, active parameters: 8,885,570,688
[rank1]:[titan] 2026-09-30 12:38:21,319 - torchtitan.distributed.activation_checkpoint - INFO - Applied FullAC activation checkpointing to the model
[rank3]:[titan] 2026-09-30 12:38:21,349 - torchtitan.distributed.pipeline_parallel - INFO - PP rank 3 is building stage_idx 3 with modules ['layers.5']
[rank2]:[titan] 2026-09-30 12:38:21,273 - torchtitan.protocols.state_dict_adapter - WARNING - model.safetensors.index.json not found at hf_assets_path: ./tests/assets/tokenizer/model.safetensors.index.json.                     Defaulting to saving a single safetensors file if checkpoint is saved in HF format
[rank2]:[titan] 2026-09-30 12:38:21,278 - torchtitan.models.utils - INFO - Total parameter count: 12,059,226,240, active parameters: 8,885,570,688
[rank2]:[titan] 2026-09-30 12:38:21,325 - torchtitan.distributed.activation_checkpoint - INFO - Applied FullAC activation checkpointing to the model
[rank3]:[titan] 2026-09-30 12:38:21,432 - torchtitan.distributed.pipeline_parallel - INFO - PP rank 3 is building stage_idx 7 with modules ['layers.9']
[rank3]:[titan] 2026-09-30 12:38:21,515 - torchtitan.distributed.pipeline_parallel - INFO - PP rank 3 is building stage_idx 11 with modules ['layers.13']
[rank0]:[titan] 2026-09-30 12:38:21,563 - torchtitan.distributed.pipeline_parallel - INFO - PP rank 0 is building stage_idx 0 with modules ['vision_encoder', 'tok_embeddings', 'layers.0']
[rank0]:[titan] 2026-09-30 12:38:21,652 - torchtitan.distributed.pipeline_parallel - INFO - PP rank 0 is building stage_idx 4 with modules ['layers.6']
[rank1]:[titan] 2026-09-30 12:38:21,566 - torchtitan.distributed.pipeline_parallel - INFO - PP rank 1 is building stage_idx 1 with modules ['layers.1', 'layers.2']
[rank1]:[titan] 2026-09-30 12:38:21,653 - torchtitan.distributed.pipeline_parallel - INFO - PP rank 1 is building stage_idx 5 with modules ['layers.7']
[rank3]:[titan] 2026-09-30 12:38:21,599 - torchtitan.distributed.pipeline_parallel - INFO - PP rank 3 is building stage_idx 15 with modules ['norm', 'lm_head', 'output_res_proj', 'output_res_norm']
[rank3]:[titan] 2026-09-30 12:38:21,602 - torchtitan.distributed.activation_checkpoint - INFO - Applied FullAC activation checkpointing to the model
[rank3]:[titan] 2026-09-30 12:38:21,646 - torchtitan.distributed.fsdp - INFO - Applied FSDP to the model
[rank3]:[titan] 2026-09-30 12:38:21,649 - torchtitan.distributed.activation_checkpoint - INFO - Applied FullAC activation checkpointing to the model
[rank3]:[titan] 2026-09-30 12:38:21,653 - torchtitan.distributed.fsdp - INFO - Applied FSDP to the model
[rank2]:[titan] 2026-09-30 12:38:21,564 - torchtitan.distributed.pipeline_parallel - INFO - PP rank 2 is building stage_idx 2 with modules ['layers.3', 'layers.4']
[rank2]:[titan] 2026-09-30 12:38:21,654 - torchtitan.distributed.pipeline_parallel - INFO - PP rank 2 is building stage_idx 6 with modules ['layers.8']
[rank0]:[titan] 2026-09-30 12:38:21,742 - torchtitan.distributed.pipeline_parallel - INFO - PP rank 0 is building stage_idx 8 with modules ['layers.10']
[rank1]:[titan] 2026-09-30 12:38:21,741 - torchtitan.distributed.pipeline_parallel - INFO - PP rank 1 is building stage_idx 9 with modules ['layers.11']
[rank3]:[titan] 2026-09-30 12:38:21,656 - torchtitan.distributed.activation_checkpoint - INFO - Applied FullAC activation checkpointing to the model
[rank3]:[titan] 2026-09-30 12:38:21,660 - torchtitan.distributed.fsdp - INFO - Applied FSDP to the model
[rank3]:[titan] 2026-09-30 12:38:21,660 - torchtitan.distributed.activation_checkpoint - INFO - Applied FullAC activation checkpointing to the model
[rank3]:[titan] 2026-09-30 12:38:21,663 - torchtitan.distributed.fsdp - INFO - Applied FSDP to the model
[rank3]:[titan] 2026-09-30 12:38:21,663 - torchtitan.distributed.pipeline_parallel - WARNING - Number of microbatches (8) is less than the total number of stages (16) which may result in a bubble in the pipeline.
[rank3]:[titan] 2026-09-30 12:38:21,665 - torchtitan.distributed.pipeline_parallel - INFO - Using pipeline schedule Interleaved1F1B with 8 microbatches and 16 stages.
[rank2]:[titan] 2026-09-30 12:38:21,743 - torchtitan.distributed.pipeline_parallel - INFO - PP rank 2 is building stage_idx 10 with modules ['layers.12']
[rank0]:[titan] 2026-09-30 12:38:21,833 - torchtitan.distributed.pipeline_parallel - INFO - PP rank 0 is building stage_idx 12 with modules ['layers.14']
[rank1]:[titan] 2026-09-30 12:38:21,830 - torchtitan.distributed.pipeline_parallel - INFO - PP rank 1 is building stage_idx 13 with modules ['layers.15']
[rank1]:[titan] 2026-09-30 12:38:21,835 - torchtitan.distributed.activation_checkpoint - INFO - Applied FullAC activation checkpointing to the model
[rank2]:[titan] 2026-09-30 12:38:21,835 - torchtitan.distributed.pipeline_parallel - INFO - PP rank 2 is building stage_idx 14 with modules ['layers.16']
[rank2]:[titan] 2026-09-30 12:38:21,840 - torchtitan.distributed.activation_checkpoint - INFO - Applied FullAC activation checkpointing to the model
[rank0]:[titan] 2026-09-30 12:38:21,859 - torchtitan.distributed.activation_checkpoint - INFO - Applied FullAC activation checkpointing to the model
[rank0]:[titan] 2026-09-30 12:38:21,860 - torchtitan.distributed.activation_checkpoint - INFO - Applied FullAC activation checkpointing to the model
[rank0]:[titan] 2026-09-30 12:38:21,930 - torchtitan.distributed.fsdp - INFO - Applied FSDP to the model
[rank0]:[titan] 2026-09-30 12:38:21,933 - torchtitan.distributed.activation_checkpoint - INFO - Applied FullAC activation checkpointing to the model
[rank0]:[titan] 2026-09-30 12:38:21,949 - torchtitan.distributed.fsdp - INFO - Applied FSDP to the model
[rank0]:[titan] 2026-09-30 12:38:21,951 - torchtitan.distributed.activation_checkpoint - INFO - Applied FullAC activation checkpointing to the model
[rank1]:[titan] 2026-09-30 12:38:21,877 - torchtitan.distributed.fsdp - INFO - Applied FSDP to the model
[rank1]:[titan] 2026-09-30 12:38:21,880 - torchtitan.distributed.activation_checkpoint - INFO - Applied FullAC activation checkpointing to the model
[rank1]:[titan] 2026-09-30 12:38:21,889 - torchtitan.distributed.fsdp - INFO - Applied FSDP to the model
[rank1]:[titan] 2026-09-30 12:38:21,892 - torchtitan.distributed.activation_checkpoint - INFO - Applied FullAC activation checkpointing to the model
[rank1]:[titan] 2026-09-30 12:38:21,896 - torchtitan.distributed.fsdp - INFO - Applied FSDP to the model
[rank1]:[titan] 2026-09-30 12:38:21,898 - torchtitan.distributed.activation_checkpoint - INFO - Applied FullAC activation checkpointing to the model
[rank1]:[titan] 2026-09-30 12:38:21,902 - torchtitan.distributed.fsdp - INFO - Applied FSDP to the model
[rank1]:[titan] 2026-09-30 12:38:21,902 - torchtitan.distributed.pipeline_parallel - WARNING - Number of microbatches (8) is less than the total number of stages (16) which may result in a bubble in the pipeline.
[rank1]:[titan] 2026-09-30 12:38:21,904 - torchtitan.distributed.pipeline_parallel - INFO - Using pipeline schedule Interleaved1F1B with 8 microbatches and 16 stages.
[rank2]:[titan] 2026-09-30 12:38:21,888 - torchtitan.distributed.fsdp - INFO - Applied FSDP to the model
[rank2]:[titan] 2026-09-30 12:38:21,891 - torchtitan.distributed.activation_checkpoint - INFO - Applied FullAC activation checkpointing to the model
[rank2]:[titan] 2026-09-30 12:38:21,896 - torchtitan.distributed.fsdp - INFO - Applied FSDP to the model
[rank2]:[titan] 2026-09-30 12:38:21,899 - torchtitan.distributed.activation_checkpoint - INFO - Applied FullAC activation checkpointing to the model
[rank2]:[titan] 2026-09-30 12:38:21,903 - torchtitan.distributed.fsdp - INFO - Applied FSDP to the model
[rank2]:[titan] 2026-09-30 12:38:21,906 - torchtitan.distributed.activation_checkpoint - INFO - Applied FullAC activation checkpointing to the model
[rank2]:[titan] 2026-09-30 12:38:21,910 - torchtitan.distributed.fsdp - INFO - Applied FSDP to the model
[rank2]:[titan] 2026-09-30 12:38:21,910 - torchtitan.distributed.pipeline_parallel - WARNING - Number of microbatches (8) is less than the total number of stages (16) which may result in a bubble in the pipeline.
[rank2]:[titan] 2026-09-30 12:38:21,912 - torchtitan.distributed.pipeline_parallel - INFO - Using pipeline schedule Interleaved1F1B with 8 microbatches and 16 stages.
[rank0]:[titan] 2026-09-30 12:38:21,956 - torchtitan.distributed.fsdp - INFO - Applied FSDP to the model
[rank0]:[titan] 2026-09-30 12:38:21,958 - torchtitan.distributed.activation_checkpoint - INFO - Applied FullAC activation checkpointing to the model
[rank0]:[titan] 2026-09-30 12:38:21,963 - torchtitan.distributed.fsdp - INFO - Applied FSDP to the model
[rank0]:[titan] 2026-09-30 12:38:21,963 - torchtitan.distributed.pipeline_parallel - WARNING - Number of microbatches (8) is less than the total number of stages (16) which may result in a bubble in the pipeline.
[rank0]:[titan] 2026-09-30 12:38:21,965 - torchtitan.distributed.pipeline_parallel - INFO - Using pipeline schedule Interleaved1F1B with 8 microbatches and 16 stages.
[rank1]:[titan] 2026-09-30 12:38:22,796 - torchtitan.models.kimi_k3.pipeline_parallel - INFO - Kimi K3 pipeline: 4 stage(s) on this rank [1, 5, 9, 13], block transport delta with rank store, vision encodes decoupled
[rank2]:[titan] 2026-09-30 12:38:22,957 - torchtitan.models.kimi_k3.pipeline_parallel - INFO - Kimi K3 pipeline: 4 stage(s) on this rank [2, 6, 10, 14], block transport delta with rank store, vision encodes decoupled
[rank0]:[titan] 2026-09-30 12:38:23,119 - torchtitan.models.kimi_k3.pipeline_parallel - INFO - Kimi K3 pipeline: 4 stage(s) on this rank [0, 4, 8, 12], block transport delta with rank store, vision encodes decoupled
[rank3]:[titan] 2026-09-30 12:38:23,121 - torchtitan.models.kimi_k3.pipeline_parallel - INFO - Kimi K3 pipeline: 4 stage(s) on this rank [3, 7, 11, 15], block transport delta with rank store, vision encodes decoupled
[rank3]:[rank3]:W0930 12:38:23.650000 164920 torch/distributed/tensor/_random.py:215] DTensor is synchronizing RNG states of every rank with the state from rank 0. This behavior is deprecated. Please call `torch.manual_seed()` on every rank that participates in SPMD DTensor Operations with the same seed. If using Pipeline Parallelism, each pipeline state would use a different seed, but all ranks belonging to one pipeline stage would use the same seed.
[rank2]:[rank2]:W0930 12:38:23.650000 164919 torch/distributed/tensor/_random.py:215] DTensor is synchronizing RNG states of every rank with the state from rank 0. This behavior is deprecated. Please call `torch.manual_seed()` on every rank that participates in SPMD DTensor Operations with the same seed. If using Pipeline Parallelism, each pipeline state would use a different seed, but all ranks belonging to one pipeline stage would use the same seed.
[rank1]:[rank1]:W0930 12:38:23.648000 164918 torch/distributed/tensor/_random.py:215] DTensor is synchronizing RNG states of every rank with the state from rank 0. This behavior is deprecated. Please call `torch.manual_seed()` on every rank that participates in SPMD DTensor Operations with the same seed. If using Pipeline Parallelism, each pipeline state would use a different seed, but all ranks belonging to one pipeline stage would use the same seed.
[rank1]:[titan] 2026-09-30 12:38:23,832 - torchtitan.training_engine - INFO - Model KimiK3Model.Config size: 12,059,226,240 total parameters
[rank1]:[titan] 2026-09-30 12:38:23,833 - torchtitan.components.optimizer.optimizer - INFO - Optimizer AdamW (model_part=0): 56 params [.*] {'lr': 0.0008, 'betas': (0.9, 0.95), 'eps': 1e-08, 'weight_decay': 0.1, 'foreach': None, 'fused': True}
[rank1]:[titan] 2026-09-30 12:38:23,833 - torchtitan.components.optimizer.optimizer - INFO - Optimizer AdamW (model_part=1): 22 params [.*] {'lr': 0.0008, 'betas': (0.9, 0.95), 'eps': 1e-08, 'weight_decay': 0.1, 'foreach': None, 'fused': True}
[rank1]:[titan] 2026-09-30 12:38:23,833 - torchtitan.components.optimizer.optimizer - INFO - Optimizer AdamW (model_part=2): 22 params [.*] {'lr': 0.0008, 'betas': (0.9, 0.95), 'eps': 1e-08, 'weight_decay': 0.1, 'foreach': None, 'fused': True}
[rank1]:[titan] 2026-09-30 12:38:23,833 - torchtitan.components.optimizer.optimizer - INFO - Optimizer AdamW (model_part=3): 22 params [.*] {'lr': 0.0008, 'betas': (0.9, 0.95), 'eps': 1e-08, 'weight_decay': 0.1, 'foreach': None, 'fused': True}
[rank1]:[titan] 2026-09-30 12:38:23,834 - torchtitan.observability.metrics - WARNING - [31mPipeline Parallel loss is not visible. Please add [33mrank 3[31m to LOG_RANK environment variable in run_train.sh.[39m
[rank1]:[titan] 2026-09-30 12:38:23,834 - torchtitan.trainer - INFO - Peak FLOPS used for computing MFU: 9.890e+14
[rank1]:[titan] 2026-09-30 12:38:23,835 - torchtitan.trainer - INFO - CUDA memory usage for model: 7.14GiB(9.02%)
[rank1]:[titan] 2026-09-30 12:38:23,835 - torchtitan.trainer - INFO - Trainer is initialized with 16384 tokens per DP rank, 16384 tokens per train step, gradient accumulation steps 1, maximum context length 2048, total steps 20 (warmup 2)
[rank1]:[titan] 2026-09-30 12:38:23,835 - torchtitan.trainer - INFO - Training starts at step 1
[rank3]:[titan] 2026-09-30 12:38:23,817 - torchtitan.training_engine - INFO - Model KimiK3Model.Config size: 12,059,226,240 total parameters
[rank3]:[titan] 2026-09-30 12:38:23,819 - torchtitan.components.optimizer.optimizer - INFO - Optimizer AdamW (model_part=0): 28 params [.*] {'lr': 0.0008, 'betas': (0.9, 0.95), 'eps': 1e-08, 'weight_decay': 0.1, 'foreach': None, 'fused': True}
[rank3]:[titan] 2026-09-30 12:38:23,819 - torchtitan.components.optimizer.optimizer - INFO - Optimizer AdamW (model_part=1): 28 params [.*] {'lr': 0.0008, 'betas': (0.9, 0.95), 'eps': 1e-08, 'weight_decay': 0.1, 'foreach': None, 'fused': True}
[rank3]:[titan] 2026-09-30 12:38:23,819 - torchtitan.components.optimizer.optimizer - INFO - Optimizer AdamW (model_part=2): 28 params [.*] {'lr': 0.0008, 'betas': (0.9, 0.95), 'eps': 1e-08, 'weight_decay': 0.1, 'foreach': None, 'fused': True}
[rank3]:[titan] 2026-09-30 12:38:23,819 - torchtitan.components.optimizer.optimizer - INFO - Optimizer AdamW (model_part=3): 4 params [.*] {'lr': 0.0008, 'betas': (0.9, 0.95), 'eps': 1e-08, 'weight_decay': 0.1, 'foreach': None, 'fused': True}
[rank3]:[titan] 2026-09-30 12:38:23,821 - torchtitan.observability.metrics - WARNING - [31mPipeline Parallel loss is not visible. Please add [33mrank 3[31m to LOG_RANK environment variable in run_train.sh.[39m
[rank3]:[titan] 2026-09-30 12:38:23,821 - torchtitan.trainer - INFO - Peak FLOPS used for computing MFU: 9.890e+14
[rank3]:[titan] 2026-09-30 12:38:23,821 - torchtitan.trainer - INFO - CUDA memory usage for model: 5.41GiB(6.83%)
[rank3]:[titan] 2026-09-30 12:38:23,821 - torchtitan.trainer - INFO - Trainer is initialized with 16384 tokens per DP rank, 16384 tokens per train step, gradient accumulation steps 1, maximum context length 2048, total steps 20 (warmup 2)
[rank3]:[titan] 2026-09-30 12:38:23,821 - torchtitan.trainer - INFO - Training starts at step 1
[rank2]:[titan] 2026-09-30 12:38:23,834 - torchtitan.training_engine - INFO - Model KimiK3Model.Config size: 12,059,226,240 total parameters
[rank2]:[titan] 2026-09-30 12:38:23,835 - torchtitan.components.optimizer.optimizer - INFO - Optimizer AdamW (model_part=0): 50 params [.*] {'lr': 0.0008, 'betas': (0.9, 0.95), 'eps': 1e-08, 'weight_decay': 0.1, 'foreach': None, 'fused': True}
[rank2]:[titan] 2026-09-30 12:38:23,835 - torchtitan.components.optimizer.optimizer - INFO - Optimizer AdamW (model_part=1): 28 params [.*] {'lr': 0.0008, 'betas': (0.9, 0.95), 'eps': 1e-08, 'weight_decay': 0.1, 'foreach': None, 'fused': True}
[rank2]:[titan] 2026-09-30 12:38:23,835 - torchtitan.components.optimizer.optimizer - INFO - Optimizer AdamW (model_part=2): 28 params [.*] {'lr': 0.0008, 'betas': (0.9, 0.95), 'eps': 1e-08, 'weight_decay': 0.1, 'foreach': None, 'fused': True}
[rank2]:[titan] 2026-09-30 12:38:23,835 - torchtitan.components.optimizer.optimizer - INFO - Optimizer AdamW (model_part=3): 22 params [.*] {'lr': 0.0008, 'betas': (0.9, 0.95), 'eps': 1e-08, 'weight_decay': 0.1, 'foreach': None, 'fused': True}
[rank2]:[titan] 2026-09-30 12:38:23,836 - torchtitan.observability.metrics - WARNING - [31mPipeline Parallel loss is not visible. Please add [33mrank 3[31m to LOG_RANK environment variable in run_train.sh.[39m
[rank2]:[titan] 2026-09-30 12:38:23,836 - torchtitan.trainer - INFO - Peak FLOPS used for computing MFU: 9.890e+14
[rank2]:[titan] 2026-09-30 12:38:23,837 - torchtitan.trainer - INFO - CUDA memory usage for model: 7.57GiB(9.55%)
[rank2]:[titan] 2026-09-30 12:38:23,837 - torchtitan.trainer - INFO - Trainer is initialized with 16384 tokens per DP rank, 16384 tokens per train step, gradient accumulation steps 1, maximum context length 2048, total steps 20 (warmup 2)
[rank2]:[titan] 2026-09-30 12:38:23,837 - torchtitan.trainer - INFO - Training starts at step 1
[rank0]:[titan] 2026-09-30 12:38:23,923 - torchtitan.training_engine - INFO - Model KimiK3Model.Config size: 12,059,226,240 total parameters
[rank0]:[titan] 2026-09-30 12:38:23,926 - torchtitan.components.optimizer.optimizer - INFO - Optimizer AdamW (model_part=0): 243 params [.*] {'lr': 0.0008, 'betas': (0.9, 0.95), 'eps': 1e-08, 'weight_decay': 0.1, 'foreach': None, 'fused': True}
[rank0]:[titan] 2026-09-30 12:38:23,926 - torchtitan.components.optimizer.optimizer - INFO - Optimizer AdamW (model_part=1): 28 params [.*] {'lr': 0.0008, 'betas': (0.9, 0.95), 'eps': 1e-08, 'weight_decay': 0.1, 'foreach': None, 'fused': True}
[rank0]:[titan] 2026-09-30 12:38:23,926 - torchtitan.components.optimizer.optimizer - INFO - Optimizer AdamW (model_part=2): 28 params [.*] {'lr': 0.0008, 'betas': (0.9, 0.95), 'eps': 1e-08, 'weight_decay': 0.1, 'foreach': None, 'fused': True}
[rank0]:[titan] 2026-09-30 12:38:23,926 - torchtitan.components.optimizer.optimizer - INFO - Optimizer AdamW (model_part=3): 28 params [.*] {'lr': 0.0008, 'betas': (0.9, 0.95), 'eps': 1e-08, 'weight_decay': 0.1, 'foreach': None, 'fused': True}
[rank0]:[titan] 2026-09-30 12:38:23,928 - torchtitan.observability.metrics - WARNING - [31mPipeline Parallel loss is not visible. Please add [33mrank 3[31m to LOG_RANK environment variable in run_train.sh.[39m
[rank0]:[titan] 2026-09-30 12:38:23,928 - torchtitan.trainer - INFO - Peak FLOPS used for computing MFU: 9.890e+14
[rank0]:[titan] 2026-09-30 12:38:23,928 - torchtitan.trainer - INFO - CUDA memory usage for model: 7.30GiB(9.21%)
[rank0]:[titan] 2026-09-30 12:38:23,928 - torchtitan.trainer - INFO - Trainer is initialized with 16384 tokens per DP rank, 16384 tokens per train step, gradient accumulation steps 1, maximum context length 2048, total steps 20 (warmup 2)
[rank0]:[titan] 2026-09-30 12:38:23,929 - torchtitan.trainer - INFO - Training starts at step 1
[rank1]:[titan] 2026-09-30 12:38:59,667 - torchtitan.models.kimi_k3.pipeline_parallel.vision_dep - INFO - vision_dep: 3 micro-batch(es) with images; encodes 3 before the schedule, 0 in idle slots; backwards 0 in idle slots, 3 after it
[rank2]:[titan] 2026-09-30 12:38:59,666 - torchtitan.models.kimi_k3.pipeline_parallel.vision_dep - INFO - vision_dep: 3 micro-batch(es) with images; encodes 3 before the schedule, 0 in idle slots; backwards 0 in idle slots, 3 after it
[rank0]:[titan] 2026-09-30 12:38:59,667 - torchtitan.models.kimi_k3.pipeline_parallel.vision_dep - INFO - vision_dep: 3 micro-batch(es) with images; encodes 3 before the schedule, 0 in idle slots; backwards 0 in idle slots, 3 after it
[rank3]:[titan] 2026-09-30 12:38:59,666 - torchtitan.models.kimi_k3.pipeline_parallel.vision_dep - INFO - vision_dep: 3 micro-batch(es) with images; encodes 3 before the schedule, 0 in idle slots; backwards 0 in idle slots, 3 after it
[rank1]:/root/mep/venv_src/lib/python3.12/site-packages/torch/distributed/fsdp/_fully_shard/_fsdp_state.py:336: UserWarning: FSDP2-wrapped module (FSDPCheckpointWrapper) returned a view tensor. An in-place op on this view (e.g., `x += y`) will silently drop the pre-backward hook and skip the all-gather, which can cause backward to fail or produce wrong gradients. Use out-of-place ops (`out = out + y`, not `out += y`) or `.clone()` the output before any in-place op.
[rank1]:  output = self._register_pre_backward_hook(output)
[rank1]:/root/mep/venv_src/lib/python3.12/site-packages/torch/distributed/fsdp/_fully_shard/_fsdp_state.py:336: UserWarning: FSDP2-wrapped module (FSDPKimiK3Model) returned a view tensor. An in-place op on this view (e.g., `x += y`) will silently drop the pre-backward hook and skip the all-gather, which can cause backward to fail or produce wrong gradients. Use out-of-place ops (`out = out + y`, not `out += y`) or `.clone()` the output before any in-place op.
[rank1]:  output = self._register_pre_backward_hook(output)
[rank2]:/root/mep/venv_src/lib/python3.12/site-packages/torch/distributed/fsdp/_fully_shard/_fsdp_state.py:336: UserWarning: FSDP2-wrapped module (FSDPCheckpointWrapper) returned a view tensor. An in-place op on this view (e.g., `x += y`) will silently drop the pre-backward hook and skip the all-gather, which can cause backward to fail or produce wrong gradients. Use out-of-place ops (`out = out + y`, not `out += y`) or `.clone()` the output before any in-place op.
[rank2]:  output = self._register_pre_backward_hook(output)
[rank3]:/root/mep/venv_src/lib/python3.12/site-packages/torch/distributed/fsdp/_fully_shard/_fsdp_state.py:336: UserWarning: FSDP2-wrapped module (FSDPCheckpointWrapper) returned a view tensor. An in-place op on this view (e.g., `x += y`) will silently drop the pre-backward hook and skip the all-gather, which can cause backward to fail or produce wrong gradients. Use out-of-place ops (`out = out + y`, not `out += y`) or `.clone()` the output before any in-place op.
[rank3]:  output = self._register_pre_backward_hook(output)
[rank3]:/root/mep/venv_src/lib/python3.12/site-packages/torch/distributed/fsdp/_fully_shard/_fsdp_state.py:336: UserWarning: FSDP2-wrapped module (FSDPKimiK3Model) returned a view tensor. An in-place op on this view (e.g., `x += y`) will silently drop the pre-backward hook and skip the all-gather, which can cause backward to fail or produce wrong gradients. Use out-of-place ops (`out = out + y`, not `out += y`) or `.clone()` the output before any in-place op.
[rank3]:  output = self._register_pre_backward_hook(output)
[rank0]:/root/mep/venv_src/lib/python3.12/site-packages/torch/distributed/fsdp/_fully_shard/_fsdp_state.py:336: UserWarning: FSDP2-wrapped module (FSDPCheckpointWrapper) returned a view tensor. An in-place op on this view (e.g., `x += y`) will silently drop the pre-backward hook and skip the all-gather, which can cause backward to fail or produce wrong gradients. Use out-of-place ops (`out = out + y`, not `out += y`) or `.clone()` the output before any in-place op.
[rank0]:  output = self._register_pre_backward_hook(output)
[rank0]:/root/mep/venv_src/lib/python3.12/site-packages/torch/distributed/fsdp/_fully_shard/_fsdp_state.py:336: UserWarning: FSDP2-wrapped module (FSDPKimiK3Model) returned a view tensor. An in-place op on this view (e.g., `x += y`) will silently drop the pre-backward hook and skip the all-gather, which can cause backward to fail or produce wrong gradients. Use out-of-place ops (`out = out + y`, not `out += y`) or `.clone()` the output before any in-place op.
[rank0]:  output = self._register_pre_backward_hook(output)
[rank1]:/root/mep/venv_src/lib/python3.12/site-packages/torch/distributed/fsdp/_fully_shard/_fsdp_state.py:336: UserWarning: FSDP2-wrapped module (FSDPCheckpointWrapper) returned a view tensor. An in-place op on this view (e.g., `x += y`) will silently drop the pre-backward hook and skip the all-gather, which can cause backward to fail or produce wrong gradients. Use out-of-place ops (`out = out + y`, not `out += y`) or `.clone()` the output before any in-place op.
[rank1]:  output = self._register_pre_backward_hook(output)
[rank1]:/root/mep/venv_src/lib/python3.12/site-packages/torch/distributed/fsdp/_fully_shard/_fsdp_state.py:336: UserWarning: FSDP2-wrapped module (FSDPKimiK3Model) returned a view tensor. An in-place op on this view (e.g., `x += y`) will silently drop the pre-backward hook and skip the all-gather, which can cause backward to fail or produce wrong gradients. Use out-of-place ops (`out = out + y`, not `out += y`) or `.clone()` the output before any in-place op.
[rank1]:  output = self._register_pre_backward_hook(output)
[rank1]:[titan] 2026-09-30 12:39:11,010 - torchtitan.observability.metrics - INFO - [31mstep:  1  [32mloss: -1.00000  [38;2;180;60;0mgrad_norm: 43.7500  [38;2;54;234;195mmemory: 54.25GiB(68.49%)  [34mtps: 82  [36mtflops: 4.46  [35mmfu: 0.45%[39m
[rank1]:[titan] 2026-09-30 12:39:11,013 - torchtitan.distributed.utils - INFO - Synchronizing and adjusting timeout for all ProcessGroups to 0:01:40
[rank2]:[titan] 2026-09-30 12:39:11,002 - torchtitan.observability.metrics - INFO - [31mstep:  1  [32mloss: -1.00000  [38;2;180;60;0mgrad_norm: 43.7500  [38;2;54;234;195mmemory: 61.20GiB(77.26%)  [34mtps: 82  [36mtflops: 4.46  [35mmfu: 0.45%[39m
[rank2]:[titan] 2026-09-30 12:39:11,004 - torchtitan.distributed.utils - INFO - Synchronizing and adjusting timeout for all ProcessGroups to 0:01:40
[rank3]:[titan] 2026-09-30 12:39:10,948 - torchtitan.observability.metrics - INFO - [31mstep:  1  [32mloss:  8.12706  [38;2;180;60;0mgrad_norm: 43.7500  [38;2;54;234;195mmemory: 47.04GiB(59.38%)  [34mtps: 82  [36mtflops: 4.47  [35mmfu: 0.45%[39m
[rank3]:[titan] 2026-09-30 12:39:10,948 - torchtitan.distributed.utils - INFO - Synchronizing and adjusting timeout for all ProcessGroups to 0:01:40
[rank0]:[titan] 2026-09-30 12:39:11,303 - torchtitan.observability.metrics - INFO - [31mstep:  1  [32mloss: -1.00000  [38;2;180;60;0mgrad_norm: 43.7500  [38;2;54;234;195mmemory: 55.28GiB(69.78%)  [34mtps: 81  [36mtflops: 4.44  [35mmfu: 0.45%[39m
[rank0]:[titan] 2026-09-30 12:39:11,303 - torchtitan.distributed.utils - INFO - Synchronizing and adjusting timeout for all ProcessGroups to 0:01:40
[rank1]:/root/mep/venv_src/lib/python3.12/site-packages/torch/distributed/fsdp/_fully_shard/_fsdp_state.py:336: UserWarning: FSDP2-wrapped module (FSDPCheckpointWrapper) returned a view tensor. An in-place op on this view (e.g., `x += y`) will silently drop the pre-backward hook and skip the all-gather, which can cause backward to fail or produce wrong gradients. Use out-of-place ops (`out = out + y`, not `out += y`) or `.clone()` the output before any in-place op.
[rank1]:  output = self._register_pre_backward_hook(output)
[rank1]:/root/mep/venv_src/lib/python3.12/site-packages/torch/distributed/fsdp/_fully_shard/_fsdp_state.py:336: UserWarning: FSDP2-wrapped module (FSDPKimiK3Model) returned a view tensor. An in-place op on this view (e.g., `x += y`) will silently drop the pre-backward hook and skip the all-gather, which can cause backward to fail or produce wrong gradients. Use out-of-place ops (`out = out + y`, not `out += y`) or `.clone()` the output before any in-place op.
[rank1]:  output = self._register_pre_backward_hook(output)
[rank2]:/root/mep/venv_src/lib/python3.12/site-packages/torch/distributed/fsdp/_fully_shard/_fsdp_state.py:336: UserWarning: FSDP2-wrapped module (FSDPCheckpointWrapper) returned a view tensor. An in-place op on this view (e.g., `x += y`) will silently drop the pre-backward hook and skip the all-gather, which can cause backward to fail or produce wrong gradients. Use out-of-place ops (`out = out + y`, not `out += y`) or `.clone()` the output before any in-place op.
[rank2]:  output = self._register_pre_backward_hook(output)
[rank1]:[titan] 2026-09-30 12:39:13,256 - torchtitan.observability.metrics - INFO - [31mstep:  2  [32mloss: -1.00000  [38;2;180;60;0mgrad_norm: 69.0000  [38;2;54;234;195mmemory: 65.11GiB(82.20%)  [34mtps: 1,824  [36mtflops: 99.59  [35mmfu: 10.07%[39m
[rank2]:[titan] 2026-09-30 12:39:13,257 - torchtitan.observability.metrics - INFO - [31mstep:  2  [32mloss: -1.00000  [38;2;180;60;0mgrad_norm: 69.0000  [38;2;54;234;195mmemory: 71.66GiB(90.47%)  [34mtps: 1,817  [36mtflops: 99.20  [35mmfu: 10.03%[39m
[rank0]:[titan] 2026-09-30 12:39:13,257 - torchtitan.observability.metrics - INFO - [31mstep:  2  [32mloss: -1.00000  [38;2;180;60;0mgrad_norm: 69.0000  [38;2;54;234;195mmemory: 68.28GiB(86.20%)  [34mtps: 2,096  [36mtflops: 114.45  [35mmfu: 11.57%[39m
[rank3]:[titan] 2026-09-30 12:39:13,251 - torchtitan.observability.metrics - INFO - [31mstep:  2  [32mloss:  7.43807  [38;2;180;60;0mgrad_norm: 69.0000  [38;2;54;234;195mmemory: 55.91GiB(70.59%)  [34mtps: 1,779  [36mtflops: 97.11  [35mmfu: 9.82%[39m
[rank3]:/root/mep/venv_src/lib/python3.12/site-packages/torch/distributed/fsdp/_fully_shard/_fsdp_state.py:336: UserWarning: FSDP2-wrapped module (FSDPCheckpointWrapper) returned a view tensor. An in-place op on this view (e.g., `x += y`) will silently drop the pre-backward hook and skip the all-gather, which can cause backward to fail or produce wrong gradients. Use out-of-place ops (`out = out + y`, not `out += y`) or `.clone()` the output before any in-place op.
[rank3]:  output = self._register_pre_backward_hook(output)
[rank3]:/root/mep/venv_src/lib/python3.12/site-packages/torch/distributed/fsdp/_fully_shard/_fsdp_state.py:336: UserWarning: FSDP2-wrapped module (FSDPKimiK3Model) returned a view tensor. An in-place op on this view (e.g., `x += y`) will silently drop the pre-backward hook and skip the all-gather, which can cause backward to fail or produce wrong gradients. Use out-of-place ops (`out = out + y`, not `out += y`) or `.clone()` the output before any in-place op.
[rank3]:  output = self._register_pre_backward_hook(output)
[rank1]:[titan] 2026-09-30 12:39:18,582 - torchtitan.observability.metrics - INFO - [31mstep:  3  [32mloss: -1.00000  [38;2;180;60;0mgrad_norm: 82.5000  [38;2;54;234;195mmemory: 65.11GiB(82.20%)  [34mtps: 769  [36mtflops: 41.99  [35mmfu: 4.25%[39m
[rank2]:[titan] 2026-09-30 12:39:18,585 - torchtitan.observability.metrics - INFO - [31mstep:  3  [32mloss: -1.00000  [38;2;180;60;0mgrad_norm: 82.5000  [38;2;54;234;195mmemory: 71.66GiB(90.47%)  [34mtps: 769  [36mtflops: 41.98  [35mmfu: 4.24%[39m
[rank0]:[titan] 2026-09-30 12:39:18,583 - torchtitan.observability.metrics - INFO - [31mstep:  3  [32mloss: -1.00000  [38;2;180;60;0mgrad_norm: 82.5000  [38;2;54;234;195mmemory: 68.28GiB(86.20%)  [34mtps: 769  [36mtflops: 41.99  [35mmfu: 4.25%[39m
[rank3]:[titan] 2026-09-30 12:39:18,577 - torchtitan.observability.metrics - INFO - [31mstep:  3  [32mloss:  6.74593  [38;2;180;60;0mgrad_norm: 82.5000  [38;2;54;234;195mmemory: 55.91GiB(70.59%)  [34mtps: 769  [36mtflops: 41.99  [35mmfu: 4.25%[39m
[rank3]:/root/mep/venv_src/lib/python3.12/site-packages/torch/distributed/fsdp/_fully_shard/_fsdp_state.py:336: UserWarning: FSDP2-wrapped module (FSDPCheckpointWrapper) returned a view tensor. An in-place op on this view (e.g., `x += y`) will silently drop the pre-backward hook and skip the all-gather, which can cause backward to fail or produce wrong gradients. Use out-of-place ops (`out = out + y`, not `out += y`) or `.clone()` the output before any in-place op.
[rank3]:  output = self._register_pre_backward_hook(output)
[rank3]:/root/mep/venv_src/lib/python3.12/site-packages/torch/distributed/fsdp/_fully_shard/_fsdp_state.py:336: UserWarning: FSDP2-wrapped module (FSDPKimiK3Model) returned a view tensor. An in-place op on this view (e.g., `x += y`) will silently drop the pre-backward hook and skip the all-gather, which can cause backward to fail or produce wrong gradients. Use out-of-place ops (`out = out + y`, not `out += y`) or `.clone()` the output before any in-place op.
[rank3]:  output = self._register_pre_backward_hook(output)
[rank1]:[titan] 2026-09-30 12:39:20,818 - torchtitan.observability.metrics - INFO - [31mstep:  4  [32mloss: -1.00000  [38;2;180;60;0mgrad_norm: 112.0000  [38;2;54;234;195mmemory: 65.11GiB(82.20%)  [34mtps: 1,832  [36mtflops: 100.04  [35mmfu: 10.11%[39m
[rank2]:[titan] 2026-09-30 12:39:20,819 - torchtitan.observability.metrics - INFO - [31mstep:  4  [32mloss: -1.00000  [38;2;180;60;0mgrad_norm: 112.0000  [38;2;54;234;195mmemory: 71.66GiB(90.47%)  [34mtps: 1,833  [36mtflops: 100.09  [35mmfu: 10.12%[39m
[rank0]:[titan] 2026-09-30 12:39:20,819 - torchtitan.observability.metrics - INFO - [31mstep:  4  [32mloss: -1.00000  [38;2;180;60;0mgrad_norm: 112.0000  [38;2;54;234;195mmemory: 68.28GiB(86.20%)  [34mtps: 1,832  [36mtflops: 100.03  [35mmfu: 10.11%[39m
[rank3]:[titan] 2026-09-30 12:39:20,813 - torchtitan.observability.metrics - INFO - [31mstep:  4  [32mloss:  8.57298  [38;2;180;60;0mgrad_norm: 112.0000  [38;2;54;234;195mmemory: 55.91GiB(70.59%)  [34mtps: 1,832  [36mtflops: 100.02  [35mmfu: 10.11%[39m
[rank2]:[titan] 2026-09-30 12:39:22,755 - torchtitan.observability.metrics - INFO - [31mstep:  5  [32mloss: -1.00000  [38;2;180;60;0mgrad_norm: 386.0000  [38;2;54;234;195mmemory: 71.66GiB(90.47%)  [34mtps: 2,117  [36mtflops: 115.56  [35mmfu: 11.68%[39m
[rank0]:[titan] 2026-09-30 12:39:22,755 - torchtitan.observability.metrics - INFO - [31mstep:  5  [32mloss: -1.00000  [38;2;180;60;0mgrad_norm: 386.0000  [38;2;54;234;195mmemory: 68.28GiB(86.20%)  [34mtps: 2,117  [36mtflops: 115.56  [35mmfu: 11.68%[39m
[rank3]:[titan] 2026-09-30 12:39:22,748 - torchtitan.observability.metrics - INFO - [31mstep:  5  [32mloss:  7.20348  [38;2;180;60;0mgrad_norm: 386.0000  [38;2;54;234;195mmemory: 55.91GiB(70.59%)  [34mtps: 2,117  [36mtflops: 115.58  [35mmfu: 11.69%[39m
[rank1]:[titan] 2026-09-30 12:39:22,753 - torchtitan.observability.metrics - INFO - [31mstep:  5  [32mloss: -1.00000  [38;2;180;60;0mgrad_norm: 386.0000  [38;2;54;234;195mmemory: 65.11GiB(82.20%)  [34mtps: 2,117  [36mtflops: 115.57  [35mmfu: 11.69%[39m
[rank1]:[titan] 2026-09-30 12:39:24,738 - torchtitan.observability.metrics - INFO - [31mstep:  6  [32mloss: -1.00000  [38;2;180;60;0mgrad_norm: 916.0000  [38;2;54;234;195mmemory: 65.11GiB(82.20%)  [34mtps: 2,064  [36mtflops: 112.70  [35mmfu: 11.40%[39m
[rank2]:[titan] 2026-09-30 12:39:24,739 - torchtitan.observability.metrics - INFO - [31mstep:  6  [32mloss: -1.00000  [38;2;180;60;0mgrad_norm: 916.0000  [38;2;54;234;195mmemory: 71.66GiB(90.47%)  [34mtps: 2,064  [36mtflops: 112.71  [35mmfu: 11.40%[39m
[rank0]:[titan] 2026-09-30 12:39:24,739 - torchtitan.observability.metrics - INFO - [31mstep:  6  [32mloss: -1.00000  [38;2;180;60;0mgrad_norm: 916.0000  [38;2;54;234;195mmemory: 68.28GiB(86.20%)  [34mtps: 2,064  [36mtflops: 112.72  [35mmfu: 11.40%[39m
[rank3]:[titan] 2026-09-30 12:39:24,733 - torchtitan.observability.metrics - INFO - [31mstep:  6  [32mloss:  8.10612  [38;2;180;60;0mgrad_norm: 916.0000  [38;2;54;234;195mmemory: 55.91GiB(70.59%)  [34mtps: 2,065  [36mtflops: 112.72  [35mmfu: 11.40%[39m
[rank1]:[titan] 2026-09-30 12:39:26,691 - torchtitan.observability.metrics - INFO - [31mstep:  7  [32mloss: -1.00000  [38;2;180;60;0mgrad_norm: 394.0000  [38;2;54;234;195mmemory: 65.11GiB(82.20%)  [34mtps: 2,097  [36mtflops: 114.51  [35mmfu: 11.58%[39m
[rank2]:[titan] 2026-09-30 12:39:26,693 - torchtitan.observability.metrics - INFO - [31mstep:  7  [32mloss: -1.00000  [38;2;180;60;0mgrad_norm: 394.0000  [38;2;54;234;195mmemory: 71.66GiB(90.47%)  [34mtps: 2,097  [36mtflops: 114.50  [35mmfu: 11.58%[39m
[rank0]:[titan] 2026-09-30 12:39:26,692 - torchtitan.observability.metrics - INFO - [31mstep:  7  [32mloss: -1.00000  [38;2;180;60;0mgrad_norm: 394.0000  [38;2;54;234;195mmemory: 68.28GiB(86.20%)  [34mtps: 2,097  [36mtflops: 114.50  [35mmfu: 11.58%[39m
[rank3]:[titan] 2026-09-30 12:39:26,687 - torchtitan.observability.metrics - INFO - [31mstep:  7  [32mloss:  6.15774  [38;2;180;60;0mgrad_norm: 394.0000  [38;2;54;234;195mmemory: 55.91GiB(70.59%)  [34mtps: 2,097  [36mtflops: 114.49  [35mmfu: 11.58%[39m
[rank2]:[titan] 2026-09-30 12:39:28,664 - torchtitan.observability.metrics - INFO - [31mstep:  8  [32mloss: -1.00000  [38;2;180;60;0mgrad_norm: 37.5000  [38;2;54;234;195mmemory: 71.66GiB(90.47%)  [34mtps: 2,079  [36mtflops: 113.49  [35mmfu: 11.48%[39m
[rank0]:[titan] 2026-09-30 12:39:28,663 - torchtitan.observability.metrics - INFO - [31mstep:  8  [32mloss: -1.00000  [38;2;180;60;0mgrad_norm: 37.5000  [38;2;54;234;195mmemory: 68.28GiB(86.20%)  [34mtps: 2,079  [36mtflops: 113.48  [35mmfu: 11.47%[39m
[rank3]:[titan] 2026-09-30 12:39:28,657 - torchtitan.observability.metrics - INFO - [31mstep:  8  [32mloss:  6.30299  [38;2;180;60;0mgrad_norm: 37.5000  [38;2;54;234;195mmemory: 55.91GiB(70.59%)  [34mtps: 2,079  [36mtflops: 113.51  [35mmfu: 11.48%[39m
[rank1]:[titan] 2026-09-30 12:39:28,662 - torchtitan.observability.metrics - INFO - [31mstep:  8  [32mloss: -1.00000  [38;2;180;60;0mgrad_norm: 37.5000  [38;2;54;234;195mmemory: 65.11GiB(82.20%)  [34mtps: 2,079  [36mtflops: 113.49  [35mmfu: 11.48%[39m
[rank1]:[titan] 2026-09-30 12:39:30,630 - torchtitan.observability.metrics - INFO - [31mstep:  9  [32mloss: -1.00000  [38;2;180;60;0mgrad_norm: 43.7500  [38;2;54;234;195mmemory: 65.11GiB(82.20%)  [34mtps: 2,082  [36mtflops: 113.66  [35mmfu: 11.49%[39m
[rank2]:[titan] 2026-09-30 12:39:30,631 - torchtitan.observability.metrics - INFO - [31mstep:  9  [32mloss: -1.00000  [38;2;180;60;0mgrad_norm: 43.7500  [38;2;54;234;195mmemory: 71.66GiB(90.47%)  [34mtps: 2,082  [36mtflops: 113.68  [35mmfu: 11.49%[39m
[rank0]:[titan] 2026-09-30 12:39:30,631 - torchtitan.observability.metrics - INFO - [31mstep:  9  [32mloss: -1.00000  [38;2;180;60;0mgrad_norm: 43.7500  [38;2;54;234;195mmemory: 68.28GiB(86.20%)  [34mtps: 2,082  [36mtflops: 113.66  [35mmfu: 11.49%[39m
[rank3]:[titan] 2026-09-30 12:39:30,625 - torchtitan.observability.metrics - INFO - [31mstep:  9  [32mloss:  7.81252  [38;2;180;60;0mgrad_norm: 43.7500  [38;2;54;234;195mmemory: 55.91GiB(70.59%)  [34mtps: 2,082  [36mtflops: 113.68  [35mmfu: 11.49%[39m
[rank1]:[titan] 2026-09-30 12:39:32,612 - torchtitan.observability.metrics - INFO - [31mstep: 10  [32mloss: -1.00000  [38;2;180;60;0mgrad_norm: 52.7500  [38;2;54;234;195mmemory: 65.11GiB(82.20%)  [34mtps: 2,067  [36mtflops: 112.87  [35mmfu: 11.41%[39m
[rank2]:[titan] 2026-09-30 12:39:32,613 - torchtitan.observability.metrics - INFO - [31mstep: 10  [32mloss: -1.00000  [38;2;180;60;0mgrad_norm: 52.7500  [38;2;54;234;195mmemory: 71.66GiB(90.47%)  [34mtps: 2,067  [36mtflops: 112.87  [35mmfu: 11.41%[39m
[rank0]:[titan] 2026-09-30 12:39:32,613 - torchtitan.observability.metrics - INFO - [31mstep: 10  [32mloss: -1.00000  [38;2;180;60;0mgrad_norm: 52.7500  [38;2;54;234;195mmemory: 68.28GiB(86.20%)  [34mtps: 2,067  [36mtflops: 112.88  [35mmfu: 11.41%[39m
[rank3]:[titan] 2026-09-30 12:39:32,606 - torchtitan.observability.metrics - INFO - [31mstep: 10  [32mloss:  5.99549  [38;2;180;60;0mgrad_norm: 52.7500  [38;2;54;234;195mmemory: 55.91GiB(70.59%)  [34mtps: 2,067  [36mtflops: 112.87  [35mmfu: 11.41%[39m
[rank1]:[titan] 2026-09-30 12:39:34,555 - torchtitan.observability.metrics - INFO - [31mstep: 11  [32mloss: -1.00000  [38;2;180;60;0mgrad_norm: 19.3750  [38;2;54;234;195mmemory: 65.11GiB(82.20%)  [34mtps: 2,108  [36mtflops: 115.12  [35mmfu: 11.64%[39m
[rank2]:[titan] 2026-09-30 12:39:34,556 - torchtitan.observability.metrics - INFO - [31mstep: 11  [32mloss: -1.00000  [38;2;180;60;0mgrad_norm: 19.3750  [38;2;54;234;195mmemory: 71.66GiB(90.47%)  [34mtps: 2,109  [36mtflops: 115.12  [35mmfu: 11.64%[39m
[rank0]:[titan] 2026-09-30 12:39:34,555 - torchtitan.observability.metrics - INFO - [31mstep: 11  [32mloss: -1.00000  [38;2;180;60;0mgrad_norm: 19.3750  [38;2;54;234;195mmemory: 68.28GiB(86.20%)  [34mtps: 2,109  [36mtflops: 115.13  [35mmfu: 11.64%[39m
[rank3]:[titan] 2026-09-30 12:39:34,549 - torchtitan.observability.metrics - INFO - [31mstep: 11  [32mloss:  5.13088  [38;2;180;60;0mgrad_norm: 19.3750  [38;2;54;234;195mmemory: 55.91GiB(70.59%)  [34mtps: 2,109  [36mtflops: 115.12  [35mmfu: 11.64%[39m
[rank1]:[titan] 2026-09-30 12:39:36,538 - torchtitan.observability.metrics - INFO - [31mstep: 12  [32mloss: -1.00000  [38;2;180;60;0mgrad_norm: 18.7500  [38;2;54;234;195mmemory: 65.11GiB(82.20%)  [34mtps: 2,065  [36mtflops: 112.77  [35mmfu: 11.40%[39m
[rank2]:[titan] 2026-09-30 12:39:36,540 - torchtitan.observability.metrics - INFO - [31mstep: 12  [32mloss: -1.00000  [38;2;180;60;0mgrad_norm: 18.7500  [38;2;54;234;195mmemory: 71.66GiB(90.47%)  [34mtps: 2,065  [36mtflops: 112.75  [35mmfu: 11.40%[39m
[rank0]:[titan] 2026-09-30 12:39:36,539 - torchtitan.observability.metrics - INFO - [31mstep: 12  [32mloss: -1.00000  [38;2;180;60;0mgrad_norm: 18.7500  [38;2;54;234;195mmemory: 68.28GiB(86.20%)  [34mtps: 2,065  [36mtflops: 112.74  [35mmfu: 11.40%[39m
[rank3]:[titan] 2026-09-30 12:39:36,533 - torchtitan.observability.metrics - INFO - [31mstep: 12  [32mloss:  4.16434  [38;2;180;60;0mgrad_norm: 18.7500  [38;2;54;234;195mmemory: 55.91GiB(70.59%)  [34mtps: 2,065  [36mtflops: 112.74  [35mmfu: 11.40%[39m
[rank1]:[titan] 2026-09-30 12:39:38,705 - torchtitan.observability.metrics - INFO - [31mstep: 13  [32mloss: -1.00000  [38;2;180;60;0mgrad_norm: 14.3750  [38;2;54;234;195mmemory: 65.11GiB(82.20%)  [34mtps: 1,890  [36mtflops: 103.20  [35mmfu: 10.43%[39m
[rank2]:[titan] 2026-09-30 12:39:38,707 - torchtitan.observability.metrics - INFO - [31mstep: 13  [32mloss: -1.00000  [38;2;180;60;0mgrad_norm: 14.3750  [38;2;54;234;195mmemory: 71.66GiB(90.47%)  [34mtps: 1,890  [36mtflops: 103.20  [35mmfu: 10.43%[39m
[rank0]:[titan] 2026-09-30 12:39:38,707 - torchtitan.observability.metrics - INFO - [31mstep: 13  [32mloss: -1.00000  [38;2;180;60;0mgrad_norm: 14.3750  [38;2;54;234;195mmemory: 68.28GiB(86.20%)  [34mtps: 1,890  [36mtflops: 103.20  [35mmfu: 10.44%[39m
[rank3]:[titan] 2026-09-30 12:39:38,700 - torchtitan.observability.metrics - INFO - [31mstep: 13  [32mloss:  3.79742  [38;2;180;60;0mgrad_norm: 14.3750  [38;2;54;234;195mmemory: 55.91GiB(70.59%)  [34mtps: 1,890  [36mtflops: 103.21  [35mmfu: 10.44%[39m
[rank2]:[titan] 2026-09-30 12:39:40,691 - torchtitan.observability.metrics - INFO - [31mstep: 14  [32mloss: -1.00000  [38;2;180;60;0mgrad_norm: 17.6250  [38;2;54;234;195mmemory: 71.66GiB(90.47%)  [34mtps: 2,065  [36mtflops: 112.75  [35mmfu: 11.40%[39m
[rank0]:[titan] 2026-09-30 12:39:40,690 - torchtitan.observability.metrics - INFO - [31mstep: 14  [32mloss: -1.00000  [38;2;180;60;0mgrad_norm: 17.6250  [38;2;54;234;195mmemory: 68.28GiB(86.20%)  [34mtps: 2,065  [36mtflops: 112.74  [35mmfu: 11.40%[39m
[rank3]:[titan] 2026-09-30 12:39:40,684 - torchtitan.observability.metrics - INFO - [31mstep: 14  [32mloss:  3.69414  [38;2;180;60;0mgrad_norm: 17.6250  [38;2;54;234;195mmemory: 55.91GiB(70.59%)  [34mtps: 2,065  [36mtflops: 112.74  [35mmfu: 11.40%[39m
[rank1]:[titan] 2026-09-30 12:39:40,689 - torchtitan.observability.metrics - INFO - [31mstep: 14  [32mloss: -1.00000  [38;2;180;60;0mgrad_norm: 17.6250  [38;2;54;234;195mmemory: 65.11GiB(82.20%)  [34mtps: 2,065  [36mtflops: 112.75  [35mmfu: 11.40%[39m
[rank1]:[titan] 2026-09-30 12:39:42,639 - torchtitan.observability.metrics - INFO - [31mstep: 15  [32mloss: -1.00000  [38;2;180;60;0mgrad_norm: 12.7500  [38;2;54;234;195mmemory: 65.11GiB(82.20%)  [34mtps: 2,102  [36mtflops: 114.74  [35mmfu: 11.60%[39m
[rank2]:[titan] 2026-09-30 12:39:42,640 - torchtitan.observability.metrics - INFO - [31mstep: 15  [32mloss: -1.00000  [38;2;180;60;0mgrad_norm: 12.7500  [38;2;54;234;195mmemory: 71.66GiB(90.47%)  [34mtps: 2,102  [36mtflops: 114.74  [35mmfu: 11.60%[39m
[rank0]:[titan] 2026-09-30 12:39:42,640 - torchtitan.observability.metrics - INFO - [31mstep: 15  [32mloss: -1.00000  [38;2;180;60;0mgrad_norm: 12.7500  [38;2;54;234;195mmemory: 68.28GiB(86.20%)  [34mtps: 2,102  [36mtflops: 114.74  [35mmfu: 11.60%[39m
[rank3]:[titan] 2026-09-30 12:39:42,633 - torchtitan.observability.metrics - INFO - [31mstep: 15  [32mloss:  3.46044  [38;2;180;60;0mgrad_norm: 12.7500  [38;2;54;234;195mmemory: 55.91GiB(70.59%)  [34mtps: 2,102  [36mtflops: 114.75  [35mmfu: 11.60%[39m
[rank2]:[titan] 2026-09-30 12:39:44,602 - torchtitan.observability.metrics - INFO - [31mstep: 16  [32mloss: -1.00000  [38;2;180;60;0mgrad_norm: 10.7500  [38;2;54;234;195mmemory: 71.66GiB(90.47%)  [34mtps: 2,088  [36mtflops: 113.98  [35mmfu: 11.53%[39m
[rank0]:[titan] 2026-09-30 12:39:44,602 - torchtitan.observability.metrics - INFO - [31mstep: 16  [32mloss: -1.00000  [38;2;180;60;0mgrad_norm: 10.7500  [38;2;54;234;195mmemory: 68.28GiB(86.20%)  [34mtps: 2,088  [36mtflops: 113.98  [35mmfu: 11.53%[39m
[rank3]:[titan] 2026-09-30 12:39:44,596 - torchtitan.observability.metrics - INFO - [31mstep: 16  [32mloss:  3.17196  [38;2;180;60;0mgrad_norm: 10.7500  [38;2;54;234;195mmemory: 55.91GiB(70.59%)  [34mtps: 2,088  [36mtflops: 113.99  [35mmfu: 11.53%[39m
[rank1]:[titan] 2026-09-30 12:39:44,601 - torchtitan.observability.metrics - INFO - [31mstep: 16  [32mloss: -1.00000  [38;2;180;60;0mgrad_norm: 10.7500  [38;2;54;234;195mmemory: 65.11GiB(82.20%)  [34mtps: 2,088  [36mtflops: 113.99  [35mmfu: 11.53%[39m
[rank3]:[titan] 2026-09-30 12:39:46,506 - torchtitan.observability.metrics - INFO - [31mstep: 17  [32mloss:  3.02026  [38;2;180;60;0mgrad_norm: 28.8750  [38;2;54;234;195mmemory: 55.91GiB(70.59%)  [34mtps: 2,144  [36mtflops: 117.06  [35mmfu: 11.84%[39m
[rank1]:[titan] 2026-09-30 12:39:46,512 - torchtitan.observability.metrics - INFO - [31mstep: 17  [32mloss: -1.00000  [38;2;180;60;0mgrad_norm: 28.8750  [38;2;54;234;195mmemory: 65.11GiB(82.20%)  [34mtps: 2,144  [36mtflops: 117.05  [35mmfu: 11.83%[39m
[rank2]:[titan] 2026-09-30 12:39:46,513 - torchtitan.observability.metrics - INFO - [31mstep: 17  [32mloss: -1.00000  [38;2;180;60;0mgrad_norm: 28.8750  [38;2;54;234;195mmemory: 71.66GiB(90.47%)  [34mtps: 2,144  [36mtflops: 117.06  [35mmfu: 11.84%[39m
[rank0]:[titan] 2026-09-30 12:39:46,513 - torchtitan.observability.metrics - INFO - [31mstep: 17  [32mloss: -1.00000  [38;2;180;60;0mgrad_norm: 28.8750  [38;2;54;234;195mmemory: 68.28GiB(86.20%)  [34mtps: 2,144  [36mtflops: 117.06  [35mmfu: 11.84%[39m
[rank3]:[titan] 2026-09-30 12:39:48,513 - torchtitan.observability.metrics - INFO - [31mstep: 18  [32mloss:  3.16328  [38;2;180;60;0mgrad_norm: 11.3125  [38;2;54;234;195mmemory: 55.91GiB(70.59%)  [34mtps: 2,042  [36mtflops: 111.47  [35mmfu: 11.27%[39m
[rank1]:[titan] 2026-09-30 12:39:48,518 - torchtitan.observability.metrics - INFO - [31mstep: 18  [32mloss: -1.00000  [38;2;180;60;0mgrad_norm: 11.3125  [38;2;54;234;195mmemory: 65.11GiB(82.20%)  [34mtps: 2,042  [36mtflops: 111.48  [35mmfu: 11.27%[39m
[rank2]:[titan] 2026-09-30 12:39:48,519 - torchtitan.observability.metrics - INFO - [31mstep: 18  [32mloss: -1.00000  [38;2;180;60;0mgrad_norm: 11.3125  [38;2;54;234;195mmemory: 71.66GiB(90.47%)  [34mtps: 2,042  [36mtflops: 111.47  [35mmfu: 11.27%[39m
[rank0]:[titan] 2026-09-30 12:39:48,519 - torchtitan.observability.metrics - INFO - [31mstep: 18  [32mloss: -1.00000  [38;2;180;60;0mgrad_norm: 11.3125  [38;2;54;234;195mmemory: 68.28GiB(86.20%)  [34mtps: 2,042  [36mtflops: 111.48  [35mmfu: 11.27%[39m
[rank1]:[titan] 2026-09-30 12:39:50,758 - torchtitan.observability.metrics - INFO - [31mstep: 19  [32mloss: -1.00000  [38;2;180;60;0mgrad_norm: 81.0000  [38;2;54;234;195mmemory: 65.11GiB(82.20%)  [34mtps: 1,829  [36mtflops: 99.85  [35mmfu: 10.10%[39m
[rank2]:[titan] 2026-09-30 12:39:50,759 - torchtitan.observability.metrics - INFO - [31mstep: 19  [32mloss: -1.00000  [38;2;180;60;0mgrad_norm: 81.0000  [38;2;54;234;195mmemory: 71.66GiB(90.47%)  [34mtps: 1,829  [36mtflops: 99.85  [35mmfu: 10.10%[39m
[rank0]:[titan] 2026-09-30 12:39:50,759 - torchtitan.observability.metrics - INFO - [31mstep: 19  [32mloss: -1.00000  [38;2;180;60;0mgrad_norm: 81.0000  [38;2;54;234;195mmemory: 68.28GiB(86.20%)  [34mtps: 1,829  [36mtflops: 99.84  [35mmfu: 10.10%[39m
[rank3]:[titan] 2026-09-30 12:39:50,753 - torchtitan.observability.metrics - INFO - [31mstep: 19  [32mloss:  3.17545  [38;2;180;60;0mgrad_norm: 81.0000  [38;2;54;234;195mmemory: 55.91GiB(70.59%)  [34mtps: 1,829  [36mtflops: 99.85  [35mmfu: 10.10%[39m
[rank1]:[titan] 2026-09-30 12:39:52,951 - torchtitan.observability.metrics - INFO - [31mstep: 20  [32mloss: -1.00000  [38;2;180;60;0mgrad_norm: 32.2500  [38;2;54;234;195mmemory: 65.11GiB(82.20%)  [34mtps: 1,868  [36mtflops: 101.98  [35mmfu: 10.31%[39m
[rank1]:[titan] 2026-09-30 12:39:52,952 - torchtitan.trainer - INFO - Training completed
[rank2]:[titan] 2026-09-30 12:39:52,953 - torchtitan.observability.metrics - INFO - [31mstep: 20  [32mloss: -1.00000  [38;2;180;60;0mgrad_norm: 32.2500  [38;2;54;234;195mmemory: 71.66GiB(90.47%)  [34mtps: 1,868  [36mtflops: 101.98  [35mmfu: 10.31%[39m
[rank2]:[titan] 2026-09-30 12:39:52,953 - torchtitan.trainer - INFO - Training completed
[rank0]:[titan] 2026-09-30 12:39:52,952 - torchtitan.observability.metrics - INFO - [31mstep: 20  [32mloss: -1.00000  [38;2;180;60;0mgrad_norm: 32.2500  [38;2;54;234;195mmemory: 68.28GiB(86.20%)  [34mtps: 1,868  [36mtflops: 101.98  [35mmfu: 10.31%[39m
[rank0]:[titan] 2026-09-30 12:39:52,953 - torchtitan.trainer - INFO - Sleeping 2 seconds for other ranks to complete
[rank3]:[titan] 2026-09-30 12:39:52,946 - torchtitan.observability.metrics - INFO - [31mstep: 20  [32mloss:  2.85274  [38;2;180;60;0mgrad_norm: 32.2500  [38;2;54;234;195mmemory: 55.91GiB(70.59%)  [34mtps: 1,868  [36mtflops: 101.98  [35mmfu: 10.31%[39m
[rank3]:[titan] 2026-09-30 12:39:52,947 - torchtitan.trainer - INFO - Training completed
[rank0]:[titan] 2026-09-30 12:39:54,953 - torchtitan.trainer - INFO - Training completed
[rank2]:[titan] 2026-09-30 12:39:57,529 - __main__ - INFO - Process group destroyed
[rank1]:[titan] 2026-09-30 12:39:57,660 - __main__ - INFO - Process group destroyed
[rank3]:[titan] 2026-09-30 12:39:57,651 - __main__ - INFO - Process group destroyed
[rank0]:[titan] 2026-09-30 12:39:57,801 - __main__ - INFO - Process group destroyed
