+ export PATH=/root/miniconda3/bin:/root/miniconda3/condabin:/root/miniconda3/envs/py3.10/bin:/root/miniconda3/bin:/usr/local/nvidia/bin:/usr/local/cuda/bin:/usr/local/sbin:/usr/local/bin:/usr/sbin:/usr/bin:/sbin:/bin
+ PATH=/root/miniconda3/bin:/root/miniconda3/condabin:/root/miniconda3/envs/py3.10/bin:/root/miniconda3/bin:/usr/local/nvidia/bin:/usr/local/cuda/bin:/usr/local/sbin:/usr/local/bin:/usr/sbin:/usr/bin:/sbin:/bin
+ source /root/miniconda3/bin/activate k3
++ _CONDA_ROOT=/root/miniconda3
++ . /root/miniconda3/etc/profile.d/conda.sh
+++ export CONDA_EXE=/root/miniconda3/bin/conda
+++ CONDA_EXE=/root/miniconda3/bin/conda
+++ export _CONDA_EXE=/root/miniconda3/bin/conda
+++ _CONDA_EXE=/root/miniconda3/bin/conda
+++ export _CE_M=
+++ _CE_M=
+++ export _CE_CONDA=
+++ _CE_CONDA=
+++ export CONDA_PYTHON_EXE=/root/miniconda3/bin/python
+++ CONDA_PYTHON_EXE=/root/miniconda3/bin/python
+++ export _CONDA_ROOT=/root/miniconda3
+++ _CONDA_ROOT=/root/miniconda3
+++ '[' -z x ']'
++ conda activate k3
++ local cmd=activate
++ case "$cmd" in
++ __conda_activate activate k3
++ '[' -n '' ']'
++ local ask_conda
+++ PS1=
+++ __conda_exe shell.posix activate k3
+++ '[' -n '' ']'
+++ /root/miniconda3/bin/conda shell.posix activate k3

EnvironmentNameNotFound: Could not find conda environment: k3
You can list all discoverable environments with `conda info --envs`.


++ ask_conda=
++ return
+ cd /workspace
+ pip uninstall -y torch torchvision triton
+ pip install --no-cache-dir torch==2.15.0.dev20260906+cu126 torchvision==0.30.0.dev20260906+cu126 --index-url https://download.pytorch.org/whl/nightly/cu126
