W0929 08:43:20.947000 106058 torch/distributed/run.py:982] 
W0929 08:43:20.947000 106058 torch/distributed/run.py:982] *****************************************
W0929 08:43:20.947000 106058 torch/distributed/run.py:982] Setting OMP_NUM_THREADS environment variable for each process to be 1 in default, to avoid your system being overloaded, please further tune the variable for optimal performance in your application as needed. 
W0929 08:43:20.947000 106058 torch/distributed/run.py:982] *****************************************
[rank0]:WARNING:absl:Failed to load jax profiler: No module named 'jax'
[rank1]:WARNING:absl:Failed to load jax profiler: No module named 'jax'
[rank2]:WARNING:absl:Failed to load jax profiler: No module named 'jax'
[rank3]:WARNING:absl:Failed to load jax profiler: No module named 'jax'
[rank0]:[titan] 2026-09-29 08:43:27,149 - __main__ - INFO - torchtitan version: 0.0.0+unknown (0.0.0 means __version__ is not defined correctly).
[rank2]:[titan] 2026-09-29 08:43:27,417 - __main__ - INFO - torchtitan version: 0.0.0+unknown (0.0.0 means __version__ is not defined correctly).
[rank1]:[titan] 2026-09-29 08:43:27,417 - __main__ - INFO - torchtitan version: 0.0.0+unknown (0.0.0 means __version__ is not defined correctly).
[rank3]:[titan] 2026-09-29 08:43:27,424 - __main__ - INFO - torchtitan version: 0.0.0+unknown (0.0.0 means __version__ is not defined correctly).
[rank0]:[titan] 2026-09-29 08:43:28,027 - torchtitan.observability.structured_logger.jsonl_handler - INFO - Structured logging -> JSONL: /root/mep/results/dep/time_w_dep_off/out/structured_logs/training.global_rank_0.20260929-084328-ZKAEOF.jsonl
[rank2]:[titan] 2026-09-29 08:43:28,147 - torchtitan.observability.structured_logger.jsonl_handler - INFO - Structured logging -> JSONL: /root/mep/results/dep/time_w_dep_off/out/structured_logs/training.global_rank_2.20260929-084328-7IJ8UZ.jsonl
[rank3]:[titan] 2026-09-29 08:43:28,150 - torchtitan.observability.structured_logger.jsonl_handler - INFO - Structured logging -> JSONL: /root/mep/results/dep/time_w_dep_off/out/structured_logs/training.global_rank_3.20260929-084328-R4VBOI.jsonl
[rank1]:[titan] 2026-09-29 08:43:28,148 - torchtitan.observability.structured_logger.jsonl_handler - INFO - Structured logging -> JSONL: /root/mep/results/dep/time_w_dep_off/out/structured_logs/training.global_rank_1.20260929-084328-9INI5A.jsonl
[rank0]:[titan] 2026-09-29 08:43:28,686 - torchtitan.distributed.utils - WARNING - ENV[TORCH_NCCL_ASYNC_ERROR_HANDLING] = 1 will be overridden to 3 based on job config
[rank1]:[titan] 2026-09-29 08:43:28,804 - torchtitan.distributed.utils - WARNING - ENV[TORCH_NCCL_ASYNC_ERROR_HANDLING] = 1 will be overridden to 3 based on job config
[rank2]:[titan] 2026-09-29 08:43:28,806 - torchtitan.distributed.utils - WARNING - ENV[TORCH_NCCL_ASYNC_ERROR_HANDLING] = 1 will be overridden to 3 based on job config
[rank3]:[titan] 2026-09-29 08:43:28,799 - torchtitan.distributed.utils - WARNING - ENV[TORCH_NCCL_ASYNC_ERROR_HANDLING] = 1 will be overridden to 3 based on job config
[rank0]:[titan] 2026-09-29 08:43:29,514 - torchtitan.tools.utils - INFO - [GC] Initial GC collection took 0.00 seconds
[rank2]:[titan] 2026-09-29 08:43:29,513 - torchtitan.tools.utils - INFO - [GC] Initial GC collection took 0.00 seconds
[rank3]:[titan] 2026-09-29 08:43:29,513 - torchtitan.tools.utils - INFO - [GC] Initial GC collection took 0.00 seconds
[rank1]:[titan] 2026-09-29 08:43:29,528 - torchtitan.tools.utils - INFO - [GC] Initial GC collection took 0.00 seconds
[rank3]:[titan] 2026-09-29 08:43:30,297 - torchtitan.distributed.parallelism_context - INFO - Building device mesh with parallelism: pp=2, dp_replicate=1, dp_shard=1, cp=1, tp=2, ep=2
[rank1]:[titan] 2026-09-29 08:43:30,297 - torchtitan.distributed.parallelism_context - INFO - Building device mesh with parallelism: pp=2, dp_replicate=1, dp_shard=1, cp=1, tp=2, ep=2
[rank2]:[titan] 2026-09-29 08:43:30,297 - torchtitan.distributed.parallelism_context - INFO - Building device mesh with parallelism: pp=2, dp_replicate=1, dp_shard=1, cp=1, tp=2, ep=2
[rank0]:[titan] 2026-09-29 08:43:30,297 - torchtitan.distributed.parallelism_context - INFO - Building device mesh with parallelism: pp=2, dp_replicate=1, dp_shard=1, cp=1, tp=2, ep=2
[rank3]:[titan] 2026-09-29 08:43:32,614 - torchtitan.distributed.parallelism_context - INFO - Successfully created meshes with active axes: ['pp', 'tp', 'ep']
[rank3]:[titan] 2026-09-29 08:43:32,617 - torchtitan.observability.metrics - INFO - CUDA capacity: NVIDIA H100 80GB HBM3 with 79.21GiB memory
[rank3]:[titan] 2026-09-29 08:43:32,629 - torchtitan.tools.utils - WARNING - Error running lspci: [Errno 2] No such file or directory: 'lspci', fallback to use device_name
[rank1]:[titan] 2026-09-29 08:43:32,652 - torchtitan.distributed.parallelism_context - INFO - Successfully created meshes with active axes: ['pp', 'tp', 'ep']
[rank3]:[titan] 2026-09-29 08:43:32,630 - torchtitan.components.tokenizer - INFO - Loading tokenizer from tokenizer.json
[rank1]:[titan] 2026-09-29 08:43:32,658 - torchtitan.observability.metrics - INFO - CUDA capacity: NVIDIA H100 80GB HBM3 with 79.21GiB memory
[rank1]:[titan] 2026-09-29 08:43:32,674 - torchtitan.tools.utils - WARNING - Error running lspci: [Errno 2] No such file or directory: 'lspci', fallback to use device_name
[rank0]:[titan] 2026-09-29 08:43:32,650 - torchtitan.distributed.parallelism_context - INFO - Successfully created meshes with active axes: ['pp', 'tp', 'ep']
[rank1]:[titan] 2026-09-29 08:43:32,675 - torchtitan.components.tokenizer - INFO - Loading tokenizer from tokenizer.json
[rank2]:[titan] 2026-09-29 08:43:32,614 - torchtitan.distributed.parallelism_context - INFO - Successfully created meshes with active axes: ['pp', 'tp', 'ep']
[rank2]:[titan] 2026-09-29 08:43:32,617 - torchtitan.observability.metrics - INFO - CUDA capacity: NVIDIA H100 80GB HBM3 with 79.21GiB memory
[rank0]:[titan] 2026-09-29 08:43:32,657 - torchtitan.observability.metrics - INFO - CUDA capacity: NVIDIA H100 80GB HBM3 with 79.21GiB memory
[rank0]:[titan] 2026-09-29 08:43:32,670 - torchtitan.tools.utils - WARNING - Error running lspci: [Errno 2] No such file or directory: 'lspci', fallback to use device_name
[rank2]:[titan] 2026-09-29 08:43:32,632 - torchtitan.tools.utils - WARNING - Error running lspci: [Errno 2] No such file or directory: 'lspci', fallback to use device_name
[rank0]:[titan] 2026-09-29 08:43:32,671 - torchtitan.components.tokenizer - INFO - Loading tokenizer from tokenizer.json
[rank2]:[titan] 2026-09-29 08:43:32,633 - torchtitan.components.tokenizer - INFO - Loading tokenizer from tokenizer.json
[rank3]:[titan] 2026-09-29 08:43:32,770 - torchtitan.protocols.state_dict_adapter - WARNING - model.safetensors.index.json not found at hf_assets_path: ./tests/assets/tokenizer/model.safetensors.index.json.                     Defaulting to saving a single safetensors file if checkpoint is saved in HF format
[rank3]:[titan] 2026-09-29 08:43:32,773 - torchtitan.models.utils - INFO - Total parameter count: 13,286,947,968, active parameters: 8,885,570,688
[rank2]:[titan] 2026-09-29 08:43:32,773 - torchtitan.protocols.state_dict_adapter - WARNING - model.safetensors.index.json not found at hf_assets_path: ./tests/assets/tokenizer/model.safetensors.index.json.                     Defaulting to saving a single safetensors file if checkpoint is saved in HF format
[rank2]:[titan] 2026-09-29 08:43:32,777 - torchtitan.models.utils - INFO - Total parameter count: 13,286,947,968, active parameters: 8,885,570,688
[rank3]:[titan] 2026-09-29 08:43:32,852 - torchtitan.distributed.pipeline_parallel - INFO - PP rank 1 is building stage_idx 1 with modules ['layers.2', 'layers.3', 'layers.4']
[rank0]:[titan] 2026-09-29 08:43:32,817 - torchtitan.protocols.state_dict_adapter - WARNING - model.safetensors.index.json not found at hf_assets_path: ./tests/assets/tokenizer/model.safetensors.index.json.                     Defaulting to saving a single safetensors file if checkpoint is saved in HF format
[rank0]:[titan] 2026-09-29 08:43:32,821 - torchtitan.models.utils - INFO - Total parameter count: 13,286,947,968, active parameters: 8,885,570,688
[rank1]:[titan] 2026-09-29 08:43:32,840 - torchtitan.protocols.state_dict_adapter - WARNING - model.safetensors.index.json not found at hf_assets_path: ./tests/assets/tokenizer/model.safetensors.index.json.                     Defaulting to saving a single safetensors file if checkpoint is saved in HF format
[rank1]:[titan] 2026-09-29 08:43:32,844 - torchtitan.models.utils - INFO - Total parameter count: 13,286,947,968, active parameters: 8,885,570,688
[rank2]:[titan] 2026-09-29 08:43:32,855 - torchtitan.distributed.pipeline_parallel - INFO - PP rank 1 is building stage_idx 1 with modules ['layers.2', 'layers.3', 'layers.4']
[rank3]:[titan] 2026-09-29 08:43:32,927 - torchtitan.distributed.pipeline_parallel - INFO - PP rank 1 is building stage_idx 3 with modules ['layers.8', 'layers.9']
[rank0]:[titan] 2026-09-29 08:43:32,901 - torchtitan.distributed.pipeline_parallel - INFO - PP rank 0 is building stage_idx 0 with modules ['vision_encoder', 'tok_embeddings', 'layers.0', 'layers.1']
[rank0]:[titan] 2026-09-29 08:43:32,975 - torchtitan.distributed.pipeline_parallel - INFO - PP rank 0 is building stage_idx 2 with modules ['layers.5', 'layers.6', 'layers.7']
[rank2]:[titan] 2026-09-29 08:43:32,928 - torchtitan.distributed.pipeline_parallel - INFO - PP rank 1 is building stage_idx 3 with modules ['layers.8', 'layers.9']
[rank1]:[titan] 2026-09-29 08:43:32,924 - torchtitan.distributed.pipeline_parallel - INFO - PP rank 0 is building stage_idx 0 with modules ['vision_encoder', 'tok_embeddings', 'layers.0', 'layers.1']
[rank3]:[titan] 2026-09-29 08:43:33,002 - torchtitan.distributed.pipeline_parallel - INFO - PP rank 1 is building stage_idx 5 with modules ['layers.12', 'layers.13']
[rank3]:[titan] 2026-09-29 08:43:33,077 - torchtitan.distributed.pipeline_parallel - INFO - PP rank 1 is building stage_idx 7 with modules ['layers.16', 'norm', 'lm_head', 'output_res_proj', 'output_res_norm']
[rank0]:[titan] 2026-09-29 08:43:33,050 - torchtitan.distributed.pipeline_parallel - INFO - PP rank 0 is building stage_idx 4 with modules ['layers.10', 'layers.11']
[rank1]:[titan] 2026-09-29 08:43:32,998 - torchtitan.distributed.pipeline_parallel - INFO - PP rank 0 is building stage_idx 2 with modules ['layers.5', 'layers.6', 'layers.7']
[rank1]:[titan] 2026-09-29 08:43:33,073 - torchtitan.distributed.pipeline_parallel - INFO - PP rank 0 is building stage_idx 4 with modules ['layers.10', 'layers.11']
[rank2]:[titan] 2026-09-29 08:43:33,002 - torchtitan.distributed.pipeline_parallel - INFO - PP rank 1 is building stage_idx 5 with modules ['layers.12', 'layers.13']
[rank2]:[titan] 2026-09-29 08:43:33,075 - torchtitan.distributed.pipeline_parallel - INFO - PP rank 1 is building stage_idx 7 with modules ['layers.16', 'norm', 'lm_head', 'output_res_proj', 'output_res_norm']
[rank3]:[titan] 2026-09-29 08:43:33,100 - torchtitan.distributed.activation_checkpoint - INFO - Applied SelectiveAC activation checkpointing to the model
[rank0]:[titan] 2026-09-29 08:43:33,124 - torchtitan.distributed.pipeline_parallel - INFO - PP rank 0 is building stage_idx 6 with modules ['layers.14', 'layers.15']
[rank0]:[titan] 2026-09-29 08:43:33,148 - torchtitan.distributed.activation_checkpoint - INFO - Applied SelectiveAC activation checkpointing to the model
[rank0]:[titan] 2026-09-29 08:43:33,149 - torchtitan.distributed.activation_checkpoint - INFO - Applied SelectiveAC activation checkpointing to the model
[rank2]:[titan] 2026-09-29 08:43:33,098 - torchtitan.distributed.activation_checkpoint - INFO - Applied SelectiveAC activation checkpointing to the model
[rank1]:[titan] 2026-09-29 08:43:33,148 - torchtitan.distributed.pipeline_parallel - INFO - PP rank 0 is building stage_idx 6 with modules ['layers.14', 'layers.15']
[rank1]:[titan] 2026-09-29 08:43:33,173 - torchtitan.distributed.activation_checkpoint - INFO - Applied SelectiveAC activation checkpointing to the model
[rank1]:[titan] 2026-09-29 08:43:33,173 - torchtitan.distributed.activation_checkpoint - INFO - Applied SelectiveAC activation checkpointing to the model
[rank3]:[titan] 2026-09-29 08:43:33,332 - torchtitan.distributed.fsdp - INFO - Applied FSDP to the model
[rank3]:[titan] 2026-09-29 08:43:33,343 - torchtitan.distributed.activation_checkpoint - INFO - Applied SelectiveAC activation checkpointing to the model
[rank3]:[titan] 2026-09-29 08:43:33,364 - torchtitan.distributed.fsdp - INFO - Applied FSDP to the model
[rank3]:[titan] 2026-09-29 08:43:33,375 - torchtitan.distributed.activation_checkpoint - INFO - Applied SelectiveAC activation checkpointing to the model
[rank2]:[titan] 2026-09-29 08:43:33,329 - torchtitan.distributed.fsdp - INFO - Applied FSDP to the model
[rank2]:[titan] 2026-09-29 08:43:33,340 - torchtitan.distributed.activation_checkpoint - INFO - Applied SelectiveAC activation checkpointing to the model
[rank2]:[titan] 2026-09-29 08:43:33,361 - torchtitan.distributed.fsdp - INFO - Applied FSDP to the model
[rank2]:[titan] 2026-09-29 08:43:33,372 - torchtitan.distributed.activation_checkpoint - INFO - Applied SelectiveAC activation checkpointing to the model
[rank3]:[titan] 2026-09-29 08:43:33,397 - torchtitan.distributed.fsdp - INFO - Applied FSDP to the model
[rank3]:[titan] 2026-09-29 08:43:33,402 - torchtitan.distributed.activation_checkpoint - INFO - Applied SelectiveAC activation checkpointing to the model
[rank3]:[titan] 2026-09-29 08:43:33,422 - torchtitan.distributed.fsdp - INFO - Applied FSDP to the model
[rank3]:[titan] 2026-09-29 08:43:33,422 - torchtitan.distributed.pipeline_parallel - WARNING - Number of microbatches (4) is less than the total number of stages (8) which may result in a bubble in the pipeline.
[rank3]:[titan] 2026-09-29 08:43:33,423 - torchtitan.distributed.pipeline_parallel - INFO - Using pipeline schedule Interleaved1F1B with 4 microbatches and 8 stages.
[rank3]:[titan] 2026-09-29 08:43:33,423 - torchtitan.models.kimi_k3.pipeline_parallel - INFO - Kimi K3 pipeline: 4 stage(s) on this rank [1, 3, 5, 7], block transport delta with rank store
[rank0]:[titan] 2026-09-29 08:43:33,399 - torchtitan.distributed.fsdp - INFO - Applied FSDP to the model
[rank0]:[titan] 2026-09-29 08:43:33,414 - torchtitan.distributed.activation_checkpoint - INFO - Applied SelectiveAC activation checkpointing to the model
[rank0]:[titan] 2026-09-29 08:43:33,483 - torchtitan.distributed.fsdp - INFO - Applied FSDP to the model
[rank2]:[titan] 2026-09-29 08:43:33,393 - torchtitan.distributed.fsdp - INFO - Applied FSDP to the model
[rank2]:[titan] 2026-09-29 08:43:33,398 - torchtitan.distributed.activation_checkpoint - INFO - Applied SelectiveAC activation checkpointing to the model
[rank2]:[titan] 2026-09-29 08:43:33,418 - torchtitan.distributed.fsdp - INFO - Applied FSDP to the model
[rank2]:[titan] 2026-09-29 08:43:33,418 - torchtitan.distributed.pipeline_parallel - WARNING - Number of microbatches (4) is less than the total number of stages (8) which may result in a bubble in the pipeline.
[rank2]:[titan] 2026-09-29 08:43:33,419 - torchtitan.distributed.pipeline_parallel - INFO - Using pipeline schedule Interleaved1F1B with 4 microbatches and 8 stages.
[rank2]:[titan] 2026-09-29 08:43:33,419 - torchtitan.models.kimi_k3.pipeline_parallel - INFO - Kimi K3 pipeline: 4 stage(s) on this rank [1, 3, 5, 7], block transport delta with rank store
[rank1]:[titan] 2026-09-29 08:43:33,423 - torchtitan.distributed.fsdp - INFO - Applied FSDP to the model
[rank1]:[titan] 2026-09-29 08:43:33,438 - torchtitan.distributed.activation_checkpoint - INFO - Applied SelectiveAC activation checkpointing to the model
[rank3]:[rank3]:W0929 08:43:33.573000 106130 torch/distributed/tensor/_redistribute.py:394] While redistributing from (_StridedShard(dim=0, sf=2), Shard(dim=0)) to (Replicate(), Replicate()), 2 sequential all_gather operations will be performed. This is suboptimal: multiple collective operations have higher latency (separate kernel launches and synchronization points) and may give inconsistent results between ranks due to different reduction orders. it is not possible to merge non-ascending order all_gather operations.
[rank2]:[rank2]:W0929 08:43:33.570000 106129 torch/distributed/tensor/_redistribute.py:394] While redistributing from (_StridedShard(dim=0, sf=2), Shard(dim=0)) to (Replicate(), Replicate()), 2 sequential all_gather operations will be performed. This is suboptimal: multiple collective operations have higher latency (separate kernel launches and synchronization points) and may give inconsistent results between ranks due to different reduction orders. it is not possible to merge non-ascending order all_gather operations.
[rank0]:[titan] 2026-09-29 08:43:33,492 - torchtitan.distributed.activation_checkpoint - INFO - Applied SelectiveAC activation checkpointing to the model
[rank0]:[titan] 2026-09-29 08:43:33,512 - torchtitan.distributed.fsdp - INFO - Applied FSDP to the model
[rank0]:[titan] 2026-09-29 08:43:33,521 - torchtitan.distributed.activation_checkpoint - INFO - Applied SelectiveAC activation checkpointing to the model
[rank0]:[titan] 2026-09-29 08:43:33,541 - torchtitan.distributed.fsdp - INFO - Applied FSDP to the model
[rank0]:[titan] 2026-09-29 08:43:33,541 - torchtitan.distributed.pipeline_parallel - WARNING - Number of microbatches (4) is less than the total number of stages (8) which may result in a bubble in the pipeline.
[rank0]:[titan] 2026-09-29 08:43:33,542 - torchtitan.distributed.pipeline_parallel - INFO - Using pipeline schedule Interleaved1F1B with 4 microbatches and 8 stages.
[rank0]:[titan] 2026-09-29 08:43:33,542 - torchtitan.models.kimi_k3.pipeline_parallel - INFO - Kimi K3 pipeline: 4 stage(s) on this rank [0, 2, 4, 6], block transport delta with rank store
[rank1]:[titan] 2026-09-29 08:43:33,508 - torchtitan.distributed.fsdp - INFO - Applied FSDP to the model
[rank1]:[titan] 2026-09-29 08:43:33,518 - torchtitan.distributed.activation_checkpoint - INFO - Applied SelectiveAC activation checkpointing to the model
[rank1]:[titan] 2026-09-29 08:43:33,538 - torchtitan.distributed.fsdp - INFO - Applied FSDP to the model
[rank1]:[titan] 2026-09-29 08:43:33,547 - torchtitan.distributed.activation_checkpoint - INFO - Applied SelectiveAC activation checkpointing to the model
[rank1]:[titan] 2026-09-29 08:43:33,567 - torchtitan.distributed.fsdp - INFO - Applied FSDP to the model
[rank1]:[titan] 2026-09-29 08:43:33,567 - torchtitan.distributed.pipeline_parallel - WARNING - Number of microbatches (4) is less than the total number of stages (8) which may result in a bubble in the pipeline.
[rank1]:[titan] 2026-09-29 08:43:33,568 - torchtitan.distributed.pipeline_parallel - INFO - Using pipeline schedule Interleaved1F1B with 4 microbatches and 8 stages.
[rank1]:[titan] 2026-09-29 08:43:33,568 - torchtitan.models.kimi_k3.pipeline_parallel - INFO - Kimi K3 pipeline: 4 stage(s) on this rank [0, 2, 4, 6], block transport delta with rank store
[rank0]:[rank0]:W0929 08:43:33.731000 106127 torch/distributed/tensor/_redistribute.py:394] While redistributing from (_StridedShard(dim=0, sf=2), Shard(dim=0)) to (Replicate(), Replicate()), 2 sequential all_gather operations will be performed. This is suboptimal: multiple collective operations have higher latency (separate kernel launches and synchronization points) and may give inconsistent results between ranks due to different reduction orders. it is not possible to merge non-ascending order all_gather operations.
[rank1]:[rank1]:W0929 08:43:33.756000 106128 torch/distributed/tensor/_redistribute.py:394] While redistributing from (_StridedShard(dim=0, sf=2), Shard(dim=0)) to (Replicate(), Replicate()), 2 sequential all_gather operations will be performed. This is suboptimal: multiple collective operations have higher latency (separate kernel launches and synchronization points) and may give inconsistent results between ranks due to different reduction orders. it is not possible to merge non-ascending order all_gather operations.
[rank3]:[rank3]:W0929 08:43:33.870000 106130 torch/distributed/tensor/_redistribute.py:394] While redistributing from (_StridedShard(dim=0, sf=2), Shard(dim=0)) to (Replicate(), Replicate()), 2 sequential all_gather operations will be performed. This is suboptimal: multiple collective operations have higher latency (separate kernel launches and synchronization points) and may give inconsistent results between ranks due to different reduction orders. it is not possible to merge non-ascending order all_gather operations.
[rank2]:[rank2]:W0929 08:43:33.870000 106129 torch/distributed/tensor/_redistribute.py:394] While redistributing from (_StridedShard(dim=0, sf=2), Shard(dim=0)) to (Replicate(), Replicate()), 2 sequential all_gather operations will be performed. This is suboptimal: multiple collective operations have higher latency (separate kernel launches and synchronization points) and may give inconsistent results between ranks due to different reduction orders. it is not possible to merge non-ascending order all_gather operations.
[rank0]:[rank0]:W0929 08:43:34.112000 106127 torch/distributed/tensor/_redistribute.py:394] While redistributing from (_StridedShard(dim=0, sf=2), Shard(dim=0)) to (Replicate(), Replicate()), 2 sequential all_gather operations will be performed. This is suboptimal: multiple collective operations have higher latency (separate kernel launches and synchronization points) and may give inconsistent results between ranks due to different reduction orders. it is not possible to merge non-ascending order all_gather operations.
[rank1]:[rank1]:W0929 08:43:34.113000 106128 torch/distributed/tensor/_redistribute.py:394] While redistributing from (_StridedShard(dim=0, sf=2), Shard(dim=0)) to (Replicate(), Replicate()), 2 sequential all_gather operations will be performed. This is suboptimal: multiple collective operations have higher latency (separate kernel launches and synchronization points) and may give inconsistent results between ranks due to different reduction orders. it is not possible to merge non-ascending order all_gather operations.
[rank3]:[titan] 2026-09-29 08:43:34,428 - torchtitan.training_engine - INFO - Model KimiK3Model.Config size: 13,286,947,968 total parameters
[rank3]:[titan] 2026-09-29 08:43:34,429 - torchtitan.components.optimizer.optimizer - INFO - Optimizer AdamW (model_part=0): 78 params [.*] {'lr': 0.0008, 'betas': (0.9, 0.95), 'eps': 1e-08, 'weight_decay': 0.1, 'foreach': None, 'fused': True}
[rank3]:[titan] 2026-09-29 08:43:34,430 - torchtitan.components.optimizer.optimizer - INFO - Optimizer AdamW (model_part=1): 56 params [.*] {'lr': 0.0008, 'betas': (0.9, 0.95), 'eps': 1e-08, 'weight_decay': 0.1, 'foreach': None, 'fused': True}
[rank3]:[titan] 2026-09-29 08:43:34,430 - torchtitan.components.optimizer.optimizer - INFO - Optimizer AdamW (model_part=2): 56 params [.*] {'lr': 0.0008, 'betas': (0.9, 0.95), 'eps': 1e-08, 'weight_decay': 0.1, 'foreach': None, 'fused': True}
[rank3]:[titan] 2026-09-29 08:43:34,430 - torchtitan.components.optimizer.optimizer - INFO - Optimizer AdamW (model_part=3): 26 params [.*] {'lr': 0.0008, 'betas': (0.9, 0.95), 'eps': 1e-08, 'weight_decay': 0.1, 'foreach': None, 'fused': True}
[rank3]:[titan] 2026-09-29 08:43:34,432 - torchtitan.observability.metrics - WARNING - [31mPipeline Parallel loss is not visible. Please add [33mrank 2[31m to LOG_RANK environment variable in run_train.sh.[39m
[rank3]:[titan] 2026-09-29 08:43:34,432 - torchtitan.trainer - INFO - Peak FLOPS used for computing MFU: 9.890e+14
[rank3]:[titan] 2026-09-29 08:43:34,432 - torchtitan.trainer - INFO - CUDA memory usage for model: 5.85GiB(7.39%)
[rank3]:[titan] 2026-09-29 08:43:34,432 - torchtitan.trainer - INFO - Trainer is initialized with 8192 tokens per DP rank, 8192 tokens per train step, gradient accumulation steps 1, maximum context length 2048, total steps 30 (warmup 2)
[rank3]:[titan] 2026-09-29 08:43:34,432 - torchtitan.trainer - INFO - Training starts at step 1
[rank2]:[titan] 2026-09-29 08:43:34,428 - torchtitan.training_engine - INFO - Model KimiK3Model.Config size: 13,286,947,968 total parameters
[rank2]:[titan] 2026-09-29 08:43:34,429 - torchtitan.components.optimizer.optimizer - INFO - Optimizer AdamW (model_part=0): 78 params [.*] {'lr': 0.0008, 'betas': (0.9, 0.95), 'eps': 1e-08, 'weight_decay': 0.1, 'foreach': None, 'fused': True}
[rank2]:[titan] 2026-09-29 08:43:34,429 - torchtitan.components.optimizer.optimizer - INFO - Optimizer AdamW (model_part=1): 56 params [.*] {'lr': 0.0008, 'betas': (0.9, 0.95), 'eps': 1e-08, 'weight_decay': 0.1, 'foreach': None, 'fused': True}
[rank2]:[titan] 2026-09-29 08:43:34,430 - torchtitan.components.optimizer.optimizer - INFO - Optimizer AdamW (model_part=2): 56 params [.*] {'lr': 0.0008, 'betas': (0.9, 0.95), 'eps': 1e-08, 'weight_decay': 0.1, 'foreach': None, 'fused': True}
[rank2]:[titan] 2026-09-29 08:43:34,430 - torchtitan.components.optimizer.optimizer - INFO - Optimizer AdamW (model_part=3): 26 params [.*] {'lr': 0.0008, 'betas': (0.9, 0.95), 'eps': 1e-08, 'weight_decay': 0.1, 'foreach': None, 'fused': True}
[rank2]:[titan] 2026-09-29 08:43:34,432 - torchtitan.observability.metrics - WARNING - [31mPipeline Parallel loss is not visible. Please add [33mrank 2[31m to LOG_RANK environment variable in run_train.sh.[39m
[rank2]:[titan] 2026-09-29 08:43:34,432 - torchtitan.trainer - INFO - Peak FLOPS used for computing MFU: 9.890e+14
[rank2]:[titan] 2026-09-29 08:43:34,432 - torchtitan.trainer - INFO - CUDA memory usage for model: 5.85GiB(7.39%)
[rank2]:[titan] 2026-09-29 08:43:34,432 - torchtitan.trainer - INFO - Trainer is initialized with 8192 tokens per DP rank, 8192 tokens per train step, gradient accumulation steps 1, maximum context length 2048, total steps 30 (warmup 2)
[rank2]:[titan] 2026-09-29 08:43:34,432 - torchtitan.trainer - INFO - Training starts at step 1
[rank0]:[titan] 2026-09-29 08:43:34,663 - torchtitan.training_engine - INFO - Model KimiK3Model.Config size: 13,286,947,968 total parameters
[rank0]:[titan] 2026-09-29 08:43:34,664 - torchtitan.components.optimizer.optimizer - INFO - Optimizer AdamW (model_part=0): 71 params [.*] {'lr': 0.0008, 'betas': (0.9, 0.95), 'eps': 1e-08, 'weight_decay': 0.1, 'foreach': None, 'fused': True}
[rank0]:[titan] 2026-09-29 08:43:34,665 - torchtitan.components.optimizer.optimizer - INFO - Optimizer AdamW (model_part=1): 78 params [.*] {'lr': 0.0008, 'betas': (0.9, 0.95), 'eps': 1e-08, 'weight_decay': 0.1, 'foreach': None, 'fused': True}
[rank0]:[titan] 2026-09-29 08:43:34,665 - torchtitan.components.optimizer.optimizer - INFO - Optimizer AdamW (model_part=2): 50 params [.*] {'lr': 0.0008, 'betas': (0.9, 0.95), 'eps': 1e-08, 'weight_decay': 0.1, 'foreach': None, 'fused': True}
[rank0]:[titan] 2026-09-29 08:43:34,665 - torchtitan.components.optimizer.optimizer - INFO - Optimizer AdamW (model_part=3): 50 params [.*] {'lr': 0.0008, 'betas': (0.9, 0.95), 'eps': 1e-08, 'weight_decay': 0.1, 'foreach': None, 'fused': True}
[rank0]:[titan] 2026-09-29 08:43:34,667 - torchtitan.observability.metrics - WARNING - [31mPipeline Parallel loss is not visible. Please add [33mrank 2[31m to LOG_RANK environment variable in run_train.sh.[39m
[rank0]:[titan] 2026-09-29 08:43:34,667 - torchtitan.trainer - INFO - Peak FLOPS used for computing MFU: 9.890e+14
[rank0]:[titan] 2026-09-29 08:43:34,667 - torchtitan.trainer - INFO - CUDA memory usage for model: 7.78GiB(9.82%)
[rank0]:[titan] 2026-09-29 08:43:34,667 - torchtitan.trainer - INFO - Trainer is initialized with 8192 tokens per DP rank, 8192 tokens per train step, gradient accumulation steps 1, maximum context length 2048, total steps 30 (warmup 2)
[rank0]:[titan] 2026-09-29 08:43:34,668 - torchtitan.trainer - INFO - Training starts at step 1
[rank1]:[titan] 2026-09-29 08:43:34,663 - torchtitan.training_engine - INFO - Model KimiK3Model.Config size: 13,286,947,968 total parameters
[rank1]:[titan] 2026-09-29 08:43:34,664 - torchtitan.components.optimizer.optimizer - INFO - Optimizer AdamW (model_part=0): 71 params [.*] {'lr': 0.0008, 'betas': (0.9, 0.95), 'eps': 1e-08, 'weight_decay': 0.1, 'foreach': None, 'fused': True}
[rank1]:[titan] 2026-09-29 08:43:34,665 - torchtitan.components.optimizer.optimizer - INFO - Optimizer AdamW (model_part=1): 78 params [.*] {'lr': 0.0008, 'betas': (0.9, 0.95), 'eps': 1e-08, 'weight_decay': 0.1, 'foreach': None, 'fused': True}
[rank1]:[titan] 2026-09-29 08:43:34,665 - torchtitan.components.optimizer.optimizer - INFO - Optimizer AdamW (model_part=2): 50 params [.*] {'lr': 0.0008, 'betas': (0.9, 0.95), 'eps': 1e-08, 'weight_decay': 0.1, 'foreach': None, 'fused': True}
[rank1]:[titan] 2026-09-29 08:43:34,666 - torchtitan.components.optimizer.optimizer - INFO - Optimizer AdamW (model_part=3): 50 params [.*] {'lr': 0.0008, 'betas': (0.9, 0.95), 'eps': 1e-08, 'weight_decay': 0.1, 'foreach': None, 'fused': True}
[rank1]:[titan] 2026-09-29 08:43:34,668 - torchtitan.observability.metrics - WARNING - [31mPipeline Parallel loss is not visible. Please add [33mrank 2[31m to LOG_RANK environment variable in run_train.sh.[39m
[rank1]:[titan] 2026-09-29 08:43:34,668 - torchtitan.trainer - INFO - Peak FLOPS used for computing MFU: 9.890e+14
[rank1]:[titan] 2026-09-29 08:43:34,668 - torchtitan.trainer - INFO - CUDA memory usage for model: 7.78GiB(9.82%)
[rank1]:[titan] 2026-09-29 08:43:34,668 - torchtitan.trainer - INFO - Trainer is initialized with 8192 tokens per DP rank, 8192 tokens per train step, gradient accumulation steps 1, maximum context length 2048, total steps 30 (warmup 2)
[rank1]:[titan] 2026-09-29 08:43:34,668 - torchtitan.trainer - INFO - Training starts at step 1
[rank0]:/root/mep/venv_src/lib/python3.12/site-packages/spmd_types/_collectives.py:305: FutureWarning: `torch.distributed._functional_collectives.all_gather_tensor` is deprecated. Please use `torch.distributed._functional_collectives.all_gather_single` instead.
[rank0]:  result = funcol.all_gather_tensor(x, gather_dim, pg)
[rank1]:/root/mep/venv_src/lib/python3.12/site-packages/spmd_types/_collectives.py:305: FutureWarning: `torch.distributed._functional_collectives.all_gather_tensor` is deprecated. Please use `torch.distributed._functional_collectives.all_gather_single` instead.
[rank1]:  result = funcol.all_gather_tensor(x, gather_dim, pg)
[rank0]:/root/mep/venv_src/lib/python3.12/site-packages/spmd_types/_collectives.py:633: FutureWarning: `torch.distributed._functional_collectives.reduce_scatter_tensor` is deprecated. Please use `torch.distributed._functional_collectives.reduce_scatter_single` instead.
[rank0]:  result = funcol.reduce_scatter_tensor(x, "sum", scatter_dim, pg)
[rank1]:/root/mep/venv_src/lib/python3.12/site-packages/spmd_types/_collectives.py:633: FutureWarning: `torch.distributed._functional_collectives.reduce_scatter_tensor` is deprecated. Please use `torch.distributed._functional_collectives.reduce_scatter_single` instead.
[rank1]:  result = funcol.reduce_scatter_tensor(x, "sum", scatter_dim, pg)
[rank0]:/root/mep/venv_src/lib/python3.12/site-packages/torch/distributed/fsdp/_fully_shard/_fsdp_state.py:336: UserWarning: FSDP2-wrapped module (FSDPCheckpointWrapper) returned a view tensor. An in-place op on this view (e.g., `x += y`) will silently drop the pre-backward hook and skip the all-gather, which can cause backward to fail or produce wrong gradients. Use out-of-place ops (`out = out + y`, not `out += y`) or `.clone()` the output before any in-place op.
[rank0]:  output = self._register_pre_backward_hook(output)
[rank0]:/root/mep/venv_src/lib/python3.12/site-packages/torch/distributed/fsdp/_fully_shard/_fsdp_state.py:336: UserWarning: FSDP2-wrapped module (FSDPKimiK3Model) returned a view tensor. An in-place op on this view (e.g., `x += y`) will silently drop the pre-backward hook and skip the all-gather, which can cause backward to fail or produce wrong gradients. Use out-of-place ops (`out = out + y`, not `out += y`) or `.clone()` the output before any in-place op.
[rank0]:  output = self._register_pre_backward_hook(output)
[rank1]:/root/mep/venv_src/lib/python3.12/site-packages/torch/distributed/fsdp/_fully_shard/_fsdp_state.py:336: UserWarning: FSDP2-wrapped module (FSDPCheckpointWrapper) returned a view tensor. An in-place op on this view (e.g., `x += y`) will silently drop the pre-backward hook and skip the all-gather, which can cause backward to fail or produce wrong gradients. Use out-of-place ops (`out = out + y`, not `out += y`) or `.clone()` the output before any in-place op.
[rank1]:  output = self._register_pre_backward_hook(output)
[rank1]:/root/mep/venv_src/lib/python3.12/site-packages/torch/distributed/fsdp/_fully_shard/_fsdp_state.py:336: UserWarning: FSDP2-wrapped module (FSDPKimiK3Model) returned a view tensor. An in-place op on this view (e.g., `x += y`) will silently drop the pre-backward hook and skip the all-gather, which can cause backward to fail or produce wrong gradients. Use out-of-place ops (`out = out + y`, not `out += y`) or `.clone()` the output before any in-place op.
[rank1]:  output = self._register_pre_backward_hook(output)
[rank3]:/root/mep/venv_src/lib/python3.12/site-packages/spmd_types/_collectives.py:305: FutureWarning: `torch.distributed._functional_collectives.all_gather_tensor` is deprecated. Please use `torch.distributed._functional_collectives.all_gather_single` instead.
[rank3]:  result = funcol.all_gather_tensor(x, gather_dim, pg)
[rank2]:/root/mep/venv_src/lib/python3.12/site-packages/spmd_types/_collectives.py:305: FutureWarning: `torch.distributed._functional_collectives.all_gather_tensor` is deprecated. Please use `torch.distributed._functional_collectives.all_gather_single` instead.
[rank2]:  result = funcol.all_gather_tensor(x, gather_dim, pg)
[rank3]:/root/mep/venv_src/lib/python3.12/site-packages/spmd_types/_collectives.py:633: FutureWarning: `torch.distributed._functional_collectives.reduce_scatter_tensor` is deprecated. Please use `torch.distributed._functional_collectives.reduce_scatter_single` instead.
[rank3]:  result = funcol.reduce_scatter_tensor(x, "sum", scatter_dim, pg)
[rank2]:/root/mep/venv_src/lib/python3.12/site-packages/spmd_types/_collectives.py:633: FutureWarning: `torch.distributed._functional_collectives.reduce_scatter_tensor` is deprecated. Please use `torch.distributed._functional_collectives.reduce_scatter_single` instead.
[rank2]:  result = funcol.reduce_scatter_tensor(x, "sum", scatter_dim, pg)
[rank3]:/root/mep/venv_src/lib/python3.12/site-packages/torch/distributed/fsdp/_fully_shard/_fsdp_state.py:336: UserWarning: FSDP2-wrapped module (FSDPCheckpointWrapper) returned a view tensor. An in-place op on this view (e.g., `x += y`) will silently drop the pre-backward hook and skip the all-gather, which can cause backward to fail or produce wrong gradients. Use out-of-place ops (`out = out + y`, not `out += y`) or `.clone()` the output before any in-place op.
[rank3]:  output = self._register_pre_backward_hook(output)
[rank2]:/root/mep/venv_src/lib/python3.12/site-packages/torch/distributed/fsdp/_fully_shard/_fsdp_state.py:336: UserWarning: FSDP2-wrapped module (FSDPCheckpointWrapper) returned a view tensor. An in-place op on this view (e.g., `x += y`) will silently drop the pre-backward hook and skip the all-gather, which can cause backward to fail or produce wrong gradients. Use out-of-place ops (`out = out + y`, not `out += y`) or `.clone()` the output before any in-place op.
[rank2]:  output = self._register_pre_backward_hook(output)
[rank3]:/root/mep/venv_src/lib/python3.12/site-packages/spmd_types/_collectives.py:633: FutureWarning: `torch.distributed._functional_collectives.reduce_scatter_tensor` is deprecated. Please use `torch.distributed._functional_collectives.reduce_scatter_single` instead.
[rank3]:  result = funcol.reduce_scatter_tensor(x, "sum", scatter_dim, pg)
[rank3]:/root/mep/venv_src/lib/python3.12/site-packages/spmd_types/_collectives.py:305: FutureWarning: `torch.distributed._functional_collectives.all_gather_tensor` is deprecated. Please use `torch.distributed._functional_collectives.all_gather_single` instead.
[rank3]:  result = funcol.all_gather_tensor(x, gather_dim, pg)
[rank3]:/root/mep/venv_src/lib/python3.12/site-packages/torch/distributed/fsdp/_fully_shard/_fsdp_state.py:336: UserWarning: FSDP2-wrapped module (FSDPCheckpointWrapper) returned a view tensor. An in-place op on this view (e.g., `x += y`) will silently drop the pre-backward hook and skip the all-gather, which can cause backward to fail or produce wrong gradients. Use out-of-place ops (`out = out + y`, not `out += y`) or `.clone()` the output before any in-place op.
[rank3]:  output = self._register_pre_backward_hook(output)
[rank2]:/root/mep/venv_src/lib/python3.12/site-packages/spmd_types/_collectives.py:633: FutureWarning: `torch.distributed._functional_collectives.reduce_scatter_tensor` is deprecated. Please use `torch.distributed._functional_collectives.reduce_scatter_single` instead.
[rank2]:  result = funcol.reduce_scatter_tensor(x, "sum", scatter_dim, pg)
[rank2]:/root/mep/venv_src/lib/python3.12/site-packages/spmd_types/_collectives.py:305: FutureWarning: `torch.distributed._functional_collectives.all_gather_tensor` is deprecated. Please use `torch.distributed._functional_collectives.all_gather_single` instead.
[rank2]:  result = funcol.all_gather_tensor(x, gather_dim, pg)
[rank2]:/root/mep/venv_src/lib/python3.12/site-packages/torch/distributed/fsdp/_fully_shard/_fsdp_state.py:336: UserWarning: FSDP2-wrapped module (FSDPCheckpointWrapper) returned a view tensor. An in-place op on this view (e.g., `x += y`) will silently drop the pre-backward hook and skip the all-gather, which can cause backward to fail or produce wrong gradients. Use out-of-place ops (`out = out + y`, not `out += y`) or `.clone()` the output before any in-place op.
[rank2]:  output = self._register_pre_backward_hook(output)
[rank3]:/root/mep/venv_src/lib/python3.12/site-packages/torch/distributed/fsdp/_fully_shard/_fsdp_state.py:336: UserWarning: FSDP2-wrapped module (FSDPKimiK3Model) returned a view tensor. An in-place op on this view (e.g., `x += y`) will silently drop the pre-backward hook and skip the all-gather, which can cause backward to fail or produce wrong gradients. Use out-of-place ops (`out = out + y`, not `out += y`) or `.clone()` the output before any in-place op.
[rank3]:  output = self._register_pre_backward_hook(output)
[rank2]:/root/mep/venv_src/lib/python3.12/site-packages/torch/distributed/fsdp/_fully_shard/_fsdp_state.py:336: UserWarning: FSDP2-wrapped module (FSDPKimiK3Model) returned a view tensor. An in-place op on this view (e.g., `x += y`) will silently drop the pre-backward hook and skip the all-gather, which can cause backward to fail or produce wrong gradients. Use out-of-place ops (`out = out + y`, not `out += y`) or `.clone()` the output before any in-place op.
[rank2]:  output = self._register_pre_backward_hook(output)
[rank0]:/root/mep/venv_src/lib/python3.12/site-packages/spmd_types/_collectives.py:633: FutureWarning: `torch.distributed._functional_collectives.reduce_scatter_tensor` is deprecated. Please use `torch.distributed._functional_collectives.reduce_scatter_single` instead.
[rank0]:  result = funcol.reduce_scatter_tensor(x, "sum", scatter_dim, pg)
[rank0]:/root/mep/venv_src/lib/python3.12/site-packages/spmd_types/_collectives.py:305: FutureWarning: `torch.distributed._functional_collectives.all_gather_tensor` is deprecated. Please use `torch.distributed._functional_collectives.all_gather_single` instead.
[rank0]:  result = funcol.all_gather_tensor(x, gather_dim, pg)
[rank0]:/root/mep/venv_src/lib/python3.12/site-packages/torch/distributed/fsdp/_fully_shard/_fsdp_state.py:336: UserWarning: FSDP2-wrapped module (FSDPCheckpointWrapper) returned a view tensor. An in-place op on this view (e.g., `x += y`) will silently drop the pre-backward hook and skip the all-gather, which can cause backward to fail or produce wrong gradients. Use out-of-place ops (`out = out + y`, not `out += y`) or `.clone()` the output before any in-place op.
[rank0]:  output = self._register_pre_backward_hook(output)
[rank0]:/root/mep/venv_src/lib/python3.12/site-packages/torch/distributed/fsdp/_fully_shard/_fsdp_state.py:336: UserWarning: FSDP2-wrapped module (FSDPKimiK3Model) returned a view tensor. An in-place op on this view (e.g., `x += y`) will silently drop the pre-backward hook and skip the all-gather, which can cause backward to fail or produce wrong gradients. Use out-of-place ops (`out = out + y`, not `out += y`) or `.clone()` the output before any in-place op.
[rank0]:  output = self._register_pre_backward_hook(output)
[rank1]:/root/mep/venv_src/lib/python3.12/site-packages/spmd_types/_collectives.py:633: FutureWarning: `torch.distributed._functional_collectives.reduce_scatter_tensor` is deprecated. Please use `torch.distributed._functional_collectives.reduce_scatter_single` instead.
[rank1]:  result = funcol.reduce_scatter_tensor(x, "sum", scatter_dim, pg)
[rank1]:/root/mep/venv_src/lib/python3.12/site-packages/spmd_types/_collectives.py:305: FutureWarning: `torch.distributed._functional_collectives.all_gather_tensor` is deprecated. Please use `torch.distributed._functional_collectives.all_gather_single` instead.
[rank1]:  result = funcol.all_gather_tensor(x, gather_dim, pg)
[rank1]:/root/mep/venv_src/lib/python3.12/site-packages/torch/distributed/fsdp/_fully_shard/_fsdp_state.py:336: UserWarning: FSDP2-wrapped module (FSDPCheckpointWrapper) returned a view tensor. An in-place op on this view (e.g., `x += y`) will silently drop the pre-backward hook and skip the all-gather, which can cause backward to fail or produce wrong gradients. Use out-of-place ops (`out = out + y`, not `out += y`) or `.clone()` the output before any in-place op.
[rank1]:  output = self._register_pre_backward_hook(output)
[rank1]:/root/mep/venv_src/lib/python3.12/site-packages/torch/distributed/fsdp/_fully_shard/_fsdp_state.py:336: UserWarning: FSDP2-wrapped module (FSDPKimiK3Model) returned a view tensor. An in-place op on this view (e.g., `x += y`) will silently drop the pre-backward hook and skip the all-gather, which can cause backward to fail or produce wrong gradients. Use out-of-place ops (`out = out + y`, not `out += y`) or `.clone()` the output before any in-place op.
[rank1]:  output = self._register_pre_backward_hook(output)
[rank1]:/root/mep/venv_src/lib/python3.12/site-packages/spmd_types/_collectives.py:305: FutureWarning: `torch.distributed._functional_collectives.all_gather_tensor` is deprecated. Please use `torch.distributed._functional_collectives.all_gather_single` instead.
[rank0]:/root/mep/venv_src/lib/python3.12/site-packages/spmd_types/_collectives.py:305: FutureWarning: `torch.distributed._functional_collectives.all_gather_tensor` is deprecated. Please use `torch.distributed._functional_collectives.all_gather_single` instead.
[rank1]:  result = funcol.all_gather_tensor(x, gather_dim, pg)
[rank0]:  result = funcol.all_gather_tensor(x, gather_dim, pg)
[rank1]:/root/mep/venv_src/lib/python3.12/site-packages/spmd_types/_collectives.py:633: FutureWarning: `torch.distributed._functional_collectives.reduce_scatter_tensor` is deprecated. Please use `torch.distributed._functional_collectives.reduce_scatter_single` instead.
[rank1]:  result = funcol.reduce_scatter_tensor(x, "sum", scatter_dim, pg)
[rank0]:/root/mep/venv_src/lib/python3.12/site-packages/spmd_types/_collectives.py:633: FutureWarning: `torch.distributed._functional_collectives.reduce_scatter_tensor` is deprecated. Please use `torch.distributed._functional_collectives.reduce_scatter_single` instead.
[rank0]:  result = funcol.reduce_scatter_tensor(x, "sum", scatter_dim, pg)
[rank1]:/root/mep/venv_src/lib/python3.12/site-packages/torch/distributed/fsdp/_fully_shard/_fsdp_state.py:336: UserWarning: FSDP2-wrapped module (FSDPCheckpointWrapper) returned a view tensor. An in-place op on this view (e.g., `x += y`) will silently drop the pre-backward hook and skip the all-gather, which can cause backward to fail or produce wrong gradients. Use out-of-place ops (`out = out + y`, not `out += y`) or `.clone()` the output before any in-place op.
[rank1]:  output = self._register_pre_backward_hook(output)
[rank1]:/root/mep/venv_src/lib/python3.12/site-packages/torch/distributed/fsdp/_fully_shard/_fsdp_state.py:336: UserWarning: FSDP2-wrapped module (FSDPKimiK3Model) returned a view tensor. An in-place op on this view (e.g., `x += y`) will silently drop the pre-backward hook and skip the all-gather, which can cause backward to fail or produce wrong gradients. Use out-of-place ops (`out = out + y`, not `out += y`) or `.clone()` the output before any in-place op.
[rank0]:/root/mep/venv_src/lib/python3.12/site-packages/torch/distributed/fsdp/_fully_shard/_fsdp_state.py:336: UserWarning: FSDP2-wrapped module (FSDPCheckpointWrapper) returned a view tensor. An in-place op on this view (e.g., `x += y`) will silently drop the pre-backward hook and skip the all-gather, which can cause backward to fail or produce wrong gradients. Use out-of-place ops (`out = out + y`, not `out += y`) or `.clone()` the output before any in-place op.
[rank1]:  output = self._register_pre_backward_hook(output)
[rank0]:  output = self._register_pre_backward_hook(output)
[rank0]:/root/mep/venv_src/lib/python3.12/site-packages/torch/distributed/fsdp/_fully_shard/_fsdp_state.py:336: UserWarning: FSDP2-wrapped module (FSDPKimiK3Model) returned a view tensor. An in-place op on this view (e.g., `x += y`) will silently drop the pre-backward hook and skip the all-gather, which can cause backward to fail or produce wrong gradients. Use out-of-place ops (`out = out + y`, not `out += y`) or `.clone()` the output before any in-place op.
[rank0]:  output = self._register_pre_backward_hook(output)
[rank3]:[rank3]:W0929 08:43:50.128000 106130 torch/distributed/tensor/_redistribute.py:394] While redistributing from (_NormPartial(2.0), _NormPartial(2.0)) to (Replicate(), Replicate()), 2 sequential all_reduce operations will be performed. This is suboptimal: multiple collective operations have higher latency (separate kernel launches and synchronization points) and may give inconsistent results between ranks due to different reduction orders. To optimize, flatten mesh dimensions ["edp_shard", "ep"] so DTensor can use a single operation instead.
[rank2]:[rank2]:W0929 08:43:50.128000 106129 torch/distributed/tensor/_redistribute.py:394] While redistributing from (_NormPartial(2.0), _NormPartial(2.0)) to (Replicate(), Replicate()), 2 sequential all_reduce operations will be performed. This is suboptimal: multiple collective operations have higher latency (separate kernel launches and synchronization points) and may give inconsistent results between ranks due to different reduction orders. To optimize, flatten mesh dimensions ["edp_shard", "ep"] so DTensor can use a single operation instead.
[rank1]:[rank1]:W0929 08:43:50.192000 106128 torch/distributed/tensor/_redistribute.py:394] While redistributing from (_NormPartial(2.0), _NormPartial(2.0)) to (Replicate(), Replicate()), 2 sequential all_reduce operations will be performed. This is suboptimal: multiple collective operations have higher latency (separate kernel launches and synchronization points) and may give inconsistent results between ranks due to different reduction orders. To optimize, flatten mesh dimensions ["edp_shard", "ep"] so DTensor can use a single operation instead.
[rank0]:[rank0]:W0929 08:43:50.188000 106127 torch/distributed/tensor/_redistribute.py:394] While redistributing from (_NormPartial(2.0), _NormPartial(2.0)) to (Replicate(), Replicate()), 2 sequential all_reduce operations will be performed. This is suboptimal: multiple collective operations have higher latency (separate kernel launches and synchronization points) and may give inconsistent results between ranks due to different reduction orders. To optimize, flatten mesh dimensions ["edp_shard", "ep"] so DTensor can use a single operation instead.
[rank3]:[rank3]:W0929 08:43:50.420000 106130 torch/distributed/tensor/_redistribute.py:394] While redistributing from (_NormPartial(2.0), _NormPartial(2.0)) to (Replicate(), Replicate()), 2 sequential all_reduce operations will be performed. This is suboptimal: multiple collective operations have higher latency (separate kernel launches and synchronization points) and may give inconsistent results between ranks due to different reduction orders. To optimize, flatten mesh dimensions ["dp_shard", "tp"] so DTensor can use a single operation instead.
[rank2]:[rank2]:W0929 08:43:50.419000 106129 torch/distributed/tensor/_redistribute.py:394] While redistributing from (_NormPartial(2.0), _NormPartial(2.0)) to (Replicate(), Replicate()), 2 sequential all_reduce operations will be performed. This is suboptimal: multiple collective operations have higher latency (separate kernel launches and synchronization points) and may give inconsistent results between ranks due to different reduction orders. To optimize, flatten mesh dimensions ["dp_shard", "tp"] so DTensor can use a single operation instead.
[rank1]:[rank1]:W0929 08:43:50.538000 106128 torch/distributed/tensor/_redistribute.py:394] While redistributing from (_NormPartial(2.0), _NormPartial(2.0)) to (Replicate(), Replicate()), 2 sequential all_reduce operations will be performed. This is suboptimal: multiple collective operations have higher latency (separate kernel launches and synchronization points) and may give inconsistent results between ranks due to different reduction orders. To optimize, flatten mesh dimensions ["dp_shard", "tp"] so DTensor can use a single operation instead.
[rank0]:[rank0]:W0929 08:43:50.531000 106127 torch/distributed/tensor/_redistribute.py:394] While redistributing from (_NormPartial(2.0), _NormPartial(2.0)) to (Replicate(), Replicate()), 2 sequential all_reduce operations will be performed. This is suboptimal: multiple collective operations have higher latency (separate kernel launches and synchronization points) and may give inconsistent results between ranks due to different reduction orders. To optimize, flatten mesh dimensions ["dp_shard", "tp"] so DTensor can use a single operation instead.
[rank2]:[titan] 2026-09-29 08:43:51,517 - torchtitan.observability.metrics - INFO - [31mstep:  1  [32mloss:  8.05552  [38;2;180;60;0mgrad_norm: 71.0000  [38;2;54;234;195mmemory: 42.67GiB(53.88%)  [34mtps: 108  [36mtflops: 5.92  [35mmfu: 0.60%[39m
[rank2]:[titan] 2026-09-29 08:43:51,518 - torchtitan.distributed.utils - INFO - Synchronizing and adjusting timeout for all ProcessGroups to 0:01:40
[rank3]:[titan] 2026-09-29 08:43:51,537 - torchtitan.observability.metrics - INFO - [31mstep:  1  [32mloss:  8.05552  [38;2;180;60;0mgrad_norm: 71.0000  [38;2;54;234;195mmemory: 42.75GiB(53.98%)  [34mtps: 108  [36mtflops: 5.91  [35mmfu: 0.60%[39m
[rank3]:[titan] 2026-09-29 08:43:51,537 - torchtitan.distributed.utils - INFO - Synchronizing and adjusting timeout for all ProcessGroups to 0:01:40
[rank0]:[titan] 2026-09-29 08:43:51,726 - torchtitan.observability.metrics - INFO - [31mstep:  1  [32mloss: -1.00000  [38;2;180;60;0mgrad_norm: 71.0000  [38;2;54;234;195mmemory: 53.85GiB(67.98%)  [34mtps: 107  [36mtflops: 5.87  [35mmfu: 0.59%[39m
[rank0]:[titan] 2026-09-29 08:43:51,726 - torchtitan.distributed.utils - INFO - Synchronizing and adjusting timeout for all ProcessGroups to 0:01:40
[rank1]:[titan] 2026-09-29 08:43:51,760 - torchtitan.observability.metrics - INFO - [31mstep:  1  [32mloss: -1.00000  [38;2;180;60;0mgrad_norm: 71.0000  [38;2;54;234;195mmemory: 54.05GiB(68.24%)  [34mtps: 107  [36mtflops: 5.86  [35mmfu: 0.59%[39m
[rank1]:[titan] 2026-09-29 08:43:51,760 - torchtitan.distributed.utils - INFO - Synchronizing and adjusting timeout for all ProcessGroups to 0:01:40
[rank0]:[titan] 2026-09-29 08:43:53,441 - torchtitan.observability.metrics - INFO - [31mstep:  2  [32mloss: -1.00000  [38;2;180;60;0mgrad_norm: 56.7500  [38;2;54;234;195mmemory: 66.09GiB(83.43%)  [34mtps: 1,194  [36mtflops: 65.19  [35mmfu: 6.59%[39m
[rank2]:[titan] 2026-09-29 08:43:53,435 - torchtitan.observability.metrics - INFO - [31mstep:  2  [32mloss:  7.19197  [38;2;180;60;0mgrad_norm: 56.7500  [38;2;54;234;195mmemory: 53.88GiB(68.02%)  [34mtps: 1,068  [36mtflops: 58.32  [35mmfu: 5.90%[39m
[rank1]:[titan] 2026-09-29 08:43:53,441 - torchtitan.observability.metrics - INFO - [31mstep:  2  [32mloss: -1.00000  [38;2;180;60;0mgrad_norm: 56.7500  [38;2;54;234;195mmemory: 65.78GiB(83.05%)  [34mtps: 1,218  [36mtflops: 66.50  [35mmfu: 6.72%[39m
[rank3]:[titan] 2026-09-29 08:43:53,435 - torchtitan.observability.metrics - INFO - [31mstep:  2  [32mloss:  7.19197  [38;2;180;60;0mgrad_norm: 56.7500  [38;2;54;234;195mmemory: 54.15GiB(68.36%)  [34mtps: 1,079  [36mtflops: 58.93  [35mmfu: 5.96%[39m
[rank1]:[titan] 2026-09-29 08:43:55,060 - torchtitan.observability.metrics - INFO - [31mstep:  3  [32mloss: -1.00000  [38;2;180;60;0mgrad_norm: 109.5000  [38;2;54;234;195mmemory: 68.91GiB(87.00%)  [34mtps: 1,265  [36mtflops: 69.08  [35mmfu: 6.99%[39m
[rank0]:[titan] 2026-09-29 08:43:55,060 - torchtitan.observability.metrics - INFO - [31mstep:  3  [32mloss: -1.00000  [38;2;180;60;0mgrad_norm: 109.5000  [38;2;54;234;195mmemory: 69.22GiB(87.39%)  [34mtps: 1,265  [36mtflops: 69.08  [35mmfu: 6.98%[39m
[rank3]:[titan] 2026-09-29 08:43:55,054 - torchtitan.observability.metrics - INFO - [31mstep:  3  [32mloss:  7.70598  [38;2;180;60;0mgrad_norm: 109.5000  [38;2;54;234;195mmemory: 54.15GiB(68.36%)  [34mtps: 1,265  [36mtflops: 69.08  [35mmfu: 6.99%[39m
[rank2]:[titan] 2026-09-29 08:43:55,054 - torchtitan.observability.metrics - INFO - [31mstep:  3  [32mloss:  7.70598  [38;2;180;60;0mgrad_norm: 109.5000  [38;2;54;234;195mmemory: 53.88GiB(68.02%)  [34mtps: 1,265  [36mtflops: 69.08  [35mmfu: 6.99%[39m
[rank0]:[titan] 2026-09-29 08:43:56,672 - torchtitan.observability.metrics - INFO - [31mstep:  4  [32mloss: -1.00000  [38;2;180;60;0mgrad_norm: 199.0000  [38;2;54;234;195mmemory: 69.22GiB(87.39%)  [34mtps: 1,271  [36mtflops: 69.41  [35mmfu: 7.02%[39m
[rank3]:[titan] 2026-09-29 08:43:56,665 - torchtitan.observability.metrics - INFO - [31mstep:  4  [32mloss:  8.77952  [38;2;180;60;0mgrad_norm: 199.0000  [38;2;54;234;195mmemory: 54.15GiB(68.36%)  [34mtps: 1,271  [36mtflops: 69.41  [35mmfu: 7.02%[39m
[rank1]:[titan] 2026-09-29 08:43:56,671 - torchtitan.observability.metrics - INFO - [31mstep:  4  [32mloss: -1.00000  [38;2;180;60;0mgrad_norm: 199.0000  [38;2;54;234;195mmemory: 68.91GiB(87.00%)  [34mtps: 1,271  [36mtflops: 69.41  [35mmfu: 7.02%[39m
[rank2]:[titan] 2026-09-29 08:43:56,665 - torchtitan.observability.metrics - INFO - [31mstep:  4  [32mloss:  8.77952  [38;2;180;60;0mgrad_norm: 199.0000  [38;2;54;234;195mmemory: 53.88GiB(68.02%)  [34mtps: 1,271  [36mtflops: 69.41  [35mmfu: 7.02%[39m
[rank3]:[titan] 2026-09-29 08:43:58,297 - torchtitan.observability.metrics - INFO - [31mstep:  5  [32mloss:  8.07116  [38;2;180;60;0mgrad_norm: 166.0000  [38;2;54;234;195mmemory: 54.15GiB(68.36%)  [34mtps: 1,255  [36mtflops: 68.52  [35mmfu: 6.93%[39m
[rank2]:[titan] 2026-09-29 08:43:58,297 - torchtitan.observability.metrics - INFO - [31mstep:  5  [32mloss:  8.07116  [38;2;180;60;0mgrad_norm: 166.0000  [38;2;54;234;195mmemory: 53.88GiB(68.03%)  [34mtps: 1,255  [36mtflops: 68.52  [35mmfu: 6.93%[39m
[rank1]:[titan] 2026-09-29 08:43:58,304 - torchtitan.observability.metrics - INFO - [31mstep:  5  [32mloss: -1.00000  [38;2;180;60;0mgrad_norm: 166.0000  [38;2;54;234;195mmemory: 68.91GiB(87.00%)  [34mtps: 1,255  [36mtflops: 68.51  [35mmfu: 6.93%[39m
[rank0]:[titan] 2026-09-29 08:43:58,304 - torchtitan.observability.metrics - INFO - [31mstep:  5  [32mloss: -1.00000  [38;2;180;60;0mgrad_norm: 166.0000  [38;2;54;234;195mmemory: 69.22GiB(87.39%)  [34mtps: 1,255  [36mtflops: 68.52  [35mmfu: 6.93%[39m
[rank3]:[titan] 2026-09-29 08:43:59,933 - torchtitan.observability.metrics - INFO - [31mstep:  6  [32mloss:  9.96352  [38;2;180;60;0mgrad_norm: 138.0000  [38;2;54;234;195mmemory: 54.15GiB(68.36%)  [34mtps: 1,252  [36mtflops: 68.36  [35mmfu: 6.91%[39m
[rank1]:[titan] 2026-09-29 08:43:59,940 - torchtitan.observability.metrics - INFO - [31mstep:  6  [32mloss: -1.00000  [38;2;180;60;0mgrad_norm: 138.0000  [38;2;54;234;195mmemory: 68.91GiB(87.00%)  [34mtps: 1,252  [36mtflops: 68.36  [35mmfu: 6.91%[39m
[rank2]:[titan] 2026-09-29 08:43:59,933 - torchtitan.observability.metrics - INFO - [31mstep:  6  [32mloss:  9.96352  [38;2;180;60;0mgrad_norm: 138.0000  [38;2;54;234;195mmemory: 53.88GiB(68.03%)  [34mtps: 1,252  [36mtflops: 68.36  [35mmfu: 6.91%[39m
[rank0]:[titan] 2026-09-29 08:43:59,940 - torchtitan.observability.metrics - INFO - [31mstep:  6  [32mloss: -1.00000  [38;2;180;60;0mgrad_norm: 138.0000  [38;2;54;234;195mmemory: 69.22GiB(87.39%)  [34mtps: 1,252  [36mtflops: 68.34  [35mmfu: 6.91%[39m
[rank2]:[titan] 2026-09-29 08:44:01,605 - torchtitan.observability.metrics - INFO - [31mstep:  7  [32mloss:  7.71086  [38;2;180;60;0mgrad_norm: 185.0000  [38;2;54;234;195mmemory: 53.88GiB(68.03%)  [34mtps: 1,225  [36mtflops: 66.89  [35mmfu: 6.76%[39m
[rank0]:[titan] 2026-09-29 08:44:01,612 - torchtitan.observability.metrics - INFO - [31mstep:  7  [32mloss: -1.00000  [38;2;180;60;0mgrad_norm: 185.0000  [38;2;54;234;195mmemory: 69.22GiB(87.39%)  [34mtps: 1,226  [36mtflops: 66.92  [35mmfu: 6.77%[39m
[rank1]:[titan] 2026-09-29 08:44:01,612 - torchtitan.observability.metrics - INFO - [31mstep:  7  [32mloss: -1.00000  [38;2;180;60;0mgrad_norm: 185.0000  [38;2;54;234;195mmemory: 68.91GiB(87.00%)  [34mtps: 1,225  [36mtflops: 66.89  [35mmfu: 6.76%[39m
[rank3]:[titan] 2026-09-29 08:44:01,605 - torchtitan.observability.metrics - INFO - [31mstep:  7  [32mloss:  7.71086  [38;2;180;60;0mgrad_norm: 185.0000  [38;2;54;234;195mmemory: 54.15GiB(68.36%)  [34mtps: 1,225  [36mtflops: 66.89  [35mmfu: 6.76%[39m
[rank0]:[titan] 2026-09-29 08:44:03,294 - torchtitan.observability.metrics - INFO - [31mstep:  8  [32mloss: -1.00000  [38;2;180;60;0mgrad_norm: 560.0000  [38;2;54;234;195mmemory: 69.22GiB(87.39%)  [34mtps: 1,218  [36mtflops: 66.48  [35mmfu: 6.72%[39m
[rank1]:[titan] 2026-09-29 08:44:03,294 - torchtitan.observability.metrics - INFO - [31mstep:  8  [32mloss: -1.00000  [38;2;180;60;0mgrad_norm: 560.0000  [38;2;54;234;195mmemory: 68.91GiB(87.00%)  [34mtps: 1,218  [36mtflops: 66.48  [35mmfu: 6.72%[39m
[rank3]:[titan] 2026-09-29 08:44:03,288 - torchtitan.observability.metrics - INFO - [31mstep:  8  [32mloss:  5.94055  [38;2;180;60;0mgrad_norm: 560.0000  [38;2;54;234;195mmemory: 54.15GiB(68.36%)  [34mtps: 1,218  [36mtflops: 66.48  [35mmfu: 6.72%[39m
[rank2]:[titan] 2026-09-29 08:44:03,287 - torchtitan.observability.metrics - INFO - [31mstep:  8  [32mloss:  5.94055  [38;2;180;60;0mgrad_norm: 560.0000  [38;2;54;234;195mmemory: 53.88GiB(68.03%)  [34mtps: 1,218  [36mtflops: 66.48  [35mmfu: 6.72%[39m
[rank0]:[titan] 2026-09-29 08:44:04,935 - torchtitan.observability.metrics - INFO - [31mstep:  9  [32mloss: -1.00000  [38;2;180;60;0mgrad_norm: 532.0000  [38;2;54;234;195mmemory: 69.22GiB(87.39%)  [34mtps: 1,248  [36mtflops: 68.14  [35mmfu: 6.89%[39m
[rank1]:[titan] 2026-09-29 08:44:04,935 - torchtitan.observability.metrics - INFO - [31mstep:  9  [32mloss: -1.00000  [38;2;180;60;0mgrad_norm: 532.0000  [38;2;54;234;195mmemory: 68.91GiB(87.00%)  [34mtps: 1,248  [36mtflops: 68.13  [35mmfu: 6.89%[39m
[rank3]:[titan] 2026-09-29 08:44:04,929 - torchtitan.observability.metrics - INFO - [31mstep:  9  [32mloss:  6.37653  [38;2;180;60;0mgrad_norm: 532.0000  [38;2;54;234;195mmemory: 54.15GiB(68.36%)  [34mtps: 1,248  [36mtflops: 68.14  [35mmfu: 6.89%[39m
[rank2]:[titan] 2026-09-29 08:44:04,929 - torchtitan.observability.metrics - INFO - [31mstep:  9  [32mloss:  6.37653  [38;2;180;60;0mgrad_norm: 532.0000  [38;2;54;234;195mmemory: 53.88GiB(68.03%)  [34mtps: 1,248  [36mtflops: 68.13  [35mmfu: 6.89%[39m
[rank1]:[titan] 2026-09-29 08:44:06,578 - torchtitan.observability.metrics - INFO - [31mstep: 10  [32mloss: -1.00000  [38;2;180;60;0mgrad_norm: 96.5000  [38;2;54;234;195mmemory: 68.91GiB(87.00%)  [34mtps: 1,247  [36mtflops: 68.06  [35mmfu: 6.88%[39m
[rank0]:[titan] 2026-09-29 08:44:06,578 - torchtitan.observability.metrics - INFO - [31mstep: 10  [32mloss: -1.00000  [38;2;180;60;0mgrad_norm: 96.5000  [38;2;54;234;195mmemory: 69.22GiB(87.39%)  [34mtps: 1,247  [36mtflops: 68.06  [35mmfu: 6.88%[39m
[rank3]:[titan] 2026-09-29 08:44:06,572 - torchtitan.observability.metrics - INFO - [31mstep: 10  [32mloss:  4.61794  [38;2;180;60;0mgrad_norm: 96.5000  [38;2;54;234;195mmemory: 54.15GiB(68.36%)  [34mtps: 1,247  [36mtflops: 68.06  [35mmfu: 6.88%[39m
[rank2]:[titan] 2026-09-29 08:44:06,572 - torchtitan.observability.metrics - INFO - [31mstep: 10  [32mloss:  4.61794  [38;2;180;60;0mgrad_norm: 96.5000  [38;2;54;234;195mmemory: 53.88GiB(68.03%)  [34mtps: 1,247  [36mtflops: 68.06  [35mmfu: 6.88%[39m
[rank1]:[titan] 2026-09-29 08:44:08,217 - torchtitan.observability.metrics - INFO - [31mstep: 11  [32mloss: -1.00000  [38;2;180;60;0mgrad_norm: 62.2500  [38;2;54;234;195mmemory: 68.91GiB(87.00%)  [34mtps: 1,250  [36mtflops: 68.25  [35mmfu: 6.90%[39m
[rank0]:[titan] 2026-09-29 08:44:08,217 - torchtitan.observability.metrics - INFO - [31mstep: 11  [32mloss: -1.00000  [38;2;180;60;0mgrad_norm: 62.2500  [38;2;54;234;195mmemory: 69.22GiB(87.39%)  [34mtps: 1,250  [36mtflops: 68.25  [35mmfu: 6.90%[39m
[rank3]:[titan] 2026-09-29 08:44:08,211 - torchtitan.observability.metrics - INFO - [31mstep: 11  [32mloss:  4.04344  [38;2;180;60;0mgrad_norm: 62.2500  [38;2;54;234;195mmemory: 54.15GiB(68.36%)  [34mtps: 1,250  [36mtflops: 68.25  [35mmfu: 6.90%[39m
[rank2]:[titan] 2026-09-29 08:44:08,211 - torchtitan.observability.metrics - INFO - [31mstep: 11  [32mloss:  4.04344  [38;2;180;60;0mgrad_norm: 62.2500  [38;2;54;234;195mmemory: 53.88GiB(68.03%)  [34mtps: 1,250  [36mtflops: 68.26  [35mmfu: 6.90%[39m
[rank0]:[titan] 2026-09-29 08:44:09,874 - torchtitan.observability.metrics - INFO - [31mstep: 12  [32mloss: -1.00000  [38;2;180;60;0mgrad_norm: 20.2500  [38;2;54;234;195mmemory: 69.22GiB(87.39%)  [34mtps: 1,236  [36mtflops: 67.50  [35mmfu: 6.83%[39m
[rank1]:[titan] 2026-09-29 08:44:09,874 - torchtitan.observability.metrics - INFO - [31mstep: 12  [32mloss: -1.00000  [38;2;180;60;0mgrad_norm: 20.2500  [38;2;54;234;195mmemory: 68.91GiB(87.00%)  [34mtps: 1,236  [36mtflops: 67.50  [35mmfu: 6.83%[39m
[rank3]:[titan] 2026-09-29 08:44:09,867 - torchtitan.observability.metrics - INFO - [31mstep: 12  [32mloss:  5.35560  [38;2;180;60;0mgrad_norm: 20.2500  [38;2;54;234;195mmemory: 54.15GiB(68.36%)  [34mtps: 1,236  [36mtflops: 67.51  [35mmfu: 6.83%[39m
[rank2]:[titan] 2026-09-29 08:44:09,867 - torchtitan.observability.metrics - INFO - [31mstep: 12  [32mloss:  5.35560  [38;2;180;60;0mgrad_norm: 20.2500  [38;2;54;234;195mmemory: 53.88GiB(68.03%)  [34mtps: 1,236  [36mtflops: 67.51  [35mmfu: 6.83%[39m
[rank0]:[titan] 2026-09-29 08:44:11,505 - torchtitan.observability.metrics - INFO - [31mstep: 13  [32mloss: -1.00000  [38;2;180;60;0mgrad_norm: 56.7500  [38;2;54;234;195mmemory: 69.22GiB(87.39%)  [34mtps: 1,256  [36mtflops: 68.55  [35mmfu: 6.93%[39m
[rank1]:[titan] 2026-09-29 08:44:11,505 - torchtitan.observability.metrics - INFO - [31mstep: 13  [32mloss: -1.00000  [38;2;180;60;0mgrad_norm: 56.7500  [38;2;54;234;195mmemory: 68.91GiB(87.00%)  [34mtps: 1,256  [36mtflops: 68.55  [35mmfu: 6.93%[39m
[rank3]:[titan] 2026-09-29 08:44:11,499 - torchtitan.observability.metrics - INFO - [31mstep: 13  [32mloss:  6.63636  [38;2;180;60;0mgrad_norm: 56.7500  [38;2;54;234;195mmemory: 54.15GiB(68.36%)  [34mtps: 1,256  [36mtflops: 68.56  [35mmfu: 6.93%[39m
[rank2]:[titan] 2026-09-29 08:44:11,499 - torchtitan.observability.metrics - INFO - [31mstep: 13  [32mloss:  6.63636  [38;2;180;60;0mgrad_norm: 56.7500  [38;2;54;234;195mmemory: 53.88GiB(68.03%)  [34mtps: 1,256  [36mtflops: 68.55  [35mmfu: 6.93%[39m
[rank3]:[titan] 2026-09-29 08:44:13,127 - torchtitan.observability.metrics - INFO - [31mstep: 14  [32mloss:  5.84494  [38;2;180;60;0mgrad_norm: 32.7500  [38;2;54;234;195mmemory: 54.15GiB(68.36%)  [34mtps: 1,258  [36mtflops: 68.69  [35mmfu: 6.95%[39m
[rank0]:[titan] 2026-09-29 08:44:13,133 - torchtitan.observability.metrics - INFO - [31mstep: 14  [32mloss: -1.00000  [38;2;180;60;0mgrad_norm: 32.7500  [38;2;54;234;195mmemory: 69.22GiB(87.39%)  [34mtps: 1,258  [36mtflops: 68.69  [35mmfu: 6.95%[39m
[rank1]:[titan] 2026-09-29 08:44:13,133 - torchtitan.observability.metrics - INFO - [31mstep: 14  [32mloss: -1.00000  [38;2;180;60;0mgrad_norm: 32.7500  [38;2;54;234;195mmemory: 68.91GiB(87.00%)  [34mtps: 1,258  [36mtflops: 68.69  [35mmfu: 6.95%[39m
[rank2]:[titan] 2026-09-29 08:44:13,127 - torchtitan.observability.metrics - INFO - [31mstep: 14  [32mloss:  5.84494  [38;2;180;60;0mgrad_norm: 32.7500  [38;2;54;234;195mmemory: 53.88GiB(68.03%)  [34mtps: 1,258  [36mtflops: 68.69  [35mmfu: 6.95%[39m
[rank0]:[titan] 2026-09-29 08:44:14,766 - torchtitan.observability.metrics - INFO - [31mstep: 15  [32mloss: -1.00000  [38;2;180;60;0mgrad_norm: 62.7500  [38;2;54;234;195mmemory: 69.22GiB(87.39%)  [34mtps: 1,254  [36mtflops: 68.47  [35mmfu: 6.92%[39m
[rank1]:[titan] 2026-09-29 08:44:14,767 - torchtitan.observability.metrics - INFO - [31mstep: 15  [32mloss: -1.00000  [38;2;180;60;0mgrad_norm: 62.7500  [38;2;54;234;195mmemory: 68.91GiB(87.00%)  [34mtps: 1,254  [36mtflops: 68.47  [35mmfu: 6.92%[39m
[rank3]:[titan] 2026-09-29 08:44:14,760 - torchtitan.observability.metrics - INFO - [31mstep: 15  [32mloss:  6.68394  [38;2;180;60;0mgrad_norm: 62.7500  [38;2;54;234;195mmemory: 54.15GiB(68.36%)  [34mtps: 1,254  [36mtflops: 68.47  [35mmfu: 6.92%[39m
[rank2]:[titan] 2026-09-29 08:44:14,760 - torchtitan.observability.metrics - INFO - [31mstep: 15  [32mloss:  6.68394  [38;2;180;60;0mgrad_norm: 62.7500  [38;2;54;234;195mmemory: 53.88GiB(68.03%)  [34mtps: 1,254  [36mtflops: 68.47  [35mmfu: 6.92%[39m
[rank0]:[titan] 2026-09-29 08:44:16,398 - torchtitan.observability.metrics - INFO - [31mstep: 16  [32mloss: -1.00000  [38;2;180;60;0mgrad_norm: 1376.0000  [38;2;54;234;195mmemory: 69.22GiB(87.39%)  [34mtps: 1,255  [36mtflops: 68.54  [35mmfu: 6.93%[39m
[rank1]:[titan] 2026-09-29 08:44:16,398 - torchtitan.observability.metrics - INFO - [31mstep: 16  [32mloss: -1.00000  [38;2;180;60;0mgrad_norm: 1376.0000  [38;2;54;234;195mmemory: 68.91GiB(87.00%)  [34mtps: 1,255  [36mtflops: 68.55  [35mmfu: 6.93%[39m
[rank3]:[titan] 2026-09-29 08:44:16,392 - torchtitan.observability.metrics - INFO - [31mstep: 16  [32mloss:  6.36905  [38;2;180;60;0mgrad_norm: 1376.0000  [38;2;54;234;195mmemory: 54.15GiB(68.36%)  [34mtps: 1,256  [36mtflops: 68.55  [35mmfu: 6.93%[39m
[rank2]:[titan] 2026-09-29 08:44:16,392 - torchtitan.observability.metrics - INFO - [31mstep: 16  [32mloss:  6.36905  [38;2;180;60;0mgrad_norm: 1376.0000  [38;2;54;234;195mmemory: 53.88GiB(68.03%)  [34mtps: 1,255  [36mtflops: 68.55  [35mmfu: 6.93%[39m
[rank0]:[titan] 2026-09-29 08:44:18,026 - torchtitan.observability.metrics - INFO - [31mstep: 17  [32mloss: -1.00000  [38;2;180;60;0mgrad_norm: 382.0000  [38;2;54;234;195mmemory: 69.22GiB(87.39%)  [34mtps: 1,258  [36mtflops: 68.70  [35mmfu: 6.95%[39m
[rank1]:[titan] 2026-09-29 08:44:18,026 - torchtitan.observability.metrics - INFO - [31mstep: 17  [32mloss: -1.00000  [38;2;180;60;0mgrad_norm: 382.0000  [38;2;54;234;195mmemory: 68.91GiB(87.00%)  [34mtps: 1,258  [36mtflops: 68.71  [35mmfu: 6.95%[39m
[rank3]:[titan] 2026-09-29 08:44:18,019 - torchtitan.observability.metrics - INFO - [31mstep: 17  [32mloss:  7.24599  [38;2;180;60;0mgrad_norm: 382.0000  [38;2;54;234;195mmemory: 54.15GiB(68.36%)  [34mtps: 1,258  [36mtflops: 68.71  [35mmfu: 6.95%[39m
[rank2]:[titan] 2026-09-29 08:44:18,019 - torchtitan.observability.metrics - INFO - [31mstep: 17  [32mloss:  7.24599  [38;2;180;60;0mgrad_norm: 382.0000  [38;2;54;234;195mmemory: 53.88GiB(68.03%)  [34mtps: 1,258  [36mtflops: 68.70  [35mmfu: 6.95%[39m
[rank0]:[titan] 2026-09-29 08:44:19,661 - torchtitan.observability.metrics - INFO - [31mstep: 18  [32mloss: -1.00000  [38;2;180;60;0mgrad_norm: 34.0000  [38;2;54;234;195mmemory: 69.22GiB(87.39%)  [34mtps: 1,253  [36mtflops: 68.39  [35mmfu: 6.92%[39m
[rank1]:[titan] 2026-09-29 08:44:19,661 - torchtitan.observability.metrics - INFO - [31mstep: 18  [32mloss: -1.00000  [38;2;180;60;0mgrad_norm: 34.0000  [38;2;54;234;195mmemory: 68.91GiB(87.00%)  [34mtps: 1,253  [36mtflops: 68.39  [35mmfu: 6.91%[39m
[rank3]:[titan] 2026-09-29 08:44:19,655 - torchtitan.observability.metrics - INFO - [31mstep: 18  [32mloss:  8.33777  [38;2;180;60;0mgrad_norm: 34.0000  [38;2;54;234;195mmemory: 54.15GiB(68.36%)  [34mtps: 1,253  [36mtflops: 68.39  [35mmfu: 6.92%[39m
[rank2]:[titan] 2026-09-29 08:44:19,655 - torchtitan.observability.metrics - INFO - [31mstep: 18  [32mloss:  8.33777  [38;2;180;60;0mgrad_norm: 34.0000  [38;2;54;234;195mmemory: 53.88GiB(68.03%)  [34mtps: 1,253  [36mtflops: 68.39  [35mmfu: 6.92%[39m
[rank0]:[titan] 2026-09-29 08:44:21,309 - torchtitan.observability.metrics - INFO - [31mstep: 19  [32mloss: -1.00000  [38;2;180;60;0mgrad_norm: 26.8750  [38;2;54;234;195mmemory: 69.22GiB(87.39%)  [34mtps: 1,243  [36mtflops: 67.84  [35mmfu: 6.86%[39m
[rank1]:[titan] 2026-09-29 08:44:21,309 - torchtitan.observability.metrics - INFO - [31mstep: 19  [32mloss: -1.00000  [38;2;180;60;0mgrad_norm: 26.8750  [38;2;54;234;195mmemory: 68.91GiB(87.00%)  [34mtps: 1,243  [36mtflops: 67.84  [35mmfu: 6.86%[39m
[rank3]:[titan] 2026-09-29 08:44:21,303 - torchtitan.observability.metrics - INFO - [31mstep: 19  [32mloss:  5.99689  [38;2;180;60;0mgrad_norm: 26.8750  [38;2;54;234;195mmemory: 54.15GiB(68.36%)  [34mtps: 1,243  [36mtflops: 67.85  [35mmfu: 6.86%[39m
[rank2]:[titan] 2026-09-29 08:44:21,303 - torchtitan.observability.metrics - INFO - [31mstep: 19  [32mloss:  5.99689  [38;2;180;60;0mgrad_norm: 26.8750  [38;2;54;234;195mmemory: 53.88GiB(68.03%)  [34mtps: 1,243  [36mtflops: 67.85  [35mmfu: 6.86%[39m
[rank0]:[titan] 2026-09-29 08:44:22,932 - torchtitan.observability.metrics - INFO - [31mstep: 20  [32mloss: -1.00000  [38;2;180;60;0mgrad_norm: 24.8750  [38;2;54;234;195mmemory: 69.22GiB(87.39%)  [34mtps: 1,262  [36mtflops: 68.92  [35mmfu: 6.97%[39m
[rank1]:[titan] 2026-09-29 08:44:22,932 - torchtitan.observability.metrics - INFO - [31mstep: 20  [32mloss: -1.00000  [38;2;180;60;0mgrad_norm: 24.8750  [38;2;54;234;195mmemory: 68.92GiB(87.01%)  [34mtps: 1,262  [36mtflops: 68.91  [35mmfu: 6.97%[39m
[rank3]:[titan] 2026-09-29 08:44:22,926 - torchtitan.observability.metrics - INFO - [31mstep: 20  [32mloss:  6.21320  [38;2;180;60;0mgrad_norm: 24.8750  [38;2;54;234;195mmemory: 54.15GiB(68.36%)  [34mtps: 1,262  [36mtflops: 68.92  [35mmfu: 6.97%[39m
[rank2]:[titan] 2026-09-29 08:44:22,926 - torchtitan.observability.metrics - INFO - [31mstep: 20  [32mloss:  6.21320  [38;2;180;60;0mgrad_norm: 24.8750  [38;2;54;234;195mmemory: 53.88GiB(68.03%)  [34mtps: 1,262  [36mtflops: 68.92  [35mmfu: 6.97%[39m
[rank0]:[titan] 2026-09-29 08:44:24,559 - torchtitan.observability.metrics - INFO - [31mstep: 21  [32mloss: -1.00000  [38;2;180;60;0mgrad_norm: 93.5000  [38;2;54;234;195mmemory: 69.22GiB(87.39%)  [34mtps: 1,259  [36mtflops: 68.76  [35mmfu: 6.95%[39m
[rank1]:[titan] 2026-09-29 08:44:24,559 - torchtitan.observability.metrics - INFO - [31mstep: 21  [32mloss: -1.00000  [38;2;180;60;0mgrad_norm: 93.5000  [38;2;54;234;195mmemory: 68.92GiB(87.01%)  [34mtps: 1,259  [36mtflops: 68.76  [35mmfu: 6.95%[39m
[rank3]:[titan] 2026-09-29 08:44:24,552 - torchtitan.observability.metrics - INFO - [31mstep: 21  [32mloss:  5.31118  [38;2;180;60;0mgrad_norm: 93.5000  [38;2;54;234;195mmemory: 54.15GiB(68.36%)  [34mtps: 1,259  [36mtflops: 68.76  [35mmfu: 6.95%[39m
[rank2]:[titan] 2026-09-29 08:44:24,552 - torchtitan.observability.metrics - INFO - [31mstep: 21  [32mloss:  5.31118  [38;2;180;60;0mgrad_norm: 93.5000  [38;2;54;234;195mmemory: 53.88GiB(68.03%)  [34mtps: 1,259  [36mtflops: 68.76  [35mmfu: 6.95%[39m
[rank0]:[titan] 2026-09-29 08:44:26,193 - torchtitan.observability.metrics - INFO - [31mstep: 22  [32mloss: -1.00000  [38;2;180;60;0mgrad_norm: 1456.0000  [38;2;54;234;195mmemory: 69.22GiB(87.39%)  [34mtps: 1,253  [36mtflops: 68.43  [35mmfu: 6.92%[39m
[rank1]:[titan] 2026-09-29 08:44:26,193 - torchtitan.observability.metrics - INFO - [31mstep: 22  [32mloss: -1.00000  [38;2;180;60;0mgrad_norm: 1456.0000  [38;2;54;234;195mmemory: 68.92GiB(87.01%)  [34mtps: 1,253  [36mtflops: 68.42  [35mmfu: 6.92%[39m
[rank3]:[titan] 2026-09-29 08:44:26,187 - torchtitan.observability.metrics - INFO - [31mstep: 22  [32mloss:  5.60848  [38;2;180;60;0mgrad_norm: 1456.0000  [38;2;54;234;195mmemory: 54.15GiB(68.36%)  [34mtps: 1,253  [36mtflops: 68.43  [35mmfu: 6.92%[39m
[rank2]:[titan] 2026-09-29 08:44:26,187 - torchtitan.observability.metrics - INFO - [31mstep: 22  [32mloss:  5.60848  [38;2;180;60;0mgrad_norm: 1456.0000  [38;2;54;234;195mmemory: 53.88GiB(68.03%)  [34mtps: 1,253  [36mtflops: 68.43  [35mmfu: 6.92%[39m
[rank0]:[titan] 2026-09-29 08:44:27,836 - torchtitan.observability.metrics - INFO - [31mstep: 23  [32mloss: -1.00000  [38;2;180;60;0mgrad_norm: 47.7500  [38;2;54;234;195mmemory: 69.22GiB(87.39%)  [34mtps: 1,246  [36mtflops: 68.04  [35mmfu: 6.88%[39m
[rank1]:[titan] 2026-09-29 08:44:27,836 - torchtitan.observability.metrics - INFO - [31mstep: 23  [32mloss: -1.00000  [38;2;180;60;0mgrad_norm: 47.7500  [38;2;54;234;195mmemory: 68.92GiB(87.01%)  [34mtps: 1,246  [36mtflops: 68.05  [35mmfu: 6.88%[39m
[rank3]:[titan] 2026-09-29 08:44:27,830 - torchtitan.observability.metrics - INFO - [31mstep: 23  [32mloss:  5.90342  [38;2;180;60;0mgrad_norm: 47.7500  [38;2;54;234;195mmemory: 54.15GiB(68.36%)  [34mtps: 1,246  [36mtflops: 68.05  [35mmfu: 6.88%[39m
[rank2]:[titan] 2026-09-29 08:44:27,830 - torchtitan.observability.metrics - INFO - [31mstep: 23  [32mloss:  5.90342  [38;2;180;60;0mgrad_norm: 47.7500  [38;2;54;234;195mmemory: 53.88GiB(68.03%)  [34mtps: 1,246  [36mtflops: 68.05  [35mmfu: 6.88%[39m
[rank0]:[titan] 2026-09-29 08:44:29,482 - torchtitan.observability.metrics - INFO - [31mstep: 24  [32mloss: -1.00000  [38;2;180;60;0mgrad_norm: 48.7500  [38;2;54;234;195mmemory: 69.22GiB(87.39%)  [34mtps: 1,245  [36mtflops: 67.97  [35mmfu: 6.87%[39m
[rank1]:[titan] 2026-09-29 08:44:29,482 - torchtitan.observability.metrics - INFO - [31mstep: 24  [32mloss: -1.00000  [38;2;180;60;0mgrad_norm: 48.7500  [38;2;54;234;195mmemory: 68.92GiB(87.01%)  [34mtps: 1,245  [36mtflops: 67.97  [35mmfu: 6.87%[39m
[rank3]:[titan] 2026-09-29 08:44:29,475 - torchtitan.observability.metrics - INFO - [31mstep: 24  [32mloss:  5.49352  [38;2;180;60;0mgrad_norm: 48.7500  [38;2;54;234;195mmemory: 54.15GiB(68.36%)  [34mtps: 1,245  [36mtflops: 67.97  [35mmfu: 6.87%[39m
[rank2]:[titan] 2026-09-29 08:44:29,475 - torchtitan.observability.metrics - INFO - [31mstep: 24  [32mloss:  5.49352  [38;2;180;60;0mgrad_norm: 48.7500  [38;2;54;234;195mmemory: 53.88GiB(68.03%)  [34mtps: 1,245  [36mtflops: 67.98  [35mmfu: 6.87%[39m
[rank3]:[titan] 2026-09-29 08:44:31,123 - torchtitan.observability.metrics - INFO - [31mstep: 25  [32mloss:  5.07556  [38;2;180;60;0mgrad_norm: 276.0000  [38;2;54;234;195mmemory: 54.15GiB(68.36%)  [34mtps: 1,243  [36mtflops: 67.86  [35mmfu: 6.86%[39m
[rank2]:[titan] 2026-09-29 08:44:31,123 - torchtitan.observability.metrics - INFO - [31mstep: 25  [32mloss:  5.07556  [38;2;180;60;0mgrad_norm: 276.0000  [38;2;54;234;195mmemory: 53.88GiB(68.03%)  [34mtps: 1,243  [36mtflops: 67.86  [35mmfu: 6.86%[39m
[rank1]:[titan] 2026-09-29 08:44:31,130 - torchtitan.observability.metrics - INFO - [31mstep: 25  [32mloss: -1.00000  [38;2;180;60;0mgrad_norm: 276.0000  [38;2;54;234;195mmemory: 68.92GiB(87.01%)  [34mtps: 1,243  [36mtflops: 67.85  [35mmfu: 6.86%[39m
[rank0]:[titan] 2026-09-29 08:44:31,130 - torchtitan.observability.metrics - INFO - [31mstep: 25  [32mloss: -1.00000  [38;2;180;60;0mgrad_norm: 276.0000  [38;2;54;234;195mmemory: 69.22GiB(87.39%)  [34mtps: 1,243  [36mtflops: 67.85  [35mmfu: 6.86%[39m
[rank3]:[titan] 2026-09-29 08:44:32,768 - torchtitan.observability.metrics - INFO - [31mstep: 26  [32mloss:  4.70719  [38;2;180;60;0mgrad_norm: 15.1875  [38;2;54;234;195mmemory: 54.15GiB(68.36%)  [34mtps: 1,246  [36mtflops: 68.01  [35mmfu: 6.88%[39m
[rank0]:[titan] 2026-09-29 08:44:32,774 - torchtitan.observability.metrics - INFO - [31mstep: 26  [32mloss: -1.00000  [38;2;180;60;0mgrad_norm: 15.1875  [38;2;54;234;195mmemory: 69.22GiB(87.39%)  [34mtps: 1,246  [36mtflops: 68.01  [35mmfu: 6.88%[39m
[rank1]:[titan] 2026-09-29 08:44:32,774 - torchtitan.observability.metrics - INFO - [31mstep: 26  [32mloss: -1.00000  [38;2;180;60;0mgrad_norm: 15.1875  [38;2;54;234;195mmemory: 68.92GiB(87.01%)  [34mtps: 1,246  [36mtflops: 68.01  [35mmfu: 6.88%[39m
[rank2]:[titan] 2026-09-29 08:44:32,768 - torchtitan.observability.metrics - INFO - [31mstep: 26  [32mloss:  4.70719  [38;2;180;60;0mgrad_norm: 15.1875  [38;2;54;234;195mmemory: 53.88GiB(68.03%)  [34mtps: 1,246  [36mtflops: 68.01  [35mmfu: 6.88%[39m
[rank0]:[titan] 2026-09-29 08:44:34,418 - torchtitan.observability.metrics - INFO - [31mstep: 27  [32mloss: -1.00000  [38;2;180;60;0mgrad_norm: 23.1250  [38;2;54;234;195mmemory: 69.22GiB(87.39%)  [34mtps: 1,246  [36mtflops: 68.03  [35mmfu: 6.88%[39m
[rank1]:[titan] 2026-09-29 08:44:34,418 - torchtitan.observability.metrics - INFO - [31mstep: 27  [32mloss: -1.00000  [38;2;180;60;0mgrad_norm: 23.1250  [38;2;54;234;195mmemory: 68.92GiB(87.01%)  [34mtps: 1,246  [36mtflops: 68.03  [35mmfu: 6.88%[39m
[rank3]:[titan] 2026-09-29 08:44:34,412 - torchtitan.observability.metrics - INFO - [31mstep: 27  [32mloss:  4.09769  [38;2;180;60;0mgrad_norm: 23.1250  [38;2;54;234;195mmemory: 54.15GiB(68.36%)  [34mtps: 1,246  [36mtflops: 68.03  [35mmfu: 6.88%[39m
[rank2]:[titan] 2026-09-29 08:44:34,412 - torchtitan.observability.metrics - INFO - [31mstep: 27  [32mloss:  4.09769  [38;2;180;60;0mgrad_norm: 23.1250  [38;2;54;234;195mmemory: 53.88GiB(68.03%)  [34mtps: 1,246  [36mtflops: 68.03  [35mmfu: 6.88%[39m
[rank0]:[titan] 2026-09-29 08:44:36,056 - torchtitan.observability.metrics - INFO - [31mstep: 28  [32mloss: -1.00000  [38;2;180;60;0mgrad_norm: 11.3125  [38;2;54;234;195mmemory: 69.22GiB(87.39%)  [34mtps: 1,250  [36mtflops: 68.27  [35mmfu: 6.90%[39m
[rank1]:[titan] 2026-09-29 08:44:36,056 - torchtitan.observability.metrics - INFO - [31mstep: 28  [32mloss: -1.00000  [38;2;180;60;0mgrad_norm: 11.3125  [38;2;54;234;195mmemory: 68.92GiB(87.01%)  [34mtps: 1,251  [36mtflops: 68.28  [35mmfu: 6.90%[39m
[rank3]:[titan] 2026-09-29 08:44:36,050 - torchtitan.observability.metrics - INFO - [31mstep: 28  [32mloss:  3.77639  [38;2;180;60;0mgrad_norm: 11.3125  [38;2;54;234;195mmemory: 54.15GiB(68.36%)  [34mtps: 1,250  [36mtflops: 68.27  [35mmfu: 6.90%[39m
[rank2]:[titan] 2026-09-29 08:44:36,050 - torchtitan.observability.metrics - INFO - [31mstep: 28  [32mloss:  3.77639  [38;2;180;60;0mgrad_norm: 11.3125  [38;2;54;234;195mmemory: 53.88GiB(68.03%)  [34mtps: 1,250  [36mtflops: 68.27  [35mmfu: 6.90%[39m
[rank0]:[titan] 2026-09-29 08:44:37,692 - torchtitan.observability.metrics - INFO - [31mstep: 29  [32mloss: -1.00000  [38;2;180;60;0mgrad_norm: 11.6875  [38;2;54;234;195mmemory: 69.22GiB(87.39%)  [34mtps: 1,252  [36mtflops: 68.38  [35mmfu: 6.91%[39m
[rank3]:[titan] 2026-09-29 08:44:37,685 - torchtitan.observability.metrics - INFO - [31mstep: 29  [32mloss:  3.85959  [38;2;180;60;0mgrad_norm: 11.6875  [38;2;54;234;195mmemory: 54.15GiB(68.36%)  [34mtps: 1,253  [36mtflops: 68.38  [35mmfu: 6.91%[39m
[rank1]:[titan] 2026-09-29 08:44:37,692 - torchtitan.observability.metrics - INFO - [31mstep: 29  [32mloss: -1.00000  [38;2;180;60;0mgrad_norm: 11.6875  [38;2;54;234;195mmemory: 68.92GiB(87.01%)  [34mtps: 1,252  [36mtflops: 68.38  [35mmfu: 6.91%[39m
[rank2]:[titan] 2026-09-29 08:44:37,685 - torchtitan.observability.metrics - INFO - [31mstep: 29  [32mloss:  3.85959  [38;2;180;60;0mgrad_norm: 11.6875  [38;2;54;234;195mmemory: 53.88GiB(68.03%)  [34mtps: 1,253  [36mtflops: 68.38  [35mmfu: 6.91%[39m
[rank0]:[titan] 2026-09-29 08:44:39,317 - torchtitan.observability.metrics - INFO - [31mstep: 30  [32mloss: -1.00000  [38;2;180;60;0mgrad_norm: 23.8750  [38;2;54;234;195mmemory: 69.22GiB(87.39%)  [34mtps: 1,260  [36mtflops: 68.80  [35mmfu: 6.96%[39m
[rank0]:[titan] 2026-09-29 08:44:39,318 - torchtitan.trainer - INFO - Sleeping 2 seconds for other ranks to complete
[rank3]:[titan] 2026-09-29 08:44:39,311 - torchtitan.observability.metrics - INFO - [31mstep: 30  [32mloss:  3.90947  [38;2;180;60;0mgrad_norm: 23.8750  [38;2;54;234;195mmemory: 54.15GiB(68.36%)  [34mtps: 1,260  [36mtflops: 68.81  [35mmfu: 6.96%[39m
[rank3]:[titan] 2026-09-29 08:44:39,311 - torchtitan.trainer - INFO - Training completed
[rank1]:[titan] 2026-09-29 08:44:39,317 - torchtitan.observability.metrics - INFO - [31mstep: 30  [32mloss: -1.00000  [38;2;180;60;0mgrad_norm: 23.8750  [38;2;54;234;195mmemory: 68.92GiB(87.01%)  [34mtps: 1,260  [36mtflops: 68.81  [35mmfu: 6.96%[39m
[rank1]:[titan] 2026-09-29 08:44:39,318 - torchtitan.trainer - INFO - Training completed
[rank2]:[titan] 2026-09-29 08:44:39,311 - torchtitan.observability.metrics - INFO - [31mstep: 30  [32mloss:  3.90947  [38;2;180;60;0mgrad_norm: 23.8750  [38;2;54;234;195mmemory: 53.88GiB(68.03%)  [34mtps: 1,260  [36mtflops: 68.81  [35mmfu: 6.96%[39m
[rank2]:[titan] 2026-09-29 08:44:39,311 - torchtitan.trainer - INFO - Training completed
[rank0]:[titan] 2026-09-29 08:44:41,318 - torchtitan.trainer - INFO - Training completed
[rank3]:[titan] 2026-09-29 08:44:44,424 - __main__ - INFO - Process group destroyed
[rank2]:[titan] 2026-09-29 08:44:44,456 - __main__ - INFO - Process group destroyed
[rank1]:[titan] 2026-09-29 08:44:44,900 - __main__ - INFO - Process group destroyed
[rank0]:[titan] 2026-09-29 08:44:44,875 - __main__ - INFO - Process group destroyed
