
==================================== ERRORS ====================================
__ ERROR collecting tests/unit_tests/cpu/test_integration_test_definitions.py __
ImportError while importing test module '/root/mep/w/moonep/tests/unit_tests/cpu/test_integration_test_definitions.py'.
Hint: make sure your test modules/packages have valid Python names.
Traceback:
/usr/lib/python3.12/importlib/__init__.py:90: in import_module
    return _bootstrap._gcd_import(name[level:], package, level)
           ^^^^^^^^^^^^^^^^^^^^^^^^^^^^^^^^^^^^^^^^^^^^^^^^^^^^
tests/unit_tests/cpu/test_integration_test_definitions.py:21: in <module>
    from tests.integration_tests.flux import build_flux_test_list
tests/integration_tests/flux.py:13: in <module>
    import torchtitan_recipes.tests.flux as recipes
torchtitan_recipes/tests/flux.py:14: in <module>
    from torchtitan.models.flux.configs import SamplingConfig
torchtitan/models/flux/__init__.py:21: in <module>
    from .model.hf_embedder import FluxEmbedder
torchtitan/models/flux/model/hf_embedder.py:14: in <module>
    from transformers import CLIPTextModel, T5EncoderModel
E   ModuleNotFoundError: No module named 'transformers'
=========================== short test summary info ============================
ERROR tests/unit_tests/cpu/test_integration_test_definitions.py
!!!!!!!!!!!!!!!!!!!! Interrupted: 1 error during collection !!!!!!!!!!!!!!!!!!!!
1 error in 6.26s
