W0911 07:45:14.348000 19929 site-packages/torch/distributed/run.py:982] 
W0911 07:45:14.348000 19929 site-packages/torch/distributed/run.py:982] *****************************************
W0911 07:45:14.348000 19929 site-packages/torch/distributed/run.py:982] Setting OMP_NUM_THREADS environment variable for each process to be 1 in default, to avoid your system being overloaded, please further tune the variable for optimal performance in your application as needed. 
W0911 07:45:14.348000 19929 site-packages/torch/distributed/run.py:982] *****************************************
WARNING:absl:Failed to load jax profiler: No module named 'jax'
WARNING:absl:Failed to load jax profiler: No module named 'jax'
W0911 07:45:19.336000 20007 site-packages/torch/utils/_pytree.py:630] <enum 'KernelPreference'> is an Enum subclass and is now natively supported by torch.compile as an opaque value type. Calling register_constant() on Enum subclasses is deprecated and will be an error in a future release.
W0911 07:45:19.441000 20007 site-packages/torch/utils/_pytree.py:630] <enum 'ScaleCalculationMode'> is an Enum subclass and is now natively supported by torch.compile as an opaque value type. Calling register_constant() on Enum subclasses is deprecated and will be an error in a future release.
[titan] 2026-09-11 07:45:19,777 - root - INFO - torchtitan version: 0.0.0+unknown (0.0.0 means __version__ is not defined correctly).
W0911 07:45:20.058000 20008 site-packages/torch/utils/_pytree.py:630] <enum 'KernelPreference'> is an Enum subclass and is now natively supported by torch.compile as an opaque value type. Calling register_constant() on Enum subclasses is deprecated and will be an error in a future release.
W0911 07:45:20.170000 20008 site-packages/torch/utils/_pytree.py:630] <enum 'ScaleCalculationMode'> is an Enum subclass and is now natively supported by torch.compile as an opaque value type. Calling register_constant() on Enum subclasses is deprecated and will be an error in a future release.
[titan] 2026-09-11 07:45:20,536 - root - INFO - torchtitan version: 0.0.0+unknown (0.0.0 means __version__ is not defined correctly).
[titan] 2026-09-11 07:45:20,908 - root - WARNING - initial_load_model_only=True has no effect without an initial_load_path.
[titan] 2026-09-11 07:45:20,932 - root - WARNING - initial_load_model_only=True has no effect without an initial_load_path.
[titan] 2026-09-11 07:45:20,995 - root - WARNING - initial_load_model_only=True has no effect without an initial_load_path.
[titan] 2026-09-11 07:45:20,998 - torchtitan.observability.structured_logger.jsonl_handler - INFO - Structured logging -> JSONL: /workspace/out_4500/cp2u/structured_logs/training.global_rank_0.20260911-074520-JH8JJK.jsonl
[titan] 2026-09-11 07:45:21,018 - root - WARNING - initial_load_model_only=True has no effect without an initial_load_path.
[titan] 2026-09-11 07:45:21,020 - torchtitan.observability.structured_logger.jsonl_handler - INFO - Structured logging -> JSONL: /workspace/out_4500/cp2u/structured_logs/training.global_rank_1.20260911-074521-N82LK5.jsonl
[titan] 2026-09-11 07:45:21,189 - root - WARNING - ENV[TORCH_NCCL_ASYNC_ERROR_HANDLING] = 1 will be overridden to 3 based on job config
[titan] 2026-09-11 07:45:21,193 - root - WARNING - ENV[TORCH_NCCL_ASYNC_ERROR_HANDLING] = 1 will be overridden to 3 based on job config
[titan] 2026-09-11 07:45:21,653 - root - INFO - [GC] Initial GC collection took 0.00 seconds
[titan] 2026-09-11 07:45:21,653 - root - INFO - Deterministic algorithm enabled (expect perf degradation).
[titan] 2026-09-11 07:45:21,654 - root - INFO - [GC] Initial GC collection took 0.00 seconds
[titan] 2026-09-11 07:45:21,654 - root - INFO - Deterministic algorithm enabled (expect perf degradation).
[titan] 2026-09-11 07:45:21,666 - root - INFO - Building device mesh with parallelism: pp=1, dp_replicate=1, dp_shard=1, cp=2, tp=1, ep=1
[titan] 2026-09-11 07:45:21,668 - root - INFO - Building device mesh with parallelism: pp=1, dp_replicate=1, dp_shard=1, cp=2, tp=1, ep=1
[titan] 2026-09-11 07:45:21,824 - root - INFO - Successfully created meshes with active dimensions: ['loss', 'cp']
[titan] 2026-09-11 07:45:21,824 - root - INFO - Successfully created meshes with active dimensions: ['loss', 'cp']
[titan] 2026-09-11 07:45:21,832 - root - INFO - Building kimi_k3 debugmodel
[titan] 2026-09-11 07:45:21,832 - root - INFO - Building kimi_k3 debugmodel
[titan] 2026-09-11 07:45:22,035 - root - INFO - CUDA capacity: NVIDIA H100 PCIe with 79.17GiB memory
[titan] 2026-09-11 07:45:22,037 - root - WARNING - Error running lspci: [Errno 2] No such file or directory: 'lspci', fallback to use device_name
[titan] 2026-09-11 07:45:22,042 - root - INFO - Total parameter count: 1,119,984,672, active parameters: 535,879,200
[titan] 2026-09-11 07:45:22,042 - root - INFO - [34mModel kimi_k3 debugmodel [31msize: 1,119,984,672 total parameters[39m
[titan] 2026-09-11 07:45:22,043 - root - INFO - CUDA capacity: NVIDIA H100 PCIe with 79.17GiB memory
[titan] 2026-09-11 07:45:22,044 - root - WARNING - Error running lspci: [Errno 2] No such file or directory: 'lspci', fallback to use device_name
[titan] 2026-09-11 07:45:22,049 - root - INFO - Total parameter count: 1,119,984,672, active parameters: 535,879,200
[titan] 2026-09-11 07:45:22,050 - root - INFO - [34mModel kimi_k3 debugmodel [31msize: 1,119,984,672 total parameters[39m
[titan] 2026-09-11 07:45:22,643 - root - INFO - Applied FSDP to the model
[titan] 2026-09-11 07:45:22,675 - root - INFO - Applied FSDP to the model
[titan] 2026-09-11 07:45:23,699 - root - WARNING - Error running lspci: [Errno 2] No such file or directory: 'lspci', fallback to use device_name
[titan] 2026-09-11 07:45:23,699 - root - INFO - Peak FLOPS used for computing MFU: 7.560e+14
[titan] 2026-09-11 07:45:23,700 - root - INFO - CUDA memory usage for model: 1.94GiB(2.45%)
[titan] 2026-09-11 07:45:23,700 - root - WARNING - Error running lspci: [Errno 2] No such file or directory: 'lspci', fallback to use device_name
[titan] 2026-09-11 07:45:23,700 - root - INFO - Peak FLOPS used for computing MFU: 7.560e+14
[titan] 2026-09-11 07:45:23,700 - root - INFO - CUDA memory usage for model: 1.94GiB(2.45%)
[titan] 2026-09-11 07:45:23,704 - root - INFO - Optimizer AdamW (model_part=0): 750 params [.*] {'fused': True, 'foreach': False, 'lr': 0.0008, 'betas': (0.9, 0.95), 'eps': 1e-08, 'weight_decay': 0.1}
[titan] 2026-09-11 07:45:23,704 - root - INFO - Optimizer AdamW (model_part=0): 750 params [.*] {'fused': True, 'foreach': False, 'lr': 0.0008, 'betas': (0.9, 0.95), 'eps': 1e-08, 'weight_decay': 0.1}
[titan] 2026-09-11 07:45:23,707 - root - INFO - Loading tokenizer from tokenizer.json
[titan] 2026-09-11 07:45:23,708 - root - INFO - Loading tokenizer from tokenizer.json
[titan] 2026-09-11 07:45:23,727 - root - WARNING - model.safetensors.index.json not found at hf_assets_path: ./tests/assets/tokenizer/model.safetensors.index.json.                     Defaulting to saving a single safetensors file if checkpoint is saved in HF format
[titan] 2026-09-11 07:45:23,728 - root - WARNING - initial_load_model_only=True has no effect without an initial_load_path.
[titan] 2026-09-11 07:45:23,728 - root - INFO - Trainer is initialized with 256 tokens per DP rank, 256 tokens per train step, gradient accumulation steps 1, maximum context length 256, total steps 100 (warmup 2)
[titan] 2026-09-11 07:45:23,728 - root - INFO - Training starts at step 1
[titan] 2026-09-11 07:45:23,730 - root - WARNING - model.safetensors.index.json not found at hf_assets_path: ./tests/assets/tokenizer/model.safetensors.index.json.                     Defaulting to saving a single safetensors file if checkpoint is saved in HF format
[titan] 2026-09-11 07:45:23,730 - root - WARNING - initial_load_model_only=True has no effect without an initial_load_path.
[titan] 2026-09-11 07:45:23,730 - root - INFO - Trainer is initialized with 256 tokens per DP rank, 256 tokens per train step, gradient accumulation steps 1, maximum context length 256, total steps 100 (warmup 2)
[titan] 2026-09-11 07:45:23,731 - root - INFO - Training starts at step 1
/venv/main/lib/python3.12/site-packages/torch/distributed/fsdp/_fully_shard/_fsdp_state.py:336: UserWarning: FSDP2-wrapped module (FSDPKimiK3TransformerBlock) returned a view tensor. An in-place op on this view (e.g., `x += y`) will silently drop the pre-backward hook and skip the all-gather, which can cause backward to fail or produce wrong gradients. Use out-of-place ops (`out = out + y`, not `out += y`) or `.clone()` the output before any in-place op.
  output = self._register_pre_backward_hook(output)
/venv/main/lib/python3.12/site-packages/torch/distributed/fsdp/_fully_shard/_fsdp_state.py:336: UserWarning: FSDP2-wrapped module (FSDPKimiK3TransformerBlock) returned a view tensor. An in-place op on this view (e.g., `x += y`) will silently drop the pre-backward hook and skip the all-gather, which can cause backward to fail or produce wrong gradients. Use out-of-place ops (`out = out + y`, not `out += y`) or `.clone()` the output before any in-place op.
  output = self._register_pre_backward_hook(output)
/venv/main/lib/python3.12/site-packages/torch/distributed/fsdp/_fully_shard/_fsdp_state.py:336: UserWarning: FSDP2-wrapped module (FSDPKimiK3TransformerBlock) returned a view tensor. An in-place op on this view (e.g., `x += y`) will silently drop the pre-backward hook and skip the all-gather, which can cause backward to fail or produce wrong gradients. Use out-of-place ops (`out = out + y`, not `out += y`) or `.clone()` the output before any in-place op.
  output = self._register_pre_backward_hook(output)
/venv/main/lib/python3.12/site-packages/torch/distributed/fsdp/_fully_shard/_fsdp_state.py:336: UserWarning: FSDP2-wrapped module (FSDPKimiK3TransformerBlock) returned a view tensor. An in-place op on this view (e.g., `x += y`) will silently drop the pre-backward hook and skip the all-gather, which can cause backward to fail or produce wrong gradients. Use out-of-place ops (`out = out + y`, not `out += y`) or `.clone()` the output before any in-place op.
  output = self._register_pre_backward_hook(output)
[titan] 2026-09-11 07:46:30,947 - root - INFO - [31mstep:  1  [32mloss: 12.34067  [38;2;180;60;0mgrad_norm: 29.1250  [38;2;54;234;195mmemory:  6.39GiB(8.08%)  [34mtps: 2  [36mtflops: 0.01  [35mmfu: 0.00%[39m
[titan] 2026-09-11 07:46:30,947 - root - INFO - [31mstep:  1  [32mloss: 12.34067  [38;2;180;60;0mgrad_norm: 29.1250  [38;2;54;234;195mmemory:  6.39GiB(8.08%)  [34mtps: 2  [36mtflops: 0.01  [35mmfu: 0.00%[39m
[titan] 2026-09-11 07:46:30,947 - root - INFO - Synchronizing and adjusting timeout for all ProcessGroups to 0:01:40
[titan] 2026-09-11 07:46:30,947 - root - INFO - Synchronizing and adjusting timeout for all ProcessGroups to 0:01:40
/venv/main/lib/python3.12/site-packages/torch/distributed/fsdp/_fully_shard/_fsdp_state.py:336: UserWarning: FSDP2-wrapped module (FSDPKimiK3TransformerBlock) returned a view tensor. An in-place op on this view (e.g., `x += y`) will silently drop the pre-backward hook and skip the all-gather, which can cause backward to fail or produce wrong gradients. Use out-of-place ops (`out = out + y`, not `out += y`) or `.clone()` the output before any in-place op.
  output = self._register_pre_backward_hook(output)
/venv/main/lib/python3.12/site-packages/torch/distributed/fsdp/_fully_shard/_fsdp_state.py:336: UserWarning: FSDP2-wrapped module (FSDPKimiK3TransformerBlock) returned a view tensor. An in-place op on this view (e.g., `x += y`) will silently drop the pre-backward hook and skip the all-gather, which can cause backward to fail or produce wrong gradients. Use out-of-place ops (`out = out + y`, not `out += y`) or `.clone()` the output before any in-place op.
  output = self._register_pre_backward_hook(output)
[titan] 2026-09-11 07:46:38,824 - root - INFO - [31mstep:  2  [32mloss: 11.03452  [38;2;180;60;0mgrad_norm: 36.5000  [38;2;54;234;195mmemory:  7.59GiB(9.59%)  [34mtps: 16  [36mtflops: 0.05  [35mmfu: 0.01%[39m
[titan] 2026-09-11 07:46:38,824 - root - INFO - [31mstep:  2  [32mloss: 11.03452  [38;2;180;60;0mgrad_norm: 36.5000  [38;2;54;234;195mmemory:  7.59GiB(9.59%)  [34mtps: 16  [36mtflops: 0.05  [35mmfu: 0.01%[39m
[titan] 2026-09-11 07:46:39,915 - root - INFO - [31mstep:  3  [32mloss: 10.24040  [38;2;180;60;0mgrad_norm: 22.2500  [38;2;54;234;195mmemory:  7.60GiB(9.60%)  [34mtps: 117  [36mtflops: 0.39  [35mmfu: 0.05%[39m
[titan] 2026-09-11 07:46:39,916 - root - INFO - [31mstep:  3  [32mloss: 10.24040  [38;2;180;60;0mgrad_norm: 22.2500  [38;2;54;234;195mmemory:  7.60GiB(9.60%)  [34mtps: 117  [36mtflops: 0.39  [35mmfu: 0.05%[39m
[titan] 2026-09-11 07:46:41,012 - root - INFO - [31mstep:  4  [32mloss:  9.98547  [38;2;180;60;0mgrad_norm: 18.7500  [38;2;54;234;195mmemory:  7.60GiB(9.60%)  [34mtps: 117  [36mtflops: 0.39  [35mmfu: 0.05%[39m
[titan] 2026-09-11 07:46:41,012 - root - INFO - [31mstep:  4  [32mloss:  9.98547  [38;2;180;60;0mgrad_norm: 18.7500  [38;2;54;234;195mmemory:  7.60GiB(9.60%)  [34mtps: 117  [36mtflops: 0.39  [35mmfu: 0.05%[39m
[titan] 2026-09-11 07:46:42,152 - root - INFO - [31mstep:  5  [32mloss:  7.76680  [38;2;180;60;0mgrad_norm: 15.5625  [38;2;54;234;195mmemory:  7.61GiB(9.61%)  [34mtps: 112  [36mtflops: 0.37  [35mmfu: 0.05%[39m
[titan] 2026-09-11 07:46:42,152 - root - INFO - [31mstep:  5  [32mloss:  7.76680  [38;2;180;60;0mgrad_norm: 15.5625  [38;2;54;234;195mmemory:  7.61GiB(9.61%)  [34mtps: 112  [36mtflops: 0.37  [35mmfu: 0.05%[39m
[titan] 2026-09-11 07:46:43,255 - root - INFO - [31mstep:  6  [32mloss:  6.43298  [38;2;180;60;0mgrad_norm:  9.6250  [38;2;54;234;195mmemory:  7.61GiB(9.61%)  [34mtps: 116  [36mtflops: 0.39  [35mmfu: 0.05%[39m
[titan] 2026-09-11 07:46:43,255 - root - INFO - [31mstep:  6  [32mloss:  6.43298  [38;2;180;60;0mgrad_norm:  9.6250  [38;2;54;234;195mmemory:  7.61GiB(9.61%)  [34mtps: 116  [36mtflops: 0.39  [35mmfu: 0.05%[39m
[titan] 2026-09-11 07:46:44,363 - root - INFO - [31mstep:  7  [32mloss:  4.97073  [38;2;180;60;0mgrad_norm:  6.5938  [38;2;54;234;195mmemory:  7.61GiB(9.61%)  [34mtps: 116  [36mtflops: 0.38  [35mmfu: 0.05%[39m
[titan] 2026-09-11 07:46:44,363 - root - INFO - [31mstep:  7  [32mloss:  4.97073  [38;2;180;60;0mgrad_norm:  6.5938  [38;2;54;234;195mmemory:  7.61GiB(9.61%)  [34mtps: 116  [36mtflops: 0.38  [35mmfu: 0.05%[39m
[titan] 2026-09-11 07:46:45,462 - root - INFO - [31mstep:  8  [32mloss:  5.19896  [38;2;180;60;0mgrad_norm: 10.0625  [38;2;54;234;195mmemory:  7.61GiB(9.61%)  [34mtps: 116  [36mtflops: 0.39  [35mmfu: 0.05%[39m
[titan] 2026-09-11 07:46:45,462 - root - INFO - [31mstep:  8  [32mloss:  5.19896  [38;2;180;60;0mgrad_norm: 10.0625  [38;2;54;234;195mmemory:  7.61GiB(9.61%)  [34mtps: 116  [36mtflops: 0.39  [35mmfu: 0.05%[39m
[titan] 2026-09-11 07:46:46,561 - root - INFO - [31mstep:  9  [32mloss:  4.41777  [38;2;180;60;0mgrad_norm:  8.6875  [38;2;54;234;195mmemory:  7.61GiB(9.61%)  [34mtps: 117  [36mtflops: 0.39  [35mmfu: 0.05%[39m
[titan] 2026-09-11 07:46:46,561 - root - INFO - [31mstep:  9  [32mloss:  4.41777  [38;2;180;60;0mgrad_norm:  8.6875  [38;2;54;234;195mmemory:  7.61GiB(9.61%)  [34mtps: 117  [36mtflops: 0.39  [35mmfu: 0.05%[39m
[titan] 2026-09-11 07:46:47,669 - root - INFO - [31mstep: 10  [32mloss:  4.51077  [38;2;180;60;0mgrad_norm: 13.9375  [38;2;54;234;195mmemory:  7.61GiB(9.61%)  [34mtps: 116  [36mtflops: 0.38  [35mmfu: 0.05%[39m
[titan] 2026-09-11 07:46:47,669 - root - INFO - [31mstep: 10  [32mloss:  4.51077  [38;2;180;60;0mgrad_norm: 13.9375  [38;2;54;234;195mmemory:  7.61GiB(9.61%)  [34mtps: 116  [36mtflops: 0.38  [35mmfu: 0.05%[39m
[titan] 2026-09-11 07:46:48,770 - root - INFO - [31mstep: 11  [32mloss:  3.68071  [38;2;180;60;0mgrad_norm:  6.1562  [38;2;54;234;195mmemory:  7.61GiB(9.61%)  [34mtps: 116  [36mtflops: 0.39  [35mmfu: 0.05%[39m
[titan] 2026-09-11 07:46:48,770 - root - INFO - [31mstep: 11  [32mloss:  3.68071  [38;2;180;60;0mgrad_norm:  6.1562  [38;2;54;234;195mmemory:  7.61GiB(9.61%)  [34mtps: 116  [36mtflops: 0.39  [35mmfu: 0.05%[39m
[titan] 2026-09-11 07:46:49,895 - root - INFO - [31mstep: 12  [32mloss:  5.54144  [38;2;180;60;0mgrad_norm:  7.2812  [38;2;54;234;195mmemory:  7.61GiB(9.61%)  [34mtps: 114  [36mtflops: 0.38  [35mmfu: 0.05%[39m
[titan] 2026-09-11 07:46:49,895 - root - INFO - [31mstep: 12  [32mloss:  5.54144  [38;2;180;60;0mgrad_norm:  7.2812  [38;2;54;234;195mmemory:  7.61GiB(9.61%)  [34mtps: 114  [36mtflops: 0.38  [35mmfu: 0.05%[39m
[titan] 2026-09-11 07:46:50,998 - root - INFO - [31mstep: 13  [32mloss:  3.88752  [38;2;180;60;0mgrad_norm: 11.1875  [38;2;54;234;195mmemory:  7.61GiB(9.61%)  [34mtps: 116  [36mtflops: 0.39  [35mmfu: 0.05%[39m
[titan] 2026-09-11 07:46:50,998 - root - INFO - [31mstep: 13  [32mloss:  3.88752  [38;2;180;60;0mgrad_norm: 11.1875  [38;2;54;234;195mmemory:  7.61GiB(9.61%)  [34mtps: 116  [36mtflops: 0.39  [35mmfu: 0.05%[39m
[titan] 2026-09-11 07:46:52,097 - root - INFO - [31mstep: 14  [32mloss:  4.41770  [38;2;180;60;0mgrad_norm:  8.3125  [38;2;54;234;195mmemory:  7.61GiB(9.61%)  [34mtps: 116  [36mtflops: 0.39  [35mmfu: 0.05%[39m
[titan] 2026-09-11 07:46:52,098 - root - INFO - [31mstep: 14  [32mloss:  4.41770  [38;2;180;60;0mgrad_norm:  8.3125  [38;2;54;234;195mmemory:  7.61GiB(9.61%)  [34mtps: 116  [36mtflops: 0.39  [35mmfu: 0.05%[39m
[titan] 2026-09-11 07:46:53,201 - root - INFO - [31mstep: 15  [32mloss:  4.37969  [38;2;180;60;0mgrad_norm:  9.5000  [38;2;54;234;195mmemory:  7.61GiB(9.61%)  [34mtps: 116  [36mtflops: 0.39  [35mmfu: 0.05%[39m
[titan] 2026-09-11 07:46:53,201 - root - INFO - [31mstep: 15  [32mloss:  4.37969  [38;2;180;60;0mgrad_norm:  9.5000  [38;2;54;234;195mmemory:  7.61GiB(9.61%)  [34mtps: 116  [36mtflops: 0.39  [35mmfu: 0.05%[39m
[titan] 2026-09-11 07:46:54,357 - root - INFO - [31mstep: 16  [32mloss:  3.55559  [38;2;180;60;0mgrad_norm:  7.7188  [38;2;54;234;195mmemory:  7.61GiB(9.61%)  [34mtps: 111  [36mtflops: 0.37  [35mmfu: 0.05%[39m
[titan] 2026-09-11 07:46:54,357 - root - INFO - [31mstep: 16  [32mloss:  3.55559  [38;2;180;60;0mgrad_norm:  7.7188  [38;2;54;234;195mmemory:  7.61GiB(9.61%)  [34mtps: 111  [36mtflops: 0.37  [35mmfu: 0.05%[39m
[titan] 2026-09-11 07:46:55,460 - root - INFO - [31mstep: 17  [32mloss:  4.02561  [38;2;180;60;0mgrad_norm:  7.0938  [38;2;54;234;195mmemory:  7.61GiB(9.61%)  [34mtps: 116  [36mtflops: 0.39  [35mmfu: 0.05%[39m
[titan] 2026-09-11 07:46:55,460 - root - INFO - [31mstep: 17  [32mloss:  4.02561  [38;2;180;60;0mgrad_norm:  7.0938  [38;2;54;234;195mmemory:  7.61GiB(9.61%)  [34mtps: 116  [36mtflops: 0.39  [35mmfu: 0.05%[39m
[titan] 2026-09-11 07:46:56,577 - root - INFO - [31mstep: 18  [32mloss:  3.19757  [38;2;180;60;0mgrad_norm:  5.3438  [38;2;54;234;195mmemory:  7.61GiB(9.61%)  [34mtps: 115  [36mtflops: 0.38  [35mmfu: 0.05%[39m
[titan] 2026-09-11 07:46:56,577 - root - INFO - [31mstep: 18  [32mloss:  3.19757  [38;2;180;60;0mgrad_norm:  5.3438  [38;2;54;234;195mmemory:  7.61GiB(9.61%)  [34mtps: 115  [36mtflops: 0.38  [35mmfu: 0.05%[39m
[titan] 2026-09-11 07:46:57,677 - root - INFO - [31mstep: 19  [32mloss:  3.13717  [38;2;180;60;0mgrad_norm:  5.1250  [38;2;54;234;195mmemory:  7.61GiB(9.61%)  [34mtps: 116  [36mtflops: 0.39  [35mmfu: 0.05%[39m
[titan] 2026-09-11 07:46:57,677 - root - INFO - [31mstep: 19  [32mloss:  3.13717  [38;2;180;60;0mgrad_norm:  5.1250  [38;2;54;234;195mmemory:  7.61GiB(9.61%)  [34mtps: 116  [36mtflops: 0.39  [35mmfu: 0.05%[39m
[titan] 2026-09-11 07:46:58,777 - root - INFO - [31mstep: 20  [32mloss:  3.24645  [38;2;180;60;0mgrad_norm:  5.8125  [38;2;54;234;195mmemory:  7.61GiB(9.61%)  [34mtps: 116  [36mtflops: 0.39  [35mmfu: 0.05%[39m
[titan] 2026-09-11 07:46:58,777 - root - INFO - [31mstep: 20  [32mloss:  3.24645  [38;2;180;60;0mgrad_norm:  5.8125  [38;2;54;234;195mmemory:  7.61GiB(9.61%)  [34mtps: 116  [36mtflops: 0.39  [35mmfu: 0.05%[39m
[titan] 2026-09-11 07:46:59,880 - root - INFO - [31mstep: 21  [32mloss:  3.24196  [38;2;180;60;0mgrad_norm:  7.7500  [38;2;54;234;195mmemory:  7.61GiB(9.61%)  [34mtps: 116  [36mtflops: 0.39  [35mmfu: 0.05%[39m
[titan] 2026-09-11 07:46:59,880 - root - INFO - [31mstep: 21  [32mloss:  3.24196  [38;2;180;60;0mgrad_norm:  7.7500  [38;2;54;234;195mmemory:  7.61GiB(9.61%)  [34mtps: 116  [36mtflops: 0.39  [35mmfu: 0.05%[39m
[titan] 2026-09-11 07:47:00,980 - root - INFO - [31mstep: 22  [32mloss:  3.52394  [38;2;180;60;0mgrad_norm:  5.7188  [38;2;54;234;195mmemory:  7.61GiB(9.61%)  [34mtps: 116  [36mtflops: 0.39  [35mmfu: 0.05%[39m
[titan] 2026-09-11 07:47:00,980 - root - INFO - [31mstep: 22  [32mloss:  3.52394  [38;2;180;60;0mgrad_norm:  5.7188  [38;2;54;234;195mmemory:  7.61GiB(9.61%)  [34mtps: 116  [36mtflops: 0.39  [35mmfu: 0.05%[39m
[titan] 2026-09-11 07:47:02,084 - root - INFO - [31mstep: 23  [32mloss:  3.09302  [38;2;180;60;0mgrad_norm:  6.8750  [38;2;54;234;195mmemory:  7.61GiB(9.61%)  [34mtps: 116  [36mtflops: 0.39  [35mmfu: 0.05%[39m
[titan] 2026-09-11 07:47:02,084 - root - INFO - [31mstep: 23  [32mloss:  3.09302  [38;2;180;60;0mgrad_norm:  6.8750  [38;2;54;234;195mmemory:  7.61GiB(9.61%)  [34mtps: 116  [36mtflops: 0.39  [35mmfu: 0.05%[39m
[titan] 2026-09-11 07:47:03,184 - root - INFO - [31mstep: 24  [32mloss:  2.75192  [38;2;180;60;0mgrad_norm:  5.0938  [38;2;54;234;195mmemory:  7.61GiB(9.61%)  [34mtps: 116  [36mtflops: 0.39  [35mmfu: 0.05%[39m
[titan] 2026-09-11 07:47:03,184 - root - INFO - [31mstep: 24  [32mloss:  2.75192  [38;2;180;60;0mgrad_norm:  5.0938  [38;2;54;234;195mmemory:  7.61GiB(9.61%)  [34mtps: 116  [36mtflops: 0.39  [35mmfu: 0.05%[39m
[titan] 2026-09-11 07:47:04,294 - root - INFO - [31mstep: 25  [32mloss:  3.13448  [38;2;180;60;0mgrad_norm:  5.0312  [38;2;54;234;195mmemory:  7.61GiB(9.61%)  [34mtps: 115  [36mtflops: 0.38  [35mmfu: 0.05%[39m
[titan] 2026-09-11 07:47:04,294 - root - INFO - [31mstep: 25  [32mloss:  3.13448  [38;2;180;60;0mgrad_norm:  5.0312  [38;2;54;234;195mmemory:  7.61GiB(9.61%)  [34mtps: 115  [36mtflops: 0.38  [35mmfu: 0.05%[39m
[titan] 2026-09-11 07:47:05,437 - root - INFO - [31mstep: 26  [32mloss:  3.82759  [38;2;180;60;0mgrad_norm:  5.6875  [38;2;54;234;195mmemory:  7.61GiB(9.61%)  [34mtps: 112  [36mtflops: 0.37  [35mmfu: 0.05%[39m
[titan] 2026-09-11 07:47:05,437 - root - INFO - [31mstep: 26  [32mloss:  3.82759  [38;2;180;60;0mgrad_norm:  5.6875  [38;2;54;234;195mmemory:  7.61GiB(9.61%)  [34mtps: 112  [36mtflops: 0.37  [35mmfu: 0.05%[39m
[titan] 2026-09-11 07:47:06,537 - root - INFO - [31mstep: 27  [32mloss:  3.47911  [38;2;180;60;0mgrad_norm:  5.8438  [38;2;54;234;195mmemory:  7.61GiB(9.61%)  [34mtps: 116  [36mtflops: 0.39  [35mmfu: 0.05%[39m
[titan] 2026-09-11 07:47:06,537 - root - INFO - [31mstep: 27  [32mloss:  3.47911  [38;2;180;60;0mgrad_norm:  5.8438  [38;2;54;234;195mmemory:  7.61GiB(9.61%)  [34mtps: 116  [36mtflops: 0.39  [35mmfu: 0.05%[39m
[titan] 2026-09-11 07:47:07,637 - root - INFO - [31mstep: 28  [32mloss:  3.01358  [38;2;180;60;0mgrad_norm:  4.8750  [38;2;54;234;195mmemory:  7.61GiB(9.61%)  [34mtps: 116  [36mtflops: 0.39  [35mmfu: 0.05%[39m
[titan] 2026-09-11 07:47:07,638 - root - INFO - [31mstep: 28  [32mloss:  3.01358  [38;2;180;60;0mgrad_norm:  4.8750  [38;2;54;234;195mmemory:  7.61GiB(9.61%)  [34mtps: 116  [36mtflops: 0.39  [35mmfu: 0.05%[39m
[titan] 2026-09-11 07:47:08,737 - root - INFO - [31mstep: 29  [32mloss:  3.20205  [38;2;180;60;0mgrad_norm:  6.8438  [38;2;54;234;195mmemory:  7.61GiB(9.61%)  [34mtps: 116  [36mtflops: 0.39  [35mmfu: 0.05%[39m
[titan] 2026-09-11 07:47:08,737 - root - INFO - [31mstep: 29  [32mloss:  3.20205  [38;2;180;60;0mgrad_norm:  6.8438  [38;2;54;234;195mmemory:  7.61GiB(9.61%)  [34mtps: 116  [36mtflops: 0.39  [35mmfu: 0.05%[39m
[titan] 2026-09-11 07:47:09,840 - root - INFO - [31mstep: 30  [32mloss:  3.28884  [38;2;180;60;0mgrad_norm:  5.4375  [38;2;54;234;195mmemory:  7.61GiB(9.61%)  [34mtps: 116  [36mtflops: 0.39  [35mmfu: 0.05%[39m
[titan] 2026-09-11 07:47:09,840 - root - INFO - [31mstep: 30  [32mloss:  3.28884  [38;2;180;60;0mgrad_norm:  5.4375  [38;2;54;234;195mmemory:  7.61GiB(9.61%)  [34mtps: 116  [36mtflops: 0.39  [35mmfu: 0.05%[39m
[titan] 2026-09-11 07:47:10,942 - root - INFO - [31mstep: 31  [32mloss:  3.17128  [38;2;180;60;0mgrad_norm:  4.9688  [38;2;54;234;195mmemory:  7.61GiB(9.61%)  [34mtps: 116  [36mtflops: 0.39  [35mmfu: 0.05%[39m
[titan] 2026-09-11 07:47:10,942 - root - INFO - [31mstep: 31  [32mloss:  3.17128  [38;2;180;60;0mgrad_norm:  4.9688  [38;2;54;234;195mmemory:  7.61GiB(9.61%)  [34mtps: 116  [36mtflops: 0.39  [35mmfu: 0.05%[39m
[titan] 2026-09-11 07:47:12,050 - root - INFO - [31mstep: 32  [32mloss:  2.82913  [38;2;180;60;0mgrad_norm:  4.5312  [38;2;54;234;195mmemory:  7.61GiB(9.61%)  [34mtps: 116  [36mtflops: 0.38  [35mmfu: 0.05%[39m
[titan] 2026-09-11 07:47:12,050 - root - INFO - [31mstep: 32  [32mloss:  2.82913  [38;2;180;60;0mgrad_norm:  4.5312  [38;2;54;234;195mmemory:  7.61GiB(9.61%)  [34mtps: 116  [36mtflops: 0.38  [35mmfu: 0.05%[39m
[titan] 2026-09-11 07:47:13,153 - root - INFO - [31mstep: 33  [32mloss:  3.46909  [38;2;180;60;0mgrad_norm:  5.5000  [38;2;54;234;195mmemory:  7.61GiB(9.61%)  [34mtps: 116  [36mtflops: 0.39  [35mmfu: 0.05%[39m
[titan] 2026-09-11 07:47:13,153 - root - INFO - [31mstep: 33  [32mloss:  3.46909  [38;2;180;60;0mgrad_norm:  5.5000  [38;2;54;234;195mmemory:  7.61GiB(9.61%)  [34mtps: 116  [36mtflops: 0.39  [35mmfu: 0.05%[39m
[titan] 2026-09-11 07:47:14,258 - root - INFO - [31mstep: 34  [32mloss:  3.18441  [38;2;180;60;0mgrad_norm:  6.8438  [38;2;54;234;195mmemory:  7.61GiB(9.61%)  [34mtps: 116  [36mtflops: 0.39  [35mmfu: 0.05%[39m
[titan] 2026-09-11 07:47:14,258 - root - INFO - [31mstep: 34  [32mloss:  3.18441  [38;2;180;60;0mgrad_norm:  6.8438  [38;2;54;234;195mmemory:  7.61GiB(9.61%)  [34mtps: 116  [36mtflops: 0.39  [35mmfu: 0.05%[39m
[titan] 2026-09-11 07:47:15,359 - root - INFO - [31mstep: 35  [32mloss:  3.07379  [38;2;180;60;0mgrad_norm:  4.2500  [38;2;54;234;195mmemory:  7.61GiB(9.61%)  [34mtps: 116  [36mtflops: 0.39  [35mmfu: 0.05%[39m
[titan] 2026-09-11 07:47:15,360 - root - INFO - [31mstep: 35  [32mloss:  3.07379  [38;2;180;60;0mgrad_norm:  4.2500  [38;2;54;234;195mmemory:  7.61GiB(9.61%)  [34mtps: 116  [36mtflops: 0.39  [35mmfu: 0.05%[39m
[titan] 2026-09-11 07:47:16,480 - root - INFO - [31mstep: 36  [32mloss:  4.27403  [38;2;180;60;0mgrad_norm:  7.6875  [38;2;54;234;195mmemory:  7.61GiB(9.61%)  [34mtps: 114  [36mtflops: 0.38  [35mmfu: 0.05%[39m
[titan] 2026-09-11 07:47:16,480 - root - INFO - [31mstep: 36  [32mloss:  4.27403  [38;2;180;60;0mgrad_norm:  7.6875  [38;2;54;234;195mmemory:  7.61GiB(9.61%)  [34mtps: 114  [36mtflops: 0.38  [35mmfu: 0.05%[39m
[titan] 2026-09-11 07:47:17,584 - root - INFO - [31mstep: 37  [32mloss:  2.86384  [38;2;180;60;0mgrad_norm:  5.1875  [38;2;54;234;195mmemory:  7.61GiB(9.61%)  [34mtps: 116  [36mtflops: 0.39  [35mmfu: 0.05%[39m
[titan] 2026-09-11 07:47:17,584 - root - INFO - [31mstep: 37  [32mloss:  2.86384  [38;2;180;60;0mgrad_norm:  5.1875  [38;2;54;234;195mmemory:  7.61GiB(9.61%)  [34mtps: 116  [36mtflops: 0.39  [35mmfu: 0.05%[39m
[titan] 2026-09-11 07:47:18,685 - root - INFO - [31mstep: 38  [32mloss:  2.97148  [38;2;180;60;0mgrad_norm:  5.8125  [38;2;54;234;195mmemory:  7.61GiB(9.61%)  [34mtps: 116  [36mtflops: 0.39  [35mmfu: 0.05%[39m
[titan] 2026-09-11 07:47:18,685 - root - INFO - [31mstep: 38  [32mloss:  2.97148  [38;2;180;60;0mgrad_norm:  5.8125  [38;2;54;234;195mmemory:  7.61GiB(9.61%)  [34mtps: 116  [36mtflops: 0.39  [35mmfu: 0.05%[39m
[titan] 2026-09-11 07:47:19,879 - root - INFO - [31mstep: 39  [32mloss:  2.87282  [38;2;180;60;0mgrad_norm:  4.7500  [38;2;54;234;195mmemory:  7.61GiB(9.61%)  [34mtps: 107  [36mtflops: 0.36  [35mmfu: 0.05%[39m
[titan] 2026-09-11 07:47:19,879 - root - INFO - [31mstep: 39  [32mloss:  2.87282  [38;2;180;60;0mgrad_norm:  4.7500  [38;2;54;234;195mmemory:  7.61GiB(9.61%)  [34mtps: 107  [36mtflops: 0.36  [35mmfu: 0.05%[39m
[titan] 2026-09-11 07:47:21,114 - root - INFO - [31mstep: 40  [32mloss:  2.42298  [38;2;180;60;0mgrad_norm:  4.3750  [38;2;54;234;195mmemory:  7.61GiB(9.61%)  [34mtps: 104  [36mtflops: 0.34  [35mmfu: 0.05%[39m
[titan] 2026-09-11 07:47:21,114 - root - INFO - [31mstep: 40  [32mloss:  2.42298  [38;2;180;60;0mgrad_norm:  4.3750  [38;2;54;234;195mmemory:  7.61GiB(9.61%)  [34mtps: 104  [36mtflops: 0.34  [35mmfu: 0.05%[39m
[titan] 2026-09-11 07:47:22,614 - root - INFO - [31mstep: 41  [32mloss:  3.54830  [38;2;180;60;0mgrad_norm:  5.6875  [38;2;54;234;195mmemory:  7.61GiB(9.61%)  [34mtps: 85  [36mtflops: 0.28  [35mmfu: 0.04%[39m
[titan] 2026-09-11 07:47:22,614 - root - INFO - [31mstep: 41  [32mloss:  3.54830  [38;2;180;60;0mgrad_norm:  5.6875  [38;2;54;234;195mmemory:  7.61GiB(9.61%)  [34mtps: 85  [36mtflops: 0.28  [35mmfu: 0.04%[39m
[titan] 2026-09-11 07:47:23,904 - root - INFO - [31mstep: 42  [32mloss:  2.77271  [38;2;180;60;0mgrad_norm:  5.4688  [38;2;54;234;195mmemory:  7.61GiB(9.61%)  [34mtps: 99  [36mtflops: 0.33  [35mmfu: 0.04%[39m
[titan] 2026-09-11 07:47:23,904 - root - INFO - [31mstep: 42  [32mloss:  2.77271  [38;2;180;60;0mgrad_norm:  5.4688  [38;2;54;234;195mmemory:  7.61GiB(9.61%)  [34mtps: 99  [36mtflops: 0.33  [35mmfu: 0.04%[39m
[titan] 2026-09-11 07:47:25,006 - root - INFO - [31mstep: 43  [32mloss:  3.03790  [38;2;180;60;0mgrad_norm:  7.1875  [38;2;54;234;195mmemory:  7.61GiB(9.61%)  [34mtps: 116  [36mtflops: 0.39  [35mmfu: 0.05%[39m
[titan] 2026-09-11 07:47:25,006 - root - INFO - [31mstep: 43  [32mloss:  3.03790  [38;2;180;60;0mgrad_norm:  7.1875  [38;2;54;234;195mmemory:  7.61GiB(9.61%)  [34mtps: 116  [36mtflops: 0.39  [35mmfu: 0.05%[39m
[titan] 2026-09-11 07:47:26,160 - root - INFO - [31mstep: 44  [32mloss:  3.02178  [38;2;180;60;0mgrad_norm:  4.0625  [38;2;54;234;195mmemory:  7.61GiB(9.61%)  [34mtps: 111  [36mtflops: 0.37  [35mmfu: 0.05%[39m
[titan] 2026-09-11 07:47:26,160 - root - INFO - [31mstep: 44  [32mloss:  3.02178  [38;2;180;60;0mgrad_norm:  4.0625  [38;2;54;234;195mmemory:  7.61GiB(9.61%)  [34mtps: 111  [36mtflops: 0.37  [35mmfu: 0.05%[39m
[titan] 2026-09-11 07:47:27,304 - root - INFO - [31mstep: 45  [32mloss:  3.21142  [38;2;180;60;0mgrad_norm:  4.5938  [38;2;54;234;195mmemory:  7.61GiB(9.61%)  [34mtps: 112  [36mtflops: 0.37  [35mmfu: 0.05%[39m
[titan] 2026-09-11 07:47:27,304 - root - INFO - [31mstep: 45  [32mloss:  3.21142  [38;2;180;60;0mgrad_norm:  4.5938  [38;2;54;234;195mmemory:  7.61GiB(9.61%)  [34mtps: 112  [36mtflops: 0.37  [35mmfu: 0.05%[39m
[titan] 2026-09-11 07:47:28,406 - root - INFO - [31mstep: 46  [32mloss:  2.30655  [38;2;180;60;0mgrad_norm:  4.4375  [38;2;54;234;195mmemory:  7.61GiB(9.61%)  [34mtps: 116  [36mtflops: 0.39  [35mmfu: 0.05%[39m
[titan] 2026-09-11 07:47:28,406 - root - INFO - [31mstep: 46  [32mloss:  2.30655  [38;2;180;60;0mgrad_norm:  4.4375  [38;2;54;234;195mmemory:  7.61GiB(9.61%)  [34mtps: 116  [36mtflops: 0.39  [35mmfu: 0.05%[39m
[titan] 2026-09-11 07:47:29,503 - root - INFO - [31mstep: 47  [32mloss:  2.95119  [38;2;180;60;0mgrad_norm:  5.1875  [38;2;54;234;195mmemory:  7.61GiB(9.61%)  [34mtps: 117  [36mtflops: 0.39  [35mmfu: 0.05%[39m
[titan] 2026-09-11 07:47:29,503 - root - INFO - [31mstep: 47  [32mloss:  2.95119  [38;2;180;60;0mgrad_norm:  5.1875  [38;2;54;234;195mmemory:  7.61GiB(9.61%)  [34mtps: 117  [36mtflops: 0.39  [35mmfu: 0.05%[39m
[titan] 2026-09-11 07:47:30,604 - root - INFO - [31mstep: 48  [32mloss:  2.37511  [38;2;180;60;0mgrad_norm:  5.5938  [38;2;54;234;195mmemory:  7.61GiB(9.61%)  [34mtps: 116  [36mtflops: 0.39  [35mmfu: 0.05%[39m
[titan] 2026-09-11 07:47:30,604 - root - INFO - [31mstep: 48  [32mloss:  2.37511  [38;2;180;60;0mgrad_norm:  5.5938  [38;2;54;234;195mmemory:  7.61GiB(9.61%)  [34mtps: 116  [36mtflops: 0.39  [35mmfu: 0.05%[39m
[titan] 2026-09-11 07:47:31,707 - root - INFO - [31mstep: 49  [32mloss:  5.11073  [38;2;180;60;0mgrad_norm:  6.1250  [38;2;54;234;195mmemory:  7.61GiB(9.61%)  [34mtps: 116  [36mtflops: 0.39  [35mmfu: 0.05%[39m
[titan] 2026-09-11 07:47:31,707 - root - INFO - [31mstep: 49  [32mloss:  5.11073  [38;2;180;60;0mgrad_norm:  6.1250  [38;2;54;234;195mmemory:  7.61GiB(9.61%)  [34mtps: 116  [36mtflops: 0.39  [35mmfu: 0.05%[39m
[titan] 2026-09-11 07:47:33,148 - root - INFO - [GC] Performing periodic GC collection took 1.44 seconds
[titan] 2026-09-11 07:47:33,150 - root - INFO - [GC] Performing periodic GC collection took 1.44 seconds
[titan] 2026-09-11 07:47:34,258 - root - INFO - [31mstep: 50  [32mloss:  2.99201  [38;2;180;60;0mgrad_norm:  4.0625  [38;2;54;234;195mmemory:  7.61GiB(9.61%)  [34mtps: 50  [36mtflops: 0.17  [35mmfu: 0.02%[39m
[titan] 2026-09-11 07:47:34,258 - root - INFO - [31mstep: 50  [32mloss:  2.99201  [38;2;180;60;0mgrad_norm:  4.0625  [38;2;54;234;195mmemory:  7.61GiB(9.61%)  [34mtps: 50  [36mtflops: 0.17  [35mmfu: 0.02%[39m
[titan] 2026-09-11 07:47:35,372 - root - INFO - [31mstep: 51  [32mloss:  3.25256  [38;2;180;60;0mgrad_norm:  5.5000  [38;2;54;234;195mmemory:  7.61GiB(9.61%)  [34mtps: 115  [36mtflops: 0.38  [35mmfu: 0.05%[39m
[titan] 2026-09-11 07:47:35,372 - root - INFO - [31mstep: 51  [32mloss:  3.25256  [38;2;180;60;0mgrad_norm:  5.5000  [38;2;54;234;195mmemory:  7.61GiB(9.61%)  [34mtps: 115  [36mtflops: 0.38  [35mmfu: 0.05%[39m
[titan] 2026-09-11 07:47:36,469 - root - INFO - [31mstep: 52  [32mloss:  3.22462  [38;2;180;60;0mgrad_norm:  9.1250  [38;2;54;234;195mmemory:  7.61GiB(9.61%)  [34mtps: 117  [36mtflops: 0.39  [35mmfu: 0.05%[39m
[titan] 2026-09-11 07:47:36,469 - root - INFO - [31mstep: 52  [32mloss:  3.22462  [38;2;180;60;0mgrad_norm:  9.1250  [38;2;54;234;195mmemory:  7.61GiB(9.61%)  [34mtps: 117  [36mtflops: 0.39  [35mmfu: 0.05%[39m
[titan] 2026-09-11 07:47:37,589 - root - INFO - [31mstep: 53  [32mloss:  2.59184  [38;2;180;60;0mgrad_norm:  5.6875  [38;2;54;234;195mmemory:  7.61GiB(9.61%)  [34mtps: 114  [36mtflops: 0.38  [35mmfu: 0.05%[39m
[titan] 2026-09-11 07:47:37,589 - root - INFO - [31mstep: 53  [32mloss:  2.59184  [38;2;180;60;0mgrad_norm:  5.6875  [38;2;54;234;195mmemory:  7.61GiB(9.61%)  [34mtps: 114  [36mtflops: 0.38  [35mmfu: 0.05%[39m
[titan] 2026-09-11 07:47:38,715 - root - INFO - [31mstep: 54  [32mloss:  2.48862  [38;2;180;60;0mgrad_norm:  5.7812  [38;2;54;234;195mmemory:  7.61GiB(9.61%)  [34mtps: 114  [36mtflops: 0.38  [35mmfu: 0.05%[39m
[titan] 2026-09-11 07:47:38,715 - root - INFO - [31mstep: 54  [32mloss:  2.48862  [38;2;180;60;0mgrad_norm:  5.7812  [38;2;54;234;195mmemory:  7.61GiB(9.61%)  [34mtps: 114  [36mtflops: 0.38  [35mmfu: 0.05%[39m
[titan] 2026-09-11 07:47:39,811 - root - INFO - [31mstep: 55  [32mloss:  2.12060  [38;2;180;60;0mgrad_norm:  5.7812  [38;2;54;234;195mmemory:  7.61GiB(9.61%)  [34mtps: 117  [36mtflops: 0.39  [35mmfu: 0.05%[39m
[titan] 2026-09-11 07:47:39,812 - root - INFO - [31mstep: 55  [32mloss:  2.12060  [38;2;180;60;0mgrad_norm:  5.7812  [38;2;54;234;195mmemory:  7.61GiB(9.61%)  [34mtps: 117  [36mtflops: 0.39  [35mmfu: 0.05%[39m
[titan] 2026-09-11 07:47:40,913 - root - INFO - [31mstep: 56  [32mloss:  2.79298  [38;2;180;60;0mgrad_norm:  5.8438  [38;2;54;234;195mmemory:  7.61GiB(9.61%)  [34mtps: 116  [36mtflops: 0.39  [35mmfu: 0.05%[39m
[titan] 2026-09-11 07:47:40,913 - root - INFO - [31mstep: 56  [32mloss:  2.79298  [38;2;180;60;0mgrad_norm:  5.8438  [38;2;54;234;195mmemory:  7.61GiB(9.61%)  [34mtps: 116  [36mtflops: 0.39  [35mmfu: 0.05%[39m
[titan] 2026-09-11 07:47:42,013 - root - INFO - [31mstep: 57  [32mloss:  3.07253  [38;2;180;60;0mgrad_norm:  5.7812  [38;2;54;234;195mmemory:  7.61GiB(9.61%)  [34mtps: 116  [36mtflops: 0.39  [35mmfu: 0.05%[39m
[titan] 2026-09-11 07:47:42,013 - root - INFO - [31mstep: 57  [32mloss:  3.07253  [38;2;180;60;0mgrad_norm:  5.7812  [38;2;54;234;195mmemory:  7.61GiB(9.61%)  [34mtps: 116  [36mtflops: 0.39  [35mmfu: 0.05%[39m
[titan] 2026-09-11 07:47:43,103 - root - INFO - [31mstep: 58  [32mloss:  1.74815  [38;2;180;60;0mgrad_norm:  4.7812  [38;2;54;234;195mmemory:  7.61GiB(9.61%)  [34mtps: 117  [36mtflops: 0.39  [35mmfu: 0.05%[39m
[titan] 2026-09-11 07:47:43,103 - root - INFO - [31mstep: 58  [32mloss:  1.74815  [38;2;180;60;0mgrad_norm:  4.7812  [38;2;54;234;195mmemory:  7.61GiB(9.61%)  [34mtps: 117  [36mtflops: 0.39  [35mmfu: 0.05%[39m
[titan] 2026-09-11 07:47:44,219 - root - INFO - [31mstep: 59  [32mloss:  3.07658  [38;2;180;60;0mgrad_norm:  3.5156  [38;2;54;234;195mmemory:  7.61GiB(9.61%)  [34mtps: 115  [36mtflops: 0.38  [35mmfu: 0.05%[39m
[titan] 2026-09-11 07:47:44,219 - root - INFO - [31mstep: 59  [32mloss:  3.07658  [38;2;180;60;0mgrad_norm:  3.5156  [38;2;54;234;195mmemory:  7.61GiB(9.61%)  [34mtps: 115  [36mtflops: 0.38  [35mmfu: 0.05%[39m
[titan] 2026-09-11 07:47:45,310 - root - INFO - [31mstep: 60  [32mloss:  1.37292  [38;2;180;60;0mgrad_norm:  3.4531  [38;2;54;234;195mmemory:  7.61GiB(9.61%)  [34mtps: 117  [36mtflops: 0.39  [35mmfu: 0.05%[39m
[titan] 2026-09-11 07:47:45,310 - root - INFO - [31mstep: 60  [32mloss:  1.37292  [38;2;180;60;0mgrad_norm:  3.4531  [38;2;54;234;195mmemory:  7.61GiB(9.61%)  [34mtps: 117  [36mtflops: 0.39  [35mmfu: 0.05%[39m
[titan] 2026-09-11 07:47:46,420 - root - INFO - [31mstep: 61  [32mloss:  3.16302  [38;2;180;60;0mgrad_norm:  5.3750  [38;2;54;234;195mmemory:  7.61GiB(9.61%)  [34mtps: 115  [36mtflops: 0.38  [35mmfu: 0.05%[39m
[titan] 2026-09-11 07:47:46,420 - root - INFO - [31mstep: 61  [32mloss:  3.16302  [38;2;180;60;0mgrad_norm:  5.3750  [38;2;54;234;195mmemory:  7.61GiB(9.61%)  [34mtps: 115  [36mtflops: 0.38  [35mmfu: 0.05%[39m
[titan] 2026-09-11 07:47:47,509 - root - INFO - [31mstep: 62  [32mloss:  3.37735  [38;2;180;60;0mgrad_norm:  4.2812  [38;2;54;234;195mmemory:  7.61GiB(9.61%)  [34mtps: 118  [36mtflops: 0.39  [35mmfu: 0.05%[39m
[titan] 2026-09-11 07:47:47,509 - root - INFO - [31mstep: 62  [32mloss:  3.37735  [38;2;180;60;0mgrad_norm:  4.2812  [38;2;54;234;195mmemory:  7.61GiB(9.61%)  [34mtps: 118  [36mtflops: 0.39  [35mmfu: 0.05%[39m
[titan] 2026-09-11 07:47:48,599 - root - INFO - [31mstep: 63  [32mloss:  2.89228  [38;2;180;60;0mgrad_norm:  5.5625  [38;2;54;234;195mmemory:  7.61GiB(9.61%)  [34mtps: 117  [36mtflops: 0.39  [35mmfu: 0.05%[39m
[titan] 2026-09-11 07:47:48,600 - root - INFO - [31mstep: 63  [32mloss:  2.89228  [38;2;180;60;0mgrad_norm:  5.5625  [38;2;54;234;195mmemory:  7.61GiB(9.61%)  [34mtps: 117  [36mtflops: 0.39  [35mmfu: 0.05%[39m
[titan] 2026-09-11 07:47:49,693 - root - INFO - [31mstep: 64  [32mloss:  2.55864  [38;2;180;60;0mgrad_norm:  4.2188  [38;2;54;234;195mmemory:  7.61GiB(9.61%)  [34mtps: 117  [36mtflops: 0.39  [35mmfu: 0.05%[39m
[titan] 2026-09-11 07:47:49,693 - root - INFO - [31mstep: 64  [32mloss:  2.55864  [38;2;180;60;0mgrad_norm:  4.2188  [38;2;54;234;195mmemory:  7.61GiB(9.61%)  [34mtps: 117  [36mtflops: 0.39  [35mmfu: 0.05%[39m
[titan] 2026-09-11 07:47:50,788 - root - INFO - [31mstep: 65  [32mloss:  2.82500  [38;2;180;60;0mgrad_norm:  4.5312  [38;2;54;234;195mmemory:  7.61GiB(9.61%)  [34mtps: 117  [36mtflops: 0.39  [35mmfu: 0.05%[39m
[titan] 2026-09-11 07:47:50,788 - root - INFO - [31mstep: 65  [32mloss:  2.82500  [38;2;180;60;0mgrad_norm:  4.5312  [38;2;54;234;195mmemory:  7.61GiB(9.61%)  [34mtps: 117  [36mtflops: 0.39  [35mmfu: 0.05%[39m
[titan] 2026-09-11 07:47:51,887 - root - INFO - [31mstep: 66  [32mloss:  2.49201  [38;2;180;60;0mgrad_norm:  2.7344  [38;2;54;234;195mmemory:  7.61GiB(9.61%)  [34mtps: 116  [36mtflops: 0.39  [35mmfu: 0.05%[39m
[titan] 2026-09-11 07:47:51,888 - root - INFO - [31mstep: 66  [32mloss:  2.49201  [38;2;180;60;0mgrad_norm:  2.7344  [38;2;54;234;195mmemory:  7.61GiB(9.61%)  [34mtps: 116  [36mtflops: 0.39  [35mmfu: 0.05%[39m
[titan] 2026-09-11 07:47:52,988 - root - INFO - [31mstep: 67  [32mloss:  1.71069  [38;2;180;60;0mgrad_norm:  5.4062  [38;2;54;234;195mmemory:  7.61GiB(9.61%)  [34mtps: 116  [36mtflops: 0.39  [35mmfu: 0.05%[39m
[titan] 2026-09-11 07:47:52,988 - root - INFO - [31mstep: 67  [32mloss:  1.71069  [38;2;180;60;0mgrad_norm:  5.4062  [38;2;54;234;195mmemory:  7.61GiB(9.61%)  [34mtps: 116  [36mtflops: 0.39  [35mmfu: 0.05%[39m
[titan] 2026-09-11 07:47:54,077 - root - INFO - [31mstep: 68  [32mloss:  2.90731  [38;2;180;60;0mgrad_norm:  4.0938  [38;2;54;234;195mmemory:  7.61GiB(9.61%)  [34mtps: 118  [36mtflops: 0.39  [35mmfu: 0.05%[39m
[titan] 2026-09-11 07:47:54,078 - root - INFO - [31mstep: 68  [32mloss:  2.90731  [38;2;180;60;0mgrad_norm:  4.0938  [38;2;54;234;195mmemory:  7.61GiB(9.61%)  [34mtps: 118  [36mtflops: 0.39  [35mmfu: 0.05%[39m
[titan] 2026-09-11 07:47:55,168 - root - INFO - [31mstep: 69  [32mloss:  3.96743  [38;2;180;60;0mgrad_norm:  4.9062  [38;2;54;234;195mmemory:  7.61GiB(9.61%)  [34mtps: 117  [36mtflops: 0.39  [35mmfu: 0.05%[39m
[titan] 2026-09-11 07:47:55,168 - root - INFO - [31mstep: 69  [32mloss:  3.96743  [38;2;180;60;0mgrad_norm:  4.9062  [38;2;54;234;195mmemory:  7.61GiB(9.61%)  [34mtps: 117  [36mtflops: 0.39  [35mmfu: 0.05%[39m
[titan] 2026-09-11 07:47:56,257 - root - INFO - [31mstep: 70  [32mloss:  2.41956  [38;2;180;60;0mgrad_norm:  4.1250  [38;2;54;234;195mmemory:  7.61GiB(9.61%)  [34mtps: 118  [36mtflops: 0.39  [35mmfu: 0.05%[39m
[titan] 2026-09-11 07:47:56,257 - root - INFO - [31mstep: 70  [32mloss:  2.41956  [38;2;180;60;0mgrad_norm:  4.1250  [38;2;54;234;195mmemory:  7.61GiB(9.61%)  [34mtps: 118  [36mtflops: 0.39  [35mmfu: 0.05%[39m
[titan] 2026-09-11 07:47:57,370 - root - INFO - [31mstep: 71  [32mloss:  2.80704  [38;2;180;60;0mgrad_norm:  5.5938  [38;2;54;234;195mmemory:  7.61GiB(9.61%)  [34mtps: 115  [36mtflops: 0.38  [35mmfu: 0.05%[39m
[titan] 2026-09-11 07:47:57,371 - root - INFO - [31mstep: 71  [32mloss:  2.80704  [38;2;180;60;0mgrad_norm:  5.5938  [38;2;54;234;195mmemory:  7.61GiB(9.61%)  [34mtps: 115  [36mtflops: 0.38  [35mmfu: 0.05%[39m
[titan] 2026-09-11 07:47:58,461 - root - INFO - [31mstep: 72  [32mloss:  3.85713  [38;2;180;60;0mgrad_norm:  5.9375  [38;2;54;234;195mmemory:  7.61GiB(9.61%)  [34mtps: 117  [36mtflops: 0.39  [35mmfu: 0.05%[39m
[titan] 2026-09-11 07:47:58,462 - root - INFO - [31mstep: 72  [32mloss:  3.85713  [38;2;180;60;0mgrad_norm:  5.9375  [38;2;54;234;195mmemory:  7.61GiB(9.61%)  [34mtps: 117  [36mtflops: 0.39  [35mmfu: 0.05%[39m
[titan] 2026-09-11 07:47:59,555 - root - INFO - [31mstep: 73  [32mloss:  1.85883  [38;2;180;60;0mgrad_norm:  4.5000  [38;2;54;234;195mmemory:  7.61GiB(9.61%)  [34mtps: 117  [36mtflops: 0.39  [35mmfu: 0.05%[39m
[titan] 2026-09-11 07:47:59,555 - root - INFO - [31mstep: 73  [32mloss:  1.85883  [38;2;180;60;0mgrad_norm:  4.5000  [38;2;54;234;195mmemory:  7.61GiB(9.61%)  [34mtps: 117  [36mtflops: 0.39  [35mmfu: 0.05%[39m
[titan] 2026-09-11 07:48:00,657 - root - INFO - [31mstep: 74  [32mloss:  3.11445  [38;2;180;60;0mgrad_norm:  5.1562  [38;2;54;234;195mmemory:  7.61GiB(9.61%)  [34mtps: 116  [36mtflops: 0.39  [35mmfu: 0.05%[39m
[titan] 2026-09-11 07:48:00,657 - root - INFO - [31mstep: 74  [32mloss:  3.11445  [38;2;180;60;0mgrad_norm:  5.1562  [38;2;54;234;195mmemory:  7.61GiB(9.61%)  [34mtps: 116  [36mtflops: 0.39  [35mmfu: 0.05%[39m
[titan] 2026-09-11 07:48:01,756 - root - INFO - [31mstep: 75  [32mloss:  1.11466  [38;2;180;60;0mgrad_norm:  3.0781  [38;2;54;234;195mmemory:  7.61GiB(9.61%)  [34mtps: 116  [36mtflops: 0.39  [35mmfu: 0.05%[39m
[titan] 2026-09-11 07:48:01,756 - root - INFO - [31mstep: 75  [32mloss:  1.11466  [38;2;180;60;0mgrad_norm:  3.0781  [38;2;54;234;195mmemory:  7.61GiB(9.61%)  [34mtps: 116  [36mtflops: 0.39  [35mmfu: 0.05%[39m
[titan] 2026-09-11 07:48:02,851 - root - INFO - [31mstep: 76  [32mloss:  3.32819  [38;2;180;60;0mgrad_norm:  5.3750  [38;2;54;234;195mmemory:  7.61GiB(9.61%)  [34mtps: 117  [36mtflops: 0.39  [35mmfu: 0.05%[39m
[titan] 2026-09-11 07:48:02,851 - root - INFO - [31mstep: 76  [32mloss:  3.32819  [38;2;180;60;0mgrad_norm:  5.3750  [38;2;54;234;195mmemory:  7.61GiB(9.61%)  [34mtps: 117  [36mtflops: 0.39  [35mmfu: 0.05%[39m
[titan] 2026-09-11 07:48:04,036 - root - INFO - [31mstep: 77  [32mloss:  3.06203  [38;2;180;60;0mgrad_norm:  4.3750  [38;2;54;234;195mmemory:  7.61GiB(9.61%)  [34mtps: 108  [36mtflops: 0.36  [35mmfu: 0.05%[39m
[titan] 2026-09-11 07:48:04,036 - root - INFO - [31mstep: 77  [32mloss:  3.06203  [38;2;180;60;0mgrad_norm:  4.3750  [38;2;54;234;195mmemory:  7.61GiB(9.61%)  [34mtps: 108  [36mtflops: 0.36  [35mmfu: 0.05%[39m
[titan] 2026-09-11 07:48:05,125 - root - INFO - [31mstep: 78  [32mloss:  2.86789  [38;2;180;60;0mgrad_norm:  4.7812  [38;2;54;234;195mmemory:  7.61GiB(9.61%)  [34mtps: 118  [36mtflops: 0.39  [35mmfu: 0.05%[39m
[titan] 2026-09-11 07:48:05,125 - root - INFO - [31mstep: 78  [32mloss:  2.86789  [38;2;180;60;0mgrad_norm:  4.7812  [38;2;54;234;195mmemory:  7.61GiB(9.61%)  [34mtps: 118  [36mtflops: 0.39  [35mmfu: 0.05%[39m
[titan] 2026-09-11 07:48:06,218 - root - INFO - [31mstep: 79  [32mloss:  3.67283  [38;2;180;60;0mgrad_norm:  5.8438  [38;2;54;234;195mmemory:  7.61GiB(9.61%)  [34mtps: 117  [36mtflops: 0.39  [35mmfu: 0.05%[39m
[titan] 2026-09-11 07:48:06,219 - root - INFO - [31mstep: 79  [32mloss:  3.67283  [38;2;180;60;0mgrad_norm:  5.8438  [38;2;54;234;195mmemory:  7.61GiB(9.61%)  [34mtps: 117  [36mtflops: 0.39  [35mmfu: 0.05%[39m
[titan] 2026-09-11 07:48:07,309 - root - INFO - [31mstep: 80  [32mloss:  3.18374  [38;2;180;60;0mgrad_norm:  3.9219  [38;2;54;234;195mmemory:  7.61GiB(9.61%)  [34mtps: 117  [36mtflops: 0.39  [35mmfu: 0.05%[39m
[titan] 2026-09-11 07:48:07,309 - root - INFO - [31mstep: 80  [32mloss:  3.18374  [38;2;180;60;0mgrad_norm:  3.9219  [38;2;54;234;195mmemory:  7.61GiB(9.61%)  [34mtps: 117  [36mtflops: 0.39  [35mmfu: 0.05%[39m
[titan] 2026-09-11 07:48:08,427 - root - INFO - [31mstep: 81  [32mloss:  2.03910  [38;2;180;60;0mgrad_norm:  4.1250  [38;2;54;234;195mmemory:  7.61GiB(9.61%)  [34mtps: 115  [36mtflops: 0.38  [35mmfu: 0.05%[39m
[titan] 2026-09-11 07:48:08,427 - root - INFO - [31mstep: 81  [32mloss:  2.03910  [38;2;180;60;0mgrad_norm:  4.1250  [38;2;54;234;195mmemory:  7.61GiB(9.61%)  [34mtps: 115  [36mtflops: 0.38  [35mmfu: 0.05%[39m
[titan] 2026-09-11 07:48:09,563 - root - INFO - [31mstep: 82  [32mloss:  2.48661  [38;2;180;60;0mgrad_norm:  5.8750  [38;2;54;234;195mmemory:  7.61GiB(9.61%)  [34mtps: 113  [36mtflops: 0.37  [35mmfu: 0.05%[39m
[titan] 2026-09-11 07:48:09,563 - root - INFO - [31mstep: 82  [32mloss:  2.48661  [38;2;180;60;0mgrad_norm:  5.8750  [38;2;54;234;195mmemory:  7.61GiB(9.61%)  [34mtps: 113  [36mtflops: 0.37  [35mmfu: 0.05%[39m
[titan] 2026-09-11 07:48:10,659 - root - INFO - [31mstep: 83  [32mloss:  1.28757  [38;2;180;60;0mgrad_norm: 11.3750  [38;2;54;234;195mmemory:  7.61GiB(9.61%)  [34mtps: 117  [36mtflops: 0.39  [35mmfu: 0.05%[39m
[titan] 2026-09-11 07:48:10,659 - root - INFO - [31mstep: 83  [32mloss:  1.28757  [38;2;180;60;0mgrad_norm: 11.3750  [38;2;54;234;195mmemory:  7.61GiB(9.61%)  [34mtps: 117  [36mtflops: 0.39  [35mmfu: 0.05%[39m
[titan] 2026-09-11 07:48:11,755 - root - INFO - [31mstep: 84  [32mloss:  2.77526  [38;2;180;60;0mgrad_norm:  4.6562  [38;2;54;234;195mmemory:  7.61GiB(9.61%)  [34mtps: 117  [36mtflops: 0.39  [35mmfu: 0.05%[39m
[titan] 2026-09-11 07:48:11,755 - root - INFO - [31mstep: 84  [32mloss:  2.77526  [38;2;180;60;0mgrad_norm:  4.6562  [38;2;54;234;195mmemory:  7.61GiB(9.61%)  [34mtps: 117  [36mtflops: 0.39  [35mmfu: 0.05%[39m
[titan] 2026-09-11 07:48:12,844 - root - INFO - [31mstep: 85  [32mloss:  2.53580  [38;2;180;60;0mgrad_norm:  3.9688  [38;2;54;234;195mmemory:  7.61GiB(9.61%)  [34mtps: 118  [36mtflops: 0.39  [35mmfu: 0.05%[39m
[titan] 2026-09-11 07:48:12,845 - root - INFO - [31mstep: 85  [32mloss:  2.53580  [38;2;180;60;0mgrad_norm:  3.9688  [38;2;54;234;195mmemory:  7.61GiB(9.61%)  [34mtps: 117  [36mtflops: 0.39  [35mmfu: 0.05%[39m
[titan] 2026-09-11 07:48:13,937 - root - INFO - [31mstep: 86  [32mloss:  3.55634  [38;2;180;60;0mgrad_norm:  4.4062  [38;2;54;234;195mmemory:  7.61GiB(9.61%)  [34mtps: 117  [36mtflops: 0.39  [35mmfu: 0.05%[39m
[titan] 2026-09-11 07:48:13,937 - root - INFO - [31mstep: 86  [32mloss:  3.55634  [38;2;180;60;0mgrad_norm:  4.4062  [38;2;54;234;195mmemory:  7.61GiB(9.61%)  [34mtps: 117  [36mtflops: 0.39  [35mmfu: 0.05%[39m
[titan] 2026-09-11 07:48:15,025 - root - INFO - [31mstep: 87  [32mloss:  2.90697  [38;2;180;60;0mgrad_norm:  2.5938  [38;2;54;234;195mmemory:  7.61GiB(9.61%)  [34mtps: 118  [36mtflops: 0.39  [35mmfu: 0.05%[39m
[titan] 2026-09-11 07:48:15,025 - root - INFO - [31mstep: 87  [32mloss:  2.90697  [38;2;180;60;0mgrad_norm:  2.5938  [38;2;54;234;195mmemory:  7.61GiB(9.61%)  [34mtps: 118  [36mtflops: 0.39  [35mmfu: 0.05%[39m
[titan] 2026-09-11 07:48:16,118 - root - INFO - [31mstep: 88  [32mloss:  1.22654  [38;2;180;60;0mgrad_norm:  3.7656  [38;2;54;234;195mmemory:  7.61GiB(9.61%)  [34mtps: 117  [36mtflops: 0.39  [35mmfu: 0.05%[39m
[titan] 2026-09-11 07:48:16,118 - root - INFO - [31mstep: 88  [32mloss:  1.22654  [38;2;180;60;0mgrad_norm:  3.7656  [38;2;54;234;195mmemory:  7.61GiB(9.61%)  [34mtps: 117  [36mtflops: 0.39  [35mmfu: 0.05%[39m
[titan] 2026-09-11 07:48:17,207 - root - INFO - [31mstep: 89  [32mloss:  2.25249  [38;2;180;60;0mgrad_norm:  4.0938  [38;2;54;234;195mmemory:  7.61GiB(9.61%)  [34mtps: 118  [36mtflops: 0.39  [35mmfu: 0.05%[39m
[titan] 2026-09-11 07:48:17,207 - root - INFO - [31mstep: 89  [32mloss:  2.25249  [38;2;180;60;0mgrad_norm:  4.0938  [38;2;54;234;195mmemory:  7.61GiB(9.61%)  [34mtps: 118  [36mtflops: 0.39  [35mmfu: 0.05%[39m
[titan] 2026-09-11 07:48:18,299 - root - INFO - [31mstep: 90  [32mloss:  1.11447  [38;2;180;60;0mgrad_norm:  3.4062  [38;2;54;234;195mmemory:  7.61GiB(9.61%)  [34mtps: 117  [36mtflops: 0.39  [35mmfu: 0.05%[39m
[titan] 2026-09-11 07:48:18,299 - root - INFO - [31mstep: 90  [32mloss:  1.11447  [38;2;180;60;0mgrad_norm:  3.4062  [38;2;54;234;195mmemory:  7.61GiB(9.61%)  [34mtps: 117  [36mtflops: 0.39  [35mmfu: 0.05%[39m
[titan] 2026-09-11 07:48:19,386 - root - INFO - [31mstep: 91  [32mloss:  2.50533  [38;2;180;60;0mgrad_norm:  3.6250  [38;2;54;234;195mmemory:  7.61GiB(9.61%)  [34mtps: 118  [36mtflops: 0.39  [35mmfu: 0.05%[39m
[titan] 2026-09-11 07:48:19,386 - root - INFO - [31mstep: 91  [32mloss:  2.50533  [38;2;180;60;0mgrad_norm:  3.6250  [38;2;54;234;195mmemory:  7.61GiB(9.61%)  [34mtps: 118  [36mtflops: 0.39  [35mmfu: 0.05%[39m
[titan] 2026-09-11 07:48:20,531 - root - INFO - [31mstep: 92  [32mloss:  3.14962  [38;2;180;60;0mgrad_norm:  4.3750  [38;2;54;234;195mmemory:  7.61GiB(9.61%)  [34mtps: 112  [36mtflops: 0.37  [35mmfu: 0.05%[39m
[titan] 2026-09-11 07:48:20,531 - root - INFO - [31mstep: 92  [32mloss:  3.14962  [38;2;180;60;0mgrad_norm:  4.3750  [38;2;54;234;195mmemory:  7.61GiB(9.61%)  [34mtps: 112  [36mtflops: 0.37  [35mmfu: 0.05%[39m
[titan] 2026-09-11 07:48:21,618 - root - INFO - [31mstep: 93  [32mloss:  3.09304  [38;2;180;60;0mgrad_norm:  3.3750  [38;2;54;234;195mmemory:  7.61GiB(9.61%)  [34mtps: 118  [36mtflops: 0.39  [35mmfu: 0.05%[39m
[titan] 2026-09-11 07:48:21,618 - root - INFO - [31mstep: 93  [32mloss:  3.09304  [38;2;180;60;0mgrad_norm:  3.3750  [38;2;54;234;195mmemory:  7.61GiB(9.61%)  [34mtps: 118  [36mtflops: 0.39  [35mmfu: 0.05%[39m
[titan] 2026-09-11 07:48:22,718 - root - INFO - [31mstep: 94  [32mloss:  2.94172  [38;2;180;60;0mgrad_norm:  5.9375  [38;2;54;234;195mmemory:  7.61GiB(9.61%)  [34mtps: 116  [36mtflops: 0.39  [35mmfu: 0.05%[39m
[titan] 2026-09-11 07:48:22,718 - root - INFO - [31mstep: 94  [32mloss:  2.94172  [38;2;180;60;0mgrad_norm:  5.9375  [38;2;54;234;195mmemory:  7.61GiB(9.61%)  [34mtps: 116  [36mtflops: 0.39  [35mmfu: 0.05%[39m
[titan] 2026-09-11 07:48:23,807 - root - INFO - [31mstep: 95  [32mloss:  1.98213  [38;2;180;60;0mgrad_norm:  3.2344  [38;2;54;234;195mmemory:  7.61GiB(9.61%)  [34mtps: 118  [36mtflops: 0.39  [35mmfu: 0.05%[39m
[titan] 2026-09-11 07:48:23,808 - root - INFO - [31mstep: 95  [32mloss:  1.98213  [38;2;180;60;0mgrad_norm:  3.2344  [38;2;54;234;195mmemory:  7.61GiB(9.61%)  [34mtps: 118  [36mtflops: 0.39  [35mmfu: 0.05%[39m
[titan] 2026-09-11 07:48:24,902 - root - INFO - [31mstep: 96  [32mloss:  3.43675  [38;2;180;60;0mgrad_norm:  6.7500  [38;2;54;234;195mmemory:  7.61GiB(9.61%)  [34mtps: 117  [36mtflops: 0.39  [35mmfu: 0.05%[39m
[titan] 2026-09-11 07:48:24,902 - root - INFO - [31mstep: 96  [32mloss:  3.43675  [38;2;180;60;0mgrad_norm:  6.7500  [38;2;54;234;195mmemory:  7.61GiB(9.61%)  [34mtps: 117  [36mtflops: 0.39  [35mmfu: 0.05%[39m
[titan] 2026-09-11 07:48:26,005 - root - INFO - [31mstep: 97  [32mloss:  2.32400  [38;2;180;60;0mgrad_norm:  7.7500  [38;2;54;234;195mmemory:  7.61GiB(9.61%)  [34mtps: 116  [36mtflops: 0.39  [35mmfu: 0.05%[39m
[titan] 2026-09-11 07:48:26,005 - root - INFO - [31mstep: 97  [32mloss:  2.32400  [38;2;180;60;0mgrad_norm:  7.7500  [38;2;54;234;195mmemory:  7.61GiB(9.61%)  [34mtps: 116  [36mtflops: 0.39  [35mmfu: 0.05%[39m
[titan] 2026-09-11 07:48:27,102 - root - INFO - [31mstep: 98  [32mloss:  2.75365  [38;2;180;60;0mgrad_norm:  3.5781  [38;2;54;234;195mmemory:  7.61GiB(9.61%)  [34mtps: 117  [36mtflops: 0.39  [35mmfu: 0.05%[39m
[titan] 2026-09-11 07:48:27,102 - root - INFO - [31mstep: 98  [32mloss:  2.75365  [38;2;180;60;0mgrad_norm:  3.5781  [38;2;54;234;195mmemory:  7.61GiB(9.61%)  [34mtps: 117  [36mtflops: 0.39  [35mmfu: 0.05%[39m
[titan] 2026-09-11 07:48:28,202 - root - INFO - [31mstep: 99  [32mloss:  1.70348  [38;2;180;60;0mgrad_norm:  5.6250  [38;2;54;234;195mmemory:  7.61GiB(9.61%)  [34mtps: 116  [36mtflops: 0.39  [35mmfu: 0.05%[39m
[titan] 2026-09-11 07:48:28,202 - root - INFO - [31mstep: 99  [32mloss:  1.70348  [38;2;180;60;0mgrad_norm:  5.6250  [38;2;54;234;195mmemory:  7.61GiB(9.61%)  [34mtps: 116  [36mtflops: 0.39  [35mmfu: 0.05%[39m
[titan] 2026-09-11 07:48:29,993 - root - INFO - [GC] Performing periodic GC collection took 1.79 seconds
[titan] 2026-09-11 07:48:30,002 - root - INFO - [GC] Performing periodic GC collection took 1.80 seconds
[titan] 2026-09-11 07:48:31,104 - root - INFO - [31mstep: 100  [32mloss:  2.86694  [38;2;180;60;0mgrad_norm:  5.6875  [38;2;54;234;195mmemory:  7.61GiB(9.61%)  [34mtps: 44  [36mtflops: 0.15  [35mmfu: 0.02%[39m
[titan] 2026-09-11 07:48:31,104 - root - INFO - [31mstep: 100  [32mloss:  2.86694  [38;2;180;60;0mgrad_norm:  5.6875  [38;2;54;234;195mmemory:  7.61GiB(9.61%)  [34mtps: 44  [36mtflops: 0.15  [35mmfu: 0.02%[39m
[titan] 2026-09-11 07:48:31,107 - root - INFO - Sleeping 2 seconds for other ranks to complete
[titan] 2026-09-11 07:48:31,108 - root - INFO - Training completed
[titan] 2026-09-11 07:48:33,108 - root - INFO - Training completed
[titan] 2026-09-11 07:48:33,530 - root - INFO - Process group destroyed
[titan] 2026-09-11 07:48:33,957 - root - INFO - Process group destroyed
