W0930 16:19:41.663000 220179 torch/distributed/run.py:982] 
W0930 16:19:41.663000 220179 torch/distributed/run.py:982] *****************************************
W0930 16:19:41.663000 220179 torch/distributed/run.py:982] Setting OMP_NUM_THREADS environment variable for each process to be 1 in default, to avoid your system being overloaded, please further tune the variable for optimal performance in your application as needed. 
W0930 16:19:41.663000 220179 torch/distributed/run.py:982] *****************************************
[rank0]:WARNING:absl:Failed to load jax profiler: No module named 'jax'
[rank1]:WARNING:absl:Failed to load jax profiler: No module named 'jax'
[rank2]:WARNING:absl:Failed to load jax profiler: No module named 'jax'
[rank3]:WARNING:absl:Failed to load jax profiler: No module named 'jax'
[rank0]:[titan] 2026-09-30 16:19:48,003 - __main__ - INFO - torchtitan version: 0.0.0+unknown (0.0.0 means __version__ is not defined correctly).
[rank2]:[titan] 2026-09-30 16:19:48,321 - __main__ - INFO - torchtitan version: 0.0.0+unknown (0.0.0 means __version__ is not defined correctly).
[rank1]:[titan] 2026-09-30 16:19:48,338 - __main__ - INFO - torchtitan version: 0.0.0+unknown (0.0.0 means __version__ is not defined correctly).
[rank3]:[titan] 2026-09-30 16:19:48,302 - __main__ - INFO - torchtitan version: 0.0.0+unknown (0.0.0 means __version__ is not defined correctly).
[rank0]:[titan] 2026-09-30 16:19:48,778 - torchtitan.observability.structured_logger.jsonl_handler - INFO - Structured logging -> JSONL: /root/mep/results/dep_h100_pp4vpp4_origlevels/time_s4096c3_m16_w_dep_bubble/out/structured_logs/training.global_rank_0.20260930-161948-WKZQNE.jsonl
[rank0]:[titan] 2026-09-30 16:19:49,050 - torchtitan.distributed.utils - WARNING - ENV[TORCH_NCCL_ASYNC_ERROR_HANDLING] = 1 will be overridden to 3 based on job config
[rank2]:[titan] 2026-09-30 16:19:49,267 - torchtitan.observability.structured_logger.jsonl_handler - INFO - Structured logging -> JSONL: /root/mep/results/dep_h100_pp4vpp4_origlevels/time_s4096c3_m16_w_dep_bubble/out/structured_logs/training.global_rank_2.20260930-161949-A0735K.jsonl
[rank1]:[titan] 2026-09-30 16:19:49,264 - torchtitan.observability.structured_logger.jsonl_handler - INFO - Structured logging -> JSONL: /root/mep/results/dep_h100_pp4vpp4_origlevels/time_s4096c3_m16_w_dep_bubble/out/structured_logs/training.global_rank_1.20260930-161949-QSRB0Q.jsonl
[rank3]:[titan] 2026-09-30 16:19:49,240 - torchtitan.observability.structured_logger.jsonl_handler - INFO - Structured logging -> JSONL: /root/mep/results/dep_h100_pp4vpp4_origlevels/time_s4096c3_m16_w_dep_bubble/out/structured_logs/training.global_rank_3.20260930-161949-2FYC57.jsonl
[rank2]:[titan] 2026-09-30 16:19:49,929 - torchtitan.distributed.utils - WARNING - ENV[TORCH_NCCL_ASYNC_ERROR_HANDLING] = 1 will be overridden to 3 based on job config
[rank1]:[titan] 2026-09-30 16:19:49,927 - torchtitan.distributed.utils - WARNING - ENV[TORCH_NCCL_ASYNC_ERROR_HANDLING] = 1 will be overridden to 3 based on job config
[rank3]:[titan] 2026-09-30 16:19:49,889 - torchtitan.distributed.utils - WARNING - ENV[TORCH_NCCL_ASYNC_ERROR_HANDLING] = 1 will be overridden to 3 based on job config
[rank0]:[titan] 2026-09-30 16:19:50,539 - torchtitan.tools.utils - INFO - [GC] Initial GC collection took 0.00 seconds
[rank1]:[titan] 2026-09-30 16:19:50,536 - torchtitan.tools.utils - INFO - [GC] Initial GC collection took 0.00 seconds
[rank2]:[titan] 2026-09-30 16:19:50,535 - torchtitan.tools.utils - INFO - [GC] Initial GC collection took 0.00 seconds
[rank3]:[titan] 2026-09-30 16:19:50,536 - torchtitan.tools.utils - INFO - [GC] Initial GC collection took 0.00 seconds
[rank2]:[titan] 2026-09-30 16:19:51,564 - torchtitan.distributed.parallelism_context - INFO - Building device mesh with parallelism: pp=4, dp_replicate=1, dp_shard=1, cp=1, tp=1, ep=1
[rank1]:[titan] 2026-09-30 16:19:51,563 - torchtitan.distributed.parallelism_context - INFO - Building device mesh with parallelism: pp=4, dp_replicate=1, dp_shard=1, cp=1, tp=1, ep=1
[rank3]:[titan] 2026-09-30 16:19:51,563 - torchtitan.distributed.parallelism_context - INFO - Building device mesh with parallelism: pp=4, dp_replicate=1, dp_shard=1, cp=1, tp=1, ep=1
[rank0]:[titan] 2026-09-30 16:19:51,563 - torchtitan.distributed.parallelism_context - INFO - Building device mesh with parallelism: pp=4, dp_replicate=1, dp_shard=1, cp=1, tp=1, ep=1
[rank1]:[titan] 2026-09-30 16:19:52,036 - torchtitan.distributed.parallelism_context - INFO - Successfully created meshes with active axes: ['pp']
[rank1]:[titan] 2026-09-30 16:19:52,040 - torchtitan.observability.metrics - INFO - CUDA capacity: NVIDIA H100 80GB HBM3 with 79.21GiB memory
[rank1]:[titan] 2026-09-30 16:19:52,052 - torchtitan.config.configurable - WARNING - Config field value of type InterpolationMode may not be JSON serializable
[rank1]:[titan] 2026-09-30 16:19:52,053 - torchtitan.tools.utils - WARNING - Error running lspci: [Errno 2] No such file or directory: 'lspci', fallback to use device_name
[rank1]:[titan] 2026-09-30 16:19:52,053 - torchtitan.components.tokenizer - INFO - Loading tokenizer from tokenizer.json
[rank2]:[titan] 2026-09-30 16:19:52,027 - torchtitan.distributed.parallelism_context - INFO - Successfully created meshes with active axes: ['pp']
[rank3]:[titan] 2026-09-30 16:19:52,031 - torchtitan.distributed.parallelism_context - INFO - Successfully created meshes with active axes: ['pp']
[rank0]:[titan] 2026-09-30 16:19:52,031 - torchtitan.distributed.parallelism_context - INFO - Successfully created meshes with active axes: ['pp']
[rank2]:[titan] 2026-09-30 16:19:52,031 - torchtitan.observability.metrics - INFO - CUDA capacity: NVIDIA H100 80GB HBM3 with 79.21GiB memory
[rank0]:[titan] 2026-09-30 16:19:52,036 - torchtitan.observability.metrics - INFO - CUDA capacity: NVIDIA H100 80GB HBM3 with 79.21GiB memory
[rank3]:[titan] 2026-09-30 16:19:52,035 - torchtitan.observability.metrics - INFO - CUDA capacity: NVIDIA H100 80GB HBM3 with 79.21GiB memory
[rank3]:[titan] 2026-09-30 16:19:52,048 - torchtitan.config.configurable - WARNING - Config field value of type InterpolationMode may not be JSON serializable
[rank0]:[titan] 2026-09-30 16:19:52,049 - torchtitan.config.configurable - WARNING - Config field value of type InterpolationMode may not be JSON serializable
[rank2]:[titan] 2026-09-30 16:19:52,043 - torchtitan.config.configurable - WARNING - Config field value of type InterpolationMode may not be JSON serializable
[rank0]:[titan] 2026-09-30 16:19:52,050 - torchtitan.tools.utils - WARNING - Error running lspci: [Errno 2] No such file or directory: 'lspci', fallback to use device_name
[rank3]:[titan] 2026-09-30 16:19:52,050 - torchtitan.tools.utils - WARNING - Error running lspci: [Errno 2] No such file or directory: 'lspci', fallback to use device_name
[rank2]:[titan] 2026-09-30 16:19:52,045 - torchtitan.tools.utils - WARNING - Error running lspci: [Errno 2] No such file or directory: 'lspci', fallback to use device_name
[rank2]:[titan] 2026-09-30 16:19:52,046 - torchtitan.components.tokenizer - INFO - Loading tokenizer from tokenizer.json
[rank0]:[titan] 2026-09-30 16:19:52,051 - torchtitan.components.tokenizer - INFO - Loading tokenizer from tokenizer.json
[rank3]:[titan] 2026-09-30 16:19:52,050 - torchtitan.components.tokenizer - INFO - Loading tokenizer from tokenizer.json
[rank2]:[titan] 2026-09-30 16:19:52,240 - torchtitan.protocols.state_dict_adapter - WARNING - model.safetensors.index.json not found at hf_assets_path: ./tests/assets/tokenizer/model.safetensors.index.json.                     Defaulting to saving a single safetensors file if checkpoint is saved in HF format
[rank2]:[titan] 2026-09-30 16:19:52,247 - torchtitan.models.utils - INFO - Total parameter count: 12,059,226,240, active parameters: 8,885,570,688
[rank0]:[titan] 2026-09-30 16:19:52,369 - torchtitan.protocols.state_dict_adapter - WARNING - model.safetensors.index.json not found at hf_assets_path: ./tests/assets/tokenizer/model.safetensors.index.json.                     Defaulting to saving a single safetensors file if checkpoint is saved in HF format
[rank2]:[titan] 2026-09-30 16:19:52,297 - torchtitan.distributed.activation_checkpoint - INFO - Applied FullAC activation checkpointing to the model
[rank0]:[titan] 2026-09-30 16:19:52,374 - torchtitan.models.utils - INFO - Total parameter count: 12,059,226,240, active parameters: 8,885,570,688
[rank1]:[titan] 2026-09-30 16:19:52,425 - torchtitan.protocols.state_dict_adapter - WARNING - model.safetensors.index.json not found at hf_assets_path: ./tests/assets/tokenizer/model.safetensors.index.json.                     Defaulting to saving a single safetensors file if checkpoint is saved in HF format
[rank1]:[titan] 2026-09-30 16:19:52,430 - torchtitan.models.utils - INFO - Total parameter count: 12,059,226,240, active parameters: 8,885,570,688
[rank1]:[titan] 2026-09-30 16:19:52,478 - torchtitan.distributed.activation_checkpoint - INFO - Applied FullAC activation checkpointing to the model
[rank0]:[titan] 2026-09-30 16:19:52,419 - torchtitan.distributed.activation_checkpoint - INFO - Applied FullAC activation checkpointing to the model
[rank3]:[titan] 2026-09-30 16:19:52,418 - torchtitan.protocols.state_dict_adapter - WARNING - model.safetensors.index.json not found at hf_assets_path: ./tests/assets/tokenizer/model.safetensors.index.json.                     Defaulting to saving a single safetensors file if checkpoint is saved in HF format
[rank3]:[titan] 2026-09-30 16:19:52,423 - torchtitan.models.utils - INFO - Total parameter count: 12,059,226,240, active parameters: 8,885,570,688
[rank3]:[titan] 2026-09-30 16:19:52,471 - torchtitan.distributed.activation_checkpoint - INFO - Applied FullAC activation checkpointing to the model
[rank2]:[titan] 2026-09-30 16:19:52,519 - torchtitan.distributed.pipeline_parallel - INFO - PP rank 2 is building stage_idx 2 with modules ['layers.3', 'layers.4']
[rank2]:[titan] 2026-09-30 16:19:52,602 - torchtitan.distributed.pipeline_parallel - INFO - PP rank 2 is building stage_idx 6 with modules ['layers.8']
[rank0]:[titan] 2026-09-30 16:19:52,637 - torchtitan.distributed.pipeline_parallel - INFO - PP rank 0 is building stage_idx 0 with modules ['vision_encoder', 'tok_embeddings', 'layers.0']
[rank1]:[titan] 2026-09-30 16:19:52,706 - torchtitan.distributed.pipeline_parallel - INFO - PP rank 1 is building stage_idx 1 with modules ['layers.1', 'layers.2']
[rank2]:[titan] 2026-09-30 16:19:52,685 - torchtitan.distributed.pipeline_parallel - INFO - PP rank 2 is building stage_idx 10 with modules ['layers.12']
[rank2]:[titan] 2026-09-30 16:19:52,769 - torchtitan.distributed.pipeline_parallel - INFO - PP rank 2 is building stage_idx 14 with modules ['layers.16']
[rank2]:[titan] 2026-09-30 16:19:52,774 - torchtitan.distributed.activation_checkpoint - INFO - Applied FullAC activation checkpointing to the model
[rank3]:[titan] 2026-09-30 16:19:52,702 - torchtitan.distributed.pipeline_parallel - INFO - PP rank 3 is building stage_idx 3 with modules ['layers.5']
[rank0]:[titan] 2026-09-30 16:19:52,723 - torchtitan.distributed.pipeline_parallel - INFO - PP rank 0 is building stage_idx 4 with modules ['layers.6']
[rank1]:[titan] 2026-09-30 16:19:52,791 - torchtitan.distributed.pipeline_parallel - INFO - PP rank 1 is building stage_idx 5 with modules ['layers.7']
[rank1]:[titan] 2026-09-30 16:19:52,875 - torchtitan.distributed.pipeline_parallel - INFO - PP rank 1 is building stage_idx 9 with modules ['layers.11']
[rank2]:[titan] 2026-09-30 16:19:52,823 - torchtitan.distributed.fsdp - INFO - Applied FSDP to the model
[rank2]:[titan] 2026-09-30 16:19:52,825 - torchtitan.distributed.activation_checkpoint - INFO - Applied FullAC activation checkpointing to the model
[rank2]:[titan] 2026-09-30 16:19:52,830 - torchtitan.distributed.fsdp - INFO - Applied FSDP to the model
[rank2]:[titan] 2026-09-30 16:19:52,832 - torchtitan.distributed.activation_checkpoint - INFO - Applied FullAC activation checkpointing to the model
[rank2]:[titan] 2026-09-30 16:19:52,836 - torchtitan.distributed.fsdp - INFO - Applied FSDP to the model
[rank2]:[titan] 2026-09-30 16:19:52,838 - torchtitan.distributed.activation_checkpoint - INFO - Applied FullAC activation checkpointing to the model
[rank2]:[titan] 2026-09-30 16:19:52,842 - torchtitan.distributed.fsdp - INFO - Applied FSDP to the model
[rank2]:[titan] 2026-09-30 16:19:52,846 - torchtitan.distributed.pipeline_parallel - INFO - Using pipeline schedule Interleaved1F1B with 16 microbatches and 16 stages.
[rank0]:[titan] 2026-09-30 16:19:52,808 - torchtitan.distributed.pipeline_parallel - INFO - PP rank 0 is building stage_idx 8 with modules ['layers.10']
[rank3]:[titan] 2026-09-30 16:19:52,786 - torchtitan.distributed.pipeline_parallel - INFO - PP rank 3 is building stage_idx 7 with modules ['layers.9']
[rank3]:[titan] 2026-09-30 16:19:52,870 - torchtitan.distributed.pipeline_parallel - INFO - PP rank 3 is building stage_idx 11 with modules ['layers.13']
[rank1]:[titan] 2026-09-30 16:19:52,959 - torchtitan.distributed.pipeline_parallel - INFO - PP rank 1 is building stage_idx 13 with modules ['layers.15']
[rank1]:[titan] 2026-09-30 16:19:52,965 - torchtitan.distributed.activation_checkpoint - INFO - Applied FullAC activation checkpointing to the model
[rank0]:[titan] 2026-09-30 16:19:52,893 - torchtitan.distributed.pipeline_parallel - INFO - PP rank 0 is building stage_idx 12 with modules ['layers.14']
[rank0]:[titan] 2026-09-30 16:19:52,912 - torchtitan.distributed.activation_checkpoint - INFO - Applied FullAC activation checkpointing to the model
[rank0]:[titan] 2026-09-30 16:19:52,912 - torchtitan.distributed.activation_checkpoint - INFO - Applied FullAC activation checkpointing to the model
[rank3]:[titan] 2026-09-30 16:19:52,955 - torchtitan.distributed.pipeline_parallel - INFO - PP rank 3 is building stage_idx 15 with modules ['norm', 'lm_head', 'output_res_proj', 'output_res_norm']
[rank3]:[titan] 2026-09-30 16:19:52,958 - torchtitan.distributed.activation_checkpoint - INFO - Applied FullAC activation checkpointing to the model
[rank1]:[titan] 2026-09-30 16:19:53,008 - torchtitan.distributed.fsdp - INFO - Applied FSDP to the model
[rank1]:[titan] 2026-09-30 16:19:53,010 - torchtitan.distributed.activation_checkpoint - INFO - Applied FullAC activation checkpointing to the model
[rank1]:[titan] 2026-09-30 16:19:53,020 - torchtitan.distributed.fsdp - INFO - Applied FSDP to the model
[rank1]:[titan] 2026-09-30 16:19:53,022 - torchtitan.distributed.activation_checkpoint - INFO - Applied FullAC activation checkpointing to the model
[rank1]:[titan] 2026-09-30 16:19:53,025 - torchtitan.distributed.fsdp - INFO - Applied FSDP to the model
[rank1]:[titan] 2026-09-30 16:19:53,028 - torchtitan.distributed.activation_checkpoint - INFO - Applied FullAC activation checkpointing to the model
[rank1]:[titan] 2026-09-30 16:19:53,031 - torchtitan.distributed.fsdp - INFO - Applied FSDP to the model
[rank1]:[titan] 2026-09-30 16:19:53,035 - torchtitan.distributed.pipeline_parallel - INFO - Using pipeline schedule Interleaved1F1B with 16 microbatches and 16 stages.
[rank3]:[titan] 2026-09-30 16:19:52,998 - torchtitan.distributed.fsdp - INFO - Applied FSDP to the model
[rank0]:[titan] 2026-09-30 16:19:52,982 - torchtitan.distributed.fsdp - INFO - Applied FSDP to the model
[rank3]:[titan] 2026-09-30 16:19:53,000 - torchtitan.distributed.activation_checkpoint - INFO - Applied FullAC activation checkpointing to the model
[rank0]:[titan] 2026-09-30 16:19:52,985 - torchtitan.distributed.activation_checkpoint - INFO - Applied FullAC activation checkpointing to the model
[rank3]:[titan] 2026-09-30 16:19:53,005 - torchtitan.distributed.fsdp - INFO - Applied FSDP to the model
[rank0]:[titan] 2026-09-30 16:19:53,001 - torchtitan.distributed.fsdp - INFO - Applied FSDP to the model
[rank3]:[titan] 2026-09-30 16:19:53,007 - torchtitan.distributed.activation_checkpoint - INFO - Applied FullAC activation checkpointing to the model
[rank0]:[titan] 2026-09-30 16:19:53,004 - torchtitan.distributed.activation_checkpoint - INFO - Applied FullAC activation checkpointing to the model
[rank3]:[titan] 2026-09-30 16:19:53,011 - torchtitan.distributed.fsdp - INFO - Applied FSDP to the model
[rank0]:[titan] 2026-09-30 16:19:53,008 - torchtitan.distributed.fsdp - INFO - Applied FSDP to the model
[rank3]:[titan] 2026-09-30 16:19:53,012 - torchtitan.distributed.activation_checkpoint - INFO - Applied FullAC activation checkpointing to the model
[rank0]:[titan] 2026-09-30 16:19:53,011 - torchtitan.distributed.activation_checkpoint - INFO - Applied FullAC activation checkpointing to the model
[rank3]:[titan] 2026-09-30 16:19:53,015 - torchtitan.distributed.fsdp - INFO - Applied FSDP to the model
[rank0]:[titan] 2026-09-30 16:19:53,015 - torchtitan.distributed.fsdp - INFO - Applied FSDP to the model
[rank3]:[titan] 2026-09-30 16:19:53,019 - torchtitan.distributed.pipeline_parallel - INFO - Using pipeline schedule Interleaved1F1B with 16 microbatches and 16 stages.
[rank0]:[titan] 2026-09-30 16:19:53,019 - torchtitan.distributed.pipeline_parallel - INFO - Using pipeline schedule Interleaved1F1B with 16 microbatches and 16 stages.
[rank1]:[titan] 2026-09-30 16:19:53,877 - torchtitan.models.kimi_k3.pipeline_parallel - INFO - Kimi K3 pipeline: 4 stage(s) on this rank [1, 5, 9, 13], block transport delta with rank store, vision encodes decoupled
[rank2]:[titan] 2026-09-30 16:19:54,115 - torchtitan.models.kimi_k3.pipeline_parallel - INFO - Kimi K3 pipeline: 4 stage(s) on this rank [2, 6, 10, 14], block transport delta with rank store, vision encodes decoupled
[rank0]:[titan] 2026-09-30 16:19:54,269 - torchtitan.models.kimi_k3.pipeline_parallel - INFO - Kimi K3 pipeline: 4 stage(s) on this rank [0, 4, 8, 12], block transport delta with rank store, vision encodes decoupled
[rank3]:[titan] 2026-09-30 16:19:54,270 - torchtitan.models.kimi_k3.pipeline_parallel - INFO - Kimi K3 pipeline: 4 stage(s) on this rank [3, 7, 11, 15], block transport delta with rank store, vision encodes decoupled
[rank3]:[rank3]:W0930 16:19:54.354000 220260 torch/distributed/tensor/_random.py:215] DTensor is synchronizing RNG states of every rank with the state from rank 0. This behavior is deprecated. Please call `torch.manual_seed()` on every rank that participates in SPMD DTensor Operations with the same seed. If using Pipeline Parallelism, each pipeline state would use a different seed, but all ranks belonging to one pipeline stage would use the same seed.
[rank2]:[rank2]:W0930 16:19:54.355000 220259 torch/distributed/tensor/_random.py:215] DTensor is synchronizing RNG states of every rank with the state from rank 0. This behavior is deprecated. Please call `torch.manual_seed()` on every rank that participates in SPMD DTensor Operations with the same seed. If using Pipeline Parallelism, each pipeline state would use a different seed, but all ranks belonging to one pipeline stage would use the same seed.
[rank1]:[rank1]:W0930 16:19:54.354000 220258 torch/distributed/tensor/_random.py:215] DTensor is synchronizing RNG states of every rank with the state from rank 0. This behavior is deprecated. Please call `torch.manual_seed()` on every rank that participates in SPMD DTensor Operations with the same seed. If using Pipeline Parallelism, each pipeline state would use a different seed, but all ranks belonging to one pipeline stage would use the same seed.
[rank1]:[titan] 2026-09-30 16:19:54,557 - torchtitan.training_engine - INFO - Model KimiK3Model.Config size: 12,059,226,240 total parameters
[rank1]:[titan] 2026-09-30 16:19:54,559 - torchtitan.components.optimizer.optimizer - INFO - Optimizer AdamW (model_part=0): 56 params [.*] {'lr': 0.0008, 'betas': (0.9, 0.95), 'eps': 1e-08, 'weight_decay': 0.1, 'foreach': None, 'fused': True}
[rank1]:[titan] 2026-09-30 16:19:54,559 - torchtitan.components.optimizer.optimizer - INFO - Optimizer AdamW (model_part=1): 22 params [.*] {'lr': 0.0008, 'betas': (0.9, 0.95), 'eps': 1e-08, 'weight_decay': 0.1, 'foreach': None, 'fused': True}
[rank1]:[titan] 2026-09-30 16:19:54,559 - torchtitan.components.optimizer.optimizer - INFO - Optimizer AdamW (model_part=2): 22 params [.*] {'lr': 0.0008, 'betas': (0.9, 0.95), 'eps': 1e-08, 'weight_decay': 0.1, 'foreach': None, 'fused': True}
[rank1]:[titan] 2026-09-30 16:19:54,559 - torchtitan.components.optimizer.optimizer - INFO - Optimizer AdamW (model_part=3): 22 params [.*] {'lr': 0.0008, 'betas': (0.9, 0.95), 'eps': 1e-08, 'weight_decay': 0.1, 'foreach': None, 'fused': True}
[rank1]:[titan] 2026-09-30 16:19:54,561 - torchtitan.observability.metrics - WARNING - [31mPipeline Parallel loss is not visible. Please add [33mrank 3[31m to LOG_RANK environment variable in run_train.sh.[39m
[rank1]:[titan] 2026-09-30 16:19:54,561 - torchtitan.trainer - INFO - Peak FLOPS used for computing MFU: 9.890e+14
[rank1]:[titan] 2026-09-30 16:19:54,561 - torchtitan.trainer - INFO - CUDA memory usage for model: 6.82GiB(8.61%)
[rank2]:[titan] 2026-09-30 16:19:54,567 - torchtitan.training_engine - INFO - Model KimiK3Model.Config size: 12,059,226,240 total parameters
[rank1]:[titan] 2026-09-30 16:19:54,561 - torchtitan.trainer - INFO - Trainer is initialized with 65536 tokens per DP rank, 65536 tokens per train step, gradient accumulation steps 1, maximum context length 4096, total steps 20 (warmup 2)
[rank1]:[titan] 2026-09-30 16:19:54,561 - torchtitan.trainer - INFO - Training starts at step 1
[rank2]:[titan] 2026-09-30 16:19:54,568 - torchtitan.components.optimizer.optimizer - INFO - Optimizer AdamW (model_part=0): 50 params [.*] {'lr': 0.0008, 'betas': (0.9, 0.95), 'eps': 1e-08, 'weight_decay': 0.1, 'foreach': None, 'fused': True}
[rank2]:[titan] 2026-09-30 16:19:54,569 - torchtitan.components.optimizer.optimizer - INFO - Optimizer AdamW (model_part=1): 28 params [.*] {'lr': 0.0008, 'betas': (0.9, 0.95), 'eps': 1e-08, 'weight_decay': 0.1, 'foreach': None, 'fused': True}
[rank2]:[titan] 2026-09-30 16:19:54,569 - torchtitan.components.optimizer.optimizer - INFO - Optimizer AdamW (model_part=2): 28 params [.*] {'lr': 0.0008, 'betas': (0.9, 0.95), 'eps': 1e-08, 'weight_decay': 0.1, 'foreach': None, 'fused': True}
[rank2]:[titan] 2026-09-30 16:19:54,569 - torchtitan.components.optimizer.optimizer - INFO - Optimizer AdamW (model_part=3): 22 params [.*] {'lr': 0.0008, 'betas': (0.9, 0.95), 'eps': 1e-08, 'weight_decay': 0.1, 'foreach': None, 'fused': True}
[rank3]:[titan] 2026-09-30 16:19:54,538 - torchtitan.training_engine - INFO - Model KimiK3Model.Config size: 12,059,226,240 total parameters
[rank2]:[titan] 2026-09-30 16:19:54,570 - torchtitan.observability.metrics - WARNING - [31mPipeline Parallel loss is not visible. Please add [33mrank 3[31m to LOG_RANK environment variable in run_train.sh.[39m
[rank3]:[titan] 2026-09-30 16:19:54,540 - torchtitan.components.optimizer.optimizer - INFO - Optimizer AdamW (model_part=0): 28 params [.*] {'lr': 0.0008, 'betas': (0.9, 0.95), 'eps': 1e-08, 'weight_decay': 0.1, 'foreach': None, 'fused': True}
[rank2]:[titan] 2026-09-30 16:19:54,570 - torchtitan.trainer - INFO - Peak FLOPS used for computing MFU: 9.890e+14
[rank3]:[titan] 2026-09-30 16:19:54,540 - torchtitan.components.optimizer.optimizer - INFO - Optimizer AdamW (model_part=1): 28 params [.*] {'lr': 0.0008, 'betas': (0.9, 0.95), 'eps': 1e-08, 'weight_decay': 0.1, 'foreach': None, 'fused': True}
[rank2]:[titan] 2026-09-30 16:19:54,570 - torchtitan.trainer - INFO - CUDA memory usage for model: 7.25GiB(9.16%)
[rank3]:[titan] 2026-09-30 16:19:54,540 - torchtitan.components.optimizer.optimizer - INFO - Optimizer AdamW (model_part=2): 28 params [.*] {'lr': 0.0008, 'betas': (0.9, 0.95), 'eps': 1e-08, 'weight_decay': 0.1, 'foreach': None, 'fused': True}
[rank2]:[titan] 2026-09-30 16:19:54,570 - torchtitan.trainer - INFO - Trainer is initialized with 65536 tokens per DP rank, 65536 tokens per train step, gradient accumulation steps 1, maximum context length 4096, total steps 20 (warmup 2)
[rank3]:[titan] 2026-09-30 16:19:54,540 - torchtitan.components.optimizer.optimizer - INFO - Optimizer AdamW (model_part=3): 4 params [.*] {'lr': 0.0008, 'betas': (0.9, 0.95), 'eps': 1e-08, 'weight_decay': 0.1, 'foreach': None, 'fused': True}
[rank2]:[titan] 2026-09-30 16:19:54,571 - torchtitan.trainer - INFO - Training starts at step 1
[rank3]:[titan] 2026-09-30 16:19:54,541 - torchtitan.observability.metrics - WARNING - [31mPipeline Parallel loss is not visible. Please add [33mrank 3[31m to LOG_RANK environment variable in run_train.sh.[39m
[rank3]:[titan] 2026-09-30 16:19:54,541 - torchtitan.trainer - INFO - Peak FLOPS used for computing MFU: 9.890e+14
[rank3]:[titan] 2026-09-30 16:19:54,541 - torchtitan.trainer - INFO - CUDA memory usage for model: 5.28GiB(6.66%)
[rank3]:[titan] 2026-09-30 16:19:54,541 - torchtitan.trainer - INFO - Trainer is initialized with 65536 tokens per DP rank, 65536 tokens per train step, gradient accumulation steps 1, maximum context length 4096, total steps 20 (warmup 2)
[rank3]:[titan] 2026-09-30 16:19:54,542 - torchtitan.trainer - INFO - Training starts at step 1
[rank0]:[titan] 2026-09-30 16:19:54,653 - torchtitan.training_engine - INFO - Model KimiK3Model.Config size: 12,059,226,240 total parameters
[rank0]:[titan] 2026-09-30 16:19:54,656 - torchtitan.components.optimizer.optimizer - INFO - Optimizer AdamW (model_part=0): 243 params [.*] {'lr': 0.0008, 'betas': (0.9, 0.95), 'eps': 1e-08, 'weight_decay': 0.1, 'foreach': None, 'fused': True}
[rank0]:[titan] 2026-09-30 16:19:54,657 - torchtitan.components.optimizer.optimizer - INFO - Optimizer AdamW (model_part=1): 28 params [.*] {'lr': 0.0008, 'betas': (0.9, 0.95), 'eps': 1e-08, 'weight_decay': 0.1, 'foreach': None, 'fused': True}
[rank0]:[titan] 2026-09-30 16:19:54,657 - torchtitan.components.optimizer.optimizer - INFO - Optimizer AdamW (model_part=2): 28 params [.*] {'lr': 0.0008, 'betas': (0.9, 0.95), 'eps': 1e-08, 'weight_decay': 0.1, 'foreach': None, 'fused': True}
[rank0]:[titan] 2026-09-30 16:19:54,657 - torchtitan.components.optimizer.optimizer - INFO - Optimizer AdamW (model_part=3): 28 params [.*] {'lr': 0.0008, 'betas': (0.9, 0.95), 'eps': 1e-08, 'weight_decay': 0.1, 'foreach': None, 'fused': True}
[rank0]:[titan] 2026-09-30 16:19:54,659 - torchtitan.observability.metrics - WARNING - [31mPipeline Parallel loss is not visible. Please add [33mrank 3[31m to LOG_RANK environment variable in run_train.sh.[39m
[rank0]:[titan] 2026-09-30 16:19:54,659 - torchtitan.trainer - INFO - Peak FLOPS used for computing MFU: 9.890e+14
[rank0]:[titan] 2026-09-30 16:19:54,659 - torchtitan.trainer - INFO - CUDA memory usage for model: 7.27GiB(9.18%)
[rank0]:[titan] 2026-09-30 16:19:54,660 - torchtitan.trainer - INFO - Trainer is initialized with 65536 tokens per DP rank, 65536 tokens per train step, gradient accumulation steps 1, maximum context length 4096, total steps 20 (warmup 2)
[rank0]:[titan] 2026-09-30 16:19:54,660 - torchtitan.trainer - INFO - Training starts at step 1
[rank3]:[titan] 2026-09-30 16:20:29,953 - torchtitan.models.kimi_k3.pipeline_parallel.vision_dep - INFO - vision_dep: 13 micro-batch(es) with images; encodes 8 before the schedule, 5 in idle slots; backwards 0 in idle slots, 13 after it
[rank0]:[titan] 2026-09-30 16:20:29,954 - torchtitan.models.kimi_k3.pipeline_parallel.vision_dep - INFO - vision_dep: 13 micro-batch(es) with images; encodes 8 before the schedule, 5 in idle slots; backwards 0 in idle slots, 13 after it
[rank2]:[titan] 2026-09-30 16:20:29,954 - torchtitan.models.kimi_k3.pipeline_parallel.vision_dep - INFO - vision_dep: 13 micro-batch(es) with images; encodes 8 before the schedule, 5 in idle slots; backwards 0 in idle slots, 13 after it
[rank1]:[titan] 2026-09-30 16:20:29,954 - torchtitan.models.kimi_k3.pipeline_parallel.vision_dep - INFO - vision_dep: 13 micro-batch(es) with images; encodes 8 before the schedule, 5 in idle slots; backwards 0 in idle slots, 13 after it
[rank1]:/root/mep/venv_src/lib/python3.12/site-packages/torch/distributed/fsdp/_fully_shard/_fsdp_state.py:336: UserWarning: FSDP2-wrapped module (FSDPCheckpointWrapper) returned a view tensor. An in-place op on this view (e.g., `x += y`) will silently drop the pre-backward hook and skip the all-gather, which can cause backward to fail or produce wrong gradients. Use out-of-place ops (`out = out + y`, not `out += y`) or `.clone()` the output before any in-place op.
[rank1]:  output = self._register_pre_backward_hook(output)
[rank1]:/root/mep/venv_src/lib/python3.12/site-packages/torch/distributed/fsdp/_fully_shard/_fsdp_state.py:336: UserWarning: FSDP2-wrapped module (FSDPKimiK3Model) returned a view tensor. An in-place op on this view (e.g., `x += y`) will silently drop the pre-backward hook and skip the all-gather, which can cause backward to fail or produce wrong gradients. Use out-of-place ops (`out = out + y`, not `out += y`) or `.clone()` the output before any in-place op.
[rank1]:  output = self._register_pre_backward_hook(output)
[rank2]:/root/mep/venv_src/lib/python3.12/site-packages/torch/distributed/fsdp/_fully_shard/_fsdp_state.py:336: UserWarning: FSDP2-wrapped module (FSDPCheckpointWrapper) returned a view tensor. An in-place op on this view (e.g., `x += y`) will silently drop the pre-backward hook and skip the all-gather, which can cause backward to fail or produce wrong gradients. Use out-of-place ops (`out = out + y`, not `out += y`) or `.clone()` the output before any in-place op.
[rank2]:  output = self._register_pre_backward_hook(output)
[rank3]:/root/mep/venv_src/lib/python3.12/site-packages/torch/distributed/fsdp/_fully_shard/_fsdp_state.py:336: UserWarning: FSDP2-wrapped module (FSDPCheckpointWrapper) returned a view tensor. An in-place op on this view (e.g., `x += y`) will silently drop the pre-backward hook and skip the all-gather, which can cause backward to fail or produce wrong gradients. Use out-of-place ops (`out = out + y`, not `out += y`) or `.clone()` the output before any in-place op.
[rank3]:  output = self._register_pre_backward_hook(output)
[rank3]:/root/mep/venv_src/lib/python3.12/site-packages/torch/distributed/fsdp/_fully_shard/_fsdp_state.py:336: UserWarning: FSDP2-wrapped module (FSDPKimiK3Model) returned a view tensor. An in-place op on this view (e.g., `x += y`) will silently drop the pre-backward hook and skip the all-gather, which can cause backward to fail or produce wrong gradients. Use out-of-place ops (`out = out + y`, not `out += y`) or `.clone()` the output before any in-place op.
[rank3]:  output = self._register_pre_backward_hook(output)
[rank0]:/root/mep/venv_src/lib/python3.12/site-packages/torch/distributed/fsdp/_fully_shard/_fsdp_state.py:336: UserWarning: FSDP2-wrapped module (FSDPCheckpointWrapper) returned a view tensor. An in-place op on this view (e.g., `x += y`) will silently drop the pre-backward hook and skip the all-gather, which can cause backward to fail or produce wrong gradients. Use out-of-place ops (`out = out + y`, not `out += y`) or `.clone()` the output before any in-place op.
[rank0]:  output = self._register_pre_backward_hook(output)
[rank0]:/root/mep/venv_src/lib/python3.12/site-packages/torch/distributed/fsdp/_fully_shard/_fsdp_state.py:336: UserWarning: FSDP2-wrapped module (FSDPKimiK3Model) returned a view tensor. An in-place op on this view (e.g., `x += y`) will silently drop the pre-backward hook and skip the all-gather, which can cause backward to fail or produce wrong gradients. Use out-of-place ops (`out = out + y`, not `out += y`) or `.clone()` the output before any in-place op.
[rank0]:  output = self._register_pre_backward_hook(output)
[rank1]:/root/mep/venv_src/lib/python3.12/site-packages/torch/distributed/fsdp/_fully_shard/_fsdp_state.py:336: UserWarning: FSDP2-wrapped module (FSDPCheckpointWrapper) returned a view tensor. An in-place op on this view (e.g., `x += y`) will silently drop the pre-backward hook and skip the all-gather, which can cause backward to fail or produce wrong gradients. Use out-of-place ops (`out = out + y`, not `out += y`) or `.clone()` the output before any in-place op.
[rank1]:  output = self._register_pre_backward_hook(output)
[rank1]:/root/mep/venv_src/lib/python3.12/site-packages/torch/distributed/fsdp/_fully_shard/_fsdp_state.py:336: UserWarning: FSDP2-wrapped module (FSDPKimiK3Model) returned a view tensor. An in-place op on this view (e.g., `x += y`) will silently drop the pre-backward hook and skip the all-gather, which can cause backward to fail or produce wrong gradients. Use out-of-place ops (`out = out + y`, not `out += y`) or `.clone()` the output before any in-place op.
[rank1]:  output = self._register_pre_backward_hook(output)
[rank3]:[titan] 2026-09-30 16:20:51,479 - torchtitan.observability.metrics - INFO - [31mstep:  1  [32mloss:  8.07911  [38;2;180;60;0mgrad_norm: 35.7500  [38;2;54;234;195mmemory: 63.24GiB(79.84%)  [34mtps: 276  [36mtflops: 15.31  [35mmfu: 1.55%[39m
[rank3]:[titan] 2026-09-30 16:20:51,493 - torchtitan.distributed.utils - INFO - Synchronizing and adjusting timeout for all ProcessGroups to 0:01:40
[rank1]:[titan] 2026-09-30 16:20:51,525 - torchtitan.observability.metrics - INFO - [31mstep:  1  [32mloss: -1.00000  [38;2;180;60;0mgrad_norm: 35.7500  [38;2;54;234;195mmemory: 59.97GiB(75.71%)  [34mtps: 275  [36mtflops: 15.30  [35mmfu: 1.55%[39m
[rank2]:[titan] 2026-09-30 16:20:51,535 - torchtitan.observability.metrics - INFO - [31mstep:  1  [32mloss: -1.00000  [38;2;180;60;0mgrad_norm: 35.7500  [38;2;54;234;195mmemory: 69.29GiB(87.48%)  [34mtps: 275  [36mtflops: 15.30  [35mmfu: 1.55%[39m
[rank1]:[titan] 2026-09-30 16:20:51,539 - torchtitan.distributed.utils - INFO - Synchronizing and adjusting timeout for all ProcessGroups to 0:01:40
[rank2]:[titan] 2026-09-30 16:20:51,549 - torchtitan.distributed.utils - INFO - Synchronizing and adjusting timeout for all ProcessGroups to 0:01:40
[rank0]:[titan] 2026-09-30 16:20:51,831 - torchtitan.observability.metrics - INFO - [31mstep:  1  [32mloss: -1.00000  [38;2;180;60;0mgrad_norm: 35.7500  [38;2;54;234;195mmemory: 67.03GiB(84.62%)  [34mtps: 274  [36mtflops: 15.22  [35mmfu: 1.54%[39m
[rank0]:[titan] 2026-09-30 16:20:51,831 - torchtitan.distributed.utils - INFO - Synchronizing and adjusting timeout for all ProcessGroups to 0:01:40
[rank1]:/root/mep/venv_src/lib/python3.12/site-packages/torch/distributed/fsdp/_fully_shard/_fsdp_state.py:336: UserWarning: FSDP2-wrapped module (FSDPCheckpointWrapper) returned a view tensor. An in-place op on this view (e.g., `x += y`) will silently drop the pre-backward hook and skip the all-gather, which can cause backward to fail or produce wrong gradients. Use out-of-place ops (`out = out + y`, not `out += y`) or `.clone()` the output before any in-place op.
[rank1]:  output = self._register_pre_backward_hook(output)
[rank1]:/root/mep/venv_src/lib/python3.12/site-packages/torch/distributed/fsdp/_fully_shard/_fsdp_state.py:336: UserWarning: FSDP2-wrapped module (FSDPKimiK3Model) returned a view tensor. An in-place op on this view (e.g., `x += y`) will silently drop the pre-backward hook and skip the all-gather, which can cause backward to fail or produce wrong gradients. Use out-of-place ops (`out = out + y`, not `out += y`) or `.clone()` the output before any in-place op.
[rank1]:  output = self._register_pre_backward_hook(output)
[rank2]:/root/mep/venv_src/lib/python3.12/site-packages/torch/distributed/fsdp/_fully_shard/_fsdp_state.py:336: UserWarning: FSDP2-wrapped module (FSDPCheckpointWrapper) returned a view tensor. An in-place op on this view (e.g., `x += y`) will silently drop the pre-backward hook and skip the all-gather, which can cause backward to fail or produce wrong gradients. Use out-of-place ops (`out = out + y`, not `out += y`) or `.clone()` the output before any in-place op.
[rank3]:/root/mep/venv_src/lib/python3.12/site-packages/torch/distributed/fsdp/_fully_shard/_fsdp_state.py:336: UserWarning: FSDP2-wrapped module (FSDPCheckpointWrapper) returned a view tensor. An in-place op on this view (e.g., `x += y`) will silently drop the pre-backward hook and skip the all-gather, which can cause backward to fail or produce wrong gradients. Use out-of-place ops (`out = out + y`, not `out += y`) or `.clone()` the output before any in-place op.
[rank2]:  output = self._register_pre_backward_hook(output)
[rank3]:  output = self._register_pre_backward_hook(output)
[rank3]:/root/mep/venv_src/lib/python3.12/site-packages/torch/distributed/fsdp/_fully_shard/_fsdp_state.py:336: UserWarning: FSDP2-wrapped module (FSDPKimiK3Model) returned a view tensor. An in-place op on this view (e.g., `x += y`) will silently drop the pre-backward hook and skip the all-gather, which can cause backward to fail or produce wrong gradients. Use out-of-place ops (`out = out + y`, not `out += y`) or `.clone()` the output before any in-place op.
[rank3]:  output = self._register_pre_backward_hook(output)
[rank0]:[rank0]:[W930 16:20:54.847573628 CUDACachingAllocator.cpp:623] expandable_segments: memory mapping failed with OOM on device 0 while trying to map 20971520 bytes (free: 2162688, total: 85049802752).
[rank2]:[rank2]:[W930 16:20:55.533983230 CUDACachingAllocator.cpp:623] expandable_segments: memory mapping failed with OOM on device 2 while trying to map 20971520 bytes (free: 4980736, total: 85049802752).
[rank0]:[rank0]:[W930 16:20:57.470793059 CUDACachingAllocator.cpp:623] expandable_segments: memory mapping failed with OOM on device 0 while trying to map 20971520 bytes (free: 21037056, total: 85049802752).
[rank2]:[rank2]:[W930 16:20:58.040527686 CUDACachingAllocator.cpp:623] expandable_segments: memory mapping failed with OOM on device 2 while trying to map 20971520 bytes (free: 4980736, total: 85049802752).
[rank3]:[titan] 2026-09-30 16:20:59,662 - torchtitan.observability.metrics - INFO - [31mstep:  2  [32mloss:  6.27806  [38;2;180;60;0mgrad_norm: 57.0000  [38;2;54;234;195mmemory: 67.03GiB(84.62%)  [34mtps: 2,002  [36mtflops: 111.21  [35mmfu: 11.24%[39m
[rank2]:[titan] 2026-09-30 16:20:59,669 - torchtitan.observability.metrics - WARNING - 2 CUDA memory allocation retries.
[rank0]:[titan] 2026-09-30 16:20:59,669 - torchtitan.observability.metrics - WARNING - 2 CUDA memory allocation retries.
[rank1]:[titan] 2026-09-30 16:20:59,667 - torchtitan.observability.metrics - INFO - [31mstep:  2  [32mloss: -1.00000  [38;2;180;60;0mgrad_norm: 57.0000  [38;2;54;234;195mmemory: 69.61GiB(87.88%)  [34mtps: 2,012  [36mtflops: 111.77  [35mmfu: 11.30%[39m
[rank2]:[titan] 2026-09-30 16:20:59,669 - torchtitan.observability.metrics - INFO - [31mstep:  2  [32mloss: -1.00000  [38;2;180;60;0mgrad_norm: 57.0000  [38;2;54;234;195mmemory: 74.35GiB(93.87%)  [34mtps: 2,014  [36mtflops: 111.87  [35mmfu: 11.31%[39m
[rank0]:[titan] 2026-09-30 16:20:59,669 - torchtitan.observability.metrics - INFO - [31mstep:  2  [32mloss: -1.00000  [38;2;180;60;0mgrad_norm: 57.0000  [38;2;54;234;195mmemory: 72.05GiB(90.96%)  [34mtps: 2,090  [36mtflops: 116.10  [35mmfu: 11.74%[39m
[rank0]:[rank0]:[W930 16:21:02.375690589 CUDACachingAllocator.cpp:623] expandable_segments: memory mapping failed with OOM on device 0 while trying to map 20971520 bytes (free: 2162688, total: 85049802752).
[rank0]:[rank0]:[W930 16:21:06.153962010 CUDACachingAllocator.cpp:623] expandable_segments: memory mapping failed with OOM on device 0 while trying to map 20971520 bytes (free: 21037056, total: 85049802752).
[rank2]:[rank2]:[W930 16:21:06.257408740 CUDACachingAllocator.cpp:623] expandable_segments: memory mapping failed with OOM on device 2 while trying to map 20971520 bytes (free: 2883584, total: 85049802752).
[rank3]:[titan] 2026-09-30 16:21:08,310 - torchtitan.observability.metrics - INFO - [31mstep:  3  [32mloss:  7.10753  [38;2;180;60;0mgrad_norm: 86.5000  [38;2;54;234;195mmemory: 67.03GiB(84.62%)  [34mtps: 1,895  [36mtflops: 105.23  [35mmfu: 10.64%[39m
[rank0]:[titan] 2026-09-30 16:21:08,317 - torchtitan.observability.metrics - WARNING - 4 CUDA memory allocation retries.
[rank0]:[titan] 2026-09-30 16:21:08,317 - torchtitan.observability.metrics - INFO - [31mstep:  3  [32mloss: -1.00000  [38;2;180;60;0mgrad_norm: 86.5000  [38;2;54;234;195mmemory: 71.89GiB(90.77%)  [34mtps: 1,895  [36mtflops: 105.23  [35mmfu: 10.64%[39m
[rank2]:[titan] 2026-09-30 16:21:08,317 - torchtitan.observability.metrics - WARNING - 3 CUDA memory allocation retries.
[rank2]:[titan] 2026-09-30 16:21:08,317 - torchtitan.observability.metrics - INFO - [31mstep:  3  [32mloss: -1.00000  [38;2;180;60;0mgrad_norm: 86.5000  [38;2;54;234;195mmemory: 74.43GiB(93.97%)  [34mtps: 1,895  [36mtflops: 105.23  [35mmfu: 10.64%[39m
[rank1]:[titan] 2026-09-30 16:21:08,315 - torchtitan.observability.metrics - INFO - [31mstep:  3  [32mloss: -1.00000  [38;2;180;60;0mgrad_norm: 86.5000  [38;2;54;234;195mmemory: 70.43GiB(88.91%)  [34mtps: 1,895  [36mtflops: 105.23  [35mmfu: 10.64%[39m
[rank0]:[rank0]:[W930 16:21:10.471207542 CUDACachingAllocator.cpp:623] expandable_segments: memory mapping failed with OOM on device 0 while trying to map 20971520 bytes (free: 2162688, total: 85049802752).
[rank2]:[rank2]:[W930 16:21:13.161666533 CUDACachingAllocator.cpp:623] expandable_segments: memory mapping failed with OOM on device 2 while trying to map 20971520 bytes (free: 2883584, total: 85049802752).
[rank0]:[rank0]:[W930 16:21:14.694649872 CUDACachingAllocator.cpp:623] expandable_segments: memory mapping failed with OOM on device 0 while trying to map 20971520 bytes (free: 21037056, total: 85049802752).
[rank2]:[rank2]:[W930 16:21:14.298383472 CUDACachingAllocator.cpp:623] expandable_segments: memory mapping failed with OOM on device 2 while trying to map 20971520 bytes (free: 4980736, total: 85049802752).
[rank3]:[titan] 2026-09-30 16:21:16,040 - torchtitan.observability.metrics - INFO - [31mstep:  4  [32mloss:  7.62326  [38;2;180;60;0mgrad_norm: 108.0000  [38;2;54;234;195mmemory: 67.24GiB(84.89%)  [34mtps: 2,120  [36mtflops: 117.72  [35mmfu: 11.90%[39m
[rank0]:[titan] 2026-09-30 16:21:16,047 - torchtitan.observability.metrics - WARNING - 6 CUDA memory allocation retries.
[rank0]:[titan] 2026-09-30 16:21:16,047 - torchtitan.observability.metrics - INFO - [31mstep:  4  [32mloss: -1.00000  [38;2;180;60;0mgrad_norm: 108.0000  [38;2;54;234;195mmemory: 72.01GiB(90.92%)  [34mtps: 2,120  [36mtflops: 117.73  [35mmfu: 11.90%[39m
[rank2]:[titan] 2026-09-30 16:21:16,047 - torchtitan.observability.metrics - WARNING - 5 CUDA memory allocation retries.
[rank2]:[titan] 2026-09-30 16:21:16,047 - torchtitan.observability.metrics - INFO - [31mstep:  4  [32mloss: -1.00000  [38;2;180;60;0mgrad_norm: 108.0000  [38;2;54;234;195mmemory: 73.22GiB(92.44%)  [34mtps: 2,120  [36mtflops: 117.73  [35mmfu: 11.90%[39m
[rank1]:[titan] 2026-09-30 16:21:16,045 - torchtitan.observability.metrics - INFO - [31mstep:  4  [32mloss: -1.00000  [38;2;180;60;0mgrad_norm: 108.0000  [38;2;54;234;195mmemory: 70.43GiB(88.91%)  [34mtps: 2,120  [36mtflops: 117.73  [35mmfu: 11.90%[39m
[rank0]:[rank0]:[W930 16:21:18.023511384 CUDACachingAllocator.cpp:623] expandable_segments: memory mapping failed with OOM on device 0 while trying to map 20971520 bytes (free: 2162688, total: 85049802752).
[rank2]:[rank2]:[W930 16:21:21.134152628 CUDACachingAllocator.cpp:623] expandable_segments: memory mapping failed with OOM on device 2 while trying to map 20971520 bytes (free: 2883584, total: 85049802752).
[rank0]:[rank0]:[W930 16:21:21.236069039 CUDACachingAllocator.cpp:623] expandable_segments: memory mapping failed with OOM on device 0 while trying to map 20971520 bytes (free: 21037056, total: 85049802752).
[rank3]:[titan] 2026-09-30 16:21:23,326 - torchtitan.observability.metrics - INFO - [31mstep:  5  [32mloss:  6.54913  [38;2;180;60;0mgrad_norm: 114.5000  [38;2;54;234;195mmemory: 67.24GiB(84.89%)  [34mtps: 2,249  [36mtflops: 124.91  [35mmfu: 12.63%[39m
[rank2]:[titan] 2026-09-30 16:21:23,332 - torchtitan.observability.metrics - WARNING - 6 CUDA memory allocation retries.
[rank0]:[titan] 2026-09-30 16:21:23,332 - torchtitan.observability.metrics - WARNING - 8 CUDA memory allocation retries.
[rank2]:[titan] 2026-09-30 16:21:23,333 - torchtitan.observability.metrics - INFO - [31mstep:  5  [32mloss: -1.00000  [38;2;180;60;0mgrad_norm: 114.5000  [38;2;54;234;195mmemory: 71.87GiB(90.74%)  [34mtps: 2,249  [36mtflops: 124.90  [35mmfu: 12.63%[39m
[rank0]:[titan] 2026-09-30 16:21:23,332 - torchtitan.observability.metrics - INFO - [31mstep:  5  [32mloss: -1.00000  [38;2;180;60;0mgrad_norm: 114.5000  [38;2;54;234;195mmemory: 72.17GiB(91.11%)  [34mtps: 2,249  [36mtflops: 124.91  [35mmfu: 12.63%[39m
[rank1]:[titan] 2026-09-30 16:21:23,331 - torchtitan.observability.metrics - INFO - [31mstep:  5  [32mloss: -1.00000  [38;2;180;60;0mgrad_norm: 114.5000  [38;2;54;234;195mmemory: 70.43GiB(88.91%)  [34mtps: 2,249  [36mtflops: 124.91  [35mmfu: 12.63%[39m
[rank0]:[rank0]:[W930 16:21:25.373965035 CUDACachingAllocator.cpp:623] expandable_segments: memory mapping failed with OOM on device 0 while trying to map 20971520 bytes (free: 2162688, total: 85049802752).
[rank2]:[rank2]:[W930 16:21:27.897029391 CUDACachingAllocator.cpp:623] expandable_segments: memory mapping failed with OOM on device 2 while trying to map 20971520 bytes (free: 2883584, total: 85049802752).
[rank0]:[rank0]:[W930 16:21:28.532142803 CUDACachingAllocator.cpp:623] expandable_segments: memory mapping failed with OOM on device 0 while trying to map 20971520 bytes (free: 21037056, total: 85049802752).
[rank2]:[rank2]:[W930 16:21:29.290706504 CUDACachingAllocator.cpp:623] expandable_segments: memory mapping failed with OOM on device 2 while trying to map 20971520 bytes (free: 2883584, total: 85049802752).
[rank2]:[titan] 2026-09-30 16:21:30,700 - torchtitan.observability.metrics - WARNING - 8 CUDA memory allocation retries.
[rank2]:[titan] 2026-09-30 16:21:30,700 - torchtitan.observability.metrics - INFO - [31mstep:  6  [32mloss: -1.00000  [38;2;180;60;0mgrad_norm: 63.0000  [38;2;54;234;195mmemory: 74.35GiB(93.87%)  [34mtps: 2,224  [36mtflops: 123.52  [35mmfu: 12.49%[39m
[rank1]:[titan] 2026-09-30 16:21:30,698 - torchtitan.observability.metrics - INFO - [31mstep:  6  [32mloss: -1.00000  [38;2;180;60;0mgrad_norm: 63.0000  [38;2;54;234;195mmemory: 70.43GiB(88.91%)  [34mtps: 2,224  [36mtflops: 123.52  [35mmfu: 12.49%[39m
[rank0]:[titan] 2026-09-30 16:21:30,700 - torchtitan.observability.metrics - WARNING - 10 CUDA memory allocation retries.
[rank0]:[titan] 2026-09-30 16:21:30,700 - torchtitan.observability.metrics - INFO - [31mstep:  6  [32mloss: -1.00000  [38;2;180;60;0mgrad_norm: 63.0000  [38;2;54;234;195mmemory: 71.91GiB(90.79%)  [34mtps: 2,224  [36mtflops: 123.52  [35mmfu: 12.49%[39m
[rank3]:[titan] 2026-09-30 16:21:30,693 - torchtitan.observability.metrics - INFO - [31mstep:  6  [32mloss:  9.10712  [38;2;180;60;0mgrad_norm: 63.0000  [38;2;54;234;195mmemory: 67.24GiB(84.89%)  [34mtps: 2,224  [36mtflops: 123.52  [35mmfu: 12.49%[39m
[rank0]:[rank0]:[W930 16:21:33.969375514 CUDACachingAllocator.cpp:623] expandable_segments: memory mapping failed with OOM on device 0 while trying to map 20971520 bytes (free: 2162688, total: 85049802752).
[rank2]:[rank2]:[W930 16:21:36.053475403 CUDACachingAllocator.cpp:623] expandable_segments: memory mapping failed with OOM on device 2 while trying to map 20971520 bytes (free: 2883584, total: 85049802752).
[rank0]:[rank0]:[W930 16:21:36.159298426 CUDACachingAllocator.cpp:623] expandable_segments: memory mapping failed with OOM on device 0 while trying to map 20971520 bytes (free: 21037056, total: 85049802752).
[rank2]:[titan] 2026-09-30 16:21:38,418 - torchtitan.observability.metrics - WARNING - 9 CUDA memory allocation retries.
[rank0]:[titan] 2026-09-30 16:21:38,418 - torchtitan.observability.metrics - WARNING - 12 CUDA memory allocation retries.
[rank2]:[titan] 2026-09-30 16:21:38,418 - torchtitan.observability.metrics - INFO - [31mstep:  7  [32mloss: -1.00000  [38;2;180;60;0mgrad_norm: 60.7500  [38;2;54;234;195mmemory: 73.90GiB(93.30%)  [34mtps: 2,123  [36mtflops: 117.91  [35mmfu: 11.92%[39m
[rank1]:[titan] 2026-09-30 16:21:38,416 - torchtitan.observability.metrics - INFO - [31mstep:  7  [32mloss: -1.00000  [38;2;180;60;0mgrad_norm: 60.7500  [38;2;54;234;195mmemory: 70.50GiB(89.01%)  [34mtps: 2,123  [36mtflops: 117.91  [35mmfu: 11.92%[39m
[rank0]:[titan] 2026-09-30 16:21:38,418 - torchtitan.observability.metrics - INFO - [31mstep:  7  [32mloss: -1.00000  [38;2;180;60;0mgrad_norm: 60.7500  [38;2;54;234;195mmemory: 72.23GiB(91.19%)  [34mtps: 2,123  [36mtflops: 117.91  [35mmfu: 11.92%[39m
[rank3]:[titan] 2026-09-30 16:21:38,411 - torchtitan.observability.metrics - INFO - [31mstep:  7  [32mloss:  8.05216  [38;2;180;60;0mgrad_norm: 60.7500  [38;2;54;234;195mmemory: 67.24GiB(84.89%)  [34mtps: 2,123  [36mtflops: 117.91  [35mmfu: 11.92%[39m
[rank0]:[rank0]:[W930 16:21:40.515387393 CUDACachingAllocator.cpp:623] expandable_segments: memory mapping failed with OOM on device 0 while trying to map 20971520 bytes (free: 2162688, total: 85049802752).
[rank2]:[rank2]:[W930 16:21:42.042854384 CUDACachingAllocator.cpp:623] expandable_segments: memory mapping failed with OOM on device 2 while trying to map 20971520 bytes (free: 2883584, total: 85049802752).
[rank0]:[rank0]:[W930 16:21:44.661691417 CUDACachingAllocator.cpp:623] expandable_segments: memory mapping failed with OOM on device 0 while trying to map 20971520 bytes (free: 21037056, total: 85049802752).
[rank2]:[rank2]:[W930 16:21:44.283532267 CUDACachingAllocator.cpp:623] expandable_segments: memory mapping failed with OOM on device 2 while trying to map 20971520 bytes (free: 2883584, total: 85049802752).
[rank0]:[titan] 2026-09-30 16:21:45,862 - torchtitan.observability.metrics - WARNING - 14 CUDA memory allocation retries.
[rank1]:[titan] 2026-09-30 16:21:45,860 - torchtitan.observability.metrics - INFO - [31mstep:  8  [32mloss: -1.00000  [38;2;180;60;0mgrad_norm: 232.0000  [38;2;54;234;195mmemory: 70.50GiB(89.01%)  [34mtps: 2,201  [36mtflops: 122.25  [35mmfu: 12.36%[39m
[rank2]:[titan] 2026-09-30 16:21:45,862 - torchtitan.observability.metrics - WARNING - 11 CUDA memory allocation retries.
[rank0]:[titan] 2026-09-30 16:21:45,862 - torchtitan.observability.metrics - INFO - [31mstep:  8  [32mloss: -1.00000  [38;2;180;60;0mgrad_norm: 232.0000  [38;2;54;234;195mmemory: 71.95GiB(90.84%)  [34mtps: 2,201  [36mtflops: 122.25  [35mmfu: 12.36%[39m
[rank2]:[titan] 2026-09-30 16:21:45,862 - torchtitan.observability.metrics - INFO - [31mstep:  8  [32mloss: -1.00000  [38;2;180;60;0mgrad_norm: 232.0000  [38;2;54;234;195mmemory: 74.29GiB(93.80%)  [34mtps: 2,201  [36mtflops: 122.25  [35mmfu: 12.36%[39m
[rank3]:[titan] 2026-09-30 16:21:45,855 - torchtitan.observability.metrics - INFO - [31mstep:  8  [32mloss:  7.42857  [38;2;180;60;0mgrad_norm: 232.0000  [38;2;54;234;195mmemory: 67.24GiB(84.89%)  [34mtps: 2,201  [36mtflops: 122.25  [35mmfu: 12.36%[39m
[rank0]:[rank0]:[W930 16:21:48.021958842 CUDACachingAllocator.cpp:623] expandable_segments: memory mapping failed with OOM on device 0 while trying to map 20971520 bytes (free: 2162688, total: 85049802752).
[rank2]:[rank2]:[W930 16:21:51.019203194 CUDACachingAllocator.cpp:623] expandable_segments: memory mapping failed with OOM on device 2 while trying to map 20971520 bytes (free: 2883584, total: 85049802752).
[rank0]:[rank0]:[W930 16:21:51.106726975 CUDACachingAllocator.cpp:623] expandable_segments: memory mapping failed with OOM on device 0 while trying to map 20971520 bytes (free: 21037056, total: 85049802752).
[rank2]:[titan] 2026-09-30 16:21:53,469 - torchtitan.observability.metrics - WARNING - 12 CUDA memory allocation retries.
[rank2]:[titan] 2026-09-30 16:21:53,469 - torchtitan.observability.metrics - INFO - [31mstep:  9  [32mloss: -1.00000  [38;2;180;60;0mgrad_norm: 1480.0000  [38;2;54;234;195mmemory: 73.40GiB(92.66%)  [34mtps: 2,154  [36mtflops: 119.63  [35mmfu: 12.10%[39m
[rank0]:[titan] 2026-09-30 16:21:53,469 - torchtitan.observability.metrics - WARNING - 16 CUDA memory allocation retries.
[rank0]:[titan] 2026-09-30 16:21:53,469 - torchtitan.observability.metrics - INFO - [31mstep:  9  [32mloss: -1.00000  [38;2;180;60;0mgrad_norm: 1480.0000  [38;2;54;234;195mmemory: 71.78GiB(90.62%)  [34mtps: 2,154  [36mtflops: 119.63  [35mmfu: 12.10%[39m
[rank1]:[titan] 2026-09-30 16:21:53,468 - torchtitan.observability.metrics - INFO - [31mstep:  9  [32mloss: -1.00000  [38;2;180;60;0mgrad_norm: 1480.0000  [38;2;54;234;195mmemory: 70.50GiB(89.01%)  [34mtps: 2,154  [36mtflops: 119.63  [35mmfu: 12.10%[39m
[rank3]:[titan] 2026-09-30 16:21:53,463 - torchtitan.observability.metrics - INFO - [31mstep:  9  [32mloss:  7.34001  [38;2;180;60;0mgrad_norm: 1480.0000  [38;2;54;234;195mmemory: 67.24GiB(84.89%)  [34mtps: 2,154  [36mtflops: 119.62  [35mmfu: 12.09%[39m
[rank0]:[rank0]:[W930 16:21:56.741885523 CUDACachingAllocator.cpp:623] expandable_segments: memory mapping failed with OOM on device 0 while trying to map 20971520 bytes (free: 2162688, total: 85049802752).
[rank2]:[rank2]:[W930 16:21:57.334790379 CUDACachingAllocator.cpp:623] expandable_segments: memory mapping failed with OOM on device 2 while trying to map 20971520 bytes (free: 2883584, total: 85049802752).
[rank0]:[rank0]:[W930 16:21:59.980747733 CUDACachingAllocator.cpp:623] expandable_segments: memory mapping failed with OOM on device 0 while trying to map 20971520 bytes (free: 21037056, total: 85049802752).
[rank2]:[rank2]:[W930 16:22:00.609057843 CUDACachingAllocator.cpp:623] expandable_segments: memory mapping failed with OOM on device 2 while trying to map 20971520 bytes (free: 2883584, total: 85049802752).
[rank1]:[titan] 2026-09-30 16:22:01,334 - torchtitan.observability.metrics - INFO - [31mstep: 10  [32mloss: -1.00000  [38;2;180;60;0mgrad_norm: 115.0000  [38;2;54;234;195mmemory: 70.52GiB(89.03%)  [34mtps: 2,083  [36mtflops: 115.69  [35mmfu: 11.70%[39m
[rank0]:[titan] 2026-09-30 16:22:01,335 - torchtitan.observability.metrics - WARNING - 18 CUDA memory allocation retries.
[rank2]:[titan] 2026-09-30 16:22:01,335 - torchtitan.observability.metrics - WARNING - 14 CUDA memory allocation retries.
[rank0]:[titan] 2026-09-30 16:22:01,335 - torchtitan.observability.metrics - INFO - [31mstep: 10  [32mloss: -1.00000  [38;2;180;60;0mgrad_norm: 115.0000  [38;2;54;234;195mmemory: 71.84GiB(90.69%)  [34mtps: 2,083  [36mtflops: 115.68  [35mmfu: 11.70%[39m
[rank2]:[titan] 2026-09-30 16:22:01,335 - torchtitan.observability.metrics - INFO - [31mstep: 10  [32mloss: -1.00000  [38;2;180;60;0mgrad_norm: 115.0000  [38;2;54;234;195mmemory: 74.39GiB(93.92%)  [34mtps: 2,083  [36mtflops: 115.69  [35mmfu: 11.70%[39m
[rank3]:[titan] 2026-09-30 16:22:01,329 - torchtitan.observability.metrics - INFO - [31mstep: 10  [32mloss:  7.83375  [38;2;180;60;0mgrad_norm: 115.0000  [38;2;54;234;195mmemory: 67.26GiB(84.92%)  [34mtps: 2,083  [36mtflops: 115.70  [35mmfu: 11.70%[39m
[rank0]:[rank0]:[W930 16:22:03.378438383 CUDACachingAllocator.cpp:623] expandable_segments: memory mapping failed with OOM on device 0 while trying to map 20971520 bytes (free: 2162688, total: 85049802752).
[rank2]:[rank2]:[W930 16:22:06.338620163 CUDACachingAllocator.cpp:623] expandable_segments: memory mapping failed with OOM on device 2 while trying to map 20971520 bytes (free: 2883584, total: 85049802752).
[rank0]:[rank0]:[W930 16:22:06.433971612 CUDACachingAllocator.cpp:623] expandable_segments: memory mapping failed with OOM on device 0 while trying to map 20971520 bytes (free: 21037056, total: 85049802752).
[rank2]:[titan] 2026-09-30 16:22:08,775 - torchtitan.observability.metrics - WARNING - 15 CUDA memory allocation retries.
[rank0]:[titan] 2026-09-30 16:22:08,775 - torchtitan.observability.metrics - WARNING - 20 CUDA memory allocation retries.
[rank2]:[titan] 2026-09-30 16:22:08,775 - torchtitan.observability.metrics - INFO - [31mstep: 11  [32mloss: -1.00000  [38;2;180;60;0mgrad_norm: 62.7500  [38;2;54;234;195mmemory: 72.44GiB(91.45%)  [34mtps: 2,202  [36mtflops: 122.32  [35mmfu: 12.37%[39m
[rank3]:[titan] 2026-09-30 16:22:08,768 - torchtitan.observability.metrics - INFO - [31mstep: 11  [32mloss:  5.72098  [38;2;180;60;0mgrad_norm: 62.7500  [38;2;54;234;195mmemory: 67.26GiB(84.92%)  [34mtps: 2,202  [36mtflops: 122.32  [35mmfu: 12.37%[39m
[rank1]:[titan] 2026-09-30 16:22:08,774 - torchtitan.observability.metrics - INFO - [31mstep: 11  [32mloss: -1.00000  [38;2;180;60;0mgrad_norm: 62.7500  [38;2;54;234;195mmemory: 70.52GiB(89.03%)  [34mtps: 2,202  [36mtflops: 122.32  [35mmfu: 12.37%[39m
[rank0]:[titan] 2026-09-30 16:22:08,775 - torchtitan.observability.metrics - INFO - [31mstep: 11  [32mloss: -1.00000  [38;2;180;60;0mgrad_norm: 62.7500  [38;2;54;234;195mmemory: 72.13GiB(91.06%)  [34mtps: 2,202  [36mtflops: 122.33  [35mmfu: 12.37%[39m
[rank0]:[rank0]:[W930 16:22:11.578174038 CUDACachingAllocator.cpp:623] expandable_segments: memory mapping failed with OOM on device 0 while trying to map 20971520 bytes (free: 2162688, total: 85049802752).
[rank2]:[rank2]:[W930 16:22:12.112561617 CUDACachingAllocator.cpp:623] expandable_segments: memory mapping failed with OOM on device 2 while trying to map 20971520 bytes (free: 2883584, total: 85049802752).
[rank0]:[rank0]:[W930 16:22:14.766475583 CUDACachingAllocator.cpp:623] expandable_segments: memory mapping failed with OOM on device 0 while trying to map 20971520 bytes (free: 21037056, total: 85049802752).
[rank2]:[rank2]:[W930 16:22:14.426393728 CUDACachingAllocator.cpp:623] expandable_segments: memory mapping failed with OOM on device 2 while trying to map 20971520 bytes (free: 2883584, total: 85049802752).
[rank0]:[titan] 2026-09-30 16:22:15,694 - torchtitan.observability.metrics - WARNING - 22 CUDA memory allocation retries.
[rank0]:[titan] 2026-09-30 16:22:15,694 - torchtitan.observability.metrics - INFO - [31mstep: 12  [32mloss: -1.00000  [38;2;180;60;0mgrad_norm: 100.5000  [38;2;54;234;195mmemory: 72.23GiB(91.19%)  [34mtps: 2,368  [36mtflops: 131.52  [35mmfu: 13.30%[39m
[rank1]:[titan] 2026-09-30 16:22:15,693 - torchtitan.observability.metrics - INFO - [31mstep: 12  [32mloss: -1.00000  [38;2;180;60;0mgrad_norm: 100.5000  [38;2;54;234;195mmemory: 70.52GiB(89.03%)  [34mtps: 2,368  [36mtflops: 131.53  [35mmfu: 13.30%[39m
[rank2]:[titan] 2026-09-30 16:22:15,694 - torchtitan.observability.metrics - WARNING - 17 CUDA memory allocation retries.
[rank2]:[titan] 2026-09-30 16:22:15,694 - torchtitan.observability.metrics - INFO - [31mstep: 12  [32mloss: -1.00000  [38;2;180;60;0mgrad_norm: 100.5000  [38;2;54;234;195mmemory: 74.37GiB(93.89%)  [34mtps: 2,368  [36mtflops: 131.53  [35mmfu: 13.30%[39m
[rank3]:[titan] 2026-09-30 16:22:15,687 - torchtitan.observability.metrics - INFO - [31mstep: 12  [32mloss:  5.64271  [38;2;180;60;0mgrad_norm: 100.5000  [38;2;54;234;195mmemory: 67.26GiB(84.92%)  [34mtps: 2,368  [36mtflops: 131.53  [35mmfu: 13.30%[39m
[rank0]:[rank0]:[W930 16:22:18.849398771 CUDACachingAllocator.cpp:623] expandable_segments: memory mapping failed with OOM on device 0 while trying to map 20971520 bytes (free: 2162688, total: 85049802752).
[rank2]:[rank2]:[W930 16:22:21.837686844 CUDACachingAllocator.cpp:623] expandable_segments: memory mapping failed with OOM on device 2 while trying to map 20971520 bytes (free: 2883584, total: 85049802752).
[rank0]:[rank0]:[W930 16:22:21.951867355 CUDACachingAllocator.cpp:623] expandable_segments: memory mapping failed with OOM on device 0 while trying to map 20971520 bytes (free: 21037056, total: 85049802752).
[rank0]:[titan] 2026-09-30 16:22:23,503 - torchtitan.observability.metrics - WARNING - 24 CUDA memory allocation retries.
[rank2]:[titan] 2026-09-30 16:22:23,503 - torchtitan.observability.metrics - WARNING - 18 CUDA memory allocation retries.
[rank2]:[titan] 2026-09-30 16:22:23,503 - torchtitan.observability.metrics - INFO - [31mstep: 13  [32mloss: -1.00000  [38;2;180;60;0mgrad_norm: 31.7500  [38;2;54;234;195mmemory: 74.12GiB(93.57%)  [34mtps: 2,098  [36mtflops: 116.53  [35mmfu: 11.78%[39m
[rank1]:[titan] 2026-09-30 16:22:23,502 - torchtitan.observability.metrics - INFO - [31mstep: 13  [32mloss: -1.00000  [38;2;180;60;0mgrad_norm: 31.7500  [38;2;54;234;195mmemory: 70.52GiB(89.03%)  [34mtps: 2,098  [36mtflops: 116.53  [35mmfu: 11.78%[39m
[rank0]:[titan] 2026-09-30 16:22:23,503 - torchtitan.observability.metrics - INFO - [31mstep: 13  [32mloss: -1.00000  [38;2;180;60;0mgrad_norm: 31.7500  [38;2;54;234;195mmemory: 72.21GiB(91.16%)  [34mtps: 2,098  [36mtflops: 116.53  [35mmfu: 11.78%[39m
[rank3]:[titan] 2026-09-30 16:22:23,497 - torchtitan.observability.metrics - INFO - [31mstep: 13  [32mloss:  4.43481  [38;2;180;60;0mgrad_norm: 31.7500  [38;2;54;234;195mmemory: 67.26GiB(84.92%)  [34mtps: 2,098  [36mtflops: 116.53  [35mmfu: 11.78%[39m
[rank0]:[rank0]:[W930 16:22:26.585080166 CUDACachingAllocator.cpp:623] expandable_segments: memory mapping failed with OOM on device 0 while trying to map 20971520 bytes (free: 2162688, total: 85049802752).
[rank2]:[rank2]:[W930 16:22:27.119578207 CUDACachingAllocator.cpp:623] expandable_segments: memory mapping failed with OOM on device 2 while trying to map 20971520 bytes (free: 2883584, total: 85049802752).
[rank0]:[rank0]:[W930 16:22:29.607521149 CUDACachingAllocator.cpp:623] expandable_segments: memory mapping failed with OOM on device 0 while trying to map 20971520 bytes (free: 21037056, total: 85049802752).
[rank0]:[rank0]:[W930 16:22:29.153576670 CUDACachingAllocator.cpp:623] expandable_segments: memory mapping failed with OOM on device 0 while trying to map 20971520 bytes (free: 2162688, total: 85049802752).
[rank2]:[rank2]:[W930 16:22:29.433632827 CUDACachingAllocator.cpp:623] expandable_segments: memory mapping failed with OOM on device 2 while trying to map 20971520 bytes (free: 2883584, total: 85049802752).
[rank3]:[titan] 2026-09-30 16:22:31,059 - torchtitan.observability.metrics - INFO - [31mstep: 14  [32mloss:  4.57729  [38;2;180;60;0mgrad_norm: 25.3750  [38;2;54;234;195mmemory: 67.26GiB(84.92%)  [34mtps: 2,167  [36mtflops: 120.34  [35mmfu: 12.17%[39m
[rank1]:[titan] 2026-09-30 16:22:31,064 - torchtitan.observability.metrics - INFO - [31mstep: 14  [32mloss: -1.00000  [38;2;180;60;0mgrad_norm: 25.3750  [38;2;54;234;195mmemory: 70.52GiB(89.03%)  [34mtps: 2,167  [36mtflops: 120.34  [35mmfu: 12.17%[39m
[rank0]:[titan] 2026-09-30 16:22:31,065 - torchtitan.observability.metrics - WARNING - 27 CUDA memory allocation retries.
[rank0]:[titan] 2026-09-30 16:22:31,065 - torchtitan.observability.metrics - INFO - [31mstep: 14  [32mloss: -1.00000  [38;2;180;60;0mgrad_norm: 25.3750  [38;2;54;234;195mmemory: 72.15GiB(91.09%)  [34mtps: 2,167  [36mtflops: 120.34  [35mmfu: 12.17%[39m
[rank2]:[titan] 2026-09-30 16:22:31,065 - torchtitan.observability.metrics - WARNING - 20 CUDA memory allocation retries.
[rank2]:[titan] 2026-09-30 16:22:31,065 - torchtitan.observability.metrics - INFO - [31mstep: 14  [32mloss: -1.00000  [38;2;180;60;0mgrad_norm: 25.3750  [38;2;54;234;195mmemory: 74.37GiB(93.89%)  [34mtps: 2,167  [36mtflops: 120.34  [35mmfu: 12.17%[39m
[rank0]:[rank0]:[W930 16:22:34.433621627 CUDACachingAllocator.cpp:623] expandable_segments: memory mapping failed with OOM on device 0 while trying to map 20971520 bytes (free: 21037056, total: 85049802752).
[rank2]:[rank2]:[W930 16:22:36.110355305 CUDACachingAllocator.cpp:623] expandable_segments: memory mapping failed with OOM on device 2 while trying to map 20971520 bytes (free: 2883584, total: 85049802752).
[rank0]:[rank0]:[W930 16:22:36.227953690 CUDACachingAllocator.cpp:623] expandable_segments: memory mapping failed with OOM on device 0 while trying to map 20971520 bytes (free: 21037056, total: 85049802752).
[rank3]:[titan] 2026-09-30 16:22:38,682 - torchtitan.observability.metrics - INFO - [31mstep: 15  [32mloss:  4.06493  [38;2;180;60;0mgrad_norm: 1928.0000  [38;2;54;234;195mmemory: 67.26GiB(84.92%)  [34mtps: 2,149  [36mtflops: 119.37  [35mmfu: 12.07%[39m
[rank2]:[titan] 2026-09-30 16:22:38,689 - torchtitan.observability.metrics - WARNING - 21 CUDA memory allocation retries.
[rank1]:[titan] 2026-09-30 16:22:38,687 - torchtitan.observability.metrics - INFO - [31mstep: 15  [32mloss: -1.00000  [38;2;180;60;0mgrad_norm: 1928.0000  [38;2;54;234;195mmemory: 70.52GiB(89.03%)  [34mtps: 2,149  [36mtflops: 119.37  [35mmfu: 12.07%[39m
[rank0]:[titan] 2026-09-30 16:22:38,689 - torchtitan.observability.metrics - WARNING - 29 CUDA memory allocation retries.
[rank2]:[titan] 2026-09-30 16:22:38,689 - torchtitan.observability.metrics - INFO - [31mstep: 15  [32mloss: -1.00000  [38;2;180;60;0mgrad_norm: 1928.0000  [38;2;54;234;195mmemory: 74.45GiB(93.99%)  [34mtps: 2,149  [36mtflops: 119.37  [35mmfu: 12.07%[39m
[rank0]:[titan] 2026-09-30 16:22:38,689 - torchtitan.observability.metrics - INFO - [31mstep: 15  [32mloss: -1.00000  [38;2;180;60;0mgrad_norm: 1928.0000  [38;2;54;234;195mmemory: 72.21GiB(91.16%)  [34mtps: 2,149  [36mtflops: 119.37  [35mmfu: 12.07%[39m
[rank0]:[rank0]:[W930 16:22:41.895899786 CUDACachingAllocator.cpp:623] expandable_segments: memory mapping failed with OOM on device 0 while trying to map 20971520 bytes (free: 2162688, total: 85049802752).
[rank2]:[rank2]:[W930 16:22:42.475380163 CUDACachingAllocator.cpp:623] expandable_segments: memory mapping failed with OOM on device 2 while trying to map 20971520 bytes (free: 2883584, total: 85049802752).
[rank0]:[rank0]:[W930 16:22:44.967609371 CUDACachingAllocator.cpp:623] expandable_segments: memory mapping failed with OOM on device 0 while trying to map 20971520 bytes (free: 21037056, total: 85049802752).
[rank0]:[rank0]:[W930 16:22:45.564577792 CUDACachingAllocator.cpp:623] expandable_segments: memory mapping failed with OOM on device 0 while trying to map 20971520 bytes (free: 2162688, total: 85049802752).
[rank2]:[rank2]:[W930 16:22:45.821350768 CUDACachingAllocator.cpp:623] expandable_segments: memory mapping failed with OOM on device 2 while trying to map 20971520 bytes (free: 2883584, total: 85049802752).
[rank3]:[titan] 2026-09-30 16:22:46,619 - torchtitan.observability.metrics - INFO - [31mstep: 16  [32mloss:  4.95021  [38;2;180;60;0mgrad_norm: 26.7500  [38;2;54;234;195mmemory: 67.40GiB(85.09%)  [34mtps: 2,065  [36mtflops: 114.67  [35mmfu: 11.59%[39m
[rank0]:[titan] 2026-09-30 16:22:46,625 - torchtitan.observability.metrics - WARNING - 32 CUDA memory allocation retries.
[rank1]:[titan] 2026-09-30 16:22:46,624 - torchtitan.observability.metrics - INFO - [31mstep: 16  [32mloss: -1.00000  [38;2;180;60;0mgrad_norm: 26.7500  [38;2;54;234;195mmemory: 70.52GiB(89.03%)  [34mtps: 2,064  [36mtflops: 114.66  [35mmfu: 11.59%[39m
[rank0]:[titan] 2026-09-30 16:22:46,626 - torchtitan.observability.metrics - INFO - [31mstep: 16  [32mloss: -1.00000  [38;2;180;60;0mgrad_norm: 26.7500  [38;2;54;234;195mmemory: 71.78GiB(90.62%)  [34mtps: 2,065  [36mtflops: 114.66  [35mmfu: 11.59%[39m
[rank2]:[titan] 2026-09-30 16:22:46,625 - torchtitan.observability.metrics - WARNING - 23 CUDA memory allocation retries.
[rank2]:[titan] 2026-09-30 16:22:46,626 - torchtitan.observability.metrics - INFO - [31mstep: 16  [32mloss: -1.00000  [38;2;180;60;0mgrad_norm: 26.7500  [38;2;54;234;195mmemory: 74.28GiB(93.77%)  [34mtps: 2,064  [36mtflops: 114.66  [35mmfu: 11.59%[39m
[rank0]:[rank0]:[W930 16:22:49.836987865 CUDACachingAllocator.cpp:623] expandable_segments: memory mapping failed with OOM on device 0 while trying to map 20971520 bytes (free: 21037056, total: 85049802752).
[rank2]:[rank2]:[W930 16:22:52.546234132 CUDACachingAllocator.cpp:623] expandable_segments: memory mapping failed with OOM on device 2 while trying to map 20971520 bytes (free: 2883584, total: 85049802752).
[rank0]:[rank0]:[W930 16:22:52.647192506 CUDACachingAllocator.cpp:623] expandable_segments: memory mapping failed with OOM on device 0 while trying to map 20971520 bytes (free: 21037056, total: 85049802752).
[rank3]:[titan] 2026-09-30 16:22:53,927 - torchtitan.observability.metrics - INFO - [31mstep: 17  [32mloss:  4.40801  [38;2;180;60;0mgrad_norm: 150.0000  [38;2;54;234;195mmemory: 67.40GiB(85.09%)  [34mtps: 2,242  [36mtflops: 124.51  [35mmfu: 12.59%[39m
[rank2]:[titan] 2026-09-30 16:22:53,934 - torchtitan.observability.metrics - WARNING - 24 CUDA memory allocation retries.
[rank2]:[titan] 2026-09-30 16:22:53,934 - torchtitan.observability.metrics - INFO - [31mstep: 17  [32mloss: -1.00000  [38;2;180;60;0mgrad_norm: 150.0000  [38;2;54;234;195mmemory: 72.71GiB(91.80%)  [34mtps: 2,242  [36mtflops: 124.51  [35mmfu: 12.59%[39m
[rank0]:[titan] 2026-09-30 16:22:53,934 - torchtitan.observability.metrics - WARNING - 34 CUDA memory allocation retries.
[rank1]:[titan] 2026-09-30 16:22:53,933 - torchtitan.observability.metrics - INFO - [31mstep: 17  [32mloss: -1.00000  [38;2;180;60;0mgrad_norm: 150.0000  [38;2;54;234;195mmemory: 70.52GiB(89.03%)  [34mtps: 2,242  [36mtflops: 124.52  [35mmfu: 12.59%[39m
[rank0]:[titan] 2026-09-30 16:22:53,934 - torchtitan.observability.metrics - INFO - [31mstep: 17  [32mloss: -1.00000  [38;2;180;60;0mgrad_norm: 150.0000  [38;2;54;234;195mmemory: 71.96GiB(90.84%)  [34mtps: 2,242  [36mtflops: 124.52  [35mmfu: 12.59%[39m
[rank0]:[rank0]:[W930 16:22:56.887553152 CUDACachingAllocator.cpp:623] expandable_segments: memory mapping failed with OOM on device 0 while trying to map 20971520 bytes (free: 2162688, total: 85049802752).
[rank2]:[rank2]:[W930 16:22:58.564080118 CUDACachingAllocator.cpp:623] expandable_segments: memory mapping failed with OOM on device 2 while trying to map 20971520 bytes (free: 2883584, total: 85049802752).
[rank0]:[rank0]:[W930 16:22:59.217641696 CUDACachingAllocator.cpp:623] expandable_segments: memory mapping failed with OOM on device 0 while trying to map 20971520 bytes (free: 21037056, total: 85049802752).
[rank2]:[rank2]:[W930 16:22:59.432475387 CUDACachingAllocator.cpp:623] expandable_segments: memory mapping failed with OOM on device 2 while trying to map 20971520 bytes (free: 2883584, total: 85049802752).
[rank1]:[titan] 2026-09-30 16:23:01,564 - torchtitan.observability.metrics - INFO - [31mstep: 18  [32mloss: -1.00000  [38;2;180;60;0mgrad_norm: 109.5000  [38;2;54;234;195mmemory: 70.52GiB(89.03%)  [34mtps: 2,147  [36mtflops: 119.25  [35mmfu: 12.06%[39m
[rank2]:[titan] 2026-09-30 16:23:01,565 - torchtitan.observability.metrics - WARNING - 26 CUDA memory allocation retries.
[rank0]:[titan] 2026-09-30 16:23:01,565 - torchtitan.observability.metrics - WARNING - 36 CUDA memory allocation retries.
[rank2]:[titan] 2026-09-30 16:23:01,565 - torchtitan.observability.metrics - INFO - [31mstep: 18  [32mloss: -1.00000  [38;2;180;60;0mgrad_norm: 109.5000  [38;2;54;234;195mmemory: 74.51GiB(94.07%)  [34mtps: 2,147  [36mtflops: 119.25  [35mmfu: 12.06%[39m
[rank0]:[titan] 2026-09-30 16:23:01,565 - torchtitan.observability.metrics - INFO - [31mstep: 18  [32mloss: -1.00000  [38;2;180;60;0mgrad_norm: 109.5000  [38;2;54;234;195mmemory: 71.91GiB(90.79%)  [34mtps: 2,147  [36mtflops: 119.26  [35mmfu: 12.06%[39m
[rank3]:[titan] 2026-09-30 16:23:01,558 - torchtitan.observability.metrics - INFO - [31mstep: 18  [32mloss:  4.24516  [38;2;180;60;0mgrad_norm: 109.5000  [38;2;54;234;195mmemory: 67.40GiB(85.09%)  [34mtps: 2,147  [36mtflops: 119.25  [35mmfu: 12.06%[39m
[rank0]:[rank0]:[W930 16:23:04.636478416 CUDACachingAllocator.cpp:623] expandable_segments: memory mapping failed with OOM on device 0 while trying to map 20971520 bytes (free: 2162688, total: 85049802752).
[rank2]:[rank2]:[W930 16:23:06.338472224 CUDACachingAllocator.cpp:623] expandable_segments: memory mapping failed with OOM on device 2 while trying to map 20971520 bytes (free: 2883584, total: 85049802752).
[rank0]:[rank0]:[W930 16:23:07.841662672 CUDACachingAllocator.cpp:623] expandable_segments: memory mapping failed with OOM on device 0 while trying to map 20971520 bytes (free: 21037056, total: 85049802752).
[rank2]:[rank2]:[W930 16:23:07.514977300 CUDACachingAllocator.cpp:623] expandable_segments: memory mapping failed with OOM on device 2 while trying to map 20971520 bytes (free: 4980736, total: 85049802752).
[rank0]:[titan] 2026-09-30 16:23:09,200 - torchtitan.observability.metrics - WARNING - 38 CUDA memory allocation retries.
[rank2]:[titan] 2026-09-30 16:23:09,200 - torchtitan.observability.metrics - WARNING - 28 CUDA memory allocation retries.
[rank1]:[titan] 2026-09-30 16:23:09,199 - torchtitan.observability.metrics - INFO - [31mstep: 19  [32mloss: -1.00000  [38;2;180;60;0mgrad_norm: 13.6250  [38;2;54;234;195mmemory: 70.52GiB(89.03%)  [34mtps: 2,146  [36mtflops: 119.19  [35mmfu: 12.05%[39m
[rank2]:[titan] 2026-09-30 16:23:09,200 - torchtitan.observability.metrics - INFO - [31mstep: 19  [32mloss: -1.00000  [38;2;180;60;0mgrad_norm: 13.6250  [38;2;54;234;195mmemory: 73.96GiB(93.37%)  [34mtps: 2,146  [36mtflops: 119.19  [35mmfu: 12.05%[39m
[rank0]:[titan] 2026-09-30 16:23:09,200 - torchtitan.observability.metrics - INFO - [31mstep: 19  [32mloss: -1.00000  [38;2;180;60;0mgrad_norm: 13.6250  [38;2;54;234;195mmemory: 72.15GiB(91.09%)  [34mtps: 2,146  [36mtflops: 119.19  [35mmfu: 12.05%[39m
[rank3]:[titan] 2026-09-30 16:23:09,193 - torchtitan.observability.metrics - INFO - [31mstep: 19  [32mloss:  4.29658  [38;2;180;60;0mgrad_norm: 13.6250  [38;2;54;234;195mmemory: 67.40GiB(85.09%)  [34mtps: 2,146  [36mtflops: 119.19  [35mmfu: 12.05%[39m
[rank0]:[rank0]:[W930 16:23:11.151376916 CUDACachingAllocator.cpp:623] expandable_segments: memory mapping failed with OOM on device 0 while trying to map 20971520 bytes (free: 2162688, total: 85049802752).
[rank2]:[rank2]:[W930 16:23:14.109629962 CUDACachingAllocator.cpp:623] expandable_segments: memory mapping failed with OOM on device 2 while trying to map 20971520 bytes (free: 2883584, total: 85049802752).
[rank0]:[rank0]:[W930 16:23:14.235458234 CUDACachingAllocator.cpp:623] expandable_segments: memory mapping failed with OOM on device 0 while trying to map 20971520 bytes (free: 21037056, total: 85049802752).
[rank2]:[titan] 2026-09-30 16:23:16,413 - torchtitan.observability.metrics - WARNING - 29 CUDA memory allocation retries.
[rank1]:[titan] 2026-09-30 16:23:16,411 - torchtitan.observability.metrics - INFO - [31mstep: 20  [32mloss: -1.00000  [38;2;180;60;0mgrad_norm: 26.6250  [38;2;54;234;195mmemory: 70.52GiB(89.03%)  [34mtps: 2,272  [36mtflops: 126.17  [35mmfu: 12.76%[39m
[rank0]:[titan] 2026-09-30 16:23:16,413 - torchtitan.observability.metrics - WARNING - 40 CUDA memory allocation retries.
[rank2]:[titan] 2026-09-30 16:23:16,413 - torchtitan.observability.metrics - INFO - [31mstep: 20  [32mloss: -1.00000  [38;2;180;60;0mgrad_norm: 26.6250  [38;2;54;234;195mmemory: 73.47GiB(92.76%)  [34mtps: 2,272  [36mtflops: 126.17  [35mmfu: 12.76%[39m
[rank0]:[titan] 2026-09-30 16:23:16,413 - torchtitan.observability.metrics - INFO - [31mstep: 20  [32mloss: -1.00000  [38;2;180;60;0mgrad_norm: 26.6250  [38;2;54;234;195mmemory: 72.07GiB(90.99%)  [34mtps: 2,272  [36mtflops: 126.17  [35mmfu: 12.76%[39m
[rank2]:[titan] 2026-09-30 16:23:16,414 - torchtitan.trainer - INFO - Training completed
[rank1]:[titan] 2026-09-30 16:23:16,412 - torchtitan.trainer - INFO - Training completed
[rank0]:[titan] 2026-09-30 16:23:16,414 - torchtitan.trainer - INFO - Sleeping 2 seconds for other ranks to complete
[rank3]:[titan] 2026-09-30 16:23:16,406 - torchtitan.observability.metrics - INFO - [31mstep: 20  [32mloss:  3.73654  [38;2;180;60;0mgrad_norm: 26.6250  [38;2;54;234;195mmemory: 67.40GiB(85.09%)  [34mtps: 2,272  [36mtflops: 126.17  [35mmfu: 12.76%[39m
[rank3]:[titan] 2026-09-30 16:23:16,407 - torchtitan.trainer - INFO - Training completed
[rank0]:[titan] 2026-09-30 16:23:18,414 - torchtitan.trainer - INFO - Training completed
[rank1]:[titan] 2026-09-30 16:23:20,816 - __main__ - INFO - Process group destroyed
[rank2]:[titan] 2026-09-30 16:23:21,014 - __main__ - INFO - Process group destroyed
[rank0]:[titan] 2026-09-30 16:23:21,018 - __main__ - INFO - Process group destroyed
[rank3]:[titan] 2026-09-30 16:23:21,307 - __main__ - INFO - Process group destroyed
