W0930 10:46:17.613000 107161 torch/distributed/run.py:982] 
W0930 10:46:17.613000 107161 torch/distributed/run.py:982] *****************************************
W0930 10:46:17.613000 107161 torch/distributed/run.py:982] Setting OMP_NUM_THREADS environment variable for each process to be 1 in default, to avoid your system being overloaded, please further tune the variable for optimal performance in your application as needed. 
W0930 10:46:17.613000 107161 torch/distributed/run.py:982] *****************************************
[rank3]:WARNING:absl:Failed to load jax profiler: No module named 'jax'
[rank1]:WARNING:absl:Failed to load jax profiler: No module named 'jax'
[rank0]:WARNING:absl:Failed to load jax profiler: No module named 'jax'
[rank2]:WARNING:absl:Failed to load jax profiler: No module named 'jax'
[rank2]:[titan] 2026-09-30 10:46:24,001 - __main__ - INFO - torchtitan version: 0.0.0+unknown (0.0.0 means __version__ is not defined correctly).
[rank3]:[titan] 2026-09-30 10:46:24,029 - __main__ - INFO - torchtitan version: 0.0.0+unknown (0.0.0 means __version__ is not defined correctly).
[rank0]:[titan] 2026-09-30 10:46:24,025 - __main__ - INFO - torchtitan version: 0.0.0+unknown (0.0.0 means __version__ is not defined correctly).
[rank1]:[titan] 2026-09-30 10:46:24,023 - __main__ - INFO - torchtitan version: 0.0.0+unknown (0.0.0 means __version__ is not defined correctly).
[rank2]:[titan] 2026-09-30 10:46:24,727 - torchtitan.observability.structured_logger.jsonl_handler - INFO - Structured logging -> JSONL: /root/mep/results/dep_h100_pp4vpp4/trace_r16_m16_w_dep_bubble/out/structured_logs/training.global_rank_2.20260930-104624-R7LYZU.jsonl
[rank1]:[titan] 2026-09-30 10:46:24,754 - torchtitan.observability.structured_logger.jsonl_handler - INFO - Structured logging -> JSONL: /root/mep/results/dep_h100_pp4vpp4/trace_r16_m16_w_dep_bubble/out/structured_logs/training.global_rank_1.20260930-104624-JBZLOO.jsonl
[rank3]:[titan] 2026-09-30 10:46:24,764 - torchtitan.observability.structured_logger.jsonl_handler - INFO - Structured logging -> JSONL: /root/mep/results/dep_h100_pp4vpp4/trace_r16_m16_w_dep_bubble/out/structured_logs/training.global_rank_3.20260930-104624-92L7AK.jsonl
[rank0]:[titan] 2026-09-30 10:46:24,880 - torchtitan.observability.structured_logger.jsonl_handler - INFO - Structured logging -> JSONL: /root/mep/results/dep_h100_pp4vpp4/trace_r16_m16_w_dep_bubble/out/structured_logs/training.global_rank_0.20260930-104624-E3OGP6.jsonl
[rank3]:[titan] 2026-09-30 10:46:25,521 - torchtitan.distributed.utils - WARNING - ENV[TORCH_NCCL_ASYNC_ERROR_HANDLING] = 1 will be overridden to 3 based on job config
[rank2]:[titan] 2026-09-30 10:46:25,522 - torchtitan.distributed.utils - WARNING - ENV[TORCH_NCCL_ASYNC_ERROR_HANDLING] = 1 will be overridden to 3 based on job config
[rank1]:[titan] 2026-09-30 10:46:25,518 - torchtitan.distributed.utils - WARNING - ENV[TORCH_NCCL_ASYNC_ERROR_HANDLING] = 1 will be overridden to 3 based on job config
[rank0]:[titan] 2026-09-30 10:46:25,627 - torchtitan.distributed.utils - WARNING - ENV[TORCH_NCCL_ASYNC_ERROR_HANDLING] = 1 will be overridden to 3 based on job config
[rank3]:[titan] 2026-09-30 10:46:26,315 - torchtitan.tools.utils - INFO - [GC] Initial GC collection took 0.00 seconds
[rank2]:[titan] 2026-09-30 10:46:26,316 - torchtitan.tools.utils - INFO - [GC] Initial GC collection took 0.00 seconds
[rank1]:[titan] 2026-09-30 10:46:26,315 - torchtitan.tools.utils - INFO - [GC] Initial GC collection took 0.00 seconds
[rank0]:[titan] 2026-09-30 10:46:26,316 - torchtitan.tools.utils - INFO - [GC] Initial GC collection took 0.00 seconds
[rank3]:[titan] 2026-09-30 10:46:27,298 - torchtitan.distributed.parallelism_context - INFO - Building device mesh with parallelism: pp=4, dp_replicate=1, dp_shard=1, cp=1, tp=1, ep=1
[rank2]:[titan] 2026-09-30 10:46:27,294 - torchtitan.distributed.parallelism_context - INFO - Building device mesh with parallelism: pp=4, dp_replicate=1, dp_shard=1, cp=1, tp=1, ep=1
[rank0]:[titan] 2026-09-30 10:46:27,294 - torchtitan.distributed.parallelism_context - INFO - Building device mesh with parallelism: pp=4, dp_replicate=1, dp_shard=1, cp=1, tp=1, ep=1
[rank1]:[titan] 2026-09-30 10:46:27,294 - torchtitan.distributed.parallelism_context - INFO - Building device mesh with parallelism: pp=4, dp_replicate=1, dp_shard=1, cp=1, tp=1, ep=1
[rank2]:[titan] 2026-09-30 10:46:27,822 - torchtitan.distributed.parallelism_context - INFO - Successfully created meshes with active axes: ['pp']
[rank3]:[titan] 2026-09-30 10:46:27,819 - torchtitan.distributed.parallelism_context - INFO - Successfully created meshes with active axes: ['pp']
[rank3]:[titan] 2026-09-30 10:46:27,821 - torchtitan.observability.metrics - INFO - CUDA capacity: NVIDIA H100 80GB HBM3 with 79.21GiB memory
[rank3]:[titan] 2026-09-30 10:46:27,831 - torchtitan.config.configurable - WARNING - Config field value of type InterpolationMode may not be JSON serializable
[rank3]:[titan] 2026-09-30 10:46:27,832 - torchtitan.tools.utils - WARNING - Error running lspci: [Errno 2] No such file or directory: 'lspci', fallback to use device_name
[rank3]:[titan] 2026-09-30 10:46:27,833 - torchtitan.components.tokenizer - INFO - Loading tokenizer from tokenizer.json
[rank0]:[titan] 2026-09-30 10:46:27,812 - torchtitan.distributed.parallelism_context - INFO - Successfully created meshes with active axes: ['pp']
[rank2]:[titan] 2026-09-30 10:46:27,826 - torchtitan.observability.metrics - INFO - CUDA capacity: NVIDIA H100 80GB HBM3 with 79.21GiB memory
[rank0]:[titan] 2026-09-30 10:46:27,815 - torchtitan.observability.metrics - INFO - CUDA capacity: NVIDIA H100 80GB HBM3 with 79.21GiB memory
[rank1]:[titan] 2026-09-30 10:46:27,824 - torchtitan.distributed.parallelism_context - INFO - Successfully created meshes with active axes: ['pp']
[rank0]:[titan] 2026-09-30 10:46:27,826 - torchtitan.config.configurable - WARNING - Config field value of type InterpolationMode may not be JSON serializable
[rank1]:[titan] 2026-09-30 10:46:27,828 - torchtitan.observability.metrics - INFO - CUDA capacity: NVIDIA H100 80GB HBM3 with 79.21GiB memory
[rank2]:[titan] 2026-09-30 10:46:27,837 - torchtitan.config.configurable - WARNING - Config field value of type InterpolationMode may not be JSON serializable
[rank1]:[titan] 2026-09-30 10:46:27,841 - torchtitan.config.configurable - WARNING - Config field value of type InterpolationMode may not be JSON serializable
[rank0]:[titan] 2026-09-30 10:46:27,828 - torchtitan.tools.utils - WARNING - Error running lspci: [Errno 2] No such file or directory: 'lspci', fallback to use device_name
[rank1]:[titan] 2026-09-30 10:46:27,842 - torchtitan.tools.utils - WARNING - Error running lspci: [Errno 2] No such file or directory: 'lspci', fallback to use device_name
[rank2]:[titan] 2026-09-30 10:46:27,838 - torchtitan.tools.utils - WARNING - Error running lspci: [Errno 2] No such file or directory: 'lspci', fallback to use device_name
[rank0]:[titan] 2026-09-30 10:46:27,828 - torchtitan.components.tokenizer - INFO - Loading tokenizer from tokenizer.json
[rank1]:[titan] 2026-09-30 10:46:27,843 - torchtitan.components.tokenizer - INFO - Loading tokenizer from tokenizer.json
[rank2]:[titan] 2026-09-30 10:46:27,839 - torchtitan.components.tokenizer - INFO - Loading tokenizer from tokenizer.json
[rank3]:[titan] 2026-09-30 10:46:27,996 - torchtitan.protocols.state_dict_adapter - WARNING - model.safetensors.index.json not found at hf_assets_path: ./tests/assets/tokenizer/model.safetensors.index.json.                     Defaulting to saving a single safetensors file if checkpoint is saved in HF format
[rank3]:[titan] 2026-09-30 10:46:28,001 - torchtitan.models.utils - INFO - Total parameter count: 12,059,226,240, active parameters: 8,885,570,688
[rank0]:[titan] 2026-09-30 10:46:27,997 - torchtitan.protocols.state_dict_adapter - WARNING - model.safetensors.index.json not found at hf_assets_path: ./tests/assets/tokenizer/model.safetensors.index.json.                     Defaulting to saving a single safetensors file if checkpoint is saved in HF format
[rank3]:[titan] 2026-09-30 10:46:28,046 - torchtitan.distributed.activation_checkpoint - INFO - Applied FullAC activation checkpointing to the model
[rank0]:[titan] 2026-09-30 10:46:28,002 - torchtitan.models.utils - INFO - Total parameter count: 12,059,226,240, active parameters: 8,885,570,688
[rank0]:[titan] 2026-09-30 10:46:28,048 - torchtitan.distributed.activation_checkpoint - INFO - Applied FullAC activation checkpointing to the model
[rank2]:[titan] 2026-09-30 10:46:28,004 - torchtitan.protocols.state_dict_adapter - WARNING - model.safetensors.index.json not found at hf_assets_path: ./tests/assets/tokenizer/model.safetensors.index.json.                     Defaulting to saving a single safetensors file if checkpoint is saved in HF format
[rank1]:[titan] 2026-09-30 10:46:28,008 - torchtitan.protocols.state_dict_adapter - WARNING - model.safetensors.index.json not found at hf_assets_path: ./tests/assets/tokenizer/model.safetensors.index.json.                     Defaulting to saving a single safetensors file if checkpoint is saved in HF format
[rank2]:[titan] 2026-09-30 10:46:28,009 - torchtitan.models.utils - INFO - Total parameter count: 12,059,226,240, active parameters: 8,885,570,688
[rank1]:[titan] 2026-09-30 10:46:28,014 - torchtitan.models.utils - INFO - Total parameter count: 12,059,226,240, active parameters: 8,885,570,688
[rank2]:[titan] 2026-09-30 10:46:28,054 - torchtitan.distributed.activation_checkpoint - INFO - Applied FullAC activation checkpointing to the model
[rank1]:[titan] 2026-09-30 10:46:28,058 - torchtitan.distributed.activation_checkpoint - INFO - Applied FullAC activation checkpointing to the model
[rank3]:[titan] 2026-09-30 10:46:28,260 - torchtitan.distributed.pipeline_parallel - INFO - PP rank 3 is building stage_idx 3 with modules ['layers.5']
[rank0]:[titan] 2026-09-30 10:46:28,264 - torchtitan.distributed.pipeline_parallel - INFO - PP rank 0 is building stage_idx 0 with modules ['vision_encoder', 'tok_embeddings', 'layers.0']
[rank2]:[titan] 2026-09-30 10:46:28,270 - torchtitan.distributed.pipeline_parallel - INFO - PP rank 2 is building stage_idx 2 with modules ['layers.3', 'layers.4']
[rank1]:[titan] 2026-09-30 10:46:28,272 - torchtitan.distributed.pipeline_parallel - INFO - PP rank 1 is building stage_idx 1 with modules ['layers.1', 'layers.2']
[rank3]:[titan] 2026-09-30 10:46:28,345 - torchtitan.distributed.pipeline_parallel - INFO - PP rank 3 is building stage_idx 7 with modules ['layers.9']
[rank0]:[titan] 2026-09-30 10:46:28,350 - torchtitan.distributed.pipeline_parallel - INFO - PP rank 0 is building stage_idx 4 with modules ['layers.6']
[rank1]:[titan] 2026-09-30 10:46:28,357 - torchtitan.distributed.pipeline_parallel - INFO - PP rank 1 is building stage_idx 5 with modules ['layers.7']
[rank2]:[titan] 2026-09-30 10:46:28,356 - torchtitan.distributed.pipeline_parallel - INFO - PP rank 2 is building stage_idx 6 with modules ['layers.8']
[rank3]:[titan] 2026-09-30 10:46:28,430 - torchtitan.distributed.pipeline_parallel - INFO - PP rank 3 is building stage_idx 11 with modules ['layers.13']
[rank0]:[titan] 2026-09-30 10:46:28,435 - torchtitan.distributed.pipeline_parallel - INFO - PP rank 0 is building stage_idx 8 with modules ['layers.10']
[rank1]:[titan] 2026-09-30 10:46:28,440 - torchtitan.distributed.pipeline_parallel - INFO - PP rank 1 is building stage_idx 9 with modules ['layers.11']
[rank2]:[titan] 2026-09-30 10:46:28,440 - torchtitan.distributed.pipeline_parallel - INFO - PP rank 2 is building stage_idx 10 with modules ['layers.12']
[rank0]:[titan] 2026-09-30 10:46:28,520 - torchtitan.distributed.pipeline_parallel - INFO - PP rank 0 is building stage_idx 12 with modules ['layers.14']
[rank3]:[titan] 2026-09-30 10:46:28,518 - torchtitan.distributed.pipeline_parallel - INFO - PP rank 3 is building stage_idx 15 with modules ['norm', 'lm_head', 'output_res_proj', 'output_res_norm']
[rank0]:[titan] 2026-09-30 10:46:28,540 - torchtitan.distributed.activation_checkpoint - INFO - Applied FullAC activation checkpointing to the model
[rank0]:[titan] 2026-09-30 10:46:28,540 - torchtitan.distributed.activation_checkpoint - INFO - Applied FullAC activation checkpointing to the model
[rank1]:[titan] 2026-09-30 10:46:28,524 - torchtitan.distributed.pipeline_parallel - INFO - PP rank 1 is building stage_idx 13 with modules ['layers.15']
[rank3]:[titan] 2026-09-30 10:46:28,521 - torchtitan.distributed.activation_checkpoint - INFO - Applied FullAC activation checkpointing to the model
[rank2]:[titan] 2026-09-30 10:46:28,525 - torchtitan.distributed.pipeline_parallel - INFO - PP rank 2 is building stage_idx 14 with modules ['layers.16']
[rank3]:[titan] 2026-09-30 10:46:28,556 - torchtitan.distributed.fsdp - INFO - Applied FSDP to the model
[rank3]:[titan] 2026-09-30 10:46:28,559 - torchtitan.distributed.activation_checkpoint - INFO - Applied FullAC activation checkpointing to the model
[rank2]:[titan] 2026-09-30 10:46:28,530 - torchtitan.distributed.activation_checkpoint - INFO - Applied FullAC activation checkpointing to the model
[rank3]:[titan] 2026-09-30 10:46:28,563 - torchtitan.distributed.fsdp - INFO - Applied FSDP to the model
[rank2]:[titan] 2026-09-30 10:46:28,577 - torchtitan.distributed.fsdp - INFO - Applied FSDP to the model
[rank1]:[titan] 2026-09-30 10:46:28,529 - torchtitan.distributed.activation_checkpoint - INFO - Applied FullAC activation checkpointing to the model
[rank2]:[titan] 2026-09-30 10:46:28,580 - torchtitan.distributed.activation_checkpoint - INFO - Applied FullAC activation checkpointing to the model
[rank1]:[titan] 2026-09-30 10:46:28,570 - torchtitan.distributed.fsdp - INFO - Applied FSDP to the model
[rank3]:[titan] 2026-09-30 10:46:28,565 - torchtitan.distributed.activation_checkpoint - INFO - Applied FullAC activation checkpointing to the model
[rank3]:[titan] 2026-09-30 10:46:28,569 - torchtitan.distributed.fsdp - INFO - Applied FSDP to the model
[rank2]:[titan] 2026-09-30 10:46:28,584 - torchtitan.distributed.fsdp - INFO - Applied FSDP to the model
[rank3]:[titan] 2026-09-30 10:46:28,570 - torchtitan.distributed.activation_checkpoint - INFO - Applied FullAC activation checkpointing to the model
[rank1]:[titan] 2026-09-30 10:46:28,572 - torchtitan.distributed.activation_checkpoint - INFO - Applied FullAC activation checkpointing to the model
[rank1]:[titan] 2026-09-30 10:46:28,581 - torchtitan.distributed.fsdp - INFO - Applied FSDP to the model
[rank1]:[titan] 2026-09-30 10:46:28,584 - torchtitan.distributed.activation_checkpoint - INFO - Applied FullAC activation checkpointing to the model
[rank2]:[titan] 2026-09-30 10:46:28,587 - torchtitan.distributed.activation_checkpoint - INFO - Applied FullAC activation checkpointing to the model
[rank3]:[titan] 2026-09-30 10:46:28,572 - torchtitan.distributed.fsdp - INFO - Applied FSDP to the model
[rank3]:[titan] 2026-09-30 10:46:28,577 - torchtitan.distributed.pipeline_parallel - INFO - Using pipeline schedule Interleaved1F1B with 16 microbatches and 16 stages.
[rank2]:[titan] 2026-09-30 10:46:28,591 - torchtitan.distributed.fsdp - INFO - Applied FSDP to the model
[rank2]:[titan] 2026-09-30 10:46:28,593 - torchtitan.distributed.activation_checkpoint - INFO - Applied FullAC activation checkpointing to the model
[rank2]:[titan] 2026-09-30 10:46:28,596 - torchtitan.distributed.fsdp - INFO - Applied FSDP to the model
[rank1]:[titan] 2026-09-30 10:46:28,587 - torchtitan.distributed.fsdp - INFO - Applied FSDP to the model
[rank1]:[titan] 2026-09-30 10:46:28,589 - torchtitan.distributed.activation_checkpoint - INFO - Applied FullAC activation checkpointing to the model
[rank1]:[titan] 2026-09-30 10:46:28,592 - torchtitan.distributed.fsdp - INFO - Applied FSDP to the model
[rank1]:[titan] 2026-09-30 10:46:28,597 - torchtitan.distributed.pipeline_parallel - INFO - Using pipeline schedule Interleaved1F1B with 16 microbatches and 16 stages.
[rank0]:[titan] 2026-09-30 10:46:28,613 - torchtitan.distributed.fsdp - INFO - Applied FSDP to the model
[rank0]:[titan] 2026-09-30 10:46:28,616 - torchtitan.distributed.activation_checkpoint - INFO - Applied FullAC activation checkpointing to the model
[rank0]:[titan] 2026-09-30 10:46:28,632 - torchtitan.distributed.fsdp - INFO - Applied FSDP to the model
[rank0]:[titan] 2026-09-30 10:46:28,635 - torchtitan.distributed.activation_checkpoint - INFO - Applied FullAC activation checkpointing to the model
[rank0]:[titan] 2026-09-30 10:46:28,639 - torchtitan.distributed.fsdp - INFO - Applied FSDP to the model
[rank0]:[titan] 2026-09-30 10:46:28,642 - torchtitan.distributed.activation_checkpoint - INFO - Applied FullAC activation checkpointing to the model
[rank0]:[titan] 2026-09-30 10:46:28,646 - torchtitan.distributed.fsdp - INFO - Applied FSDP to the model
[rank0]:[titan] 2026-09-30 10:46:28,651 - torchtitan.distributed.pipeline_parallel - INFO - Using pipeline schedule Interleaved1F1B with 16 microbatches and 16 stages.
[rank2]:[titan] 2026-09-30 10:46:28,601 - torchtitan.distributed.pipeline_parallel - INFO - Using pipeline schedule Interleaved1F1B with 16 microbatches and 16 stages.
[rank1]:[titan] 2026-09-30 10:46:29,548 - torchtitan.models.kimi_k3.pipeline_parallel - INFO - Kimi K3 pipeline: 4 stage(s) on this rank [1, 5, 9, 13], block transport delta with rank store, vision encodes decoupled
[rank2]:[titan] 2026-09-30 10:46:29,706 - torchtitan.models.kimi_k3.pipeline_parallel - INFO - Kimi K3 pipeline: 4 stage(s) on this rank [2, 6, 10, 14], block transport delta with rank store, vision encodes decoupled
[rank3]:[titan] 2026-09-30 10:46:29,862 - torchtitan.models.kimi_k3.pipeline_parallel - INFO - Kimi K3 pipeline: 4 stage(s) on this rank [3, 7, 11, 15], block transport delta with rank store, vision encodes decoupled
[rank0]:[titan] 2026-09-30 10:46:29,860 - torchtitan.models.kimi_k3.pipeline_parallel - INFO - Kimi K3 pipeline: 4 stage(s) on this rank [0, 4, 8, 12], block transport delta with rank store, vision encodes decoupled
[rank1]:[rank1]:W0930 10:46:29.941000 107231 torch/distributed/tensor/_random.py:215] DTensor is synchronizing RNG states of every rank with the state from rank 0. This behavior is deprecated. Please call `torch.manual_seed()` on every rank that participates in SPMD DTensor Operations with the same seed. If using Pipeline Parallelism, each pipeline state would use a different seed, but all ranks belonging to one pipeline stage would use the same seed.
[rank3]:[rank3]:W0930 10:46:29.941000 107233 torch/distributed/tensor/_random.py:215] DTensor is synchronizing RNG states of every rank with the state from rank 0. This behavior is deprecated. Please call `torch.manual_seed()` on every rank that participates in SPMD DTensor Operations with the same seed. If using Pipeline Parallelism, each pipeline state would use a different seed, but all ranks belonging to one pipeline stage would use the same seed.
[rank2]:[rank2]:W0930 10:46:29.941000 107232 torch/distributed/tensor/_random.py:215] DTensor is synchronizing RNG states of every rank with the state from rank 0. This behavior is deprecated. Please call `torch.manual_seed()` on every rank that participates in SPMD DTensor Operations with the same seed. If using Pipeline Parallelism, each pipeline state would use a different seed, but all ranks belonging to one pipeline stage would use the same seed.
[rank3]:[titan] 2026-09-30 10:46:30,104 - torchtitan.training_engine - INFO - Model KimiK3Model.Config size: 12,059,226,240 total parameters
[rank3]:[titan] 2026-09-30 10:46:30,104 - torchtitan.components.optimizer.optimizer - INFO - Optimizer AdamW (model_part=0): 28 params [.*] {'lr': 0.0008, 'betas': (0.9, 0.95), 'eps': 1e-08, 'weight_decay': 0.1, 'foreach': None, 'fused': True}
[rank3]:[titan] 2026-09-30 10:46:30,105 - torchtitan.components.optimizer.optimizer - INFO - Optimizer AdamW (model_part=1): 28 params [.*] {'lr': 0.0008, 'betas': (0.9, 0.95), 'eps': 1e-08, 'weight_decay': 0.1, 'foreach': None, 'fused': True}
[rank2]:[titan] 2026-09-30 10:46:30,165 - torchtitan.training_engine - INFO - Model KimiK3Model.Config size: 12,059,226,240 total parameters
[rank3]:[titan] 2026-09-30 10:46:30,105 - torchtitan.components.optimizer.optimizer - INFO - Optimizer AdamW (model_part=2): 28 params [.*] {'lr': 0.0008, 'betas': (0.9, 0.95), 'eps': 1e-08, 'weight_decay': 0.1, 'foreach': None, 'fused': True}
[rank2]:[titan] 2026-09-30 10:46:30,166 - torchtitan.components.optimizer.optimizer - INFO - Optimizer AdamW (model_part=0): 50 params [.*] {'lr': 0.0008, 'betas': (0.9, 0.95), 'eps': 1e-08, 'weight_decay': 0.1, 'foreach': None, 'fused': True}
[rank3]:[titan] 2026-09-30 10:46:30,105 - torchtitan.components.optimizer.optimizer - INFO - Optimizer AdamW (model_part=3): 4 params [.*] {'lr': 0.0008, 'betas': (0.9, 0.95), 'eps': 1e-08, 'weight_decay': 0.1, 'foreach': None, 'fused': True}
[rank3]:[titan] 2026-09-30 10:46:30,106 - torchtitan.observability.metrics - WARNING - [31mPipeline Parallel loss is not visible. Please add [33mrank 3[31m to LOG_RANK environment variable in run_train.sh.[39m
[rank3]:[titan] 2026-09-30 10:46:30,106 - torchtitan.trainer - INFO - Peak FLOPS used for computing MFU: 9.890e+14
[rank2]:[titan] 2026-09-30 10:46:30,167 - torchtitan.components.optimizer.optimizer - INFO - Optimizer AdamW (model_part=1): 28 params [.*] {'lr': 0.0008, 'betas': (0.9, 0.95), 'eps': 1e-08, 'weight_decay': 0.1, 'foreach': None, 'fused': True}
[rank3]:[titan] 2026-09-30 10:46:30,106 - torchtitan.trainer - INFO - CUDA memory usage for model: 5.41GiB(6.83%)
[rank2]:[titan] 2026-09-30 10:46:30,167 - torchtitan.components.optimizer.optimizer - INFO - Optimizer AdamW (model_part=2): 28 params [.*] {'lr': 0.0008, 'betas': (0.9, 0.95), 'eps': 1e-08, 'weight_decay': 0.1, 'foreach': None, 'fused': True}
[rank3]:[titan] 2026-09-30 10:46:30,106 - torchtitan.trainer - INFO - Trainer is initialized with 32768 tokens per DP rank, 32768 tokens per train step, gradient accumulation steps 1, maximum context length 2048, total steps 12 (warmup 2)
[rank3]:[titan] 2026-09-30 10:46:30,106 - torchtitan.trainer - INFO - Training starts at step 1
[rank2]:[titan] 2026-09-30 10:46:30,167 - torchtitan.components.optimizer.optimizer - INFO - Optimizer AdamW (model_part=3): 22 params [.*] {'lr': 0.0008, 'betas': (0.9, 0.95), 'eps': 1e-08, 'weight_decay': 0.1, 'foreach': None, 'fused': True}
[rank3]:[titan] 2026-09-30 10:46:30,106 - torchtitan.observability.profiler - INFO - Profiling active. Traces will be saved at /root/mep/results/dep_h100_pp4vpp4/trace_r16_m16_w_dep_bubble/out/traces
[rank1]:[titan] 2026-09-30 10:46:30,141 - torchtitan.training_engine - INFO - Model KimiK3Model.Config size: 12,059,226,240 total parameters
[rank2]:[titan] 2026-09-30 10:46:30,168 - torchtitan.observability.metrics - WARNING - [31mPipeline Parallel loss is not visible. Please add [33mrank 3[31m to LOG_RANK environment variable in run_train.sh.[39m
[rank1]:[titan] 2026-09-30 10:46:30,142 - torchtitan.components.optimizer.optimizer - INFO - Optimizer AdamW (model_part=0): 56 params [.*] {'lr': 0.0008, 'betas': (0.9, 0.95), 'eps': 1e-08, 'weight_decay': 0.1, 'foreach': None, 'fused': True}
[rank1]:[titan] 2026-09-30 10:46:30,143 - torchtitan.components.optimizer.optimizer - INFO - Optimizer AdamW (model_part=1): 22 params [.*] {'lr': 0.0008, 'betas': (0.9, 0.95), 'eps': 1e-08, 'weight_decay': 0.1, 'foreach': None, 'fused': True}
[rank2]:[titan] 2026-09-30 10:46:30,168 - torchtitan.trainer - INFO - Peak FLOPS used for computing MFU: 9.890e+14
[rank1]:[titan] 2026-09-30 10:46:30,143 - torchtitan.components.optimizer.optimizer - INFO - Optimizer AdamW (model_part=2): 22 params [.*] {'lr': 0.0008, 'betas': (0.9, 0.95), 'eps': 1e-08, 'weight_decay': 0.1, 'foreach': None, 'fused': True}
[rank2]:[titan] 2026-09-30 10:46:30,168 - torchtitan.trainer - INFO - CUDA memory usage for model: 7.57GiB(9.55%)
[rank1]:[titan] 2026-09-30 10:46:30,143 - torchtitan.components.optimizer.optimizer - INFO - Optimizer AdamW (model_part=3): 22 params [.*] {'lr': 0.0008, 'betas': (0.9, 0.95), 'eps': 1e-08, 'weight_decay': 0.1, 'foreach': None, 'fused': True}
[rank2]:[titan] 2026-09-30 10:46:30,168 - torchtitan.trainer - INFO - Trainer is initialized with 32768 tokens per DP rank, 32768 tokens per train step, gradient accumulation steps 1, maximum context length 2048, total steps 12 (warmup 2)
[rank1]:[titan] 2026-09-30 10:46:30,144 - torchtitan.observability.metrics - WARNING - [31mPipeline Parallel loss is not visible. Please add [33mrank 3[31m to LOG_RANK environment variable in run_train.sh.[39m
[rank2]:[titan] 2026-09-30 10:46:30,169 - torchtitan.trainer - INFO - Training starts at step 1
[rank2]:[titan] 2026-09-30 10:46:30,169 - torchtitan.observability.profiler - INFO - Profiling active. Traces will be saved at /root/mep/results/dep_h100_pp4vpp4/trace_r16_m16_w_dep_bubble/out/traces
[rank1]:[titan] 2026-09-30 10:46:30,144 - torchtitan.trainer - INFO - Peak FLOPS used for computing MFU: 9.890e+14
[rank1]:[titan] 2026-09-30 10:46:30,144 - torchtitan.trainer - INFO - CUDA memory usage for model: 7.14GiB(9.02%)
[rank1]:[titan] 2026-09-30 10:46:30,144 - torchtitan.trainer - INFO - Trainer is initialized with 32768 tokens per DP rank, 32768 tokens per train step, gradient accumulation steps 1, maximum context length 2048, total steps 12 (warmup 2)
[rank1]:[titan] 2026-09-30 10:46:30,144 - torchtitan.trainer - INFO - Training starts at step 1
[rank1]:[titan] 2026-09-30 10:46:30,145 - torchtitan.observability.profiler - INFO - Profiling active. Traces will be saved at /root/mep/results/dep_h100_pp4vpp4/trace_r16_m16_w_dep_bubble/out/traces
[rank0]:[titan] 2026-09-30 10:46:30,218 - torchtitan.training_engine - INFO - Model KimiK3Model.Config size: 12,059,226,240 total parameters
[rank0]:[titan] 2026-09-30 10:46:30,220 - torchtitan.components.optimizer.optimizer - INFO - Optimizer AdamW (model_part=0): 243 params [.*] {'lr': 0.0008, 'betas': (0.9, 0.95), 'eps': 1e-08, 'weight_decay': 0.1, 'foreach': None, 'fused': True}
[rank0]:[titan] 2026-09-30 10:46:30,220 - torchtitan.components.optimizer.optimizer - INFO - Optimizer AdamW (model_part=1): 28 params [.*] {'lr': 0.0008, 'betas': (0.9, 0.95), 'eps': 1e-08, 'weight_decay': 0.1, 'foreach': None, 'fused': True}
[rank0]:[titan] 2026-09-30 10:46:30,221 - torchtitan.components.optimizer.optimizer - INFO - Optimizer AdamW (model_part=2): 28 params [.*] {'lr': 0.0008, 'betas': (0.9, 0.95), 'eps': 1e-08, 'weight_decay': 0.1, 'foreach': None, 'fused': True}
[rank0]:[titan] 2026-09-30 10:46:30,221 - torchtitan.components.optimizer.optimizer - INFO - Optimizer AdamW (model_part=3): 28 params [.*] {'lr': 0.0008, 'betas': (0.9, 0.95), 'eps': 1e-08, 'weight_decay': 0.1, 'foreach': None, 'fused': True}
[rank0]:[titan] 2026-09-30 10:46:30,223 - torchtitan.observability.metrics - WARNING - [31mPipeline Parallel loss is not visible. Please add [33mrank 3[31m to LOG_RANK environment variable in run_train.sh.[39m
[rank0]:[titan] 2026-09-30 10:46:30,223 - torchtitan.trainer - INFO - Peak FLOPS used for computing MFU: 9.890e+14
[rank0]:[titan] 2026-09-30 10:46:30,223 - torchtitan.trainer - INFO - CUDA memory usage for model: 7.30GiB(9.21%)
[rank0]:[titan] 2026-09-30 10:46:30,223 - torchtitan.trainer - INFO - Trainer is initialized with 32768 tokens per DP rank, 32768 tokens per train step, gradient accumulation steps 1, maximum context length 2048, total steps 12 (warmup 2)
[rank0]:[titan] 2026-09-30 10:46:30,223 - torchtitan.trainer - INFO - Training starts at step 1
[rank0]:[titan] 2026-09-30 10:46:30,223 - torchtitan.observability.profiler - INFO - Profiling active. Traces will be saved at /root/mep/results/dep_h100_pp4vpp4/trace_r16_m16_w_dep_bubble/out/traces
[rank2]:[titan] 2026-09-30 10:47:04,670 - torchtitan.models.kimi_k3.pipeline_parallel.vision_dep - INFO - vision_dep: 13 micro-batch(es) with images; encodes 11 before the schedule, 2 in idle slots; backwards 0 in idle slots, 13 after it
[rank1]:[titan] 2026-09-30 10:47:04,670 - torchtitan.models.kimi_k3.pipeline_parallel.vision_dep - INFO - vision_dep: 13 micro-batch(es) with images; encodes 11 before the schedule, 2 in idle slots; backwards 0 in idle slots, 13 after it
[rank3]:[titan] 2026-09-30 10:47:04,670 - torchtitan.models.kimi_k3.pipeline_parallel.vision_dep - INFO - vision_dep: 13 micro-batch(es) with images; encodes 11 before the schedule, 2 in idle slots; backwards 0 in idle slots, 13 after it
[rank0]:[titan] 2026-09-30 10:47:04,669 - torchtitan.models.kimi_k3.pipeline_parallel.vision_dep - INFO - vision_dep: 13 micro-batch(es) with images; encodes 11 before the schedule, 2 in idle slots; backwards 0 in idle slots, 13 after it
[rank1]:/root/mep/venv_src/lib/python3.12/site-packages/torch/distributed/fsdp/_fully_shard/_fsdp_state.py:336: UserWarning: FSDP2-wrapped module (FSDPCheckpointWrapper) returned a view tensor. An in-place op on this view (e.g., `x += y`) will silently drop the pre-backward hook and skip the all-gather, which can cause backward to fail or produce wrong gradients. Use out-of-place ops (`out = out + y`, not `out += y`) or `.clone()` the output before any in-place op.
[rank1]:  output = self._register_pre_backward_hook(output)
[rank1]:/root/mep/venv_src/lib/python3.12/site-packages/torch/distributed/fsdp/_fully_shard/_fsdp_state.py:336: UserWarning: FSDP2-wrapped module (FSDPKimiK3Model) returned a view tensor. An in-place op on this view (e.g., `x += y`) will silently drop the pre-backward hook and skip the all-gather, which can cause backward to fail or produce wrong gradients. Use out-of-place ops (`out = out + y`, not `out += y`) or `.clone()` the output before any in-place op.
[rank1]:  output = self._register_pre_backward_hook(output)
[rank2]:/root/mep/venv_src/lib/python3.12/site-packages/torch/distributed/fsdp/_fully_shard/_fsdp_state.py:336: UserWarning: FSDP2-wrapped module (FSDPCheckpointWrapper) returned a view tensor. An in-place op on this view (e.g., `x += y`) will silently drop the pre-backward hook and skip the all-gather, which can cause backward to fail or produce wrong gradients. Use out-of-place ops (`out = out + y`, not `out += y`) or `.clone()` the output before any in-place op.
[rank2]:  output = self._register_pre_backward_hook(output)
[rank3]:/root/mep/venv_src/lib/python3.12/site-packages/torch/distributed/fsdp/_fully_shard/_fsdp_state.py:336: UserWarning: FSDP2-wrapped module (FSDPCheckpointWrapper) returned a view tensor. An in-place op on this view (e.g., `x += y`) will silently drop the pre-backward hook and skip the all-gather, which can cause backward to fail or produce wrong gradients. Use out-of-place ops (`out = out + y`, not `out += y`) or `.clone()` the output before any in-place op.
[rank3]:  output = self._register_pre_backward_hook(output)
[rank3]:/root/mep/venv_src/lib/python3.12/site-packages/torch/distributed/fsdp/_fully_shard/_fsdp_state.py:336: UserWarning: FSDP2-wrapped module (FSDPKimiK3Model) returned a view tensor. An in-place op on this view (e.g., `x += y`) will silently drop the pre-backward hook and skip the all-gather, which can cause backward to fail or produce wrong gradients. Use out-of-place ops (`out = out + y`, not `out += y`) or `.clone()` the output before any in-place op.
[rank3]:  output = self._register_pre_backward_hook(output)
[rank0]:/root/mep/venv_src/lib/python3.12/site-packages/torch/distributed/fsdp/_fully_shard/_fsdp_state.py:336: UserWarning: FSDP2-wrapped module (FSDPCheckpointWrapper) returned a view tensor. An in-place op on this view (e.g., `x += y`) will silently drop the pre-backward hook and skip the all-gather, which can cause backward to fail or produce wrong gradients. Use out-of-place ops (`out = out + y`, not `out += y`) or `.clone()` the output before any in-place op.
[rank0]:  output = self._register_pre_backward_hook(output)
[rank0]:/root/mep/venv_src/lib/python3.12/site-packages/torch/distributed/fsdp/_fully_shard/_fsdp_state.py:336: UserWarning: FSDP2-wrapped module (FSDPKimiK3Model) returned a view tensor. An in-place op on this view (e.g., `x += y`) will silently drop the pre-backward hook and skip the all-gather, which can cause backward to fail or produce wrong gradients. Use out-of-place ops (`out = out + y`, not `out += y`) or `.clone()` the output before any in-place op.
[rank0]:  output = self._register_pre_backward_hook(output)
[rank1]:/root/mep/venv_src/lib/python3.12/site-packages/torch/distributed/fsdp/_fully_shard/_fsdp_state.py:336: UserWarning: FSDP2-wrapped module (FSDPCheckpointWrapper) returned a view tensor. An in-place op on this view (e.g., `x += y`) will silently drop the pre-backward hook and skip the all-gather, which can cause backward to fail or produce wrong gradients. Use out-of-place ops (`out = out + y`, not `out += y`) or `.clone()` the output before any in-place op.
[rank1]:  output = self._register_pre_backward_hook(output)
[rank1]:/root/mep/venv_src/lib/python3.12/site-packages/torch/distributed/fsdp/_fully_shard/_fsdp_state.py:336: UserWarning: FSDP2-wrapped module (FSDPKimiK3Model) returned a view tensor. An in-place op on this view (e.g., `x += y`) will silently drop the pre-backward hook and skip the all-gather, which can cause backward to fail or produce wrong gradients. Use out-of-place ops (`out = out + y`, not `out += y`) or `.clone()` the output before any in-place op.
[rank1]:  output = self._register_pre_backward_hook(output)
[rank2]:[titan] 2026-09-30 10:47:19,887 - torchtitan.observability.metrics - INFO - [31mstep:  1  [32mloss: -1.00000  [38;2;180;60;0mgrad_norm: 40.7500  [38;2;54;234;195mmemory: 62.46GiB(78.85%)  [34mtps: 157  [36mtflops: 8.59  [35mmfu: 0.87%[39m
[rank2]:[titan] 2026-09-30 10:47:19,889 - torchtitan.distributed.utils - INFO - Synchronizing and adjusting timeout for all ProcessGroups to 0:01:40
[rank3]:[titan] 2026-09-30 10:47:19,833 - torchtitan.observability.metrics - INFO - [31mstep:  1  [32mloss:  8.14146  [38;2;180;60;0mgrad_norm: 40.7500  [38;2;54;234;195mmemory: 50.81GiB(64.15%)  [34mtps: 158  [36mtflops: 8.60  [35mmfu: 0.87%[39m
[rank3]:[titan] 2026-09-30 10:47:19,834 - torchtitan.distributed.utils - INFO - Synchronizing and adjusting timeout for all ProcessGroups to 0:01:40
[rank1]:[titan] 2026-09-30 10:47:19,878 - torchtitan.observability.metrics - INFO - [31mstep:  1  [32mloss: -1.00000  [38;2;180;60;0mgrad_norm: 40.7500  [38;2;54;234;195mmemory: 56.23GiB(71.00%)  [34mtps: 157  [36mtflops: 8.60  [35mmfu: 0.87%[39m
[rank1]:[titan] 2026-09-30 10:47:19,880 - torchtitan.distributed.utils - INFO - Synchronizing and adjusting timeout for all ProcessGroups to 0:01:40
[rank0]:[titan] 2026-09-30 10:47:20,195 - torchtitan.observability.metrics - INFO - [31mstep:  1  [32mloss: -1.00000  [38;2;180;60;0mgrad_norm: 40.7500  [38;2;54;234;195mmemory: 58.19GiB(73.46%)  [34mtps: 156  [36mtflops: 8.54  [35mmfu: 0.86%[39m
[rank0]:[titan] 2026-09-30 10:47:20,196 - torchtitan.distributed.utils - INFO - Synchronizing and adjusting timeout for all ProcessGroups to 0:01:40
[rank3]:/root/mep/venv_src/lib/python3.12/site-packages/torch/distributed/fsdp/_fully_shard/_fsdp_state.py:336: UserWarning: FSDP2-wrapped module (FSDPCheckpointWrapper) returned a view tensor. An in-place op on this view (e.g., `x += y`) will silently drop the pre-backward hook and skip the all-gather, which can cause backward to fail or produce wrong gradients. Use out-of-place ops (`out = out + y`, not `out += y`) or `.clone()` the output before any in-place op.
[rank3]:  output = self._register_pre_backward_hook(output)
[rank3]:/root/mep/venv_src/lib/python3.12/site-packages/torch/distributed/fsdp/_fully_shard/_fsdp_state.py:336: UserWarning: FSDP2-wrapped module (FSDPKimiK3Model) returned a view tensor. An in-place op on this view (e.g., `x += y`) will silently drop the pre-backward hook and skip the all-gather, which can cause backward to fail or produce wrong gradients. Use out-of-place ops (`out = out + y`, not `out += y`) or `.clone()` the output before any in-place op.
[rank3]:  output = self._register_pre_backward_hook(output)
[rank2]:/root/mep/venv_src/lib/python3.12/site-packages/torch/distributed/fsdp/_fully_shard/_fsdp_state.py:336: UserWarning: FSDP2-wrapped module (FSDPCheckpointWrapper) returned a view tensor. An in-place op on this view (e.g., `x += y`) will silently drop the pre-backward hook and skip the all-gather, which can cause backward to fail or produce wrong gradients. Use out-of-place ops (`out = out + y`, not `out += y`) or `.clone()` the output before any in-place op.
[rank2]:  output = self._register_pre_backward_hook(output)
[rank1]:/root/mep/venv_src/lib/python3.12/site-packages/torch/distributed/fsdp/_fully_shard/_fsdp_state.py:336: UserWarning: FSDP2-wrapped module (FSDPCheckpointWrapper) returned a view tensor. An in-place op on this view (e.g., `x += y`) will silently drop the pre-backward hook and skip the all-gather, which can cause backward to fail or produce wrong gradients. Use out-of-place ops (`out = out + y`, not `out += y`) or `.clone()` the output before any in-place op.
[rank1]:  output = self._register_pre_backward_hook(output)
[rank1]:/root/mep/venv_src/lib/python3.12/site-packages/torch/distributed/fsdp/_fully_shard/_fsdp_state.py:336: UserWarning: FSDP2-wrapped module (FSDPKimiK3Model) returned a view tensor. An in-place op on this view (e.g., `x += y`) will silently drop the pre-backward hook and skip the all-gather, which can cause backward to fail or produce wrong gradients. Use out-of-place ops (`out = out + y`, not `out += y`) or `.clone()` the output before any in-place op.
[rank1]:  output = self._register_pre_backward_hook(output)
[rank2]:[titan] 2026-09-30 10:47:24,532 - torchtitan.observability.metrics - INFO - [31mstep:  2  [32mloss: -1.00000  [38;2;180;60;0mgrad_norm: 52.2500  [38;2;54;234;195mmemory: 73.00GiB(92.17%)  [34mtps: 1,764  [36mtflops: 96.31  [35mmfu: 9.74%[39m
[rank3]:[titan] 2026-09-30 10:47:24,525 - torchtitan.observability.metrics - INFO - [31mstep:  2  [32mloss:  6.51289  [38;2;180;60;0mgrad_norm: 52.2500  [38;2;54;234;195mmemory: 57.01GiB(71.98%)  [34mtps: 1,746  [36mtflops: 95.33  [35mmfu: 9.64%[39m
[rank0]:[titan] 2026-09-30 10:47:24,531 - torchtitan.observability.metrics - INFO - [31mstep:  2  [32mloss: -1.00000  [38;2;180;60;0mgrad_norm: 52.2500  [38;2;54;234;195mmemory: 70.61GiB(89.14%)  [34mtps: 1,889  [36mtflops: 103.16  [35mmfu: 10.43%[39m
[rank1]:[titan] 2026-09-30 10:47:24,530 - torchtitan.observability.metrics - INFO - [31mstep:  2  [32mloss: -1.00000  [38;2;180;60;0mgrad_norm: 52.2500  [38;2;54;234;195mmemory: 66.74GiB(84.26%)  [34mtps: 1,761  [36mtflops: 96.15  [35mmfu: 9.72%[39m
[rank2]:[titan] 2026-09-30 10:47:28,860 - torchtitan.observability.metrics - INFO - [31mstep:  3  [32mloss: -1.00000  [38;2;180;60;0mgrad_norm: 72.5000  [38;2;54;234;195mmemory: 73.00GiB(92.17%)  [34mtps: 1,893  [36mtflops: 103.35  [35mmfu: 10.45%[39m
[rank3]:[titan] 2026-09-30 10:47:28,853 - torchtitan.observability.metrics - INFO - [31mstep:  3  [32mloss:  6.86258  [38;2;180;60;0mgrad_norm: 72.5000  [38;2;54;234;195mmemory: 57.01GiB(71.98%)  [34mtps: 1,893  [36mtflops: 103.35  [35mmfu: 10.45%[39m
[rank0]:[titan] 2026-09-30 10:47:28,859 - torchtitan.observability.metrics - INFO - [31mstep:  3  [32mloss: -1.00000  [38;2;180;60;0mgrad_norm: 72.5000  [38;2;54;234;195mmemory: 70.61GiB(89.14%)  [34mtps: 1,893  [36mtflops: 103.35  [35mmfu: 10.45%[39m
[rank1]:[titan] 2026-09-30 10:47:28,858 - torchtitan.observability.metrics - INFO - [31mstep:  3  [32mloss: -1.00000  [38;2;180;60;0mgrad_norm: 72.5000  [38;2;54;234;195mmemory: 66.74GiB(84.26%)  [34mtps: 1,893  [36mtflops: 103.35  [35mmfu: 10.45%[39m
[rank3]:[titan] 2026-09-30 10:47:32,935 - torchtitan.observability.metrics - INFO - [31mstep:  4  [32mloss:  6.75609  [38;2;180;60;0mgrad_norm: 115.0000  [38;2;54;234;195mmemory: 57.01GiB(71.98%)  [34mtps: 2,007  [36mtflops: 109.56  [35mmfu: 11.08%[39m
[rank2]:[titan] 2026-09-30 10:47:32,942 - torchtitan.observability.metrics - INFO - [31mstep:  4  [32mloss: -1.00000  [38;2;180;60;0mgrad_norm: 115.0000  [38;2;54;234;195mmemory: 73.00GiB(92.17%)  [34mtps: 2,007  [36mtflops: 109.56  [35mmfu: 11.08%[39m
[rank0]:[titan] 2026-09-30 10:47:32,942 - torchtitan.observability.metrics - INFO - [31mstep:  4  [32mloss: -1.00000  [38;2;180;60;0mgrad_norm: 115.0000  [38;2;54;234;195mmemory: 70.61GiB(89.14%)  [34mtps: 2,007  [36mtflops: 109.56  [35mmfu: 11.08%[39m
[rank1]:[titan] 2026-09-30 10:47:32,941 - torchtitan.observability.metrics - INFO - [31mstep:  4  [32mloss: -1.00000  [38;2;180;60;0mgrad_norm: 115.0000  [38;2;54;234;195mmemory: 66.74GiB(84.26%)  [34mtps: 2,007  [36mtflops: 109.58  [35mmfu: 11.08%[39m
[rank3]:[titan] 2026-09-30 10:47:37,257 - torchtitan.observability.metrics - INFO - [31mstep:  5  [32mloss:  8.36882  [38;2;180;60;0mgrad_norm: 61.5000  [38;2;54;234;195mmemory: 57.01GiB(71.98%)  [34mtps: 1,896  [36mtflops: 103.51  [35mmfu: 10.47%[39m
[rank2]:[titan] 2026-09-30 10:47:37,263 - torchtitan.observability.metrics - INFO - [31mstep:  5  [32mloss: -1.00000  [38;2;180;60;0mgrad_norm: 61.5000  [38;2;54;234;195mmemory: 73.00GiB(92.17%)  [34mtps: 1,896  [36mtflops: 103.51  [35mmfu: 10.47%[39m
[rank0]:[titan] 2026-09-30 10:47:37,263 - torchtitan.observability.metrics - INFO - [31mstep:  5  [32mloss: -1.00000  [38;2;180;60;0mgrad_norm: 61.5000  [38;2;54;234;195mmemory: 70.61GiB(89.14%)  [34mtps: 1,896  [36mtflops: 103.51  [35mmfu: 10.47%[39m
[rank1]:[titan] 2026-09-30 10:47:37,262 - torchtitan.observability.metrics - INFO - [31mstep:  5  [32mloss: -1.00000  [38;2;180;60;0mgrad_norm: 61.5000  [38;2;54;234;195mmemory: 66.74GiB(84.26%)  [34mtps: 1,896  [36mtflops: 103.51  [35mmfu: 10.47%[39m
[rank2]:[titan] 2026-09-30 10:47:41,055 - torchtitan.observability.metrics - INFO - [31mstep:  6  [32mloss: -1.00000  [38;2;180;60;0mgrad_norm: 332.0000  [38;2;54;234;195mmemory: 73.00GiB(92.17%)  [34mtps: 2,161  [36mtflops: 117.98  [35mmfu: 11.93%[39m
[rank0]:[titan] 2026-09-30 10:47:41,054 - torchtitan.observability.metrics - INFO - [31mstep:  6  [32mloss: -1.00000  [38;2;180;60;0mgrad_norm: 332.0000  [38;2;54;234;195mmemory: 70.61GiB(89.14%)  [34mtps: 2,161  [36mtflops: 117.98  [35mmfu: 11.93%[39m
[rank3]:[titan] 2026-09-30 10:47:41,048 - torchtitan.observability.metrics - INFO - [31mstep:  6  [32mloss:  7.38394  [38;2;180;60;0mgrad_norm: 332.0000  [38;2;54;234;195mmemory: 57.01GiB(71.98%)  [34mtps: 2,161  [36mtflops: 117.98  [35mmfu: 11.93%[39m
[rank1]:[titan] 2026-09-30 10:47:41,053 - torchtitan.observability.metrics - INFO - [31mstep:  6  [32mloss: -1.00000  [38;2;180;60;0mgrad_norm: 332.0000  [38;2;54;234;195mmemory: 66.74GiB(84.26%)  [34mtps: 2,161  [36mtflops: 117.98  [35mmfu: 11.93%[39m
[rank0]:[titan] 2026-09-30 10:47:45,312 - torchtitan.observability.metrics - INFO - [31mstep:  7  [32mloss: -1.00000  [38;2;180;60;0mgrad_norm: 884.0000  [38;2;54;234;195mmemory: 70.61GiB(89.14%)  [34mtps: 1,924  [36mtflops: 105.06  [35mmfu: 10.62%[39m
[rank2]:[titan] 2026-09-30 10:47:45,312 - torchtitan.observability.metrics - INFO - [31mstep:  7  [32mloss: -1.00000  [38;2;180;60;0mgrad_norm: 884.0000  [38;2;54;234;195mmemory: 73.00GiB(92.17%)  [34mtps: 1,924  [36mtflops: 105.06  [35mmfu: 10.62%[39m
[rank3]:[titan] 2026-09-30 10:47:45,305 - torchtitan.observability.metrics - INFO - [31mstep:  7  [32mloss:  6.81435  [38;2;180;60;0mgrad_norm: 884.0000  [38;2;54;234;195mmemory: 57.01GiB(71.98%)  [34mtps: 1,924  [36mtflops: 105.06  [35mmfu: 10.62%[39m
[rank1]:[titan] 2026-09-30 10:47:45,310 - torchtitan.observability.metrics - INFO - [31mstep:  7  [32mloss: -1.00000  [38;2;180;60;0mgrad_norm: 884.0000  [38;2;54;234;195mmemory: 66.74GiB(84.26%)  [34mtps: 1,924  [36mtflops: 105.06  [35mmfu: 10.62%[39m
[rank3]:[titan] 2026-09-30 10:47:49,571 - torchtitan.observability.metrics - INFO - [31mstep:  8  [32mloss:  4.97335  [38;2;180;60;0mgrad_norm: 33.7500  [38;2;54;234;195mmemory: 57.01GiB(71.98%)  [34mtps: 1,921  [36mtflops: 104.87  [35mmfu: 10.60%[39m
[rank2]:[titan] 2026-09-30 10:47:49,577 - torchtitan.observability.metrics - INFO - [31mstep:  8  [32mloss: -1.00000  [38;2;180;60;0mgrad_norm: 33.7500  [38;2;54;234;195mmemory: 73.00GiB(92.17%)  [34mtps: 1,921  [36mtflops: 104.87  [35mmfu: 10.60%[39m
[rank0]:[titan] 2026-09-30 10:47:49,577 - torchtitan.observability.metrics - INFO - [31mstep:  8  [32mloss: -1.00000  [38;2;180;60;0mgrad_norm: 33.7500  [38;2;54;234;195mmemory: 70.61GiB(89.14%)  [34mtps: 1,921  [36mtflops: 104.87  [35mmfu: 10.60%[39m
[rank1]:[titan] 2026-09-30 10:47:49,576 - torchtitan.observability.metrics - INFO - [31mstep:  8  [32mloss: -1.00000  [38;2;180;60;0mgrad_norm: 33.7500  [38;2;54;234;195mmemory: 66.74GiB(84.26%)  [34mtps: 1,921  [36mtflops: 104.87  [35mmfu: 10.60%[39m
[rank1]:USDT:2026-09-30 10:47:54 107231:107231 SyncActivityProfilerHandler.cpp:39] profiler_start
[rank2]:USDT:2026-09-30 10:47:54 107232:107232 SyncActivityProfilerHandler.cpp:39] profiler_start
[rank0]:USDT:2026-09-30 10:47:54 107230:107230 SyncActivityProfilerHandler.cpp:39] profiler_start
[rank3]:[titan] 2026-09-30 10:47:54,033 - torchtitan.observability.metrics - INFO - [31mstep:  9  [32mloss:  4.73079  [38;2;180;60;0mgrad_norm: 27.7500  [38;2;54;234;195mmemory: 57.01GiB(71.98%)  [34mtps: 1,836  [36mtflops: 100.24  [35mmfu: 10.14%[39m
[rank3]:USDT:2026-09-30 10:47:54 107233:107233 SyncActivityProfilerHandler.cpp:39] profiler_start
[rank0]:[titan] 2026-09-30 10:47:54,039 - torchtitan.observability.metrics - INFO - [31mstep:  9  [32mloss: -1.00000  [38;2;180;60;0mgrad_norm: 27.7500  [38;2;54;234;195mmemory: 70.61GiB(89.14%)  [34mtps: 1,836  [36mtflops: 100.24  [35mmfu: 10.14%[39m
[rank2]:[titan] 2026-09-30 10:47:54,040 - torchtitan.observability.metrics - INFO - [31mstep:  9  [32mloss: -1.00000  [38;2;180;60;0mgrad_norm: 27.7500  [38;2;54;234;195mmemory: 73.00GiB(92.17%)  [34mtps: 1,836  [36mtflops: 100.24  [35mmfu: 10.14%[39m
[rank1]:[titan] 2026-09-30 10:47:54,038 - torchtitan.observability.metrics - INFO - [31mstep:  9  [32mloss: -1.00000  [38;2;180;60;0mgrad_norm: 27.7500  [38;2;54;234;195mmemory: 66.74GiB(84.26%)  [34mtps: 1,836  [36mtflops: 100.24  [35mmfu: 10.14%[39m
[rank0]:[titan] 2026-09-30 10:47:59,047 - torchtitan.observability.metrics - INFO - [31mstep: 10  [32mloss: -1.00000  [38;2;180;60;0mgrad_norm: 14.3750  [38;2;54;234;195mmemory: 70.61GiB(89.14%)  [34mtps: 1,636  [36mtflops: 89.31  [35mmfu: 9.03%[39m
[rank3]:[titan] 2026-09-30 10:47:59,041 - torchtitan.observability.metrics - INFO - [31mstep: 10  [32mloss:  3.96871  [38;2;180;60;0mgrad_norm: 14.3750  [38;2;54;234;195mmemory: 57.01GiB(71.98%)  [34mtps: 1,636  [36mtflops: 89.31  [35mmfu: 9.03%[39m
[rank2]:[titan] 2026-09-30 10:47:59,048 - torchtitan.observability.metrics - INFO - [31mstep: 10  [32mloss: -1.00000  [38;2;180;60;0mgrad_norm: 14.3750  [38;2;54;234;195mmemory: 73.00GiB(92.17%)  [34mtps: 1,636  [36mtflops: 89.32  [35mmfu: 9.03%[39m
[rank1]:[titan] 2026-09-30 10:47:59,046 - torchtitan.observability.metrics - INFO - [31mstep: 10  [32mloss: -1.00000  [38;2;180;60;0mgrad_norm: 14.3750  [38;2;54;234;195mmemory: 66.74GiB(84.26%)  [34mtps: 1,636  [36mtflops: 89.31  [35mmfu: 9.03%[39m
[rank3]:USDT:2026-09-30 10:47:59 107233:107233 SyncActivityProfilerHandler.cpp:46] profiler_stop
[rank0]:USDT:2026-09-30 10:47:59 107230:107230 SyncActivityProfilerHandler.cpp:46] profiler_stop
[rank1]:USDT:2026-09-30 10:47:59 107231:107231 SyncActivityProfilerHandler.cpp:46] profiler_stop
[rank2]:USDT:2026-09-30 10:47:59 107232:107232 SyncActivityProfilerHandler.cpp:46] profiler_stop
[rank3]:[titan] 2026-09-30 10:48:01,830 - torchtitan.observability.profiler - INFO - Dumping profiler traces at step 10
[rank0]:[titan] 2026-09-30 10:48:02,149 - torchtitan.observability.profiler - INFO - Dumping profiler traces at step 10
[rank1]:[titan] 2026-09-30 10:48:02,710 - torchtitan.observability.profiler - INFO - Dumping profiler traces at step 10
[rank2]:[titan] 2026-09-30 10:48:02,788 - torchtitan.observability.profiler - INFO - Dumping profiler traces at step 10
[rank3]:[titan] 2026-09-30 10:48:11,700 - torchtitan.observability.profiler - INFO - Finished dumping profiler traces in 9.87 seconds
[rank0]:[titan] 2026-09-30 10:48:13,064 - torchtitan.observability.profiler - INFO - Finished dumping profiler traces in 10.91 seconds
[rank2]:[titan] 2026-09-30 10:48:15,433 - torchtitan.observability.profiler - INFO - Finished dumping profiler traces in 12.64 seconds
[rank1]:[titan] 2026-09-30 10:48:15,475 - torchtitan.observability.profiler - INFO - Finished dumping profiler traces in 12.76 seconds
[rank0]:[titan] 2026-09-30 10:48:19,672 - torchtitan.observability.metrics - INFO - [31mstep: 11  [32mloss: -1.00000  [38;2;180;60;0mgrad_norm: 12.4375  [38;2;54;234;195mmemory: 70.61GiB(89.14%)  [34mtps: 397  [36mtflops: 21.69  [35mmfu: 2.19%[39m
[rank2]:[titan] 2026-09-30 10:48:19,672 - torchtitan.observability.metrics - INFO - [31mstep: 11  [32mloss: -1.00000  [38;2;180;60;0mgrad_norm: 12.4375  [38;2;54;234;195mmemory: 73.00GiB(92.17%)  [34mtps: 397  [36mtflops: 21.69  [35mmfu: 2.19%[39m
[rank3]:[titan] 2026-09-30 10:48:19,666 - torchtitan.observability.metrics - INFO - [31mstep: 11  [32mloss:  3.68035  [38;2;180;60;0mgrad_norm: 12.4375  [38;2;54;234;195mmemory: 57.01GiB(71.98%)  [34mtps: 397  [36mtflops: 21.69  [35mmfu: 2.19%[39m
[rank1]:[titan] 2026-09-30 10:48:19,671 - torchtitan.observability.metrics - INFO - [31mstep: 11  [32mloss: -1.00000  [38;2;180;60;0mgrad_norm: 12.4375  [38;2;54;234;195mmemory: 66.74GiB(84.26%)  [34mtps: 397  [36mtflops: 21.69  [35mmfu: 2.19%[39m
[rank3]:[titan] 2026-09-30 10:48:24,034 - torchtitan.observability.metrics - INFO - [31mstep: 12  [32mloss:  3.61519  [38;2;180;60;0mgrad_norm: 24.0000  [38;2;54;234;195mmemory: 57.01GiB(71.98%)  [34mtps: 1,876  [36mtflops: 102.40  [35mmfu: 10.35%[39m
[rank2]:[titan] 2026-09-30 10:48:24,041 - torchtitan.observability.metrics - INFO - [31mstep: 12  [32mloss: -1.00000  [38;2;180;60;0mgrad_norm: 24.0000  [38;2;54;234;195mmemory: 73.00GiB(92.17%)  [34mtps: 1,875  [36mtflops: 102.39  [35mmfu: 10.35%[39m
[rank0]:[titan] 2026-09-30 10:48:24,040 - torchtitan.observability.metrics - INFO - [31mstep: 12  [32mloss: -1.00000  [38;2;180;60;0mgrad_norm: 24.0000  [38;2;54;234;195mmemory: 70.61GiB(89.14%)  [34mtps: 1,876  [36mtflops: 102.40  [35mmfu: 10.35%[39m
[rank3]:[titan] 2026-09-30 10:48:24,035 - torchtitan.trainer - INFO - Training completed
[rank2]:[titan] 2026-09-30 10:48:24,043 - torchtitan.trainer - INFO - Training completed
[rank1]:[titan] 2026-09-30 10:48:24,039 - torchtitan.observability.metrics - INFO - [31mstep: 12  [32mloss: -1.00000  [38;2;180;60;0mgrad_norm: 24.0000  [38;2;54;234;195mmemory: 66.74GiB(84.26%)  [34mtps: 1,876  [36mtflops: 102.40  [35mmfu: 10.35%[39m
[rank0]:[titan] 2026-09-30 10:48:24,041 - torchtitan.trainer - INFO - Sleeping 2 seconds for other ranks to complete
[rank1]:[titan] 2026-09-30 10:48:24,041 - torchtitan.trainer - INFO - Training completed
[rank0]:[titan] 2026-09-30 10:48:26,042 - torchtitan.trainer - INFO - Training completed
[rank2]:[titan] 2026-09-30 10:48:28,650 - __main__ - INFO - Process group destroyed
[rank1]:[titan] 2026-09-30 10:48:28,804 - __main__ - INFO - Process group destroyed
[rank3]:[titan] 2026-09-30 10:48:28,938 - __main__ - INFO - Process group destroyed
[rank0]:[titan] 2026-09-30 10:48:28,943 - __main__ - INFO - Process group destroyed
