W0930 08:48:36.452000 67911 torch/distributed/run.py:982] 
W0930 08:48:36.452000 67911 torch/distributed/run.py:982] *****************************************
W0930 08:48:36.452000 67911 torch/distributed/run.py:982] Setting OMP_NUM_THREADS environment variable for each process to be 1 in default, to avoid your system being overloaded, please further tune the variable for optimal performance in your application as needed. 
W0930 08:48:36.452000 67911 torch/distributed/run.py:982] *****************************************
[rank1]:WARNING:absl:Failed to load jax profiler: No module named 'jax'
[rank3]:WARNING:absl:Failed to load jax profiler: No module named 'jax'
[rank2]:WARNING:absl:Failed to load jax profiler: No module named 'jax'
[rank0]:WARNING:absl:Failed to load jax profiler: No module named 'jax'
[rank0]:[titan] 2026-09-30 08:48:42,613 - __main__ - INFO - torchtitan version: 0.0.0+unknown (0.0.0 means __version__ is not defined correctly).
[rank3]:[titan] 2026-09-30 08:48:42,979 - __main__ - INFO - torchtitan version: 0.0.0+unknown (0.0.0 means __version__ is not defined correctly).
[rank1]:[titan] 2026-09-30 08:48:43,061 - __main__ - INFO - torchtitan version: 0.0.0+unknown (0.0.0 means __version__ is not defined correctly).
[rank0]:[titan] 2026-09-30 08:48:43,345 - torchtitan.observability.structured_logger.jsonl_handler - INFO - Structured logging -> JSONL: /root/mep/results/dep_h100_pp4vpp4/time_r10_m8_w_dep_off/out/structured_logs/training.global_rank_0.20260930-084843-0JC1HA.jsonl
[rank2]:[titan] 2026-09-30 08:48:43,280 - __main__ - INFO - torchtitan version: 0.0.0+unknown (0.0.0 means __version__ is not defined correctly).
[rank0]:[titan] 2026-09-30 08:48:43,596 - torchtitan.distributed.utils - WARNING - ENV[TORCH_NCCL_ASYNC_ERROR_HANDLING] = 1 will be overridden to 3 based on job config
[rank3]:[titan] 2026-09-30 08:48:43,719 - torchtitan.observability.structured_logger.jsonl_handler - INFO - Structured logging -> JSONL: /root/mep/results/dep_h100_pp4vpp4/time_r10_m8_w_dep_off/out/structured_logs/training.global_rank_3.20260930-084843-OJ9GB3.jsonl
[rank1]:[titan] 2026-09-30 08:48:43,887 - torchtitan.observability.structured_logger.jsonl_handler - INFO - Structured logging -> JSONL: /root/mep/results/dep_h100_pp4vpp4/time_r10_m8_w_dep_off/out/structured_logs/training.global_rank_1.20260930-084843-G2QXTR.jsonl
[rank3]:[titan] 2026-09-30 08:48:44,046 - torchtitan.distributed.utils - WARNING - ENV[TORCH_NCCL_ASYNC_ERROR_HANDLING] = 1 will be overridden to 3 based on job config
[rank2]:[titan] 2026-09-30 08:48:44,087 - torchtitan.observability.structured_logger.jsonl_handler - INFO - Structured logging -> JSONL: /root/mep/results/dep_h100_pp4vpp4/time_r10_m8_w_dep_off/out/structured_logs/training.global_rank_2.20260930-084844-9F38OU.jsonl
[rank1]:[titan] 2026-09-30 08:48:44,357 - torchtitan.distributed.utils - WARNING - ENV[TORCH_NCCL_ASYNC_ERROR_HANDLING] = 1 will be overridden to 3 based on job config
[rank2]:[titan] 2026-09-30 08:48:44,481 - torchtitan.distributed.utils - WARNING - ENV[TORCH_NCCL_ASYNC_ERROR_HANDLING] = 1 will be overridden to 3 based on job config
[rank0]:[titan] 2026-09-30 08:48:45,072 - torchtitan.tools.utils - INFO - [GC] Initial GC collection took 0.00 seconds
[rank1]:[titan] 2026-09-30 08:48:45,074 - torchtitan.tools.utils - INFO - [GC] Initial GC collection took 0.00 seconds
[rank2]:[titan] 2026-09-30 08:48:45,080 - torchtitan.tools.utils - INFO - [GC] Initial GC collection took 0.00 seconds
[rank3]:[titan] 2026-09-30 08:48:45,073 - torchtitan.tools.utils - INFO - [GC] Initial GC collection took 0.00 seconds
[rank2]:[titan] 2026-09-30 08:48:46,067 - torchtitan.distributed.parallelism_context - INFO - Building device mesh with parallelism: pp=4, dp_replicate=1, dp_shard=1, cp=1, tp=1, ep=1
[rank0]:[titan] 2026-09-30 08:48:46,065 - torchtitan.distributed.parallelism_context - INFO - Building device mesh with parallelism: pp=4, dp_replicate=1, dp_shard=1, cp=1, tp=1, ep=1
[rank1]:[titan] 2026-09-30 08:48:46,067 - torchtitan.distributed.parallelism_context - INFO - Building device mesh with parallelism: pp=4, dp_replicate=1, dp_shard=1, cp=1, tp=1, ep=1
[rank3]:[titan] 2026-09-30 08:48:46,066 - torchtitan.distributed.parallelism_context - INFO - Building device mesh with parallelism: pp=4, dp_replicate=1, dp_shard=1, cp=1, tp=1, ep=1
[rank1]:[titan] 2026-09-30 08:48:46,536 - torchtitan.distributed.parallelism_context - INFO - Successfully created meshes with active axes: ['pp']
[rank1]:[titan] 2026-09-30 08:48:46,540 - torchtitan.observability.metrics - INFO - CUDA capacity: NVIDIA H100 80GB HBM3 with 79.21GiB memory
[rank2]:[titan] 2026-09-30 08:48:46,540 - torchtitan.distributed.parallelism_context - INFO - Successfully created meshes with active axes: ['pp']
[rank2]:[titan] 2026-09-30 08:48:46,546 - torchtitan.observability.metrics - INFO - CUDA capacity: NVIDIA H100 80GB HBM3 with 79.21GiB memory
[rank0]:[titan] 2026-09-30 08:48:46,525 - torchtitan.distributed.parallelism_context - INFO - Successfully created meshes with active axes: ['pp']
[rank0]:[titan] 2026-09-30 08:48:46,527 - torchtitan.observability.metrics - INFO - CUDA capacity: NVIDIA H100 80GB HBM3 with 79.21GiB memory
[rank0]:[titan] 2026-09-30 08:48:46,538 - torchtitan.config.configurable - WARNING - Config field value of type InterpolationMode may not be JSON serializable
[rank0]:[titan] 2026-09-30 08:48:46,539 - torchtitan.tools.utils - WARNING - Error running lspci: [Errno 2] No such file or directory: 'lspci', fallback to use device_name
[rank0]:[titan] 2026-09-30 08:48:46,540 - torchtitan.components.tokenizer - INFO - Loading tokenizer from tokenizer.json
[rank3]:[titan] 2026-09-30 08:48:46,535 - torchtitan.distributed.parallelism_context - INFO - Successfully created meshes with active axes: ['pp']
[rank3]:[titan] 2026-09-30 08:48:46,537 - torchtitan.observability.metrics - INFO - CUDA capacity: NVIDIA H100 80GB HBM3 with 79.21GiB memory
[rank3]:[titan] 2026-09-30 08:48:46,548 - torchtitan.config.configurable - WARNING - Config field value of type InterpolationMode may not be JSON serializable
[rank3]:[titan] 2026-09-30 08:48:46,549 - torchtitan.tools.utils - WARNING - Error running lspci: [Errno 2] No such file or directory: 'lspci', fallback to use device_name
[rank3]:[titan] 2026-09-30 08:48:46,550 - torchtitan.components.tokenizer - INFO - Loading tokenizer from tokenizer.json
[rank1]:[titan] 2026-09-30 08:48:46,555 - torchtitan.config.configurable - WARNING - Config field value of type InterpolationMode may not be JSON serializable
[rank2]:[titan] 2026-09-30 08:48:46,560 - torchtitan.config.configurable - WARNING - Config field value of type InterpolationMode may not be JSON serializable
[rank1]:[titan] 2026-09-30 08:48:46,557 - torchtitan.tools.utils - WARNING - Error running lspci: [Errno 2] No such file or directory: 'lspci', fallback to use device_name
[rank2]:[titan] 2026-09-30 08:48:46,562 - torchtitan.tools.utils - WARNING - Error running lspci: [Errno 2] No such file or directory: 'lspci', fallback to use device_name
[rank1]:[titan] 2026-09-30 08:48:46,558 - torchtitan.components.tokenizer - INFO - Loading tokenizer from tokenizer.json
[rank2]:[titan] 2026-09-30 08:48:46,563 - torchtitan.components.tokenizer - INFO - Loading tokenizer from tokenizer.json
[rank0]:[titan] 2026-09-30 08:48:46,729 - torchtitan.protocols.state_dict_adapter - WARNING - model.safetensors.index.json not found at hf_assets_path: ./tests/assets/tokenizer/model.safetensors.index.json.                     Defaulting to saving a single safetensors file if checkpoint is saved in HF format
[rank0]:[titan] 2026-09-30 08:48:46,735 - torchtitan.models.utils - INFO - Total parameter count: 12,059,226,240, active parameters: 8,885,570,688
[rank1]:[titan] 2026-09-30 08:48:46,768 - torchtitan.protocols.state_dict_adapter - WARNING - model.safetensors.index.json not found at hf_assets_path: ./tests/assets/tokenizer/model.safetensors.index.json.                     Defaulting to saving a single safetensors file if checkpoint is saved in HF format
[rank0]:[titan] 2026-09-30 08:48:46,844 - torchtitan.distributed.pipeline_parallel - INFO - PP rank 0 is building stage_idx 0 with modules ['vision_encoder', 'tok_embeddings', 'layers.0']
[rank1]:[titan] 2026-09-30 08:48:46,774 - torchtitan.models.utils - INFO - Total parameter count: 12,059,226,240, active parameters: 8,885,570,688
[rank2]:[titan] 2026-09-30 08:48:46,949 - torchtitan.protocols.state_dict_adapter - WARNING - model.safetensors.index.json not found at hf_assets_path: ./tests/assets/tokenizer/model.safetensors.index.json.                     Defaulting to saving a single safetensors file if checkpoint is saved in HF format
[rank2]:[titan] 2026-09-30 08:48:46,955 - torchtitan.models.utils - INFO - Total parameter count: 12,059,226,240, active parameters: 8,885,570,688
[rank1]:[titan] 2026-09-30 08:48:46,871 - torchtitan.distributed.pipeline_parallel - INFO - PP rank 1 is building stage_idx 1 with modules ['layers.1', 'layers.2']
[rank0]:[titan] 2026-09-30 08:48:46,946 - torchtitan.distributed.pipeline_parallel - INFO - PP rank 0 is building stage_idx 4 with modules ['layers.6']
[rank3]:[titan] 2026-09-30 08:48:46,919 - torchtitan.protocols.state_dict_adapter - WARNING - model.safetensors.index.json not found at hf_assets_path: ./tests/assets/tokenizer/model.safetensors.index.json.                     Defaulting to saving a single safetensors file if checkpoint is saved in HF format
[rank3]:[titan] 2026-09-30 08:48:46,924 - torchtitan.models.utils - INFO - Total parameter count: 12,059,226,240, active parameters: 8,885,570,688
[rank2]:[titan] 2026-09-30 08:48:47,051 - torchtitan.distributed.pipeline_parallel - INFO - PP rank 2 is building stage_idx 2 with modules ['layers.3', 'layers.4']
[rank1]:[titan] 2026-09-30 08:48:46,960 - torchtitan.distributed.pipeline_parallel - INFO - PP rank 1 is building stage_idx 5 with modules ['layers.7']
[rank0]:[titan] 2026-09-30 08:48:47,040 - torchtitan.distributed.pipeline_parallel - INFO - PP rank 0 is building stage_idx 8 with modules ['layers.10']
[rank1]:[titan] 2026-09-30 08:48:47,051 - torchtitan.distributed.pipeline_parallel - INFO - PP rank 1 is building stage_idx 9 with modules ['layers.11']
[rank3]:[titan] 2026-09-30 08:48:47,020 - torchtitan.distributed.pipeline_parallel - INFO - PP rank 3 is building stage_idx 3 with modules ['layers.5']
[rank2]:[titan] 2026-09-30 08:48:47,141 - torchtitan.distributed.pipeline_parallel - INFO - PP rank 2 is building stage_idx 6 with modules ['layers.8']
[rank0]:[titan] 2026-09-30 08:48:47,132 - torchtitan.distributed.pipeline_parallel - INFO - PP rank 0 is building stage_idx 12 with modules ['layers.14']
[rank0]:[titan] 2026-09-30 08:48:47,155 - torchtitan.distributed.activation_checkpoint - INFO - Applied FullAC activation checkpointing to the model
[rank0]:[titan] 2026-09-30 08:48:47,156 - torchtitan.distributed.activation_checkpoint - INFO - Applied FullAC activation checkpointing to the model
[rank1]:[titan] 2026-09-30 08:48:47,141 - torchtitan.distributed.pipeline_parallel - INFO - PP rank 1 is building stage_idx 13 with modules ['layers.15']
[rank1]:[titan] 2026-09-30 08:48:47,147 - torchtitan.distributed.activation_checkpoint - INFO - Applied FullAC activation checkpointing to the model
[rank3]:[titan] 2026-09-30 08:48:47,110 - torchtitan.distributed.pipeline_parallel - INFO - PP rank 3 is building stage_idx 7 with modules ['layers.9']
[rank2]:[titan] 2026-09-30 08:48:47,231 - torchtitan.distributed.pipeline_parallel - INFO - PP rank 2 is building stage_idx 10 with modules ['layers.12']
[rank0]:[titan] 2026-09-30 08:48:47,233 - torchtitan.distributed.fsdp - INFO - Applied FSDP to the model
[rank1]:[titan] 2026-09-30 08:48:47,192 - torchtitan.distributed.fsdp - INFO - Applied FSDP to the model
[rank0]:[titan] 2026-09-30 08:48:47,237 - torchtitan.distributed.activation_checkpoint - INFO - Applied FullAC activation checkpointing to the model
[rank1]:[titan] 2026-09-30 08:48:47,195 - torchtitan.distributed.activation_checkpoint - INFO - Applied FullAC activation checkpointing to the model
[rank1]:[titan] 2026-09-30 08:48:47,204 - torchtitan.distributed.fsdp - INFO - Applied FSDP to the model
[rank0]:[titan] 2026-09-30 08:48:47,256 - torchtitan.distributed.fsdp - INFO - Applied FSDP to the model
[rank1]:[titan] 2026-09-30 08:48:47,207 - torchtitan.distributed.activation_checkpoint - INFO - Applied FullAC activation checkpointing to the model
[rank1]:[titan] 2026-09-30 08:48:47,210 - torchtitan.distributed.fsdp - INFO - Applied FSDP to the model
[rank1]:[titan] 2026-09-30 08:48:47,212 - torchtitan.distributed.activation_checkpoint - INFO - Applied FullAC activation checkpointing to the model
[rank1]:[titan] 2026-09-30 08:48:47,216 - torchtitan.distributed.fsdp - INFO - Applied FSDP to the model
[rank1]:[titan] 2026-09-30 08:48:47,216 - torchtitan.distributed.pipeline_parallel - WARNING - Number of microbatches (8) is less than the total number of stages (16) which may result in a bubble in the pipeline.
[rank1]:[titan] 2026-09-30 08:48:47,218 - torchtitan.distributed.pipeline_parallel - INFO - Using pipeline schedule Interleaved1F1B with 8 microbatches and 16 stages.
[rank1]:[titan] 2026-09-30 08:48:47,219 - torchtitan.models.kimi_k3.pipeline_parallel - INFO - Kimi K3 pipeline: 4 stage(s) on this rank [1, 5, 9, 13], block transport delta with rank store
[rank3]:[titan] 2026-09-30 08:48:47,199 - torchtitan.distributed.pipeline_parallel - INFO - PP rank 3 is building stage_idx 11 with modules ['layers.13']
[rank2]:[titan] 2026-09-30 08:48:47,320 - torchtitan.distributed.pipeline_parallel - INFO - PP rank 2 is building stage_idx 14 with modules ['layers.16']
[rank2]:[titan] 2026-09-30 08:48:47,325 - torchtitan.distributed.activation_checkpoint - INFO - Applied FullAC activation checkpointing to the model
[rank0]:[titan] 2026-09-30 08:48:47,259 - torchtitan.distributed.activation_checkpoint - INFO - Applied FullAC activation checkpointing to the model
[rank0]:[titan] 2026-09-30 08:48:47,264 - torchtitan.distributed.fsdp - INFO - Applied FSDP to the model
[rank0]:[titan] 2026-09-30 08:48:47,266 - torchtitan.distributed.activation_checkpoint - INFO - Applied FullAC activation checkpointing to the model
[rank0]:[titan] 2026-09-30 08:48:47,271 - torchtitan.distributed.fsdp - INFO - Applied FSDP to the model
[rank0]:[titan] 2026-09-30 08:48:47,271 - torchtitan.distributed.pipeline_parallel - WARNING - Number of microbatches (8) is less than the total number of stages (16) which may result in a bubble in the pipeline.
[rank0]:[titan] 2026-09-30 08:48:47,273 - torchtitan.distributed.pipeline_parallel - INFO - Using pipeline schedule Interleaved1F1B with 8 microbatches and 16 stages.
[rank0]:[titan] 2026-09-30 08:48:47,274 - torchtitan.models.kimi_k3.pipeline_parallel - INFO - Kimi K3 pipeline: 4 stage(s) on this rank [0, 4, 8, 12], block transport delta with rank store
[rank3]:[titan] 2026-09-30 08:48:47,290 - torchtitan.distributed.pipeline_parallel - INFO - PP rank 3 is building stage_idx 15 with modules ['norm', 'lm_head', 'output_res_proj', 'output_res_norm']
[rank3]:[titan] 2026-09-30 08:48:47,293 - torchtitan.distributed.activation_checkpoint - INFO - Applied FullAC activation checkpointing to the model
[rank3]:[titan] 2026-09-30 08:48:47,330 - torchtitan.distributed.fsdp - INFO - Applied FSDP to the model
[rank3]:[titan] 2026-09-30 08:48:47,333 - torchtitan.distributed.activation_checkpoint - INFO - Applied FullAC activation checkpointing to the model
[rank3]:[titan] 2026-09-30 08:48:47,337 - torchtitan.distributed.fsdp - INFO - Applied FSDP to the model
[rank3]:[titan] 2026-09-30 08:48:47,340 - torchtitan.distributed.activation_checkpoint - INFO - Applied FullAC activation checkpointing to the model
[rank3]:[titan] 2026-09-30 08:48:47,344 - torchtitan.distributed.fsdp - INFO - Applied FSDP to the model
[rank3]:[titan] 2026-09-30 08:48:47,345 - torchtitan.distributed.activation_checkpoint - INFO - Applied FullAC activation checkpointing to the model
[rank3]:[titan] 2026-09-30 08:48:47,348 - torchtitan.distributed.fsdp - INFO - Applied FSDP to the model
[rank3]:[titan] 2026-09-30 08:48:47,348 - torchtitan.distributed.pipeline_parallel - WARNING - Number of microbatches (8) is less than the total number of stages (16) which may result in a bubble in the pipeline.
[rank3]:[titan] 2026-09-30 08:48:47,350 - torchtitan.distributed.pipeline_parallel - INFO - Using pipeline schedule Interleaved1F1B with 8 microbatches and 16 stages.
[rank3]:[titan] 2026-09-30 08:48:47,350 - torchtitan.models.kimi_k3.pipeline_parallel - INFO - Kimi K3 pipeline: 4 stage(s) on this rank [3, 7, 11, 15], block transport delta with rank store
[rank1]:[rank1]:W0930 08:48:47.364000 67983 torch/distributed/tensor/_random.py:215] DTensor is synchronizing RNG states of every rank with the state from rank 0. This behavior is deprecated. Please call `torch.manual_seed()` on every rank that participates in SPMD DTensor Operations with the same seed. If using Pipeline Parallelism, each pipeline state would use a different seed, but all ranks belonging to one pipeline stage would use the same seed.
[rank2]:[titan] 2026-09-30 08:48:47,379 - torchtitan.distributed.fsdp - INFO - Applied FSDP to the model
[rank2]:[titan] 2026-09-30 08:48:47,382 - torchtitan.distributed.activation_checkpoint - INFO - Applied FullAC activation checkpointing to the model
[rank2]:[titan] 2026-09-30 08:48:47,387 - torchtitan.distributed.fsdp - INFO - Applied FSDP to the model
[rank2]:[titan] 2026-09-30 08:48:47,390 - torchtitan.distributed.activation_checkpoint - INFO - Applied FullAC activation checkpointing to the model
[rank2]:[titan] 2026-09-30 08:48:47,395 - torchtitan.distributed.fsdp - INFO - Applied FSDP to the model
[rank2]:[titan] 2026-09-30 08:48:47,397 - torchtitan.distributed.activation_checkpoint - INFO - Applied FullAC activation checkpointing to the model
[rank2]:[titan] 2026-09-30 08:48:47,401 - torchtitan.distributed.fsdp - INFO - Applied FSDP to the model
[rank2]:[titan] 2026-09-30 08:48:47,401 - torchtitan.distributed.pipeline_parallel - WARNING - Number of microbatches (8) is less than the total number of stages (16) which may result in a bubble in the pipeline.
[rank2]:[titan] 2026-09-30 08:48:47,403 - torchtitan.distributed.pipeline_parallel - INFO - Using pipeline schedule Interleaved1F1B with 8 microbatches and 16 stages.
[rank2]:[titan] 2026-09-30 08:48:47,403 - torchtitan.models.kimi_k3.pipeline_parallel - INFO - Kimi K3 pipeline: 4 stage(s) on this rank [2, 6, 10, 14], block transport delta with rank store
[rank3]:[rank3]:W0930 08:48:47.461000 67985 torch/distributed/tensor/_random.py:215] DTensor is synchronizing RNG states of every rank with the state from rank 0. This behavior is deprecated. Please call `torch.manual_seed()` on every rank that participates in SPMD DTensor Operations with the same seed. If using Pipeline Parallelism, each pipeline state would use a different seed, but all ranks belonging to one pipeline stage would use the same seed.
[rank2]:[rank2]:W0930 08:48:47.462000 67984 torch/distributed/tensor/_random.py:215] DTensor is synchronizing RNG states of every rank with the state from rank 0. This behavior is deprecated. Please call `torch.manual_seed()` on every rank that participates in SPMD DTensor Operations with the same seed. If using Pipeline Parallelism, each pipeline state would use a different seed, but all ranks belonging to one pipeline stage would use the same seed.
[rank1]:[titan] 2026-09-30 08:48:47,605 - torchtitan.training_engine - INFO - Model KimiK3Model.Config size: 12,059,226,240 total parameters
[rank1]:[titan] 2026-09-30 08:48:47,606 - torchtitan.components.optimizer.optimizer - INFO - Optimizer AdamW (model_part=0): 56 params [.*] {'lr': 0.0008, 'betas': (0.9, 0.95), 'eps': 1e-08, 'weight_decay': 0.1, 'foreach': None, 'fused': True}
[rank1]:[titan] 2026-09-30 08:48:47,607 - torchtitan.components.optimizer.optimizer - INFO - Optimizer AdamW (model_part=1): 22 params [.*] {'lr': 0.0008, 'betas': (0.9, 0.95), 'eps': 1e-08, 'weight_decay': 0.1, 'foreach': None, 'fused': True}
[rank1]:[titan] 2026-09-30 08:48:47,607 - torchtitan.components.optimizer.optimizer - INFO - Optimizer AdamW (model_part=2): 22 params [.*] {'lr': 0.0008, 'betas': (0.9, 0.95), 'eps': 1e-08, 'weight_decay': 0.1, 'foreach': None, 'fused': True}
[rank1]:[titan] 2026-09-30 08:48:47,607 - torchtitan.components.optimizer.optimizer - INFO - Optimizer AdamW (model_part=3): 22 params [.*] {'lr': 0.0008, 'betas': (0.9, 0.95), 'eps': 1e-08, 'weight_decay': 0.1, 'foreach': None, 'fused': True}
[rank1]:[titan] 2026-09-30 08:48:47,608 - torchtitan.observability.metrics - WARNING - [31mPipeline Parallel loss is not visible. Please add [33mrank 3[31m to LOG_RANK environment variable in run_train.sh.[39m
[rank1]:[titan] 2026-09-30 08:48:47,608 - torchtitan.trainer - INFO - Peak FLOPS used for computing MFU: 9.890e+14
[rank1]:[titan] 2026-09-30 08:48:47,608 - torchtitan.trainer - INFO - CUDA memory usage for model: 6.31GiB(7.97%)
[rank1]:[titan] 2026-09-30 08:48:47,608 - torchtitan.trainer - INFO - Trainer is initialized with 16384 tokens per DP rank, 16384 tokens per train step, gradient accumulation steps 1, maximum context length 2048, total steps 20 (warmup 2)
[rank1]:[titan] 2026-09-30 08:48:47,609 - torchtitan.trainer - INFO - Training starts at step 1
[rank2]:[titan] 2026-09-30 08:48:47,707 - torchtitan.training_engine - INFO - Model KimiK3Model.Config size: 12,059,226,240 total parameters
[rank2]:[titan] 2026-09-30 08:48:47,708 - torchtitan.components.optimizer.optimizer - INFO - Optimizer AdamW (model_part=0): 50 params [.*] {'lr': 0.0008, 'betas': (0.9, 0.95), 'eps': 1e-08, 'weight_decay': 0.1, 'foreach': None, 'fused': True}
[rank2]:[titan] 2026-09-30 08:48:47,708 - torchtitan.components.optimizer.optimizer - INFO - Optimizer AdamW (model_part=1): 28 params [.*] {'lr': 0.0008, 'betas': (0.9, 0.95), 'eps': 1e-08, 'weight_decay': 0.1, 'foreach': None, 'fused': True}
[rank2]:[titan] 2026-09-30 08:48:47,708 - torchtitan.components.optimizer.optimizer - INFO - Optimizer AdamW (model_part=2): 28 params [.*] {'lr': 0.0008, 'betas': (0.9, 0.95), 'eps': 1e-08, 'weight_decay': 0.1, 'foreach': None, 'fused': True}
[rank2]:[titan] 2026-09-30 08:48:47,709 - torchtitan.components.optimizer.optimizer - INFO - Optimizer AdamW (model_part=3): 22 params [.*] {'lr': 0.0008, 'betas': (0.9, 0.95), 'eps': 1e-08, 'weight_decay': 0.1, 'foreach': None, 'fused': True}
[rank2]:[titan] 2026-09-30 08:48:47,710 - torchtitan.observability.metrics - WARNING - [31mPipeline Parallel loss is not visible. Please add [33mrank 3[31m to LOG_RANK environment variable in run_train.sh.[39m
[rank2]:[titan] 2026-09-30 08:48:47,710 - torchtitan.trainer - INFO - Peak FLOPS used for computing MFU: 9.890e+14
[rank2]:[titan] 2026-09-30 08:48:47,710 - torchtitan.trainer - INFO - CUDA memory usage for model: 6.69GiB(8.45%)
[rank2]:[titan] 2026-09-30 08:48:47,710 - torchtitan.trainer - INFO - Trainer is initialized with 16384 tokens per DP rank, 16384 tokens per train step, gradient accumulation steps 1, maximum context length 2048, total steps 20 (warmup 2)
[rank2]:[titan] 2026-09-30 08:48:47,710 - torchtitan.trainer - INFO - Training starts at step 1
[rank3]:[titan] 2026-09-30 08:48:47,675 - torchtitan.training_engine - INFO - Model KimiK3Model.Config size: 12,059,226,240 total parameters
[rank3]:[titan] 2026-09-30 08:48:47,676 - torchtitan.components.optimizer.optimizer - INFO - Optimizer AdamW (model_part=0): 28 params [.*] {'lr': 0.0008, 'betas': (0.9, 0.95), 'eps': 1e-08, 'weight_decay': 0.1, 'foreach': None, 'fused': True}
[rank3]:[titan] 2026-09-30 08:48:47,676 - torchtitan.components.optimizer.optimizer - INFO - Optimizer AdamW (model_part=1): 28 params [.*] {'lr': 0.0008, 'betas': (0.9, 0.95), 'eps': 1e-08, 'weight_decay': 0.1, 'foreach': None, 'fused': True}
[rank3]:[titan] 2026-09-30 08:48:47,676 - torchtitan.components.optimizer.optimizer - INFO - Optimizer AdamW (model_part=2): 28 params [.*] {'lr': 0.0008, 'betas': (0.9, 0.95), 'eps': 1e-08, 'weight_decay': 0.1, 'foreach': None, 'fused': True}
[rank3]:[titan] 2026-09-30 08:48:47,677 - torchtitan.components.optimizer.optimizer - INFO - Optimizer AdamW (model_part=3): 4 params [.*] {'lr': 0.0008, 'betas': (0.9, 0.95), 'eps': 1e-08, 'weight_decay': 0.1, 'foreach': None, 'fused': True}
[rank3]:[titan] 2026-09-30 08:48:47,678 - torchtitan.observability.metrics - WARNING - [31mPipeline Parallel loss is not visible. Please add [33mrank 3[31m to LOG_RANK environment variable in run_train.sh.[39m
[rank3]:[titan] 2026-09-30 08:48:47,678 - torchtitan.trainer - INFO - Peak FLOPS used for computing MFU: 9.890e+14
[rank3]:[titan] 2026-09-30 08:48:47,678 - torchtitan.trainer - INFO - CUDA memory usage for model: 4.46GiB(5.62%)
[rank3]:[titan] 2026-09-30 08:48:47,678 - torchtitan.trainer - INFO - Trainer is initialized with 16384 tokens per DP rank, 16384 tokens per train step, gradient accumulation steps 1, maximum context length 2048, total steps 20 (warmup 2)
[rank3]:[titan] 2026-09-30 08:48:47,678 - torchtitan.trainer - INFO - Training starts at step 1
[rank0]:[titan] 2026-09-30 08:48:47,779 - torchtitan.training_engine - INFO - Model KimiK3Model.Config size: 12,059,226,240 total parameters
[rank0]:[titan] 2026-09-30 08:48:47,782 - torchtitan.components.optimizer.optimizer - INFO - Optimizer AdamW (model_part=0): 243 params [.*] {'lr': 0.0008, 'betas': (0.9, 0.95), 'eps': 1e-08, 'weight_decay': 0.1, 'foreach': None, 'fused': True}
[rank0]:[titan] 2026-09-30 08:48:47,782 - torchtitan.components.optimizer.optimizer - INFO - Optimizer AdamW (model_part=1): 28 params [.*] {'lr': 0.0008, 'betas': (0.9, 0.95), 'eps': 1e-08, 'weight_decay': 0.1, 'foreach': None, 'fused': True}
[rank0]:[titan] 2026-09-30 08:48:47,782 - torchtitan.components.optimizer.optimizer - INFO - Optimizer AdamW (model_part=2): 28 params [.*] {'lr': 0.0008, 'betas': (0.9, 0.95), 'eps': 1e-08, 'weight_decay': 0.1, 'foreach': None, 'fused': True}
[rank0]:[titan] 2026-09-30 08:48:47,783 - torchtitan.components.optimizer.optimizer - INFO - Optimizer AdamW (model_part=3): 28 params [.*] {'lr': 0.0008, 'betas': (0.9, 0.95), 'eps': 1e-08, 'weight_decay': 0.1, 'foreach': None, 'fused': True}
[rank0]:[titan] 2026-09-30 08:48:47,785 - torchtitan.observability.metrics - WARNING - [31mPipeline Parallel loss is not visible. Please add [33mrank 3[31m to LOG_RANK environment variable in run_train.sh.[39m
[rank0]:[titan] 2026-09-30 08:48:47,785 - torchtitan.trainer - INFO - Peak FLOPS used for computing MFU: 9.890e+14
[rank0]:[titan] 2026-09-30 08:48:47,785 - torchtitan.trainer - INFO - CUDA memory usage for model: 6.51GiB(8.22%)
[rank0]:[titan] 2026-09-30 08:48:47,785 - torchtitan.trainer - INFO - Trainer is initialized with 16384 tokens per DP rank, 16384 tokens per train step, gradient accumulation steps 1, maximum context length 2048, total steps 20 (warmup 2)
[rank0]:[titan] 2026-09-30 08:48:47,785 - torchtitan.trainer - INFO - Training starts at step 1
[rank1]:/root/mep/venv_src/lib/python3.12/site-packages/torch/distributed/fsdp/_fully_shard/_fsdp_state.py:336: UserWarning: FSDP2-wrapped module (FSDPCheckpointWrapper) returned a view tensor. An in-place op on this view (e.g., `x += y`) will silently drop the pre-backward hook and skip the all-gather, which can cause backward to fail or produce wrong gradients. Use out-of-place ops (`out = out + y`, not `out += y`) or `.clone()` the output before any in-place op.
[rank1]:  output = self._register_pre_backward_hook(output)
[rank1]:/root/mep/venv_src/lib/python3.12/site-packages/torch/distributed/fsdp/_fully_shard/_fsdp_state.py:336: UserWarning: FSDP2-wrapped module (FSDPKimiK3Model) returned a view tensor. An in-place op on this view (e.g., `x += y`) will silently drop the pre-backward hook and skip the all-gather, which can cause backward to fail or produce wrong gradients. Use out-of-place ops (`out = out + y`, not `out += y`) or `.clone()` the output before any in-place op.
[rank1]:  output = self._register_pre_backward_hook(output)
[rank2]:/root/mep/venv_src/lib/python3.12/site-packages/torch/distributed/fsdp/_fully_shard/_fsdp_state.py:336: UserWarning: FSDP2-wrapped module (FSDPCheckpointWrapper) returned a view tensor. An in-place op on this view (e.g., `x += y`) will silently drop the pre-backward hook and skip the all-gather, which can cause backward to fail or produce wrong gradients. Use out-of-place ops (`out = out + y`, not `out += y`) or `.clone()` the output before any in-place op.
[rank2]:  output = self._register_pre_backward_hook(output)
[rank3]:/root/mep/venv_src/lib/python3.12/site-packages/torch/distributed/fsdp/_fully_shard/_fsdp_state.py:336: UserWarning: FSDP2-wrapped module (FSDPCheckpointWrapper) returned a view tensor. An in-place op on this view (e.g., `x += y`) will silently drop the pre-backward hook and skip the all-gather, which can cause backward to fail or produce wrong gradients. Use out-of-place ops (`out = out + y`, not `out += y`) or `.clone()` the output before any in-place op.
[rank3]:  output = self._register_pre_backward_hook(output)
[rank3]:/root/mep/venv_src/lib/python3.12/site-packages/torch/distributed/fsdp/_fully_shard/_fsdp_state.py:336: UserWarning: FSDP2-wrapped module (FSDPKimiK3Model) returned a view tensor. An in-place op on this view (e.g., `x += y`) will silently drop the pre-backward hook and skip the all-gather, which can cause backward to fail or produce wrong gradients. Use out-of-place ops (`out = out + y`, not `out += y`) or `.clone()` the output before any in-place op.
[rank3]:  output = self._register_pre_backward_hook(output)
[rank0]:/root/mep/venv_src/lib/python3.12/site-packages/torch/distributed/fsdp/_fully_shard/_fsdp_state.py:336: UserWarning: FSDP2-wrapped module (FSDPCheckpointWrapper) returned a view tensor. An in-place op on this view (e.g., `x += y`) will silently drop the pre-backward hook and skip the all-gather, which can cause backward to fail or produce wrong gradients. Use out-of-place ops (`out = out + y`, not `out += y`) or `.clone()` the output before any in-place op.
[rank0]:  output = self._register_pre_backward_hook(output)
[rank0]:/root/mep/venv_src/lib/python3.12/site-packages/torch/distributed/fsdp/_fully_shard/_fsdp_state.py:336: UserWarning: FSDP2-wrapped module (FSDPKimiK3Model) returned a view tensor. An in-place op on this view (e.g., `x += y`) will silently drop the pre-backward hook and skip the all-gather, which can cause backward to fail or produce wrong gradients. Use out-of-place ops (`out = out + y`, not `out += y`) or `.clone()` the output before any in-place op.
[rank0]:  output = self._register_pre_backward_hook(output)
[rank1]:/root/mep/venv_src/lib/python3.12/site-packages/torch/distributed/fsdp/_fully_shard/_fsdp_state.py:336: UserWarning: FSDP2-wrapped module (FSDPCheckpointWrapper) returned a view tensor. An in-place op on this view (e.g., `x += y`) will silently drop the pre-backward hook and skip the all-gather, which can cause backward to fail or produce wrong gradients. Use out-of-place ops (`out = out + y`, not `out += y`) or `.clone()` the output before any in-place op.
[rank1]:  output = self._register_pre_backward_hook(output)
[rank1]:/root/mep/venv_src/lib/python3.12/site-packages/torch/distributed/fsdp/_fully_shard/_fsdp_state.py:336: UserWarning: FSDP2-wrapped module (FSDPKimiK3Model) returned a view tensor. An in-place op on this view (e.g., `x += y`) will silently drop the pre-backward hook and skip the all-gather, which can cause backward to fail or produce wrong gradients. Use out-of-place ops (`out = out + y`, not `out += y`) or `.clone()` the output before any in-place op.
[rank1]:  output = self._register_pre_backward_hook(output)
[rank0]:/root/mep/venv_src/lib/python3.12/site-packages/torch/distributed/fsdp/_fully_shard/_fsdp_state.py:336: UserWarning: FSDP2-wrapped module (FSDPCheckpointWrapper) returned a view tensor. An in-place op on this view (e.g., `x += y`) will silently drop the pre-backward hook and skip the all-gather, which can cause backward to fail or produce wrong gradients. Use out-of-place ops (`out = out + y`, not `out += y`) or `.clone()` the output before any in-place op.
[rank0]:  output = self._register_pre_backward_hook(output)
[rank0]:/root/mep/venv_src/lib/python3.12/site-packages/torch/distributed/fsdp/_fully_shard/_fsdp_state.py:336: UserWarning: FSDP2-wrapped module (FSDPKimiK3Model) returned a view tensor. An in-place op on this view (e.g., `x += y`) will silently drop the pre-backward hook and skip the all-gather, which can cause backward to fail or produce wrong gradients. Use out-of-place ops (`out = out + y`, not `out += y`) or `.clone()` the output before any in-place op.
[rank0]:  output = self._register_pre_backward_hook(output)
[rank2]:[titan] 2026-09-30 08:49:35,437 - torchtitan.observability.metrics - INFO - [31mstep:  1  [32mloss: -1.00000  [38;2;180;60;0mgrad_norm: 47.7500  [38;2;54;234;195mmemory: 58.55GiB(73.92%)  [34mtps: 84  [36mtflops: 4.58  [35mmfu: 0.46%[39m
[rank1]:[titan] 2026-09-30 08:49:35,420 - torchtitan.observability.metrics - INFO - [31mstep:  1  [32mloss: -1.00000  [38;2;180;60;0mgrad_norm: 47.7500  [38;2;54;234;195mmemory: 51.44GiB(64.94%)  [34mtps: 84  [36mtflops: 4.58  [35mmfu: 0.46%[39m
[rank2]:[titan] 2026-09-30 08:49:35,437 - torchtitan.distributed.utils - INFO - Synchronizing and adjusting timeout for all ProcessGroups to 0:01:40
[rank1]:[titan] 2026-09-30 08:49:35,421 - torchtitan.distributed.utils - INFO - Synchronizing and adjusting timeout for all ProcessGroups to 0:01:40
[rank3]:[titan] 2026-09-30 08:49:35,374 - torchtitan.observability.metrics - INFO - [31mstep:  1  [32mloss:  8.02400  [38;2;180;60;0mgrad_norm: 47.7500  [38;2;54;234;195mmemory: 44.63GiB(56.34%)  [34mtps: 84  [36mtflops: 4.58  [35mmfu: 0.46%[39m
[rank3]:[titan] 2026-09-30 08:49:35,374 - torchtitan.distributed.utils - INFO - Synchronizing and adjusting timeout for all ProcessGroups to 0:01:40
[rank0]:[titan] 2026-09-30 08:49:35,726 - torchtitan.observability.metrics - INFO - [31mstep:  1  [32mloss: -1.00000  [38;2;180;60;0mgrad_norm: 47.7500  [38;2;54;234;195mmemory: 53.95GiB(68.11%)  [34mtps: 83  [36mtflops: 4.55  [35mmfu: 0.46%[39m
[rank0]:[titan] 2026-09-30 08:49:35,727 - torchtitan.distributed.utils - INFO - Synchronizing and adjusting timeout for all ProcessGroups to 0:01:40
[rank2]:[titan] 2026-09-30 08:49:38,311 - torchtitan.observability.metrics - INFO - [31mstep:  2  [32mloss: -1.00000  [38;2;180;60;0mgrad_norm: 70.0000  [38;2;54;234;195mmemory: 71.21GiB(89.90%)  [34mtps: 1,425  [36mtflops: 77.83  [35mmfu: 7.87%[39m
[rank1]:[titan] 2026-09-30 08:49:38,309 - torchtitan.observability.metrics - INFO - [31mstep:  2  [32mloss: -1.00000  [38;2;180;60;0mgrad_norm: 70.0000  [38;2;54;234;195mmemory: 64.15GiB(80.99%)  [34mtps: 1,418  [36mtflops: 77.44  [35mmfu: 7.83%[39m
[rank0]:[titan] 2026-09-30 08:49:38,310 - torchtitan.observability.metrics - INFO - [31mstep:  2  [32mloss: -1.00000  [38;2;180;60;0mgrad_norm: 70.0000  [38;2;54;234;195mmemory: 65.97GiB(83.28%)  [34mtps: 1,585  [36mtflops: 86.55  [35mmfu: 8.75%[39m
[rank3]:[titan] 2026-09-30 08:49:38,303 - torchtitan.observability.metrics - INFO - [31mstep:  2  [32mloss:  7.00811  [38;2;180;60;0mgrad_norm: 70.0000  [38;2;54;234;195mmemory: 53.27GiB(67.25%)  [34mtps: 1,398  [36mtflops: 76.34  [35mmfu: 7.72%[39m
[rank1]:[titan] 2026-09-30 08:49:40,967 - torchtitan.observability.metrics - INFO - [31mstep:  3  [32mloss: -1.00000  [38;2;180;60;0mgrad_norm: 51.2500  [38;2;54;234;195mmemory: 64.15GiB(80.99%)  [34mtps: 1,541  [36mtflops: 84.13  [35mmfu: 8.51%[39m
[rank2]:[titan] 2026-09-30 08:49:40,969 - torchtitan.observability.metrics - INFO - [31mstep:  3  [32mloss: -1.00000  [38;2;180;60;0mgrad_norm: 51.2500  [38;2;54;234;195mmemory: 71.21GiB(89.90%)  [34mtps: 1,541  [36mtflops: 84.15  [35mmfu: 8.51%[39m
[rank0]:[titan] 2026-09-30 08:49:40,968 - torchtitan.observability.metrics - INFO - [31mstep:  3  [32mloss: -1.00000  [38;2;180;60;0mgrad_norm: 51.2500  [38;2;54;234;195mmemory: 65.97GiB(83.28%)  [34mtps: 1,541  [36mtflops: 84.13  [35mmfu: 8.51%[39m
[rank3]:[titan] 2026-09-30 08:49:40,962 - torchtitan.observability.metrics - INFO - [31mstep:  3  [32mloss:  6.18871  [38;2;180;60;0mgrad_norm: 51.2500  [38;2;54;234;195mmemory: 53.27GiB(67.25%)  [34mtps: 1,541  [36mtflops: 84.13  [35mmfu: 8.51%[39m
[rank2]:[titan] 2026-09-30 08:49:43,591 - torchtitan.observability.metrics - INFO - [31mstep:  4  [32mloss: -1.00000  [38;2;180;60;0mgrad_norm: 236.0000  [38;2;54;234;195mmemory: 71.21GiB(89.90%)  [34mtps: 1,562  [36mtflops: 85.28  [35mmfu: 8.62%[39m
[rank0]:[titan] 2026-09-30 08:49:43,591 - torchtitan.observability.metrics - INFO - [31mstep:  4  [32mloss: -1.00000  [38;2;180;60;0mgrad_norm: 236.0000  [38;2;54;234;195mmemory: 65.97GiB(83.28%)  [34mtps: 1,562  [36mtflops: 85.28  [35mmfu: 8.62%[39m
[rank1]:[titan] 2026-09-30 08:49:43,590 - torchtitan.observability.metrics - INFO - [31mstep:  4  [32mloss: -1.00000  [38;2;180;60;0mgrad_norm: 236.0000  [38;2;54;234;195mmemory: 64.15GiB(80.99%)  [34mtps: 1,562  [36mtflops: 85.28  [35mmfu: 8.62%[39m
[rank3]:[titan] 2026-09-30 08:49:43,585 - torchtitan.observability.metrics - INFO - [31mstep:  4  [32mloss:  9.42951  [38;2;180;60;0mgrad_norm: 236.0000  [38;2;54;234;195mmemory: 53.27GiB(67.25%)  [34mtps: 1,562  [36mtflops: 85.28  [35mmfu: 8.62%[39m
[rank1]:[titan] 2026-09-30 08:49:46,113 - torchtitan.observability.metrics - INFO - [31mstep:  5  [32mloss: -1.00000  [38;2;180;60;0mgrad_norm: 5664.0000  [38;2;54;234;195mmemory: 64.15GiB(80.99%)  [34mtps: 1,623  [36mtflops: 88.62  [35mmfu: 8.96%[39m
[rank0]:[titan] 2026-09-30 08:49:46,115 - torchtitan.observability.metrics - INFO - [31mstep:  5  [32mloss: -1.00000  [38;2;180;60;0mgrad_norm: 5664.0000  [38;2;54;234;195mmemory: 65.97GiB(83.28%)  [34mtps: 1,623  [36mtflops: 88.62  [35mmfu: 8.96%[39m
[rank2]:[titan] 2026-09-30 08:49:46,115 - torchtitan.observability.metrics - INFO - [31mstep:  5  [32mloss: -1.00000  [38;2;180;60;0mgrad_norm: 5664.0000  [38;2;54;234;195mmemory: 71.21GiB(89.90%)  [34mtps: 1,623  [36mtflops: 88.63  [35mmfu: 8.96%[39m
[rank3]:[titan] 2026-09-30 08:49:46,108 - torchtitan.observability.metrics - INFO - [31mstep:  5  [32mloss: 10.65035  [38;2;180;60;0mgrad_norm: 5664.0000  [38;2;54;234;195mmemory: 53.27GiB(67.25%)  [34mtps: 1,623  [36mtflops: 88.63  [35mmfu: 8.96%[39m
[rank1]:[titan] 2026-09-30 08:49:48,678 - torchtitan.observability.metrics - INFO - [31mstep:  6  [32mloss: -1.00000  [38;2;180;60;0mgrad_norm: 44.0000  [38;2;54;234;195mmemory: 64.15GiB(80.99%)  [34mtps: 1,597  [36mtflops: 87.20  [35mmfu: 8.82%[39m
[rank0]:[titan] 2026-09-30 08:49:48,679 - torchtitan.observability.metrics - INFO - [31mstep:  6  [32mloss: -1.00000  [38;2;180;60;0mgrad_norm: 44.0000  [38;2;54;234;195mmemory: 65.97GiB(83.28%)  [34mtps: 1,597  [36mtflops: 87.21  [35mmfu: 8.82%[39m
[rank3]:[titan] 2026-09-30 08:49:48,673 - torchtitan.observability.metrics - INFO - [31mstep:  6  [32mloss:  8.28138  [38;2;180;60;0mgrad_norm: 44.0000  [38;2;54;234;195mmemory: 53.27GiB(67.25%)  [34mtps: 1,597  [36mtflops: 87.21  [35mmfu: 8.82%[39m
[rank2]:[titan] 2026-09-30 08:49:48,680 - torchtitan.observability.metrics - INFO - [31mstep:  6  [32mloss: -1.00000  [38;2;180;60;0mgrad_norm: 44.0000  [38;2;54;234;195mmemory: 71.21GiB(89.90%)  [34mtps: 1,597  [36mtflops: 87.21  [35mmfu: 8.82%[39m
[rank3]:[titan] 2026-09-30 08:49:51,233 - torchtitan.observability.metrics - INFO - [31mstep:  7  [32mloss:  6.93688  [38;2;180;60;0mgrad_norm: 254.0000  [38;2;54;234;195mmemory: 53.27GiB(67.25%)  [34mtps: 1,600  [36mtflops: 87.35  [35mmfu: 8.83%[39m
[rank2]:[titan] 2026-09-30 08:49:51,240 - torchtitan.observability.metrics - INFO - [31mstep:  7  [32mloss: -1.00000  [38;2;180;60;0mgrad_norm: 254.0000  [38;2;54;234;195mmemory: 71.21GiB(89.90%)  [34mtps: 1,600  [36mtflops: 87.35  [35mmfu: 8.83%[39m
[rank0]:[titan] 2026-09-30 08:49:51,240 - torchtitan.observability.metrics - INFO - [31mstep:  7  [32mloss: -1.00000  [38;2;180;60;0mgrad_norm: 254.0000  [38;2;54;234;195mmemory: 65.97GiB(83.28%)  [34mtps: 1,600  [36mtflops: 87.35  [35mmfu: 8.83%[39m
[rank1]:[titan] 2026-09-30 08:49:51,239 - torchtitan.observability.metrics - INFO - [31mstep:  7  [32mloss: -1.00000  [38;2;180;60;0mgrad_norm: 254.0000  [38;2;54;234;195mmemory: 64.15GiB(80.99%)  [34mtps: 1,600  [36mtflops: 87.36  [35mmfu: 8.83%[39m
[rank3]:[titan] 2026-09-30 08:49:53,770 - torchtitan.observability.metrics - INFO - [31mstep:  8  [32mloss:  6.35335  [38;2;180;60;0mgrad_norm: 24.6250  [38;2;54;234;195mmemory: 53.27GiB(67.25%)  [34mtps: 1,615  [36mtflops: 88.18  [35mmfu: 8.92%[39m
[rank2]:[titan] 2026-09-30 08:49:53,778 - torchtitan.observability.metrics - INFO - [31mstep:  8  [32mloss: -1.00000  [38;2;180;60;0mgrad_norm: 24.6250  [38;2;54;234;195mmemory: 71.21GiB(89.90%)  [34mtps: 1,614  [36mtflops: 88.15  [35mmfu: 8.91%[39m
[rank0]:[titan] 2026-09-30 08:49:53,776 - torchtitan.observability.metrics - INFO - [31mstep:  8  [32mloss: -1.00000  [38;2;180;60;0mgrad_norm: 24.6250  [38;2;54;234;195mmemory: 65.97GiB(83.28%)  [34mtps: 1,615  [36mtflops: 88.19  [35mmfu: 8.92%[39m
[rank1]:[titan] 2026-09-30 08:49:53,775 - torchtitan.observability.metrics - INFO - [31mstep:  8  [32mloss: -1.00000  [38;2;180;60;0mgrad_norm: 24.6250  [38;2;54;234;195mmemory: 64.15GiB(80.99%)  [34mtps: 1,615  [36mtflops: 88.18  [35mmfu: 8.92%[39m
[rank3]:[titan] 2026-09-30 08:49:56,344 - torchtitan.observability.metrics - INFO - [31mstep:  9  [32mloss:  6.78750  [38;2;180;60;0mgrad_norm: 69.5000  [38;2;54;234;195mmemory: 53.27GiB(67.25%)  [34mtps: 1,591  [36mtflops: 86.87  [35mmfu: 8.78%[39m
[rank2]:[titan] 2026-09-30 08:49:56,351 - torchtitan.observability.metrics - INFO - [31mstep:  9  [32mloss: -1.00000  [38;2;180;60;0mgrad_norm: 69.5000  [38;2;54;234;195mmemory: 71.21GiB(89.90%)  [34mtps: 1,592  [36mtflops: 86.93  [35mmfu: 8.79%[39m
[rank0]:[titan] 2026-09-30 08:49:56,351 - torchtitan.observability.metrics - INFO - [31mstep:  9  [32mloss: -1.00000  [38;2;180;60;0mgrad_norm: 69.5000  [38;2;54;234;195mmemory: 65.97GiB(83.28%)  [34mtps: 1,591  [36mtflops: 86.87  [35mmfu: 8.78%[39m
[rank1]:[titan] 2026-09-30 08:49:56,350 - torchtitan.observability.metrics - INFO - [31mstep:  9  [32mloss: -1.00000  [38;2;180;60;0mgrad_norm: 69.5000  [38;2;54;234;195mmemory: 64.15GiB(80.99%)  [34mtps: 1,591  [36mtflops: 86.87  [35mmfu: 8.78%[39m
[rank3]:[titan] 2026-09-30 08:49:58,930 - torchtitan.observability.metrics - INFO - [31mstep: 10  [32mloss:  6.30435  [38;2;180;60;0mgrad_norm: 187.0000  [38;2;54;234;195mmemory: 53.27GiB(67.25%)  [34mtps: 1,584  [36mtflops: 86.51  [35mmfu: 8.75%[39m
[rank2]:[titan] 2026-09-30 08:49:58,937 - torchtitan.observability.metrics - INFO - [31mstep: 10  [32mloss: -1.00000  [38;2;180;60;0mgrad_norm: 187.0000  [38;2;54;234;195mmemory: 71.21GiB(89.90%)  [34mtps: 1,584  [36mtflops: 86.51  [35mmfu: 8.75%[39m
[rank0]:[titan] 2026-09-30 08:49:58,936 - torchtitan.observability.metrics - INFO - [31mstep: 10  [32mloss: -1.00000  [38;2;180;60;0mgrad_norm: 187.0000  [38;2;54;234;195mmemory: 65.97GiB(83.28%)  [34mtps: 1,584  [36mtflops: 86.50  [35mmfu: 8.75%[39m
[rank1]:[titan] 2026-09-30 08:49:58,935 - torchtitan.observability.metrics - INFO - [31mstep: 10  [32mloss: -1.00000  [38;2;180;60;0mgrad_norm: 187.0000  [38;2;54;234;195mmemory: 64.15GiB(80.99%)  [34mtps: 1,584  [36mtflops: 86.51  [35mmfu: 8.75%[39m
[rank3]:[titan] 2026-09-30 08:50:01,461 - torchtitan.observability.metrics - INFO - [31mstep: 11  [32mloss:  5.58318  [38;2;180;60;0mgrad_norm: 35.0000  [38;2;54;234;195mmemory: 53.27GiB(67.25%)  [34mtps: 1,619  [36mtflops: 88.37  [35mmfu: 8.94%[39m
[rank2]:[titan] 2026-09-30 08:50:01,468 - torchtitan.observability.metrics - INFO - [31mstep: 11  [32mloss: -1.00000  [38;2;180;60;0mgrad_norm: 35.0000  [38;2;54;234;195mmemory: 71.21GiB(89.90%)  [34mtps: 1,619  [36mtflops: 88.37  [35mmfu: 8.94%[39m
[rank0]:[titan] 2026-09-30 08:50:01,467 - torchtitan.observability.metrics - INFO - [31mstep: 11  [32mloss: -1.00000  [38;2;180;60;0mgrad_norm: 35.0000  [38;2;54;234;195mmemory: 65.97GiB(83.28%)  [34mtps: 1,619  [36mtflops: 88.37  [35mmfu: 8.94%[39m
[rank1]:[titan] 2026-09-30 08:50:01,466 - torchtitan.observability.metrics - INFO - [31mstep: 11  [32mloss: -1.00000  [38;2;180;60;0mgrad_norm: 35.0000  [38;2;54;234;195mmemory: 64.15GiB(80.99%)  [34mtps: 1,619  [36mtflops: 88.37  [35mmfu: 8.94%[39m
[rank3]:[titan] 2026-09-30 08:50:04,065 - torchtitan.observability.metrics - INFO - [31mstep: 12  [32mloss:  6.30887  [38;2;180;60;0mgrad_norm: 33.5000  [38;2;54;234;195mmemory: 53.27GiB(67.25%)  [34mtps: 1,573  [36mtflops: 85.89  [35mmfu: 8.68%[39m
[rank2]:[titan] 2026-09-30 08:50:04,072 - torchtitan.observability.metrics - INFO - [31mstep: 12  [32mloss: -1.00000  [38;2;180;60;0mgrad_norm: 33.5000  [38;2;54;234;195mmemory: 71.21GiB(89.90%)  [34mtps: 1,573  [36mtflops: 85.89  [35mmfu: 8.68%[39m
[rank0]:[titan] 2026-09-30 08:50:04,071 - torchtitan.observability.metrics - INFO - [31mstep: 12  [32mloss: -1.00000  [38;2;180;60;0mgrad_norm: 33.5000  [38;2;54;234;195mmemory: 65.97GiB(83.28%)  [34mtps: 1,573  [36mtflops: 85.88  [35mmfu: 8.68%[39m
[rank1]:[titan] 2026-09-30 08:50:04,070 - torchtitan.observability.metrics - INFO - [31mstep: 12  [32mloss: -1.00000  [38;2;180;60;0mgrad_norm: 33.5000  [38;2;54;234;195mmemory: 64.15GiB(80.99%)  [34mtps: 1,573  [36mtflops: 85.89  [35mmfu: 8.68%[39m
[rank3]:[titan] 2026-09-30 08:50:06,669 - torchtitan.observability.metrics - INFO - [31mstep: 13  [32mloss:  6.46491  [38;2;180;60;0mgrad_norm: 258.0000  [38;2;54;234;195mmemory: 53.27GiB(67.25%)  [34mtps: 1,573  [36mtflops: 85.90  [35mmfu: 8.69%[39m
[rank2]:[titan] 2026-09-30 08:50:06,676 - torchtitan.observability.metrics - INFO - [31mstep: 13  [32mloss: -1.00000  [38;2;180;60;0mgrad_norm: 258.0000  [38;2;54;234;195mmemory: 71.21GiB(89.90%)  [34mtps: 1,573  [36mtflops: 85.90  [35mmfu: 8.69%[39m
[rank0]:[titan] 2026-09-30 08:50:06,675 - torchtitan.observability.metrics - INFO - [31mstep: 13  [32mloss: -1.00000  [38;2;180;60;0mgrad_norm: 258.0000  [38;2;54;234;195mmemory: 65.97GiB(83.28%)  [34mtps: 1,573  [36mtflops: 85.90  [35mmfu: 8.69%[39m
[rank1]:[titan] 2026-09-30 08:50:06,674 - torchtitan.observability.metrics - INFO - [31mstep: 13  [32mloss: -1.00000  [38;2;180;60;0mgrad_norm: 258.0000  [38;2;54;234;195mmemory: 64.15GiB(80.99%)  [34mtps: 1,573  [36mtflops: 85.90  [35mmfu: 8.69%[39m
[rank3]:[titan] 2026-09-30 08:50:09,209 - torchtitan.observability.metrics - INFO - [31mstep: 14  [32mloss:  6.56819  [38;2;180;60;0mgrad_norm: 22.8750  [38;2;54;234;195mmemory: 53.27GiB(67.25%)  [34mtps: 1,613  [36mtflops: 88.06  [35mmfu: 8.90%[39m
[rank2]:[titan] 2026-09-30 08:50:09,216 - torchtitan.observability.metrics - INFO - [31mstep: 14  [32mloss: -1.00000  [38;2;180;60;0mgrad_norm: 22.8750  [38;2;54;234;195mmemory: 71.21GiB(89.90%)  [34mtps: 1,613  [36mtflops: 88.06  [35mmfu: 8.90%[39m
[rank0]:[titan] 2026-09-30 08:50:09,215 - torchtitan.observability.metrics - INFO - [31mstep: 14  [32mloss: -1.00000  [38;2;180;60;0mgrad_norm: 22.8750  [38;2;54;234;195mmemory: 65.97GiB(83.28%)  [34mtps: 1,613  [36mtflops: 88.05  [35mmfu: 8.90%[39m
[rank1]:[titan] 2026-09-30 08:50:09,214 - torchtitan.observability.metrics - INFO - [31mstep: 14  [32mloss: -1.00000  [38;2;180;60;0mgrad_norm: 22.8750  [38;2;54;234;195mmemory: 64.15GiB(80.99%)  [34mtps: 1,613  [36mtflops: 88.06  [35mmfu: 8.90%[39m
[rank3]:[titan] 2026-09-30 08:50:11,772 - torchtitan.observability.metrics - INFO - [31mstep: 15  [32mloss:  5.51831  [38;2;180;60;0mgrad_norm: 17.2500  [38;2;54;234;195mmemory: 53.27GiB(67.25%)  [34mtps: 1,598  [36mtflops: 87.26  [35mmfu: 8.82%[39m
[rank2]:[titan] 2026-09-30 08:50:11,779 - torchtitan.observability.metrics - INFO - [31mstep: 15  [32mloss: -1.00000  [38;2;180;60;0mgrad_norm: 17.2500  [38;2;54;234;195mmemory: 71.21GiB(89.90%)  [34mtps: 1,598  [36mtflops: 87.26  [35mmfu: 8.82%[39m
[rank0]:[titan] 2026-09-30 08:50:11,778 - torchtitan.observability.metrics - INFO - [31mstep: 15  [32mloss: -1.00000  [38;2;180;60;0mgrad_norm: 17.2500  [38;2;54;234;195mmemory: 65.97GiB(83.28%)  [34mtps: 1,598  [36mtflops: 87.26  [35mmfu: 8.82%[39m
[rank1]:[titan] 2026-09-30 08:50:11,777 - torchtitan.observability.metrics - INFO - [31mstep: 15  [32mloss: -1.00000  [38;2;180;60;0mgrad_norm: 17.2500  [38;2;54;234;195mmemory: 64.15GiB(80.99%)  [34mtps: 1,598  [36mtflops: 87.26  [35mmfu: 8.82%[39m
[rank3]:[titan] 2026-09-30 08:50:14,299 - torchtitan.observability.metrics - INFO - [31mstep: 16  [32mloss:  5.15244  [38;2;180;60;0mgrad_norm: 12.5625  [38;2;54;234;195mmemory: 53.27GiB(67.25%)  [34mtps: 1,621  [36mtflops: 88.50  [35mmfu: 8.95%[39m
[rank2]:[titan] 2026-09-30 08:50:14,306 - torchtitan.observability.metrics - INFO - [31mstep: 16  [32mloss: -1.00000  [38;2;180;60;0mgrad_norm: 12.5625  [38;2;54;234;195mmemory: 71.21GiB(89.90%)  [34mtps: 1,621  [36mtflops: 88.51  [35mmfu: 8.95%[39m
[rank0]:[titan] 2026-09-30 08:50:14,305 - torchtitan.observability.metrics - INFO - [31mstep: 16  [32mloss: -1.00000  [38;2;180;60;0mgrad_norm: 12.5625  [38;2;54;234;195mmemory: 65.97GiB(83.28%)  [34mtps: 1,621  [36mtflops: 88.51  [35mmfu: 8.95%[39m
[rank1]:[titan] 2026-09-30 08:50:14,304 - torchtitan.observability.metrics - INFO - [31mstep: 16  [32mloss: -1.00000  [38;2;180;60;0mgrad_norm: 12.5625  [38;2;54;234;195mmemory: 64.15GiB(80.99%)  [34mtps: 1,621  [36mtflops: 88.51  [35mmfu: 8.95%[39m
[rank3]:[titan] 2026-09-30 08:50:16,801 - torchtitan.observability.metrics - INFO - [31mstep: 17  [32mloss:  4.74962  [38;2;180;60;0mgrad_norm: 14.0625  [38;2;54;234;195mmemory: 53.27GiB(67.25%)  [34mtps: 1,638  [36mtflops: 89.41  [35mmfu: 9.04%[39m
[rank2]:[titan] 2026-09-30 08:50:16,807 - torchtitan.observability.metrics - INFO - [31mstep: 17  [32mloss: -1.00000  [38;2;180;60;0mgrad_norm: 14.0625  [38;2;54;234;195mmemory: 71.21GiB(89.90%)  [34mtps: 1,638  [36mtflops: 89.41  [35mmfu: 9.04%[39m
[rank0]:[titan] 2026-09-30 08:50:16,807 - torchtitan.observability.metrics - INFO - [31mstep: 17  [32mloss: -1.00000  [38;2;180;60;0mgrad_norm: 14.0625  [38;2;54;234;195mmemory: 65.97GiB(83.28%)  [34mtps: 1,638  [36mtflops: 89.40  [35mmfu: 9.04%[39m
[rank1]:[titan] 2026-09-30 08:50:16,806 - torchtitan.observability.metrics - INFO - [31mstep: 17  [32mloss: -1.00000  [38;2;180;60;0mgrad_norm: 14.0625  [38;2;54;234;195mmemory: 64.15GiB(80.99%)  [34mtps: 1,638  [36mtflops: 89.41  [35mmfu: 9.04%[39m
[rank3]:[titan] 2026-09-30 08:50:19,385 - torchtitan.observability.metrics - INFO - [31mstep: 18  [32mloss:  4.15609  [38;2;180;60;0mgrad_norm: 13.8125  [38;2;54;234;195mmemory: 53.27GiB(67.25%)  [34mtps: 1,585  [36mtflops: 86.54  [35mmfu: 8.75%[39m
[rank2]:[titan] 2026-09-30 08:50:19,392 - torchtitan.observability.metrics - INFO - [31mstep: 18  [32mloss: -1.00000  [38;2;180;60;0mgrad_norm: 13.8125  [38;2;54;234;195mmemory: 71.21GiB(89.90%)  [34mtps: 1,585  [36mtflops: 86.55  [35mmfu: 8.75%[39m
[rank0]:[titan] 2026-09-30 08:50:19,391 - torchtitan.observability.metrics - INFO - [31mstep: 18  [32mloss: -1.00000  [38;2;180;60;0mgrad_norm: 13.8125  [38;2;54;234;195mmemory: 65.97GiB(83.28%)  [34mtps: 1,585  [36mtflops: 86.54  [35mmfu: 8.75%[39m
[rank1]:[titan] 2026-09-30 08:50:19,390 - torchtitan.observability.metrics - INFO - [31mstep: 18  [32mloss: -1.00000  [38;2;180;60;0mgrad_norm: 13.8125  [38;2;54;234;195mmemory: 64.15GiB(80.99%)  [34mtps: 1,585  [36mtflops: 86.55  [35mmfu: 8.75%[39m
[rank1]:[titan] 2026-09-30 08:50:22,069 - torchtitan.observability.metrics - INFO - [31mstep: 19  [32mloss: -1.00000  [38;2;180;60;0mgrad_norm: 17.3750  [38;2;54;234;195mmemory: 64.15GiB(80.99%)  [34mtps: 1,529  [36mtflops: 83.50  [35mmfu: 8.44%[39m
[rank3]:[titan] 2026-09-30 08:50:22,063 - torchtitan.observability.metrics - INFO - [31mstep: 19  [32mloss:  3.95020  [38;2;180;60;0mgrad_norm: 17.3750  [38;2;54;234;195mmemory: 53.27GiB(67.25%)  [34mtps: 1,529  [36mtflops: 83.51  [35mmfu: 8.44%[39m
[rank2]:[titan] 2026-09-30 08:50:22,070 - torchtitan.observability.metrics - INFO - [31mstep: 19  [32mloss: -1.00000  [38;2;180;60;0mgrad_norm: 17.3750  [38;2;54;234;195mmemory: 71.21GiB(89.90%)  [34mtps: 1,529  [36mtflops: 83.50  [35mmfu: 8.44%[39m
[rank0]:[titan] 2026-09-30 08:50:22,070 - torchtitan.observability.metrics - INFO - [31mstep: 19  [32mloss: -1.00000  [38;2;180;60;0mgrad_norm: 17.3750  [38;2;54;234;195mmemory: 65.97GiB(83.28%)  [34mtps: 1,529  [36mtflops: 83.50  [35mmfu: 8.44%[39m
[rank3]:[titan] 2026-09-30 08:50:24,658 - torchtitan.observability.metrics - INFO - [31mstep: 20  [32mloss:  3.55671  [38;2;180;60;0mgrad_norm: 11.5625  [38;2;54;234;195mmemory: 53.27GiB(67.25%)  [34mtps: 1,579  [36mtflops: 86.21  [35mmfu: 8.72%[39m
[rank3]:[titan] 2026-09-30 08:50:24,659 - torchtitan.trainer - INFO - Training completed
[rank0]:[titan] 2026-09-30 08:50:24,664 - torchtitan.observability.metrics - INFO - [31mstep: 20  [32mloss: -1.00000  [38;2;180;60;0mgrad_norm: 11.5625  [38;2;54;234;195mmemory: 65.97GiB(83.28%)  [34mtps: 1,579  [36mtflops: 86.22  [35mmfu: 8.72%[39m
[rank0]:[titan] 2026-09-30 08:50:24,665 - torchtitan.trainer - INFO - Sleeping 2 seconds for other ranks to complete
[rank1]:[titan] 2026-09-30 08:50:24,663 - torchtitan.observability.metrics - INFO - [31mstep: 20  [32mloss: -1.00000  [38;2;180;60;0mgrad_norm: 11.5625  [38;2;54;234;195mmemory: 64.15GiB(80.99%)  [34mtps: 1,579  [36mtflops: 86.21  [35mmfu: 8.72%[39m
[rank1]:[titan] 2026-09-30 08:50:24,664 - torchtitan.trainer - INFO - Training completed
[rank2]:[titan] 2026-09-30 08:50:24,665 - torchtitan.observability.metrics - INFO - [31mstep: 20  [32mloss: -1.00000  [38;2;180;60;0mgrad_norm: 11.5625  [38;2;54;234;195mmemory: 71.21GiB(89.90%)  [34mtps: 1,579  [36mtflops: 86.20  [35mmfu: 8.72%[39m
[rank2]:[titan] 2026-09-30 08:50:24,666 - torchtitan.trainer - INFO - Training completed
[rank0]:[titan] 2026-09-30 08:50:26,665 - torchtitan.trainer - INFO - Training completed
[rank3]:[titan] 2026-09-30 08:50:28,741 - __main__ - INFO - Process group destroyed
[rank2]:[titan] 2026-09-30 08:50:28,738 - __main__ - INFO - Process group destroyed
[rank0]:[titan] 2026-09-30 08:50:28,737 - __main__ - INFO - Process group destroyed
[rank1]:[titan] 2026-09-30 08:50:28,748 - __main__ - INFO - Process group destroyed
