WARNING:absl:Failed to load jax profiler: No module named 'jax'
[titan] 2026-09-28 08:06:43,199 - __main__ - INFO - torchtitan version: 0.0.0+unknown (0.0.0 means __version__ is not defined correctly).
[titan] 2026-09-28 08:06:44,115 - torchtitan.observability.structured_logger.jsonl_handler - INFO - Structured logging -> JSONL: /root/k928/res/4656_f181/id_old_selective/out/structured_logs/training.global_rank_0.20260928-080644-7JXIML.jsonl
[titan] 2026-09-28 08:06:44,527 - torchtitan.distributed.utils - WARNING - ENV[TORCH_NCCL_ASYNC_ERROR_HANDLING] = 1 will be overridden to 3 based on job config
[titan] 2026-09-28 08:06:44,900 - torchtitan.tools.utils - INFO - [GC] Initial GC collection took 0.00 seconds
[titan] 2026-09-28 08:06:44,900 - torchtitan.distributed.utils - INFO - Deterministic algorithm enabled (expect perf degradation).
[titan] 2026-09-28 08:06:44,912 - torchtitan.observability.metrics - INFO - CUDA capacity: NVIDIA H100 80GB HBM3 with 79.18GiB memory
[titan] 2026-09-28 08:06:44,923 - torchtitan.tools.utils - WARNING - Error running lspci: [Errno 2] No such file or directory: 'lspci', fallback to use device_name
[titan] 2026-09-28 08:06:44,924 - torchtitan.components.tokenizer - INFO - Loading tokenizer from tokenizer.json
[titan] 2026-09-28 08:06:45,131 - torchtitan.protocols.state_dict_adapter - WARNING - model.safetensors.index.json not found at hf_assets_path: ./tests/assets/tokenizer/model.safetensors.index.json.                     Defaulting to saving a single safetensors file if checkpoint is saved in HF format
[titan] 2026-09-28 08:06:45,135 - torchtitan.models.utils - INFO - Total parameter count: 25,776,880, active parameters: 17,236,208
[titan] 2026-09-28 08:06:45,135 - torchtitan.distributed.parallel_dims - INFO - Building device mesh with parallelism: pp=1, dp_replicate=1, dp_shard=1, cp=1, tp=1, ep=1
[titan] 2026-09-28 08:06:45,139 - torchtitan.distributed.parallel_dims - INFO - Successfully created meshes with active dimensions: []
[titan] 2026-09-28 08:06:45,185 - torchtitan.distributed.activation_checkpoint - INFO - Applied SelectiveAC activation checkpointing to the model
[titan] 2026-09-28 08:06:45,185 - torchtitan.distributed.activation_checkpoint - INFO - Applied SelectiveAC activation checkpointing to the model
[titan] 2026-09-28 08:06:45,305 - torchtitan.distributed.fsdp - INFO - Applied FSDP to the model
[titan] 2026-09-28 08:06:45,805 - torchtitan.training_engine - INFO - Model KimiK3Model.Config size: 25,776,880 total parameters
[titan] 2026-09-28 08:06:45,865 - torchtitan.components.optimizer.optimizer - INFO - Optimizer DistMuon (model_part=0): 228 params [(?:attention\.(?:wq_a|wq_b|wkv_a|wkv_b|gate|wo)\.weight|delta_attention\.(?:q_proj|k_proj|v_proj|forget_a|forget_b|output_gate|output_proj)\.weight|routed_experts\.w(?:13|2)\.weight|feed_forward\.w(?:13|2)\.weight|moe\.router\.gate\.weight|moe\.shared_experts\.w(?:13|2)\.weight|moe\.routed_(?:down|up)\.weight)$] {'fused': False, 'foreach': False, 'lr': 0.0008, 'weight_decay': 0.1, 'momentum': 0.95, 'nesterov': True, 'eps': 1e-07}
[titan] 2026-09-28 08:06:45,866 - torchtitan.components.optimizer.optimizer - INFO - Optimizer AdamW (model_part=0): 237 params [.*] {'fused': False, 'foreach': True, 'lr': 0.0008, 'betas': (0.9, 0.95), 'eps': 1e-08, 'weight_decay': 0.1}
[titan] 2026-09-28 08:06:45,869 - torchtitan.trainer - INFO - Peak FLOPS used for computing MFU: 9.890e+14
[titan] 2026-09-28 08:06:45,869 - torchtitan.trainer - INFO - CUDA memory usage for model: 0.07GiB(0.09%)
[titan] 2026-09-28 08:06:45,869 - torchtitan.trainer - INFO - Trainer is initialized with 65536 tokens per DP rank, 262144 tokens per train step, gradient accumulation steps 4, maximum context length 2048, total steps 10 (warmup 2)
[titan] 2026-09-28 08:06:45,869 - torchtitan.trainer - INFO - Training starts at step 1
/root/venv_pp/lib/python3.12/site-packages/torch/distributed/fsdp/_fully_shard/_fsdp_state.py:336: UserWarning: FSDP2-wrapped module (FSDPCheckpointWrapper) returned a view tensor. An in-place op on this view (e.g., `x += y`) will silently drop the pre-backward hook and skip the all-gather, which can cause backward to fail or produce wrong gradients. Use out-of-place ops (`out = out + y`, not `out += y`) or `.clone()` the output before any in-place op.
  output = self._register_pre_backward_hook(output)
/root/venv_pp/lib/python3.12/site-packages/torch/distributed/fsdp/_fully_shard/_fsdp_state.py:336: UserWarning: FSDP2-wrapped module (FSDPCheckpointWrapper) returned a view tensor. An in-place op on this view (e.g., `x += y`) will silently drop the pre-backward hook and skip the all-gather, which can cause backward to fail or produce wrong gradients. Use out-of-place ops (`out = out + y`, not `out += y`) or `.clone()` the output before any in-place op.
  output = self._register_pre_backward_hook(output)
/root/venv_pp/lib/python3.12/site-packages/torch/distributed/fsdp/_fully_shard/_fsdp_state.py:336: UserWarning: FSDP2-wrapped module (FSDPCheckpointWrapper) returned a view tensor. An in-place op on this view (e.g., `x += y`) will silently drop the pre-backward hook and skip the all-gather, which can cause backward to fail or produce wrong gradients. Use out-of-place ops (`out = out + y`, not `out += y`) or `.clone()` the output before any in-place op.
  output = self._register_pre_backward_hook(output)
[titan] 2026-09-28 08:07:00,144 - torchtitan.observability.metrics - INFO - [31mstep:  1  [32mloss:  8.06529  [38;2;180;60;0mgrad_norm:  2.3906  [38;2;54;234;195mmemory: 11.03GiB(13.93%)  [34mtps: 17,224  [36mtflops: 2.70  [35mmfu: 0.27%[39m
[titan] 2026-09-28 08:07:00,144 - torchtitan.distributed.utils - INFO - Synchronizing and adjusting timeout for all ProcessGroups to 0:01:40
[titan] 2026-09-28 08:07:02,635 - torchtitan.observability.metrics - INFO - [31mstep:  2  [32mloss:  7.87478  [38;2;180;60;0mgrad_norm:  2.2656  [38;2;54;234;195mmemory: 11.07GiB(13.98%)  [34mtps: 105,253  [36mtflops: 16.51  [35mmfu: 1.67%[39m
[titan] 2026-09-28 08:07:05,087 - torchtitan.observability.metrics - INFO - [31mstep:  3  [32mloss:  7.68520  [38;2;180;60;0mgrad_norm:  2.6250  [38;2;54;234;195mmemory: 11.07GiB(13.98%)  [34mtps: 106,885  [36mtflops: 16.77  [35mmfu: 1.70%[39m
[titan] 2026-09-28 08:07:07,592 - torchtitan.observability.metrics - INFO - [31mstep:  4  [32mloss:  7.41375  [38;2;180;60;0mgrad_norm:  4.1875  [38;2;54;234;195mmemory: 11.07GiB(13.98%)  [34mtps: 104,668  [36mtflops: 16.42  [35mmfu: 1.66%[39m
[titan] 2026-09-28 08:07:10,055 - torchtitan.observability.metrics - INFO - [31mstep:  5  [32mloss:  7.23627  [38;2;180;60;0mgrad_norm:  4.8125  [38;2;54;234;195mmemory: 11.07GiB(13.98%)  [34mtps: 106,442  [36mtflops: 16.70  [35mmfu: 1.69%[39m
[titan] 2026-09-28 08:07:12,517 - torchtitan.observability.metrics - INFO - [31mstep:  6  [32mloss:  6.82730  [38;2;180;60;0mgrad_norm:  6.3438  [38;2;54;234;195mmemory: 11.07GiB(13.98%)  [34mtps: 106,513  [36mtflops: 16.71  [35mmfu: 1.69%[39m
[titan] 2026-09-28 08:07:14,986 - torchtitan.observability.metrics - INFO - [31mstep:  7  [32mloss:  6.53013  [38;2;180;60;0mgrad_norm:  6.3125  [38;2;54;234;195mmemory: 11.07GiB(13.98%)  [34mtps: 106,195  [36mtflops: 16.66  [35mmfu: 1.68%[39m
[titan] 2026-09-28 08:07:17,452 - torchtitan.observability.metrics - INFO - [31mstep:  8  [32mloss:  6.16857  [38;2;180;60;0mgrad_norm:  7.2188  [38;2;54;234;195mmemory: 11.07GiB(13.98%)  [34mtps: 106,288  [36mtflops: 16.68  [35mmfu: 1.69%[39m
[titan] 2026-09-28 08:07:19,937 - torchtitan.observability.metrics - INFO - [31mstep:  9  [32mloss:  6.29567  [38;2;180;60;0mgrad_norm:  7.6562  [38;2;54;234;195mmemory: 11.07GiB(13.98%)  [34mtps: 105,507  [36mtflops: 16.55  [35mmfu: 1.67%[39m
[titan] 2026-09-28 08:07:22,389 - torchtitan.observability.metrics - INFO - [31mstep: 10  [32mloss:  6.09172  [38;2;180;60;0mgrad_norm:  8.3125  [38;2;54;234;195mmemory: 11.07GiB(13.98%)  [34mtps: 106,946  [36mtflops: 16.78  [35mmfu: 1.70%[39m
[titan] 2026-09-28 08:07:22,389 - torchtitan.trainer - INFO - Sleeping 2 seconds for other ranks to complete
[titan] 2026-09-28 08:07:24,390 - torchtitan.trainer - INFO - Training completed
[titan] 2026-09-28 08:07:24,452 - __main__ - INFO - Process group destroyed
