W0930 11:01:04.982000 111820 torch/distributed/run.py:982] 
W0930 11:01:04.982000 111820 torch/distributed/run.py:982] *****************************************
W0930 11:01:04.982000 111820 torch/distributed/run.py:982] Setting OMP_NUM_THREADS environment variable for each process to be 1 in default, to avoid your system being overloaded, please further tune the variable for optimal performance in your application as needed. 
W0930 11:01:04.982000 111820 torch/distributed/run.py:982] *****************************************
[rank0]:WARNING:absl:Failed to load jax profiler: No module named 'jax'
[rank1]:WARNING:absl:Failed to load jax profiler: No module named 'jax'
[rank3]:WARNING:absl:Failed to load jax profiler: No module named 'jax'
[rank2]:WARNING:absl:Failed to load jax profiler: No module named 'jax'
[rank3]:[titan] 2026-09-30 11:01:11,361 - __main__ - INFO - torchtitan version: 0.0.0+unknown (0.0.0 means __version__ is not defined correctly).
[rank0]:[titan] 2026-09-30 11:01:11,447 - __main__ - INFO - torchtitan version: 0.0.0+unknown (0.0.0 means __version__ is not defined correctly).
[rank2]:[titan] 2026-09-30 11:01:11,451 - __main__ - INFO - torchtitan version: 0.0.0+unknown (0.0.0 means __version__ is not defined correctly).
[rank1]:[titan] 2026-09-30 11:01:11,400 - __main__ - INFO - torchtitan version: 0.0.0+unknown (0.0.0 means __version__ is not defined correctly).
[rank1]:[titan] 2026-09-30 11:01:12,132 - torchtitan.observability.structured_logger.jsonl_handler - INFO - Structured logging -> JSONL: /root/mep/results/dep_h100_pp4vpp4/num_bubble/out/structured_logs/training.global_rank_1.20260930-110112-ZOXQ5K.jsonl
[rank3]:[titan] 2026-09-30 11:01:12,092 - torchtitan.observability.structured_logger.jsonl_handler - INFO - Structured logging -> JSONL: /root/mep/results/dep_h100_pp4vpp4/num_bubble/out/structured_logs/training.global_rank_3.20260930-110112-ZY5DFV.jsonl
[rank0]:[titan] 2026-09-30 11:01:12,181 - torchtitan.observability.structured_logger.jsonl_handler - INFO - Structured logging -> JSONL: /root/mep/results/dep_h100_pp4vpp4/num_bubble/out/structured_logs/training.global_rank_0.20260930-110112-LMYCDL.jsonl
[rank2]:[titan] 2026-09-30 11:01:12,184 - torchtitan.observability.structured_logger.jsonl_handler - INFO - Structured logging -> JSONL: /root/mep/results/dep_h100_pp4vpp4/num_bubble/out/structured_logs/training.global_rank_2.20260930-110112-TD2OLN.jsonl
[rank3]:[titan] 2026-09-30 11:01:12,791 - torchtitan.distributed.utils - WARNING - ENV[TORCH_NCCL_ASYNC_ERROR_HANDLING] = 1 will be overridden to 3 based on job config
[rank0]:[titan] 2026-09-30 11:01:12,970 - torchtitan.distributed.utils - WARNING - ENV[TORCH_NCCL_ASYNC_ERROR_HANDLING] = 1 will be overridden to 3 based on job config
[rank1]:[titan] 2026-09-30 11:01:12,955 - torchtitan.distributed.utils - WARNING - ENV[TORCH_NCCL_ASYNC_ERROR_HANDLING] = 1 will be overridden to 3 based on job config
[rank2]:[titan] 2026-09-30 11:01:12,979 - torchtitan.distributed.utils - WARNING - ENV[TORCH_NCCL_ASYNC_ERROR_HANDLING] = 1 will be overridden to 3 based on job config
[rank0]:[titan] 2026-09-30 11:01:13,600 - torchtitan.tools.utils - INFO - [GC] Initial GC collection took 0.00 seconds
[rank0]:[titan] 2026-09-30 11:01:13,600 - torchtitan.distributed.utils - INFO - Deterministic algorithm enabled (expect perf degradation).
[rank0]:[titan] 2026-09-30 11:01:13,615 - torchtitan.distributed.parallelism_context - INFO - Building device mesh with parallelism: pp=4, dp_replicate=1, dp_shard=1, cp=1, tp=1, ep=1
[rank2]:[titan] 2026-09-30 11:01:13,598 - torchtitan.tools.utils - INFO - [GC] Initial GC collection took 0.00 seconds
[rank2]:[titan] 2026-09-30 11:01:13,598 - torchtitan.distributed.utils - INFO - Deterministic algorithm enabled (expect perf degradation).
[rank2]:[titan] 2026-09-30 11:01:13,609 - torchtitan.distributed.parallelism_context - INFO - Building device mesh with parallelism: pp=4, dp_replicate=1, dp_shard=1, cp=1, tp=1, ep=1
[rank1]:[titan] 2026-09-30 11:01:13,599 - torchtitan.tools.utils - INFO - [GC] Initial GC collection took 0.00 seconds
[rank1]:[titan] 2026-09-30 11:01:13,599 - torchtitan.distributed.utils - INFO - Deterministic algorithm enabled (expect perf degradation).
[rank1]:[titan] 2026-09-30 11:01:13,610 - torchtitan.distributed.parallelism_context - INFO - Building device mesh with parallelism: pp=4, dp_replicate=1, dp_shard=1, cp=1, tp=1, ep=1
[rank3]:[titan] 2026-09-30 11:01:13,602 - torchtitan.tools.utils - INFO - [GC] Initial GC collection took 0.00 seconds
[rank3]:[titan] 2026-09-30 11:01:13,603 - torchtitan.distributed.utils - INFO - Deterministic algorithm enabled (expect perf degradation).
[rank3]:[titan] 2026-09-30 11:01:13,624 - torchtitan.distributed.parallelism_context - INFO - Building device mesh with parallelism: pp=4, dp_replicate=1, dp_shard=1, cp=1, tp=1, ep=1
[rank0]:[titan] 2026-09-30 11:01:14,673 - torchtitan.distributed.parallelism_context - INFO - Successfully created meshes with active axes: ['pp']
[rank0]:[titan] 2026-09-30 11:01:14,677 - torchtitan.observability.metrics - INFO - CUDA capacity: NVIDIA H100 80GB HBM3 with 79.21GiB memory
[rank0]:[titan] 2026-09-30 11:01:14,691 - torchtitan.config.configurable - WARNING - Config field value of type InterpolationMode may not be JSON serializable
[rank0]:[titan] 2026-09-30 11:01:14,693 - torchtitan.tools.utils - WARNING - Error running lspci: [Errno 2] No such file or directory: 'lspci', fallback to use device_name
[rank0]:[titan] 2026-09-30 11:01:14,693 - torchtitan.components.tokenizer - INFO - Loading tokenizer from tokenizer.json
[rank2]:[titan] 2026-09-30 11:01:14,688 - torchtitan.distributed.parallelism_context - INFO - Successfully created meshes with active axes: ['pp']
[rank2]:[titan] 2026-09-30 11:01:14,690 - torchtitan.observability.metrics - INFO - CUDA capacity: NVIDIA H100 80GB HBM3 with 79.21GiB memory
[rank2]:[titan] 2026-09-30 11:01:14,701 - torchtitan.config.configurable - WARNING - Config field value of type InterpolationMode may not be JSON serializable
[rank2]:[titan] 2026-09-30 11:01:14,702 - torchtitan.tools.utils - WARNING - Error running lspci: [Errno 2] No such file or directory: 'lspci', fallback to use device_name
[rank2]:[titan] 2026-09-30 11:01:14,702 - torchtitan.components.tokenizer - INFO - Loading tokenizer from tokenizer.json
[rank1]:[titan] 2026-09-30 11:01:14,687 - torchtitan.distributed.parallelism_context - INFO - Successfully created meshes with active axes: ['pp']
[rank1]:[titan] 2026-09-30 11:01:14,689 - torchtitan.observability.metrics - INFO - CUDA capacity: NVIDIA H100 80GB HBM3 with 79.21GiB memory
[rank1]:[titan] 2026-09-30 11:01:14,698 - torchtitan.config.configurable - WARNING - Config field value of type InterpolationMode may not be JSON serializable
[rank1]:[titan] 2026-09-30 11:01:14,699 - torchtitan.tools.utils - WARNING - Error running lspci: [Errno 2] No such file or directory: 'lspci', fallback to use device_name
[rank1]:[titan] 2026-09-30 11:01:14,700 - torchtitan.components.tokenizer - INFO - Loading tokenizer from tokenizer.json
[rank3]:[titan] 2026-09-30 11:01:14,690 - torchtitan.distributed.parallelism_context - INFO - Successfully created meshes with active axes: ['pp']
[rank3]:[titan] 2026-09-30 11:01:14,692 - torchtitan.observability.metrics - INFO - CUDA capacity: NVIDIA H100 80GB HBM3 with 79.21GiB memory
[rank3]:[titan] 2026-09-30 11:01:14,703 - torchtitan.config.configurable - WARNING - Config field value of type InterpolationMode may not be JSON serializable
[rank3]:[titan] 2026-09-30 11:01:14,705 - torchtitan.tools.utils - WARNING - Error running lspci: [Errno 2] No such file or directory: 'lspci', fallback to use device_name
[rank3]:[titan] 2026-09-30 11:01:14,705 - torchtitan.components.tokenizer - INFO - Loading tokenizer from tokenizer.json
[rank1]:[titan] 2026-09-30 11:01:14,864 - torchtitan.protocols.state_dict_adapter - WARNING - model.safetensors.index.json not found at hf_assets_path: ./tests/assets/tokenizer/model.safetensors.index.json.                     Defaulting to saving a single safetensors file if checkpoint is saved in HF format
[rank1]:[titan] 2026-09-30 11:01:14,869 - torchtitan.models.utils - INFO - Total parameter count: 12,059,226,240, active parameters: 8,885,570,688
[rank0]:[titan] 2026-09-30 11:01:14,884 - torchtitan.protocols.state_dict_adapter - WARNING - model.safetensors.index.json not found at hf_assets_path: ./tests/assets/tokenizer/model.safetensors.index.json.                     Defaulting to saving a single safetensors file if checkpoint is saved in HF format
[rank0]:[titan] 2026-09-30 11:01:14,889 - torchtitan.models.utils - INFO - Total parameter count: 12,059,226,240, active parameters: 8,885,570,688
[rank0]:[titan] 2026-09-30 11:01:14,939 - torchtitan.distributed.activation_checkpoint - INFO - Applied FullAC activation checkpointing to the model
[rank2]:[titan] 2026-09-30 11:01:14,889 - torchtitan.protocols.state_dict_adapter - WARNING - model.safetensors.index.json not found at hf_assets_path: ./tests/assets/tokenizer/model.safetensors.index.json.                     Defaulting to saving a single safetensors file if checkpoint is saved in HF format
[rank2]:[titan] 2026-09-30 11:01:14,894 - torchtitan.models.utils - INFO - Total parameter count: 12,059,226,240, active parameters: 8,885,570,688
[rank2]:[titan] 2026-09-30 11:01:14,945 - torchtitan.distributed.activation_checkpoint - INFO - Applied FullAC activation checkpointing to the model
[rank1]:[titan] 2026-09-30 11:01:14,913 - torchtitan.distributed.activation_checkpoint - INFO - Applied FullAC activation checkpointing to the model
[rank3]:[titan] 2026-09-30 11:01:14,886 - torchtitan.protocols.state_dict_adapter - WARNING - model.safetensors.index.json not found at hf_assets_path: ./tests/assets/tokenizer/model.safetensors.index.json.                     Defaulting to saving a single safetensors file if checkpoint is saved in HF format
[rank3]:[titan] 2026-09-30 11:01:14,892 - torchtitan.models.utils - INFO - Total parameter count: 12,059,226,240, active parameters: 8,885,570,688
[rank3]:[titan] 2026-09-30 11:01:14,939 - torchtitan.distributed.activation_checkpoint - INFO - Applied FullAC activation checkpointing to the model
[rank0]:[titan] 2026-09-30 11:01:15,181 - torchtitan.distributed.pipeline_parallel - INFO - PP rank 0 is building stage_idx 0 with modules ['vision_encoder', 'tok_embeddings', 'layers.0']
[rank1]:[titan] 2026-09-30 11:01:15,132 - torchtitan.distributed.pipeline_parallel - INFO - PP rank 1 is building stage_idx 1 with modules ['layers.1', 'layers.2']
[rank3]:[titan] 2026-09-30 11:01:15,172 - torchtitan.distributed.pipeline_parallel - INFO - PP rank 3 is building stage_idx 3 with modules ['layers.5']
[rank0]:[titan] 2026-09-30 11:01:15,275 - torchtitan.distributed.pipeline_parallel - INFO - PP rank 0 is building stage_idx 4 with modules ['layers.6']
[rank2]:[titan] 2026-09-30 11:01:15,192 - torchtitan.distributed.pipeline_parallel - INFO - PP rank 2 is building stage_idx 2 with modules ['layers.3', 'layers.4']
[rank1]:[titan] 2026-09-30 11:01:15,217 - torchtitan.distributed.pipeline_parallel - INFO - PP rank 1 is building stage_idx 5 with modules ['layers.7']
[rank3]:[titan] 2026-09-30 11:01:15,259 - torchtitan.distributed.pipeline_parallel - INFO - PP rank 3 is building stage_idx 7 with modules ['layers.9']
[rank0]:[titan] 2026-09-30 11:01:15,367 - torchtitan.distributed.pipeline_parallel - INFO - PP rank 0 is building stage_idx 8 with modules ['layers.10']
[rank2]:[titan] 2026-09-30 11:01:15,286 - torchtitan.distributed.pipeline_parallel - INFO - PP rank 2 is building stage_idx 6 with modules ['layers.8']
[rank2]:[titan] 2026-09-30 11:01:15,380 - torchtitan.distributed.pipeline_parallel - INFO - PP rank 2 is building stage_idx 10 with modules ['layers.12']
[rank1]:[titan] 2026-09-30 11:01:15,302 - torchtitan.distributed.pipeline_parallel - INFO - PP rank 1 is building stage_idx 9 with modules ['layers.11']
[rank3]:[titan] 2026-09-30 11:01:15,349 - torchtitan.distributed.pipeline_parallel - INFO - PP rank 3 is building stage_idx 11 with modules ['layers.13']
[rank0]:[titan] 2026-09-30 11:01:15,457 - torchtitan.distributed.pipeline_parallel - INFO - PP rank 0 is building stage_idx 12 with modules ['layers.14']
[rank0]:[titan] 2026-09-30 11:01:15,479 - torchtitan.distributed.activation_checkpoint - INFO - Applied FullAC activation checkpointing to the model
[rank0]:[titan] 2026-09-30 11:01:15,479 - torchtitan.distributed.activation_checkpoint - INFO - Applied FullAC activation checkpointing to the model
[rank2]:[titan] 2026-09-30 11:01:15,476 - torchtitan.distributed.pipeline_parallel - INFO - PP rank 2 is building stage_idx 14 with modules ['layers.16']
[rank2]:[titan] 2026-09-30 11:01:15,481 - torchtitan.distributed.activation_checkpoint - INFO - Applied FullAC activation checkpointing to the model
[rank1]:[titan] 2026-09-30 11:01:15,387 - torchtitan.distributed.pipeline_parallel - INFO - PP rank 1 is building stage_idx 13 with modules ['layers.15']
[rank1]:[titan] 2026-09-30 11:01:15,392 - torchtitan.distributed.activation_checkpoint - INFO - Applied FullAC activation checkpointing to the model
[rank1]:[titan] 2026-09-30 11:01:15,431 - torchtitan.distributed.fsdp - INFO - Applied FSDP to the model
[rank1]:[titan] 2026-09-30 11:01:15,433 - torchtitan.distributed.activation_checkpoint - INFO - Applied FullAC activation checkpointing to the model
[rank1]:[titan] 2026-09-30 11:01:15,442 - torchtitan.distributed.fsdp - INFO - Applied FSDP to the model
[rank1]:[titan] 2026-09-30 11:01:15,444 - torchtitan.distributed.activation_checkpoint - INFO - Applied FullAC activation checkpointing to the model
[rank1]:[titan] 2026-09-30 11:01:15,448 - torchtitan.distributed.fsdp - INFO - Applied FSDP to the model
[rank1]:[titan] 2026-09-30 11:01:15,450 - torchtitan.distributed.activation_checkpoint - INFO - Applied FullAC activation checkpointing to the model
[rank1]:[titan] 2026-09-30 11:01:15,453 - torchtitan.distributed.fsdp - INFO - Applied FSDP to the model
[rank1]:[titan] 2026-09-30 11:01:15,453 - torchtitan.distributed.pipeline_parallel - WARNING - Number of microbatches (8) is less than the total number of stages (16) which may result in a bubble in the pipeline.
[rank1]:[titan] 2026-09-30 11:01:15,455 - torchtitan.distributed.pipeline_parallel - INFO - Using pipeline schedule Interleaved1F1B with 8 microbatches and 16 stages.
[rank3]:[titan] 2026-09-30 11:01:15,441 - torchtitan.distributed.pipeline_parallel - INFO - PP rank 3 is building stage_idx 15 with modules ['norm', 'lm_head', 'output_res_proj', 'output_res_norm']
[rank3]:[titan] 2026-09-30 11:01:15,445 - torchtitan.distributed.activation_checkpoint - INFO - Applied FullAC activation checkpointing to the model
[rank0]:[titan] 2026-09-30 11:01:15,549 - torchtitan.distributed.fsdp - INFO - Applied FSDP to the model
[rank0]:[titan] 2026-09-30 11:01:15,552 - torchtitan.distributed.activation_checkpoint - INFO - Applied FullAC activation checkpointing to the model
[rank0]:[titan] 2026-09-30 11:01:15,568 - torchtitan.distributed.fsdp - INFO - Applied FSDP to the model
[rank0]:[titan] 2026-09-30 11:01:15,571 - torchtitan.distributed.activation_checkpoint - INFO - Applied FullAC activation checkpointing to the model
[rank0]:[titan] 2026-09-30 11:01:15,575 - torchtitan.distributed.fsdp - INFO - Applied FSDP to the model
[rank0]:[titan] 2026-09-30 11:01:15,578 - torchtitan.distributed.activation_checkpoint - INFO - Applied FullAC activation checkpointing to the model
[rank0]:[titan] 2026-09-30 11:01:15,582 - torchtitan.distributed.fsdp - INFO - Applied FSDP to the model
[rank0]:[titan] 2026-09-30 11:01:15,582 - torchtitan.distributed.pipeline_parallel - WARNING - Number of microbatches (8) is less than the total number of stages (16) which may result in a bubble in the pipeline.
[rank2]:[titan] 2026-09-30 11:01:15,531 - torchtitan.distributed.fsdp - INFO - Applied FSDP to the model
[rank2]:[titan] 2026-09-30 11:01:15,534 - torchtitan.distributed.activation_checkpoint - INFO - Applied FullAC activation checkpointing to the model
[rank2]:[titan] 2026-09-30 11:01:15,539 - torchtitan.distributed.fsdp - INFO - Applied FSDP to the model
[rank2]:[titan] 2026-09-30 11:01:15,542 - torchtitan.distributed.activation_checkpoint - INFO - Applied FullAC activation checkpointing to the model
[rank2]:[titan] 2026-09-30 11:01:15,546 - torchtitan.distributed.fsdp - INFO - Applied FSDP to the model
[rank2]:[titan] 2026-09-30 11:01:15,548 - torchtitan.distributed.activation_checkpoint - INFO - Applied FullAC activation checkpointing to the model
[rank2]:[titan] 2026-09-30 11:01:15,552 - torchtitan.distributed.fsdp - INFO - Applied FSDP to the model
[rank2]:[titan] 2026-09-30 11:01:15,552 - torchtitan.distributed.pipeline_parallel - WARNING - Number of microbatches (8) is less than the total number of stages (16) which may result in a bubble in the pipeline.
[rank2]:[titan] 2026-09-30 11:01:15,554 - torchtitan.distributed.pipeline_parallel - INFO - Using pipeline schedule Interleaved1F1B with 8 microbatches and 16 stages.
[rank3]:[titan] 2026-09-30 11:01:15,490 - torchtitan.distributed.fsdp - INFO - Applied FSDP to the model
[rank3]:[titan] 2026-09-30 11:01:15,493 - torchtitan.distributed.activation_checkpoint - INFO - Applied FullAC activation checkpointing to the model
[rank3]:[titan] 2026-09-30 11:01:15,498 - torchtitan.distributed.fsdp - INFO - Applied FSDP to the model
[rank3]:[titan] 2026-09-30 11:01:15,500 - torchtitan.distributed.activation_checkpoint - INFO - Applied FullAC activation checkpointing to the model
[rank3]:[titan] 2026-09-30 11:01:15,505 - torchtitan.distributed.fsdp - INFO - Applied FSDP to the model
[rank3]:[titan] 2026-09-30 11:01:15,505 - torchtitan.distributed.activation_checkpoint - INFO - Applied FullAC activation checkpointing to the model
[rank3]:[titan] 2026-09-30 11:01:15,508 - torchtitan.distributed.fsdp - INFO - Applied FSDP to the model
[rank3]:[titan] 2026-09-30 11:01:15,508 - torchtitan.distributed.pipeline_parallel - WARNING - Number of microbatches (8) is less than the total number of stages (16) which may result in a bubble in the pipeline.
[rank3]:[titan] 2026-09-30 11:01:15,510 - torchtitan.distributed.pipeline_parallel - INFO - Using pipeline schedule Interleaved1F1B with 8 microbatches and 16 stages.
[rank0]:[titan] 2026-09-30 11:01:15,584 - torchtitan.distributed.pipeline_parallel - INFO - Using pipeline schedule Interleaved1F1B with 8 microbatches and 16 stages.
[rank1]:[titan] 2026-09-30 11:01:16,513 - torchtitan.models.kimi_k3.pipeline_parallel - INFO - Kimi K3 pipeline: 4 stage(s) on this rank [1, 5, 9, 13], block transport delta with rank store, vision encodes decoupled
[rank2]:[titan] 2026-09-30 11:01:16,675 - torchtitan.models.kimi_k3.pipeline_parallel - INFO - Kimi K3 pipeline: 4 stage(s) on this rank [2, 6, 10, 14], block transport delta with rank store, vision encodes decoupled
[rank0]:[titan] 2026-09-30 11:01:16,835 - torchtitan.models.kimi_k3.pipeline_parallel - INFO - Kimi K3 pipeline: 4 stage(s) on this rank [0, 4, 8, 12], block transport delta with rank store, vision encodes decoupled
[rank3]:[titan] 2026-09-30 11:01:16,837 - torchtitan.models.kimi_k3.pipeline_parallel - INFO - Kimi K3 pipeline: 4 stage(s) on this rank [3, 7, 11, 15], block transport delta with rank store, vision encodes decoupled
[rank3]:[rank3]:W0930 11:01:17.338000 111892 torch/distributed/tensor/_random.py:215] DTensor is synchronizing RNG states of every rank with the state from rank 0. This behavior is deprecated. Please call `torch.manual_seed()` on every rank that participates in SPMD DTensor Operations with the same seed. If using Pipeline Parallelism, each pipeline state would use a different seed, but all ranks belonging to one pipeline stage would use the same seed.
[rank1]:[rank1]:W0930 11:01:17.336000 111890 torch/distributed/tensor/_random.py:215] DTensor is synchronizing RNG states of every rank with the state from rank 0. This behavior is deprecated. Please call `torch.manual_seed()` on every rank that participates in SPMD DTensor Operations with the same seed. If using Pipeline Parallelism, each pipeline state would use a different seed, but all ranks belonging to one pipeline stage would use the same seed.
[rank2]:[rank2]:W0930 11:01:17.338000 111891 torch/distributed/tensor/_random.py:215] DTensor is synchronizing RNG states of every rank with the state from rank 0. This behavior is deprecated. Please call `torch.manual_seed()` on every rank that participates in SPMD DTensor Operations with the same seed. If using Pipeline Parallelism, each pipeline state would use a different seed, but all ranks belonging to one pipeline stage would use the same seed.
[rank2]:[titan] 2026-09-30 11:01:17,521 - torchtitan.training_engine - INFO - Model KimiK3Model.Config size: 12,059,226,240 total parameters
[rank2]:[titan] 2026-09-30 11:01:17,522 - torchtitan.components.optimizer.optimizer - INFO - Optimizer AdamW (model_part=0): 50 params [.*] {'lr': 0.0008, 'betas': (0.9, 0.95), 'eps': 1e-08, 'weight_decay': 0.1, 'foreach': None, 'fused': True}
[rank2]:[titan] 2026-09-30 11:01:17,522 - torchtitan.components.optimizer.optimizer - INFO - Optimizer AdamW (model_part=1): 28 params [.*] {'lr': 0.0008, 'betas': (0.9, 0.95), 'eps': 1e-08, 'weight_decay': 0.1, 'foreach': None, 'fused': True}
[rank2]:[titan] 2026-09-30 11:01:17,522 - torchtitan.components.optimizer.optimizer - INFO - Optimizer AdamW (model_part=2): 28 params [.*] {'lr': 0.0008, 'betas': (0.9, 0.95), 'eps': 1e-08, 'weight_decay': 0.1, 'foreach': None, 'fused': True}
[rank2]:[titan] 2026-09-30 11:01:17,523 - torchtitan.components.optimizer.optimizer - INFO - Optimizer AdamW (model_part=3): 22 params [.*] {'lr': 0.0008, 'betas': (0.9, 0.95), 'eps': 1e-08, 'weight_decay': 0.1, 'foreach': None, 'fused': True}
[rank2]:[titan] 2026-09-30 11:01:17,524 - torchtitan.observability.metrics - WARNING - [31mPipeline Parallel loss is not visible. Please add [33mrank 3[31m to LOG_RANK environment variable in run_train.sh.[39m
[rank2]:[titan] 2026-09-30 11:01:17,524 - torchtitan.trainer - INFO - Peak FLOPS used for computing MFU: 9.890e+14
[rank2]:[titan] 2026-09-30 11:01:17,524 - torchtitan.trainer - INFO - CUDA memory usage for model: 7.57GiB(9.55%)
[rank2]:[titan] 2026-09-30 11:01:17,524 - torchtitan.trainer - INFO - Trainer is initialized with 16384 tokens per DP rank, 16384 tokens per train step, gradient accumulation steps 1, maximum context length 2048, total steps 20 (warmup 2)
[rank2]:[titan] 2026-09-30 11:01:17,524 - torchtitan.trainer - INFO - Training starts at step 1
[rank1]:[titan] 2026-09-30 11:01:17,521 - torchtitan.training_engine - INFO - Model KimiK3Model.Config size: 12,059,226,240 total parameters
[rank1]:[titan] 2026-09-30 11:01:17,522 - torchtitan.components.optimizer.optimizer - INFO - Optimizer AdamW (model_part=0): 56 params [.*] {'lr': 0.0008, 'betas': (0.9, 0.95), 'eps': 1e-08, 'weight_decay': 0.1, 'foreach': None, 'fused': True}
[rank1]:[titan] 2026-09-30 11:01:17,522 - torchtitan.components.optimizer.optimizer - INFO - Optimizer AdamW (model_part=1): 22 params [.*] {'lr': 0.0008, 'betas': (0.9, 0.95), 'eps': 1e-08, 'weight_decay': 0.1, 'foreach': None, 'fused': True}
[rank1]:[titan] 2026-09-30 11:01:17,523 - torchtitan.components.optimizer.optimizer - INFO - Optimizer AdamW (model_part=2): 22 params [.*] {'lr': 0.0008, 'betas': (0.9, 0.95), 'eps': 1e-08, 'weight_decay': 0.1, 'foreach': None, 'fused': True}
[rank1]:[titan] 2026-09-30 11:01:17,523 - torchtitan.components.optimizer.optimizer - INFO - Optimizer AdamW (model_part=3): 22 params [.*] {'lr': 0.0008, 'betas': (0.9, 0.95), 'eps': 1e-08, 'weight_decay': 0.1, 'foreach': None, 'fused': True}
[rank1]:[titan] 2026-09-30 11:01:17,524 - torchtitan.observability.metrics - WARNING - [31mPipeline Parallel loss is not visible. Please add [33mrank 3[31m to LOG_RANK environment variable in run_train.sh.[39m
[rank1]:[titan] 2026-09-30 11:01:17,524 - torchtitan.trainer - INFO - Peak FLOPS used for computing MFU: 9.890e+14
[rank1]:[titan] 2026-09-30 11:01:17,524 - torchtitan.trainer - INFO - CUDA memory usage for model: 7.14GiB(9.02%)
[rank1]:[titan] 2026-09-30 11:01:17,524 - torchtitan.trainer - INFO - Trainer is initialized with 16384 tokens per DP rank, 16384 tokens per train step, gradient accumulation steps 1, maximum context length 2048, total steps 20 (warmup 2)
[rank1]:[titan] 2026-09-30 11:01:17,524 - torchtitan.trainer - INFO - Training starts at step 1
[rank3]:[titan] 2026-09-30 11:01:17,507 - torchtitan.training_engine - INFO - Model KimiK3Model.Config size: 12,059,226,240 total parameters
[rank3]:[titan] 2026-09-30 11:01:17,509 - torchtitan.components.optimizer.optimizer - INFO - Optimizer AdamW (model_part=0): 28 params [.*] {'lr': 0.0008, 'betas': (0.9, 0.95), 'eps': 1e-08, 'weight_decay': 0.1, 'foreach': None, 'fused': True}
[rank3]:[titan] 2026-09-30 11:01:17,509 - torchtitan.components.optimizer.optimizer - INFO - Optimizer AdamW (model_part=1): 28 params [.*] {'lr': 0.0008, 'betas': (0.9, 0.95), 'eps': 1e-08, 'weight_decay': 0.1, 'foreach': None, 'fused': True}
[rank3]:[titan] 2026-09-30 11:01:17,510 - torchtitan.components.optimizer.optimizer - INFO - Optimizer AdamW (model_part=2): 28 params [.*] {'lr': 0.0008, 'betas': (0.9, 0.95), 'eps': 1e-08, 'weight_decay': 0.1, 'foreach': None, 'fused': True}
[rank3]:[titan] 2026-09-30 11:01:17,510 - torchtitan.components.optimizer.optimizer - INFO - Optimizer AdamW (model_part=3): 4 params [.*] {'lr': 0.0008, 'betas': (0.9, 0.95), 'eps': 1e-08, 'weight_decay': 0.1, 'foreach': None, 'fused': True}
[rank3]:[titan] 2026-09-30 11:01:17,511 - torchtitan.observability.metrics - WARNING - [31mPipeline Parallel loss is not visible. Please add [33mrank 3[31m to LOG_RANK environment variable in run_train.sh.[39m
[rank3]:[titan] 2026-09-30 11:01:17,511 - torchtitan.trainer - INFO - Peak FLOPS used for computing MFU: 9.890e+14
[rank3]:[titan] 2026-09-30 11:01:17,511 - torchtitan.trainer - INFO - CUDA memory usage for model: 5.41GiB(6.83%)
[rank3]:[titan] 2026-09-30 11:01:17,511 - torchtitan.trainer - INFO - Trainer is initialized with 16384 tokens per DP rank, 16384 tokens per train step, gradient accumulation steps 1, maximum context length 2048, total steps 20 (warmup 2)
[rank3]:[titan] 2026-09-30 11:01:17,511 - torchtitan.trainer - INFO - Training starts at step 1
[rank0]:[titan] 2026-09-30 11:01:17,613 - torchtitan.training_engine - INFO - Model KimiK3Model.Config size: 12,059,226,240 total parameters
[rank0]:[titan] 2026-09-30 11:01:17,615 - torchtitan.components.optimizer.optimizer - INFO - Optimizer AdamW (model_part=0): 243 params [.*] {'lr': 0.0008, 'betas': (0.9, 0.95), 'eps': 1e-08, 'weight_decay': 0.1, 'foreach': None, 'fused': True}
[rank0]:[titan] 2026-09-30 11:01:17,616 - torchtitan.components.optimizer.optimizer - INFO - Optimizer AdamW (model_part=1): 28 params [.*] {'lr': 0.0008, 'betas': (0.9, 0.95), 'eps': 1e-08, 'weight_decay': 0.1, 'foreach': None, 'fused': True}
[rank0]:[titan] 2026-09-30 11:01:17,616 - torchtitan.components.optimizer.optimizer - INFO - Optimizer AdamW (model_part=2): 28 params [.*] {'lr': 0.0008, 'betas': (0.9, 0.95), 'eps': 1e-08, 'weight_decay': 0.1, 'foreach': None, 'fused': True}
[rank0]:[titan] 2026-09-30 11:01:17,616 - torchtitan.components.optimizer.optimizer - INFO - Optimizer AdamW (model_part=3): 28 params [.*] {'lr': 0.0008, 'betas': (0.9, 0.95), 'eps': 1e-08, 'weight_decay': 0.1, 'foreach': None, 'fused': True}
[rank0]:[titan] 2026-09-30 11:01:17,618 - torchtitan.observability.metrics - WARNING - [31mPipeline Parallel loss is not visible. Please add [33mrank 3[31m to LOG_RANK environment variable in run_train.sh.[39m
[rank0]:[titan] 2026-09-30 11:01:17,618 - torchtitan.trainer - INFO - Peak FLOPS used for computing MFU: 9.890e+14
[rank0]:[titan] 2026-09-30 11:01:17,618 - torchtitan.trainer - INFO - CUDA memory usage for model: 7.30GiB(9.21%)
[rank0]:[titan] 2026-09-30 11:01:17,618 - torchtitan.trainer - INFO - Trainer is initialized with 16384 tokens per DP rank, 16384 tokens per train step, gradient accumulation steps 1, maximum context length 2048, total steps 20 (warmup 2)
[rank0]:[titan] 2026-09-30 11:01:17,618 - torchtitan.trainer - INFO - Training starts at step 1
[rank0]:[titan] 2026-09-30 11:01:51,797 - torchtitan.models.kimi_k3.pipeline_parallel.vision_dep - INFO - vision_dep: 3 micro-batch(es) with images; encodes 3 before the schedule, 0 in idle slots; backwards 0 in idle slots, 3 after it
[rank2]:[titan] 2026-09-30 11:01:51,797 - torchtitan.models.kimi_k3.pipeline_parallel.vision_dep - INFO - vision_dep: 3 micro-batch(es) with images; encodes 3 before the schedule, 0 in idle slots; backwards 0 in idle slots, 3 after it
[rank3]:[titan] 2026-09-30 11:01:51,797 - torchtitan.models.kimi_k3.pipeline_parallel.vision_dep - INFO - vision_dep: 3 micro-batch(es) with images; encodes 3 before the schedule, 0 in idle slots; backwards 0 in idle slots, 3 after it
[rank1]:[titan] 2026-09-30 11:01:51,797 - torchtitan.models.kimi_k3.pipeline_parallel.vision_dep - INFO - vision_dep: 3 micro-batch(es) with images; encodes 3 before the schedule, 0 in idle slots; backwards 0 in idle slots, 3 after it
[rank1]:/root/mep/venv_src/lib/python3.12/site-packages/torch/distributed/fsdp/_fully_shard/_fsdp_state.py:336: UserWarning: FSDP2-wrapped module (FSDPCheckpointWrapper) returned a view tensor. An in-place op on this view (e.g., `x += y`) will silently drop the pre-backward hook and skip the all-gather, which can cause backward to fail or produce wrong gradients. Use out-of-place ops (`out = out + y`, not `out += y`) or `.clone()` the output before any in-place op.
[rank1]:  output = self._register_pre_backward_hook(output)
[rank1]:/root/mep/venv_src/lib/python3.12/site-packages/torch/distributed/fsdp/_fully_shard/_fsdp_state.py:336: UserWarning: FSDP2-wrapped module (FSDPKimiK3Model) returned a view tensor. An in-place op on this view (e.g., `x += y`) will silently drop the pre-backward hook and skip the all-gather, which can cause backward to fail or produce wrong gradients. Use out-of-place ops (`out = out + y`, not `out += y`) or `.clone()` the output before any in-place op.
[rank1]:  output = self._register_pre_backward_hook(output)
[rank2]:/root/mep/venv_src/lib/python3.12/site-packages/torch/distributed/fsdp/_fully_shard/_fsdp_state.py:336: UserWarning: FSDP2-wrapped module (FSDPCheckpointWrapper) returned a view tensor. An in-place op on this view (e.g., `x += y`) will silently drop the pre-backward hook and skip the all-gather, which can cause backward to fail or produce wrong gradients. Use out-of-place ops (`out = out + y`, not `out += y`) or `.clone()` the output before any in-place op.
[rank2]:  output = self._register_pre_backward_hook(output)
[rank3]:/root/mep/venv_src/lib/python3.12/site-packages/torch/distributed/fsdp/_fully_shard/_fsdp_state.py:336: UserWarning: FSDP2-wrapped module (FSDPCheckpointWrapper) returned a view tensor. An in-place op on this view (e.g., `x += y`) will silently drop the pre-backward hook and skip the all-gather, which can cause backward to fail or produce wrong gradients. Use out-of-place ops (`out = out + y`, not `out += y`) or `.clone()` the output before any in-place op.
[rank3]:  output = self._register_pre_backward_hook(output)
[rank3]:/root/mep/venv_src/lib/python3.12/site-packages/torch/distributed/fsdp/_fully_shard/_fsdp_state.py:336: UserWarning: FSDP2-wrapped module (FSDPKimiK3Model) returned a view tensor. An in-place op on this view (e.g., `x += y`) will silently drop the pre-backward hook and skip the all-gather, which can cause backward to fail or produce wrong gradients. Use out-of-place ops (`out = out + y`, not `out += y`) or `.clone()` the output before any in-place op.
[rank3]:  output = self._register_pre_backward_hook(output)
[rank0]:/root/mep/venv_src/lib/python3.12/site-packages/torch/distributed/fsdp/_fully_shard/_fsdp_state.py:336: UserWarning: FSDP2-wrapped module (FSDPCheckpointWrapper) returned a view tensor. An in-place op on this view (e.g., `x += y`) will silently drop the pre-backward hook and skip the all-gather, which can cause backward to fail or produce wrong gradients. Use out-of-place ops (`out = out + y`, not `out += y`) or `.clone()` the output before any in-place op.
[rank0]:  output = self._register_pre_backward_hook(output)
[rank0]:/root/mep/venv_src/lib/python3.12/site-packages/torch/distributed/fsdp/_fully_shard/_fsdp_state.py:336: UserWarning: FSDP2-wrapped module (FSDPKimiK3Model) returned a view tensor. An in-place op on this view (e.g., `x += y`) will silently drop the pre-backward hook and skip the all-gather, which can cause backward to fail or produce wrong gradients. Use out-of-place ops (`out = out + y`, not `out += y`) or `.clone()` the output before any in-place op.
[rank0]:  output = self._register_pre_backward_hook(output)
[rank1]:/root/mep/venv_src/lib/python3.12/site-packages/torch/distributed/fsdp/_fully_shard/_fsdp_state.py:336: UserWarning: FSDP2-wrapped module (FSDPCheckpointWrapper) returned a view tensor. An in-place op on this view (e.g., `x += y`) will silently drop the pre-backward hook and skip the all-gather, which can cause backward to fail or produce wrong gradients. Use out-of-place ops (`out = out + y`, not `out += y`) or `.clone()` the output before any in-place op.
[rank1]:  output = self._register_pre_backward_hook(output)
[rank1]:/root/mep/venv_src/lib/python3.12/site-packages/torch/distributed/fsdp/_fully_shard/_fsdp_state.py:336: UserWarning: FSDP2-wrapped module (FSDPKimiK3Model) returned a view tensor. An in-place op on this view (e.g., `x += y`) will silently drop the pre-backward hook and skip the all-gather, which can cause backward to fail or produce wrong gradients. Use out-of-place ops (`out = out + y`, not `out += y`) or `.clone()` the output before any in-place op.
[rank1]:  output = self._register_pre_backward_hook(output)
[rank2]:[titan] 2026-09-30 11:02:05,156 - torchtitan.observability.metrics - INFO - [31mstep:  1  [32mloss: -1.00000  [38;2;180;60;0mgrad_norm: 44.0000  [38;2;54;234;195mmemory: 61.20GiB(77.26%)  [34mtps: 81  [36mtflops: 4.43  [35mmfu: 0.45%[39m
[rank2]:[titan] 2026-09-30 11:02:05,157 - torchtitan.distributed.utils - INFO - Synchronizing and adjusting timeout for all ProcessGroups to 0:01:40
[rank3]:[titan] 2026-09-30 11:02:05,108 - torchtitan.observability.metrics - INFO - [31mstep:  1  [32mloss:  8.12804  [38;2;180;60;0mgrad_norm: 44.0000  [38;2;54;234;195mmemory: 47.04GiB(59.38%)  [34mtps: 81  [36mtflops: 4.44  [35mmfu: 0.45%[39m
[rank3]:[titan] 2026-09-30 11:02:05,109 - torchtitan.distributed.utils - INFO - Synchronizing and adjusting timeout for all ProcessGroups to 0:01:40
[rank1]:[titan] 2026-09-30 11:02:05,152 - torchtitan.observability.metrics - INFO - [31mstep:  1  [32mloss: -1.00000  [38;2;180;60;0mgrad_norm: 44.0000  [38;2;54;234;195mmemory: 54.25GiB(68.49%)  [34mtps: 81  [36mtflops: 4.43  [35mmfu: 0.45%[39m
[rank1]:[titan] 2026-09-30 11:02:05,153 - torchtitan.distributed.utils - INFO - Synchronizing and adjusting timeout for all ProcessGroups to 0:01:40
[rank0]:[titan] 2026-09-30 11:02:05,466 - torchtitan.observability.metrics - INFO - [31mstep:  1  [32mloss: -1.00000  [38;2;180;60;0mgrad_norm: 44.0000  [38;2;54;234;195mmemory: 55.28GiB(69.78%)  [34mtps: 81  [36mtflops: 4.40  [35mmfu: 0.45%[39m
[rank0]:[titan] 2026-09-30 11:02:05,466 - torchtitan.distributed.utils - INFO - Synchronizing and adjusting timeout for all ProcessGroups to 0:01:40
[rank1]:/root/mep/venv_src/lib/python3.12/site-packages/torch/distributed/fsdp/_fully_shard/_fsdp_state.py:336: UserWarning: FSDP2-wrapped module (FSDPCheckpointWrapper) returned a view tensor. An in-place op on this view (e.g., `x += y`) will silently drop the pre-backward hook and skip the all-gather, which can cause backward to fail or produce wrong gradients. Use out-of-place ops (`out = out + y`, not `out += y`) or `.clone()` the output before any in-place op.
[rank1]:  output = self._register_pre_backward_hook(output)
[rank1]:/root/mep/venv_src/lib/python3.12/site-packages/torch/distributed/fsdp/_fully_shard/_fsdp_state.py:336: UserWarning: FSDP2-wrapped module (FSDPKimiK3Model) returned a view tensor. An in-place op on this view (e.g., `x += y`) will silently drop the pre-backward hook and skip the all-gather, which can cause backward to fail or produce wrong gradients. Use out-of-place ops (`out = out + y`, not `out += y`) or `.clone()` the output before any in-place op.
[rank1]:  output = self._register_pre_backward_hook(output)
[rank2]:/root/mep/venv_src/lib/python3.12/site-packages/torch/distributed/fsdp/_fully_shard/_fsdp_state.py:336: UserWarning: FSDP2-wrapped module (FSDPCheckpointWrapper) returned a view tensor. An in-place op on this view (e.g., `x += y`) will silently drop the pre-backward hook and skip the all-gather, which can cause backward to fail or produce wrong gradients. Use out-of-place ops (`out = out + y`, not `out += y`) or `.clone()` the output before any in-place op.
[rank2]:  output = self._register_pre_backward_hook(output)
[rank0]:[titan] 2026-09-30 11:02:07,452 - torchtitan.observability.metrics - INFO - [31mstep:  2  [32mloss: -1.00000  [38;2;180;60;0mgrad_norm: 71.5000  [38;2;54;234;195mmemory: 68.28GiB(86.20%)  [34mtps: 2,063  [36mtflops: 112.64  [35mmfu: 11.39%[39m
[rank2]:[titan] 2026-09-30 11:02:07,452 - torchtitan.observability.metrics - INFO - [31mstep:  2  [32mloss: -1.00000  [38;2;180;60;0mgrad_norm: 71.5000  [38;2;54;234;195mmemory: 71.66GiB(90.47%)  [34mtps: 1,784  [36mtflops: 97.42  [35mmfu: 9.85%[39m
[rank3]:[titan] 2026-09-30 11:02:07,445 - torchtitan.observability.metrics - INFO - [31mstep:  2  [32mloss:  7.37470  [38;2;180;60;0mgrad_norm: 71.5000  [38;2;54;234;195mmemory: 55.91GiB(70.59%)  [34mtps: 1,753  [36mtflops: 95.70  [35mmfu: 9.68%[39m
[rank1]:[titan] 2026-09-30 11:02:07,450 - torchtitan.observability.metrics - INFO - [31mstep:  2  [32mloss: -1.00000  [38;2;180;60;0mgrad_norm: 71.5000  [38;2;54;234;195mmemory: 65.11GiB(82.20%)  [34mtps: 1,782  [36mtflops: 97.30  [35mmfu: 9.84%[39m
[rank3]:/root/mep/venv_src/lib/python3.12/site-packages/torch/distributed/fsdp/_fully_shard/_fsdp_state.py:336: UserWarning: FSDP2-wrapped module (FSDPCheckpointWrapper) returned a view tensor. An in-place op on this view (e.g., `x += y`) will silently drop the pre-backward hook and skip the all-gather, which can cause backward to fail or produce wrong gradients. Use out-of-place ops (`out = out + y`, not `out += y`) or `.clone()` the output before any in-place op.
[rank3]:  output = self._register_pre_backward_hook(output)
[rank3]:/root/mep/venv_src/lib/python3.12/site-packages/torch/distributed/fsdp/_fully_shard/_fsdp_state.py:336: UserWarning: FSDP2-wrapped module (FSDPKimiK3Model) returned a view tensor. An in-place op on this view (e.g., `x += y`) will silently drop the pre-backward hook and skip the all-gather, which can cause backward to fail or produce wrong gradients. Use out-of-place ops (`out = out + y`, not `out += y`) or `.clone()` the output before any in-place op.
[rank3]:  output = self._register_pre_backward_hook(output)
[rank3]:[titan] 2026-09-30 11:02:14,901 - torchtitan.observability.metrics - INFO - [31mstep:  3  [32mloss:  6.79588  [38;2;180;60;0mgrad_norm: 98.5000  [38;2;54;234;195mmemory: 55.91GiB(70.59%)  [34mtps: 549  [36mtflops: 30.00  [35mmfu: 3.03%[39m
[rank1]:[titan] 2026-09-30 11:02:14,907 - torchtitan.observability.metrics - INFO - [31mstep:  3  [32mloss: -1.00000  [38;2;180;60;0mgrad_norm: 98.5000  [38;2;54;234;195mmemory: 65.11GiB(82.20%)  [34mtps: 549  [36mtflops: 29.99  [35mmfu: 3.03%[39m
[rank0]:[titan] 2026-09-30 11:02:14,907 - torchtitan.observability.metrics - INFO - [31mstep:  3  [32mloss: -1.00000  [38;2;180;60;0mgrad_norm: 98.5000  [38;2;54;234;195mmemory: 68.28GiB(86.20%)  [34mtps: 549  [36mtflops: 30.00  [35mmfu: 3.03%[39m
[rank2]:[titan] 2026-09-30 11:02:14,909 - torchtitan.observability.metrics - INFO - [31mstep:  3  [32mloss: -1.00000  [38;2;180;60;0mgrad_norm: 98.5000  [38;2;54;234;195mmemory: 71.66GiB(90.47%)  [34mtps: 549  [36mtflops: 29.99  [35mmfu: 3.03%[39m
[rank3]:/root/mep/venv_src/lib/python3.12/site-packages/torch/distributed/fsdp/_fully_shard/_fsdp_state.py:336: UserWarning: FSDP2-wrapped module (FSDPCheckpointWrapper) returned a view tensor. An in-place op on this view (e.g., `x += y`) will silently drop the pre-backward hook and skip the all-gather, which can cause backward to fail or produce wrong gradients. Use out-of-place ops (`out = out + y`, not `out += y`) or `.clone()` the output before any in-place op.
[rank3]:  output = self._register_pre_backward_hook(output)
[rank3]:/root/mep/venv_src/lib/python3.12/site-packages/torch/distributed/fsdp/_fully_shard/_fsdp_state.py:336: UserWarning: FSDP2-wrapped module (FSDPKimiK3Model) returned a view tensor. An in-place op on this view (e.g., `x += y`) will silently drop the pre-backward hook and skip the all-gather, which can cause backward to fail or produce wrong gradients. Use out-of-place ops (`out = out + y`, not `out += y`) or `.clone()` the output before any in-place op.
[rank3]:  output = self._register_pre_backward_hook(output)
[rank0]:[titan] 2026-09-30 11:02:17,156 - torchtitan.observability.metrics - INFO - [31mstep:  4  [32mloss: -1.00000  [38;2;180;60;0mgrad_norm: 346.0000  [38;2;54;234;195mmemory: 68.28GiB(86.20%)  [34mtps: 1,822  [36mtflops: 99.45  [35mmfu: 10.06%[39m
[rank2]:[titan] 2026-09-30 11:02:17,157 - torchtitan.observability.metrics - INFO - [31mstep:  4  [32mloss: -1.00000  [38;2;180;60;0mgrad_norm: 346.0000  [38;2;54;234;195mmemory: 71.66GiB(90.47%)  [34mtps: 1,823  [36mtflops: 99.52  [35mmfu: 10.06%[39m
[rank3]:[titan] 2026-09-30 11:02:17,150 - torchtitan.observability.metrics - INFO - [31mstep:  4  [32mloss:  7.89624  [38;2;180;60;0mgrad_norm: 346.0000  [38;2;54;234;195mmemory: 55.91GiB(70.59%)  [34mtps: 1,821  [36mtflops: 99.43  [35mmfu: 10.05%[39m
[rank1]:[titan] 2026-09-30 11:02:17,155 - torchtitan.observability.metrics - INFO - [31mstep:  4  [32mloss: -1.00000  [38;2;180;60;0mgrad_norm: 346.0000  [38;2;54;234;195mmemory: 65.11GiB(82.20%)  [34mtps: 1,822  [36mtflops: 99.47  [35mmfu: 10.06%[39m
[rank0]:[titan] 2026-09-30 11:02:19,089 - torchtitan.observability.metrics - INFO - [31mstep:  5  [32mloss: -1.00000  [38;2;180;60;0mgrad_norm: 182.0000  [38;2;54;234;195mmemory: 68.28GiB(86.20%)  [34mtps: 2,120  [36mtflops: 115.72  [35mmfu: 11.70%[39m
[rank2]:[titan] 2026-09-30 11:02:19,090 - torchtitan.observability.metrics - INFO - [31mstep:  5  [32mloss: -1.00000  [38;2;180;60;0mgrad_norm: 182.0000  [38;2;54;234;195mmemory: 71.66GiB(90.47%)  [34mtps: 2,120  [36mtflops: 115.72  [35mmfu: 11.70%[39m
[rank3]:[titan] 2026-09-30 11:02:19,084 - torchtitan.observability.metrics - INFO - [31mstep:  5  [32mloss:  6.86544  [38;2;180;60;0mgrad_norm: 182.0000  [38;2;54;234;195mmemory: 55.91GiB(70.59%)  [34mtps: 2,119  [36mtflops: 115.68  [35mmfu: 11.70%[39m
[rank1]:[titan] 2026-09-30 11:02:19,088 - torchtitan.observability.metrics - INFO - [31mstep:  5  [32mloss: -1.00000  [38;2;180;60;0mgrad_norm: 182.0000  [38;2;54;234;195mmemory: 65.11GiB(82.20%)  [34mtps: 2,120  [36mtflops: 115.74  [35mmfu: 11.70%[39m
[rank0]:[titan] 2026-09-30 11:02:21,082 - torchtitan.observability.metrics - INFO - [31mstep:  6  [32mloss: -1.00000  [38;2;180;60;0mgrad_norm: 158.0000  [38;2;54;234;195mmemory: 68.28GiB(86.20%)  [34mtps: 2,056  [36mtflops: 112.24  [35mmfu: 11.35%[39m
[rank2]:[titan] 2026-09-30 11:02:21,083 - torchtitan.observability.metrics - INFO - [31mstep:  6  [32mloss: -1.00000  [38;2;180;60;0mgrad_norm: 158.0000  [38;2;54;234;195mmemory: 71.66GiB(90.47%)  [34mtps: 2,056  [36mtflops: 112.24  [35mmfu: 11.35%[39m
[rank3]:[titan] 2026-09-30 11:02:21,076 - torchtitan.observability.metrics - INFO - [31mstep:  6  [32mloss:  6.42870  [38;2;180;60;0mgrad_norm: 158.0000  [38;2;54;234;195mmemory: 55.91GiB(70.59%)  [34mtps: 2,057  [36mtflops: 112.32  [35mmfu: 11.36%[39m
[rank1]:[titan] 2026-09-30 11:02:21,081 - torchtitan.observability.metrics - INFO - [31mstep:  6  [32mloss: -1.00000  [38;2;180;60;0mgrad_norm: 158.0000  [38;2;54;234;195mmemory: 65.11GiB(82.20%)  [34mtps: 2,056  [36mtflops: 112.24  [35mmfu: 11.35%[39m
[rank0]:[titan] 2026-09-30 11:02:23,055 - torchtitan.observability.metrics - INFO - [31mstep:  7  [32mloss: -1.00000  [38;2;180;60;0mgrad_norm: 157.0000  [38;2;54;234;195mmemory: 68.28GiB(86.20%)  [34mtps: 2,076  [36mtflops: 113.36  [35mmfu: 11.46%[39m
[rank2]:[titan] 2026-09-30 11:02:23,055 - torchtitan.observability.metrics - INFO - [31mstep:  7  [32mloss: -1.00000  [38;2;180;60;0mgrad_norm: 157.0000  [38;2;54;234;195mmemory: 71.66GiB(90.47%)  [34mtps: 2,077  [36mtflops: 113.39  [35mmfu: 11.47%[39m
[rank3]:[titan] 2026-09-30 11:02:23,049 - torchtitan.observability.metrics - INFO - [31mstep:  7  [32mloss:  6.41987  [38;2;180;60;0mgrad_norm: 157.0000  [38;2;54;234;195mmemory: 55.91GiB(70.59%)  [34mtps: 2,077  [36mtflops: 113.38  [35mmfu: 11.46%[39m
[rank1]:[titan] 2026-09-30 11:02:23,054 - torchtitan.observability.metrics - INFO - [31mstep:  7  [32mloss: -1.00000  [38;2;180;60;0mgrad_norm: 157.0000  [38;2;54;234;195mmemory: 65.11GiB(82.20%)  [34mtps: 2,076  [36mtflops: 113.36  [35mmfu: 11.46%[39m
[rank0]:[titan] 2026-09-30 11:02:25,022 - torchtitan.observability.metrics - INFO - [31mstep:  8  [32mloss: -1.00000  [38;2;180;60;0mgrad_norm: 175.0000  [38;2;54;234;195mmemory: 68.28GiB(86.20%)  [34mtps: 2,082  [36mtflops: 113.69  [35mmfu: 11.50%[39m
[rank2]:[titan] 2026-09-30 11:02:25,023 - torchtitan.observability.metrics - INFO - [31mstep:  8  [32mloss: -1.00000  [38;2;180;60;0mgrad_norm: 175.0000  [38;2;54;234;195mmemory: 71.66GiB(90.47%)  [34mtps: 2,083  [36mtflops: 113.70  [35mmfu: 11.50%[39m
[rank3]:[titan] 2026-09-30 11:02:25,016 - torchtitan.observability.metrics - INFO - [31mstep:  8  [32mloss:  6.33610  [38;2;180;60;0mgrad_norm: 175.0000  [38;2;54;234;195mmemory: 55.91GiB(70.59%)  [34mtps: 2,082  [36mtflops: 113.69  [35mmfu: 11.50%[39m
[rank1]:[titan] 2026-09-30 11:02:25,021 - torchtitan.observability.metrics - INFO - [31mstep:  8  [32mloss: -1.00000  [38;2;180;60;0mgrad_norm: 175.0000  [38;2;54;234;195mmemory: 65.11GiB(82.20%)  [34mtps: 2,083  [36mtflops: 113.70  [35mmfu: 11.50%[39m
[rank3]:[titan] 2026-09-30 11:02:27,027 - torchtitan.observability.metrics - INFO - [31mstep:  9  [32mloss:  5.59958  [38;2;180;60;0mgrad_norm: 116.0000  [38;2;54;234;195mmemory: 55.91GiB(70.59%)  [34mtps: 2,037  [36mtflops: 111.23  [35mmfu: 11.25%[39m
[rank1]:[titan] 2026-09-30 11:02:27,032 - torchtitan.observability.metrics - INFO - [31mstep:  9  [32mloss: -1.00000  [38;2;180;60;0mgrad_norm: 116.0000  [38;2;54;234;195mmemory: 65.11GiB(82.20%)  [34mtps: 2,037  [36mtflops: 111.22  [35mmfu: 11.25%[39m
[rank0]:[titan] 2026-09-30 11:02:27,033 - torchtitan.observability.metrics - INFO - [31mstep:  9  [32mloss: -1.00000  [38;2;180;60;0mgrad_norm: 116.0000  [38;2;54;234;195mmemory: 68.28GiB(86.20%)  [34mtps: 2,037  [36mtflops: 111.22  [35mmfu: 11.25%[39m
[rank2]:[titan] 2026-09-30 11:02:27,033 - torchtitan.observability.metrics - INFO - [31mstep:  9  [32mloss: -1.00000  [38;2;180;60;0mgrad_norm: 116.0000  [38;2;54;234;195mmemory: 71.66GiB(90.47%)  [34mtps: 2,037  [36mtflops: 111.23  [35mmfu: 11.25%[39m
[rank0]:[titan] 2026-09-30 11:02:29,046 - torchtitan.observability.metrics - INFO - [31mstep: 10  [32mloss: -1.00000  [38;2;180;60;0mgrad_norm: 21.5000  [38;2;54;234;195mmemory: 68.28GiB(86.20%)  [34mtps: 2,035  [36mtflops: 111.13  [35mmfu: 11.24%[39m
[rank2]:[titan] 2026-09-30 11:02:29,046 - torchtitan.observability.metrics - INFO - [31mstep: 10  [32mloss: -1.00000  [38;2;180;60;0mgrad_norm: 21.5000  [38;2;54;234;195mmemory: 71.66GiB(90.47%)  [34mtps: 2,035  [36mtflops: 111.13  [35mmfu: 11.24%[39m
[rank3]:[titan] 2026-09-30 11:02:29,040 - torchtitan.observability.metrics - INFO - [31mstep: 10  [32mloss:  5.18995  [38;2;180;60;0mgrad_norm: 21.5000  [38;2;54;234;195mmemory: 55.91GiB(70.59%)  [34mtps: 2,036  [36mtflops: 111.13  [35mmfu: 11.24%[39m
[rank1]:[titan] 2026-09-30 11:02:29,045 - torchtitan.observability.metrics - INFO - [31mstep: 10  [32mloss: -1.00000  [38;2;180;60;0mgrad_norm: 21.5000  [38;2;54;234;195mmemory: 65.11GiB(82.20%)  [34mtps: 2,035  [36mtflops: 111.12  [35mmfu: 11.24%[39m
[rank0]:[titan] 2026-09-30 11:02:31,027 - torchtitan.observability.metrics - INFO - [31mstep: 11  [32mloss: -1.00000  [38;2;180;60;0mgrad_norm: 99.5000  [38;2;54;234;195mmemory: 68.28GiB(86.20%)  [34mtps: 2,069  [36mtflops: 112.94  [35mmfu: 11.42%[39m
[rank3]:[titan] 2026-09-30 11:02:31,020 - torchtitan.observability.metrics - INFO - [31mstep: 11  [32mloss:  6.75845  [38;2;180;60;0mgrad_norm: 99.5000  [38;2;54;234;195mmemory: 55.91GiB(70.59%)  [34mtps: 2,069  [36mtflops: 112.93  [35mmfu: 11.42%[39m
[rank2]:[titan] 2026-09-30 11:02:31,027 - torchtitan.observability.metrics - INFO - [31mstep: 11  [32mloss: -1.00000  [38;2;180;60;0mgrad_norm: 99.5000  [38;2;54;234;195mmemory: 71.66GiB(90.47%)  [34mtps: 2,068  [36mtflops: 112.91  [35mmfu: 11.42%[39m
[rank1]:[titan] 2026-09-30 11:02:31,025 - torchtitan.observability.metrics - INFO - [31mstep: 11  [32mloss: -1.00000  [38;2;180;60;0mgrad_norm: 99.5000  [38;2;54;234;195mmemory: 65.11GiB(82.20%)  [34mtps: 2,069  [36mtflops: 112.94  [35mmfu: 11.42%[39m
[rank0]:[titan] 2026-09-30 11:02:33,132 - torchtitan.observability.metrics - INFO - [31mstep: 12  [32mloss: -1.00000  [38;2;180;60;0mgrad_norm: 88.5000  [38;2;54;234;195mmemory: 68.28GiB(86.20%)  [34mtps: 1,946  [36mtflops: 106.23  [35mmfu: 10.74%[39m
[rank2]:[titan] 2026-09-30 11:02:33,132 - torchtitan.observability.metrics - INFO - [31mstep: 12  [32mloss: -1.00000  [38;2;180;60;0mgrad_norm: 88.5000  [38;2;54;234;195mmemory: 71.66GiB(90.47%)  [34mtps: 1,946  [36mtflops: 106.26  [35mmfu: 10.74%[39m
[rank3]:[titan] 2026-09-30 11:02:33,126 - torchtitan.observability.metrics - INFO - [31mstep: 12  [32mloss:  6.33605  [38;2;180;60;0mgrad_norm: 88.5000  [38;2;54;234;195mmemory: 55.91GiB(70.59%)  [34mtps: 1,946  [36mtflops: 106.23  [35mmfu: 10.74%[39m
[rank1]:[titan] 2026-09-30 11:02:33,131 - torchtitan.observability.metrics - INFO - [31mstep: 12  [32mloss: -1.00000  [38;2;180;60;0mgrad_norm: 88.5000  [38;2;54;234;195mmemory: 65.11GiB(82.20%)  [34mtps: 1,946  [36mtflops: 106.24  [35mmfu: 10.74%[39m
[rank0]:[titan] 2026-09-30 11:02:35,332 - torchtitan.observability.metrics - INFO - [31mstep: 13  [32mloss: -1.00000  [38;2;180;60;0mgrad_norm: 21.7500  [38;2;54;234;195mmemory: 68.28GiB(86.20%)  [34mtps: 1,862  [36mtflops: 101.65  [35mmfu: 10.28%[39m
[rank3]:[titan] 2026-09-30 11:02:35,326 - torchtitan.observability.metrics - INFO - [31mstep: 13  [32mloss:  6.68681  [38;2;180;60;0mgrad_norm: 21.7500  [38;2;54;234;195mmemory: 55.91GiB(70.59%)  [34mtps: 1,862  [36mtflops: 101.66  [35mmfu: 10.28%[39m
[rank2]:[titan] 2026-09-30 11:02:35,333 - torchtitan.observability.metrics - INFO - [31mstep: 13  [32mloss: -1.00000  [38;2;180;60;0mgrad_norm: 21.7500  [38;2;54;234;195mmemory: 71.66GiB(90.47%)  [34mtps: 1,862  [36mtflops: 101.65  [35mmfu: 10.28%[39m
[rank1]:[titan] 2026-09-30 11:02:35,331 - torchtitan.observability.metrics - INFO - [31mstep: 13  [32mloss: -1.00000  [38;2;180;60;0mgrad_norm: 21.7500  [38;2;54;234;195mmemory: 65.11GiB(82.20%)  [34mtps: 1,862  [36mtflops: 101.64  [35mmfu: 10.28%[39m
[rank0]:[titan] 2026-09-30 11:02:37,338 - torchtitan.observability.metrics - INFO - [31mstep: 14  [32mloss: -1.00000  [38;2;180;60;0mgrad_norm: 21.0000  [38;2;54;234;195mmemory: 68.28GiB(86.20%)  [34mtps: 2,042  [36mtflops: 111.51  [35mmfu: 11.27%[39m
[rank3]:[titan] 2026-09-30 11:02:37,332 - torchtitan.observability.metrics - INFO - [31mstep: 14  [32mloss:  5.88902  [38;2;180;60;0mgrad_norm: 21.0000  [38;2;54;234;195mmemory: 55.91GiB(70.59%)  [34mtps: 2,042  [36mtflops: 111.50  [35mmfu: 11.27%[39m
[rank2]:[titan] 2026-09-30 11:02:37,338 - torchtitan.observability.metrics - INFO - [31mstep: 14  [32mloss: -1.00000  [38;2;180;60;0mgrad_norm: 21.0000  [38;2;54;234;195mmemory: 71.66GiB(90.47%)  [34mtps: 2,042  [36mtflops: 111.51  [35mmfu: 11.27%[39m
[rank1]:[titan] 2026-09-30 11:02:37,337 - torchtitan.observability.metrics - INFO - [31mstep: 14  [32mloss: -1.00000  [38;2;180;60;0mgrad_norm: 21.0000  [38;2;54;234;195mmemory: 65.11GiB(82.20%)  [34mtps: 2,043  [36mtflops: 111.52  [35mmfu: 11.28%[39m
[rank0]:[titan] 2026-09-30 11:02:39,311 - torchtitan.observability.metrics - INFO - [31mstep: 15  [32mloss: -1.00000  [38;2;180;60;0mgrad_norm: 27.7500  [38;2;54;234;195mmemory: 68.28GiB(86.20%)  [34mtps: 2,077  [36mtflops: 113.37  [35mmfu: 11.46%[39m
[rank3]:[titan] 2026-09-30 11:02:39,305 - torchtitan.observability.metrics - INFO - [31mstep: 15  [32mloss:  6.20209  [38;2;180;60;0mgrad_norm: 27.7500  [38;2;54;234;195mmemory: 55.91GiB(70.59%)  [34mtps: 2,077  [36mtflops: 113.39  [35mmfu: 11.46%[39m
[rank2]:[titan] 2026-09-30 11:02:39,311 - torchtitan.observability.metrics - INFO - [31mstep: 15  [32mloss: -1.00000  [38;2;180;60;0mgrad_norm: 27.7500  [38;2;54;234;195mmemory: 71.66GiB(90.47%)  [34mtps: 2,076  [36mtflops: 113.37  [35mmfu: 11.46%[39m
[rank1]:[titan] 2026-09-30 11:02:39,310 - torchtitan.observability.metrics - INFO - [31mstep: 15  [32mloss: -1.00000  [38;2;180;60;0mgrad_norm: 27.7500  [38;2;54;234;195mmemory: 65.11GiB(82.20%)  [34mtps: 2,076  [36mtflops: 113.37  [35mmfu: 11.46%[39m
[rank0]:[titan] 2026-09-30 11:02:41,287 - torchtitan.observability.metrics - INFO - [31mstep: 16  [32mloss: -1.00000  [38;2;180;60;0mgrad_norm: 28.5000  [38;2;54;234;195mmemory: 68.28GiB(86.20%)  [34mtps: 2,073  [36mtflops: 113.21  [35mmfu: 11.45%[39m
[rank3]:[titan] 2026-09-30 11:02:41,280 - torchtitan.observability.metrics - INFO - [31mstep: 16  [32mloss:  4.82680  [38;2;180;60;0mgrad_norm: 28.5000  [38;2;54;234;195mmemory: 55.91GiB(70.59%)  [34mtps: 2,074  [36mtflops: 113.22  [35mmfu: 11.45%[39m
[rank2]:[titan] 2026-09-30 11:02:41,287 - torchtitan.observability.metrics - INFO - [31mstep: 16  [32mloss: -1.00000  [38;2;180;60;0mgrad_norm: 28.5000  [38;2;54;234;195mmemory: 71.66GiB(90.47%)  [34mtps: 2,074  [36mtflops: 113.21  [35mmfu: 11.45%[39m
[rank1]:[titan] 2026-09-30 11:02:41,285 - torchtitan.observability.metrics - INFO - [31mstep: 16  [32mloss: -1.00000  [38;2;180;60;0mgrad_norm: 28.5000  [38;2;54;234;195mmemory: 65.11GiB(82.20%)  [34mtps: 2,074  [36mtflops: 113.22  [35mmfu: 11.45%[39m
[rank0]:[titan] 2026-09-30 11:02:43,218 - torchtitan.observability.metrics - INFO - [31mstep: 17  [32mloss: -1.00000  [38;2;180;60;0mgrad_norm: 13.3125  [38;2;54;234;195mmemory: 68.28GiB(86.20%)  [34mtps: 2,121  [36mtflops: 115.81  [35mmfu: 11.71%[39m
[rank3]:[titan] 2026-09-30 11:02:43,214 - torchtitan.observability.metrics - INFO - [31mstep: 17  [32mloss:  4.57459  [38;2;180;60;0mgrad_norm: 13.3125  [38;2;54;234;195mmemory: 55.91GiB(70.59%)  [34mtps: 2,120  [36mtflops: 115.76  [35mmfu: 11.70%[39m
[rank2]:[titan] 2026-09-30 11:02:43,219 - torchtitan.observability.metrics - INFO - [31mstep: 17  [32mloss: -1.00000  [38;2;180;60;0mgrad_norm: 13.3125  [38;2;54;234;195mmemory: 71.66GiB(90.47%)  [34mtps: 2,120  [36mtflops: 115.76  [35mmfu: 11.70%[39m
[rank1]:[titan] 2026-09-30 11:02:43,217 - torchtitan.observability.metrics - INFO - [31mstep: 17  [32mloss: -1.00000  [38;2;180;60;0mgrad_norm: 13.3125  [38;2;54;234;195mmemory: 65.11GiB(82.20%)  [34mtps: 2,121  [36mtflops: 115.80  [35mmfu: 11.71%[39m
[rank0]:[titan] 2026-09-30 11:02:45,314 - torchtitan.observability.metrics - INFO - [31mstep: 18  [32mloss: -1.00000  [38;2;180;60;0mgrad_norm: 22.6250  [38;2;54;234;195mmemory: 68.28GiB(86.20%)  [34mtps: 1,955  [36mtflops: 106.73  [35mmfu: 10.79%[39m
[rank3]:[titan] 2026-09-30 11:02:45,308 - torchtitan.observability.metrics - INFO - [31mstep: 18  [32mloss:  4.41108  [38;2;180;60;0mgrad_norm: 22.6250  [38;2;54;234;195mmemory: 55.91GiB(70.59%)  [34mtps: 1,956  [36mtflops: 106.81  [35mmfu: 10.80%[39m
[rank2]:[titan] 2026-09-30 11:02:45,314 - torchtitan.observability.metrics - INFO - [31mstep: 18  [32mloss: -1.00000  [38;2;180;60;0mgrad_norm: 22.6250  [38;2;54;234;195mmemory: 71.66GiB(90.47%)  [34mtps: 1,956  [36mtflops: 106.78  [35mmfu: 10.80%[39m
[rank1]:[titan] 2026-09-30 11:02:45,313 - torchtitan.observability.metrics - INFO - [31mstep: 18  [32mloss: -1.00000  [38;2;180;60;0mgrad_norm: 22.6250  [38;2;54;234;195mmemory: 65.11GiB(82.20%)  [34mtps: 1,955  [36mtflops: 106.73  [35mmfu: 10.79%[39m
[rank0]:[titan] 2026-09-30 11:02:47,622 - torchtitan.observability.metrics - INFO - [31mstep: 19  [32mloss: -1.00000  [38;2;180;60;0mgrad_norm: 16.1250  [38;2;54;234;195mmemory: 68.28GiB(86.20%)  [34mtps: 1,775  [36mtflops: 96.92  [35mmfu: 9.80%[39m
[rank3]:[titan] 2026-09-30 11:02:47,615 - torchtitan.observability.metrics - INFO - [31mstep: 19  [32mloss:  4.08270  [38;2;180;60;0mgrad_norm: 16.1250  [38;2;54;234;195mmemory: 55.91GiB(70.59%)  [34mtps: 1,775  [36mtflops: 96.94  [35mmfu: 9.80%[39m
[rank2]:[titan] 2026-09-30 11:02:47,622 - torchtitan.observability.metrics - INFO - [31mstep: 19  [32mloss: -1.00000  [38;2;180;60;0mgrad_norm: 16.1250  [38;2;54;234;195mmemory: 71.66GiB(90.47%)  [34mtps: 1,775  [36mtflops: 96.92  [35mmfu: 9.80%[39m
[rank1]:[titan] 2026-09-30 11:02:47,620 - torchtitan.observability.metrics - INFO - [31mstep: 19  [32mloss: -1.00000  [38;2;180;60;0mgrad_norm: 16.1250  [38;2;54;234;195mmemory: 65.11GiB(82.20%)  [34mtps: 1,775  [36mtflops: 96.92  [35mmfu: 9.80%[39m
[rank0]:[titan] 2026-09-30 11:02:49,834 - torchtitan.observability.metrics - INFO - [31mstep: 20  [32mloss: -1.00000  [38;2;180;60;0mgrad_norm: 17.0000  [38;2;54;234;195mmemory: 68.28GiB(86.20%)  [34mtps: 1,852  [36mtflops: 101.09  [35mmfu: 10.22%[39m
[rank0]:[titan] 2026-09-30 11:02:49,835 - torchtitan.trainer - INFO - Sleeping 2 seconds for other ranks to complete
[rank3]:[titan] 2026-09-30 11:02:49,828 - torchtitan.observability.metrics - INFO - [31mstep: 20  [32mloss:  3.72837  [38;2;180;60;0mgrad_norm: 17.0000  [38;2;54;234;195mmemory: 55.91GiB(70.59%)  [34mtps: 1,852  [36mtflops: 101.10  [35mmfu: 10.22%[39m
[rank3]:[titan] 2026-09-30 11:02:49,829 - torchtitan.trainer - INFO - Training completed
[rank1]:[titan] 2026-09-30 11:02:49,833 - torchtitan.observability.metrics - INFO - [31mstep: 20  [32mloss: -1.00000  [38;2;180;60;0mgrad_norm: 17.0000  [38;2;54;234;195mmemory: 65.11GiB(82.20%)  [34mtps: 1,852  [36mtflops: 101.09  [35mmfu: 10.22%[39m
[rank1]:[titan] 2026-09-30 11:02:49,833 - torchtitan.trainer - INFO - Training completed
[rank2]:[titan] 2026-09-30 11:02:49,834 - torchtitan.observability.metrics - INFO - [31mstep: 20  [32mloss: -1.00000  [38;2;180;60;0mgrad_norm: 17.0000  [38;2;54;234;195mmemory: 71.66GiB(90.47%)  [34mtps: 1,852  [36mtflops: 101.09  [35mmfu: 10.22%[39m
[rank2]:[titan] 2026-09-30 11:02:49,835 - torchtitan.trainer - INFO - Training completed
[rank0]:[titan] 2026-09-30 11:02:51,835 - torchtitan.trainer - INFO - Training completed
[rank1]:[titan] 2026-09-30 11:02:53,930 - __main__ - INFO - Process group destroyed
[rank0]:[titan] 2026-09-30 11:02:54,319 - __main__ - INFO - Process group destroyed
[rank3]:[titan] 2026-09-30 11:02:54,326 - __main__ - INFO - Process group destroyed
[rank2]:[titan] 2026-09-30 11:02:54,318 - __main__ - INFO - Process group destroyed
