W0913 21:54:49.341000 1596434 torch/distributed/run.py:982] 
W0913 21:54:49.341000 1596434 torch/distributed/run.py:982] *****************************************
W0913 21:54:49.341000 1596434 torch/distributed/run.py:982] Setting OMP_NUM_THREADS environment variable for each process to be 1 in default, to avoid your system being overloaded, please further tune the variable for optimal performance in your application as needed. 
W0913 21:54:49.341000 1596434 torch/distributed/run.py:982] *****************************************
WARNING:absl:Failed to load jax profiler: No module named 'jax'
WARNING:absl:Failed to load jax profiler: No module named 'jax'
W0913 21:54:55.689000 1596513 torch/utils/_pytree.py:630] <enum 'KernelPreference'> is an Enum subclass and is now natively supported by torch.compile as an opaque value type. Calling register_constant() on Enum subclasses is deprecated and will be an error in a future release.
W0913 21:54:55.727000 1596513 torch/utils/_pytree.py:630] <enum 'ScaleCalculationMode'> is an Enum subclass and is now natively supported by torch.compile as an opaque value type. Calling register_constant() on Enum subclasses is deprecated and will be an error in a future release.
W0913 21:54:55.764000 1596514 torch/utils/_pytree.py:630] <enum 'KernelPreference'> is an Enum subclass and is now natively supported by torch.compile as an opaque value type. Calling register_constant() on Enum subclasses is deprecated and will be an error in a future release.
W0913 21:54:55.800000 1596514 torch/utils/_pytree.py:630] <enum 'ScaleCalculationMode'> is an Enum subclass and is now natively supported by torch.compile as an opaque value type. Calling register_constant() on Enum subclasses is deprecated and will be an error in a future release.
[titan] 2026-09-13 21:54:56,414 - root - INFO - torchtitan version: 0.0.0+unknown (0.0.0 means __version__ is not defined correctly).
[titan] 2026-09-13 21:54:56,490 - root - INFO - torchtitan version: 0.0.0+unknown (0.0.0 means __version__ is not defined correctly).
[titan] 2026-09-13 21:54:56,993 - root - WARNING - initial_load_model_only=True has no effect without an initial_load_path.
[titan] 2026-09-13 21:54:57,074 - root - WARNING - initial_load_model_only=True has no effect without an initial_load_path.
[titan] 2026-09-13 21:54:57,085 - root - WARNING - initial_load_model_only=True has no effect without an initial_load_path.
[titan] 2026-09-13 21:54:57,086 - torchtitan.observability.structured_logger.jsonl_handler - INFO - Structured logging -> JSONL: /workspace/pp_gradprobe_warm/fw_seed3_n/structured_logs/training.global_rank_0.20260913-215457-D5SH0S.jsonl
[titan] 2026-09-13 21:54:57,168 - root - WARNING - initial_load_model_only=True has no effect without an initial_load_path.
[titan] 2026-09-13 21:54:57,169 - torchtitan.observability.structured_logger.jsonl_handler - INFO - Structured logging -> JSONL: /workspace/pp_gradprobe_warm/fw_seed3_n/structured_logs/training.global_rank_1.20260913-215457-AT57KI.jsonl
[titan] 2026-09-13 21:54:57,343 - root - INFO - Enabled BF16x9 emulation for FP32 CUDA matmuls
[titan] 2026-09-13 21:54:57,344 - root - WARNING - ENV[TORCH_NCCL_ASYNC_ERROR_HANDLING] = 1 will be overridden to 3 based on job config
[titan] 2026-09-13 21:54:57,387 - root - INFO - Enabled BF16x9 emulation for FP32 CUDA matmuls
[titan] 2026-09-13 21:54:57,388 - root - WARNING - ENV[TORCH_NCCL_ASYNC_ERROR_HANDLING] = 1 will be overridden to 3 based on job config
[titan] 2026-09-13 21:54:57,829 - root - INFO - [GC] Initial GC collection took 0.00 seconds
[titan] 2026-09-13 21:54:57,829 - root - INFO - Deterministic algorithm enabled (expect perf degradation).
[titan] 2026-09-13 21:54:57,830 - root - INFO - [GC] Initial GC collection took 0.00 seconds
[titan] 2026-09-13 21:54:57,830 - root - INFO - Deterministic algorithm enabled (expect perf degradation).
[titan] 2026-09-13 21:54:57,844 - root - INFO - Building device mesh with parallelism: pp=2, dp_replicate=1, dp_shard=1, cp=1, tp=1, ep=1
[titan] 2026-09-13 21:54:57,846 - root - INFO - Building device mesh with parallelism: pp=2, dp_replicate=1, dp_shard=1, cp=1, tp=1, ep=1
[titan] 2026-09-13 21:54:58,113 - root - INFO - Successfully created meshes with active dimensions: ['pp']
[titan] 2026-09-13 21:54:58,113 - root - INFO - Successfully created meshes with active dimensions: ['pp']
[titan] 2026-09-13 21:54:58,123 - root - INFO - Building kimi_k3 debugmodel
[titan] 2026-09-13 21:54:58,123 - root - INFO - Building kimi_k3 debugmodel
[titan] 2026-09-13 21:54:58,337 - root - INFO - CUDA capacity: NVIDIA GeForce RTX 5060 Ti with 15.48GiB memory
[titan] 2026-09-13 21:54:58,339 - root - INFO - CUDA capacity: NVIDIA GeForce RTX 5060 Ti with 15.48GiB memory
[titan] 2026-09-13 21:54:58,342 - root - WARNING - Error running lspci: [Errno 2] No such file or directory: 'lspci', fallback to use device_name
[titan] 2026-09-13 21:54:58,342 - root - WARNING - Peak flops undefined for: NVIDIA GeForce RTX 5060 Ti, fallback to A100
[titan] 2026-09-13 21:54:58,343 - root - WARNING - Error running lspci: [Errno 2] No such file or directory: 'lspci', fallback to use device_name
[titan] 2026-09-13 21:54:58,343 - root - WARNING - Peak flops undefined for: NVIDIA GeForce RTX 5060 Ti, fallback to A100
[titan] 2026-09-13 21:54:58,348 - root - INFO - Total parameter count: 1,119,984,672, active parameters: 535,879,200
[titan] 2026-09-13 21:54:58,348 - root - INFO - [34mModel kimi_k3 debugmodel [31msize: 1,119,984,672 total parameters[39m
[titan] 2026-09-13 21:54:58,349 - root - INFO - Total parameter count: 1,119,984,672, active parameters: 535,879,200
[titan] 2026-09-13 21:54:58,349 - root - INFO - [34mModel kimi_k3 debugmodel [31msize: 1,119,984,672 total parameters[39m
[rank0]:W0913 21:54:58.461000 1596513 torch/_logging/_internal.py:1394] Pipeline parallelism is using an eager NCCL communicator. Consider creating its process group with backend="nccl-lazy" so peer communicators are initialized lazily and traffic to different peers can overlap.
[titan] 2026-09-13 21:54:58,462 - root - INFO - PP rank 0 is building stage_idx 0 with modules ['vision_encoder', 'tok_embeddings', 'layers.0', 'layers.1', 'layers.2', 'layers.3', 'layers.4', 'layers.5']
[rank1]:W0913 21:54:58.464000 1596514 torch/_logging/_internal.py:1394] Pipeline parallelism is using an eager NCCL communicator. Consider creating its process group with backend="nccl-lazy" so peer communicators are initialized lazily and traffic to different peers can overlap.
[titan] 2026-09-13 21:54:58,465 - root - INFO - PP rank 1 is building stage_idx 1 with modules ['layers.6', 'layers.7', 'layers.8', 'layers.9', 'layers.10', 'layers.11', 'layers.12']
[titan] 2026-09-13 21:54:58,571 - root - INFO - PP rank 0 is building stage_idx 2 with modules ['layers.13', 'layers.14', 'layers.15', 'layers.16', 'layers.17', 'layers.18']
[titan] 2026-09-13 21:54:58,575 - root - INFO - PP rank 1 is building stage_idx 3 with modules ['layers.19', 'layers.20', 'layers.21', 'layers.22', 'layers.23', 'norm', 'lm_head', 'output_res_proj', 'output_res_norm']
[titan] 2026-09-13 21:54:58,588 - root - INFO - Applied SelectiveAC activation checkpointing to the model
[titan] 2026-09-13 21:54:58,590 - root - INFO - Applied SelectiveAC activation checkpointing to the model
[titan] 2026-09-13 21:54:58,595 - root - INFO - Applied SelectiveAC activation checkpointing to the model
[titan] 2026-09-13 21:54:58,678 - root - INFO - Applied FSDP to the model
[titan] 2026-09-13 21:54:58,688 - root - INFO - Applied SelectiveAC activation checkpointing to the model
[titan] 2026-09-13 21:54:58,699 - root - INFO - Applied FSDP to the model
[titan] 2026-09-13 21:54:58,710 - root - INFO - Applied SelectiveAC activation checkpointing to the model
[titan] 2026-09-13 21:54:58,717 - root - INFO - Applied FSDP to the model
[titan] 2026-09-13 21:54:58,717 - root - INFO - Using pipeline schedule Interleaved1F1B with 4 microbatches and 4 stages.
[titan] 2026-09-13 21:54:58,718 - root - INFO - Kimi K3 pipeline: 2 stage(s) on this rank [1, 3], block transport whole stack every hop
[titan] 2026-09-13 21:54:58,742 - root - INFO - Applied FSDP to the model
[titan] 2026-09-13 21:54:58,743 - root - INFO - Using pipeline schedule Interleaved1F1B with 4 microbatches and 4 stages.
[titan] 2026-09-13 21:54:58,743 - root - INFO - Kimi K3 pipeline: 2 stage(s) on this rank [0, 2], block transport whole stack every hop
[rank1]:W0913 21:54:58.900000 1596514 torch/distributed/tensor/_random.py:215] DTensor is synchronizing RNG states of every rank with the state from rank 0. This behavior is deprecated. Please call `torch.manual_seed()` on every rank that participates in SPMD DTensor Operations with the same seed. If using Pipeline Parallelism, each pipeline state would use a different seed, but all ranks belonging to one pipeline stage would use the same seed.
[titan] 2026-09-13 21:54:59,320 - root - WARNING - [31mPipeline Parallel loss is not visible. Please add [33mrank 1[31m to LOG_RANK environment variable in run_train.sh.[39m
[titan] 2026-09-13 21:54:59,324 - root - WARNING - Error running lspci: [Errno 2] No such file or directory: 'lspci', fallback to use device_name
[titan] 2026-09-13 21:54:59,324 - root - WARNING - Peak flops undefined for: NVIDIA GeForce RTX 5060 Ti, fallback to A100
[titan] 2026-09-13 21:54:59,324 - root - INFO - Peak FLOPS used for computing MFU: 3.120e+14
[titan] 2026-09-13 21:54:59,324 - root - INFO - CUDA memory usage for model: 2.76GiB(17.83%)
[titan] 2026-09-13 21:54:59,326 - root - INFO - Optimizer AdamW (model_part=0): 198 params [.*] {'fused': True, 'foreach': False, 'lr': 0.0008, 'betas': (0.9, 0.95), 'eps': 1e-08, 'weight_decay': 0.1}
[titan] 2026-09-13 21:54:59,327 - root - INFO - Optimizer AdamW (model_part=1): 142 params [.*] {'fused': True, 'foreach': False, 'lr': 0.0008, 'betas': (0.9, 0.95), 'eps': 1e-08, 'weight_decay': 0.1}
[titan] 2026-09-13 21:54:59,328 - root - WARNING - Warmup steps (2) exceed total steps (1). Adjusting warmup steps to 1.
[titan] 2026-09-13 21:54:59,328 - root - WARNING - Warmup (1) + decay (1) steps exceed total steps (1). Adjusting decay steps to 0.
[titan] 2026-09-13 21:54:59,329 - root - INFO - Loading tokenizer from tokenizer.json
[titan] 2026-09-13 21:54:59,444 - root - WARNING - [31mPipeline Parallel loss is not visible. Please add [33mrank 1[31m to LOG_RANK environment variable in run_train.sh.[39m
[titan] 2026-09-13 21:54:59,448 - root - WARNING - Error running lspci: [Errno 2] No such file or directory: 'lspci', fallback to use device_name
[titan] 2026-09-13 21:54:59,448 - root - WARNING - Peak flops undefined for: NVIDIA GeForce RTX 5060 Ti, fallback to A100
[titan] 2026-09-13 21:54:59,448 - root - INFO - Peak FLOPS used for computing MFU: 3.120e+14
[titan] 2026-09-13 21:54:59,448 - root - INFO - CUDA memory usage for model: 1.14GiB(7.36%)
[titan] 2026-09-13 21:54:59,450 - root - INFO - Optimizer AdamW (model_part=0): 236 params [.*] {'fused': True, 'foreach': False, 'lr': 0.0008, 'betas': (0.9, 0.95), 'eps': 1e-08, 'weight_decay': 0.1}
[titan] 2026-09-13 21:54:59,451 - root - INFO - Optimizer AdamW (model_part=1): 174 params [.*] {'fused': True, 'foreach': False, 'lr': 0.0008, 'betas': (0.9, 0.95), 'eps': 1e-08, 'weight_decay': 0.1}
[titan] 2026-09-13 21:54:59,453 - root - WARNING - Warmup steps (2) exceed total steps (1). Adjusting warmup steps to 1.
[titan] 2026-09-13 21:54:59,453 - root - WARNING - Warmup (1) + decay (1) steps exceed total steps (1). Adjusting decay steps to 0.
[titan] 2026-09-13 21:54:59,453 - root - INFO - Loading tokenizer from tokenizer.json
[titan] 2026-09-13 21:55:00,062 - httpx - INFO - HTTP Request: HEAD https://s3.amazonaws.com/datasets.huggingface.co/datasets/datasets/json/json.py "HTTP/1.1 200 OK"
[titan] 2026-09-13 21:55:00,078 - root - WARNING - model.safetensors.index.json not found at hf_assets_path: ./tests/assets/tokenizer/model.safetensors.index.json.                     Defaulting to saving a single safetensors file if checkpoint is saved in HF format
[titan] 2026-09-13 21:55:00,079 - root - WARNING - initial_load_model_only=True has no effect without an initial_load_path.
[titan] 2026-09-13 21:55:00,092 - root - INFO - Checkpointing active. Checkpoints will be loaded from and saved to /workspace/pp_gradprobe_warm/fw_seed3_n/checkpoint
[titan] 2026-09-13 21:55:00,093 - root - INFO - Trainer is initialized with 1024 tokens per DP rank, 1024 tokens per train step, gradient accumulation steps 1, maximum context length 2048, total steps 1 (warmup 2)
[titan] 2026-09-13 21:55:00,094 - root - INFO - No checkpoint was provided, this is a fresh start.
[titan] 2026-09-13 21:55:00,094 - root - INFO - Training starts at step 1
[titan] 2026-09-13 21:55:00,939 - httpx - INFO - HTTP Request: HEAD https://s3.amazonaws.com/datasets.huggingface.co/datasets/datasets/json/json.py "HTTP/1.1 200 OK"
[titan] 2026-09-13 21:55:00,955 - root - WARNING - model.safetensors.index.json not found at hf_assets_path: ./tests/assets/tokenizer/model.safetensors.index.json.                     Defaulting to saving a single safetensors file if checkpoint is saved in HF format
[titan] 2026-09-13 21:55:00,955 - root - WARNING - initial_load_model_only=True has no effect without an initial_load_path.
[titan] 2026-09-13 21:55:00,972 - root - INFO - Checkpointing active. Checkpoints will be loaded from and saved to /workspace/pp_gradprobe_warm/fw_seed3_n/checkpoint
[titan] 2026-09-13 21:55:00,973 - root - INFO - Trainer is initialized with 1024 tokens per DP rank, 1024 tokens per train step, gradient accumulation steps 1, maximum context length 2048, total steps 1 (warmup 2)
[titan] 2026-09-13 21:55:00,973 - root - INFO - No checkpoint was provided, this is a fresh start.
[titan] 2026-09-13 21:55:00,974 - root - INFO - Training starts at step 1
[titan] 2026-09-13 21:55:04,844 - attn_gym.linear.kda.utils - INFO - Blackwell detected: registering default global_scratch allocator.
/workspace/venv_bfx9/lib/python3.12/site-packages/torch/distributed/fsdp/_fully_shard/_fsdp_state.py:336: UserWarning: FSDP2-wrapped module (FSDPCheckpointWrapper) returned a view tensor. An in-place op on this view (e.g., `x += y`) will silently drop the pre-backward hook and skip the all-gather, which can cause backward to fail or produce wrong gradients. Use out-of-place ops (`out = out + y`, not `out += y`) or `.clone()` the output before any in-place op.
  output = self._register_pre_backward_hook(output)
/workspace/venv_bfx9/lib/python3.12/site-packages/torch/distributed/fsdp/_fully_shard/_fsdp_state.py:336: UserWarning: FSDP2-wrapped module (FSDPCheckpointWrapper) returned a view tensor. An in-place op on this view (e.g., `x += y`) will silently drop the pre-backward hook and skip the all-gather, which can cause backward to fail or produce wrong gradients. Use out-of-place ops (`out = out + y`, not `out += y`) or `.clone()` the output before any in-place op.
  output = self._register_pre_backward_hook(output)
/workspace/venv_bfx9/lib/python3.12/site-packages/torch/distributed/fsdp/_fully_shard/_fsdp_state.py:336: UserWarning: FSDP2-wrapped module (FSDPKimiK3Model) returned a view tensor. An in-place op on this view (e.g., `x += y`) will silently drop the pre-backward hook and skip the all-gather, which can cause backward to fail or produce wrong gradients. Use out-of-place ops (`out = out + y`, not `out += y`) or `.clone()` the output before any in-place op.
  output = self._register_pre_backward_hook(output)
[titan] 2026-09-13 21:55:06,121 - attn_gym.linear.kda.utils - INFO - Blackwell detected: registering default global_scratch allocator.
/workspace/venv_bfx9/lib/python3.12/site-packages/torch/distributed/fsdp/_fully_shard/_fsdp_state.py:336: UserWarning: FSDP2-wrapped module (FSDPCheckpointWrapper) returned a view tensor. An in-place op on this view (e.g., `x += y`) will silently drop the pre-backward hook and skip the all-gather, which can cause backward to fail or produce wrong gradients. Use out-of-place ops (`out = out + y`, not `out += y`) or `.clone()` the output before any in-place op.
  output = self._register_pre_backward_hook(output)
/workspace/venv_bfx9/lib/python3.12/site-packages/torch/distributed/fsdp/_fully_shard/_fsdp_state.py:336: UserWarning: FSDP2-wrapped module (FSDPCheckpointWrapper) returned a view tensor. An in-place op on this view (e.g., `x += y`) will silently drop the pre-backward hook and skip the all-gather, which can cause backward to fail or produce wrong gradients. Use out-of-place ops (`out = out + y`, not `out += y`) or `.clone()` the output before any in-place op.
  output = self._register_pre_backward_hook(output)
REPR 1 rank0 loss -1.00000000000000000e+00 gn 1.71250000000000000e+01
[titan] 2026-09-13 21:55:11,301 - root - INFO - [31mstep:  1  [32mloss: -1.00000  [38;2;180;60;0mgrad_norm: 17.1250  [38;2;54;234;195mmemory:  7.33GiB(47.38%)  [34mtps: 40  [36mtflops: 0.14  [35mmfu: 0.04%[39m
[titan] 2026-09-13 21:55:11,301 - root - INFO - Saving the checkpoint.
[titan] 2026-09-13 21:55:11,301 - root - INFO - Saving a full checkpoint at last step, step 1.
REPR 1 rank1 loss 1.24220924377441406e+01 gn 1.71250000000000000e+01
[titan] 2026-09-13 21:55:11,321 - root - INFO - [31mstep:  1  [32mloss: 12.42209  [38;2;180;60;0mgrad_norm: 17.1250  [38;2;54;234;195mmemory:  8.73GiB(56.41%)  [34mtps: 39  [36mtflops: 0.14  [35mmfu: 0.04%[39m
[titan] 2026-09-13 21:55:11,321 - root - INFO - Saving the checkpoint.
[titan] 2026-09-13 21:55:11,321 - root - INFO - Saving a full checkpoint at last step, step 1.
[titan] 2026-09-13 21:55:21,655 - root - INFO - [GC] GC collection invoked by checkpointer. took 0.16 seconds
[titan] 2026-09-13 21:55:21,662 - root - INFO - Last step checkpoint completed in 10.36s
[titan] 2026-09-13 21:55:21,662 - root - INFO - Synchronizing and adjusting timeout for all ProcessGroups to 0:01:40
[titan] 2026-09-13 21:55:21,715 - root - INFO - [GC] GC collection invoked by checkpointer. took 0.18 seconds
[titan] 2026-09-13 21:55:21,723 - root - INFO - Last step checkpoint completed in 10.40s
[titan] 2026-09-13 21:55:21,723 - root - INFO - Synchronizing and adjusting timeout for all ProcessGroups to 0:01:40
[titan] 2026-09-13 21:55:21,724 - root - INFO - Sleeping 2 seconds for other ranks to complete
[titan] 2026-09-13 21:55:21,724 - root - INFO - Training completed
[titan] 2026-09-13 21:55:21,733 - root - INFO - Destroying the purge thread.
[titan] 2026-09-13 21:55:23,724 - root - INFO - Training completed
[titan] 2026-09-13 21:55:23,732 - root - INFO - Destroying the purge thread.
[titan] 2026-09-13 21:55:24,154 - root - INFO - Process group destroyed
[titan] 2026-09-13 21:55:24,587 - root - INFO - Process group destroyed
