W0913 21:46:05.696000 1592568 torch/distributed/run.py:982] 
W0913 21:46:05.696000 1592568 torch/distributed/run.py:982] *****************************************
W0913 21:46:05.696000 1592568 torch/distributed/run.py:982] Setting OMP_NUM_THREADS environment variable for each process to be 1 in default, to avoid your system being overloaded, please further tune the variable for optimal performance in your application as needed. 
W0913 21:46:05.696000 1592568 torch/distributed/run.py:982] *****************************************
WARNING:absl:Failed to load jax profiler: No module named 'jax'
WARNING:absl:Failed to load jax profiler: No module named 'jax'
W0913 21:46:11.888000 1592635 torch/utils/_pytree.py:630] <enum 'KernelPreference'> is an Enum subclass and is now natively supported by torch.compile as an opaque value type. Calling register_constant() on Enum subclasses is deprecated and will be an error in a future release.
W0913 21:46:11.903000 1592636 torch/utils/_pytree.py:630] <enum 'KernelPreference'> is an Enum subclass and is now natively supported by torch.compile as an opaque value type. Calling register_constant() on Enum subclasses is deprecated and will be an error in a future release.
W0913 21:46:11.922000 1592635 torch/utils/_pytree.py:630] <enum 'ScaleCalculationMode'> is an Enum subclass and is now natively supported by torch.compile as an opaque value type. Calling register_constant() on Enum subclasses is deprecated and will be an error in a future release.
W0913 21:46:11.939000 1592636 torch/utils/_pytree.py:630] <enum 'ScaleCalculationMode'> is an Enum subclass and is now natively supported by torch.compile as an opaque value type. Calling register_constant() on Enum subclasses is deprecated and will be an error in a future release.
[titan] 2026-09-13 21:46:12,612 - root - INFO - torchtitan version: 0.0.0+unknown (0.0.0 means __version__ is not defined correctly).
[titan] 2026-09-13 21:46:12,615 - root - INFO - torchtitan version: 0.0.0+unknown (0.0.0 means __version__ is not defined correctly).
[titan] 2026-09-13 21:46:13,201 - root - WARNING - initial_load_model_only=True has no effect without an initial_load_path.
[titan] 2026-09-13 21:46:13,201 - root - WARNING - initial_load_model_only=True has no effect without an initial_load_path.
[titan] 2026-09-13 21:46:13,293 - root - WARNING - initial_load_model_only=True has no effect without an initial_load_path.
[titan] 2026-09-13 21:46:13,294 - root - WARNING - initial_load_model_only=True has no effect without an initial_load_path.
[titan] 2026-09-13 21:46:13,295 - torchtitan.observability.structured_logger.jsonl_handler - INFO - Structured logging -> JSONL: /workspace/pp_gradprobe_warm/fw_warm_c/structured_logs/training.global_rank_0.20260913-214613-O2QJZK.jsonl
[titan] 2026-09-13 21:46:13,295 - torchtitan.observability.structured_logger.jsonl_handler - INFO - Structured logging -> JSONL: /workspace/pp_gradprobe_warm/fw_warm_c/structured_logs/training.global_rank_1.20260913-214613-Y6TQMY.jsonl
[titan] 2026-09-13 21:46:13,552 - root - INFO - Enabled BF16x9 emulation for FP32 CUDA matmuls
[titan] 2026-09-13 21:46:13,552 - root - INFO - Enabled BF16x9 emulation for FP32 CUDA matmuls
[titan] 2026-09-13 21:46:13,552 - root - WARNING - ENV[TORCH_NCCL_ASYNC_ERROR_HANDLING] = 1 will be overridden to 3 based on job config
[titan] 2026-09-13 21:46:13,552 - root - WARNING - ENV[TORCH_NCCL_ASYNC_ERROR_HANDLING] = 1 will be overridden to 3 based on job config
[titan] 2026-09-13 21:46:13,975 - root - INFO - [GC] Initial GC collection took 0.00 seconds
[titan] 2026-09-13 21:46:13,975 - root - INFO - Deterministic algorithm enabled (expect perf degradation).
[titan] 2026-09-13 21:46:13,979 - root - INFO - [GC] Initial GC collection took 0.00 seconds
[titan] 2026-09-13 21:46:13,979 - root - INFO - Deterministic algorithm enabled (expect perf degradation).
[titan] 2026-09-13 21:46:13,992 - root - INFO - Building device mesh with parallelism: pp=2, dp_replicate=1, dp_shard=1, cp=1, tp=1, ep=1
[titan] 2026-09-13 21:46:13,995 - root - INFO - Building device mesh with parallelism: pp=2, dp_replicate=1, dp_shard=1, cp=1, tp=1, ep=1
[titan] 2026-09-13 21:46:14,320 - root - INFO - Successfully created meshes with active dimensions: ['pp']
[titan] 2026-09-13 21:46:14,322 - root - INFO - Successfully created meshes with active dimensions: ['pp']
[titan] 2026-09-13 21:46:14,330 - root - INFO - Building kimi_k3 debugmodel
[titan] 2026-09-13 21:46:14,336 - root - INFO - Building kimi_k3 debugmodel
[titan] 2026-09-13 21:46:14,548 - root - INFO - CUDA capacity: NVIDIA GeForce RTX 5060 Ti with 15.48GiB memory
[titan] 2026-09-13 21:46:14,552 - root - WARNING - Error running lspci: [Errno 2] No such file or directory: 'lspci', fallback to use device_name
[titan] 2026-09-13 21:46:14,552 - root - WARNING - Peak flops undefined for: NVIDIA GeForce RTX 5060 Ti, fallback to A100
[titan] 2026-09-13 21:46:14,553 - root - INFO - CUDA capacity: NVIDIA GeForce RTX 5060 Ti with 15.48GiB memory
[titan] 2026-09-13 21:46:14,556 - root - WARNING - Error running lspci: [Errno 2] No such file or directory: 'lspci', fallback to use device_name
[titan] 2026-09-13 21:46:14,556 - root - WARNING - Peak flops undefined for: NVIDIA GeForce RTX 5060 Ti, fallback to A100
[titan] 2026-09-13 21:46:14,558 - root - INFO - Total parameter count: 1,119,984,672, active parameters: 535,879,200
[titan] 2026-09-13 21:46:14,559 - root - INFO - [34mModel kimi_k3 debugmodel [31msize: 1,119,984,672 total parameters[39m
[titan] 2026-09-13 21:46:14,562 - root - INFO - Total parameter count: 1,119,984,672, active parameters: 535,879,200
[titan] 2026-09-13 21:46:14,562 - root - INFO - [34mModel kimi_k3 debugmodel [31msize: 1,119,984,672 total parameters[39m
[rank0]:W0913 21:46:14.671000 1592635 torch/_logging/_internal.py:1394] Pipeline parallelism is using an eager NCCL communicator. Consider creating its process group with backend="nccl-lazy" so peer communicators are initialized lazily and traffic to different peers can overlap.
[titan] 2026-09-13 21:46:14,672 - root - INFO - PP rank 0 is building stage_idx 0 with modules ['vision_encoder', 'tok_embeddings', 'layers.0', 'layers.1', 'layers.2', 'layers.3', 'layers.4', 'layers.5']
[rank1]:W0913 21:46:14.678000 1592636 torch/_logging/_internal.py:1394] Pipeline parallelism is using an eager NCCL communicator. Consider creating its process group with backend="nccl-lazy" so peer communicators are initialized lazily and traffic to different peers can overlap.
[titan] 2026-09-13 21:46:14,679 - root - INFO - PP rank 1 is building stage_idx 1 with modules ['layers.6', 'layers.7', 'layers.8', 'layers.9', 'layers.10', 'layers.11', 'layers.12']
[titan] 2026-09-13 21:46:14,779 - root - INFO - PP rank 0 is building stage_idx 2 with modules ['layers.13', 'layers.14', 'layers.15', 'layers.16', 'layers.17', 'layers.18']
[titan] 2026-09-13 21:46:14,787 - root - INFO - PP rank 1 is building stage_idx 3 with modules ['layers.19', 'layers.20', 'layers.21', 'layers.22', 'layers.23', 'norm', 'lm_head', 'output_res_proj', 'output_res_norm']
[titan] 2026-09-13 21:46:14,798 - root - INFO - Applied SelectiveAC activation checkpointing to the model
[titan] 2026-09-13 21:46:14,800 - root - INFO - Applied SelectiveAC activation checkpointing to the model
[titan] 2026-09-13 21:46:14,806 - root - INFO - Applied SelectiveAC activation checkpointing to the model
[titan] 2026-09-13 21:46:14,889 - root - INFO - Applied FSDP to the model
[titan] 2026-09-13 21:46:14,898 - root - INFO - Applied SelectiveAC activation checkpointing to the model
[titan] 2026-09-13 21:46:14,907 - root - INFO - Applied FSDP to the model
[titan] 2026-09-13 21:46:14,918 - root - INFO - Applied SelectiveAC activation checkpointing to the model
[titan] 2026-09-13 21:46:14,927 - root - INFO - Applied FSDP to the model
[titan] 2026-09-13 21:46:14,928 - root - INFO - Using pipeline schedule Interleaved1F1B with 4 microbatches and 4 stages.
[titan] 2026-09-13 21:46:14,928 - root - INFO - Kimi K3 pipeline: 2 stage(s) on this rank [1, 3], block transport delta with rank store
[titan] 2026-09-13 21:46:14,951 - root - INFO - Applied FSDP to the model
[titan] 2026-09-13 21:46:14,951 - root - INFO - Using pipeline schedule Interleaved1F1B with 4 microbatches and 4 stages.
[titan] 2026-09-13 21:46:14,952 - root - INFO - Kimi K3 pipeline: 2 stage(s) on this rank [0, 2], block transport delta with rank store
[rank1]:W0913 21:46:15.116000 1592636 torch/distributed/tensor/_random.py:215] DTensor is synchronizing RNG states of every rank with the state from rank 0. This behavior is deprecated. Please call `torch.manual_seed()` on every rank that participates in SPMD DTensor Operations with the same seed. If using Pipeline Parallelism, each pipeline state would use a different seed, but all ranks belonging to one pipeline stage would use the same seed.
[titan] 2026-09-13 21:46:15,531 - root - WARNING - [31mPipeline Parallel loss is not visible. Please add [33mrank 1[31m to LOG_RANK environment variable in run_train.sh.[39m
[titan] 2026-09-13 21:46:15,535 - root - WARNING - Error running lspci: [Errno 2] No such file or directory: 'lspci', fallback to use device_name
[titan] 2026-09-13 21:46:15,535 - root - WARNING - Peak flops undefined for: NVIDIA GeForce RTX 5060 Ti, fallback to A100
[titan] 2026-09-13 21:46:15,535 - root - INFO - Peak FLOPS used for computing MFU: 3.120e+14
[titan] 2026-09-13 21:46:15,535 - root - INFO - CUDA memory usage for model: 2.76GiB(17.83%)
[titan] 2026-09-13 21:46:15,537 - root - INFO - Optimizer AdamW (model_part=0): 198 params [.*] {'fused': True, 'foreach': False, 'lr': 0.0008, 'betas': (0.9, 0.95), 'eps': 1e-08, 'weight_decay': 0.1}
[titan] 2026-09-13 21:46:15,538 - root - INFO - Optimizer AdamW (model_part=1): 142 params [.*] {'fused': True, 'foreach': False, 'lr': 0.0008, 'betas': (0.9, 0.95), 'eps': 1e-08, 'weight_decay': 0.1}
[titan] 2026-09-13 21:46:15,540 - root - WARNING - Warmup steps (2) exceed total steps (1). Adjusting warmup steps to 1.
[titan] 2026-09-13 21:46:15,540 - root - WARNING - Warmup (1) + decay (1) steps exceed total steps (1). Adjusting decay steps to 0.
[titan] 2026-09-13 21:46:15,540 - root - INFO - Loading tokenizer from tokenizer.json
[titan] 2026-09-13 21:46:15,663 - root - WARNING - [31mPipeline Parallel loss is not visible. Please add [33mrank 1[31m to LOG_RANK environment variable in run_train.sh.[39m
[titan] 2026-09-13 21:46:15,667 - root - WARNING - Error running lspci: [Errno 2] No such file or directory: 'lspci', fallback to use device_name
[titan] 2026-09-13 21:46:15,667 - root - WARNING - Peak flops undefined for: NVIDIA GeForce RTX 5060 Ti, fallback to A100
[titan] 2026-09-13 21:46:15,667 - root - INFO - Peak FLOPS used for computing MFU: 3.120e+14
[titan] 2026-09-13 21:46:15,667 - root - INFO - CUDA memory usage for model: 1.14GiB(7.36%)
[titan] 2026-09-13 21:46:15,669 - root - INFO - Optimizer AdamW (model_part=0): 236 params [.*] {'fused': True, 'foreach': False, 'lr': 0.0008, 'betas': (0.9, 0.95), 'eps': 1e-08, 'weight_decay': 0.1}
[titan] 2026-09-13 21:46:15,670 - root - INFO - Optimizer AdamW (model_part=1): 174 params [.*] {'fused': True, 'foreach': False, 'lr': 0.0008, 'betas': (0.9, 0.95), 'eps': 1e-08, 'weight_decay': 0.1}
[titan] 2026-09-13 21:46:15,672 - root - WARNING - Warmup steps (2) exceed total steps (1). Adjusting warmup steps to 1.
[titan] 2026-09-13 21:46:15,672 - root - WARNING - Warmup (1) + decay (1) steps exceed total steps (1). Adjusting decay steps to 0.
[titan] 2026-09-13 21:46:15,673 - root - INFO - Loading tokenizer from tokenizer.json
[titan] 2026-09-13 21:46:16,412 - httpx - INFO - HTTP Request: HEAD https://s3.amazonaws.com/datasets.huggingface.co/datasets/datasets/json/json.py "HTTP/1.1 200 OK"
[titan] 2026-09-13 21:46:16,425 - root - WARNING - model.safetensors.index.json not found at hf_assets_path: ./tests/assets/tokenizer/model.safetensors.index.json.                     Defaulting to saving a single safetensors file if checkpoint is saved in HF format
[titan] 2026-09-13 21:46:16,425 - root - WARNING - initial_load_model_only=True has no effect without an initial_load_path.
[titan] 2026-09-13 21:46:16,437 - root - INFO - Checkpointing active. Checkpoints will be loaded from and saved to /workspace/pp_gradprobe_warm/fw_warm_c/checkpoint
[titan] 2026-09-13 21:46:16,438 - root - INFO - Trainer is initialized with 1024 tokens per DP rank, 1024 tokens per train step, gradient accumulation steps 1, maximum context length 2048, total steps 1 (warmup 2)
[titan] 2026-09-13 21:46:16,439 - root - INFO - Loading the checkpoint from /workspace/pp_gradprobe_warm/fw_warm_c/checkpoint/step-0.
[titan] 2026-09-13 21:46:17,021 - httpx - INFO - HTTP Request: HEAD https://s3.amazonaws.com/datasets.huggingface.co/datasets/datasets/json/json.py "HTTP/1.1 200 OK"
[titan] 2026-09-13 21:46:17,037 - root - WARNING - model.safetensors.index.json not found at hf_assets_path: ./tests/assets/tokenizer/model.safetensors.index.json.                     Defaulting to saving a single safetensors file if checkpoint is saved in HF format
[titan] 2026-09-13 21:46:17,038 - root - WARNING - initial_load_model_only=True has no effect without an initial_load_path.
[titan] 2026-09-13 21:46:17,052 - root - INFO - Checkpointing active. Checkpoints will be loaded from and saved to /workspace/pp_gradprobe_warm/fw_warm_c/checkpoint
[titan] 2026-09-13 21:46:17,052 - root - INFO - Trainer is initialized with 1024 tokens per DP rank, 1024 tokens per train step, gradient accumulation steps 1, maximum context length 2048, total steps 1 (warmup 2)
[titan] 2026-09-13 21:46:17,053 - root - INFO - Loading the checkpoint from /workspace/pp_gradprobe_warm/fw_warm_c/checkpoint/step-0.
[titan] 2026-09-13 21:46:18,162 - root - INFO - [GC] GC collection for checkpoint loading. took 0.02 seconds
[titan] 2026-09-13 21:46:18,162 - root - INFO - Finished loading the checkpoint in 1.11 seconds.
[titan] 2026-09-13 21:46:18,163 - root - INFO - Training starts at step 1
[titan] 2026-09-13 21:46:18,186 - root - INFO - [GC] GC collection for checkpoint loading. took 0.02 seconds
[titan] 2026-09-13 21:46:18,186 - root - INFO - Finished loading the checkpoint in 1.75 seconds.
[titan] 2026-09-13 21:46:18,186 - root - INFO - Training starts at step 1
[titan] 2026-09-13 21:46:22,178 - attn_gym.linear.kda.utils - INFO - Blackwell detected: registering default global_scratch allocator.
/workspace/venv_bfx9/lib/python3.12/site-packages/torch/distributed/fsdp/_fully_shard/_fsdp_state.py:336: UserWarning: FSDP2-wrapped module (FSDPCheckpointWrapper) returned a view tensor. An in-place op on this view (e.g., `x += y`) will silently drop the pre-backward hook and skip the all-gather, which can cause backward to fail or produce wrong gradients. Use out-of-place ops (`out = out + y`, not `out += y`) or `.clone()` the output before any in-place op.
  output = self._register_pre_backward_hook(output)
/workspace/venv_bfx9/lib/python3.12/site-packages/torch/distributed/fsdp/_fully_shard/_fsdp_state.py:336: UserWarning: FSDP2-wrapped module (FSDPCheckpointWrapper) returned a view tensor. An in-place op on this view (e.g., `x += y`) will silently drop the pre-backward hook and skip the all-gather, which can cause backward to fail or produce wrong gradients. Use out-of-place ops (`out = out + y`, not `out += y`) or `.clone()` the output before any in-place op.
  output = self._register_pre_backward_hook(output)
/workspace/venv_bfx9/lib/python3.12/site-packages/torch/distributed/fsdp/_fully_shard/_fsdp_state.py:336: UserWarning: FSDP2-wrapped module (FSDPKimiK3Model) returned a view tensor. An in-place op on this view (e.g., `x += y`) will silently drop the pre-backward hook and skip the all-gather, which can cause backward to fail or produce wrong gradients. Use out-of-place ops (`out = out + y`, not `out += y`) or `.clone()` the output before any in-place op.
  output = self._register_pre_backward_hook(output)
[titan] 2026-09-13 21:46:23,421 - attn_gym.linear.kda.utils - INFO - Blackwell detected: registering default global_scratch allocator.
/workspace/venv_bfx9/lib/python3.12/site-packages/torch/distributed/fsdp/_fully_shard/_fsdp_state.py:336: UserWarning: FSDP2-wrapped module (FSDPCheckpointWrapper) returned a view tensor. An in-place op on this view (e.g., `x += y`) will silently drop the pre-backward hook and skip the all-gather, which can cause backward to fail or produce wrong gradients. Use out-of-place ops (`out = out + y`, not `out += y`) or `.clone()` the output before any in-place op.
  output = self._register_pre_backward_hook(output)
/workspace/venv_bfx9/lib/python3.12/site-packages/torch/distributed/fsdp/_fully_shard/_fsdp_state.py:336: UserWarning: FSDP2-wrapped module (FSDPCheckpointWrapper) returned a view tensor. An in-place op on this view (e.g., `x += y`) will silently drop the pre-backward hook and skip the all-gather, which can cause backward to fail or produce wrong gradients. Use out-of-place ops (`out = out + y`, not `out += y`) or `.clone()` the output before any in-place op.
  output = self._register_pre_backward_hook(output)
REPR 1 rank0 loss -1.00000000000000000e+00 gn 1.67500000000000000e+01
[titan] 2026-09-13 21:46:28,788 - root - INFO - [31mstep:  1  [32mloss: -1.00000  [38;2;180;60;0mgrad_norm: 16.7500  [38;2;54;234;195mmemory:  7.32GiB(47.29%)  [34mtps: 36  [36mtflops: 0.13  [35mmfu: 0.04%[39m
[titan] 2026-09-13 21:46:28,789 - root - INFO - Saving the checkpoint.
[titan] 2026-09-13 21:46:28,789 - root - INFO - Saving a full checkpoint at last step, step 1.
REPR 1 rank1 loss 1.25803823471069336e+01 gn 1.67500000000000000e+01
[titan] 2026-09-13 21:46:28,813 - root - INFO - [31mstep:  1  [32mloss: 12.58038  [38;2;180;60;0mgrad_norm: 16.7500  [38;2;54;234;195mmemory:  8.72GiB(56.36%)  [34mtps: 36  [36mtflops: 0.13  [35mmfu: 0.04%[39m
[titan] 2026-09-13 21:46:28,813 - root - INFO - Saving the checkpoint.
[titan] 2026-09-13 21:46:28,813 - root - INFO - Saving a full checkpoint at last step, step 1.
[titan] 2026-09-13 21:46:38,814 - root - INFO - [GC] GC collection invoked by checkpointer. took 0.11 seconds
[titan] 2026-09-13 21:46:38,818 - root - INFO - [GC] GC collection invoked by checkpointer. took 0.15 seconds
[titan] 2026-09-13 21:46:38,822 - root - INFO - Last step checkpoint completed in 10.01s
[titan] 2026-09-13 21:46:38,822 - root - INFO - Synchronizing and adjusting timeout for all ProcessGroups to 0:01:40
[titan] 2026-09-13 21:46:38,829 - root - INFO - Last step checkpoint completed in 10.04s
[titan] 2026-09-13 21:46:38,829 - root - INFO - Synchronizing and adjusting timeout for all ProcessGroups to 0:01:40
[titan] 2026-09-13 21:46:38,830 - root - INFO - Training completed
[titan] 2026-09-13 21:46:38,830 - root - INFO - Sleeping 2 seconds for other ranks to complete
[titan] 2026-09-13 21:46:38,839 - root - INFO - Destroying the purge thread.
[titan] 2026-09-13 21:46:40,830 - root - INFO - Training completed
[titan] 2026-09-13 21:46:40,839 - root - INFO - Destroying the purge thread.
[titan] 2026-09-13 21:46:41,349 - root - INFO - Process group destroyed
[titan] 2026-09-13 21:46:41,751 - root - INFO - Process group destroyed
