W1002 07:36:00.824000 24003 torch/distributed/run.py:982] 
W1002 07:36:00.824000 24003 torch/distributed/run.py:982] *****************************************
W1002 07:36:00.824000 24003 torch/distributed/run.py:982] Setting OMP_NUM_THREADS environment variable for each process to be 1 in default, to avoid your system being overloaded, please further tune the variable for optimal performance in your application as needed. 
W1002 07:36:00.824000 24003 torch/distributed/run.py:982] *****************************************
[rank0]:WARNING:absl:Failed to load jax profiler: No module named 'jax'
[rank1]:WARNING:absl:Failed to load jax profiler: No module named 'jax'
[rank2]:WARNING:absl:Failed to load jax profiler: No module named 'jax'
[rank3]:WARNING:absl:Failed to load jax profiler: No module named 'jax'
[rank0]:[titan] 2026-10-02 07:36:07,006 - __main__ - INFO - torchtitan version: 0.0.0+unknown (0.0.0 means __version__ is not defined correctly).
[rank1]:[titan] 2026-10-02 07:36:07,244 - __main__ - INFO - torchtitan version: 0.0.0+unknown (0.0.0 means __version__ is not defined correctly).
[rank2]:[titan] 2026-10-02 07:36:07,540 - __main__ - INFO - torchtitan version: 0.0.0+unknown (0.0.0 means __version__ is not defined correctly).
[rank3]:[titan] 2026-10-02 07:36:07,475 - __main__ - INFO - torchtitan version: 0.0.0+unknown (0.0.0 means __version__ is not defined correctly).
[rank0]:[titan] 2026-10-02 07:36:07,662 - torchtitan.observability.structured_logger.jsonl_handler - INFO - Structured logging -> JSONL: /root/mep/results/dep_new_k3range/time_c012_m16_w_dep_off/out/structured_logs/training.global_rank_0.20261002-073607-LYBSFE.jsonl
[rank1]:[titan] 2026-10-02 07:36:07,907 - torchtitan.observability.structured_logger.jsonl_handler - INFO - Structured logging -> JSONL: /root/mep/results/dep_new_k3range/time_c012_m16_w_dep_off/out/structured_logs/training.global_rank_1.20261002-073607-D3PN8Q.jsonl
[rank0]:[titan] 2026-10-02 07:36:07,960 - torchtitan.distributed.utils - WARNING - ENV[TORCH_NCCL_ASYNC_ERROR_HANDLING] = 1 will be overridden to 3 based on job config
[rank3]:[titan] 2026-10-02 07:36:08,200 - torchtitan.observability.structured_logger.jsonl_handler - INFO - Structured logging -> JSONL: /root/mep/results/dep_new_k3range/time_c012_m16_w_dep_off/out/structured_logs/training.global_rank_3.20261002-073608-AQJDDE.jsonl
[rank1]:[titan] 2026-10-02 07:36:08,182 - torchtitan.distributed.utils - WARNING - ENV[TORCH_NCCL_ASYNC_ERROR_HANDLING] = 1 will be overridden to 3 based on job config
[rank2]:[titan] 2026-10-02 07:36:08,328 - torchtitan.observability.structured_logger.jsonl_handler - INFO - Structured logging -> JSONL: /root/mep/results/dep_new_k3range/time_c012_m16_w_dep_off/out/structured_logs/training.global_rank_2.20261002-073608-V7ZSD0.jsonl
[rank3]:[titan] 2026-10-02 07:36:08,641 - torchtitan.distributed.utils - WARNING - ENV[TORCH_NCCL_ASYNC_ERROR_HANDLING] = 1 will be overridden to 3 based on job config
[rank2]:[titan] 2026-10-02 07:36:08,750 - torchtitan.distributed.utils - WARNING - ENV[TORCH_NCCL_ASYNC_ERROR_HANDLING] = 1 will be overridden to 3 based on job config
[rank0]:[titan] 2026-10-02 07:36:09,312 - torchtitan.tools.utils - INFO - [GC] Initial GC collection took 0.00 seconds
[rank2]:[titan] 2026-10-02 07:36:09,316 - torchtitan.tools.utils - INFO - [GC] Initial GC collection took 0.00 seconds
[rank3]:[titan] 2026-10-02 07:36:09,312 - torchtitan.tools.utils - INFO - [GC] Initial GC collection took 0.00 seconds
[rank1]:[titan] 2026-10-02 07:36:09,312 - torchtitan.tools.utils - INFO - [GC] Initial GC collection took 0.00 seconds
[rank0]:[titan] 2026-10-02 07:36:10,239 - torchtitan.distributed.parallelism_context - INFO - Building device mesh with parallelism: pp=4, dp_replicate=1, dp_shard=1, cp=1, tp=1, ep=1
[rank2]:[titan] 2026-10-02 07:36:10,239 - torchtitan.distributed.parallelism_context - INFO - Building device mesh with parallelism: pp=4, dp_replicate=1, dp_shard=1, cp=1, tp=1, ep=1
[rank3]:[titan] 2026-10-02 07:36:10,240 - torchtitan.distributed.parallelism_context - INFO - Building device mesh with parallelism: pp=4, dp_replicate=1, dp_shard=1, cp=1, tp=1, ep=1
[rank1]:[titan] 2026-10-02 07:36:10,239 - torchtitan.distributed.parallelism_context - INFO - Building device mesh with parallelism: pp=4, dp_replicate=1, dp_shard=1, cp=1, tp=1, ep=1
[rank0]:[titan] 2026-10-02 07:36:10,755 - torchtitan.distributed.parallelism_context - INFO - Successfully created meshes with active axes: ['pp']
[rank0]:[titan] 2026-10-02 07:36:10,758 - torchtitan.observability.metrics - INFO - CUDA capacity: NVIDIA H100 80GB HBM3 with 79.21GiB memory
[rank3]:[titan] 2026-10-02 07:36:10,756 - torchtitan.distributed.parallelism_context - INFO - Successfully created meshes with active axes: ['pp']
[rank3]:[titan] 2026-10-02 07:36:10,759 - torchtitan.observability.metrics - INFO - CUDA capacity: NVIDIA H100 80GB HBM3 with 79.21GiB memory
[rank2]:[titan] 2026-10-02 07:36:10,756 - torchtitan.distributed.parallelism_context - INFO - Successfully created meshes with active axes: ['pp']
[rank2]:[titan] 2026-10-02 07:36:10,760 - torchtitan.observability.metrics - INFO - CUDA capacity: NVIDIA H100 80GB HBM3 with 79.21GiB memory
[rank1]:[titan] 2026-10-02 07:36:10,756 - torchtitan.distributed.parallelism_context - INFO - Successfully created meshes with active axes: ['pp']
[rank1]:[titan] 2026-10-02 07:36:10,758 - torchtitan.observability.metrics - INFO - CUDA capacity: NVIDIA H100 80GB HBM3 with 79.21GiB memory
[rank1]:[titan] 2026-10-02 07:36:10,769 - torchtitan.config.configurable - WARNING - Config field value of type InterpolationMode may not be JSON serializable
[rank0]:[titan] 2026-10-02 07:36:10,768 - torchtitan.config.configurable - WARNING - Config field value of type InterpolationMode may not be JSON serializable
[rank0]:[titan] 2026-10-02 07:36:10,770 - torchtitan.tools.utils - WARNING - Error running lspci: [Errno 2] No such file or directory: 'lspci', fallback to use device_name
[rank0]:[titan] 2026-10-02 07:36:10,770 - torchtitan.components.tokenizer - INFO - Loading tokenizer from tokenizer.json
[rank3]:[titan] 2026-10-02 07:36:10,770 - torchtitan.config.configurable - WARNING - Config field value of type InterpolationMode may not be JSON serializable
[rank2]:[titan] 2026-10-02 07:36:10,771 - torchtitan.config.configurable - WARNING - Config field value of type InterpolationMode may not be JSON serializable
[rank3]:[titan] 2026-10-02 07:36:10,771 - torchtitan.tools.utils - WARNING - Error running lspci: [Errno 2] No such file or directory: 'lspci', fallback to use device_name
[rank2]:[titan] 2026-10-02 07:36:10,772 - torchtitan.tools.utils - WARNING - Error running lspci: [Errno 2] No such file or directory: 'lspci', fallback to use device_name
[rank2]:[titan] 2026-10-02 07:36:10,773 - torchtitan.components.tokenizer - INFO - Loading tokenizer from tokenizer.json
[rank3]:[titan] 2026-10-02 07:36:10,771 - torchtitan.components.tokenizer - INFO - Loading tokenizer from tokenizer.json
[rank1]:[titan] 2026-10-02 07:36:10,770 - torchtitan.tools.utils - WARNING - Error running lspci: [Errno 2] No such file or directory: 'lspci', fallback to use device_name
[rank1]:[titan] 2026-10-02 07:36:10,770 - torchtitan.components.tokenizer - INFO - Loading tokenizer from tokenizer.json
[rank0]:[titan] 2026-10-02 07:36:10,901 - torchtitan.protocols.state_dict_adapter - WARNING - model.safetensors.index.json not found at hf_assets_path: ./tests/assets/tokenizer/model.safetensors.index.json.                     Defaulting to saving a single safetensors file if checkpoint is saved in HF format
[rank0]:[titan] 2026-10-02 07:36:10,904 - torchtitan.models.utils - INFO - Total parameter count: 11,625,395,584, active parameters: 8,885,570,688
[rank2]:[titan] 2026-10-02 07:36:10,908 - torchtitan.protocols.state_dict_adapter - WARNING - model.safetensors.index.json not found at hf_assets_path: ./tests/assets/tokenizer/model.safetensors.index.json.                     Defaulting to saving a single safetensors file if checkpoint is saved in HF format
[rank2]:[titan] 2026-10-02 07:36:10,911 - torchtitan.models.utils - INFO - Total parameter count: 11,625,395,584, active parameters: 8,885,570,688
[rank1]:[titan] 2026-10-02 07:36:10,901 - torchtitan.protocols.state_dict_adapter - WARNING - model.safetensors.index.json not found at hf_assets_path: ./tests/assets/tokenizer/model.safetensors.index.json.                     Defaulting to saving a single safetensors file if checkpoint is saved in HF format
[rank1]:[titan] 2026-10-02 07:36:10,904 - torchtitan.models.utils - INFO - Total parameter count: 11,625,395,584, active parameters: 8,885,570,688
[rank0]:[titan] 2026-10-02 07:36:10,983 - torchtitan.distributed.pipeline_parallel - INFO - PP rank 0 is building stage_idx 0 with modules ['vision_encoder', 'tok_embeddings', 'layers.0']
[rank0]:[titan] 2026-10-02 07:36:11,051 - torchtitan.distributed.pipeline_parallel - INFO - PP rank 0 is building stage_idx 4 with modules ['layers.6']
[rank2]:[titan] 2026-10-02 07:36:10,991 - torchtitan.distributed.pipeline_parallel - INFO - PP rank 2 is building stage_idx 2 with modules ['layers.3', 'layers.4']
[rank2]:[titan] 2026-10-02 07:36:11,059 - torchtitan.distributed.pipeline_parallel - INFO - PP rank 2 is building stage_idx 6 with modules ['layers.8']
[rank1]:[titan] 2026-10-02 07:36:10,983 - torchtitan.distributed.pipeline_parallel - INFO - PP rank 1 is building stage_idx 1 with modules ['layers.1', 'layers.2']
[rank1]:[titan] 2026-10-02 07:36:11,050 - torchtitan.distributed.pipeline_parallel - INFO - PP rank 1 is building stage_idx 5 with modules ['layers.7']
[rank0]:[titan] 2026-10-02 07:36:11,115 - torchtitan.distributed.pipeline_parallel - INFO - PP rank 0 is building stage_idx 8 with modules ['layers.10']
[rank3]:[titan] 2026-10-02 07:36:11,119 - torchtitan.protocols.state_dict_adapter - WARNING - model.safetensors.index.json not found at hf_assets_path: ./tests/assets/tokenizer/model.safetensors.index.json.                     Defaulting to saving a single safetensors file if checkpoint is saved in HF format
[rank3]:[titan] 2026-10-02 07:36:11,123 - torchtitan.models.utils - INFO - Total parameter count: 11,625,395,584, active parameters: 8,885,570,688
[rank2]:[titan] 2026-10-02 07:36:11,124 - torchtitan.distributed.pipeline_parallel - INFO - PP rank 2 is building stage_idx 10 with modules ['layers.12']
[rank1]:[titan] 2026-10-02 07:36:11,115 - torchtitan.distributed.pipeline_parallel - INFO - PP rank 1 is building stage_idx 9 with modules ['layers.11']
[rank0]:[titan] 2026-10-02 07:36:11,182 - torchtitan.distributed.pipeline_parallel - INFO - PP rank 0 is building stage_idx 12 with modules ['layers.14']
[rank0]:[titan] 2026-10-02 07:36:11,199 - torchtitan.distributed.activation_checkpoint - INFO - Applied FullAC activation checkpointing to the model
[rank0]:[titan] 2026-10-02 07:36:11,199 - torchtitan.distributed.activation_checkpoint - INFO - Applied FullAC activation checkpointing to the model
[rank0]:[titan] 2026-10-02 07:36:11,240 - torchtitan.distributed.fsdp - INFO - Applied FSDP to the model
[rank0]:[titan] 2026-10-02 07:36:11,244 - torchtitan.distributed.activation_checkpoint - INFO - Applied FullAC activation checkpointing to the model
[rank0]:[titan] 2026-10-02 07:36:11,260 - torchtitan.distributed.fsdp - INFO - Applied FSDP to the model
[rank0]:[titan] 2026-10-02 07:36:11,264 - torchtitan.distributed.activation_checkpoint - INFO - Applied FullAC activation checkpointing to the model
[rank3]:[titan] 2026-10-02 07:36:11,195 - torchtitan.distributed.pipeline_parallel - INFO - PP rank 3 is building stage_idx 3 with modules ['layers.5']
[rank3]:[titan] 2026-10-02 07:36:11,261 - torchtitan.distributed.pipeline_parallel - INFO - PP rank 3 is building stage_idx 7 with modules ['layers.9']
[rank2]:[titan] 2026-10-02 07:36:11,190 - torchtitan.distributed.pipeline_parallel - INFO - PP rank 2 is building stage_idx 14 with modules ['layers.16']
[rank2]:[titan] 2026-10-02 07:36:11,210 - torchtitan.distributed.activation_checkpoint - INFO - Applied FullAC activation checkpointing to the model
[rank2]:[titan] 2026-10-02 07:36:11,256 - torchtitan.distributed.fsdp - INFO - Applied FSDP to the model
[rank2]:[titan] 2026-10-02 07:36:11,260 - torchtitan.distributed.activation_checkpoint - INFO - Applied FullAC activation checkpointing to the model
[rank2]:[titan] 2026-10-02 07:36:11,264 - torchtitan.distributed.fsdp - INFO - Applied FSDP to the model
[rank2]:[titan] 2026-10-02 07:36:11,268 - torchtitan.distributed.activation_checkpoint - INFO - Applied FullAC activation checkpointing to the model
[rank1]:[titan] 2026-10-02 07:36:11,181 - torchtitan.distributed.pipeline_parallel - INFO - PP rank 1 is building stage_idx 13 with modules ['layers.15']
[rank1]:[titan] 2026-10-02 07:36:11,198 - torchtitan.distributed.activation_checkpoint - INFO - Applied FullAC activation checkpointing to the model
[rank1]:[titan] 2026-10-02 07:36:11,239 - torchtitan.distributed.fsdp - INFO - Applied FSDP to the model
[rank1]:[titan] 2026-10-02 07:36:11,243 - torchtitan.distributed.activation_checkpoint - INFO - Applied FullAC activation checkpointing to the model
[rank1]:[titan] 2026-10-02 07:36:11,252 - torchtitan.distributed.fsdp - INFO - Applied FSDP to the model
[rank1]:[titan] 2026-10-02 07:36:11,256 - torchtitan.distributed.activation_checkpoint - INFO - Applied FullAC activation checkpointing to the model
[rank1]:[titan] 2026-10-02 07:36:11,259 - torchtitan.distributed.fsdp - INFO - Applied FSDP to the model
[rank1]:[titan] 2026-10-02 07:36:11,263 - torchtitan.distributed.activation_checkpoint - INFO - Applied FullAC activation checkpointing to the model
[rank1]:[titan] 2026-10-02 07:36:11,266 - torchtitan.distributed.fsdp - INFO - Applied FSDP to the model
[rank0]:[titan] 2026-10-02 07:36:11,268 - torchtitan.distributed.fsdp - INFO - Applied FSDP to the model
[rank0]:[titan] 2026-10-02 07:36:11,272 - torchtitan.distributed.activation_checkpoint - INFO - Applied FullAC activation checkpointing to the model
[rank0]:[titan] 2026-10-02 07:36:11,276 - torchtitan.distributed.fsdp - INFO - Applied FSDP to the model
[rank0]:[titan] 2026-10-02 07:36:11,281 - torchtitan.distributed.pipeline_parallel - INFO - Using pipeline schedule Interleaved1F1B with 16 microbatches and 16 stages.
[rank0]:[titan] 2026-10-02 07:36:11,281 - torchtitan.models.kimi_k3.pipeline_parallel - INFO - Kimi K3 pipeline: 4 stage(s) on this rank [0, 4, 8, 12], block transport delta with rank store
[rank2]:[rank2]:W1002 07:36:11.357000 24074 torch/distributed/tensor/_random.py:215] DTensor is synchronizing RNG states of every rank with the state from rank 0. This behavior is deprecated. Please call `torch.manual_seed()` on every rank that participates in SPMD DTensor Operations with the same seed. If using Pipeline Parallelism, each pipeline state would use a different seed, but all ranks belonging to one pipeline stage would use the same seed.
[rank3]:[titan] 2026-10-02 07:36:11,328 - torchtitan.distributed.pipeline_parallel - INFO - PP rank 3 is building stage_idx 11 with modules ['layers.13']
[rank2]:[titan] 2026-10-02 07:36:11,272 - torchtitan.distributed.fsdp - INFO - Applied FSDP to the model
[rank2]:[titan] 2026-10-02 07:36:11,276 - torchtitan.distributed.activation_checkpoint - INFO - Applied FullAC activation checkpointing to the model
[rank2]:[titan] 2026-10-02 07:36:11,279 - torchtitan.distributed.fsdp - INFO - Applied FSDP to the model
[rank2]:[titan] 2026-10-02 07:36:11,284 - torchtitan.distributed.pipeline_parallel - INFO - Using pipeline schedule Interleaved1F1B with 16 microbatches and 16 stages.
[rank2]:[titan] 2026-10-02 07:36:11,284 - torchtitan.models.kimi_k3.pipeline_parallel - INFO - Kimi K3 pipeline: 4 stage(s) on this rank [2, 6, 10, 14], block transport delta with rank store
[rank1]:[rank1]:W1002 07:36:11.343000 24073 torch/distributed/tensor/_random.py:215] DTensor is synchronizing RNG states of every rank with the state from rank 0. This behavior is deprecated. Please call `torch.manual_seed()` on every rank that participates in SPMD DTensor Operations with the same seed. If using Pipeline Parallelism, each pipeline state would use a different seed, but all ranks belonging to one pipeline stage would use the same seed.
[rank1]:[titan] 2026-10-02 07:36:11,270 - torchtitan.distributed.pipeline_parallel - INFO - Using pipeline schedule Interleaved1F1B with 16 microbatches and 16 stages.
[rank1]:[titan] 2026-10-02 07:36:11,271 - torchtitan.models.kimi_k3.pipeline_parallel - INFO - Kimi K3 pipeline: 4 stage(s) on this rank [1, 5, 9, 13], block transport delta with rank store
[rank3]:[titan] 2026-10-02 07:36:11,394 - torchtitan.distributed.pipeline_parallel - INFO - PP rank 3 is building stage_idx 15 with modules ['norm', 'lm_head', 'output_res_proj', 'output_res_norm']
[rank3]:[titan] 2026-10-02 07:36:11,411 - torchtitan.distributed.activation_checkpoint - INFO - Applied FullAC activation checkpointing to the model
[rank3]:[titan] 2026-10-02 07:36:11,448 - torchtitan.distributed.fsdp - INFO - Applied FSDP to the model
[rank3]:[titan] 2026-10-02 07:36:11,452 - torchtitan.distributed.activation_checkpoint - INFO - Applied FullAC activation checkpointing to the model
[rank3]:[titan] 2026-10-02 07:36:11,457 - torchtitan.distributed.fsdp - INFO - Applied FSDP to the model
[rank3]:[titan] 2026-10-02 07:36:11,461 - torchtitan.distributed.activation_checkpoint - INFO - Applied FullAC activation checkpointing to the model
[rank3]:[titan] 2026-10-02 07:36:11,465 - torchtitan.distributed.fsdp - INFO - Applied FSDP to the model
[rank3]:[titan] 2026-10-02 07:36:11,467 - torchtitan.distributed.activation_checkpoint - INFO - Applied FullAC activation checkpointing to the model
[rank3]:[rank3]:W1002 07:36:11.531000 24075 torch/distributed/tensor/_random.py:215] DTensor is synchronizing RNG states of every rank with the state from rank 0. This behavior is deprecated. Please call `torch.manual_seed()` on every rank that participates in SPMD DTensor Operations with the same seed. If using Pipeline Parallelism, each pipeline state would use a different seed, but all ranks belonging to one pipeline stage would use the same seed.
[rank3]:[titan] 2026-10-02 07:36:11,469 - torchtitan.distributed.fsdp - INFO - Applied FSDP to the model
[rank3]:[titan] 2026-10-02 07:36:11,474 - torchtitan.distributed.pipeline_parallel - INFO - Using pipeline schedule Interleaved1F1B with 16 microbatches and 16 stages.
[rank3]:[titan] 2026-10-02 07:36:11,474 - torchtitan.models.kimi_k3.pipeline_parallel - INFO - Kimi K3 pipeline: 4 stage(s) on this rank [3, 7, 11, 15], block transport delta with rank store
[rank2]:[titan] 2026-10-02 07:36:11,596 - torchtitan.training_engine - INFO - Model KimiK3Model.Config size: 11,625,395,584 total parameters
[rank2]:[titan] 2026-10-02 07:36:11,597 - torchtitan.components.optim.optimizer - INFO - Optimizer AdamW (model_part=0): 50 params [.*] {'lr': 0.0008, 'betas': (0.9, 0.95), 'eps': 1e-08, 'weight_decay': 0.1, 'foreach': None, 'fused': True}
[rank2]:[titan] 2026-10-02 07:36:11,598 - torchtitan.components.optim.optimizer - INFO - Optimizer AdamW (model_part=1): 28 params [.*] {'lr': 0.0008, 'betas': (0.9, 0.95), 'eps': 1e-08, 'weight_decay': 0.1, 'foreach': None, 'fused': True}
[rank2]:[titan] 2026-10-02 07:36:11,598 - torchtitan.components.optim.optimizer - INFO - Optimizer AdamW (model_part=2): 28 params [.*] {'lr': 0.0008, 'betas': (0.9, 0.95), 'eps': 1e-08, 'weight_decay': 0.1, 'foreach': None, 'fused': True}
[rank2]:[titan] 2026-10-02 07:36:11,598 - torchtitan.components.optim.optimizer - INFO - Optimizer AdamW (model_part=3): 22 params [.*] {'lr': 0.0008, 'betas': (0.9, 0.95), 'eps': 1e-08, 'weight_decay': 0.1, 'foreach': None, 'fused': True}
[rank2]:[titan] 2026-10-02 07:36:11,599 - torchtitan.observability.metrics - WARNING - [31mPipeline Parallel loss is not visible. Please add [33mrank 3[31m to LOG_RANK environment variable in run_train.sh.[39m
[rank2]:[titan] 2026-10-02 07:36:11,599 - torchtitan.trainer - INFO - Peak FLOPS used for computing MFU: 9.890e+14
[rank2]:[titan] 2026-10-02 07:36:11,599 - torchtitan.trainer - INFO - CUDA memory usage for model: 6.43GiB(8.12%)
[rank2]:[titan] 2026-10-02 07:36:11,599 - torchtitan.trainer - INFO - Trainer is initialized with 32768 tokens per DP rank, 32768 tokens per train step, gradient accumulation steps 1, maximum context length 2048, total steps 20 (warmup 2)
[rank2]:[titan] 2026-10-02 07:36:11,599 - torchtitan.trainer - INFO - Training starts at step 1
[rank1]:[titan] 2026-10-02 07:36:11,576 - torchtitan.training_engine - INFO - Model KimiK3Model.Config size: 11,625,395,584 total parameters
[rank1]:[titan] 2026-10-02 07:36:11,577 - torchtitan.components.optim.optimizer - INFO - Optimizer AdamW (model_part=0): 56 params [.*] {'lr': 0.0008, 'betas': (0.9, 0.95), 'eps': 1e-08, 'weight_decay': 0.1, 'foreach': None, 'fused': True}
[rank1]:[titan] 2026-10-02 07:36:11,578 - torchtitan.components.optim.optimizer - INFO - Optimizer AdamW (model_part=1): 22 params [.*] {'lr': 0.0008, 'betas': (0.9, 0.95), 'eps': 1e-08, 'weight_decay': 0.1, 'foreach': None, 'fused': True}
[rank1]:[titan] 2026-10-02 07:36:11,578 - torchtitan.components.optim.optimizer - INFO - Optimizer AdamW (model_part=2): 22 params [.*] {'lr': 0.0008, 'betas': (0.9, 0.95), 'eps': 1e-08, 'weight_decay': 0.1, 'foreach': None, 'fused': True}
[rank1]:[titan] 2026-10-02 07:36:11,578 - torchtitan.components.optim.optimizer - INFO - Optimizer AdamW (model_part=3): 22 params [.*] {'lr': 0.0008, 'betas': (0.9, 0.95), 'eps': 1e-08, 'weight_decay': 0.1, 'foreach': None, 'fused': True}
[rank1]:[titan] 2026-10-02 07:36:11,579 - torchtitan.observability.metrics - WARNING - [31mPipeline Parallel loss is not visible. Please add [33mrank 3[31m to LOG_RANK environment variable in run_train.sh.[39m
[rank1]:[titan] 2026-10-02 07:36:11,579 - torchtitan.trainer - INFO - Peak FLOPS used for computing MFU: 9.890e+14
[rank1]:[titan] 2026-10-02 07:36:11,579 - torchtitan.trainer - INFO - CUDA memory usage for model: 6.00GiB(7.57%)
[rank1]:[titan] 2026-10-02 07:36:11,579 - torchtitan.trainer - INFO - Trainer is initialized with 32768 tokens per DP rank, 32768 tokens per train step, gradient accumulation steps 1, maximum context length 2048, total steps 20 (warmup 2)
[rank1]:[titan] 2026-10-02 07:36:11,580 - torchtitan.trainer - INFO - Training starts at step 1
[rank0]:[titan] 2026-10-02 07:36:11,667 - torchtitan.training_engine - INFO - Model KimiK3Model.Config size: 11,625,395,584 total parameters
[rank0]:[titan] 2026-10-02 07:36:11,668 - torchtitan.components.optim.optimizer - INFO - Optimizer AdamW (model_part=0): 43 params [.*] {'lr': 0.0008, 'betas': (0.9, 0.95), 'eps': 1e-08, 'weight_decay': 0.1, 'foreach': None, 'fused': True}
[rank0]:[titan] 2026-10-02 07:36:11,669 - torchtitan.components.optim.optimizer - INFO - Optimizer AdamW (model_part=1): 28 params [.*] {'lr': 0.0008, 'betas': (0.9, 0.95), 'eps': 1e-08, 'weight_decay': 0.1, 'foreach': None, 'fused': True}
[rank0]:[titan] 2026-10-02 07:36:11,669 - torchtitan.components.optim.optimizer - INFO - Optimizer AdamW (model_part=2): 28 params [.*] {'lr': 0.0008, 'betas': (0.9, 0.95), 'eps': 1e-08, 'weight_decay': 0.1, 'foreach': None, 'fused': True}
[rank0]:[titan] 2026-10-02 07:36:11,669 - torchtitan.components.optim.optimizer - INFO - Optimizer AdamW (model_part=3): 28 params [.*] {'lr': 0.0008, 'betas': (0.9, 0.95), 'eps': 1e-08, 'weight_decay': 0.1, 'foreach': None, 'fused': True}
[rank0]:[titan] 2026-10-02 07:36:11,670 - torchtitan.observability.metrics - WARNING - [31mPipeline Parallel loss is not visible. Please add [33mrank 3[31m to LOG_RANK environment variable in run_train.sh.[39m
[rank0]:[titan] 2026-10-02 07:36:11,670 - torchtitan.trainer - INFO - Peak FLOPS used for computing MFU: 9.890e+14
[rank0]:[titan] 2026-10-02 07:36:11,670 - torchtitan.trainer - INFO - CUDA memory usage for model: 5.63GiB(7.11%)
[rank0]:[titan] 2026-10-02 07:36:11,670 - torchtitan.trainer - INFO - Trainer is initialized with 32768 tokens per DP rank, 32768 tokens per train step, gradient accumulation steps 1, maximum context length 2048, total steps 20 (warmup 2)
[rank0]:[titan] 2026-10-02 07:36:11,671 - torchtitan.trainer - INFO - Training starts at step 1
[rank3]:[titan] 2026-10-02 07:36:11,792 - torchtitan.training_engine - INFO - Model KimiK3Model.Config size: 11,625,395,584 total parameters
[rank3]:[titan] 2026-10-02 07:36:11,794 - torchtitan.components.optim.optimizer - INFO - Optimizer AdamW (model_part=0): 28 params [.*] {'lr': 0.0008, 'betas': (0.9, 0.95), 'eps': 1e-08, 'weight_decay': 0.1, 'foreach': None, 'fused': True}
[rank3]:[titan] 2026-10-02 07:36:11,794 - torchtitan.components.optim.optimizer - INFO - Optimizer AdamW (model_part=1): 28 params [.*] {'lr': 0.0008, 'betas': (0.9, 0.95), 'eps': 1e-08, 'weight_decay': 0.1, 'foreach': None, 'fused': True}
[rank3]:[titan] 2026-10-02 07:36:11,794 - torchtitan.components.optim.optimizer - INFO - Optimizer AdamW (model_part=2): 28 params [.*] {'lr': 0.0008, 'betas': (0.9, 0.95), 'eps': 1e-08, 'weight_decay': 0.1, 'foreach': None, 'fused': True}
[rank3]:[titan] 2026-10-02 07:36:11,794 - torchtitan.components.optim.optimizer - INFO - Optimizer AdamW (model_part=3): 4 params [.*] {'lr': 0.0008, 'betas': (0.9, 0.95), 'eps': 1e-08, 'weight_decay': 0.1, 'foreach': None, 'fused': True}
[rank3]:[titan] 2026-10-02 07:36:11,795 - torchtitan.observability.metrics - WARNING - [31mPipeline Parallel loss is not visible. Please add [33mrank 3[31m to LOG_RANK environment variable in run_train.sh.[39m
[rank3]:[titan] 2026-10-02 07:36:11,795 - torchtitan.trainer - INFO - Peak FLOPS used for computing MFU: 9.890e+14
[rank3]:[titan] 2026-10-02 07:36:11,795 - torchtitan.trainer - INFO - CUDA memory usage for model: 4.46GiB(5.63%)
[rank3]:[titan] 2026-10-02 07:36:11,795 - torchtitan.trainer - INFO - Trainer is initialized with 32768 tokens per DP rank, 32768 tokens per train step, gradient accumulation steps 1, maximum context length 2048, total steps 20 (warmup 2)
[rank3]:[titan] 2026-10-02 07:36:11,796 - torchtitan.trainer - INFO - Training starts at step 1
[rank1]:/root/mep/venv_src/lib/python3.12/site-packages/torch/distributed/fsdp/_fully_shard/_fsdp_state.py:336: UserWarning: FSDP2-wrapped module (FSDPCheckpointWrapper) returned a view tensor. An in-place op on this view (e.g., `x += y`) will silently drop the pre-backward hook and skip the all-gather, which can cause backward to fail or produce wrong gradients. Use out-of-place ops (`out = out + y`, not `out += y`) or `.clone()` the output before any in-place op.
[rank1]:  output = self._register_pre_backward_hook(output)
[rank1]:/root/mep/venv_src/lib/python3.12/site-packages/torch/distributed/fsdp/_fully_shard/_fsdp_state.py:336: UserWarning: FSDP2-wrapped module (FSDPKimiK3Model) returned a view tensor. An in-place op on this view (e.g., `x += y`) will silently drop the pre-backward hook and skip the all-gather, which can cause backward to fail or produce wrong gradients. Use out-of-place ops (`out = out + y`, not `out += y`) or `.clone()` the output before any in-place op.
[rank1]:  output = self._register_pre_backward_hook(output)
[rank2]:/root/mep/venv_src/lib/python3.12/site-packages/torch/distributed/fsdp/_fully_shard/_fsdp_state.py:336: UserWarning: FSDP2-wrapped module (FSDPCheckpointWrapper) returned a view tensor. An in-place op on this view (e.g., `x += y`) will silently drop the pre-backward hook and skip the all-gather, which can cause backward to fail or produce wrong gradients. Use out-of-place ops (`out = out + y`, not `out += y`) or `.clone()` the output before any in-place op.
[rank2]:  output = self._register_pre_backward_hook(output)
[rank3]:/root/mep/venv_src/lib/python3.12/site-packages/torch/distributed/fsdp/_fully_shard/_fsdp_state.py:336: UserWarning: FSDP2-wrapped module (FSDPCheckpointWrapper) returned a view tensor. An in-place op on this view (e.g., `x += y`) will silently drop the pre-backward hook and skip the all-gather, which can cause backward to fail or produce wrong gradients. Use out-of-place ops (`out = out + y`, not `out += y`) or `.clone()` the output before any in-place op.
[rank3]:  output = self._register_pre_backward_hook(output)
[rank3]:/root/mep/venv_src/lib/python3.12/site-packages/torch/distributed/fsdp/_fully_shard/_fsdp_state.py:336: UserWarning: FSDP2-wrapped module (FSDPKimiK3Model) returned a view tensor. An in-place op on this view (e.g., `x += y`) will silently drop the pre-backward hook and skip the all-gather, which can cause backward to fail or produce wrong gradients. Use out-of-place ops (`out = out + y`, not `out += y`) or `.clone()` the output before any in-place op.
[rank3]:  output = self._register_pre_backward_hook(output)
[rank0]:/root/mep/venv_src/lib/python3.12/site-packages/torch/distributed/fsdp/_fully_shard/_fsdp_state.py:336: UserWarning: FSDP2-wrapped module (FSDPCheckpointWrapper) returned a view tensor. An in-place op on this view (e.g., `x += y`) will silently drop the pre-backward hook and skip the all-gather, which can cause backward to fail or produce wrong gradients. Use out-of-place ops (`out = out + y`, not `out += y`) or `.clone()` the output before any in-place op.
[rank0]:  output = self._register_pre_backward_hook(output)
[rank0]:/root/mep/venv_src/lib/python3.12/site-packages/torch/distributed/fsdp/_fully_shard/_fsdp_state.py:336: UserWarning: FSDP2-wrapped module (FSDPKimiK3Model) returned a view tensor. An in-place op on this view (e.g., `x += y`) will silently drop the pre-backward hook and skip the all-gather, which can cause backward to fail or produce wrong gradients. Use out-of-place ops (`out = out + y`, not `out += y`) or `.clone()` the output before any in-place op.
[rank0]:  output = self._register_pre_backward_hook(output)
[rank1]:/root/mep/venv_src/lib/python3.12/site-packages/torch/distributed/fsdp/_fully_shard/_fsdp_state.py:336: UserWarning: FSDP2-wrapped module (FSDPCheckpointWrapper) returned a view tensor. An in-place op on this view (e.g., `x += y`) will silently drop the pre-backward hook and skip the all-gather, which can cause backward to fail or produce wrong gradients. Use out-of-place ops (`out = out + y`, not `out += y`) or `.clone()` the output before any in-place op.
[rank1]:  output = self._register_pre_backward_hook(output)
[rank1]:/root/mep/venv_src/lib/python3.12/site-packages/torch/distributed/fsdp/_fully_shard/_fsdp_state.py:336: UserWarning: FSDP2-wrapped module (FSDPKimiK3Model) returned a view tensor. An in-place op on this view (e.g., `x += y`) will silently drop the pre-backward hook and skip the all-gather, which can cause backward to fail or produce wrong gradients. Use out-of-place ops (`out = out + y`, not `out += y`) or `.clone()` the output before any in-place op.
[rank1]:  output = self._register_pre_backward_hook(output)
[rank0]:/root/mep/venv_src/lib/python3.12/site-packages/torch/distributed/fsdp/_fully_shard/_fsdp_state.py:336: UserWarning: FSDP2-wrapped module (FSDPCheckpointWrapper) returned a view tensor. An in-place op on this view (e.g., `x += y`) will silently drop the pre-backward hook and skip the all-gather, which can cause backward to fail or produce wrong gradients. Use out-of-place ops (`out = out + y`, not `out += y`) or `.clone()` the output before any in-place op.
[rank0]:  output = self._register_pre_backward_hook(output)
[rank0]:/root/mep/venv_src/lib/python3.12/site-packages/torch/distributed/fsdp/_fully_shard/_fsdp_state.py:336: UserWarning: FSDP2-wrapped module (FSDPKimiK3Model) returned a view tensor. An in-place op on this view (e.g., `x += y`) will silently drop the pre-backward hook and skip the all-gather, which can cause backward to fail or produce wrong gradients. Use out-of-place ops (`out = out + y`, not `out += y`) or `.clone()` the output before any in-place op.
[rank0]:  output = self._register_pre_backward_hook(output)
[rank3]:[titan] 2026-10-02 07:37:00,535 - torchtitan.observability.metrics - INFO - [31mstep:  1  [32mloss:  8.15875  [38;2;180;60;0mgrad_norm: 42.0000  [38;2;54;234;195mmemory: 44.22GiB(55.83%)  [34mtps: 165  [36mtflops: 8.99  [35mmfu: 0.91%[39m
[rank3]:[titan] 2026-10-02 07:37:00,535 - torchtitan.distributed.utils - INFO - Synchronizing and adjusting timeout for all ProcessGroups to 0:01:40
[rank0]:[titan] 2026-10-02 07:37:00,571 - torchtitan.observability.metrics - INFO - [31mstep:  1  [32mloss: -1.00000  [38;2;180;60;0mgrad_norm: 42.0000  [38;2;54;234;195mmemory: 48.60GiB(61.36%)  [34mtps: 164  [36mtflops: 8.98  [35mmfu: 0.91%[39m
[rank0]:[titan] 2026-10-02 07:37:00,572 - torchtitan.distributed.utils - INFO - Synchronizing and adjusting timeout for all ProcessGroups to 0:01:40
[rank1]:[titan] 2026-10-02 07:37:00,586 - torchtitan.observability.metrics - INFO - [31mstep:  1  [32mloss: -1.00000  [38;2;180;60;0mgrad_norm: 42.0000  [38;2;54;234;195mmemory: 49.12GiB(62.02%)  [34mtps: 164  [36mtflops: 8.98  [35mmfu: 0.91%[39m
[rank1]:[titan] 2026-10-02 07:37:00,586 - torchtitan.distributed.utils - INFO - Synchronizing and adjusting timeout for all ProcessGroups to 0:01:40
[rank2]:[titan] 2026-10-02 07:37:00,579 - torchtitan.observability.metrics - INFO - [31mstep:  1  [32mloss: -1.00000  [38;2;180;60;0mgrad_norm: 42.0000  [38;2;54;234;195mmemory: 53.48GiB(67.52%)  [34mtps: 164  [36mtflops: 8.98  [35mmfu: 0.91%[39m
[rank2]:[titan] 2026-10-02 07:37:00,580 - torchtitan.distributed.utils - INFO - Synchronizing and adjusting timeout for all ProcessGroups to 0:01:40
[rank0]:[titan] 2026-10-02 07:37:03,766 - torchtitan.observability.metrics - INFO - [31mstep:  2  [32mloss: -1.00000  [38;2;180;60;0mgrad_norm: 50.0000  [38;2;54;234;195mmemory: 58.93GiB(74.40%)  [34mtps: 2,565  [36mtflops: 140.04  [35mmfu: 14.16%[39m
[rank1]:[titan] 2026-10-02 07:37:03,767 - torchtitan.observability.metrics - INFO - [31mstep:  2  [32mloss: -1.00000  [38;2;180;60;0mgrad_norm: 50.0000  [38;2;54;234;195mmemory: 60.52GiB(76.41%)  [34mtps: 2,575  [36mtflops: 140.61  [35mmfu: 14.22%[39m
[rank2]:[titan] 2026-10-02 07:37:03,768 - torchtitan.observability.metrics - INFO - [31mstep:  2  [32mloss: -1.00000  [38;2;180;60;0mgrad_norm: 50.0000  [38;2;54;234;195mmemory: 65.89GiB(83.19%)  [34mtps: 2,569  [36mtflops: 140.27  [35mmfu: 14.18%[39m
[rank3]:[titan] 2026-10-02 07:37:03,762 - torchtitan.observability.metrics - INFO - [31mstep:  2  [32mloss:  6.26960  [38;2;180;60;0mgrad_norm: 50.0000  [38;2;54;234;195mmemory: 52.77GiB(66.62%)  [34mtps: 2,539  [36mtflops: 138.60  [35mmfu: 14.01%[39m
[rank0]:[titan] 2026-10-02 07:37:06,735 - torchtitan.observability.metrics - INFO - [31mstep:  3  [32mloss: -1.00000  [38;2;180;60;0mgrad_norm: 298.0000  [38;2;54;234;195mmemory: 58.93GiB(74.40%)  [34mtps: 2,760  [36mtflops: 150.66  [35mmfu: 15.23%[39m
[rank1]:[titan] 2026-10-02 07:37:06,736 - torchtitan.observability.metrics - INFO - [31mstep:  3  [32mloss: -1.00000  [38;2;180;60;0mgrad_norm: 298.0000  [38;2;54;234;195mmemory: 60.52GiB(76.41%)  [34mtps: 2,760  [36mtflops: 150.67  [35mmfu: 15.23%[39m
[rank2]:[titan] 2026-10-02 07:37:06,737 - torchtitan.observability.metrics - INFO - [31mstep:  3  [32mloss: -1.00000  [38;2;180;60;0mgrad_norm: 298.0000  [38;2;54;234;195mmemory: 65.89GiB(83.19%)  [34mtps: 2,760  [36mtflops: 150.66  [35mmfu: 15.23%[39m
[rank3]:[titan] 2026-10-02 07:37:06,731 - torchtitan.observability.metrics - INFO - [31mstep:  3  [32mloss:  8.83835  [38;2;180;60;0mgrad_norm: 298.0000  [38;2;54;234;195mmemory: 52.77GiB(66.62%)  [34mtps: 2,760  [36mtflops: 150.67  [35mmfu: 15.23%[39m
[rank1]:[titan] 2026-10-02 07:37:09,689 - torchtitan.observability.metrics - INFO - [31mstep:  4  [32mloss: -1.00000  [38;2;180;60;0mgrad_norm: 43.0000  [38;2;54;234;195mmemory: 60.52GiB(76.41%)  [34mtps: 2,775  [36mtflops: 151.48  [35mmfu: 15.32%[39m
[rank2]:[titan] 2026-10-02 07:37:09,690 - torchtitan.observability.metrics - INFO - [31mstep:  4  [32mloss: -1.00000  [38;2;180;60;0mgrad_norm: 43.0000  [38;2;54;234;195mmemory: 65.89GiB(83.19%)  [34mtps: 2,774  [36mtflops: 151.47  [35mmfu: 15.32%[39m
[rank3]:[titan] 2026-10-02 07:37:09,684 - torchtitan.observability.metrics - INFO - [31mstep:  4  [32mloss:  6.43345  [38;2;180;60;0mgrad_norm: 43.0000  [38;2;54;234;195mmemory: 52.77GiB(66.62%)  [34mtps: 2,775  [36mtflops: 151.48  [35mmfu: 15.32%[39m
[rank0]:[titan] 2026-10-02 07:37:09,687 - torchtitan.observability.metrics - INFO - [31mstep:  4  [32mloss: -1.00000  [38;2;180;60;0mgrad_norm: 43.0000  [38;2;54;234;195mmemory: 58.93GiB(74.40%)  [34mtps: 2,775  [36mtflops: 151.48  [35mmfu: 15.32%[39m
[rank0]:[titan] 2026-10-02 07:37:12,682 - torchtitan.observability.metrics - INFO - [31mstep:  5  [32mloss: -1.00000  [38;2;180;60;0mgrad_norm: 101.5000  [38;2;54;234;195mmemory: 58.93GiB(74.40%)  [34mtps: 2,736  [36mtflops: 149.37  [35mmfu: 15.10%[39m
[rank2]:[titan] 2026-10-02 07:37:12,686 - torchtitan.observability.metrics - INFO - [31mstep:  5  [32mloss: -1.00000  [38;2;180;60;0mgrad_norm: 101.5000  [38;2;54;234;195mmemory: 65.89GiB(83.19%)  [34mtps: 2,736  [36mtflops: 149.35  [35mmfu: 15.10%[39m
[rank1]:[titan] 2026-10-02 07:37:12,683 - torchtitan.observability.metrics - INFO - [31mstep:  5  [32mloss: -1.00000  [38;2;180;60;0mgrad_norm: 101.5000  [38;2;54;234;195mmemory: 60.52GiB(76.41%)  [34mtps: 2,736  [36mtflops: 149.37  [35mmfu: 15.10%[39m
[rank3]:[titan] 2026-10-02 07:37:12,678 - torchtitan.observability.metrics - INFO - [31mstep:  5  [32mloss:  8.02263  [38;2;180;60;0mgrad_norm: 101.5000  [38;2;54;234;195mmemory: 52.77GiB(66.62%)  [34mtps: 2,736  [36mtflops: 149.37  [35mmfu: 15.10%[39m
[rank0]:[titan] 2026-10-02 07:37:15,668 - torchtitan.observability.metrics - INFO - [31mstep:  6  [32mloss: -1.00000  [38;2;180;60;0mgrad_norm: 200.0000  [38;2;54;234;195mmemory: 58.93GiB(74.40%)  [34mtps: 2,744  [36mtflops: 149.82  [35mmfu: 15.15%[39m
[rank2]:[titan] 2026-10-02 07:37:15,671 - torchtitan.observability.metrics - INFO - [31mstep:  6  [32mloss: -1.00000  [38;2;180;60;0mgrad_norm: 200.0000  [38;2;54;234;195mmemory: 65.89GiB(83.19%)  [34mtps: 2,745  [36mtflops: 149.85  [35mmfu: 15.15%[39m
[rank1]:[titan] 2026-10-02 07:37:15,669 - torchtitan.observability.metrics - INFO - [31mstep:  6  [32mloss: -1.00000  [38;2;180;60;0mgrad_norm: 200.0000  [38;2;54;234;195mmemory: 60.52GiB(76.41%)  [34mtps: 2,744  [36mtflops: 149.82  [35mmfu: 15.15%[39m
[rank3]:[titan] 2026-10-02 07:37:15,664 - torchtitan.observability.metrics - INFO - [31mstep:  6  [32mloss:  8.86157  [38;2;180;60;0mgrad_norm: 200.0000  [38;2;54;234;195mmemory: 52.77GiB(66.62%)  [34mtps: 2,744  [36mtflops: 149.82  [35mmfu: 15.15%[39m
[rank0]:[titan] 2026-10-02 07:37:18,642 - torchtitan.observability.metrics - INFO - [31mstep:  7  [32mloss: -1.00000  [38;2;180;60;0mgrad_norm: 54.7500  [38;2;54;234;195mmemory: 58.93GiB(74.40%)  [34mtps: 2,755  [36mtflops: 150.41  [35mmfu: 15.21%[39m
[rank2]:[titan] 2026-10-02 07:37:18,645 - torchtitan.observability.metrics - INFO - [31mstep:  7  [32mloss: -1.00000  [38;2;180;60;0mgrad_norm: 54.7500  [38;2;54;234;195mmemory: 65.89GiB(83.19%)  [34mtps: 2,755  [36mtflops: 150.41  [35mmfu: 15.21%[39m
[rank1]:[titan] 2026-10-02 07:37:18,643 - torchtitan.observability.metrics - INFO - [31mstep:  7  [32mloss: -1.00000  [38;2;180;60;0mgrad_norm: 54.7500  [38;2;54;234;195mmemory: 60.52GiB(76.41%)  [34mtps: 2,755  [36mtflops: 150.40  [35mmfu: 15.21%[39m
[rank3]:[titan] 2026-10-02 07:37:18,638 - torchtitan.observability.metrics - INFO - [31mstep:  7  [32mloss:  6.30933  [38;2;180;60;0mgrad_norm: 54.7500  [38;2;54;234;195mmemory: 52.77GiB(66.62%)  [34mtps: 2,755  [36mtflops: 150.40  [35mmfu: 15.21%[39m
[rank0]:[titan] 2026-10-02 07:37:21,638 - torchtitan.observability.metrics - INFO - [31mstep:  8  [32mloss: -1.00000  [38;2;180;60;0mgrad_norm: 78.0000  [38;2;54;234;195mmemory: 58.93GiB(74.40%)  [34mtps: 2,734  [36mtflops: 149.28  [35mmfu: 15.09%[39m
[rank2]:[titan] 2026-10-02 07:37:21,641 - torchtitan.observability.metrics - INFO - [31mstep:  8  [32mloss: -1.00000  [38;2;180;60;0mgrad_norm: 78.0000  [38;2;54;234;195mmemory: 65.89GiB(83.19%)  [34mtps: 2,734  [36mtflops: 149.28  [35mmfu: 15.09%[39m
[rank1]:[titan] 2026-10-02 07:37:21,640 - torchtitan.observability.metrics - INFO - [31mstep:  8  [32mloss: -1.00000  [38;2;180;60;0mgrad_norm: 78.0000  [38;2;54;234;195mmemory: 60.52GiB(76.41%)  [34mtps: 2,734  [36mtflops: 149.28  [35mmfu: 15.09%[39m
[rank3]:[titan] 2026-10-02 07:37:21,634 - torchtitan.observability.metrics - INFO - [31mstep:  8  [32mloss:  5.81791  [38;2;180;60;0mgrad_norm: 78.0000  [38;2;54;234;195mmemory: 52.77GiB(66.62%)  [34mtps: 2,734  [36mtflops: 149.28  [35mmfu: 15.09%[39m
[rank2]:[titan] 2026-10-02 07:37:24,619 - torchtitan.observability.metrics - INFO - [31mstep:  9  [32mloss: -1.00000  [38;2;180;60;0mgrad_norm: 39.0000  [38;2;54;234;195mmemory: 65.89GiB(83.19%)  [34mtps: 2,751  [36mtflops: 150.20  [35mmfu: 15.19%[39m
[rank1]:[titan] 2026-10-02 07:37:24,618 - torchtitan.observability.metrics - INFO - [31mstep:  9  [32mloss: -1.00000  [38;2;180;60;0mgrad_norm: 39.0000  [38;2;54;234;195mmemory: 60.52GiB(76.41%)  [34mtps: 2,751  [36mtflops: 150.19  [35mmfu: 15.19%[39m
[rank3]:[titan] 2026-10-02 07:37:24,613 - torchtitan.observability.metrics - INFO - [31mstep:  9  [32mloss:  6.57759  [38;2;180;60;0mgrad_norm: 39.0000  [38;2;54;234;195mmemory: 52.77GiB(66.62%)  [34mtps: 2,751  [36mtflops: 150.20  [35mmfu: 15.19%[39m
[rank0]:[titan] 2026-10-02 07:37:24,616 - torchtitan.observability.metrics - INFO - [31mstep:  9  [32mloss: -1.00000  [38;2;180;60;0mgrad_norm: 39.0000  [38;2;54;234;195mmemory: 58.93GiB(74.40%)  [34mtps: 2,751  [36mtflops: 150.19  [35mmfu: 15.19%[39m
[rank2]:[titan] 2026-10-02 07:37:27,624 - torchtitan.observability.metrics - INFO - [31mstep: 10  [32mloss: -1.00000  [38;2;180;60;0mgrad_norm: 38.7500  [38;2;54;234;195mmemory: 65.89GiB(83.19%)  [34mtps: 2,727  [36mtflops: 148.88  [35mmfu: 15.05%[39m
[rank1]:[titan] 2026-10-02 07:37:27,622 - torchtitan.observability.metrics - INFO - [31mstep: 10  [32mloss: -1.00000  [38;2;180;60;0mgrad_norm: 38.7500  [38;2;54;234;195mmemory: 60.52GiB(76.41%)  [34mtps: 2,727  [36mtflops: 148.88  [35mmfu: 15.05%[39m
[rank3]:[titan] 2026-10-02 07:37:27,617 - torchtitan.observability.metrics - INFO - [31mstep: 10  [32mloss:  8.16675  [38;2;180;60;0mgrad_norm: 38.7500  [38;2;54;234;195mmemory: 52.77GiB(66.62%)  [34mtps: 2,727  [36mtflops: 148.88  [35mmfu: 15.05%[39m
[rank0]:[titan] 2026-10-02 07:37:27,621 - torchtitan.observability.metrics - INFO - [31mstep: 10  [32mloss: -1.00000  [38;2;180;60;0mgrad_norm: 38.7500  [38;2;54;234;195mmemory: 58.93GiB(74.40%)  [34mtps: 2,727  [36mtflops: 148.87  [35mmfu: 15.05%[39m
[rank0]:[titan] 2026-10-02 07:37:30,577 - torchtitan.observability.metrics - INFO - [31mstep: 11  [32mloss: -1.00000  [38;2;180;60;0mgrad_norm: 33.5000  [38;2;54;234;195mmemory: 58.93GiB(74.40%)  [34mtps: 2,772  [36mtflops: 151.32  [35mmfu: 15.30%[39m
[rank2]:[titan] 2026-10-02 07:37:30,580 - torchtitan.observability.metrics - INFO - [31mstep: 11  [32mloss: -1.00000  [38;2;180;60;0mgrad_norm: 33.5000  [38;2;54;234;195mmemory: 65.89GiB(83.19%)  [34mtps: 2,772  [36mtflops: 151.33  [35mmfu: 15.30%[39m
[rank1]:[titan] 2026-10-02 07:37:30,578 - torchtitan.observability.metrics - INFO - [31mstep: 11  [32mloss: -1.00000  [38;2;180;60;0mgrad_norm: 33.5000  [38;2;54;234;195mmemory: 60.52GiB(76.41%)  [34mtps: 2,772  [36mtflops: 151.32  [35mmfu: 15.30%[39m
[rank3]:[titan] 2026-10-02 07:37:30,573 - torchtitan.observability.metrics - INFO - [31mstep: 11  [32mloss:  7.93641  [38;2;180;60;0mgrad_norm: 33.5000  [38;2;54;234;195mmemory: 52.77GiB(66.62%)  [34mtps: 2,772  [36mtflops: 151.32  [35mmfu: 15.30%[39m
[rank3]:[titan] 2026-10-02 07:37:33,539 - torchtitan.observability.metrics - INFO - [31mstep: 12  [32mloss:  6.94517  [38;2;180;60;0mgrad_norm: 24.6250  [38;2;54;234;195mmemory: 52.77GiB(66.62%)  [34mtps: 2,763  [36mtflops: 150.85  [35mmfu: 15.25%[39m
[rank0]:[titan] 2026-10-02 07:37:33,542 - torchtitan.observability.metrics - INFO - [31mstep: 12  [32mloss: -1.00000  [38;2;180;60;0mgrad_norm: 24.6250  [38;2;54;234;195mmemory: 59.40GiB(74.99%)  [34mtps: 2,763  [36mtflops: 150.85  [35mmfu: 15.25%[39m
[rank2]:[titan] 2026-10-02 07:37:33,545 - torchtitan.observability.metrics - INFO - [31mstep: 12  [32mloss: -1.00000  [38;2;180;60;0mgrad_norm: 24.6250  [38;2;54;234;195mmemory: 65.89GiB(83.19%)  [34mtps: 2,763  [36mtflops: 150.85  [35mmfu: 15.25%[39m
[rank1]:[titan] 2026-10-02 07:37:33,544 - torchtitan.observability.metrics - INFO - [31mstep: 12  [32mloss: -1.00000  [38;2;180;60;0mgrad_norm: 24.6250  [38;2;54;234;195mmemory: 60.52GiB(76.41%)  [34mtps: 2,763  [36mtflops: 150.84  [35mmfu: 15.25%[39m
[rank0]:[titan] 2026-10-02 07:37:36,501 - torchtitan.observability.metrics - INFO - [31mstep: 13  [32mloss: -1.00000  [38;2;180;60;0mgrad_norm: 20.0000  [38;2;54;234;195mmemory: 59.40GiB(74.99%)  [34mtps: 2,769  [36mtflops: 151.19  [35mmfu: 15.29%[39m
[rank2]:[titan] 2026-10-02 07:37:36,504 - torchtitan.observability.metrics - INFO - [31mstep: 13  [32mloss: -1.00000  [38;2;180;60;0mgrad_norm: 20.0000  [38;2;54;234;195mmemory: 65.89GiB(83.19%)  [34mtps: 2,769  [36mtflops: 151.19  [35mmfu: 15.29%[39m
[rank1]:[titan] 2026-10-02 07:37:36,502 - torchtitan.observability.metrics - INFO - [31mstep: 13  [32mloss: -1.00000  [38;2;180;60;0mgrad_norm: 20.0000  [38;2;54;234;195mmemory: 60.52GiB(76.41%)  [34mtps: 2,769  [36mtflops: 151.19  [35mmfu: 15.29%[39m
[rank3]:[titan] 2026-10-02 07:37:36,497 - torchtitan.observability.metrics - INFO - [31mstep: 13  [32mloss:  6.33482  [38;2;180;60;0mgrad_norm: 20.0000  [38;2;54;234;195mmemory: 52.77GiB(66.62%)  [34mtps: 2,769  [36mtflops: 151.19  [35mmfu: 15.29%[39m
[rank2]:[titan] 2026-10-02 07:37:39,451 - torchtitan.observability.metrics - INFO - [31mstep: 14  [32mloss: -1.00000  [38;2;180;60;0mgrad_norm: 28.6250  [38;2;54;234;195mmemory: 65.89GiB(83.19%)  [34mtps: 2,780  [36mtflops: 151.79  [35mmfu: 15.35%[39m
[rank1]:[titan] 2026-10-02 07:37:39,449 - torchtitan.observability.metrics - INFO - [31mstep: 14  [32mloss: -1.00000  [38;2;180;60;0mgrad_norm: 28.6250  [38;2;54;234;195mmemory: 60.52GiB(76.41%)  [34mtps: 2,780  [36mtflops: 151.80  [35mmfu: 15.35%[39m
[rank3]:[titan] 2026-10-02 07:37:39,444 - torchtitan.observability.metrics - INFO - [31mstep: 14  [32mloss:  5.51048  [38;2;180;60;0mgrad_norm: 28.6250  [38;2;54;234;195mmemory: 52.77GiB(66.62%)  [34mtps: 2,780  [36mtflops: 151.79  [35mmfu: 15.35%[39m
[rank0]:[titan] 2026-10-02 07:37:39,448 - torchtitan.observability.metrics - INFO - [31mstep: 14  [32mloss: -1.00000  [38;2;180;60;0mgrad_norm: 28.6250  [38;2;54;234;195mmemory: 59.40GiB(74.99%)  [34mtps: 2,780  [36mtflops: 151.79  [35mmfu: 15.35%[39m
[rank0]:[titan] 2026-10-02 07:37:42,416 - torchtitan.observability.metrics - INFO - [31mstep: 15  [32mloss: -1.00000  [38;2;180;60;0mgrad_norm: 19.2500  [38;2;54;234;195mmemory: 59.40GiB(74.99%)  [34mtps: 2,761  [36mtflops: 150.72  [35mmfu: 15.24%[39m
[rank1]:[titan] 2026-10-02 07:37:42,417 - torchtitan.observability.metrics - INFO - [31mstep: 15  [32mloss: -1.00000  [38;2;180;60;0mgrad_norm: 19.2500  [38;2;54;234;195mmemory: 60.52GiB(76.41%)  [34mtps: 2,761  [36mtflops: 150.73  [35mmfu: 15.24%[39m
[rank2]:[titan] 2026-10-02 07:37:42,418 - torchtitan.observability.metrics - INFO - [31mstep: 15  [32mloss: -1.00000  [38;2;180;60;0mgrad_norm: 19.2500  [38;2;54;234;195mmemory: 65.89GiB(83.19%)  [34mtps: 2,761  [36mtflops: 150.73  [35mmfu: 15.24%[39m
[rank3]:[titan] 2026-10-02 07:37:42,412 - torchtitan.observability.metrics - INFO - [31mstep: 15  [32mloss:  4.52068  [38;2;180;60;0mgrad_norm: 19.2500  [38;2;54;234;195mmemory: 52.77GiB(66.62%)  [34mtps: 2,761  [36mtflops: 150.73  [35mmfu: 15.24%[39m
[rank0]:[titan] 2026-10-02 07:37:45,429 - torchtitan.observability.metrics - INFO - [31mstep: 16  [32mloss: -1.00000  [38;2;180;60;0mgrad_norm: 17.2500  [38;2;54;234;195mmemory: 59.40GiB(74.99%)  [34mtps: 2,719  [36mtflops: 148.43  [35mmfu: 15.01%[39m
[rank1]:[titan] 2026-10-02 07:37:45,430 - torchtitan.observability.metrics - INFO - [31mstep: 16  [32mloss: -1.00000  [38;2;180;60;0mgrad_norm: 17.2500  [38;2;54;234;195mmemory: 60.52GiB(76.41%)  [34mtps: 2,719  [36mtflops: 148.43  [35mmfu: 15.01%[39m
[rank2]:[titan] 2026-10-02 07:37:45,432 - torchtitan.observability.metrics - INFO - [31mstep: 16  [32mloss: -1.00000  [38;2;180;60;0mgrad_norm: 17.2500  [38;2;54;234;195mmemory: 65.89GiB(83.19%)  [34mtps: 2,719  [36mtflops: 148.43  [35mmfu: 15.01%[39m
[rank3]:[titan] 2026-10-02 07:37:45,425 - torchtitan.observability.metrics - INFO - [31mstep: 16  [32mloss:  3.97408  [38;2;180;60;0mgrad_norm: 17.2500  [38;2;54;234;195mmemory: 52.77GiB(66.62%)  [34mtps: 2,719  [36mtflops: 148.43  [35mmfu: 15.01%[39m
[rank0]:[titan] 2026-10-02 07:37:48,438 - torchtitan.observability.metrics - INFO - [31mstep: 17  [32mloss: -1.00000  [38;2;180;60;0mgrad_norm: 41.5000  [38;2;54;234;195mmemory: 59.40GiB(74.99%)  [34mtps: 2,723  [36mtflops: 148.65  [35mmfu: 15.03%[39m
[rank1]:[titan] 2026-10-02 07:37:48,439 - torchtitan.observability.metrics - INFO - [31mstep: 17  [32mloss: -1.00000  [38;2;180;60;0mgrad_norm: 41.5000  [38;2;54;234;195mmemory: 60.52GiB(76.41%)  [34mtps: 2,723  [36mtflops: 148.65  [35mmfu: 15.03%[39m
[rank2]:[titan] 2026-10-02 07:37:48,441 - torchtitan.observability.metrics - INFO - [31mstep: 17  [32mloss: -1.00000  [38;2;180;60;0mgrad_norm: 41.5000  [38;2;54;234;195mmemory: 65.89GiB(83.19%)  [34mtps: 2,723  [36mtflops: 148.65  [35mmfu: 15.03%[39m
[rank3]:[titan] 2026-10-02 07:37:48,434 - torchtitan.observability.metrics - INFO - [31mstep: 17  [32mloss:  4.26040  [38;2;180;60;0mgrad_norm: 41.5000  [38;2;54;234;195mmemory: 52.77GiB(66.62%)  [34mtps: 2,723  [36mtflops: 148.66  [35mmfu: 15.03%[39m
[rank0]:[titan] 2026-10-02 07:37:51,423 - torchtitan.observability.metrics - INFO - [31mstep: 18  [32mloss: -1.00000  [38;2;180;60;0mgrad_norm: 33.7500  [38;2;54;234;195mmemory: 59.40GiB(74.99%)  [34mtps: 2,744  [36mtflops: 149.84  [35mmfu: 15.15%[39m
[rank1]:[titan] 2026-10-02 07:37:51,425 - torchtitan.observability.metrics - INFO - [31mstep: 18  [32mloss: -1.00000  [38;2;180;60;0mgrad_norm: 33.7500  [38;2;54;234;195mmemory: 60.52GiB(76.41%)  [34mtps: 2,745  [36mtflops: 149.84  [35mmfu: 15.15%[39m
[rank2]:[titan] 2026-10-02 07:37:51,426 - torchtitan.observability.metrics - INFO - [31mstep: 18  [32mloss: -1.00000  [38;2;180;60;0mgrad_norm: 33.7500  [38;2;54;234;195mmemory: 65.89GiB(83.19%)  [34mtps: 2,744  [36mtflops: 149.84  [35mmfu: 15.15%[39m
[rank3]:[titan] 2026-10-02 07:37:51,420 - torchtitan.observability.metrics - INFO - [31mstep: 18  [32mloss:  3.92964  [38;2;180;60;0mgrad_norm: 33.7500  [38;2;54;234;195mmemory: 52.77GiB(66.62%)  [34mtps: 2,745  [36mtflops: 149.84  [35mmfu: 15.15%[39m
[rank3]:[titan] 2026-10-02 07:37:54,376 - torchtitan.observability.metrics - INFO - [31mstep: 19  [32mloss:  3.67337  [38;2;180;60;0mgrad_norm: 18.2500  [38;2;54;234;195mmemory: 52.77GiB(66.62%)  [34mtps: 2,771  [36mtflops: 151.27  [35mmfu: 15.30%[39m
[rank0]:[titan] 2026-10-02 07:37:54,380 - torchtitan.observability.metrics - INFO - [31mstep: 19  [32mloss: -1.00000  [38;2;180;60;0mgrad_norm: 18.2500  [38;2;54;234;195mmemory: 59.40GiB(74.99%)  [34mtps: 2,771  [36mtflops: 151.28  [35mmfu: 15.30%[39m
[rank1]:[titan] 2026-10-02 07:37:54,382 - torchtitan.observability.metrics - INFO - [31mstep: 19  [32mloss: -1.00000  [38;2;180;60;0mgrad_norm: 18.2500  [38;2;54;234;195mmemory: 60.52GiB(76.41%)  [34mtps: 2,771  [36mtflops: 151.27  [35mmfu: 15.30%[39m
[rank2]:[titan] 2026-10-02 07:37:54,383 - torchtitan.observability.metrics - INFO - [31mstep: 19  [32mloss: -1.00000  [38;2;180;60;0mgrad_norm: 18.2500  [38;2;54;234;195mmemory: 65.89GiB(83.19%)  [34mtps: 2,771  [36mtflops: 151.27  [35mmfu: 15.30%[39m
[rank0]:[titan] 2026-10-02 07:37:57,369 - torchtitan.observability.metrics - INFO - [31mstep: 20  [32mloss: -1.00000  [38;2;180;60;0mgrad_norm: 15.6875  [38;2;54;234;195mmemory: 59.40GiB(74.99%)  [34mtps: 2,741  [36mtflops: 149.65  [35mmfu: 15.13%[39m
[rank0]:[titan] 2026-10-02 07:37:57,370 - torchtitan.trainer - INFO - Sleeping 2 seconds for other ranks to complete
[rank1]:[titan] 2026-10-02 07:37:57,370 - torchtitan.observability.metrics - INFO - [31mstep: 20  [32mloss: -1.00000  [38;2;180;60;0mgrad_norm: 15.6875  [38;2;54;234;195mmemory: 60.52GiB(76.41%)  [34mtps: 2,741  [36mtflops: 149.66  [35mmfu: 15.13%[39m
[rank1]:[titan] 2026-10-02 07:37:57,371 - torchtitan.trainer - INFO - Training completed
[rank2]:[titan] 2026-10-02 07:37:57,372 - torchtitan.observability.metrics - INFO - [31mstep: 20  [32mloss: -1.00000  [38;2;180;60;0mgrad_norm: 15.6875  [38;2;54;234;195mmemory: 65.89GiB(83.19%)  [34mtps: 2,741  [36mtflops: 149.67  [35mmfu: 15.13%[39m
[rank2]:[titan] 2026-10-02 07:37:57,372 - torchtitan.trainer - INFO - Training completed
[rank3]:[titan] 2026-10-02 07:37:57,365 - torchtitan.observability.metrics - INFO - [31mstep: 20  [32mloss:  3.45962  [38;2;180;60;0mgrad_norm: 15.6875  [38;2;54;234;195mmemory: 52.77GiB(66.62%)  [34mtps: 2,741  [36mtflops: 149.66  [35mmfu: 15.13%[39m
[rank3]:[titan] 2026-10-02 07:37:57,366 - torchtitan.trainer - INFO - Training completed
[rank0]:[titan] 2026-10-02 07:37:59,370 - torchtitan.trainer - INFO - Training completed
[rank1]:[titan] 2026-10-02 07:38:01,486 - __main__ - INFO - Process group destroyed
[rank0]:[titan] 2026-10-02 07:38:01,592 - __main__ - INFO - Process group destroyed
[rank2]:[titan] 2026-10-02 07:38:01,889 - __main__ - INFO - Process group destroyed
[rank3]:[titan] 2026-10-02 07:38:01,891 - __main__ - INFO - Process group destroyed
