W0930 12:36:16.679000 164201 torch/distributed/run.py:982] 
W0930 12:36:16.679000 164201 torch/distributed/run.py:982] *****************************************
W0930 12:36:16.679000 164201 torch/distributed/run.py:982] Setting OMP_NUM_THREADS environment variable for each process to be 1 in default, to avoid your system being overloaded, please further tune the variable for optimal performance in your application as needed. 
W0930 12:36:16.679000 164201 torch/distributed/run.py:982] *****************************************
[rank0]:WARNING:absl:Failed to load jax profiler: No module named 'jax'
[rank1]:WARNING:absl:Failed to load jax profiler: No module named 'jax'
[rank3]:WARNING:absl:Failed to load jax profiler: No module named 'jax'
[rank2]:WARNING:absl:Failed to load jax profiler: No module named 'jax'
[rank3]:[titan] 2026-09-30 12:36:23,315 - __main__ - INFO - torchtitan version: 0.0.0+unknown (0.0.0 means __version__ is not defined correctly).
[rank1]:[titan] 2026-09-30 12:36:23,421 - __main__ - INFO - torchtitan version: 0.0.0+unknown (0.0.0 means __version__ is not defined correctly).
[rank2]:[titan] 2026-09-30 12:36:23,401 - __main__ - INFO - torchtitan version: 0.0.0+unknown (0.0.0 means __version__ is not defined correctly).
[rank0]:[titan] 2026-09-30 12:36:23,629 - __main__ - INFO - torchtitan version: 0.0.0+unknown (0.0.0 means __version__ is not defined correctly).
[rank3]:[titan] 2026-09-30 12:36:24,047 - torchtitan.observability.structured_logger.jsonl_handler - INFO - Structured logging -> JSONL: /root/mep/results/probe_static/num_k25/out/structured_logs/training.global_rank_3.20260930-123624-LVOP8R.jsonl
[rank1]:[titan] 2026-09-30 12:36:24,157 - torchtitan.observability.structured_logger.jsonl_handler - INFO - Structured logging -> JSONL: /root/mep/results/probe_static/num_k25/out/structured_logs/training.global_rank_1.20260930-123624-J0XP9B.jsonl
[rank2]:[titan] 2026-09-30 12:36:24,133 - torchtitan.observability.structured_logger.jsonl_handler - INFO - Structured logging -> JSONL: /root/mep/results/probe_static/num_k25/out/structured_logs/training.global_rank_2.20260930-123624-25LG3U.jsonl
[rank0]:[titan] 2026-09-30 12:36:24,507 - torchtitan.observability.structured_logger.jsonl_handler - INFO - Structured logging -> JSONL: /root/mep/results/probe_static/num_k25/out/structured_logs/training.global_rank_0.20260930-123624-VZMJFE.jsonl
[rank3]:[titan] 2026-09-30 12:36:24,530 - torchtitan.distributed.utils - WARNING - ENV[TORCH_NCCL_ASYNC_ERROR_HANDLING] = 1 will be overridden to 3 based on job config
[rank1]:[titan] 2026-09-30 12:36:24,705 - torchtitan.distributed.utils - WARNING - ENV[TORCH_NCCL_ASYNC_ERROR_HANDLING] = 1 will be overridden to 3 based on job config
[rank2]:[titan] 2026-09-30 12:36:24,712 - torchtitan.distributed.utils - WARNING - ENV[TORCH_NCCL_ASYNC_ERROR_HANDLING] = 1 will be overridden to 3 based on job config
[rank0]:[titan] 2026-09-30 12:36:24,915 - torchtitan.distributed.utils - WARNING - ENV[TORCH_NCCL_ASYNC_ERROR_HANDLING] = 1 will be overridden to 3 based on job config
[rank0]:[titan] 2026-09-30 12:36:25,549 - torchtitan.tools.utils - INFO - [GC] Initial GC collection took 0.00 seconds
[rank0]:[titan] 2026-09-30 12:36:25,549 - torchtitan.distributed.utils - INFO - Deterministic algorithm enabled (expect perf degradation).
[rank0]:[titan] 2026-09-30 12:36:25,563 - torchtitan.distributed.parallelism_context - INFO - Building device mesh with parallelism: pp=4, dp_replicate=1, dp_shard=1, cp=1, tp=1, ep=1
[rank3]:[titan] 2026-09-30 12:36:25,553 - torchtitan.tools.utils - INFO - [GC] Initial GC collection took 0.00 seconds
[rank1]:[titan] 2026-09-30 12:36:25,550 - torchtitan.tools.utils - INFO - [GC] Initial GC collection took 0.00 seconds
[rank3]:[titan] 2026-09-30 12:36:25,553 - torchtitan.distributed.utils - INFO - Deterministic algorithm enabled (expect perf degradation).
[rank1]:[titan] 2026-09-30 12:36:25,550 - torchtitan.distributed.utils - INFO - Deterministic algorithm enabled (expect perf degradation).
[rank1]:[titan] 2026-09-30 12:36:25,561 - torchtitan.distributed.parallelism_context - INFO - Building device mesh with parallelism: pp=4, dp_replicate=1, dp_shard=1, cp=1, tp=1, ep=1
[rank3]:[titan] 2026-09-30 12:36:25,570 - torchtitan.distributed.parallelism_context - INFO - Building device mesh with parallelism: pp=4, dp_replicate=1, dp_shard=1, cp=1, tp=1, ep=1
[rank2]:[titan] 2026-09-30 12:36:25,549 - torchtitan.tools.utils - INFO - [GC] Initial GC collection took 0.00 seconds
[rank2]:[titan] 2026-09-30 12:36:25,549 - torchtitan.distributed.utils - INFO - Deterministic algorithm enabled (expect perf degradation).
[rank2]:[titan] 2026-09-30 12:36:25,559 - torchtitan.distributed.parallelism_context - INFO - Building device mesh with parallelism: pp=4, dp_replicate=1, dp_shard=1, cp=1, tp=1, ep=1
[rank0]:[titan] 2026-09-30 12:36:26,654 - torchtitan.distributed.parallelism_context - INFO - Successfully created meshes with active axes: ['pp']
[rank0]:[titan] 2026-09-30 12:36:26,657 - torchtitan.observability.metrics - INFO - CUDA capacity: NVIDIA H100 80GB HBM3 with 79.21GiB memory
[rank0]:[titan] 2026-09-30 12:36:26,668 - torchtitan.config.configurable - WARNING - Config field value of type InterpolationMode may not be JSON serializable
[rank0]:[titan] 2026-09-30 12:36:26,669 - torchtitan.tools.utils - WARNING - Error running lspci: [Errno 2] No such file or directory: 'lspci', fallback to use device_name
[rank0]:[titan] 2026-09-30 12:36:26,669 - torchtitan.components.tokenizer - INFO - Loading tokenizer from tokenizer.json
[rank3]:[titan] 2026-09-30 12:36:26,649 - torchtitan.distributed.parallelism_context - INFO - Successfully created meshes with active axes: ['pp']
[rank1]:[titan] 2026-09-30 12:36:26,653 - torchtitan.distributed.parallelism_context - INFO - Successfully created meshes with active axes: ['pp']
[rank3]:[titan] 2026-09-30 12:36:26,652 - torchtitan.observability.metrics - INFO - CUDA capacity: NVIDIA H100 80GB HBM3 with 79.21GiB memory
[rank1]:[titan] 2026-09-30 12:36:26,656 - torchtitan.observability.metrics - INFO - CUDA capacity: NVIDIA H100 80GB HBM3 with 79.21GiB memory
[rank3]:[titan] 2026-09-30 12:36:26,663 - torchtitan.config.configurable - WARNING - Config field value of type InterpolationMode may not be JSON serializable
[rank1]:[titan] 2026-09-30 12:36:26,666 - torchtitan.config.configurable - WARNING - Config field value of type InterpolationMode may not be JSON serializable
[rank1]:[titan] 2026-09-30 12:36:26,667 - torchtitan.tools.utils - WARNING - Error running lspci: [Errno 2] No such file or directory: 'lspci', fallback to use device_name
[rank3]:[titan] 2026-09-30 12:36:26,665 - torchtitan.tools.utils - WARNING - Error running lspci: [Errno 2] No such file or directory: 'lspci', fallback to use device_name
[rank1]:[titan] 2026-09-30 12:36:26,667 - torchtitan.components.tokenizer - INFO - Loading tokenizer from tokenizer.json
[rank3]:[titan] 2026-09-30 12:36:26,665 - torchtitan.components.tokenizer - INFO - Loading tokenizer from tokenizer.json
[rank2]:[titan] 2026-09-30 12:36:26,652 - torchtitan.distributed.parallelism_context - INFO - Successfully created meshes with active axes: ['pp']
[rank2]:[titan] 2026-09-30 12:36:26,654 - torchtitan.observability.metrics - INFO - CUDA capacity: NVIDIA H100 80GB HBM3 with 79.21GiB memory
[rank2]:[titan] 2026-09-30 12:36:26,664 - torchtitan.config.configurable - WARNING - Config field value of type InterpolationMode may not be JSON serializable
[rank2]:[titan] 2026-09-30 12:36:26,665 - torchtitan.tools.utils - WARNING - Error running lspci: [Errno 2] No such file or directory: 'lspci', fallback to use device_name
[rank2]:[titan] 2026-09-30 12:36:26,666 - torchtitan.components.tokenizer - INFO - Loading tokenizer from tokenizer.json
[rank0]:[titan] 2026-09-30 12:36:26,857 - torchtitan.protocols.state_dict_adapter - WARNING - model.safetensors.index.json not found at hf_assets_path: ./tests/assets/tokenizer/model.safetensors.index.json.                     Defaulting to saving a single safetensors file if checkpoint is saved in HF format
[rank0]:[titan] 2026-09-30 12:36:26,862 - torchtitan.models.utils - INFO - Total parameter count: 12,059,226,240, active parameters: 8,885,570,688
[rank0]:[titan] 2026-09-30 12:36:26,911 - torchtitan.distributed.activation_checkpoint - INFO - Applied FullAC activation checkpointing to the model
[rank1]:[titan] 2026-09-30 12:36:27,108 - torchtitan.protocols.state_dict_adapter - WARNING - model.safetensors.index.json not found at hf_assets_path: ./tests/assets/tokenizer/model.safetensors.index.json.                     Defaulting to saving a single safetensors file if checkpoint is saved in HF format
[rank1]:[titan] 2026-09-30 12:36:27,113 - torchtitan.models.utils - INFO - Total parameter count: 12,059,226,240, active parameters: 8,885,570,688
[rank3]:[titan] 2026-09-30 12:36:27,099 - torchtitan.protocols.state_dict_adapter - WARNING - model.safetensors.index.json not found at hf_assets_path: ./tests/assets/tokenizer/model.safetensors.index.json.                     Defaulting to saving a single safetensors file if checkpoint is saved in HF format
[rank3]:[titan] 2026-09-30 12:36:27,104 - torchtitan.models.utils - INFO - Total parameter count: 12,059,226,240, active parameters: 8,885,570,688
[rank2]:[titan] 2026-09-30 12:36:27,098 - torchtitan.protocols.state_dict_adapter - WARNING - model.safetensors.index.json not found at hf_assets_path: ./tests/assets/tokenizer/model.safetensors.index.json.                     Defaulting to saving a single safetensors file if checkpoint is saved in HF format
[rank2]:[titan] 2026-09-30 12:36:27,103 - torchtitan.models.utils - INFO - Total parameter count: 12,059,226,240, active parameters: 8,885,570,688
[rank0]:[titan] 2026-09-30 12:36:27,142 - torchtitan.distributed.pipeline_parallel - INFO - PP rank 0 is building stage_idx 0 with modules ['vision_encoder', 'tok_embeddings', 'layers.0']
[rank0]:[titan] 2026-09-30 12:36:27,229 - torchtitan.distributed.pipeline_parallel - INFO - PP rank 0 is building stage_idx 4 with modules ['layers.6']
[rank1]:[titan] 2026-09-30 12:36:27,158 - torchtitan.distributed.activation_checkpoint - INFO - Applied FullAC activation checkpointing to the model
[rank3]:[titan] 2026-09-30 12:36:27,151 - torchtitan.distributed.activation_checkpoint - INFO - Applied FullAC activation checkpointing to the model
[rank2]:[titan] 2026-09-30 12:36:27,147 - torchtitan.distributed.activation_checkpoint - INFO - Applied FullAC activation checkpointing to the model
[rank0]:[titan] 2026-09-30 12:36:27,315 - torchtitan.distributed.pipeline_parallel - INFO - PP rank 0 is building stage_idx 8 with modules ['layers.10']
[rank0]:[titan] 2026-09-30 12:36:27,400 - torchtitan.distributed.pipeline_parallel - INFO - PP rank 0 is building stage_idx 12 with modules ['layers.14']
[rank0]:[titan] 2026-09-30 12:36:27,419 - torchtitan.distributed.activation_checkpoint - INFO - Applied FullAC activation checkpointing to the model
[rank0]:[titan] 2026-09-30 12:36:27,419 - torchtitan.distributed.activation_checkpoint - INFO - Applied FullAC activation checkpointing to the model
[rank1]:[titan] 2026-09-30 12:36:27,379 - torchtitan.distributed.pipeline_parallel - INFO - PP rank 1 is building stage_idx 1 with modules ['layers.1', 'layers.2']
[rank3]:[titan] 2026-09-30 12:36:27,379 - torchtitan.distributed.pipeline_parallel - INFO - PP rank 3 is building stage_idx 3 with modules ['layers.5']
[rank2]:[titan] 2026-09-30 12:36:27,369 - torchtitan.distributed.pipeline_parallel - INFO - PP rank 2 is building stage_idx 2 with modules ['layers.3', 'layers.4']
[rank0]:[titan] 2026-09-30 12:36:27,490 - torchtitan.distributed.fsdp - INFO - Applied FSDP to the model
[rank0]:[titan] 2026-09-30 12:36:27,492 - torchtitan.distributed.activation_checkpoint - INFO - Applied FullAC activation checkpointing to the model
[rank0]:[titan] 2026-09-30 12:36:27,508 - torchtitan.distributed.fsdp - INFO - Applied FSDP to the model
[rank0]:[titan] 2026-09-30 12:36:27,511 - torchtitan.distributed.activation_checkpoint - INFO - Applied FullAC activation checkpointing to the model
[rank0]:[titan] 2026-09-30 12:36:27,515 - torchtitan.distributed.fsdp - INFO - Applied FSDP to the model
[rank0]:[titan] 2026-09-30 12:36:27,518 - torchtitan.distributed.activation_checkpoint - INFO - Applied FullAC activation checkpointing to the model
[rank0]:[titan] 2026-09-30 12:36:27,522 - torchtitan.distributed.fsdp - INFO - Applied FSDP to the model
[rank0]:[titan] 2026-09-30 12:36:27,522 - torchtitan.distributed.pipeline_parallel - WARNING - Number of microbatches (8) is less than the total number of stages (16) which may result in a bubble in the pipeline.
[rank0]:[titan] 2026-09-30 12:36:27,525 - torchtitan.distributed.pipeline_parallel - INFO - Using pipeline schedule Interleaved1F1B with 8 microbatches and 16 stages.
[rank1]:[titan] 2026-09-30 12:36:27,464 - torchtitan.distributed.pipeline_parallel - INFO - PP rank 1 is building stage_idx 5 with modules ['layers.7']
[rank3]:[titan] 2026-09-30 12:36:27,470 - torchtitan.distributed.pipeline_parallel - INFO - PP rank 3 is building stage_idx 7 with modules ['layers.9']
[rank2]:[titan] 2026-09-30 12:36:27,454 - torchtitan.distributed.pipeline_parallel - INFO - PP rank 2 is building stage_idx 6 with modules ['layers.8']
[rank1]:[titan] 2026-09-30 12:36:27,549 - torchtitan.distributed.pipeline_parallel - INFO - PP rank 1 is building stage_idx 9 with modules ['layers.11']
[rank3]:[titan] 2026-09-30 12:36:27,553 - torchtitan.distributed.pipeline_parallel - INFO - PP rank 3 is building stage_idx 11 with modules ['layers.13']
[rank2]:[titan] 2026-09-30 12:36:27,538 - torchtitan.distributed.pipeline_parallel - INFO - PP rank 2 is building stage_idx 10 with modules ['layers.12']
[rank2]:[titan] 2026-09-30 12:36:27,623 - torchtitan.distributed.pipeline_parallel - INFO - PP rank 2 is building stage_idx 14 with modules ['layers.16']
[rank2]:[titan] 2026-09-30 12:36:27,628 - torchtitan.distributed.activation_checkpoint - INFO - Applied FullAC activation checkpointing to the model
[rank1]:[titan] 2026-09-30 12:36:27,635 - torchtitan.distributed.pipeline_parallel - INFO - PP rank 1 is building stage_idx 13 with modules ['layers.15']
[rank1]:[titan] 2026-09-30 12:36:27,640 - torchtitan.distributed.activation_checkpoint - INFO - Applied FullAC activation checkpointing to the model
[rank1]:[titan] 2026-09-30 12:36:27,680 - torchtitan.distributed.fsdp - INFO - Applied FSDP to the model
[rank1]:[titan] 2026-09-30 12:36:27,683 - torchtitan.distributed.activation_checkpoint - INFO - Applied FullAC activation checkpointing to the model
[rank1]:[titan] 2026-09-30 12:36:27,692 - torchtitan.distributed.fsdp - INFO - Applied FSDP to the model
[rank1]:[titan] 2026-09-30 12:36:27,694 - torchtitan.distributed.activation_checkpoint - INFO - Applied FullAC activation checkpointing to the model
[rank1]:[titan] 2026-09-30 12:36:27,697 - torchtitan.distributed.fsdp - INFO - Applied FSDP to the model
[rank1]:[titan] 2026-09-30 12:36:27,699 - torchtitan.distributed.activation_checkpoint - INFO - Applied FullAC activation checkpointing to the model
[rank1]:[titan] 2026-09-30 12:36:27,703 - torchtitan.distributed.fsdp - INFO - Applied FSDP to the model
[rank1]:[titan] 2026-09-30 12:36:27,703 - torchtitan.distributed.pipeline_parallel - WARNING - Number of microbatches (8) is less than the total number of stages (16) which may result in a bubble in the pipeline.
[rank1]:[titan] 2026-09-30 12:36:27,705 - torchtitan.distributed.pipeline_parallel - INFO - Using pipeline schedule Interleaved1F1B with 8 microbatches and 16 stages.
[rank3]:[titan] 2026-09-30 12:36:27,636 - torchtitan.distributed.pipeline_parallel - INFO - PP rank 3 is building stage_idx 15 with modules ['norm', 'lm_head', 'output_res_proj', 'output_res_norm']
[rank3]:[titan] 2026-09-30 12:36:27,640 - torchtitan.distributed.activation_checkpoint - INFO - Applied FullAC activation checkpointing to the model
[rank3]:[titan] 2026-09-30 12:36:27,677 - torchtitan.distributed.fsdp - INFO - Applied FSDP to the model
[rank3]:[titan] 2026-09-30 12:36:27,680 - torchtitan.distributed.activation_checkpoint - INFO - Applied FullAC activation checkpointing to the model
[rank3]:[titan] 2026-09-30 12:36:27,684 - torchtitan.distributed.fsdp - INFO - Applied FSDP to the model
[rank3]:[titan] 2026-09-30 12:36:27,686 - torchtitan.distributed.activation_checkpoint - INFO - Applied FullAC activation checkpointing to the model
[rank3]:[titan] 2026-09-30 12:36:27,691 - torchtitan.distributed.fsdp - INFO - Applied FSDP to the model
[rank3]:[titan] 2026-09-30 12:36:27,691 - torchtitan.distributed.activation_checkpoint - INFO - Applied FullAC activation checkpointing to the model
[rank3]:[titan] 2026-09-30 12:36:27,694 - torchtitan.distributed.fsdp - INFO - Applied FSDP to the model
[rank3]:[titan] 2026-09-30 12:36:27,694 - torchtitan.distributed.pipeline_parallel - WARNING - Number of microbatches (8) is less than the total number of stages (16) which may result in a bubble in the pipeline.
[rank3]:[titan] 2026-09-30 12:36:27,696 - torchtitan.distributed.pipeline_parallel - INFO - Using pipeline schedule Interleaved1F1B with 8 microbatches and 16 stages.
[rank2]:[titan] 2026-09-30 12:36:27,672 - torchtitan.distributed.fsdp - INFO - Applied FSDP to the model
[rank2]:[titan] 2026-09-30 12:36:27,674 - torchtitan.distributed.activation_checkpoint - INFO - Applied FullAC activation checkpointing to the model
[rank2]:[titan] 2026-09-30 12:36:27,678 - torchtitan.distributed.fsdp - INFO - Applied FSDP to the model
[rank2]:[titan] 2026-09-30 12:36:27,681 - torchtitan.distributed.activation_checkpoint - INFO - Applied FullAC activation checkpointing to the model
[rank2]:[titan] 2026-09-30 12:36:27,685 - torchtitan.distributed.fsdp - INFO - Applied FSDP to the model
[rank2]:[titan] 2026-09-30 12:36:27,687 - torchtitan.distributed.activation_checkpoint - INFO - Applied FullAC activation checkpointing to the model
[rank2]:[titan] 2026-09-30 12:36:27,690 - torchtitan.distributed.fsdp - INFO - Applied FSDP to the model
[rank2]:[titan] 2026-09-30 12:36:27,690 - torchtitan.distributed.pipeline_parallel - WARNING - Number of microbatches (8) is less than the total number of stages (16) which may result in a bubble in the pipeline.
[rank2]:[titan] 2026-09-30 12:36:27,693 - torchtitan.distributed.pipeline_parallel - INFO - Using pipeline schedule Interleaved1F1B with 8 microbatches and 16 stages.
[rank1]:[titan] 2026-09-30 12:36:28,558 - torchtitan.models.kimi_k3.pipeline_parallel - INFO - Kimi K3 pipeline: 4 stage(s) on this rank [1, 5, 9, 13], block transport delta with rank store, vision encodes decoupled
[rank2]:[titan] 2026-09-30 12:36:28,711 - torchtitan.models.kimi_k3.pipeline_parallel - INFO - Kimi K3 pipeline: 4 stage(s) on this rank [2, 6, 10, 14], block transport delta with rank store, vision encodes decoupled
[rank0]:[titan] 2026-09-30 12:36:28,861 - torchtitan.models.kimi_k3.pipeline_parallel - INFO - Kimi K3 pipeline: 4 stage(s) on this rank [0, 4, 8, 12], block transport delta with rank store, vision encodes decoupled
[rank3]:[titan] 2026-09-30 12:36:28,865 - torchtitan.models.kimi_k3.pipeline_parallel - INFO - Kimi K3 pipeline: 4 stage(s) on this rank [3, 7, 11, 15], block transport delta with rank store, vision encodes decoupled
[rank3]:[rank3]:W0930 12:36:29.377000 164273 torch/distributed/tensor/_random.py:215] DTensor is synchronizing RNG states of every rank with the state from rank 0. This behavior is deprecated. Please call `torch.manual_seed()` on every rank that participates in SPMD DTensor Operations with the same seed. If using Pipeline Parallelism, each pipeline state would use a different seed, but all ranks belonging to one pipeline stage would use the same seed.
[rank1]:[rank1]:W0930 12:36:29.376000 164271 torch/distributed/tensor/_random.py:215] DTensor is synchronizing RNG states of every rank with the state from rank 0. This behavior is deprecated. Please call `torch.manual_seed()` on every rank that participates in SPMD DTensor Operations with the same seed. If using Pipeline Parallelism, each pipeline state would use a different seed, but all ranks belonging to one pipeline stage would use the same seed.
[rank2]:[rank2]:W0930 12:36:29.377000 164272 torch/distributed/tensor/_random.py:215] DTensor is synchronizing RNG states of every rank with the state from rank 0. This behavior is deprecated. Please call `torch.manual_seed()` on every rank that participates in SPMD DTensor Operations with the same seed. If using Pipeline Parallelism, each pipeline state would use a different seed, but all ranks belonging to one pipeline stage would use the same seed.
[rank1]:[titan] 2026-09-30 12:36:29,559 - torchtitan.training_engine - INFO - Model KimiK3Model.Config size: 12,059,226,240 total parameters
[rank1]:[titan] 2026-09-30 12:36:29,560 - torchtitan.components.optimizer.optimizer - INFO - Optimizer AdamW (model_part=0): 56 params [.*] {'lr': 0.0008, 'betas': (0.9, 0.95), 'eps': 1e-08, 'weight_decay': 0.1, 'foreach': None, 'fused': True}
[rank1]:[titan] 2026-09-30 12:36:29,560 - torchtitan.components.optimizer.optimizer - INFO - Optimizer AdamW (model_part=1): 22 params [.*] {'lr': 0.0008, 'betas': (0.9, 0.95), 'eps': 1e-08, 'weight_decay': 0.1, 'foreach': None, 'fused': True}
[rank1]:[titan] 2026-09-30 12:36:29,561 - torchtitan.components.optimizer.optimizer - INFO - Optimizer AdamW (model_part=2): 22 params [.*] {'lr': 0.0008, 'betas': (0.9, 0.95), 'eps': 1e-08, 'weight_decay': 0.1, 'foreach': None, 'fused': True}
[rank1]:[titan] 2026-09-30 12:36:29,561 - torchtitan.components.optimizer.optimizer - INFO - Optimizer AdamW (model_part=3): 22 params [.*] {'lr': 0.0008, 'betas': (0.9, 0.95), 'eps': 1e-08, 'weight_decay': 0.1, 'foreach': None, 'fused': True}
[rank1]:[titan] 2026-09-30 12:36:29,562 - torchtitan.observability.metrics - WARNING - [31mPipeline Parallel loss is not visible. Please add [33mrank 3[31m to LOG_RANK environment variable in run_train.sh.[39m
[rank1]:[titan] 2026-09-30 12:36:29,562 - torchtitan.trainer - INFO - Peak FLOPS used for computing MFU: 9.890e+14
[rank1]:[titan] 2026-09-30 12:36:29,562 - torchtitan.trainer - INFO - CUDA memory usage for model: 7.14GiB(9.02%)
[rank1]:[titan] 2026-09-30 12:36:29,562 - torchtitan.trainer - INFO - Trainer is initialized with 16384 tokens per DP rank, 16384 tokens per train step, gradient accumulation steps 1, maximum context length 2048, total steps 20 (warmup 2)
[rank1]:[titan] 2026-09-30 12:36:29,562 - torchtitan.trainer - INFO - Training starts at step 1
[rank3]:[titan] 2026-09-30 12:36:29,545 - torchtitan.training_engine - INFO - Model KimiK3Model.Config size: 12,059,226,240 total parameters
[rank3]:[titan] 2026-09-30 12:36:29,546 - torchtitan.components.optimizer.optimizer - INFO - Optimizer AdamW (model_part=0): 28 params [.*] {'lr': 0.0008, 'betas': (0.9, 0.95), 'eps': 1e-08, 'weight_decay': 0.1, 'foreach': None, 'fused': True}
[rank3]:[titan] 2026-09-30 12:36:29,546 - torchtitan.components.optimizer.optimizer - INFO - Optimizer AdamW (model_part=1): 28 params [.*] {'lr': 0.0008, 'betas': (0.9, 0.95), 'eps': 1e-08, 'weight_decay': 0.1, 'foreach': None, 'fused': True}
[rank3]:[titan] 2026-09-30 12:36:29,547 - torchtitan.components.optimizer.optimizer - INFO - Optimizer AdamW (model_part=2): 28 params [.*] {'lr': 0.0008, 'betas': (0.9, 0.95), 'eps': 1e-08, 'weight_decay': 0.1, 'foreach': None, 'fused': True}
[rank3]:[titan] 2026-09-30 12:36:29,547 - torchtitan.components.optimizer.optimizer - INFO - Optimizer AdamW (model_part=3): 4 params [.*] {'lr': 0.0008, 'betas': (0.9, 0.95), 'eps': 1e-08, 'weight_decay': 0.1, 'foreach': None, 'fused': True}
[rank3]:[titan] 2026-09-30 12:36:29,548 - torchtitan.observability.metrics - WARNING - [31mPipeline Parallel loss is not visible. Please add [33mrank 3[31m to LOG_RANK environment variable in run_train.sh.[39m
[rank3]:[titan] 2026-09-30 12:36:29,548 - torchtitan.trainer - INFO - Peak FLOPS used for computing MFU: 9.890e+14
[rank3]:[titan] 2026-09-30 12:36:29,548 - torchtitan.trainer - INFO - CUDA memory usage for model: 5.41GiB(6.83%)
[rank3]:[titan] 2026-09-30 12:36:29,548 - torchtitan.trainer - INFO - Trainer is initialized with 16384 tokens per DP rank, 16384 tokens per train step, gradient accumulation steps 1, maximum context length 2048, total steps 20 (warmup 2)
[rank3]:[titan] 2026-09-30 12:36:29,548 - torchtitan.trainer - INFO - Training starts at step 1
[rank2]:[titan] 2026-09-30 12:36:29,559 - torchtitan.training_engine - INFO - Model KimiK3Model.Config size: 12,059,226,240 total parameters
[rank2]:[titan] 2026-09-30 12:36:29,560 - torchtitan.components.optimizer.optimizer - INFO - Optimizer AdamW (model_part=0): 50 params [.*] {'lr': 0.0008, 'betas': (0.9, 0.95), 'eps': 1e-08, 'weight_decay': 0.1, 'foreach': None, 'fused': True}
[rank2]:[titan] 2026-09-30 12:36:29,560 - torchtitan.components.optimizer.optimizer - INFO - Optimizer AdamW (model_part=1): 28 params [.*] {'lr': 0.0008, 'betas': (0.9, 0.95), 'eps': 1e-08, 'weight_decay': 0.1, 'foreach': None, 'fused': True}
[rank2]:[titan] 2026-09-30 12:36:29,561 - torchtitan.components.optimizer.optimizer - INFO - Optimizer AdamW (model_part=2): 28 params [.*] {'lr': 0.0008, 'betas': (0.9, 0.95), 'eps': 1e-08, 'weight_decay': 0.1, 'foreach': None, 'fused': True}
[rank2]:[titan] 2026-09-30 12:36:29,561 - torchtitan.components.optimizer.optimizer - INFO - Optimizer AdamW (model_part=3): 22 params [.*] {'lr': 0.0008, 'betas': (0.9, 0.95), 'eps': 1e-08, 'weight_decay': 0.1, 'foreach': None, 'fused': True}
[rank2]:[titan] 2026-09-30 12:36:29,562 - torchtitan.observability.metrics - WARNING - [31mPipeline Parallel loss is not visible. Please add [33mrank 3[31m to LOG_RANK environment variable in run_train.sh.[39m
[rank2]:[titan] 2026-09-30 12:36:29,562 - torchtitan.trainer - INFO - Peak FLOPS used for computing MFU: 9.890e+14
[rank2]:[titan] 2026-09-30 12:36:29,562 - torchtitan.trainer - INFO - CUDA memory usage for model: 7.57GiB(9.55%)
[rank2]:[titan] 2026-09-30 12:36:29,562 - torchtitan.trainer - INFO - Trainer is initialized with 16384 tokens per DP rank, 16384 tokens per train step, gradient accumulation steps 1, maximum context length 2048, total steps 20 (warmup 2)
[rank2]:[titan] 2026-09-30 12:36:29,562 - torchtitan.trainer - INFO - Training starts at step 1
[rank0]:[titan] 2026-09-30 12:36:29,657 - torchtitan.training_engine - INFO - Model KimiK3Model.Config size: 12,059,226,240 total parameters
[rank0]:[titan] 2026-09-30 12:36:29,659 - torchtitan.components.optimizer.optimizer - INFO - Optimizer AdamW (model_part=0): 243 params [.*] {'lr': 0.0008, 'betas': (0.9, 0.95), 'eps': 1e-08, 'weight_decay': 0.1, 'foreach': None, 'fused': True}
[rank0]:[titan] 2026-09-30 12:36:29,660 - torchtitan.components.optimizer.optimizer - INFO - Optimizer AdamW (model_part=1): 28 params [.*] {'lr': 0.0008, 'betas': (0.9, 0.95), 'eps': 1e-08, 'weight_decay': 0.1, 'foreach': None, 'fused': True}
[rank0]:[titan] 2026-09-30 12:36:29,660 - torchtitan.components.optimizer.optimizer - INFO - Optimizer AdamW (model_part=2): 28 params [.*] {'lr': 0.0008, 'betas': (0.9, 0.95), 'eps': 1e-08, 'weight_decay': 0.1, 'foreach': None, 'fused': True}
[rank0]:[titan] 2026-09-30 12:36:29,660 - torchtitan.components.optimizer.optimizer - INFO - Optimizer AdamW (model_part=3): 28 params [.*] {'lr': 0.0008, 'betas': (0.9, 0.95), 'eps': 1e-08, 'weight_decay': 0.1, 'foreach': None, 'fused': True}
[rank0]:[titan] 2026-09-30 12:36:29,662 - torchtitan.observability.metrics - WARNING - [31mPipeline Parallel loss is not visible. Please add [33mrank 3[31m to LOG_RANK environment variable in run_train.sh.[39m
[rank0]:[titan] 2026-09-30 12:36:29,662 - torchtitan.trainer - INFO - Peak FLOPS used for computing MFU: 9.890e+14
[rank0]:[titan] 2026-09-30 12:36:29,662 - torchtitan.trainer - INFO - CUDA memory usage for model: 7.30GiB(9.21%)
[rank0]:[titan] 2026-09-30 12:36:29,662 - torchtitan.trainer - INFO - Trainer is initialized with 16384 tokens per DP rank, 16384 tokens per train step, gradient accumulation steps 1, maximum context length 2048, total steps 20 (warmup 2)
[rank0]:[titan] 2026-09-30 12:36:29,662 - torchtitan.trainer - INFO - Training starts at step 1
[rank2]:[titan] 2026-09-30 12:37:05,109 - torchtitan.models.kimi_k3.pipeline_parallel.vision_dep - INFO - vision_dep: 3 micro-batch(es) with images; encodes 3 before the schedule, 0 in idle slots; backwards 0 in idle slots, 3 after it
[rank0]:[titan] 2026-09-30 12:37:05,110 - torchtitan.models.kimi_k3.pipeline_parallel.vision_dep - INFO - vision_dep: 3 micro-batch(es) with images; encodes 3 before the schedule, 0 in idle slots; backwards 0 in idle slots, 3 after it
[rank3]:[titan] 2026-09-30 12:37:05,109 - torchtitan.models.kimi_k3.pipeline_parallel.vision_dep - INFO - vision_dep: 3 micro-batch(es) with images; encodes 3 before the schedule, 0 in idle slots; backwards 0 in idle slots, 3 after it
[rank1]:[titan] 2026-09-30 12:37:05,110 - torchtitan.models.kimi_k3.pipeline_parallel.vision_dep - INFO - vision_dep: 3 micro-batch(es) with images; encodes 3 before the schedule, 0 in idle slots; backwards 0 in idle slots, 3 after it
[rank1]:/root/mep/venv_src/lib/python3.12/site-packages/torch/distributed/fsdp/_fully_shard/_fsdp_state.py:336: UserWarning: FSDP2-wrapped module (FSDPCheckpointWrapper) returned a view tensor. An in-place op on this view (e.g., `x += y`) will silently drop the pre-backward hook and skip the all-gather, which can cause backward to fail or produce wrong gradients. Use out-of-place ops (`out = out + y`, not `out += y`) or `.clone()` the output before any in-place op.
[rank1]:  output = self._register_pre_backward_hook(output)
[rank1]:/root/mep/venv_src/lib/python3.12/site-packages/torch/distributed/fsdp/_fully_shard/_fsdp_state.py:336: UserWarning: FSDP2-wrapped module (FSDPKimiK3Model) returned a view tensor. An in-place op on this view (e.g., `x += y`) will silently drop the pre-backward hook and skip the all-gather, which can cause backward to fail or produce wrong gradients. Use out-of-place ops (`out = out + y`, not `out += y`) or `.clone()` the output before any in-place op.
[rank1]:  output = self._register_pre_backward_hook(output)
[rank2]:/root/mep/venv_src/lib/python3.12/site-packages/torch/distributed/fsdp/_fully_shard/_fsdp_state.py:336: UserWarning: FSDP2-wrapped module (FSDPCheckpointWrapper) returned a view tensor. An in-place op on this view (e.g., `x += y`) will silently drop the pre-backward hook and skip the all-gather, which can cause backward to fail or produce wrong gradients. Use out-of-place ops (`out = out + y`, not `out += y`) or `.clone()` the output before any in-place op.
[rank2]:  output = self._register_pre_backward_hook(output)
[rank3]:/root/mep/venv_src/lib/python3.12/site-packages/torch/distributed/fsdp/_fully_shard/_fsdp_state.py:336: UserWarning: FSDP2-wrapped module (FSDPCheckpointWrapper) returned a view tensor. An in-place op on this view (e.g., `x += y`) will silently drop the pre-backward hook and skip the all-gather, which can cause backward to fail or produce wrong gradients. Use out-of-place ops (`out = out + y`, not `out += y`) or `.clone()` the output before any in-place op.
[rank3]:  output = self._register_pre_backward_hook(output)
[rank3]:/root/mep/venv_src/lib/python3.12/site-packages/torch/distributed/fsdp/_fully_shard/_fsdp_state.py:336: UserWarning: FSDP2-wrapped module (FSDPKimiK3Model) returned a view tensor. An in-place op on this view (e.g., `x += y`) will silently drop the pre-backward hook and skip the all-gather, which can cause backward to fail or produce wrong gradients. Use out-of-place ops (`out = out + y`, not `out += y`) or `.clone()` the output before any in-place op.
[rank3]:  output = self._register_pre_backward_hook(output)
[rank0]:/root/mep/venv_src/lib/python3.12/site-packages/torch/distributed/fsdp/_fully_shard/_fsdp_state.py:336: UserWarning: FSDP2-wrapped module (FSDPCheckpointWrapper) returned a view tensor. An in-place op on this view (e.g., `x += y`) will silently drop the pre-backward hook and skip the all-gather, which can cause backward to fail or produce wrong gradients. Use out-of-place ops (`out = out + y`, not `out += y`) or `.clone()` the output before any in-place op.
[rank0]:  output = self._register_pre_backward_hook(output)
[rank0]:/root/mep/venv_src/lib/python3.12/site-packages/torch/distributed/fsdp/_fully_shard/_fsdp_state.py:336: UserWarning: FSDP2-wrapped module (FSDPKimiK3Model) returned a view tensor. An in-place op on this view (e.g., `x += y`) will silently drop the pre-backward hook and skip the all-gather, which can cause backward to fail or produce wrong gradients. Use out-of-place ops (`out = out + y`, not `out += y`) or `.clone()` the output before any in-place op.
[rank0]:  output = self._register_pre_backward_hook(output)
[rank1]:/root/mep/venv_src/lib/python3.12/site-packages/torch/distributed/fsdp/_fully_shard/_fsdp_state.py:336: UserWarning: FSDP2-wrapped module (FSDPCheckpointWrapper) returned a view tensor. An in-place op on this view (e.g., `x += y`) will silently drop the pre-backward hook and skip the all-gather, which can cause backward to fail or produce wrong gradients. Use out-of-place ops (`out = out + y`, not `out += y`) or `.clone()` the output before any in-place op.
[rank1]:  output = self._register_pre_backward_hook(output)
[rank1]:/root/mep/venv_src/lib/python3.12/site-packages/torch/distributed/fsdp/_fully_shard/_fsdp_state.py:336: UserWarning: FSDP2-wrapped module (FSDPKimiK3Model) returned a view tensor. An in-place op on this view (e.g., `x += y`) will silently drop the pre-backward hook and skip the all-gather, which can cause backward to fail or produce wrong gradients. Use out-of-place ops (`out = out + y`, not `out += y`) or `.clone()` the output before any in-place op.
[rank1]:  output = self._register_pre_backward_hook(output)
[rank3]:[titan] 2026-09-30 12:37:16,536 - torchtitan.observability.metrics - INFO - [31mstep:  1  [32mloss:  8.12706  [38;2;180;60;0mgrad_norm: 43.7500  [38;2;54;234;195mmemory: 47.04GiB(59.38%)  [34mtps: 82  [36mtflops: 4.48  [35mmfu: 0.45%[39m
[rank3]:[titan] 2026-09-30 12:37:16,536 - torchtitan.distributed.utils - INFO - Synchronizing and adjusting timeout for all ProcessGroups to 0:01:40
[rank1]:[titan] 2026-09-30 12:37:16,576 - torchtitan.observability.metrics - INFO - [31mstep:  1  [32mloss: -1.00000  [38;2;180;60;0mgrad_norm: 43.7500  [38;2;54;234;195mmemory: 54.25GiB(68.49%)  [34mtps: 82  [36mtflops: 4.48  [35mmfu: 0.45%[39m
[rank1]:[titan] 2026-09-30 12:37:16,579 - torchtitan.distributed.utils - INFO - Synchronizing and adjusting timeout for all ProcessGroups to 0:01:40
[rank2]:[titan] 2026-09-30 12:37:16,588 - torchtitan.observability.metrics - INFO - [31mstep:  1  [32mloss: -1.00000  [38;2;180;60;0mgrad_norm: 43.7500  [38;2;54;234;195mmemory: 61.20GiB(77.26%)  [34mtps: 82  [36mtflops: 4.48  [35mmfu: 0.45%[39m
[rank2]:[titan] 2026-09-30 12:37:16,589 - torchtitan.distributed.utils - INFO - Synchronizing and adjusting timeout for all ProcessGroups to 0:01:40
[rank0]:[titan] 2026-09-30 12:37:16,891 - torchtitan.observability.metrics - INFO - [31mstep:  1  [32mloss: -1.00000  [38;2;180;60;0mgrad_norm: 43.7500  [38;2;54;234;195mmemory: 55.28GiB(69.78%)  [34mtps: 82  [36mtflops: 4.45  [35mmfu: 0.45%[39m
[rank0]:[titan] 2026-09-30 12:37:16,891 - torchtitan.distributed.utils - INFO - Synchronizing and adjusting timeout for all ProcessGroups to 0:01:40
[rank1]:/root/mep/venv_src/lib/python3.12/site-packages/torch/distributed/fsdp/_fully_shard/_fsdp_state.py:336: UserWarning: FSDP2-wrapped module (FSDPCheckpointWrapper) returned a view tensor. An in-place op on this view (e.g., `x += y`) will silently drop the pre-backward hook and skip the all-gather, which can cause backward to fail or produce wrong gradients. Use out-of-place ops (`out = out + y`, not `out += y`) or `.clone()` the output before any in-place op.
[rank1]:  output = self._register_pre_backward_hook(output)
[rank1]:/root/mep/venv_src/lib/python3.12/site-packages/torch/distributed/fsdp/_fully_shard/_fsdp_state.py:336: UserWarning: FSDP2-wrapped module (FSDPKimiK3Model) returned a view tensor. An in-place op on this view (e.g., `x += y`) will silently drop the pre-backward hook and skip the all-gather, which can cause backward to fail or produce wrong gradients. Use out-of-place ops (`out = out + y`, not `out += y`) or `.clone()` the output before any in-place op.
[rank1]:  output = self._register_pre_backward_hook(output)
[rank2]:/root/mep/venv_src/lib/python3.12/site-packages/torch/distributed/fsdp/_fully_shard/_fsdp_state.py:336: UserWarning: FSDP2-wrapped module (FSDPCheckpointWrapper) returned a view tensor. An in-place op on this view (e.g., `x += y`) will silently drop the pre-backward hook and skip the all-gather, which can cause backward to fail or produce wrong gradients. Use out-of-place ops (`out = out + y`, not `out += y`) or `.clone()` the output before any in-place op.
[rank2]:  output = self._register_pre_backward_hook(output)
[rank3]:[titan] 2026-09-30 12:37:18,851 - torchtitan.observability.metrics - INFO - [31mstep:  2  [32mloss:  7.43807  [38;2;180;60;0mgrad_norm: 69.0000  [38;2;54;234;195mmemory: 55.91GiB(70.59%)  [34mtps: 1,770  [36mtflops: 96.62  [35mmfu: 9.77%[39m
[rank0]:[titan] 2026-09-30 12:37:18,857 - torchtitan.observability.metrics - INFO - [31mstep:  2  [32mloss: -1.00000  [38;2;180;60;0mgrad_norm: 69.0000  [38;2;54;234;195mmemory: 68.28GiB(86.20%)  [34mtps: 2,083  [36mtflops: 113.73  [35mmfu: 11.50%[39m
[rank1]:[titan] 2026-09-30 12:37:18,856 - torchtitan.observability.metrics - INFO - [31mstep:  2  [32mloss: -1.00000  [38;2;180;60;0mgrad_norm: 69.0000  [38;2;54;234;195mmemory: 65.11GiB(82.20%)  [34mtps: 1,797  [36mtflops: 98.09  [35mmfu: 9.92%[39m
[rank2]:[titan] 2026-09-30 12:37:18,858 - torchtitan.observability.metrics - INFO - [31mstep:  2  [32mloss: -1.00000  [38;2;180;60;0mgrad_norm: 69.0000  [38;2;54;234;195mmemory: 71.66GiB(90.47%)  [34mtps: 1,805  [36mtflops: 98.54  [35mmfu: 9.96%[39m
[rank3]:/root/mep/venv_src/lib/python3.12/site-packages/torch/distributed/fsdp/_fully_shard/_fsdp_state.py:336: UserWarning: FSDP2-wrapped module (FSDPCheckpointWrapper) returned a view tensor. An in-place op on this view (e.g., `x += y`) will silently drop the pre-backward hook and skip the all-gather, which can cause backward to fail or produce wrong gradients. Use out-of-place ops (`out = out + y`, not `out += y`) or `.clone()` the output before any in-place op.
[rank3]:  output = self._register_pre_backward_hook(output)
[rank3]:/root/mep/venv_src/lib/python3.12/site-packages/torch/distributed/fsdp/_fully_shard/_fsdp_state.py:336: UserWarning: FSDP2-wrapped module (FSDPKimiK3Model) returned a view tensor. An in-place op on this view (e.g., `x += y`) will silently drop the pre-backward hook and skip the all-gather, which can cause backward to fail or produce wrong gradients. Use out-of-place ops (`out = out + y`, not `out += y`) or `.clone()` the output before any in-place op.
[rank3]:  output = self._register_pre_backward_hook(output)
[rank3]:[titan] 2026-09-30 12:37:24,274 - torchtitan.observability.metrics - INFO - [31mstep:  3  [32mloss:  6.74593  [38;2;180;60;0mgrad_norm: 82.5000  [38;2;54;234;195mmemory: 55.91GiB(70.59%)  [34mtps: 755  [36mtflops: 41.24  [35mmfu: 4.17%[39m
[rank0]:[titan] 2026-09-30 12:37:24,281 - torchtitan.observability.metrics - INFO - [31mstep:  3  [32mloss: -1.00000  [38;2;180;60;0mgrad_norm: 82.5000  [38;2;54;234;195mmemory: 68.28GiB(86.20%)  [34mtps: 755  [36mtflops: 41.24  [35mmfu: 4.17%[39m
[rank1]:[titan] 2026-09-30 12:37:24,280 - torchtitan.observability.metrics - INFO - [31mstep:  3  [32mloss: -1.00000  [38;2;180;60;0mgrad_norm: 82.5000  [38;2;54;234;195mmemory: 65.11GiB(82.20%)  [34mtps: 755  [36mtflops: 41.24  [35mmfu: 4.17%[39m
[rank2]:[titan] 2026-09-30 12:37:24,283 - torchtitan.observability.metrics - INFO - [31mstep:  3  [32mloss: -1.00000  [38;2;180;60;0mgrad_norm: 82.5000  [38;2;54;234;195mmemory: 71.66GiB(90.47%)  [34mtps: 755  [36mtflops: 41.22  [35mmfu: 4.17%[39m
[rank3]:/root/mep/venv_src/lib/python3.12/site-packages/torch/distributed/fsdp/_fully_shard/_fsdp_state.py:336: UserWarning: FSDP2-wrapped module (FSDPCheckpointWrapper) returned a view tensor. An in-place op on this view (e.g., `x += y`) will silently drop the pre-backward hook and skip the all-gather, which can cause backward to fail or produce wrong gradients. Use out-of-place ops (`out = out + y`, not `out += y`) or `.clone()` the output before any in-place op.
[rank3]:  output = self._register_pre_backward_hook(output)
[rank3]:/root/mep/venv_src/lib/python3.12/site-packages/torch/distributed/fsdp/_fully_shard/_fsdp_state.py:336: UserWarning: FSDP2-wrapped module (FSDPKimiK3Model) returned a view tensor. An in-place op on this view (e.g., `x += y`) will silently drop the pre-backward hook and skip the all-gather, which can cause backward to fail or produce wrong gradients. Use out-of-place ops (`out = out + y`, not `out += y`) or `.clone()` the output before any in-place op.
[rank3]:  output = self._register_pre_backward_hook(output)
[rank3]:[titan] 2026-09-30 12:37:26,538 - torchtitan.observability.metrics - INFO - [31mstep:  4  [32mloss:  8.57298  [38;2;180;60;0mgrad_norm: 112.0000  [38;2;54;234;195mmemory: 55.91GiB(70.59%)  [34mtps: 1,809  [36mtflops: 98.78  [35mmfu: 9.99%[39m
[rank0]:[titan] 2026-09-30 12:37:26,545 - torchtitan.observability.metrics - INFO - [31mstep:  4  [32mloss: -1.00000  [38;2;180;60;0mgrad_norm: 112.0000  [38;2;54;234;195mmemory: 68.28GiB(86.20%)  [34mtps: 1,810  [36mtflops: 98.81  [35mmfu: 9.99%[39m
[rank1]:[titan] 2026-09-30 12:37:26,544 - torchtitan.observability.metrics - INFO - [31mstep:  4  [32mloss: -1.00000  [38;2;180;60;0mgrad_norm: 112.0000  [38;2;54;234;195mmemory: 65.11GiB(82.20%)  [34mtps: 1,810  [36mtflops: 98.81  [35mmfu: 9.99%[39m
[rank2]:[titan] 2026-09-30 12:37:26,545 - torchtitan.observability.metrics - INFO - [31mstep:  4  [32mloss: -1.00000  [38;2;180;60;0mgrad_norm: 112.0000  [38;2;54;234;195mmemory: 71.66GiB(90.47%)  [34mtps: 1,811  [36mtflops: 98.88  [35mmfu: 10.00%[39m
[rank3]:[titan] 2026-09-30 12:37:28,474 - torchtitan.observability.metrics - INFO - [31mstep:  5  [32mloss:  7.20348  [38;2;180;60;0mgrad_norm: 386.0000  [38;2;54;234;195mmemory: 55.91GiB(70.59%)  [34mtps: 2,116  [36mtflops: 115.55  [35mmfu: 11.68%[39m
[rank0]:[titan] 2026-09-30 12:37:28,480 - torchtitan.observability.metrics - INFO - [31mstep:  5  [32mloss: -1.00000  [38;2;180;60;0mgrad_norm: 386.0000  [38;2;54;234;195mmemory: 68.28GiB(86.20%)  [34mtps: 2,116  [36mtflops: 115.55  [35mmfu: 11.68%[39m
[rank1]:[titan] 2026-09-30 12:37:28,479 - torchtitan.observability.metrics - INFO - [31mstep:  5  [32mloss: -1.00000  [38;2;180;60;0mgrad_norm: 386.0000  [38;2;54;234;195mmemory: 65.11GiB(82.20%)  [34mtps: 2,116  [36mtflops: 115.55  [35mmfu: 11.68%[39m
[rank2]:[titan] 2026-09-30 12:37:28,481 - torchtitan.observability.metrics - INFO - [31mstep:  5  [32mloss: -1.00000  [38;2;180;60;0mgrad_norm: 386.0000  [38;2;54;234;195mmemory: 71.66GiB(90.47%)  [34mtps: 2,116  [36mtflops: 115.55  [35mmfu: 11.68%[39m
[rank3]:[titan] 2026-09-30 12:37:30,456 - torchtitan.observability.metrics - INFO - [31mstep:  6  [32mloss:  8.10612  [38;2;180;60;0mgrad_norm: 916.0000  [38;2;54;234;195mmemory: 55.91GiB(70.59%)  [34mtps: 2,068  [36mtflops: 112.88  [35mmfu: 11.41%[39m
[rank1]:[titan] 2026-09-30 12:37:30,461 - torchtitan.observability.metrics - INFO - [31mstep:  6  [32mloss: -1.00000  [38;2;180;60;0mgrad_norm: 916.0000  [38;2;54;234;195mmemory: 65.11GiB(82.20%)  [34mtps: 2,067  [36mtflops: 112.87  [35mmfu: 11.41%[39m
[rank0]:[titan] 2026-09-30 12:37:30,462 - torchtitan.observability.metrics - INFO - [31mstep:  6  [32mloss: -1.00000  [38;2;180;60;0mgrad_norm: 916.0000  [38;2;54;234;195mmemory: 68.28GiB(86.20%)  [34mtps: 2,068  [36mtflops: 112.88  [35mmfu: 11.41%[39m
[rank2]:[titan] 2026-09-30 12:37:30,462 - torchtitan.observability.metrics - INFO - [31mstep:  6  [32mloss: -1.00000  [38;2;180;60;0mgrad_norm: 916.0000  [38;2;54;234;195mmemory: 71.66GiB(90.47%)  [34mtps: 2,068  [36mtflops: 112.88  [35mmfu: 11.41%[39m
[rank3]:[titan] 2026-09-30 12:37:32,399 - torchtitan.observability.metrics - INFO - [31mstep:  7  [32mloss:  6.15774  [38;2;180;60;0mgrad_norm: 394.0000  [38;2;54;234;195mmemory: 55.91GiB(70.59%)  [34mtps: 2,109  [36mtflops: 115.12  [35mmfu: 11.64%[39m
[rank0]:[titan] 2026-09-30 12:37:32,405 - torchtitan.observability.metrics - INFO - [31mstep:  7  [32mloss: -1.00000  [38;2;180;60;0mgrad_norm: 394.0000  [38;2;54;234;195mmemory: 68.28GiB(86.20%)  [34mtps: 2,108  [36mtflops: 115.11  [35mmfu: 11.64%[39m
[rank1]:[titan] 2026-09-30 12:37:32,404 - torchtitan.observability.metrics - INFO - [31mstep:  7  [32mloss: -1.00000  [38;2;180;60;0mgrad_norm: 394.0000  [38;2;54;234;195mmemory: 65.11GiB(82.20%)  [34mtps: 2,109  [36mtflops: 115.14  [35mmfu: 11.64%[39m
[rank2]:[titan] 2026-09-30 12:37:32,405 - torchtitan.observability.metrics - INFO - [31mstep:  7  [32mloss: -1.00000  [38;2;180;60;0mgrad_norm: 394.0000  [38;2;54;234;195mmemory: 71.66GiB(90.47%)  [34mtps: 2,108  [36mtflops: 115.11  [35mmfu: 11.64%[39m
[rank3]:[titan] 2026-09-30 12:37:34,342 - torchtitan.observability.metrics - INFO - [31mstep:  8  [32mloss:  6.30299  [38;2;180;60;0mgrad_norm: 37.5000  [38;2;54;234;195mmemory: 55.91GiB(70.59%)  [34mtps: 2,108  [36mtflops: 115.10  [35mmfu: 11.64%[39m
[rank0]:[titan] 2026-09-30 12:37:34,348 - torchtitan.observability.metrics - INFO - [31mstep:  8  [32mloss: -1.00000  [38;2;180;60;0mgrad_norm: 37.5000  [38;2;54;234;195mmemory: 68.28GiB(86.20%)  [34mtps: 2,108  [36mtflops: 115.11  [35mmfu: 11.64%[39m
[rank1]:[titan] 2026-09-30 12:37:34,347 - torchtitan.observability.metrics - INFO - [31mstep:  8  [32mloss: -1.00000  [38;2;180;60;0mgrad_norm: 37.5000  [38;2;54;234;195mmemory: 65.11GiB(82.20%)  [34mtps: 2,108  [36mtflops: 115.11  [35mmfu: 11.64%[39m
[rank2]:[titan] 2026-09-30 12:37:34,348 - torchtitan.observability.metrics - INFO - [31mstep:  8  [32mloss: -1.00000  [38;2;180;60;0mgrad_norm: 37.5000  [38;2;54;234;195mmemory: 71.66GiB(90.47%)  [34mtps: 2,108  [36mtflops: 115.10  [35mmfu: 11.64%[39m
[rank3]:[titan] 2026-09-30 12:37:36,319 - torchtitan.observability.metrics - INFO - [31mstep:  9  [32mloss:  7.81252  [38;2;180;60;0mgrad_norm: 43.7500  [38;2;54;234;195mmemory: 55.91GiB(70.59%)  [34mtps: 2,072  [36mtflops: 113.14  [35mmfu: 11.44%[39m
[rank0]:[titan] 2026-09-30 12:37:36,326 - torchtitan.observability.metrics - INFO - [31mstep:  9  [32mloss: -1.00000  [38;2;180;60;0mgrad_norm: 43.7500  [38;2;54;234;195mmemory: 68.28GiB(86.20%)  [34mtps: 2,072  [36mtflops: 113.10  [35mmfu: 11.44%[39m
[rank1]:[titan] 2026-09-30 12:37:36,324 - torchtitan.observability.metrics - INFO - [31mstep:  9  [32mloss: -1.00000  [38;2;180;60;0mgrad_norm: 43.7500  [38;2;54;234;195mmemory: 65.11GiB(82.20%)  [34mtps: 2,072  [36mtflops: 113.10  [35mmfu: 11.44%[39m
[rank2]:[titan] 2026-09-30 12:37:36,326 - torchtitan.observability.metrics - INFO - [31mstep:  9  [32mloss: -1.00000  [38;2;180;60;0mgrad_norm: 43.7500  [38;2;54;234;195mmemory: 71.66GiB(90.47%)  [34mtps: 2,072  [36mtflops: 113.13  [35mmfu: 11.44%[39m
[rank3]:[titan] 2026-09-30 12:37:38,326 - torchtitan.observability.metrics - INFO - [31mstep: 10  [32mloss:  5.99549  [38;2;180;60;0mgrad_norm: 52.7500  [38;2;54;234;195mmemory: 55.91GiB(70.59%)  [34mtps: 2,041  [36mtflops: 111.42  [35mmfu: 11.27%[39m
[rank0]:[titan] 2026-09-30 12:37:38,333 - torchtitan.observability.metrics - INFO - [31mstep: 10  [32mloss: -1.00000  [38;2;180;60;0mgrad_norm: 52.7500  [38;2;54;234;195mmemory: 68.28GiB(86.20%)  [34mtps: 2,041  [36mtflops: 111.42  [35mmfu: 11.27%[39m
[rank1]:[titan] 2026-09-30 12:37:38,332 - torchtitan.observability.metrics - INFO - [31mstep: 10  [32mloss: -1.00000  [38;2;180;60;0mgrad_norm: 52.7500  [38;2;54;234;195mmemory: 65.11GiB(82.20%)  [34mtps: 2,041  [36mtflops: 111.43  [35mmfu: 11.27%[39m
[rank2]:[titan] 2026-09-30 12:37:38,333 - torchtitan.observability.metrics - INFO - [31mstep: 10  [32mloss: -1.00000  [38;2;180;60;0mgrad_norm: 52.7500  [38;2;54;234;195mmemory: 71.66GiB(90.47%)  [34mtps: 2,041  [36mtflops: 111.41  [35mmfu: 11.27%[39m
[rank3]:[titan] 2026-09-30 12:37:40,280 - torchtitan.observability.metrics - INFO - [31mstep: 11  [32mloss:  5.13088  [38;2;180;60;0mgrad_norm: 19.3750  [38;2;54;234;195mmemory: 55.91GiB(70.59%)  [34mtps: 2,097  [36mtflops: 114.49  [35mmfu: 11.58%[39m
[rank0]:[titan] 2026-09-30 12:37:40,286 - torchtitan.observability.metrics - INFO - [31mstep: 11  [32mloss: -1.00000  [38;2;180;60;0mgrad_norm: 19.3750  [38;2;54;234;195mmemory: 68.28GiB(86.20%)  [34mtps: 2,097  [36mtflops: 114.51  [35mmfu: 11.58%[39m
[rank1]:[titan] 2026-09-30 12:37:40,285 - torchtitan.observability.metrics - INFO - [31mstep: 11  [32mloss: -1.00000  [38;2;180;60;0mgrad_norm: 19.3750  [38;2;54;234;195mmemory: 65.11GiB(82.20%)  [34mtps: 2,097  [36mtflops: 114.51  [35mmfu: 11.58%[39m
[rank2]:[titan] 2026-09-30 12:37:40,287 - torchtitan.observability.metrics - INFO - [31mstep: 11  [32mloss: -1.00000  [38;2;180;60;0mgrad_norm: 19.3750  [38;2;54;234;195mmemory: 71.66GiB(90.47%)  [34mtps: 2,097  [36mtflops: 114.51  [35mmfu: 11.58%[39m
[rank3]:[titan] 2026-09-30 12:37:42,261 - torchtitan.observability.metrics - INFO - [31mstep: 12  [32mloss:  4.16434  [38;2;180;60;0mgrad_norm: 18.7500  [38;2;54;234;195mmemory: 55.91GiB(70.59%)  [34mtps: 2,068  [36mtflops: 112.93  [35mmfu: 11.42%[39m
[rank0]:[titan] 2026-09-30 12:37:42,267 - torchtitan.observability.metrics - INFO - [31mstep: 12  [32mloss: -1.00000  [38;2;180;60;0mgrad_norm: 18.7500  [38;2;54;234;195mmemory: 68.28GiB(86.20%)  [34mtps: 2,068  [36mtflops: 112.92  [35mmfu: 11.42%[39m
[rank1]:[titan] 2026-09-30 12:37:42,266 - torchtitan.observability.metrics - INFO - [31mstep: 12  [32mloss: -1.00000  [38;2;180;60;0mgrad_norm: 18.7500  [38;2;54;234;195mmemory: 65.11GiB(82.20%)  [34mtps: 2,068  [36mtflops: 112.92  [35mmfu: 11.42%[39m
[rank2]:[titan] 2026-09-30 12:37:42,267 - torchtitan.observability.metrics - INFO - [31mstep: 12  [32mloss: -1.00000  [38;2;180;60;0mgrad_norm: 18.7500  [38;2;54;234;195mmemory: 71.66GiB(90.47%)  [34mtps: 2,068  [36mtflops: 112.93  [35mmfu: 11.42%[39m
[rank3]:[titan] 2026-09-30 12:37:44,443 - torchtitan.observability.metrics - INFO - [31mstep: 13  [32mloss:  3.79742  [38;2;180;60;0mgrad_norm: 14.3750  [38;2;54;234;195mmemory: 55.91GiB(70.59%)  [34mtps: 1,877  [36mtflops: 102.50  [35mmfu: 10.36%[39m
[rank0]:[titan] 2026-09-30 12:37:44,449 - torchtitan.observability.metrics - INFO - [31mstep: 13  [32mloss: -1.00000  [38;2;180;60;0mgrad_norm: 14.3750  [38;2;54;234;195mmemory: 68.28GiB(86.20%)  [34mtps: 1,877  [36mtflops: 102.49  [35mmfu: 10.36%[39m
[rank1]:[titan] 2026-09-30 12:37:44,448 - torchtitan.observability.metrics - INFO - [31mstep: 13  [32mloss: -1.00000  [38;2;180;60;0mgrad_norm: 14.3750  [38;2;54;234;195mmemory: 65.11GiB(82.20%)  [34mtps: 1,877  [36mtflops: 102.48  [35mmfu: 10.36%[39m
[rank2]:[titan] 2026-09-30 12:37:44,450 - torchtitan.observability.metrics - INFO - [31mstep: 13  [32mloss: -1.00000  [38;2;180;60;0mgrad_norm: 14.3750  [38;2;54;234;195mmemory: 71.66GiB(90.47%)  [34mtps: 1,877  [36mtflops: 102.48  [35mmfu: 10.36%[39m
[rank3]:[titan] 2026-09-30 12:37:46,425 - torchtitan.observability.metrics - INFO - [31mstep: 14  [32mloss:  3.69414  [38;2;180;60;0mgrad_norm: 17.6250  [38;2;54;234;195mmemory: 55.91GiB(70.59%)  [34mtps: 2,067  [36mtflops: 112.86  [35mmfu: 11.41%[39m
[rank0]:[titan] 2026-09-30 12:37:46,431 - torchtitan.observability.metrics - INFO - [31mstep: 14  [32mloss: -1.00000  [38;2;180;60;0mgrad_norm: 17.6250  [38;2;54;234;195mmemory: 68.28GiB(86.20%)  [34mtps: 2,068  [36mtflops: 112.88  [35mmfu: 11.41%[39m
[rank1]:[titan] 2026-09-30 12:37:46,429 - torchtitan.observability.metrics - INFO - [31mstep: 14  [32mloss: -1.00000  [38;2;180;60;0mgrad_norm: 17.6250  [38;2;54;234;195mmemory: 65.11GiB(82.20%)  [34mtps: 2,068  [36mtflops: 112.90  [35mmfu: 11.42%[39m
[rank2]:[titan] 2026-09-30 12:37:46,431 - torchtitan.observability.metrics - INFO - [31mstep: 14  [32mloss: -1.00000  [38;2;180;60;0mgrad_norm: 17.6250  [38;2;54;234;195mmemory: 71.66GiB(90.47%)  [34mtps: 2,068  [36mtflops: 112.89  [35mmfu: 11.41%[39m
[rank0]:[titan] 2026-09-30 12:37:48,394 - torchtitan.observability.metrics - INFO - [31mstep: 15  [32mloss: -1.00000  [38;2;180;60;0mgrad_norm: 12.7500  [38;2;54;234;195mmemory: 68.28GiB(86.20%)  [34mtps: 2,086  [36mtflops: 113.90  [35mmfu: 11.52%[39m
[rank1]:[titan] 2026-09-30 12:37:48,393 - torchtitan.observability.metrics - INFO - [31mstep: 15  [32mloss: -1.00000  [38;2;180;60;0mgrad_norm: 12.7500  [38;2;54;234;195mmemory: 65.11GiB(82.20%)  [34mtps: 2,086  [36mtflops: 113.90  [35mmfu: 11.52%[39m
[rank2]:[titan] 2026-09-30 12:37:48,395 - torchtitan.observability.metrics - INFO - [31mstep: 15  [32mloss: -1.00000  [38;2;180;60;0mgrad_norm: 12.7500  [38;2;54;234;195mmemory: 71.66GiB(90.47%)  [34mtps: 2,086  [36mtflops: 113.90  [35mmfu: 11.52%[39m
[rank3]:[titan] 2026-09-30 12:37:48,388 - torchtitan.observability.metrics - INFO - [31mstep: 15  [32mloss:  3.46044  [38;2;180;60;0mgrad_norm: 12.7500  [38;2;54;234;195mmemory: 55.91GiB(70.59%)  [34mtps: 2,087  [36mtflops: 113.94  [35mmfu: 11.52%[39m
[rank3]:[titan] 2026-09-30 12:37:50,335 - torchtitan.observability.metrics - INFO - [31mstep: 16  [32mloss:  3.17196  [38;2;180;60;0mgrad_norm: 10.7500  [38;2;54;234;195mmemory: 55.91GiB(70.59%)  [34mtps: 2,104  [36mtflops: 114.90  [35mmfu: 11.62%[39m
[rank0]:[titan] 2026-09-30 12:37:50,341 - torchtitan.observability.metrics - INFO - [31mstep: 16  [32mloss: -1.00000  [38;2;180;60;0mgrad_norm: 10.7500  [38;2;54;234;195mmemory: 68.28GiB(86.20%)  [34mtps: 2,104  [36mtflops: 114.89  [35mmfu: 11.62%[39m
[rank1]:[titan] 2026-09-30 12:37:50,340 - torchtitan.observability.metrics - INFO - [31mstep: 16  [32mloss: -1.00000  [38;2;180;60;0mgrad_norm: 10.7500  [38;2;54;234;195mmemory: 65.11GiB(82.20%)  [34mtps: 2,105  [36mtflops: 114.90  [35mmfu: 11.62%[39m
[rank2]:[titan] 2026-09-30 12:37:50,341 - torchtitan.observability.metrics - INFO - [31mstep: 16  [32mloss: -1.00000  [38;2;180;60;0mgrad_norm: 10.7500  [38;2;54;234;195mmemory: 71.66GiB(90.47%)  [34mtps: 2,104  [36mtflops: 114.90  [35mmfu: 11.62%[39m
[rank3]:[titan] 2026-09-30 12:37:52,247 - torchtitan.observability.metrics - INFO - [31mstep: 17  [32mloss:  3.02026  [38;2;180;60;0mgrad_norm: 28.8750  [38;2;54;234;195mmemory: 55.91GiB(70.59%)  [34mtps: 2,143  [36mtflops: 116.99  [35mmfu: 11.83%[39m
[rank0]:[titan] 2026-09-30 12:37:52,253 - torchtitan.observability.metrics - INFO - [31mstep: 17  [32mloss: -1.00000  [38;2;180;60;0mgrad_norm: 28.8750  [38;2;54;234;195mmemory: 68.28GiB(86.20%)  [34mtps: 2,143  [36mtflops: 116.99  [35mmfu: 11.83%[39m
[rank1]:[titan] 2026-09-30 12:37:52,252 - torchtitan.observability.metrics - INFO - [31mstep: 17  [32mloss: -1.00000  [38;2;180;60;0mgrad_norm: 28.8750  [38;2;54;234;195mmemory: 65.11GiB(82.20%)  [34mtps: 2,143  [36mtflops: 116.99  [35mmfu: 11.83%[39m
[rank2]:[titan] 2026-09-30 12:37:52,253 - torchtitan.observability.metrics - INFO - [31mstep: 17  [32mloss: -1.00000  [38;2;180;60;0mgrad_norm: 28.8750  [38;2;54;234;195mmemory: 71.66GiB(90.47%)  [34mtps: 2,143  [36mtflops: 116.99  [35mmfu: 11.83%[39m
[rank3]:[titan] 2026-09-30 12:37:54,236 - torchtitan.observability.metrics - INFO - [31mstep: 18  [32mloss:  3.16328  [38;2;180;60;0mgrad_norm: 11.3125  [38;2;54;234;195mmemory: 55.91GiB(70.59%)  [34mtps: 2,059  [36mtflops: 112.43  [35mmfu: 11.37%[39m
[rank0]:[titan] 2026-09-30 12:37:54,242 - torchtitan.observability.metrics - INFO - [31mstep: 18  [32mloss: -1.00000  [38;2;180;60;0mgrad_norm: 11.3125  [38;2;54;234;195mmemory: 68.28GiB(86.20%)  [34mtps: 2,059  [36mtflops: 112.42  [35mmfu: 11.37%[39m
[rank1]:[titan] 2026-09-30 12:37:54,241 - torchtitan.observability.metrics - INFO - [31mstep: 18  [32mloss: -1.00000  [38;2;180;60;0mgrad_norm: 11.3125  [38;2;54;234;195mmemory: 65.11GiB(82.20%)  [34mtps: 2,059  [36mtflops: 112.43  [35mmfu: 11.37%[39m
[rank2]:[titan] 2026-09-30 12:37:54,243 - torchtitan.observability.metrics - INFO - [31mstep: 18  [32mloss: -1.00000  [38;2;180;60;0mgrad_norm: 11.3125  [38;2;54;234;195mmemory: 71.66GiB(90.47%)  [34mtps: 2,059  [36mtflops: 112.43  [35mmfu: 11.37%[39m
[rank3]:[titan] 2026-09-30 12:37:56,487 - torchtitan.observability.metrics - INFO - [31mstep: 19  [32mloss:  3.17545  [38;2;180;60;0mgrad_norm: 81.0000  [38;2;54;234;195mmemory: 55.91GiB(70.59%)  [34mtps: 1,820  [36mtflops: 99.35  [35mmfu: 10.05%[39m
[rank0]:[titan] 2026-09-30 12:37:56,494 - torchtitan.observability.metrics - INFO - [31mstep: 19  [32mloss: -1.00000  [38;2;180;60;0mgrad_norm: 81.0000  [38;2;54;234;195mmemory: 68.28GiB(86.20%)  [34mtps: 1,819  [36mtflops: 99.34  [35mmfu: 10.04%[39m
[rank1]:[titan] 2026-09-30 12:37:56,493 - torchtitan.observability.metrics - INFO - [31mstep: 19  [32mloss: -1.00000  [38;2;180;60;0mgrad_norm: 81.0000  [38;2;54;234;195mmemory: 65.11GiB(82.20%)  [34mtps: 1,820  [36mtflops: 99.34  [35mmfu: 10.04%[39m
[rank2]:[titan] 2026-09-30 12:37:56,494 - torchtitan.observability.metrics - INFO - [31mstep: 19  [32mloss: -1.00000  [38;2;180;60;0mgrad_norm: 81.0000  [38;2;54;234;195mmemory: 71.66GiB(90.47%)  [34mtps: 1,820  [36mtflops: 99.34  [35mmfu: 10.04%[39m
[rank3]:[titan] 2026-09-30 12:37:58,694 - torchtitan.observability.metrics - INFO - [31mstep: 20  [32mloss:  2.85274  [38;2;180;60;0mgrad_norm: 32.2500  [38;2;54;234;195mmemory: 55.91GiB(70.59%)  [34mtps: 1,856  [36mtflops: 101.34  [35mmfu: 10.25%[39m
[rank3]:[titan] 2026-09-30 12:37:58,695 - torchtitan.trainer - INFO - Training completed
[rank0]:[titan] 2026-09-30 12:37:58,701 - torchtitan.observability.metrics - INFO - [31mstep: 20  [32mloss: -1.00000  [38;2;180;60;0mgrad_norm: 32.2500  [38;2;54;234;195mmemory: 68.28GiB(86.20%)  [34mtps: 1,856  [36mtflops: 101.34  [35mmfu: 10.25%[39m
[rank0]:[titan] 2026-09-30 12:37:58,701 - torchtitan.trainer - INFO - Sleeping 2 seconds for other ranks to complete
[rank1]:[titan] 2026-09-30 12:37:58,700 - torchtitan.observability.metrics - INFO - [31mstep: 20  [32mloss: -1.00000  [38;2;180;60;0mgrad_norm: 32.2500  [38;2;54;234;195mmemory: 65.11GiB(82.20%)  [34mtps: 1,856  [36mtflops: 101.34  [35mmfu: 10.25%[39m
[rank1]:[titan] 2026-09-30 12:37:58,700 - torchtitan.trainer - INFO - Training completed
[rank2]:[titan] 2026-09-30 12:37:58,701 - torchtitan.observability.metrics - INFO - [31mstep: 20  [32mloss: -1.00000  [38;2;180;60;0mgrad_norm: 32.2500  [38;2;54;234;195mmemory: 71.66GiB(90.47%)  [34mtps: 1,856  [36mtflops: 101.34  [35mmfu: 10.25%[39m
[rank2]:[titan] 2026-09-30 12:37:58,702 - torchtitan.trainer - INFO - Training completed
[rank0]:[titan] 2026-09-30 12:38:00,701 - torchtitan.trainer - INFO - Training completed
[rank3]:[titan] 2026-09-30 12:38:03,863 - __main__ - INFO - Process group destroyed
[rank0]:[titan] 2026-09-30 12:38:03,954 - __main__ - INFO - Process group destroyed
[rank2]:[titan] 2026-09-30 12:38:03,975 - __main__ - INFO - Process group destroyed
[rank1]:[titan] 2026-09-30 12:38:04,378 - __main__ - INFO - Process group destroyed
