W1001 08:28:20.080000 27742 torch/distributed/run.py:982] 
W1001 08:28:20.080000 27742 torch/distributed/run.py:982] *****************************************
W1001 08:28:20.080000 27742 torch/distributed/run.py:982] Setting OMP_NUM_THREADS environment variable for each process to be 1 in default, to avoid your system being overloaded, please further tune the variable for optimal performance in your application as needed. 
W1001 08:28:20.080000 27742 torch/distributed/run.py:982] *****************************************
[rank1]:WARNING:absl:Failed to load jax profiler: No module named 'jax'
[rank0]:WARNING:absl:Failed to load jax profiler: No module named 'jax'
[rank2]:WARNING:absl:Failed to load jax profiler: No module named 'jax'
[rank3]:WARNING:absl:Failed to load jax profiler: No module named 'jax'
[rank0]:[titan] 2026-10-01 08:28:26,420 - __main__ - INFO - torchtitan version: 0.0.0+unknown (0.0.0 means __version__ is not defined correctly).
[rank1]:[titan] 2026-10-01 08:28:26,485 - __main__ - INFO - torchtitan version: 0.0.0+unknown (0.0.0 means __version__ is not defined correctly).
[rank2]:[titan] 2026-10-01 08:28:26,573 - __main__ - INFO - torchtitan version: 0.0.0+unknown (0.0.0 means __version__ is not defined correctly).
[rank3]:[titan] 2026-10-01 08:28:26,561 - __main__ - INFO - torchtitan version: 0.0.0+unknown (0.0.0 means __version__ is not defined correctly).
[rank1]:[titan] 2026-10-01 08:28:27,226 - torchtitan.observability.structured_logger.jsonl_handler - INFO - Structured logging -> JSONL: /root/mep/results/moonep_sac/load_rerun/num_moonep_skew/out/structured_logs/training.global_rank_1.20261001-082827-R36KN8.jsonl
[rank2]:[titan] 2026-10-01 08:28:27,316 - torchtitan.observability.structured_logger.jsonl_handler - INFO - Structured logging -> JSONL: /root/mep/results/moonep_sac/load_rerun/num_moonep_skew/out/structured_logs/training.global_rank_2.20261001-082827-L0XP2J.jsonl
[rank0]:[titan] 2026-10-01 08:28:27,320 - torchtitan.observability.structured_logger.jsonl_handler - INFO - Structured logging -> JSONL: /root/mep/results/moonep_sac/load_rerun/num_moonep_skew/out/structured_logs/training.global_rank_0.20261001-082827-AF4XCW.jsonl
[rank3]:[titan] 2026-10-01 08:28:27,302 - torchtitan.observability.structured_logger.jsonl_handler - INFO - Structured logging -> JSONL: /root/mep/results/moonep_sac/load_rerun/num_moonep_skew/out/structured_logs/training.global_rank_3.20261001-082827-Y1PNAN.jsonl
[rank1]:[titan] 2026-10-01 08:28:27,813 - torchtitan.distributed.utils - WARNING - ENV[TORCH_NCCL_ASYNC_ERROR_HANDLING] = 1 will be overridden to 3 based on job config
[rank2]:[titan] 2026-10-01 08:28:28,058 - torchtitan.distributed.utils - WARNING - ENV[TORCH_NCCL_ASYNC_ERROR_HANDLING] = 1 will be overridden to 3 based on job config
[rank0]:[titan] 2026-10-01 08:28:28,061 - torchtitan.distributed.utils - WARNING - ENV[TORCH_NCCL_ASYNC_ERROR_HANDLING] = 1 will be overridden to 3 based on job config
[rank3]:[titan] 2026-10-01 08:28:28,058 - torchtitan.distributed.utils - WARNING - ENV[TORCH_NCCL_ASYNC_ERROR_HANDLING] = 1 will be overridden to 3 based on job config
[rank2]:[titan] 2026-10-01 08:28:28,874 - torchtitan.tools.utils - INFO - [GC] Initial GC collection took 0.00 seconds
[rank2]:[titan] 2026-10-01 08:28:28,874 - torchtitan.distributed.utils - INFO - Deterministic algorithm enabled (expect perf degradation).
[rank2]:[titan] 2026-10-01 08:28:28,888 - torchtitan.distributed.parallelism_context - INFO - Building device mesh with parallelism: pp=1, dp_replicate=1, dp_shard=4, cp=1, tp=1, ep=4
[rank1]:[titan] 2026-10-01 08:28:28,874 - torchtitan.tools.utils - INFO - [GC] Initial GC collection took 0.00 seconds
[rank0]:[titan] 2026-10-01 08:28:28,874 - torchtitan.tools.utils - INFO - [GC] Initial GC collection took 0.00 seconds
[rank0]:[titan] 2026-10-01 08:28:28,874 - torchtitan.distributed.utils - INFO - Deterministic algorithm enabled (expect perf degradation).
[rank0]:[titan] 2026-10-01 08:28:28,887 - torchtitan.distributed.parallelism_context - INFO - Building device mesh with parallelism: pp=1, dp_replicate=1, dp_shard=4, cp=1, tp=1, ep=4
[rank1]:[titan] 2026-10-01 08:28:28,874 - torchtitan.distributed.utils - INFO - Deterministic algorithm enabled (expect perf degradation).
[rank1]:[titan] 2026-10-01 08:28:28,887 - torchtitan.distributed.parallelism_context - INFO - Building device mesh with parallelism: pp=1, dp_replicate=1, dp_shard=4, cp=1, tp=1, ep=4
[rank3]:[titan] 2026-10-01 08:28:28,878 - torchtitan.tools.utils - INFO - [GC] Initial GC collection took 0.00 seconds
[rank3]:[titan] 2026-10-01 08:28:28,879 - torchtitan.distributed.utils - INFO - Deterministic algorithm enabled (expect perf degradation).
[rank3]:[titan] 2026-10-01 08:28:28,898 - torchtitan.distributed.parallelism_context - INFO - Building device mesh with parallelism: pp=1, dp_replicate=1, dp_shard=4, cp=1, tp=1, ep=4
[rank2]:[titan] 2026-10-01 08:28:29,618 - torchtitan.distributed.parallelism_context - INFO - Successfully created meshes with active axes: ['loss', 'ep', 'dp', 'dp_shard']
[rank0]:[titan] 2026-10-01 08:28:29,627 - torchtitan.distributed.parallelism_context - INFO - Successfully created meshes with active axes: ['loss', 'ep', 'dp', 'dp_shard']
[rank1]:[titan] 2026-10-01 08:28:29,606 - torchtitan.distributed.parallelism_context - INFO - Successfully created meshes with active axes: ['loss', 'ep', 'dp', 'dp_shard']
[rank2]:[titan] 2026-10-01 08:28:29,621 - torchtitan.observability.metrics - INFO - CUDA capacity: NVIDIA H100 80GB HBM3 with 79.21GiB memory
[rank1]:[titan] 2026-10-01 08:28:29,608 - torchtitan.observability.metrics - INFO - CUDA capacity: NVIDIA H100 80GB HBM3 with 79.21GiB memory
[rank1]:[titan] 2026-10-01 08:28:29,619 - torchtitan.config.configurable - WARNING - Config field value of type InterpolationMode may not be JSON serializable
[rank1]:[titan] 2026-10-01 08:28:29,620 - torchtitan.tools.utils - WARNING - Error running lspci: [Errno 2] No such file or directory: 'lspci', fallback to use device_name
[rank1]:[titan] 2026-10-01 08:28:29,620 - torchtitan.components.tokenizer - INFO - Loading tokenizer from tokenizer.json
[rank2]:[titan] 2026-10-01 08:28:29,633 - torchtitan.config.configurable - WARNING - Config field value of type InterpolationMode may not be JSON serializable
[rank2]:[titan] 2026-10-01 08:28:29,634 - torchtitan.tools.utils - WARNING - Error running lspci: [Errno 2] No such file or directory: 'lspci', fallback to use device_name
[rank0]:[titan] 2026-10-01 08:28:29,631 - torchtitan.observability.metrics - INFO - CUDA capacity: NVIDIA H100 80GB HBM3 with 79.21GiB memory
[rank2]:[titan] 2026-10-01 08:28:29,635 - torchtitan.components.tokenizer - INFO - Loading tokenizer from tokenizer.json
[rank1]:[titan] 2026-10-01 08:28:29,728 - torchtitan.protocols.state_dict_adapter - WARNING - model.safetensors.index.json not found at hf_assets_path: ./tests/assets/tokenizer/model.safetensors.index.json.                     Defaulting to saving a single safetensors file if checkpoint is saved in HF format
[rank1]:[titan] 2026-10-01 08:28:29,731 - torchtitan.models.utils - INFO - Total parameter count: 120,640,240, active parameters: 22,446,320
[rank0]:[titan] 2026-10-01 08:28:29,643 - torchtitan.config.configurable - WARNING - Config field value of type InterpolationMode may not be JSON serializable
[rank0]:[titan] 2026-10-01 08:28:29,644 - torchtitan.tools.utils - WARNING - Error running lspci: [Errno 2] No such file or directory: 'lspci', fallback to use device_name
[rank0]:[titan] 2026-10-01 08:28:29,645 - torchtitan.components.tokenizer - INFO - Loading tokenizer from tokenizer.json
[rank3]:[titan] 2026-10-01 08:28:29,651 - torchtitan.distributed.parallelism_context - INFO - Successfully created meshes with active axes: ['loss', 'ep', 'dp', 'dp_shard']
[rank3]:[titan] 2026-10-01 08:28:29,656 - torchtitan.observability.metrics - INFO - CUDA capacity: NVIDIA H100 80GB HBM3 with 79.21GiB memory
[rank3]:[titan] 2026-10-01 08:28:29,671 - torchtitan.config.configurable - WARNING - Config field value of type InterpolationMode may not be JSON serializable
[rank3]:[titan] 2026-10-01 08:28:29,673 - torchtitan.tools.utils - WARNING - Error running lspci: [Errno 2] No such file or directory: 'lspci', fallback to use device_name
[rank3]:[titan] 2026-10-01 08:28:29,673 - torchtitan.components.tokenizer - INFO - Loading tokenizer from tokenizer.json
[rank2]:[titan] 2026-10-01 08:28:29,787 - torchtitan.protocols.state_dict_adapter - WARNING - model.safetensors.index.json not found at hf_assets_path: ./tests/assets/tokenizer/model.safetensors.index.json.                     Defaulting to saving a single safetensors file if checkpoint is saved in HF format
[rank0]:[titan] 2026-10-01 08:28:29,765 - torchtitan.protocols.state_dict_adapter - WARNING - model.safetensors.index.json not found at hf_assets_path: ./tests/assets/tokenizer/model.safetensors.index.json.                     Defaulting to saving a single safetensors file if checkpoint is saved in HF format
[rank1]:[titan] 2026-10-01 08:28:29,787 - torchtitan.distributed.activation_checkpoint - INFO - Applied SelectiveAC activation checkpointing to the model
[rank2]:[titan] 2026-10-01 08:28:29,791 - torchtitan.models.utils - INFO - Total parameter count: 120,640,240, active parameters: 22,446,320
[rank1]:[titan] 2026-10-01 08:28:29,787 - torchtitan.distributed.activation_checkpoint - INFO - Applied SelectiveAC activation checkpointing to the model
[rank0]:[titan] 2026-10-01 08:28:29,768 - torchtitan.models.utils - INFO - Total parameter count: 120,640,240, active parameters: 22,446,320
[rank0]:[titan] 2026-10-01 08:28:29,829 - torchtitan.distributed.activation_checkpoint - INFO - Applied SelectiveAC activation checkpointing to the model
[rank0]:[titan] 2026-10-01 08:28:29,829 - torchtitan.distributed.activation_checkpoint - INFO - Applied SelectiveAC activation checkpointing to the model
[rank3]:[titan] 2026-10-01 08:28:29,784 - torchtitan.protocols.state_dict_adapter - WARNING - model.safetensors.index.json not found at hf_assets_path: ./tests/assets/tokenizer/model.safetensors.index.json.                     Defaulting to saving a single safetensors file if checkpoint is saved in HF format
[rank3]:[titan] 2026-10-01 08:28:29,787 - torchtitan.models.utils - INFO - Total parameter count: 120,640,240, active parameters: 22,446,320
[rank2]:[titan] 2026-10-01 08:28:29,847 - torchtitan.distributed.activation_checkpoint - INFO - Applied SelectiveAC activation checkpointing to the model
[rank2]:[titan] 2026-10-01 08:28:29,847 - torchtitan.distributed.activation_checkpoint - INFO - Applied SelectiveAC activation checkpointing to the model
[rank3]:[titan] 2026-10-01 08:28:29,843 - torchtitan.distributed.activation_checkpoint - INFO - Applied SelectiveAC activation checkpointing to the model
[rank3]:[titan] 2026-10-01 08:28:29,843 - torchtitan.distributed.activation_checkpoint - INFO - Applied SelectiveAC activation checkpointing to the model
[rank1]:[titan] 2026-10-01 08:28:30,015 - torchtitan.distributed.fsdp - INFO - Applied FSDP to the model
[rank2]:[titan] 2026-10-01 08:28:30,082 - torchtitan.distributed.fsdp - INFO - Applied FSDP to the model
[rank0]:[titan] 2026-10-01 08:28:30,060 - torchtitan.distributed.fsdp - INFO - Applied FSDP to the model
[rank3]:[titan] 2026-10-01 08:28:30,071 - torchtitan.distributed.fsdp - INFO - Applied FSDP to the model
[rank1]:[rank1]:W1001 08:28:30.757000 27812 torch/distributed/tensor/_redistribute.py:394] While redistributing from (_StridedShard(dim=0, sf=4), Shard(dim=0)) to (Replicate(), Replicate()), 2 sequential all_gather operations will be performed. This is suboptimal: multiple collective operations have higher latency (separate kernel launches and synchronization points) and may give inconsistent results between ranks due to different reduction orders. it is not possible to merge non-ascending order all_gather operations.
[rank3]:[rank3]:W1001 08:28:30.757000 27814 torch/distributed/tensor/_redistribute.py:394] While redistributing from (_StridedShard(dim=0, sf=4), Shard(dim=0)) to (Replicate(), Replicate()), 2 sequential all_gather operations will be performed. This is suboptimal: multiple collective operations have higher latency (separate kernel launches and synchronization points) and may give inconsistent results between ranks due to different reduction orders. it is not possible to merge non-ascending order all_gather operations.
[rank2]:[rank2]:W1001 08:28:30.757000 27813 torch/distributed/tensor/_redistribute.py:394] While redistributing from (_StridedShard(dim=0, sf=4), Shard(dim=0)) to (Replicate(), Replicate()), 2 sequential all_gather operations will be performed. This is suboptimal: multiple collective operations have higher latency (separate kernel launches and synchronization points) and may give inconsistent results between ranks due to different reduction orders. it is not possible to merge non-ascending order all_gather operations.
[rank0]:[rank0]:W1001 08:28:30.757000 27811 torch/distributed/tensor/_redistribute.py:394] While redistributing from (_StridedShard(dim=0, sf=4), Shard(dim=0)) to (Replicate(), Replicate()), 2 sequential all_gather operations will be performed. This is suboptimal: multiple collective operations have higher latency (separate kernel launches and synchronization points) and may give inconsistent results between ranks due to different reduction orders. it is not possible to merge non-ascending order all_gather operations.
[rank0]:[titan] 2026-10-01 08:28:30,969 - moonep.api - INFO - MoonEP comm buffer sizes:
[rank0]:  config                 : R=4, S=512, H=128, E=128, K=8, NvS=12288, NvS_padded=16384
[rank0]:  sm_count               : num_sms=32, num_sms_dedup=132
[rank0]:  hidden_buffer_size     : 4.00 MiB
[rank0]:  meta_buffer_size       : 2.00 MiB
[rank0]:  local_temp_buffer_size : 83.09 KiB
[rank0]:  total_size             : 6.08 MiB
[rank1]:[titan] 2026-10-01 08:28:31,301 - torchtitan.training_engine - INFO - Model KimiK3Model.Config size: 120,640,240 total parameters
[rank1]:[titan] 2026-10-01 08:28:31,304 - torchtitan.components.optim.optimizer - INFO - Optimizer AdamW (model_part=0): 465 params [.*] {'lr': 0.0008, 'betas': (0.9, 0.95), 'eps': 1e-08, 'weight_decay': 0.1, 'foreach': None, 'fused': True}
[rank2]:[titan] 2026-10-01 08:28:31,301 - torchtitan.training_engine - INFO - Model KimiK3Model.Config size: 120,640,240 total parameters
[rank1]:[titan] 2026-10-01 08:28:31,306 - torchtitan.trainer - INFO - Peak FLOPS used for computing MFU: 9.890e+14
[rank2]:[titan] 2026-10-01 08:28:31,304 - torchtitan.components.optim.optimizer - INFO - Optimizer AdamW (model_part=0): 465 params [.*] {'lr': 0.0008, 'betas': (0.9, 0.95), 'eps': 1e-08, 'weight_decay': 0.1, 'foreach': None, 'fused': True}
[rank1]:[titan] 2026-10-01 08:28:31,306 - torchtitan.trainer - INFO - CUDA memory usage for model: 0.07GiB(0.09%)
[rank2]:[titan] 2026-10-01 08:28:31,306 - torchtitan.trainer - INFO - Peak FLOPS used for computing MFU: 9.890e+14
[rank1]:[titan] 2026-10-01 08:28:31,306 - torchtitan.trainer - INFO - Trainer is initialized with 512 tokens per DP rank, 2048 tokens per train step, gradient accumulation steps 1, maximum context length 512, total steps 20 (warmup 2)
[rank2]:[titan] 2026-10-01 08:28:31,306 - torchtitan.trainer - INFO - CUDA memory usage for model: 0.07GiB(0.09%)
[rank1]:[titan] 2026-10-01 08:28:31,307 - torchtitan.trainer - INFO - Training starts at step 1
[rank2]:[titan] 2026-10-01 08:28:31,306 - torchtitan.trainer - INFO - Trainer is initialized with 512 tokens per DP rank, 2048 tokens per train step, gradient accumulation steps 1, maximum context length 512, total steps 20 (warmup 2)
[rank2]:[titan] 2026-10-01 08:28:31,306 - torchtitan.trainer - INFO - Training starts at step 1
[rank0]:[titan] 2026-10-01 08:28:31,301 - torchtitan.training_engine - INFO - Model KimiK3Model.Config size: 120,640,240 total parameters
[rank0]:[titan] 2026-10-01 08:28:31,305 - torchtitan.components.optim.optimizer - INFO - Optimizer AdamW (model_part=0): 465 params [.*] {'lr': 0.0008, 'betas': (0.9, 0.95), 'eps': 1e-08, 'weight_decay': 0.1, 'foreach': None, 'fused': True}
[rank0]:[titan] 2026-10-01 08:28:31,307 - torchtitan.trainer - INFO - Peak FLOPS used for computing MFU: 9.890e+14
[rank0]:[titan] 2026-10-01 08:28:31,307 - torchtitan.trainer - INFO - CUDA memory usage for model: 0.07GiB(0.09%)
[rank0]:[titan] 2026-10-01 08:28:31,307 - torchtitan.trainer - INFO - Trainer is initialized with 512 tokens per DP rank, 2048 tokens per train step, gradient accumulation steps 1, maximum context length 512, total steps 20 (warmup 2)
[rank0]:[titan] 2026-10-01 08:28:31,307 - torchtitan.trainer - INFO - Training starts at step 1
[rank3]:[titan] 2026-10-01 08:28:31,301 - torchtitan.training_engine - INFO - Model KimiK3Model.Config size: 120,640,240 total parameters
[rank3]:[titan] 2026-10-01 08:28:31,305 - torchtitan.components.optim.optimizer - INFO - Optimizer AdamW (model_part=0): 465 params [.*] {'lr': 0.0008, 'betas': (0.9, 0.95), 'eps': 1e-08, 'weight_decay': 0.1, 'foreach': None, 'fused': True}
[rank3]:[titan] 2026-10-01 08:28:31,306 - torchtitan.trainer - INFO - Peak FLOPS used for computing MFU: 9.890e+14
[rank3]:[titan] 2026-10-01 08:28:31,307 - torchtitan.trainer - INFO - CUDA memory usage for model: 0.07GiB(0.09%)
[rank3]:[titan] 2026-10-01 08:28:31,307 - torchtitan.trainer - INFO - Trainer is initialized with 512 tokens per DP rank, 2048 tokens per train step, gradient accumulation steps 1, maximum context length 512, total steps 20 (warmup 2)
[rank3]:[titan] 2026-10-01 08:28:31,307 - torchtitan.trainer - INFO - Training starts at step 1
[rank2]:/root/mep/venv_src/lib/python3.12/site-packages/torch/distributed/fsdp/_fully_shard/_fsdp_state.py:336: UserWarning: FSDP2-wrapped module (FSDPCheckpointWrapper) returned a view tensor. An in-place op on this view (e.g., `x += y`) will silently drop the pre-backward hook and skip the all-gather, which can cause backward to fail or produce wrong gradients. Use out-of-place ops (`out = out + y`, not `out += y`) or `.clone()` the output before any in-place op.
[rank2]:  output = self._register_pre_backward_hook(output)
[rank3]:/root/mep/venv_src/lib/python3.12/site-packages/torch/distributed/fsdp/_fully_shard/_fsdp_state.py:336: UserWarning: FSDP2-wrapped module (FSDPCheckpointWrapper) returned a view tensor. An in-place op on this view (e.g., `x += y`) will silently drop the pre-backward hook and skip the all-gather, which can cause backward to fail or produce wrong gradients. Use out-of-place ops (`out = out + y`, not `out += y`) or `.clone()` the output before any in-place op.
[rank1]:/root/mep/venv_src/lib/python3.12/site-packages/torch/distributed/fsdp/_fully_shard/_fsdp_state.py:336: UserWarning: FSDP2-wrapped module (FSDPCheckpointWrapper) returned a view tensor. An in-place op on this view (e.g., `x += y`) will silently drop the pre-backward hook and skip the all-gather, which can cause backward to fail or produce wrong gradients. Use out-of-place ops (`out = out + y`, not `out += y`) or `.clone()` the output before any in-place op.
[rank3]:  output = self._register_pre_backward_hook(output)
[rank1]:  output = self._register_pre_backward_hook(output)
[rank0]:/root/mep/venv_src/lib/python3.12/site-packages/torch/distributed/fsdp/_fully_shard/_fsdp_state.py:336: UserWarning: FSDP2-wrapped module (FSDPCheckpointWrapper) returned a view tensor. An in-place op on this view (e.g., `x += y`) will silently drop the pre-backward hook and skip the all-gather, which can cause backward to fail or produce wrong gradients. Use out-of-place ops (`out = out + y`, not `out += y`) or `.clone()` the output before any in-place op.
[rank0]:  output = self._register_pre_backward_hook(output)
[rank2]:/root/mep/venv_src/lib/python3.12/site-packages/torch/distributed/fsdp/_fully_shard/_fsdp_state.py:336: UserWarning: FSDP2-wrapped module (FSDPCheckpointWrapper) returned a view tensor. An in-place op on this view (e.g., `x += y`) will silently drop the pre-backward hook and skip the all-gather, which can cause backward to fail or produce wrong gradients. Use out-of-place ops (`out = out + y`, not `out += y`) or `.clone()` the output before any in-place op.
[rank3]:/root/mep/venv_src/lib/python3.12/site-packages/torch/distributed/fsdp/_fully_shard/_fsdp_state.py:336: UserWarning: FSDP2-wrapped module (FSDPCheckpointWrapper) returned a view tensor. An in-place op on this view (e.g., `x += y`) will silently drop the pre-backward hook and skip the all-gather, which can cause backward to fail or produce wrong gradients. Use out-of-place ops (`out = out + y`, not `out += y`) or `.clone()` the output before any in-place op.
[rank2]:  output = self._register_pre_backward_hook(output)
[rank1]:/root/mep/venv_src/lib/python3.12/site-packages/torch/distributed/fsdp/_fully_shard/_fsdp_state.py:336: UserWarning: FSDP2-wrapped module (FSDPCheckpointWrapper) returned a view tensor. An in-place op on this view (e.g., `x += y`) will silently drop the pre-backward hook and skip the all-gather, which can cause backward to fail or produce wrong gradients. Use out-of-place ops (`out = out + y`, not `out += y`) or `.clone()` the output before any in-place op.
[rank3]:  output = self._register_pre_backward_hook(output)
[rank1]:  output = self._register_pre_backward_hook(output)
[rank0]:/root/mep/venv_src/lib/python3.12/site-packages/torch/distributed/fsdp/_fully_shard/_fsdp_state.py:336: UserWarning: FSDP2-wrapped module (FSDPCheckpointWrapper) returned a view tensor. An in-place op on this view (e.g., `x += y`) will silently drop the pre-backward hook and skip the all-gather, which can cause backward to fail or produce wrong gradients. Use out-of-place ops (`out = out + y`, not `out += y`) or `.clone()` the output before any in-place op.
[rank0]:  output = self._register_pre_backward_hook(output)
[rank1]:[titan] 2026-10-01 08:28:44,100 - torchtitan.observability.metrics - INFO - [31mstep:  1  [32mloss:  8.23464  [38;2;180;60;0mgrad_norm:  2.0781  [38;2;54;234;195mmemory:  0.43GiB(0.54%)  [34mtps: 35  [36mtflops: 0.01  [35mmfu: 0.00%[39m
[rank1]:[titan] 2026-10-01 08:28:44,101 - torchtitan.distributed.utils - INFO - Synchronizing and adjusting timeout for all ProcessGroups to 0:01:40
[rank2]:[titan] 2026-10-01 08:28:44,100 - torchtitan.observability.metrics - INFO - [31mstep:  1  [32mloss:  8.23464  [38;2;180;60;0mgrad_norm:  2.0781  [38;2;54;234;195mmemory:  0.43GiB(0.54%)  [34mtps: 35  [36mtflops: 0.01  [35mmfu: 0.00%[39m
[rank0]:[titan] 2026-10-01 08:28:44,100 - torchtitan.observability.metrics - INFO - [31mstep:  1  [32mloss:  8.23464  [38;2;180;60;0mgrad_norm:  2.0781  [38;2;54;234;195mmemory:  0.43GiB(0.54%)  [34mtps: 35  [36mtflops: 0.01  [35mmfu: 0.00%[39m
[rank2]:[titan] 2026-10-01 08:28:44,101 - torchtitan.distributed.utils - INFO - Synchronizing and adjusting timeout for all ProcessGroups to 0:01:40
[rank0]:[titan] 2026-10-01 08:28:44,100 - torchtitan.distributed.utils - INFO - Synchronizing and adjusting timeout for all ProcessGroups to 0:01:40
[rank3]:[titan] 2026-10-01 08:28:44,100 - torchtitan.observability.metrics - INFO - [31mstep:  1  [32mloss:  8.23464  [38;2;180;60;0mgrad_norm:  2.0781  [38;2;54;234;195mmemory:  0.43GiB(0.54%)  [34mtps: 35  [36mtflops: 0.01  [35mmfu: 0.00%[39m
[rank3]:[titan] 2026-10-01 08:28:44,100 - torchtitan.distributed.utils - INFO - Synchronizing and adjusting timeout for all ProcessGroups to 0:01:40
[rank3]:/root/mep/venv_src/lib/python3.12/site-packages/torch/distributed/fsdp/_fully_shard/_fsdp_state.py:336: UserWarning: FSDP2-wrapped module (FSDPCheckpointWrapper) returned a view tensor. An in-place op on this view (e.g., `x += y`) will silently drop the pre-backward hook and skip the all-gather, which can cause backward to fail or produce wrong gradients. Use out-of-place ops (`out = out + y`, not `out += y`) or `.clone()` the output before any in-place op.
[rank2]:/root/mep/venv_src/lib/python3.12/site-packages/torch/distributed/fsdp/_fully_shard/_fsdp_state.py:336: UserWarning: FSDP2-wrapped module (FSDPCheckpointWrapper) returned a view tensor. An in-place op on this view (e.g., `x += y`) will silently drop the pre-backward hook and skip the all-gather, which can cause backward to fail or produce wrong gradients. Use out-of-place ops (`out = out + y`, not `out += y`) or `.clone()` the output before any in-place op.
[rank3]:  output = self._register_pre_backward_hook(output)
[rank2]:  output = self._register_pre_backward_hook(output)
[rank1]:/root/mep/venv_src/lib/python3.12/site-packages/torch/distributed/fsdp/_fully_shard/_fsdp_state.py:336: UserWarning: FSDP2-wrapped module (FSDPCheckpointWrapper) returned a view tensor. An in-place op on this view (e.g., `x += y`) will silently drop the pre-backward hook and skip the all-gather, which can cause backward to fail or produce wrong gradients. Use out-of-place ops (`out = out + y`, not `out += y`) or `.clone()` the output before any in-place op.
[rank1]:  output = self._register_pre_backward_hook(output)
[rank1]:[titan] 2026-10-01 08:28:51,098 - torchtitan.observability.metrics - INFO - [31mstep:  2  [32mloss:  7.51261  [38;2;180;60;0mgrad_norm:  5.4688  [38;2;54;234;195mmemory:  0.53GiB(0.66%)  [34mtps: 73  [36mtflops: 0.01  [35mmfu: 0.00%[39m
[rank2]:[titan] 2026-10-01 08:28:51,098 - torchtitan.observability.metrics - INFO - [31mstep:  2  [32mloss:  7.51261  [38;2;180;60;0mgrad_norm:  5.4688  [38;2;54;234;195mmemory:  0.53GiB(0.67%)  [34mtps: 73  [36mtflops: 0.01  [35mmfu: 0.00%[39m
[rank0]:[titan] 2026-10-01 08:28:51,098 - torchtitan.observability.metrics - INFO - [31mstep:  2  [32mloss:  7.51261  [38;2;180;60;0mgrad_norm:  5.4688  [38;2;54;234;195mmemory:  0.54GiB(0.68%)  [34mtps: 73  [36mtflops: 0.01  [35mmfu: 0.00%[39m
[rank3]:[titan] 2026-10-01 08:28:51,098 - torchtitan.observability.metrics - INFO - [31mstep:  2  [32mloss:  7.51261  [38;2;180;60;0mgrad_norm:  5.4688  [38;2;54;234;195mmemory:  0.53GiB(0.66%)  [34mtps: 73  [36mtflops: 0.01  [35mmfu: 0.00%[39m
[rank0]:/root/mep/venv_src/lib/python3.12/site-packages/torch/distributed/fsdp/_fully_shard/_fsdp_state.py:336: UserWarning: FSDP2-wrapped module (FSDPCheckpointWrapper) returned a view tensor. An in-place op on this view (e.g., `x += y`) will silently drop the pre-backward hook and skip the all-gather, which can cause backward to fail or produce wrong gradients. Use out-of-place ops (`out = out + y`, not `out += y`) or `.clone()` the output before any in-place op.
[rank0]:  output = self._register_pre_backward_hook(output)
[rank0]:[titan] 2026-10-01 08:28:55,135 - torchtitan.observability.metrics - INFO - [31mstep:  3  [32mloss:  6.46045  [38;2;180;60;0mgrad_norm:  6.2188  [38;2;54;234;195mmemory:  0.54GiB(0.68%)  [34mtps: 127  [36mtflops: 0.02  [35mmfu: 0.00%[39m
[rank2]:[titan] 2026-10-01 08:28:55,135 - torchtitan.observability.metrics - INFO - [31mstep:  3  [32mloss:  6.46045  [38;2;180;60;0mgrad_norm:  6.2188  [38;2;54;234;195mmemory:  0.53GiB(0.67%)  [34mtps: 127  [36mtflops: 0.02  [35mmfu: 0.00%[39m
[rank1]:[titan] 2026-10-01 08:28:55,136 - torchtitan.observability.metrics - INFO - [31mstep:  3  [32mloss:  6.46045  [38;2;180;60;0mgrad_norm:  6.2188  [38;2;54;234;195mmemory:  0.53GiB(0.66%)  [34mtps: 127  [36mtflops: 0.02  [35mmfu: 0.00%[39m
[rank3]:[titan] 2026-10-01 08:28:55,135 - torchtitan.observability.metrics - INFO - [31mstep:  3  [32mloss:  6.46045  [38;2;180;60;0mgrad_norm:  6.2188  [38;2;54;234;195mmemory:  0.53GiB(0.66%)  [34mtps: 127  [36mtflops: 0.02  [35mmfu: 0.00%[39m
[rank0]:[titan] 2026-10-01 08:28:55,657 - torchtitan.observability.metrics - INFO - [31mstep:  4  [32mloss:  5.20122  [38;2;180;60;0mgrad_norm:  2.9844  [38;2;54;234;195mmemory:  0.54GiB(0.68%)  [34mtps: 983  [36mtflops: 0.16  [35mmfu: 0.02%[39m
[rank2]:[titan] 2026-10-01 08:28:55,657 - torchtitan.observability.metrics - INFO - [31mstep:  4  [32mloss:  5.20122  [38;2;180;60;0mgrad_norm:  2.9844  [38;2;54;234;195mmemory:  0.53GiB(0.67%)  [34mtps: 983  [36mtflops: 0.16  [35mmfu: 0.02%[39m
[rank1]:[titan] 2026-10-01 08:28:55,657 - torchtitan.observability.metrics - INFO - [31mstep:  4  [32mloss:  5.20122  [38;2;180;60;0mgrad_norm:  2.9844  [38;2;54;234;195mmemory:  0.53GiB(0.67%)  [34mtps: 983  [36mtflops: 0.16  [35mmfu: 0.02%[39m
[rank3]:[titan] 2026-10-01 08:28:55,657 - torchtitan.observability.metrics - INFO - [31mstep:  4  [32mloss:  5.20122  [38;2;180;60;0mgrad_norm:  2.9844  [38;2;54;234;195mmemory:  0.53GiB(0.66%)  [34mtps: 983  [36mtflops: 0.16  [35mmfu: 0.02%[39m
[rank3]:[titan] 2026-10-01 08:28:56,183 - torchtitan.observability.metrics - INFO - [31mstep:  5  [32mloss:  3.91689  [38;2;180;60;0mgrad_norm:  3.2344  [38;2;54;234;195mmemory:  0.53GiB(0.66%)  [34mtps: 972  [36mtflops: 0.15  [35mmfu: 0.02%[39m
[rank0]:[titan] 2026-10-01 08:28:56,183 - torchtitan.observability.metrics - INFO - [31mstep:  5  [32mloss:  3.91689  [38;2;180;60;0mgrad_norm:  3.2344  [38;2;54;234;195mmemory:  0.54GiB(0.68%)  [34mtps: 972  [36mtflops: 0.15  [35mmfu: 0.02%[39m
[rank1]:[titan] 2026-10-01 08:28:56,183 - torchtitan.observability.metrics - INFO - [31mstep:  5  [32mloss:  3.91689  [38;2;180;60;0mgrad_norm:  3.2344  [38;2;54;234;195mmemory:  0.53GiB(0.67%)  [34mtps: 972  [36mtflops: 0.15  [35mmfu: 0.02%[39m
[rank2]:[titan] 2026-10-01 08:28:56,184 - torchtitan.observability.metrics - INFO - [31mstep:  5  [32mloss:  3.91689  [38;2;180;60;0mgrad_norm:  3.2344  [38;2;54;234;195mmemory:  0.53GiB(0.67%)  [34mtps: 972  [36mtflops: 0.15  [35mmfu: 0.02%[39m
[rank0]:[titan] 2026-10-01 08:28:56,707 - torchtitan.observability.metrics - INFO - [31mstep:  6  [32mloss:  4.66979  [38;2;180;60;0mgrad_norm:  2.7656  [38;2;54;234;195mmemory:  0.54GiB(0.68%)  [34mtps: 979  [36mtflops: 0.16  [35mmfu: 0.02%[39m
[rank1]:[titan] 2026-10-01 08:28:56,707 - torchtitan.observability.metrics - INFO - [31mstep:  6  [32mloss:  4.66979  [38;2;180;60;0mgrad_norm:  2.7656  [38;2;54;234;195mmemory:  0.53GiB(0.67%)  [34mtps: 979  [36mtflops: 0.16  [35mmfu: 0.02%[39m
[rank2]:[titan] 2026-10-01 08:28:56,707 - torchtitan.observability.metrics - INFO - [31mstep:  6  [32mloss:  4.66979  [38;2;180;60;0mgrad_norm:  2.7656  [38;2;54;234;195mmemory:  0.53GiB(0.67%)  [34mtps: 979  [36mtflops: 0.16  [35mmfu: 0.02%[39m
[rank3]:[titan] 2026-10-01 08:28:56,707 - torchtitan.observability.metrics - INFO - [31mstep:  6  [32mloss:  4.66979  [38;2;180;60;0mgrad_norm:  2.7656  [38;2;54;234;195mmemory:  0.53GiB(0.66%)  [34mtps: 978  [36mtflops: 0.16  [35mmfu: 0.02%[39m
[rank0]:[titan] 2026-10-01 08:28:57,220 - torchtitan.observability.metrics - INFO - [31mstep:  7  [32mloss:  4.17465  [38;2;180;60;0mgrad_norm:  2.2500  [38;2;54;234;195mmemory:  0.54GiB(0.68%)  [34mtps: 998  [36mtflops: 0.16  [35mmfu: 0.02%[39m
[rank1]:[titan] 2026-10-01 08:28:57,221 - torchtitan.observability.metrics - INFO - [31mstep:  7  [32mloss:  4.17465  [38;2;180;60;0mgrad_norm:  2.2500  [38;2;54;234;195mmemory:  0.53GiB(0.67%)  [34mtps: 997  [36mtflops: 0.16  [35mmfu: 0.02%[39m
[rank2]:[titan] 2026-10-01 08:28:57,220 - torchtitan.observability.metrics - INFO - [31mstep:  7  [32mloss:  4.17465  [38;2;180;60;0mgrad_norm:  2.2500  [38;2;54;234;195mmemory:  0.53GiB(0.67%)  [34mtps: 998  [36mtflops: 0.16  [35mmfu: 0.02%[39m
[rank3]:[titan] 2026-10-01 08:28:57,221 - torchtitan.observability.metrics - INFO - [31mstep:  7  [32mloss:  4.17465  [38;2;180;60;0mgrad_norm:  2.2500  [38;2;54;234;195mmemory:  0.53GiB(0.66%)  [34mtps: 998  [36mtflops: 0.16  [35mmfu: 0.02%[39m
[rank0]:[titan] 2026-10-01 08:28:57,752 - torchtitan.observability.metrics - INFO - [31mstep:  8  [32mloss:  3.40925  [38;2;180;60;0mgrad_norm:  2.0625  [38;2;54;234;195mmemory:  0.54GiB(0.68%)  [34mtps: 964  [36mtflops: 0.15  [35mmfu: 0.02%[39m
[rank1]:[titan] 2026-10-01 08:28:57,752 - torchtitan.observability.metrics - INFO - [31mstep:  8  [32mloss:  3.40925  [38;2;180;60;0mgrad_norm:  2.0625  [38;2;54;234;195mmemory:  0.53GiB(0.67%)  [34mtps: 964  [36mtflops: 0.15  [35mmfu: 0.02%[39m
[rank2]:[titan] 2026-10-01 08:28:57,752 - torchtitan.observability.metrics - INFO - [31mstep:  8  [32mloss:  3.40925  [38;2;180;60;0mgrad_norm:  2.0625  [38;2;54;234;195mmemory:  0.53GiB(0.67%)  [34mtps: 964  [36mtflops: 0.15  [35mmfu: 0.02%[39m
[rank3]:[titan] 2026-10-01 08:28:57,752 - torchtitan.observability.metrics - INFO - [31mstep:  8  [32mloss:  3.40925  [38;2;180;60;0mgrad_norm:  2.0625  [38;2;54;234;195mmemory:  0.53GiB(0.66%)  [34mtps: 964  [36mtflops: 0.15  [35mmfu: 0.02%[39m
[rank1]:[titan] 2026-10-01 08:28:58,268 - torchtitan.observability.metrics - INFO - [31mstep:  9  [32mloss:  2.94669  [38;2;180;60;0mgrad_norm:  1.7578  [38;2;54;234;195mmemory:  0.53GiB(0.67%)  [34mtps: 992  [36mtflops: 0.16  [35mmfu: 0.02%[39m
[rank0]:[titan] 2026-10-01 08:28:58,268 - torchtitan.observability.metrics - INFO - [31mstep:  9  [32mloss:  2.94669  [38;2;180;60;0mgrad_norm:  1.7578  [38;2;54;234;195mmemory:  0.54GiB(0.68%)  [34mtps: 992  [36mtflops: 0.16  [35mmfu: 0.02%[39m
[rank2]:[titan] 2026-10-01 08:28:58,268 - torchtitan.observability.metrics - INFO - [31mstep:  9  [32mloss:  2.94669  [38;2;180;60;0mgrad_norm:  1.7578  [38;2;54;234;195mmemory:  0.53GiB(0.67%)  [34mtps: 992  [36mtflops: 0.16  [35mmfu: 0.02%[39m
[rank3]:[titan] 2026-10-01 08:28:58,268 - torchtitan.observability.metrics - INFO - [31mstep:  9  [32mloss:  2.94669  [38;2;180;60;0mgrad_norm:  1.7578  [38;2;54;234;195mmemory:  0.53GiB(0.66%)  [34mtps: 992  [36mtflops: 0.16  [35mmfu: 0.02%[39m
[rank2]:[titan] 2026-10-01 08:28:58,791 - torchtitan.observability.metrics - INFO - [31mstep: 10  [32mloss:  3.66700  [38;2;180;60;0mgrad_norm:  2.1406  [38;2;54;234;195mmemory:  0.53GiB(0.67%)  [34mtps: 980  [36mtflops: 0.16  [35mmfu: 0.02%[39m
[rank0]:[titan] 2026-10-01 08:28:58,791 - torchtitan.observability.metrics - INFO - [31mstep: 10  [32mloss:  3.66700  [38;2;180;60;0mgrad_norm:  2.1406  [38;2;54;234;195mmemory:  0.54GiB(0.68%)  [34mtps: 980  [36mtflops: 0.16  [35mmfu: 0.02%[39m
[rank1]:[titan] 2026-10-01 08:28:58,791 - torchtitan.observability.metrics - INFO - [31mstep: 10  [32mloss:  3.66700  [38;2;180;60;0mgrad_norm:  2.1406  [38;2;54;234;195mmemory:  0.53GiB(0.67%)  [34mtps: 980  [36mtflops: 0.16  [35mmfu: 0.02%[39m
[rank3]:[titan] 2026-10-01 08:28:58,791 - torchtitan.observability.metrics - INFO - [31mstep: 10  [32mloss:  3.66700  [38;2;180;60;0mgrad_norm:  2.1406  [38;2;54;234;195mmemory:  0.53GiB(0.66%)  [34mtps: 980  [36mtflops: 0.16  [35mmfu: 0.02%[39m
[rank2]:[titan] 2026-10-01 08:28:59,303 - torchtitan.observability.metrics - INFO - [31mstep: 11  [32mloss:  3.95656  [38;2;180;60;0mgrad_norm:  1.9688  [38;2;54;234;195mmemory:  0.53GiB(0.67%)  [34mtps: 999  [36mtflops: 0.16  [35mmfu: 0.02%[39m
[rank1]:[titan] 2026-10-01 08:28:59,303 - torchtitan.observability.metrics - INFO - [31mstep: 11  [32mloss:  3.95656  [38;2;180;60;0mgrad_norm:  1.9688  [38;2;54;234;195mmemory:  0.53GiB(0.67%)  [34mtps: 999  [36mtflops: 0.16  [35mmfu: 0.02%[39m
[rank0]:[titan] 2026-10-01 08:28:59,304 - torchtitan.observability.metrics - INFO - [31mstep: 11  [32mloss:  3.95656  [38;2;180;60;0mgrad_norm:  1.9688  [38;2;54;234;195mmemory:  0.54GiB(0.68%)  [34mtps: 999  [36mtflops: 0.16  [35mmfu: 0.02%[39m
[rank3]:[titan] 2026-10-01 08:28:59,304 - torchtitan.observability.metrics - INFO - [31mstep: 11  [32mloss:  3.95656  [38;2;180;60;0mgrad_norm:  1.9688  [38;2;54;234;195mmemory:  0.53GiB(0.66%)  [34mtps: 999  [36mtflops: 0.16  [35mmfu: 0.02%[39m
[rank0]:[titan] 2026-10-01 08:28:59,833 - torchtitan.observability.metrics - INFO - [31mstep: 12  [32mloss:  3.92301  [38;2;180;60;0mgrad_norm:  1.5391  [38;2;54;234;195mmemory:  0.54GiB(0.68%)  [34mtps: 967  [36mtflops: 0.15  [35mmfu: 0.02%[39m
[rank1]:[titan] 2026-10-01 08:28:59,833 - torchtitan.observability.metrics - INFO - [31mstep: 12  [32mloss:  3.92301  [38;2;180;60;0mgrad_norm:  1.5391  [38;2;54;234;195mmemory:  0.53GiB(0.67%)  [34mtps: 967  [36mtflops: 0.15  [35mmfu: 0.02%[39m
[rank2]:[titan] 2026-10-01 08:28:59,833 - torchtitan.observability.metrics - INFO - [31mstep: 12  [32mloss:  3.92301  [38;2;180;60;0mgrad_norm:  1.5391  [38;2;54;234;195mmemory:  0.53GiB(0.67%)  [34mtps: 967  [36mtflops: 0.15  [35mmfu: 0.02%[39m
[rank3]:[titan] 2026-10-01 08:28:59,833 - torchtitan.observability.metrics - INFO - [31mstep: 12  [32mloss:  3.92301  [38;2;180;60;0mgrad_norm:  1.5391  [38;2;54;234;195mmemory:  0.53GiB(0.66%)  [34mtps: 967  [36mtflops: 0.15  [35mmfu: 0.02%[39m
[rank0]:[titan] 2026-10-01 08:29:00,357 - torchtitan.observability.metrics - INFO - [31mstep: 13  [32mloss:  3.43625  [38;2;180;60;0mgrad_norm:  1.5547  [38;2;54;234;195mmemory:  0.54GiB(0.68%)  [34mtps: 978  [36mtflops: 0.16  [35mmfu: 0.02%[39m
[rank1]:[titan] 2026-10-01 08:29:00,357 - torchtitan.observability.metrics - INFO - [31mstep: 13  [32mloss:  3.43625  [38;2;180;60;0mgrad_norm:  1.5547  [38;2;54;234;195mmemory:  0.53GiB(0.67%)  [34mtps: 978  [36mtflops: 0.16  [35mmfu: 0.02%[39m
[rank2]:[titan] 2026-10-01 08:29:00,357 - torchtitan.observability.metrics - INFO - [31mstep: 13  [32mloss:  3.43625  [38;2;180;60;0mgrad_norm:  1.5547  [38;2;54;234;195mmemory:  0.53GiB(0.67%)  [34mtps: 978  [36mtflops: 0.16  [35mmfu: 0.02%[39m
[rank3]:[titan] 2026-10-01 08:29:00,357 - torchtitan.observability.metrics - INFO - [31mstep: 13  [32mloss:  3.43625  [38;2;180;60;0mgrad_norm:  1.5547  [38;2;54;234;195mmemory:  0.53GiB(0.66%)  [34mtps: 978  [36mtflops: 0.16  [35mmfu: 0.02%[39m
[rank0]:[titan] 2026-10-01 08:29:00,874 - torchtitan.observability.metrics - INFO - [31mstep: 14  [32mloss:  3.40829  [38;2;180;60;0mgrad_norm:  2.5000  [38;2;54;234;195mmemory:  0.54GiB(0.68%)  [34mtps: 990  [36mtflops: 0.16  [35mmfu: 0.02%[39m
[rank1]:[titan] 2026-10-01 08:29:00,874 - torchtitan.observability.metrics - INFO - [31mstep: 14  [32mloss:  3.40829  [38;2;180;60;0mgrad_norm:  2.5000  [38;2;54;234;195mmemory:  0.53GiB(0.67%)  [34mtps: 990  [36mtflops: 0.16  [35mmfu: 0.02%[39m
[rank2]:[titan] 2026-10-01 08:29:00,874 - torchtitan.observability.metrics - INFO - [31mstep: 14  [32mloss:  3.40829  [38;2;180;60;0mgrad_norm:  2.5000  [38;2;54;234;195mmemory:  0.53GiB(0.67%)  [34mtps: 990  [36mtflops: 0.16  [35mmfu: 0.02%[39m
[rank3]:[titan] 2026-10-01 08:29:00,874 - torchtitan.observability.metrics - INFO - [31mstep: 14  [32mloss:  3.40829  [38;2;180;60;0mgrad_norm:  2.5000  [38;2;54;234;195mmemory:  0.53GiB(0.66%)  [34mtps: 990  [36mtflops: 0.16  [35mmfu: 0.02%[39m
[rank2]:[titan] 2026-10-01 08:29:01,395 - torchtitan.observability.metrics - INFO - [31mstep: 15  [32mloss:  3.23506  [38;2;180;60;0mgrad_norm:  1.4688  [38;2;54;234;195mmemory:  0.53GiB(0.67%)  [34mtps: 984  [36mtflops: 0.16  [35mmfu: 0.02%[39m
[rank1]:[titan] 2026-10-01 08:29:01,395 - torchtitan.observability.metrics - INFO - [31mstep: 15  [32mloss:  3.23506  [38;2;180;60;0mgrad_norm:  1.4688  [38;2;54;234;195mmemory:  0.53GiB(0.67%)  [34mtps: 984  [36mtflops: 0.16  [35mmfu: 0.02%[39m
[rank0]:[titan] 2026-10-01 08:29:01,395 - torchtitan.observability.metrics - INFO - [31mstep: 15  [32mloss:  3.23506  [38;2;180;60;0mgrad_norm:  1.4688  [38;2;54;234;195mmemory:  0.54GiB(0.68%)  [34mtps: 984  [36mtflops: 0.16  [35mmfu: 0.02%[39m
[rank3]:[titan] 2026-10-01 08:29:01,395 - torchtitan.observability.metrics - INFO - [31mstep: 15  [32mloss:  3.23506  [38;2;180;60;0mgrad_norm:  1.4688  [38;2;54;234;195mmemory:  0.53GiB(0.66%)  [34mtps: 984  [36mtflops: 0.16  [35mmfu: 0.02%[39m
[rank2]:[titan] 2026-10-01 08:29:01,916 - torchtitan.observability.metrics - INFO - [31mstep: 16  [32mloss:  3.03490  [38;2;180;60;0mgrad_norm:  1.7656  [38;2;54;234;195mmemory:  0.53GiB(0.67%)  [34mtps: 983  [36mtflops: 0.16  [35mmfu: 0.02%[39m
[rank0]:[titan] 2026-10-01 08:29:01,916 - torchtitan.observability.metrics - INFO - [31mstep: 16  [32mloss:  3.03490  [38;2;180;60;0mgrad_norm:  1.7656  [38;2;54;234;195mmemory:  0.54GiB(0.68%)  [34mtps: 983  [36mtflops: 0.16  [35mmfu: 0.02%[39m
[rank1]:[titan] 2026-10-01 08:29:01,916 - torchtitan.observability.metrics - INFO - [31mstep: 16  [32mloss:  3.03490  [38;2;180;60;0mgrad_norm:  1.7656  [38;2;54;234;195mmemory:  0.53GiB(0.67%)  [34mtps: 983  [36mtflops: 0.16  [35mmfu: 0.02%[39m
[rank3]:[titan] 2026-10-01 08:29:01,916 - torchtitan.observability.metrics - INFO - [31mstep: 16  [32mloss:  3.03490  [38;2;180;60;0mgrad_norm:  1.7656  [38;2;54;234;195mmemory:  0.53GiB(0.66%)  [34mtps: 983  [36mtflops: 0.16  [35mmfu: 0.02%[39m
[rank2]:[titan] 2026-10-01 08:29:02,433 - torchtitan.observability.metrics - INFO - [31mstep: 17  [32mloss:  3.32281  [38;2;180;60;0mgrad_norm:  1.5234  [38;2;54;234;195mmemory:  0.53GiB(0.67%)  [34mtps: 991  [36mtflops: 0.16  [35mmfu: 0.02%[39m
[rank1]:[titan] 2026-10-01 08:29:02,433 - torchtitan.observability.metrics - INFO - [31mstep: 17  [32mloss:  3.32281  [38;2;180;60;0mgrad_norm:  1.5234  [38;2;54;234;195mmemory:  0.53GiB(0.67%)  [34mtps: 990  [36mtflops: 0.16  [35mmfu: 0.02%[39m
[rank0]:[titan] 2026-10-01 08:29:02,433 - torchtitan.observability.metrics - INFO - [31mstep: 17  [32mloss:  3.32281  [38;2;180;60;0mgrad_norm:  1.5234  [38;2;54;234;195mmemory:  0.54GiB(0.68%)  [34mtps: 991  [36mtflops: 0.16  [35mmfu: 0.02%[39m
[rank3]:[titan] 2026-10-01 08:29:02,433 - torchtitan.observability.metrics - INFO - [31mstep: 17  [32mloss:  3.32281  [38;2;180;60;0mgrad_norm:  1.5234  [38;2;54;234;195mmemory:  0.53GiB(0.66%)  [34mtps: 991  [36mtflops: 0.16  [35mmfu: 0.02%[39m
[rank2]:[titan] 2026-10-01 08:29:02,944 - torchtitan.observability.metrics - INFO - [31mstep: 18  [32mloss:  3.03481  [38;2;180;60;0mgrad_norm:  1.7891  [38;2;54;234;195mmemory:  0.53GiB(0.67%)  [34mtps: 1,003  [36mtflops: 0.16  [35mmfu: 0.02%[39m
[rank0]:[titan] 2026-10-01 08:29:02,944 - torchtitan.observability.metrics - INFO - [31mstep: 18  [32mloss:  3.03481  [38;2;180;60;0mgrad_norm:  1.7891  [38;2;54;234;195mmemory:  0.54GiB(0.68%)  [34mtps: 1,003  [36mtflops: 0.16  [35mmfu: 0.02%[39m
[rank1]:[titan] 2026-10-01 08:29:02,944 - torchtitan.observability.metrics - INFO - [31mstep: 18  [32mloss:  3.03481  [38;2;180;60;0mgrad_norm:  1.7891  [38;2;54;234;195mmemory:  0.53GiB(0.67%)  [34mtps: 1,003  [36mtflops: 0.16  [35mmfu: 0.02%[39m
[rank3]:[titan] 2026-10-01 08:29:02,944 - torchtitan.observability.metrics - INFO - [31mstep: 18  [32mloss:  3.03481  [38;2;180;60;0mgrad_norm:  1.7891  [38;2;54;234;195mmemory:  0.53GiB(0.66%)  [34mtps: 1,003  [36mtflops: 0.16  [35mmfu: 0.02%[39m
[rank2]:[titan] 2026-10-01 08:29:03,460 - torchtitan.observability.metrics - INFO - [31mstep: 19  [32mloss:  3.21883  [38;2;180;60;0mgrad_norm:  1.3984  [38;2;54;234;195mmemory:  0.53GiB(0.67%)  [34mtps: 992  [36mtflops: 0.16  [35mmfu: 0.02%[39m
[rank1]:[titan] 2026-10-01 08:29:03,461 - torchtitan.observability.metrics - INFO - [31mstep: 19  [32mloss:  3.21883  [38;2;180;60;0mgrad_norm:  1.3984  [38;2;54;234;195mmemory:  0.53GiB(0.67%)  [34mtps: 992  [36mtflops: 0.16  [35mmfu: 0.02%[39m
[rank0]:[titan] 2026-10-01 08:29:03,460 - torchtitan.observability.metrics - INFO - [31mstep: 19  [32mloss:  3.21883  [38;2;180;60;0mgrad_norm:  1.3984  [38;2;54;234;195mmemory:  0.54GiB(0.68%)  [34mtps: 992  [36mtflops: 0.16  [35mmfu: 0.02%[39m
[rank3]:[titan] 2026-10-01 08:29:03,461 - torchtitan.observability.metrics - INFO - [31mstep: 19  [32mloss:  3.21883  [38;2;180;60;0mgrad_norm:  1.3984  [38;2;54;234;195mmemory:  0.53GiB(0.66%)  [34mtps: 992  [36mtflops: 0.16  [35mmfu: 0.02%[39m
[rank2]:[titan] 2026-10-01 08:29:03,978 - torchtitan.observability.metrics - INFO - [31mstep: 20  [32mloss:  3.08168  [38;2;180;60;0mgrad_norm:  1.4609  [38;2;54;234;195mmemory:  0.53GiB(0.67%)  [34mtps: 990  [36mtflops: 0.16  [35mmfu: 0.02%[39m
[rank2]:[titan] 2026-10-01 08:29:03,978 - torchtitan.trainer - INFO - Training completed
[rank0]:[titan] 2026-10-01 08:29:03,978 - torchtitan.observability.metrics - INFO - [31mstep: 20  [32mloss:  3.08168  [38;2;180;60;0mgrad_norm:  1.4609  [38;2;54;234;195mmemory:  0.54GiB(0.68%)  [34mtps: 990  [36mtflops: 0.16  [35mmfu: 0.02%[39m
[rank1]:[titan] 2026-10-01 08:29:03,978 - torchtitan.observability.metrics - INFO - [31mstep: 20  [32mloss:  3.08168  [38;2;180;60;0mgrad_norm:  1.4609  [38;2;54;234;195mmemory:  0.53GiB(0.67%)  [34mtps: 990  [36mtflops: 0.16  [35mmfu: 0.02%[39m
[rank0]:[titan] 2026-10-01 08:29:03,978 - torchtitan.trainer - INFO - Sleeping 2 seconds for other ranks to complete
[rank1]:[titan] 2026-10-01 08:29:03,978 - torchtitan.trainer - INFO - Training completed
[rank3]:[titan] 2026-10-01 08:29:03,978 - torchtitan.observability.metrics - INFO - [31mstep: 20  [32mloss:  3.08168  [38;2;180;60;0mgrad_norm:  1.4609  [38;2;54;234;195mmemory:  0.53GiB(0.66%)  [34mtps: 990  [36mtflops: 0.16  [35mmfu: 0.02%[39m
[rank3]:[titan] 2026-10-01 08:29:03,978 - torchtitan.trainer - INFO - Training completed
[rank2]:[titan] 2026-10-01 08:29:04,693 - __main__ - INFO - Process group destroyed
[rank0]:[titan] 2026-10-01 08:29:05,978 - torchtitan.trainer - INFO - Training completed
[rank1]:[titan] 2026-10-01 08:29:06,536 - __main__ - INFO - Process group destroyed
[rank3]:[titan] 2026-10-01 08:29:06,538 - __main__ - INFO - Process group destroyed
[rank0]:[titan] 2026-10-01 08:29:06,720 - __main__ - INFO - Process group destroyed
