W0929 07:47:08.268000 81904 torch/distributed/run.py:982] 
W0929 07:47:08.268000 81904 torch/distributed/run.py:982] *****************************************
W0929 07:47:08.268000 81904 torch/distributed/run.py:982] Setting OMP_NUM_THREADS environment variable for each process to be 1 in default, to avoid your system being overloaded, please further tune the variable for optimal performance in your application as needed. 
W0929 07:47:08.268000 81904 torch/distributed/run.py:982] *****************************************
[rank0]:WARNING:absl:Failed to load jax profiler: No module named 'jax'
[rank1]:WARNING:absl:Failed to load jax profiler: No module named 'jax'
[rank2]:WARNING:absl:Failed to load jax profiler: No module named 'jax'
[rank3]:WARNING:absl:Failed to load jax profiler: No module named 'jax'
[rank0]:[titan] 2026-09-29 07:47:14,317 - __main__ - INFO - torchtitan version: 0.0.0+unknown (0.0.0 means __version__ is not defined correctly).
[rank1]:[titan] 2026-09-29 07:47:14,695 - __main__ - INFO - torchtitan version: 0.0.0+unknown (0.0.0 means __version__ is not defined correctly).
[rank2]:[titan] 2026-09-29 07:47:14,695 - __main__ - INFO - torchtitan version: 0.0.0+unknown (0.0.0 means __version__ is not defined correctly).
[rank3]:[titan] 2026-09-29 07:47:14,735 - __main__ - INFO - torchtitan version: 0.0.0+unknown (0.0.0 means __version__ is not defined correctly).
[rank0]:[titan] 2026-09-29 07:47:15,045 - torchtitan.observability.structured_logger.jsonl_handler - INFO - Structured logging -> JSONL: /root/mep/results/m4656/warm_tc_mm_nosp/out/structured_logs/training.global_rank_0.20260929-074715-LN1GFP.jsonl
[rank0]:[titan] 2026-09-29 07:47:15,304 - torchtitan.distributed.utils - WARNING - ENV[TORCH_NCCL_ASYNC_ERROR_HANDLING] = 1 will be overridden to 3 based on job config
[rank2]:[titan] 2026-09-29 07:47:15,443 - torchtitan.observability.structured_logger.jsonl_handler - INFO - Structured logging -> JSONL: /root/mep/results/m4656/warm_tc_mm_nosp/out/structured_logs/training.global_rank_2.20260929-074715-LH4HYA.jsonl
[rank1]:[titan] 2026-09-29 07:47:15,449 - torchtitan.observability.structured_logger.jsonl_handler - INFO - Structured logging -> JSONL: /root/mep/results/m4656/warm_tc_mm_nosp/out/structured_logs/training.global_rank_1.20260929-074715-HGCYEO.jsonl
[rank3]:[titan] 2026-09-29 07:47:15,538 - torchtitan.observability.structured_logger.jsonl_handler - INFO - Structured logging -> JSONL: /root/mep/results/m4656/warm_tc_mm_nosp/out/structured_logs/training.global_rank_3.20260929-074715-R8RBA8.jsonl
[rank1]:[titan] 2026-09-29 07:47:16,055 - torchtitan.distributed.utils - WARNING - ENV[TORCH_NCCL_ASYNC_ERROR_HANDLING] = 1 will be overridden to 3 based on job config
[rank2]:[titan] 2026-09-29 07:47:16,011 - torchtitan.distributed.utils - WARNING - ENV[TORCH_NCCL_ASYNC_ERROR_HANDLING] = 1 will be overridden to 3 based on job config
[rank3]:[titan] 2026-09-29 07:47:16,069 - torchtitan.distributed.utils - WARNING - ENV[TORCH_NCCL_ASYNC_ERROR_HANDLING] = 1 will be overridden to 3 based on job config
[rank0]:[titan] 2026-09-29 07:47:16,728 - torchtitan.tools.utils - INFO - [GC] Initial GC collection took 0.00 seconds
[rank0]:[titan] 2026-09-29 07:47:16,728 - torchtitan.distributed.utils - INFO - Deterministic algorithm enabled (expect perf degradation).
[rank0]:[titan] 2026-09-29 07:47:16,740 - torchtitan.distributed.parallel_dims - INFO - Building device mesh with parallelism: pp=1, dp_replicate=1, dp_shard=2, cp=1, tp=2, ep=2
[rank1]:[titan] 2026-09-29 07:47:16,729 - torchtitan.tools.utils - INFO - [GC] Initial GC collection took 0.00 seconds
[rank1]:[titan] 2026-09-29 07:47:16,730 - torchtitan.distributed.utils - INFO - Deterministic algorithm enabled (expect perf degradation).
[rank1]:[titan] 2026-09-29 07:47:16,743 - torchtitan.distributed.parallel_dims - INFO - Building device mesh with parallelism: pp=1, dp_replicate=1, dp_shard=2, cp=1, tp=2, ep=2
[rank2]:[titan] 2026-09-29 07:47:16,729 - torchtitan.tools.utils - INFO - [GC] Initial GC collection took 0.00 seconds
[rank2]:[titan] 2026-09-29 07:47:16,729 - torchtitan.distributed.utils - INFO - Deterministic algorithm enabled (expect perf degradation).
[rank2]:[titan] 2026-09-29 07:47:16,741 - torchtitan.distributed.parallel_dims - INFO - Building device mesh with parallelism: pp=1, dp_replicate=1, dp_shard=2, cp=1, tp=2, ep=2
[rank3]:[titan] 2026-09-29 07:47:16,730 - torchtitan.tools.utils - INFO - [GC] Initial GC collection took 0.00 seconds
[rank3]:[titan] 2026-09-29 07:47:16,730 - torchtitan.distributed.utils - INFO - Deterministic algorithm enabled (expect perf degradation).
[rank3]:[titan] 2026-09-29 07:47:16,748 - torchtitan.distributed.parallel_dims - INFO - Building device mesh with parallelism: pp=1, dp_replicate=1, dp_shard=2, cp=1, tp=2, ep=2
[rank0]:[titan] 2026-09-29 07:47:19,123 - torchtitan.distributed.parallel_dims - INFO - Successfully created meshes with active dimensions: ['loss', 'tp', 'ep', 'efsdp', 'dp', 'dp_shard']
[rank0]:[titan] 2026-09-29 07:47:19,126 - torchtitan.observability.metrics - INFO - CUDA capacity: NVIDIA H100 80GB HBM3 with 79.21GiB memory
[rank0]:[titan] 2026-09-29 07:47:19,139 - torchtitan.tools.utils - WARNING - Error running lspci: [Errno 2] No such file or directory: 'lspci', fallback to use device_name
[rank0]:[titan] 2026-09-29 07:47:19,140 - torchtitan.components.tokenizer - INFO - Loading tokenizer from tokenizer.json
[rank1]:[titan] 2026-09-29 07:47:19,123 - torchtitan.distributed.parallel_dims - INFO - Successfully created meshes with active dimensions: ['loss', 'tp', 'ep', 'efsdp', 'dp', 'dp_shard']
[rank1]:[titan] 2026-09-29 07:47:19,128 - torchtitan.observability.metrics - INFO - CUDA capacity: NVIDIA H100 80GB HBM3 with 79.21GiB memory
[rank1]:[titan] 2026-09-29 07:47:19,146 - torchtitan.tools.utils - WARNING - Error running lspci: [Errno 2] No such file or directory: 'lspci', fallback to use device_name
[rank1]:[titan] 2026-09-29 07:47:19,147 - torchtitan.components.tokenizer - INFO - Loading tokenizer from tokenizer.json
[rank2]:[titan] 2026-09-29 07:47:19,088 - torchtitan.distributed.parallel_dims - INFO - Successfully created meshes with active dimensions: ['loss', 'tp', 'ep', 'efsdp', 'dp', 'dp_shard']
[rank2]:[titan] 2026-09-29 07:47:19,090 - torchtitan.observability.metrics - INFO - CUDA capacity: NVIDIA H100 80GB HBM3 with 79.21GiB memory
[rank2]:[titan] 2026-09-29 07:47:19,104 - torchtitan.tools.utils - WARNING - Error running lspci: [Errno 2] No such file or directory: 'lspci', fallback to use device_name
[rank2]:[titan] 2026-09-29 07:47:19,105 - torchtitan.components.tokenizer - INFO - Loading tokenizer from tokenizer.json
[rank3]:[titan] 2026-09-29 07:47:19,089 - torchtitan.distributed.parallel_dims - INFO - Successfully created meshes with active dimensions: ['loss', 'tp', 'ep', 'efsdp', 'dp', 'dp_shard']
[rank3]:[titan] 2026-09-29 07:47:19,092 - torchtitan.observability.metrics - INFO - CUDA capacity: NVIDIA H100 80GB HBM3 with 79.21GiB memory
[rank3]:[titan] 2026-09-29 07:47:19,108 - torchtitan.tools.utils - WARNING - Error running lspci: [Errno 2] No such file or directory: 'lspci', fallback to use device_name
[rank3]:[titan] 2026-09-29 07:47:19,109 - torchtitan.components.tokenizer - INFO - Loading tokenizer from tokenizer.json
[rank2]:[titan] 2026-09-29 07:47:19,248 - torchtitan.protocols.state_dict_adapter - WARNING - model.safetensors.index.json not found at hf_assets_path: ./tests/assets/tokenizer/model.safetensors.index.json.                     Defaulting to saving a single safetensors file if checkpoint is saved in HF format
[rank2]:[titan] 2026-09-29 07:47:19,252 - torchtitan.models.utils - INFO - Total parameter count: 25,776,880, active parameters: 17,236,208
[rank0]:[titan] 2026-09-29 07:47:19,297 - torchtitan.protocols.state_dict_adapter - WARNING - model.safetensors.index.json not found at hf_assets_path: ./tests/assets/tokenizer/model.safetensors.index.json.                     Defaulting to saving a single safetensors file if checkpoint is saved in HF format
[rank0]:[titan] 2026-09-29 07:47:19,300 - torchtitan.models.utils - INFO - Total parameter count: 25,776,880, active parameters: 17,236,208
[rank1]:[titan] 2026-09-29 07:47:19,312 - torchtitan.protocols.state_dict_adapter - WARNING - model.safetensors.index.json not found at hf_assets_path: ./tests/assets/tokenizer/model.safetensors.index.json.                     Defaulting to saving a single safetensors file if checkpoint is saved in HF format
[rank1]:[titan] 2026-09-29 07:47:19,316 - torchtitan.models.utils - INFO - Total parameter count: 25,776,880, active parameters: 17,236,208
[rank3]:[titan] 2026-09-29 07:47:19,276 - torchtitan.protocols.state_dict_adapter - WARNING - model.safetensors.index.json not found at hf_assets_path: ./tests/assets/tokenizer/model.safetensors.index.json.                     Defaulting to saving a single safetensors file if checkpoint is saved in HF format
[rank3]:[titan] 2026-09-29 07:47:19,280 - torchtitan.models.utils - INFO - Total parameter count: 25,776,880, active parameters: 17,236,208
[rank0]:[titan] 2026-09-29 07:47:19,859 - torchtitan.distributed.fsdp - INFO - Applied FSDP to the model
[rank1]:[titan] 2026-09-29 07:47:19,862 - torchtitan.distributed.fsdp - INFO - Applied FSDP to the model
[rank2]:[titan] 2026-09-29 07:47:19,791 - torchtitan.distributed.fsdp - INFO - Applied FSDP to the model
[rank3]:[titan] 2026-09-29 07:47:19,826 - torchtitan.distributed.fsdp - INFO - Applied FSDP to the model
[rank1]:[rank1]:W0929 07:47:20.068000 81974 torch/distributed/tensor/_redistribute.py:394] While redistributing from (_StridedShard(dim=0, sf=2), Shard(dim=0)) to (Replicate(), Replicate()), 2 sequential all_gather operations will be performed. This is suboptimal: multiple collective operations have higher latency (separate kernel launches and synchronization points) and may give inconsistent results between ranks due to different reduction orders. it is not possible to merge non-ascending order all_gather operations.
[rank0]:[rank0]:W0929 07:47:20.072000 81973 torch/distributed/tensor/_redistribute.py:394] While redistributing from (_StridedShard(dim=0, sf=2), Shard(dim=0)) to (Replicate(), Replicate()), 2 sequential all_gather operations will be performed. This is suboptimal: multiple collective operations have higher latency (separate kernel launches and synchronization points) and may give inconsistent results between ranks due to different reduction orders. it is not possible to merge non-ascending order all_gather operations.
[rank3]:[rank3]:W0929 07:47:20.035000 81976 torch/distributed/tensor/_redistribute.py:394] While redistributing from (_StridedShard(dim=0, sf=2), Shard(dim=0)) to (Replicate(), Replicate()), 2 sequential all_gather operations will be performed. This is suboptimal: multiple collective operations have higher latency (separate kernel launches and synchronization points) and may give inconsistent results between ranks due to different reduction orders. it is not possible to merge non-ascending order all_gather operations.
[rank2]:[rank2]:W0929 07:47:20.002000 81975 torch/distributed/tensor/_redistribute.py:394] While redistributing from (_StridedShard(dim=0, sf=2), Shard(dim=0)) to (Replicate(), Replicate()), 2 sequential all_gather operations will be performed. This is suboptimal: multiple collective operations have higher latency (separate kernel launches and synchronization points) and may give inconsistent results between ranks due to different reduction orders. it is not possible to merge non-ascending order all_gather operations.
[rank0]:[rank0]:W0929 07:47:21.449000 81973 torch/distributed/tensor/_redistribute.py:394] While redistributing from (_StridedShard(dim=0, sf=2), Shard(dim=0)) to (Replicate(), Replicate()), 2 sequential all_gather operations will be performed. This is suboptimal: multiple collective operations have higher latency (separate kernel launches and synchronization points) and may give inconsistent results between ranks due to different reduction orders. it is not possible to merge non-ascending order all_gather operations.
[rank1]:[rank1]:W0929 07:47:21.449000 81974 torch/distributed/tensor/_redistribute.py:394] While redistributing from (_StridedShard(dim=0, sf=2), Shard(dim=0)) to (Replicate(), Replicate()), 2 sequential all_gather operations will be performed. This is suboptimal: multiple collective operations have higher latency (separate kernel launches and synchronization points) and may give inconsistent results between ranks due to different reduction orders. it is not possible to merge non-ascending order all_gather operations.
[rank3]:[rank3]:W0929 07:47:21.451000 81976 torch/distributed/tensor/_redistribute.py:394] While redistributing from (_StridedShard(dim=0, sf=2), Shard(dim=0)) to (Replicate(), Replicate()), 2 sequential all_gather operations will be performed. This is suboptimal: multiple collective operations have higher latency (separate kernel launches and synchronization points) and may give inconsistent results between ranks due to different reduction orders. it is not possible to merge non-ascending order all_gather operations.
[rank2]:[rank2]:W0929 07:47:21.449000 81975 torch/distributed/tensor/_redistribute.py:394] While redistributing from (_StridedShard(dim=0, sf=2), Shard(dim=0)) to (Replicate(), Replicate()), 2 sequential all_gather operations will be performed. This is suboptimal: multiple collective operations have higher latency (separate kernel launches and synchronization points) and may give inconsistent results between ranks due to different reduction orders. it is not possible to merge non-ascending order all_gather operations.
[rank0]:[titan] 2026-09-29 07:47:22,618 - torchtitan.training_engine - INFO - Model KimiK3Model.Config size: 25,776,880 total parameters
[rank1]:[titan] 2026-09-29 07:47:22,618 - torchtitan.training_engine - INFO - Model KimiK3Model.Config size: 25,776,880 total parameters
[rank0]:[titan] 2026-09-29 07:47:22,622 - torchtitan.components.optimizer.optimizer - INFO - Optimizer AdamW (model_part=0): 465 params [.*] {'fused': True, 'foreach': False, 'lr': 0.0008, 'betas': (0.9, 0.95), 'eps': 1e-08, 'weight_decay': 0.1}
[rank0]:[titan] 2026-09-29 07:47:22,625 - torchtitan.components.optimizer.lr_scheduler - WARNING - Warmup steps (2) exceed total steps (1). Adjusting warmup steps to 1.
[rank0]:[titan] 2026-09-29 07:47:22,625 - torchtitan.components.optimizer.lr_scheduler - WARNING - Warmup (1) + decay (1) steps exceed total steps (1). Adjusting decay steps to 0.
[rank0]:[titan] 2026-09-29 07:47:22,625 - torchtitan.trainer - INFO - Peak FLOPS used for computing MFU: 9.890e+14
[rank0]:[titan] 2026-09-29 07:47:22,625 - torchtitan.trainer - INFO - CUDA memory usage for model: 0.02GiB(0.02%)
[rank1]:[titan] 2026-09-29 07:47:22,622 - torchtitan.components.optimizer.optimizer - INFO - Optimizer AdamW (model_part=0): 465 params [.*] {'fused': True, 'foreach': False, 'lr': 0.0008, 'betas': (0.9, 0.95), 'eps': 1e-08, 'weight_decay': 0.1}
[rank1]:[titan] 2026-09-29 07:47:22,625 - torchtitan.components.optimizer.lr_scheduler - WARNING - Warmup steps (2) exceed total steps (1). Adjusting warmup steps to 1.
[rank1]:[titan] 2026-09-29 07:47:22,625 - torchtitan.components.optimizer.lr_scheduler - WARNING - Warmup (1) + decay (1) steps exceed total steps (1). Adjusting decay steps to 0.
[rank0]:[titan] 2026-09-29 07:47:22,625 - torchtitan.trainer - INFO - Trainer is initialized with 2048 tokens per DP rank, 4096 tokens per train step, gradient accumulation steps 1, maximum context length 2048, total steps 1 (warmup 2)
[rank0]:[titan] 2026-09-29 07:47:22,625 - torchtitan.trainer - INFO - Training starts at step 1
[rank1]:[titan] 2026-09-29 07:47:22,625 - torchtitan.trainer - INFO - Peak FLOPS used for computing MFU: 9.890e+14
[rank1]:[titan] 2026-09-29 07:47:22,625 - torchtitan.trainer - INFO - CUDA memory usage for model: 0.02GiB(0.02%)
[rank1]:[titan] 2026-09-29 07:47:22,625 - torchtitan.trainer - INFO - Trainer is initialized with 2048 tokens per DP rank, 4096 tokens per train step, gradient accumulation steps 1, maximum context length 2048, total steps 1 (warmup 2)
[rank1]:[titan] 2026-09-29 07:47:22,625 - torchtitan.trainer - INFO - Training starts at step 1
[rank2]:[titan] 2026-09-29 07:47:22,618 - torchtitan.training_engine - INFO - Model KimiK3Model.Config size: 25,776,880 total parameters
[rank3]:[titan] 2026-09-29 07:47:22,618 - torchtitan.training_engine - INFO - Model KimiK3Model.Config size: 25,776,880 total parameters
[rank2]:[titan] 2026-09-29 07:47:22,621 - torchtitan.components.optimizer.optimizer - INFO - Optimizer AdamW (model_part=0): 465 params [.*] {'fused': True, 'foreach': False, 'lr': 0.0008, 'betas': (0.9, 0.95), 'eps': 1e-08, 'weight_decay': 0.1}
[rank2]:[titan] 2026-09-29 07:47:22,624 - torchtitan.components.optimizer.lr_scheduler - WARNING - Warmup steps (2) exceed total steps (1). Adjusting warmup steps to 1.
[rank2]:[titan] 2026-09-29 07:47:22,624 - torchtitan.components.optimizer.lr_scheduler - WARNING - Warmup (1) + decay (1) steps exceed total steps (1). Adjusting decay steps to 0.
[rank2]:[titan] 2026-09-29 07:47:22,624 - torchtitan.trainer - INFO - Peak FLOPS used for computing MFU: 9.890e+14
[rank3]:[titan] 2026-09-29 07:47:22,621 - torchtitan.components.optimizer.optimizer - INFO - Optimizer AdamW (model_part=0): 465 params [.*] {'fused': True, 'foreach': False, 'lr': 0.0008, 'betas': (0.9, 0.95), 'eps': 1e-08, 'weight_decay': 0.1}
[rank3]:[titan] 2026-09-29 07:47:22,624 - torchtitan.components.optimizer.lr_scheduler - WARNING - Warmup steps (2) exceed total steps (1). Adjusting warmup steps to 1.
[rank2]:[titan] 2026-09-29 07:47:22,624 - torchtitan.trainer - INFO - CUDA memory usage for model: 0.02GiB(0.02%)
[rank3]:[titan] 2026-09-29 07:47:22,624 - torchtitan.components.optimizer.lr_scheduler - WARNING - Warmup (1) + decay (1) steps exceed total steps (1). Adjusting decay steps to 0.
[rank2]:[titan] 2026-09-29 07:47:22,624 - torchtitan.trainer - INFO - Trainer is initialized with 2048 tokens per DP rank, 4096 tokens per train step, gradient accumulation steps 1, maximum context length 2048, total steps 1 (warmup 2)
[rank2]:[titan] 2026-09-29 07:47:22,624 - torchtitan.trainer - INFO - Training starts at step 1
[rank3]:[titan] 2026-09-29 07:47:22,624 - torchtitan.trainer - INFO - Peak FLOPS used for computing MFU: 9.890e+14
[rank3]:[titan] 2026-09-29 07:47:22,625 - torchtitan.trainer - INFO - CUDA memory usage for model: 0.02GiB(0.02%)
[rank3]:[titan] 2026-09-29 07:47:22,625 - torchtitan.trainer - INFO - Trainer is initialized with 2048 tokens per DP rank, 4096 tokens per train step, gradient accumulation steps 1, maximum context length 2048, total steps 1 (warmup 2)
[rank3]:[titan] 2026-09-29 07:47:22,625 - torchtitan.trainer - INFO - Training starts at step 1
[rank1]:[rank1]: Traceback (most recent call last):
[rank1]:[rank1]:   File "<frozen runpy>", line 198, in _run_module_as_main
[rank1]:[rank1]:   File "<frozen runpy>", line 88, in _run_code
[rank1]:[rank1]:   File "/root/mep/w/main_f359/torchtitan/train.py", line 73, in <module>
[rank1]:[rank1]:     main()
[rank1]:[rank1]:   File "/root/mep/w/main_f359/torchtitan/train.py", line 59, in main
[rank1]:[rank1]:     trainer.train()
[rank1]:[rank1]:   File "/root/mep/venv/lib/python3.12/site-packages/torch/distributed/elastic/multiprocessing/errors/__init__.py", line 384, in wrapper
[rank1]:[rank1]:     result = f(*args, **kwargs)
[rank1]:[rank1]:              ^^^^^^^^^^^^^^^^^^
[rank1]:[rank1]:   File "/root/mep/w/main_f359/torchtitan/trainer.py", line 473, in train
[rank1]:[rank1]:     self.train_step(data_iterator)
[rank1]:[rank1]:   File "/root/mep/w/main_f359/torchtitan/trainer.py", line 378, in train_step
[rank1]:[rank1]:     detached_loss = engine.forward_backward_microbatch(
[rank1]:[rank1]:                     ^^^^^^^^^^^^^^^^^^^^^^^^^^^^^^^^^^^
[rank1]:[rank1]:   File "/root/mep/w/main_f359/torchtitan/observability/structured_logger/structured_logging.py", line 509, in sync_wrapper
[rank1]:[rank1]:     return func(*args, **kwargs)
[rank1]:[rank1]:            ^^^^^^^^^^^^^^^^^^^^^
[rank1]:[rank1]:   File "/root/mep/w/main_f359/torchtitan/training_engine.py", line 596, in forward_backward_microbatch
[rank1]:[rank1]:     loss = forward_backward()
[rank1]:[rank1]:            ^^^^^^^^^^^^^^^^^^
[rank1]:[rank1]:   File "/root/mep/w/main_f359/torchtitan/training_engine.py", line 581, in forward_backward
[rank1]:[rank1]:     return self.forward_backward_body_fn(
[rank1]:[rank1]:            ^^^^^^^^^^^^^^^^^^^^^^^^^^^^^^
[rank1]:[rank1]:   File "/root/mep/w/main_f359/torchtitan/training_engine.py", line 613, in _non_pp_forward_backward_body
[rank1]:[rank1]:     pred = self.model_parts[0](inputs, **model_kwargs)
[rank1]:[rank1]:            ^^^^^^^^^^^^^^^^^^^^^^^^^^^^^^^^^^^^^^^^^^^
[rank1]:[rank1]:   File "/root/mep/venv/lib/python3.12/site-packages/torch/nn/modules/module.py", line 1787, in _wrapped_call_impl
[rank1]:[rank1]:     return self._call_impl(*args, **kwargs)
[rank1]:[rank1]:            ^^^^^^^^^^^^^^^^^^^^^^^^^^^^^^^^
[rank1]:[rank1]:   File "/root/mep/venv/lib/python3.12/site-packages/torch/nn/modules/module.py", line 1893, in _call_impl
[rank1]:[rank1]:     return inner()
[rank1]:[rank1]:            ^^^^^^^
[rank1]:[rank1]:   File "/root/mep/venv/lib/python3.12/site-packages/torch/nn/modules/module.py", line 1841, in inner
[rank1]:[rank1]:     result = forward_call(*args, **kwargs)
[rank1]:[rank1]:              ^^^^^^^^^^^^^^^^^^^^^^^^^^^^^
[rank1]:[rank1]:   File "/root/mep/w/main_f359/torchtitan/models/kimi_k3/model.py", line 582, in forward
[rank1]:[rank1]:     h_TD = self._prepare_multimodal_embeds(
[rank1]:[rank1]:            ^^^^^^^^^^^^^^^^^^^^^^^^^^^^^^^^
[rank1]:[rank1]:   File "/root/mep/w/main_f359/torchtitan/models/kimi_k3/model.py", line 540, in _prepare_multimodal_embeds
[rank1]:[rank1]:     vision_embeds = self.vision_encoder(pixel_values, grid_thw=grid_thw)
[rank1]:[rank1]:                     ^^^^^^^^^^^^^^^^^^^^^^^^^^^^^^^^^^^^^^^^^^^^^^^^^^^^
[rank1]:[rank1]:   File "/root/mep/venv/lib/python3.12/site-packages/torch/nn/modules/module.py", line 1787, in _wrapped_call_impl
[rank1]:[rank1]:     return self._call_impl(*args, **kwargs)
[rank1]:[rank1]:            ^^^^^^^^^^^^^^^^^^^^^^^^^^^^^^^^
[rank1]:[rank1]:   File "/root/mep/venv/lib/python3.12/site-packages/torch/nn/modules/module.py", line 1893, in _call_impl
[rank1]:[rank1]:     return inner()
[rank1]:[rank1]:            ^^^^^^^
[rank1]:[rank1]:   File "/root/mep/venv/lib/python3.12/site-packages/torch/nn/modules/module.py", line 1841, in inner
[rank1]:[rank1]:     result = forward_call(*args, **kwargs)
[rank1]:[rank1]:              ^^^^^^^^^^^^^^^^^^^^^^^^^^^^^
[rank1]:[rank1]:   File "/root/mep/w/main_f359/torchtitan/protocols/module.py", line 305, in forward_with_redistribution
[rank1]:[rank1]:     outputs = fn(*args, **kwargs)
[rank1]:[rank1]:               ^^^^^^^^^^^^^^^^^^^
[rank1]:[rank1]:   File "/root/mep/w/main_f359/torchtitan/models/kimi_k2_7/vision_encoder.py", line 451, in forward
[rank1]:[rank1]:     x = block(
[rank1]:[rank1]:         ^^^^^^
[rank1]:[rank1]:   File "/root/mep/venv/lib/python3.12/site-packages/torch/nn/modules/module.py", line 1787, in _wrapped_call_impl
[rank1]:[rank1]:     return self._call_impl(*args, **kwargs)
[rank1]:[rank1]:            ^^^^^^^^^^^^^^^^^^^^^^^^^^^^^^^^
[rank1]:[rank1]:   File "/root/mep/venv/lib/python3.12/site-packages/torch/nn/modules/module.py", line 1798, in _call_impl
[rank1]:[rank1]:     return forward_call(*args, **kwargs)
[rank1]:[rank1]:            ^^^^^^^^^^^^^^^^^^^^^^^^^^^^^
[rank1]:[rank1]:   File "/root/mep/w/main_f359/torchtitan/models/common/vision_encoder.py", line 259, in forward
[rank1]:[rank1]:     x = x + self.attn(
[rank1]:[rank1]:             ^^^^^^^^^^
[rank1]:[rank1]:   File "/root/mep/venv/lib/python3.12/site-packages/torch/nn/modules/module.py", line 1787, in _wrapped_call_impl
[rank1]:[rank1]:     return self._call_impl(*args, **kwargs)
[rank1]:[rank1]:            ^^^^^^^^^^^^^^^^^^^^^^^^^^^^^^^^
[rank1]:[rank1]:   File "/root/mep/venv/lib/python3.12/site-packages/torch/nn/modules/module.py", line 1798, in _call_impl
[rank1]:[rank1]:     return forward_call(*args, **kwargs)
[rank1]:[rank1]:            ^^^^^^^^^^^^^^^^^^^^^^^^^^^^^
[rank1]:[rank1]:   File "/root/mep/w/main_f359/torchtitan/protocols/module.py", line 305, in forward_with_redistribution
[rank1]:[rank1]:     outputs = fn(*args, **kwargs)
[rank1]:[rank1]:               ^^^^^^^^^^^^^^^^^^^
[rank1]:[rank1]:   File "/root/mep/w/main_f359/torchtitan/models/common/vision_encoder.py", line 224, in forward
[rank1]:[rank1]:     out_TD = remat.region(
[rank1]:[rank1]:              ^^^^^^^^^^^^^
[rank1]:[rank1]:   File "/root/mep/venv/lib/python3.12/site-packages/torch_remat/_api.py", line 419, in wrapper
[rank1]:[rank1]:     return function(*args, **kwargs)
[rank1]:[rank1]:            ^^^^^^^^^^^^^^^^^^^^^^^^^
[rank1]:[rank1]:   File "/root/mep/venv/lib/python3.12/site-packages/torch/nn/modules/module.py", line 1787, in _wrapped_call_impl
[rank1]:[rank1]:     return self._call_impl(*args, **kwargs)
[rank1]:[rank1]:            ^^^^^^^^^^^^^^^^^^^^^^^^^^^^^^^^
[rank1]:[rank1]:   File "/root/mep/venv/lib/python3.12/site-packages/torch/nn/modules/module.py", line 1798, in _call_impl
[rank1]:[rank1]:     return forward_call(*args, **kwargs)
[rank1]:[rank1]:            ^^^^^^^^^^^^^^^^^^^^^^^^^^^^^
[rank1]:[rank1]:   File "/root/mep/w/main_f359/torchtitan/protocols/module.py", line 306, in forward_with_redistribution
[rank1]:[rank1]:     return self._redistribute_outputs(outputs)
[rank1]:[rank1]:            ^^^^^^^^^^^^^^^^^^^^^^^^^^^^^^^^^^^
[rank1]:[rank1]:   File "/root/mep/w/main_f359/torchtitan/protocols/module.py", line 577, in _redistribute_outputs
[rank1]:[rank1]:     spmd.assert_type(outputs, out_src)
[rank1]:[rank1]:   File "/root/mep/venv/lib/python3.12/site-packages/spmd_types/runtime.py", line 498, in assert_type
[rank1]:[rank1]:     raise SpmdTypeError(
[rank1]:[rank1]: spmd_types.types.SpmdTypeError: SPMD type mismatch on axis mesh_ep: tensor has PerMeshAxisLocalSpmdType.P, expected PerMeshAxisLocalSpmdType.I
[rank1]:
[rank1]:[rank1]: Set SPMD_TYPES_TRACEBACK_FILTERING=off to see the full, unfiltered traceback.
[rank0]:[rank0]: Traceback (most recent call last):
[rank0]:[rank0]:   File "<frozen runpy>", line 198, in _run_module_as_main
[rank0]:[rank0]:   File "<frozen runpy>", line 88, in _run_code
[rank0]:[rank0]:   File "/root/mep/w/main_f359/torchtitan/train.py", line 73, in <module>
[rank0]:[rank0]:     main()
[rank0]:[rank0]:   File "/root/mep/w/main_f359/torchtitan/train.py", line 59, in main
[rank0]:[rank0]:     trainer.train()
[rank0]:[rank0]:   File "/root/mep/venv/lib/python3.12/site-packages/torch/distributed/elastic/multiprocessing/errors/__init__.py", line 384, in wrapper
[rank0]:[rank0]:     result = f(*args, **kwargs)
[rank0]:[rank0]:              ^^^^^^^^^^^^^^^^^^
[rank0]:[rank0]:   File "/root/mep/w/main_f359/torchtitan/trainer.py", line 473, in train
[rank0]:[rank0]:     self.train_step(data_iterator)
[rank0]:[rank0]:   File "/root/mep/w/main_f359/torchtitan/trainer.py", line 378, in train_step
[rank0]:[rank0]:     detached_loss = engine.forward_backward_microbatch(
[rank0]:[rank0]:                     ^^^^^^^^^^^^^^^^^^^^^^^^^^^^^^^^^^^
[rank0]:[rank0]:   File "/root/mep/w/main_f359/torchtitan/observability/structured_logger/structured_logging.py", line 509, in sync_wrapper
[rank0]:[rank0]:     return func(*args, **kwargs)
[rank0]:[rank0]:            ^^^^^^^^^^^^^^^^^^^^^
[rank0]:[rank0]:   File "/root/mep/w/main_f359/torchtitan/training_engine.py", line 596, in forward_backward_microbatch
[rank0]:[rank0]:     loss = forward_backward()
[rank0]:[rank0]:            ^^^^^^^^^^^^^^^^^^
[rank0]:[rank0]:   File "/root/mep/w/main_f359/torchtitan/training_engine.py", line 581, in forward_backward
[rank0]:[rank0]:     return self.forward_backward_body_fn(
[rank0]:[rank0]:            ^^^^^^^^^^^^^^^^^^^^^^^^^^^^^^
[rank0]:[rank0]:   File "/root/mep/w/main_f359/torchtitan/training_engine.py", line 613, in _non_pp_forward_backward_body
[rank0]:[rank0]:     pred = self.model_parts[0](inputs, **model_kwargs)
[rank0]:[rank0]:            ^^^^^^^^^^^^^^^^^^^^^^^^^^^^^^^^^^^^^^^^^^^
[rank0]:[rank0]:   File "/root/mep/venv/lib/python3.12/site-packages/torch/nn/modules/module.py", line 1787, in _wrapped_call_impl
[rank0]:[rank0]:     return self._call_impl(*args, **kwargs)
[rank0]:[rank0]:            ^^^^^^^^^^^^^^^^^^^^^^^^^^^^^^^^
[rank0]:[rank0]:   File "/root/mep/venv/lib/python3.12/site-packages/torch/nn/modules/module.py", line 1893, in _call_impl
[rank0]:[rank0]:     return inner()
[rank0]:[rank0]:            ^^^^^^^
[rank0]:[rank0]:   File "/root/mep/venv/lib/python3.12/site-packages/torch/nn/modules/module.py", line 1841, in inner
[rank0]:[rank0]:     result = forward_call(*args, **kwargs)
[rank0]:[rank0]:              ^^^^^^^^^^^^^^^^^^^^^^^^^^^^^
[rank0]:[rank0]:   File "/root/mep/w/main_f359/torchtitan/models/kimi_k3/model.py", line 582, in forward
[rank0]:[rank0]:     h_TD = self._prepare_multimodal_embeds(
[rank0]:[rank0]:            ^^^^^^^^^^^^^^^^^^^^^^^^^^^^^^^^
[rank0]:[rank0]:   File "/root/mep/w/main_f359/torchtitan/models/kimi_k3/model.py", line 540, in _prepare_multimodal_embeds
[rank0]:[rank0]:     vision_embeds = self.vision_encoder(pixel_values, grid_thw=grid_thw)
[rank0]:[rank0]:                     ^^^^^^^^^^^^^^^^^^^^^^^^^^^^^^^^^^^^^^^^^^^^^^^^^^^^
[rank0]:[rank0]:   File "/root/mep/venv/lib/python3.12/site-packages/torch/nn/modules/module.py", line 1787, in _wrapped_call_impl
[rank0]:[rank0]:     return self._call_impl(*args, **kwargs)
[rank0]:[rank0]:            ^^^^^^^^^^^^^^^^^^^^^^^^^^^^^^^^
[rank0]:[rank0]:   File "/root/mep/venv/lib/python3.12/site-packages/torch/nn/modules/module.py", line 1893, in _call_impl
[rank0]:[rank0]:     return inner()
[rank0]:[rank0]:            ^^^^^^^
[rank0]:[rank0]:   File "/root/mep/venv/lib/python3.12/site-packages/torch/nn/modules/module.py", line 1841, in inner
[rank0]:[rank0]:     result = forward_call(*args, **kwargs)
[rank0]:[rank0]:              ^^^^^^^^^^^^^^^^^^^^^^^^^^^^^
[rank0]:[rank0]:   File "/root/mep/w/main_f359/torchtitan/protocols/module.py", line 305, in forward_with_redistribution
[rank0]:[rank0]:     outputs = fn(*args, **kwargs)
[rank0]:[rank0]:               ^^^^^^^^^^^^^^^^^^^
[rank0]:[rank0]:   File "/root/mep/w/main_f359/torchtitan/models/kimi_k2_7/vision_encoder.py", line 451, in forward
[rank0]:[rank0]:     x = block(
[rank0]:[rank0]:         ^^^^^^
[rank0]:[rank0]:   File "/root/mep/venv/lib/python3.12/site-packages/torch/nn/modules/module.py", line 1787, in _wrapped_call_impl
[rank0]:[rank0]:     return self._call_impl(*args, **kwargs)
[rank0]:[rank0]:            ^^^^^^^^^^^^^^^^^^^^^^^^^^^^^^^^
[rank0]:[rank0]:   File "/root/mep/venv/lib/python3.12/site-packages/torch/nn/modules/module.py", line 1798, in _call_impl
[rank0]:[rank0]:     return forward_call(*args, **kwargs)
[rank0]:[rank0]:            ^^^^^^^^^^^^^^^^^^^^^^^^^^^^^
[rank0]:[rank0]:   File "/root/mep/w/main_f359/torchtitan/models/common/vision_encoder.py", line 259, in forward
[rank0]:[rank0]:     x = x + self.attn(
[rank0]:[rank0]:             ^^^^^^^^^^
[rank0]:[rank0]:   File "/root/mep/venv/lib/python3.12/site-packages/torch/nn/modules/module.py", line 1787, in _wrapped_call_impl
[rank0]:[rank0]:     return self._call_impl(*args, **kwargs)
[rank0]:[rank0]:            ^^^^^^^^^^^^^^^^^^^^^^^^^^^^^^^^
[rank0]:[rank0]:   File "/root/mep/venv/lib/python3.12/site-packages/torch/nn/modules/module.py", line 1798, in _call_impl
[rank0]:[rank0]:     return forward_call(*args, **kwargs)
[rank0]:[rank0]:            ^^^^^^^^^^^^^^^^^^^^^^^^^^^^^
[rank0]:[rank0]:   File "/root/mep/w/main_f359/torchtitan/protocols/module.py", line 305, in forward_with_redistribution
[rank0]:[rank0]:     outputs = fn(*args, **kwargs)
[rank0]:[rank0]:               ^^^^^^^^^^^^^^^^^^^
[rank0]:[rank0]:   File "/root/mep/w/main_f359/torchtitan/models/common/vision_encoder.py", line 224, in forward
[rank0]:[rank0]:     out_TD = remat.region(
[rank0]:[rank0]:              ^^^^^^^^^^^^^
[rank0]:[rank0]:   File "/root/mep/venv/lib/python3.12/site-packages/torch_remat/_api.py", line 419, in wrapper
[rank0]:[rank0]:     return function(*args, **kwargs)
[rank0]:[rank0]:            ^^^^^^^^^^^^^^^^^^^^^^^^^
[rank0]:[rank0]:   File "/root/mep/venv/lib/python3.12/site-packages/torch/nn/modules/module.py", line 1787, in _wrapped_call_impl
[rank0]:[rank0]:     return self._call_impl(*args, **kwargs)
[rank0]:[rank0]:            ^^^^^^^^^^^^^^^^^^^^^^^^^^^^^^^^
[rank0]:[rank0]:   File "/root/mep/venv/lib/python3.12/site-packages/torch/nn/modules/module.py", line 1798, in _call_impl
[rank0]:[rank0]:     return forward_call(*args, **kwargs)
[rank0]:[rank0]:            ^^^^^^^^^^^^^^^^^^^^^^^^^^^^^
[rank0]:[rank0]:   File "/root/mep/w/main_f359/torchtitan/protocols/module.py", line 306, in forward_with_redistribution
[rank0]:[rank0]:     return self._redistribute_outputs(outputs)
[rank0]:[rank0]:            ^^^^^^^^^^^^^^^^^^^^^^^^^^^^^^^^^^^
[rank0]:[rank0]:   File "/root/mep/w/main_f359/torchtitan/protocols/module.py", line 577, in _redistribute_outputs
[rank0]:[rank0]:     spmd.assert_type(outputs, out_src)
[rank0]:[rank0]:   File "/root/mep/venv/lib/python3.12/site-packages/spmd_types/runtime.py", line 498, in assert_type
[rank0]:[rank0]:     raise SpmdTypeError(
[rank0]:[rank0]: spmd_types.types.SpmdTypeError: SPMD type mismatch on axis mesh_ep: tensor has PerMeshAxisLocalSpmdType.P, expected PerMeshAxisLocalSpmdType.I
[rank0]:
[rank0]:[rank0]: Set SPMD_TYPES_TRACEBACK_FILTERING=off to see the full, unfiltered traceback.
[rank2]:[rank2]: Traceback (most recent call last):
[rank2]:[rank2]:   File "<frozen runpy>", line 198, in _run_module_as_main
[rank2]:[rank2]:   File "<frozen runpy>", line 88, in _run_code
[rank2]:[rank2]:   File "/root/mep/w/main_f359/torchtitan/train.py", line 73, in <module>
[rank2]:[rank2]:     main()
[rank2]:[rank2]:   File "/root/mep/w/main_f359/torchtitan/train.py", line 59, in main
[rank2]:[rank2]:     trainer.train()
[rank2]:[rank2]:   File "/root/mep/venv/lib/python3.12/site-packages/torch/distributed/elastic/multiprocessing/errors/__init__.py", line 384, in wrapper
[rank2]:[rank2]:     result = f(*args, **kwargs)
[rank2]:[rank2]:              ^^^^^^^^^^^^^^^^^^
[rank2]:[rank2]:   File "/root/mep/w/main_f359/torchtitan/trainer.py", line 473, in train
[rank2]:[rank2]:     self.train_step(data_iterator)
[rank2]:[rank2]:   File "/root/mep/w/main_f359/torchtitan/trainer.py", line 378, in train_step
[rank2]:[rank2]:     detached_loss = engine.forward_backward_microbatch(
[rank2]:[rank2]:                     ^^^^^^^^^^^^^^^^^^^^^^^^^^^^^^^^^^^
[rank2]:[rank2]:   File "/root/mep/w/main_f359/torchtitan/observability/structured_logger/structured_logging.py", line 509, in sync_wrapper
[rank2]:[rank2]:     return func(*args, **kwargs)
[rank2]:[rank2]:            ^^^^^^^^^^^^^^^^^^^^^
[rank2]:[rank2]:   File "/root/mep/w/main_f359/torchtitan/training_engine.py", line 596, in forward_backward_microbatch
[rank2]:[rank2]:     loss = forward_backward()
[rank2]:[rank2]:            ^^^^^^^^^^^^^^^^^^
[rank2]:[rank2]:   File "/root/mep/w/main_f359/torchtitan/training_engine.py", line 581, in forward_backward
[rank2]:[rank2]:     return self.forward_backward_body_fn(
[rank2]:[rank2]:            ^^^^^^^^^^^^^^^^^^^^^^^^^^^^^^
[rank2]:[rank2]:   File "/root/mep/w/main_f359/torchtitan/training_engine.py", line 613, in _non_pp_forward_backward_body
[rank2]:[rank2]:     pred = self.model_parts[0](inputs, **model_kwargs)
[rank2]:[rank2]:            ^^^^^^^^^^^^^^^^^^^^^^^^^^^^^^^^^^^^^^^^^^^
[rank2]:[rank2]:   File "/root/mep/venv/lib/python3.12/site-packages/torch/nn/modules/module.py", line 1787, in _wrapped_call_impl
[rank2]:[rank2]:     return self._call_impl(*args, **kwargs)
[rank2]:[rank2]:            ^^^^^^^^^^^^^^^^^^^^^^^^^^^^^^^^
[rank2]:[rank2]:   File "/root/mep/venv/lib/python3.12/site-packages/torch/nn/modules/module.py", line 1893, in _call_impl
[rank2]:[rank2]:     return inner()
[rank2]:[rank2]:            ^^^^^^^
[rank2]:[rank2]:   File "/root/mep/venv/lib/python3.12/site-packages/torch/nn/modules/module.py", line 1841, in inner
[rank2]:[rank2]:     result = forward_call(*args, **kwargs)
[rank2]:[rank2]:              ^^^^^^^^^^^^^^^^^^^^^^^^^^^^^
[rank2]:[rank2]:   File "/root/mep/w/main_f359/torchtitan/models/kimi_k3/model.py", line 582, in forward
[rank2]:[rank2]:     h_TD = self._prepare_multimodal_embeds(
[rank2]:[rank2]:            ^^^^^^^^^^^^^^^^^^^^^^^^^^^^^^^^
[rank2]:[rank2]:   File "/root/mep/w/main_f359/torchtitan/models/kimi_k3/model.py", line 540, in _prepare_multimodal_embeds
[rank2]:[rank2]:     vision_embeds = self.vision_encoder(pixel_values, grid_thw=grid_thw)
[rank2]:[rank2]:                     ^^^^^^^^^^^^^^^^^^^^^^^^^^^^^^^^^^^^^^^^^^^^^^^^^^^^
[rank2]:[rank2]:   File "/root/mep/venv/lib/python3.12/site-packages/torch/nn/modules/module.py", line 1787, in _wrapped_call_impl
[rank2]:[rank2]:     return self._call_impl(*args, **kwargs)
[rank2]:[rank2]:            ^^^^^^^^^^^^^^^^^^^^^^^^^^^^^^^^
[rank2]:[rank2]:   File "/root/mep/venv/lib/python3.12/site-packages/torch/nn/modules/module.py", line 1893, in _call_impl
[rank2]:[rank2]:     return inner()
[rank2]:[rank2]:            ^^^^^^^
[rank2]:[rank2]:   File "/root/mep/venv/lib/python3.12/site-packages/torch/nn/modules/module.py", line 1841, in inner
[rank2]:[rank2]:     result = forward_call(*args, **kwargs)
[rank2]:[rank2]:              ^^^^^^^^^^^^^^^^^^^^^^^^^^^^^
[rank2]:[rank2]:   File "/root/mep/w/main_f359/torchtitan/protocols/module.py", line 305, in forward_with_redistribution
[rank2]:[rank2]:     outputs = fn(*args, **kwargs)
[rank2]:[rank2]:               ^^^^^^^^^^^^^^^^^^^
[rank2]:[rank2]:   File "/root/mep/w/main_f359/torchtitan/models/kimi_k2_7/vision_encoder.py", line 451, in forward
[rank2]:[rank2]:     x = block(
[rank2]:[rank2]:         ^^^^^^
[rank2]:[rank2]:   File "/root/mep/venv/lib/python3.12/site-packages/torch/nn/modules/module.py", line 1787, in _wrapped_call_impl
[rank2]:[rank2]:     return self._call_impl(*args, **kwargs)
[rank2]:[rank2]:            ^^^^^^^^^^^^^^^^^^^^^^^^^^^^^^^^
[rank2]:[rank2]:   File "/root/mep/venv/lib/python3.12/site-packages/torch/nn/modules/module.py", line 1798, in _call_impl
[rank2]:[rank2]:     return forward_call(*args, **kwargs)
[rank2]:[rank2]:            ^^^^^^^^^^^^^^^^^^^^^^^^^^^^^
[rank2]:[rank2]:   File "/root/mep/w/main_f359/torchtitan/models/common/vision_encoder.py", line 259, in forward
[rank2]:[rank2]:     x = x + self.attn(
[rank2]:[rank2]:             ^^^^^^^^^^
[rank2]:[rank2]:   File "/root/mep/venv/lib/python3.12/site-packages/torch/nn/modules/module.py", line 1787, in _wrapped_call_impl
[rank2]:[rank2]:     return self._call_impl(*args, **kwargs)
[rank2]:[rank2]:            ^^^^^^^^^^^^^^^^^^^^^^^^^^^^^^^^
[rank2]:[rank2]:   File "/root/mep/venv/lib/python3.12/site-packages/torch/nn/modules/module.py", line 1798, in _call_impl
[rank2]:[rank2]:     return forward_call(*args, **kwargs)
[rank2]:[rank2]:            ^^^^^^^^^^^^^^^^^^^^^^^^^^^^^
[rank2]:[rank2]:   File "/root/mep/w/main_f359/torchtitan/protocols/module.py", line 305, in forward_with_redistribution
[rank2]:[rank2]:     outputs = fn(*args, **kwargs)
[rank2]:[rank2]:               ^^^^^^^^^^^^^^^^^^^
[rank2]:[rank2]:   File "/root/mep/w/main_f359/torchtitan/models/common/vision_encoder.py", line 224, in forward
[rank2]:[rank2]:     out_TD = remat.region(
[rank2]:[rank2]:              ^^^^^^^^^^^^^
[rank2]:[rank2]:   File "/root/mep/venv/lib/python3.12/site-packages/torch_remat/_api.py", line 419, in wrapper
[rank2]:[rank2]:     return function(*args, **kwargs)
[rank2]:[rank2]:            ^^^^^^^^^^^^^^^^^^^^^^^^^
[rank2]:[rank2]:   File "/root/mep/venv/lib/python3.12/site-packages/torch/nn/modules/module.py", line 1787, in _wrapped_call_impl
[rank2]:[rank2]:     return self._call_impl(*args, **kwargs)
[rank2]:[rank2]:            ^^^^^^^^^^^^^^^^^^^^^^^^^^^^^^^^
[rank2]:[rank2]:   File "/root/mep/venv/lib/python3.12/site-packages/torch/nn/modules/module.py", line 1798, in _call_impl
[rank2]:[rank2]:     return forward_call(*args, **kwargs)
[rank2]:[rank2]:            ^^^^^^^^^^^^^^^^^^^^^^^^^^^^^
[rank2]:[rank2]:   File "/root/mep/w/main_f359/torchtitan/protocols/module.py", line 306, in forward_with_redistribution
[rank2]:[rank2]:     return self._redistribute_outputs(outputs)
[rank2]:[rank2]:            ^^^^^^^^^^^^^^^^^^^^^^^^^^^^^^^^^^^
[rank2]:[rank2]:   File "/root/mep/w/main_f359/torchtitan/protocols/module.py", line 577, in _redistribute_outputs
[rank2]:[rank2]:     spmd.assert_type(outputs, out_src)
[rank2]:[rank2]:   File "/root/mep/venv/lib/python3.12/site-packages/spmd_types/runtime.py", line 498, in assert_type
[rank2]:[rank2]:     raise SpmdTypeError(
[rank2]:[rank2]: spmd_types.types.SpmdTypeError: SPMD type mismatch on axis mesh_ep: tensor has PerMeshAxisLocalSpmdType.P, expected PerMeshAxisLocalSpmdType.I
[rank2]:
[rank2]:[rank2]: Set SPMD_TYPES_TRACEBACK_FILTERING=off to see the full, unfiltered traceback.
W0929 07:47:36.700000 81904 torch/distributed/elastic/multiprocessing/api.py:1028] Sending process 81974 closing signal SIGTERM
W0929 07:47:36.701000 81904 torch/distributed/elastic/multiprocessing/api.py:1028] Sending process 81975 closing signal SIGTERM
W0929 07:47:36.701000 81904 torch/distributed/elastic/multiprocessing/api.py:1028] Sending process 81976 closing signal SIGTERM
E0929 07:47:37.789000 81904 torch/distributed/elastic/multiprocessing/api.py:1002] failed (exitcode: 1) local_rank: 0 (pid: 81973) of binary: /root/mep/venv/bin/python3
E0929 07:47:37.793000 81904 torch/distributed/elastic/multiprocessing/errors/error_handler.py:194] no error file defined for parent, to copy child error file (/tmp/torchelastic_fvz2lhid/none_dqnqhg0i/attempt_0/0/error.json)
Traceback (most recent call last):
  File "/root/mep/venv/bin/torchrun", line 10, in <module>
    sys.exit(main())
             ^^^^^^
  File "/root/mep/venv/lib/python3.12/site-packages/torch/distributed/elastic/multiprocessing/errors/__init__.py", line 384, in wrapper
    result = f(*args, **kwargs)
             ^^^^^^^^^^^^^^^^^^
  File "/root/mep/venv/lib/python3.12/site-packages/torch/distributed/run.py", line 1138, in main
    run(args)
  File "/root/mep/venv/lib/python3.12/site-packages/torch/distributed/run.py", line 1129, in run
    elastic_launch(
  File "/root/mep/venv/lib/python3.12/site-packages/torch/distributed/launcher/api.py", line 197, in __call__
    return launch_agent(
           ^^^^^^^^^^^^^
  File "/root/mep/venv/lib/python3.12/site-packages/torch/distributed/launcher/api.py", line 386, in launch_agent
    raise ChildFailedError(
torch.distributed.elastic.multiprocessing.errors.ChildFailedError: 
============================================================
torchtitan.train FAILED
------------------------------------------------------------
Failures:
[1]:
  time      : 2026-09-29_07:47:34
  host      : 0920bced2af1
  rank      : 1 (local_rank: 1)
  exitcode  : 1 (pid: 81974) 
  error_file: /tmp/torchelastic_fvz2lhid/none_dqnqhg0i/attempt_0/1/error.json
  traceback : Traceback (most recent call last):
    File "/root/mep/venv/lib/python3.12/site-packages/torch/distributed/elastic/multiprocessing/errors/__init__.py", line 384, in wrapper
      result = f(*args, **kwargs)
               ^^^^^^^^^^^^^^^^^^
    File "/root/mep/w/main_f359/torchtitan/trainer.py", line 473, in train
      self.train_step(data_iterator)
    File "/root/mep/w/main_f359/torchtitan/trainer.py", line 378, in train_step
      detached_loss = engine.forward_backward_microbatch(
                      ^^^^^^^^^^^^^^^^^^^^^^^^^^^^^^^^^^^
    File "/root/mep/w/main_f359/torchtitan/observability/structured_logger/structured_logging.py", line 509, in sync_wrapper
      return func(*args, **kwargs)
             ^^^^^^^^^^^^^^^^^^^^^
    File "/root/mep/w/main_f359/torchtitan/training_engine.py", line 596, in forward_backward_microbatch
      loss = forward_backward()
             ^^^^^^^^^^^^^^^^^^
    File "/root/mep/w/main_f359/torchtitan/training_engine.py", line 581, in forward_backward
      return self.forward_backward_body_fn(
             ^^^^^^^^^^^^^^^^^^^^^^^^^^^^^^
    File "/root/mep/w/main_f359/torchtitan/training_engine.py", line 613, in _non_pp_forward_backward_body
      pred = self.model_parts[0](inputs, **model_kwargs)
             ^^^^^^^^^^^^^^^^^^^^^^^^^^^^^^^^^^^^^^^^^^^
    File "/root/mep/venv/lib/python3.12/site-packages/torch/nn/modules/module.py", line 1787, in _wrapped_call_impl
      return self._call_impl(*args, **kwargs)
             ^^^^^^^^^^^^^^^^^^^^^^^^^^^^^^^^
    File "/root/mep/venv/lib/python3.12/site-packages/torch/nn/modules/module.py", line 1893, in _call_impl
      return inner()
             ^^^^^^^
    File "/root/mep/venv/lib/python3.12/site-packages/torch/nn/modules/module.py", line 1841, in inner
      result = forward_call(*args, **kwargs)
               ^^^^^^^^^^^^^^^^^^^^^^^^^^^^^
    File "/root/mep/w/main_f359/torchtitan/models/kimi_k3/model.py", line 582, in forward
      h_TD = self._prepare_multimodal_embeds(
             ^^^^^^^^^^^^^^^^^^^^^^^^^^^^^^^^
    File "/root/mep/w/main_f359/torchtitan/models/kimi_k3/model.py", line 540, in _prepare_multimodal_embeds
      vision_embeds = self.vision_encoder(pixel_values, grid_thw=grid_thw)
                      ^^^^^^^^^^^^^^^^^^^^^^^^^^^^^^^^^^^^^^^^^^^^^^^^^^^^
    File "/root/mep/venv/lib/python3.12/site-packages/torch/nn/modules/module.py", line 1787, in _wrapped_call_impl
      return self._call_impl(*args, **kwargs)
             ^^^^^^^^^^^^^^^^^^^^^^^^^^^^^^^^
    File "/root/mep/venv/lib/python3.12/site-packages/torch/nn/modules/module.py", line 1893, in _call_impl
      return inner()
             ^^^^^^^
    File "/root/mep/venv/lib/python3.12/site-packages/torch/nn/modules/module.py", line 1841, in inner
      result = forward_call(*args, **kwargs)
               ^^^^^^^^^^^^^^^^^^^^^^^^^^^^^
    File "/root/mep/w/main_f359/torchtitan/protocols/module.py", line 305, in forward_with_redistribution
      outputs = fn(*args, **kwargs)
                ^^^^^^^^^^^^^^^^^^^
    File "/root/mep/w/main_f359/torchtitan/models/kimi_k2_7/vision_encoder.py", line 451, in forward
      x = block(
          ^^^^^^
    File "/root/mep/venv/lib/python3.12/site-packages/torch/nn/modules/module.py", line 1787, in _wrapped_call_impl
      return self._call_impl(*args, **kwargs)
             ^^^^^^^^^^^^^^^^^^^^^^^^^^^^^^^^
    File "/root/mep/venv/lib/python3.12/site-packages/torch/nn/modules/module.py", line 1798, in _call_impl
      return forward_call(*args, **kwargs)
             ^^^^^^^^^^^^^^^^^^^^^^^^^^^^^
    File "/root/mep/w/main_f359/torchtitan/models/common/vision_encoder.py", line 259, in forward
      x = x + self.attn(
              ^^^^^^^^^^
    File "/root/mep/venv/lib/python3.12/site-packages/torch/nn/modules/module.py", line 1787, in _wrapped_call_impl
      return self._call_impl(*args, **kwargs)
             ^^^^^^^^^^^^^^^^^^^^^^^^^^^^^^^^
    File "/root/mep/venv/lib/python3.12/site-packages/torch/nn/modules/module.py", line 1798, in _call_impl
      return forward_call(*args, **kwargs)
             ^^^^^^^^^^^^^^^^^^^^^^^^^^^^^
    File "/root/mep/w/main_f359/torchtitan/protocols/module.py", line 305, in forward_with_redistribution
      outputs = fn(*args, **kwargs)
                ^^^^^^^^^^^^^^^^^^^
    File "/root/mep/w/main_f359/torchtitan/models/common/vision_encoder.py", line 224, in forward
      out_TD = remat.region(
               ^^^^^^^^^^^^^
    File "/root/mep/venv/lib/python3.12/site-packages/torch_remat/_api.py", line 419, in wrapper
      return function(*args, **kwargs)
             ^^^^^^^^^^^^^^^^^^^^^^^^^
    File "/root/mep/venv/lib/python3.12/site-packages/torch/nn/modules/module.py", line 1787, in _wrapped_call_impl
      return self._call_impl(*args, **kwargs)
             ^^^^^^^^^^^^^^^^^^^^^^^^^^^^^^^^
    File "/root/mep/venv/lib/python3.12/site-packages/torch/nn/modules/module.py", line 1798, in _call_impl
      return forward_call(*args, **kwargs)
             ^^^^^^^^^^^^^^^^^^^^^^^^^^^^^
    File "/root/mep/w/main_f359/torchtitan/protocols/module.py", line 306, in forward_with_redistribution
      return self._redistribute_outputs(outputs)
             ^^^^^^^^^^^^^^^^^^^^^^^^^^^^^^^^^^^
    File "/root/mep/w/main_f359/torchtitan/protocols/module.py", line 577, in _redistribute_outputs
      spmd.assert_type(outputs, out_src)
    File "/root/mep/venv/lib/python3.12/site-packages/spmd_types/runtime.py", line 498, in assert_type
      raise SpmdTypeError(
  spmd_types.types.SpmdTypeError: SPMD type mismatch on axis mesh_ep: tensor has PerMeshAxisLocalSpmdType.P, expected PerMeshAxisLocalSpmdType.I
  
  Set SPMD_TYPES_TRACEBACK_FILTERING=off to see the full, unfiltered traceback.
  
[2]:
  time      : 2026-09-29_07:47:36
  host      : 0920bced2af1
  rank      : 2 (local_rank: 2)
  exitcode  : -15 (pid: 81975)  (SIGTERM)
  error_file: /tmp/torchelastic_fvz2lhid/none_dqnqhg0i/attempt_0/2/error.json
  traceback : Traceback (most recent call last):
    File "/root/mep/venv/lib/python3.12/site-packages/torch/distributed/elastic/multiprocessing/errors/__init__.py", line 384, in wrapper
      result = f(*args, **kwargs)
               ^^^^^^^^^^^^^^^^^^
    File "/root/mep/w/main_f359/torchtitan/trainer.py", line 473, in train
      self.train_step(data_iterator)
    File "/root/mep/w/main_f359/torchtitan/trainer.py", line 378, in train_step
      detached_loss = engine.forward_backward_microbatch(
                      ^^^^^^^^^^^^^^^^^^^^^^^^^^^^^^^^^^^
    File "/root/mep/w/main_f359/torchtitan/observability/structured_logger/structured_logging.py", line 509, in sync_wrapper
      return func(*args, **kwargs)
             ^^^^^^^^^^^^^^^^^^^^^
    File "/root/mep/w/main_f359/torchtitan/training_engine.py", line 596, in forward_backward_microbatch
      loss = forward_backward()
             ^^^^^^^^^^^^^^^^^^
    File "/root/mep/w/main_f359/torchtitan/training_engine.py", line 581, in forward_backward
      return self.forward_backward_body_fn(
             ^^^^^^^^^^^^^^^^^^^^^^^^^^^^^^
    File "/root/mep/w/main_f359/torchtitan/training_engine.py", line 613, in _non_pp_forward_backward_body
      pred = self.model_parts[0](inputs, **model_kwargs)
             ^^^^^^^^^^^^^^^^^^^^^^^^^^^^^^^^^^^^^^^^^^^
    File "/root/mep/venv/lib/python3.12/site-packages/torch/nn/modules/module.py", line 1787, in _wrapped_call_impl
      return self._call_impl(*args, **kwargs)
             ^^^^^^^^^^^^^^^^^^^^^^^^^^^^^^^^
    File "/root/mep/venv/lib/python3.12/site-packages/torch/nn/modules/module.py", line 1893, in _call_impl
      return inner()
             ^^^^^^^
    File "/root/mep/venv/lib/python3.12/site-packages/torch/nn/modules/module.py", line 1841, in inner
      result = forward_call(*args, **kwargs)
               ^^^^^^^^^^^^^^^^^^^^^^^^^^^^^
    File "/root/mep/w/main_f359/torchtitan/models/kimi_k3/model.py", line 582, in forward
      h_TD = self._prepare_multimodal_embeds(
             ^^^^^^^^^^^^^^^^^^^^^^^^^^^^^^^^
    File "/root/mep/w/main_f359/torchtitan/models/kimi_k3/model.py", line 540, in _prepare_multimodal_embeds
      vision_embeds = self.vision_encoder(pixel_values, grid_thw=grid_thw)
                      ^^^^^^^^^^^^^^^^^^^^^^^^^^^^^^^^^^^^^^^^^^^^^^^^^^^^
    File "/root/mep/venv/lib/python3.12/site-packages/torch/nn/modules/module.py", line 1787, in _wrapped_call_impl
      return self._call_impl(*args, **kwargs)
             ^^^^^^^^^^^^^^^^^^^^^^^^^^^^^^^^
    File "/root/mep/venv/lib/python3.12/site-packages/torch/nn/modules/module.py", line 1893, in _call_impl
      return inner()
             ^^^^^^^
    File "/root/mep/venv/lib/python3.12/site-packages/torch/nn/modules/module.py", line 1841, in inner
      result = forward_call(*args, **kwargs)
               ^^^^^^^^^^^^^^^^^^^^^^^^^^^^^
    File "/root/mep/w/main_f359/torchtitan/protocols/module.py", line 305, in forward_with_redistribution
      outputs = fn(*args, **kwargs)
                ^^^^^^^^^^^^^^^^^^^
    File "/root/mep/w/main_f359/torchtitan/models/kimi_k2_7/vision_encoder.py", line 451, in forward
      x = block(
          ^^^^^^
    File "/root/mep/venv/lib/python3.12/site-packages/torch/nn/modules/module.py", line 1787, in _wrapped_call_impl
      return self._call_impl(*args, **kwargs)
             ^^^^^^^^^^^^^^^^^^^^^^^^^^^^^^^^
    File "/root/mep/venv/lib/python3.12/site-packages/torch/nn/modules/module.py", line 1798, in _call_impl
      return forward_call(*args, **kwargs)
             ^^^^^^^^^^^^^^^^^^^^^^^^^^^^^
    File "/root/mep/w/main_f359/torchtitan/models/common/vision_encoder.py", line 259, in forward
      x = x + self.attn(
              ^^^^^^^^^^
    File "/root/mep/venv/lib/python3.12/site-packages/torch/nn/modules/module.py", line 1787, in _wrapped_call_impl
      return self._call_impl(*args, **kwargs)
             ^^^^^^^^^^^^^^^^^^^^^^^^^^^^^^^^
    File "/root/mep/venv/lib/python3.12/site-packages/torch/nn/modules/module.py", line 1798, in _call_impl
      return forward_call(*args, **kwargs)
             ^^^^^^^^^^^^^^^^^^^^^^^^^^^^^
    File "/root/mep/w/main_f359/torchtitan/protocols/module.py", line 305, in forward_with_redistribution
      outputs = fn(*args, **kwargs)
                ^^^^^^^^^^^^^^^^^^^
    File "/root/mep/w/main_f359/torchtitan/models/common/vision_encoder.py", line 224, in forward
      out_TD = remat.region(
               ^^^^^^^^^^^^^
    File "/root/mep/venv/lib/python3.12/site-packages/torch_remat/_api.py", line 419, in wrapper
      return function(*args, **kwargs)
             ^^^^^^^^^^^^^^^^^^^^^^^^^
    File "/root/mep/venv/lib/python3.12/site-packages/torch/nn/modules/module.py", line 1787, in _wrapped_call_impl
      return self._call_impl(*args, **kwargs)
             ^^^^^^^^^^^^^^^^^^^^^^^^^^^^^^^^
    File "/root/mep/venv/lib/python3.12/site-packages/torch/nn/modules/module.py", line 1798, in _call_impl
      return forward_call(*args, **kwargs)
             ^^^^^^^^^^^^^^^^^^^^^^^^^^^^^
    File "/root/mep/w/main_f359/torchtitan/protocols/module.py", line 306, in forward_with_redistribution
      return self._redistribute_outputs(outputs)
             ^^^^^^^^^^^^^^^^^^^^^^^^^^^^^^^^^^^
    File "/root/mep/w/main_f359/torchtitan/protocols/module.py", line 577, in _redistribute_outputs
      spmd.assert_type(outputs, out_src)
    File "/root/mep/venv/lib/python3.12/site-packages/spmd_types/runtime.py", line 498, in assert_type
      raise SpmdTypeError(
  spmd_types.types.SpmdTypeError: SPMD type mismatch on axis mesh_ep: tensor has PerMeshAxisLocalSpmdType.P, expected PerMeshAxisLocalSpmdType.I
  
  Set SPMD_TYPES_TRACEBACK_FILTERING=off to see the full, unfiltered traceback.
  
[3]:
  time      : 2026-09-29_07:47:37
  host      : 0920bced2af1
  rank      : 3 (local_rank: 3)
  exitcode  : -15 (pid: 81976)  (SIGTERM)
  error_file: <N/A>
  traceback : Signal 15 (SIGTERM) received by PID 81976
------------------------------------------------------------
Root Cause (first observed failure):
[0]:
  time      : 2026-09-29_07:47:34
  host      : 0920bced2af1
  rank      : 0 (local_rank: 0)
  exitcode  : 1 (pid: 81973) 
  error_file: /tmp/torchelastic_fvz2lhid/none_dqnqhg0i/attempt_0/0/error.json
  traceback : Traceback (most recent call last):
    File "/root/mep/venv/lib/python3.12/site-packages/torch/distributed/elastic/multiprocessing/errors/__init__.py", line 384, in wrapper
      result = f(*args, **kwargs)
               ^^^^^^^^^^^^^^^^^^
    File "/root/mep/w/main_f359/torchtitan/trainer.py", line 473, in train
      self.train_step(data_iterator)
    File "/root/mep/w/main_f359/torchtitan/trainer.py", line 378, in train_step
      detached_loss = engine.forward_backward_microbatch(
                      ^^^^^^^^^^^^^^^^^^^^^^^^^^^^^^^^^^^
    File "/root/mep/w/main_f359/torchtitan/observability/structured_logger/structured_logging.py", line 509, in sync_wrapper
      return func(*args, **kwargs)
             ^^^^^^^^^^^^^^^^^^^^^
    File "/root/mep/w/main_f359/torchtitan/training_engine.py", line 596, in forward_backward_microbatch
      loss = forward_backward()
             ^^^^^^^^^^^^^^^^^^
    File "/root/mep/w/main_f359/torchtitan/training_engine.py", line 581, in forward_backward
      return self.forward_backward_body_fn(
             ^^^^^^^^^^^^^^^^^^^^^^^^^^^^^^
    File "/root/mep/w/main_f359/torchtitan/training_engine.py", line 613, in _non_pp_forward_backward_body
      pred = self.model_parts[0](inputs, **model_kwargs)
             ^^^^^^^^^^^^^^^^^^^^^^^^^^^^^^^^^^^^^^^^^^^
    File "/root/mep/venv/lib/python3.12/site-packages/torch/nn/modules/module.py", line 1787, in _wrapped_call_impl
      return self._call_impl(*args, **kwargs)
             ^^^^^^^^^^^^^^^^^^^^^^^^^^^^^^^^
    File "/root/mep/venv/lib/python3.12/site-packages/torch/nn/modules/module.py", line 1893, in _call_impl
      return inner()
             ^^^^^^^
    File "/root/mep/venv/lib/python3.12/site-packages/torch/nn/modules/module.py", line 1841, in inner
      result = forward_call(*args, **kwargs)
               ^^^^^^^^^^^^^^^^^^^^^^^^^^^^^
    File "/root/mep/w/main_f359/torchtitan/models/kimi_k3/model.py", line 582, in forward
      h_TD = self._prepare_multimodal_embeds(
             ^^^^^^^^^^^^^^^^^^^^^^^^^^^^^^^^
    File "/root/mep/w/main_f359/torchtitan/models/kimi_k3/model.py", line 540, in _prepare_multimodal_embeds
      vision_embeds = self.vision_encoder(pixel_values, grid_thw=grid_thw)
                      ^^^^^^^^^^^^^^^^^^^^^^^^^^^^^^^^^^^^^^^^^^^^^^^^^^^^
    File "/root/mep/venv/lib/python3.12/site-packages/torch/nn/modules/module.py", line 1787, in _wrapped_call_impl
      return self._call_impl(*args, **kwargs)
             ^^^^^^^^^^^^^^^^^^^^^^^^^^^^^^^^
    File "/root/mep/venv/lib/python3.12/site-packages/torch/nn/modules/module.py", line 1893, in _call_impl
      return inner()
             ^^^^^^^
    File "/root/mep/venv/lib/python3.12/site-packages/torch/nn/modules/module.py", line 1841, in inner
      result = forward_call(*args, **kwargs)
               ^^^^^^^^^^^^^^^^^^^^^^^^^^^^^
    File "/root/mep/w/main_f359/torchtitan/protocols/module.py", line 305, in forward_with_redistribution
      outputs = fn(*args, **kwargs)
                ^^^^^^^^^^^^^^^^^^^
    File "/root/mep/w/main_f359/torchtitan/models/kimi_k2_7/vision_encoder.py", line 451, in forward
      x = block(
          ^^^^^^
    File "/root/mep/venv/lib/python3.12/site-packages/torch/nn/modules/module.py", line 1787, in _wrapped_call_impl
      return self._call_impl(*args, **kwargs)
             ^^^^^^^^^^^^^^^^^^^^^^^^^^^^^^^^
    File "/root/mep/venv/lib/python3.12/site-packages/torch/nn/modules/module.py", line 1798, in _call_impl
      return forward_call(*args, **kwargs)
             ^^^^^^^^^^^^^^^^^^^^^^^^^^^^^
    File "/root/mep/w/main_f359/torchtitan/models/common/vision_encoder.py", line 259, in forward
      x = x + self.attn(
              ^^^^^^^^^^
    File "/root/mep/venv/lib/python3.12/site-packages/torch/nn/modules/module.py", line 1787, in _wrapped_call_impl
      return self._call_impl(*args, **kwargs)
             ^^^^^^^^^^^^^^^^^^^^^^^^^^^^^^^^
    File "/root/mep/venv/lib/python3.12/site-packages/torch/nn/modules/module.py", line 1798, in _call_impl
      return forward_call(*args, **kwargs)
             ^^^^^^^^^^^^^^^^^^^^^^^^^^^^^
    File "/root/mep/w/main_f359/torchtitan/protocols/module.py", line 305, in forward_with_redistribution
      outputs = fn(*args, **kwargs)
                ^^^^^^^^^^^^^^^^^^^
    File "/root/mep/w/main_f359/torchtitan/models/common/vision_encoder.py", line 224, in forward
      out_TD = remat.region(
               ^^^^^^^^^^^^^
    File "/root/mep/venv/lib/python3.12/site-packages/torch_remat/_api.py", line 419, in wrapper
      return function(*args, **kwargs)
             ^^^^^^^^^^^^^^^^^^^^^^^^^
    File "/root/mep/venv/lib/python3.12/site-packages/torch/nn/modules/module.py", line 1787, in _wrapped_call_impl
      return self._call_impl(*args, **kwargs)
             ^^^^^^^^^^^^^^^^^^^^^^^^^^^^^^^^
    File "/root/mep/venv/lib/python3.12/site-packages/torch/nn/modules/module.py", line 1798, in _call_impl
      return forward_call(*args, **kwargs)
             ^^^^^^^^^^^^^^^^^^^^^^^^^^^^^
    File "/root/mep/w/main_f359/torchtitan/protocols/module.py", line 306, in forward_with_redistribution
      return self._redistribute_outputs(outputs)
             ^^^^^^^^^^^^^^^^^^^^^^^^^^^^^^^^^^^
    File "/root/mep/w/main_f359/torchtitan/protocols/module.py", line 577, in _redistribute_outputs
      spmd.assert_type(outputs, out_src)
    File "/root/mep/venv/lib/python3.12/site-packages/spmd_types/runtime.py", line 498, in assert_type
      raise SpmdTypeError(
  spmd_types.types.SpmdTypeError: SPMD type mismatch on axis mesh_ep: tensor has PerMeshAxisLocalSpmdType.P, expected PerMeshAxisLocalSpmdType.I
  
  Set SPMD_TYPES_TRACEBACK_FILTERING=off to see the full, unfiltered traceback.
  
============================================================
