W0913 07:43:43.665000 12967 torch/distributed/run.py:982] 
W0913 07:43:43.665000 12967 torch/distributed/run.py:982] *****************************************
W0913 07:43:43.665000 12967 torch/distributed/run.py:982] Setting OMP_NUM_THREADS environment variable for each process to be 1 in default, to avoid your system being overloaded, please further tune the variable for optimal performance in your application as needed. 
W0913 07:43:43.665000 12967 torch/distributed/run.py:982] *****************************************
WARNING:absl:Failed to load jax profiler: No module named 'jax'
WARNING:absl:Failed to load jax profiler: No module named 'jax'
WARNING:absl:Failed to load jax profiler: No module named 'jax'
WARNING:absl:Failed to load jax profiler: No module named 'jax'
[titan] 2026-09-13 07:43:48,820 - root - INFO - torchtitan version: 0.0.0+unknown (0.0.0 means __version__ is not defined correctly).
[titan] 2026-09-13 07:43:48,826 - root - INFO - torchtitan version: 0.0.0+unknown (0.0.0 means __version__ is not defined correctly).
[titan] 2026-09-13 07:43:48,831 - root - INFO - torchtitan version: 0.0.0+unknown (0.0.0 means __version__ is not defined correctly).
[titan] 2026-09-13 07:43:48,835 - root - INFO - torchtitan version: 0.0.0+unknown (0.0.0 means __version__ is not defined correctly).
[titan] 2026-09-13 07:43:49,431 - root - WARNING - initial_load_model_only=True has no effect without an initial_load_path.
[titan] 2026-09-13 07:43:49,444 - root - WARNING - initial_load_model_only=True has no effect without an initial_load_path.
[titan] 2026-09-13 07:43:49,451 - root - WARNING - initial_load_model_only=True has no effect without an initial_load_path.
[titan] 2026-09-13 07:43:49,503 - root - WARNING - initial_load_model_only=True has no effect without an initial_load_path.
[titan] 2026-09-13 07:43:49,504 - torchtitan.observability.structured_logger.jsonl_handler - INFO - Structured logging -> JSONL: /workspace/out_smoke/sm_pp4vp4n/structured_logs/training.global_rank_3.20260913-074349-ED3K99.jsonl
[titan] 2026-09-13 07:43:49,517 - root - WARNING - initial_load_model_only=True has no effect without an initial_load_path.
[titan] 2026-09-13 07:43:49,518 - torchtitan.observability.structured_logger.jsonl_handler - INFO - Structured logging -> JSONL: /workspace/out_smoke/sm_pp4vp4n/structured_logs/training.global_rank_2.20260913-074349-BIAEIF.jsonl
[titan] 2026-09-13 07:43:49,524 - root - WARNING - initial_load_model_only=True has no effect without an initial_load_path.
[titan] 2026-09-13 07:43:49,525 - torchtitan.observability.structured_logger.jsonl_handler - INFO - Structured logging -> JSONL: /workspace/out_smoke/sm_pp4vp4n/structured_logs/training.global_rank_0.20260913-074349-59PSUQ.jsonl
[titan] 2026-09-13 07:43:49,582 - root - WARNING - initial_load_model_only=True has no effect without an initial_load_path.
[titan] 2026-09-13 07:43:49,654 - root - WARNING - initial_load_model_only=True has no effect without an initial_load_path.
[titan] 2026-09-13 07:43:49,655 - torchtitan.observability.structured_logger.jsonl_handler - INFO - Structured logging -> JSONL: /workspace/out_smoke/sm_pp4vp4n/structured_logs/training.global_rank_1.20260913-074349-OON21B.jsonl
[titan] 2026-09-13 07:43:50,002 - root - WARNING - ENV[TORCH_NCCL_ASYNC_ERROR_HANDLING] = 1 will be overridden to 3 based on job config
[titan] 2026-09-13 07:43:50,034 - root - WARNING - ENV[TORCH_NCCL_ASYNC_ERROR_HANDLING] = 1 will be overridden to 3 based on job config
[titan] 2026-09-13 07:43:50,038 - root - WARNING - ENV[TORCH_NCCL_ASYNC_ERROR_HANDLING] = 1 will be overridden to 3 based on job config
[titan] 2026-09-13 07:43:50,083 - root - WARNING - ENV[TORCH_NCCL_ASYNC_ERROR_HANDLING] = 1 will be overridden to 3 based on job config
[titan] 2026-09-13 07:43:50,373 - root - INFO - [GC] Initial GC collection took 0.00 seconds
[titan] 2026-09-13 07:43:50,373 - root - INFO - Deterministic algorithm enabled (expect perf degradation).
[titan] 2026-09-13 07:43:50,374 - root - INFO - [GC] Initial GC collection took 0.00 seconds
[titan] 2026-09-13 07:43:50,374 - root - INFO - Deterministic algorithm enabled (expect perf degradation).
[titan] 2026-09-13 07:43:50,374 - root - INFO - [GC] Initial GC collection took 0.00 seconds
[titan] 2026-09-13 07:43:50,374 - root - INFO - Deterministic algorithm enabled (expect perf degradation).
[titan] 2026-09-13 07:43:50,375 - root - INFO - [GC] Initial GC collection took 0.00 seconds
[titan] 2026-09-13 07:43:50,375 - root - INFO - Deterministic algorithm enabled (expect perf degradation).
[titan] 2026-09-13 07:43:50,385 - root - INFO - Building device mesh with parallelism: pp=4, dp_replicate=1, dp_shard=1, cp=1, tp=1, ep=1
[titan] 2026-09-13 07:43:50,385 - root - INFO - Building device mesh with parallelism: pp=4, dp_replicate=1, dp_shard=1, cp=1, tp=1, ep=1
[titan] 2026-09-13 07:43:50,385 - root - INFO - Building device mesh with parallelism: pp=4, dp_replicate=1, dp_shard=1, cp=1, tp=1, ep=1
[titan] 2026-09-13 07:43:50,388 - root - INFO - Building device mesh with parallelism: pp=4, dp_replicate=1, dp_shard=1, cp=1, tp=1, ep=1
[titan] 2026-09-13 07:43:51,068 - root - INFO - Successfully created meshes with active dimensions: ['pp']
[titan] 2026-09-13 07:43:51,068 - root - INFO - Successfully created meshes with active dimensions: ['pp']
[titan] 2026-09-13 07:43:51,068 - root - INFO - Successfully created meshes with active dimensions: ['pp']
[titan] 2026-09-13 07:43:51,069 - root - INFO - Successfully created meshes with active dimensions: ['pp']
[titan] 2026-09-13 07:43:51,077 - root - INFO - Building kimi_k3 debugmodel
[titan] 2026-09-13 07:43:51,077 - root - INFO - Building kimi_k3 debugmodel
[titan] 2026-09-13 07:43:51,077 - root - INFO - Building kimi_k3 debugmodel
[titan] 2026-09-13 07:43:51,078 - root - INFO - Building kimi_k3 debugmodel
[titan] 2026-09-13 07:43:51,225 - root - INFO - CUDA capacity: NVIDIA H100 PCIe with 79.18GiB memory
[titan] 2026-09-13 07:43:51,226 - root - INFO - CUDA capacity: NVIDIA H100 PCIe with 79.18GiB memory
[titan] 2026-09-13 07:43:51,227 - root - WARNING - Error running lspci: [Errno 2] No such file or directory: 'lspci', fallback to use device_name
[titan] 2026-09-13 07:43:51,227 - root - INFO - CUDA capacity: NVIDIA H100 PCIe with 79.18GiB memory
[titan] 2026-09-13 07:43:51,227 - root - WARNING - Error running lspci: [Errno 2] No such file or directory: 'lspci', fallback to use device_name
[titan] 2026-09-13 07:43:51,228 - root - WARNING - Error running lspci: [Errno 2] No such file or directory: 'lspci', fallback to use device_name
[titan] 2026-09-13 07:43:51,229 - root - INFO - CUDA capacity: NVIDIA H100 PCIe with 79.18GiB memory
[titan] 2026-09-13 07:43:51,230 - root - WARNING - Error running lspci: [Errno 2] No such file or directory: 'lspci', fallback to use device_name
[titan] 2026-09-13 07:43:51,231 - root - INFO - Total parameter count: 1,119,984,672, active parameters: 535,879,200
[titan] 2026-09-13 07:43:51,231 - root - INFO - [34mModel kimi_k3 debugmodel [31msize: 1,119,984,672 total parameters[39m
[titan] 2026-09-13 07:43:51,232 - root - INFO - Total parameter count: 1,119,984,672, active parameters: 535,879,200
[titan] 2026-09-13 07:43:51,232 - root - INFO - [34mModel kimi_k3 debugmodel [31msize: 1,119,984,672 total parameters[39m
[titan] 2026-09-13 07:43:51,233 - root - INFO - Total parameter count: 1,119,984,672, active parameters: 535,879,200
[titan] 2026-09-13 07:43:51,233 - root - INFO - [34mModel kimi_k3 debugmodel [31msize: 1,119,984,672 total parameters[39m
[titan] 2026-09-13 07:43:51,235 - root - INFO - Total parameter count: 1,119,984,672, active parameters: 535,879,200
[titan] 2026-09-13 07:43:51,236 - root - INFO - [34mModel kimi_k3 debugmodel [31msize: 1,119,984,672 total parameters[39m
[rank3]:W0913 07:43:51.315000 13037 torch/_logging/_internal.py:1394] Pipeline parallelism is using an eager NCCL communicator. Consider creating its process group with backend="nccl-lazy" so peer communicators are initialized lazily and traffic to different peers can overlap.
[titan] 2026-09-13 07:43:51,316 - root - INFO - PP rank 3 is building stage_idx 3 with modules ['layers.5', 'layers.6']
[rank2]:W0913 07:43:51.317000 13036 torch/_logging/_internal.py:1394] Pipeline parallelism is using an eager NCCL communicator. Consider creating its process group with backend="nccl-lazy" so peer communicators are initialized lazily and traffic to different peers can overlap.
[titan] 2026-09-13 07:43:51,318 - root - INFO - PP rank 2 is building stage_idx 2 with modules ['layers.3', 'layers.4']
[rank0]:W0913 07:43:51.318000 13034 torch/_logging/_internal.py:1394] Pipeline parallelism is using an eager NCCL communicator. Consider creating its process group with backend="nccl-lazy" so peer communicators are initialized lazily and traffic to different peers can overlap.
[titan] 2026-09-13 07:43:51,318 - root - INFO - PP rank 0 is building stage_idx 0 with modules ['vision_encoder', 'tok_embeddings', 'layers.0']
[rank1]:W0913 07:43:51.319000 13035 torch/_logging/_internal.py:1394] Pipeline parallelism is using an eager NCCL communicator. Consider creating its process group with backend="nccl-lazy" so peer communicators are initialized lazily and traffic to different peers can overlap.
[titan] 2026-09-13 07:43:51,320 - root - INFO - PP rank 1 is building stage_idx 1 with modules ['layers.1', 'layers.2']
[titan] 2026-09-13 07:43:51,397 - root - INFO - PP rank 3 is building stage_idx 7 with modules ['layers.13', 'layers.14']
[titan] 2026-09-13 07:43:51,400 - root - INFO - PP rank 1 is building stage_idx 5 with modules ['layers.9', 'layers.10']
[titan] 2026-09-13 07:43:51,400 - root - INFO - PP rank 0 is building stage_idx 4 with modules ['layers.7', 'layers.8']
[titan] 2026-09-13 07:43:51,401 - root - INFO - PP rank 2 is building stage_idx 6 with modules ['layers.11', 'layers.12']
[titan] 2026-09-13 07:43:51,479 - root - INFO - PP rank 3 is building stage_idx 11 with modules ['layers.20']
[titan] 2026-09-13 07:43:51,481 - root - INFO - PP rank 1 is building stage_idx 9 with modules ['layers.17', 'layers.18']
[titan] 2026-09-13 07:43:51,481 - root - INFO - PP rank 0 is building stage_idx 8 with modules ['layers.15', 'layers.16']
[titan] 2026-09-13 07:43:51,483 - root - INFO - PP rank 2 is building stage_idx 10 with modules ['layers.19']
[titan] 2026-09-13 07:43:51,561 - root - INFO - PP rank 3 is building stage_idx 15 with modules ['norm', 'lm_head', 'output_res_proj', 'output_res_norm']
[titan] 2026-09-13 07:43:51,562 - root - INFO - PP rank 1 is building stage_idx 13 with modules ['layers.22']
[titan] 2026-09-13 07:43:51,562 - root - INFO - PP rank 0 is building stage_idx 12 with modules ['layers.21']
[titan] 2026-09-13 07:43:51,566 - root - INFO - PP rank 2 is building stage_idx 14 with modules ['layers.23']
[titan] 2026-09-13 07:43:51,573 - root - INFO - Applied SelectiveAC activation checkpointing to the model
[titan] 2026-09-13 07:43:51,574 - root - INFO - Applied SelectiveAC activation checkpointing to the model
[titan] 2026-09-13 07:43:51,576 - root - INFO - Applied SelectiveAC activation checkpointing to the model
[titan] 2026-09-13 07:43:51,577 - root - INFO - Applied SelectiveAC activation checkpointing to the model
[titan] 2026-09-13 07:43:51,578 - root - INFO - Applied SelectiveAC activation checkpointing to the model
[titan] 2026-09-13 07:43:51,610 - root - INFO - Applied FSDP to the model
[titan] 2026-09-13 07:43:51,614 - root - INFO - Applied SelectiveAC activation checkpointing to the model
[titan] 2026-09-13 07:43:51,616 - root - INFO - Applied FSDP to the model
[titan] 2026-09-13 07:43:51,619 - root - INFO - Applied SelectiveAC activation checkpointing to the model
[titan] 2026-09-13 07:43:51,621 - root - INFO - Applied FSDP to the model
[titan] 2026-09-13 07:43:51,622 - root - INFO - Applied FSDP to the model
[titan] 2026-09-13 07:43:51,623 - root - INFO - Applied FSDP to the model
[titan] 2026-09-13 07:43:51,623 - root - INFO - Applied SelectiveAC activation checkpointing to the model
[titan] 2026-09-13 07:43:51,625 - root - INFO - Applied SelectiveAC activation checkpointing to the model
[titan] 2026-09-13 07:43:51,626 - root - INFO - Applied SelectiveAC activation checkpointing to the model
[titan] 2026-09-13 07:43:51,627 - root - INFO - Applied FSDP to the model
[titan] 2026-09-13 07:43:51,627 - root - INFO - Applied FSDP to the model
[titan] 2026-09-13 07:43:51,627 - root - INFO - Applied SelectiveAC activation checkpointing to the model
[titan] 2026-09-13 07:43:51,630 - root - INFO - Applied SelectiveAC activation checkpointing to the model
[titan] 2026-09-13 07:43:51,630 - root - INFO - Applied FSDP to the model
[titan] 2026-09-13 07:43:51,630 - root - WARNING - Number of microbatches (4) is less than the total number of stages (16) which may result in a bubble in the pipeline.
[titan] 2026-09-13 07:43:51,631 - root - INFO - Using pipeline schedule Interleaved1F1B with 4 microbatches and 16 stages.
[titan] 2026-09-13 07:43:51,631 - root - INFO - Kimi K3 pipeline: 4 stage(s) on this rank [3, 7, 11, 15], block transport whole stack every hop
[titan] 2026-09-13 07:43:51,632 - root - INFO - Applied FSDP to the model
[titan] 2026-09-13 07:43:51,634 - root - INFO - Applied SelectiveAC activation checkpointing to the model
[titan] 2026-09-13 07:43:51,637 - root - INFO - Applied FSDP to the model
[titan] 2026-09-13 07:43:51,637 - root - INFO - Applied FSDP to the model
[titan] 2026-09-13 07:43:51,639 - root - INFO - Applied SelectiveAC activation checkpointing to the model
[titan] 2026-09-13 07:43:51,639 - root - INFO - Applied SelectiveAC activation checkpointing to the model
[titan] 2026-09-13 07:43:51,642 - root - INFO - Applied FSDP to the model
[titan] 2026-09-13 07:43:51,642 - root - WARNING - Number of microbatches (4) is less than the total number of stages (16) which may result in a bubble in the pipeline.
[titan] 2026-09-13 07:43:51,643 - root - INFO - Applied FSDP to the model
[titan] 2026-09-13 07:43:51,643 - root - WARNING - Number of microbatches (4) is less than the total number of stages (16) which may result in a bubble in the pipeline.
[titan] 2026-09-13 07:43:51,643 - root - INFO - Using pipeline schedule Interleaved1F1B with 4 microbatches and 16 stages.
[titan] 2026-09-13 07:43:51,643 - root - INFO - Kimi K3 pipeline: 4 stage(s) on this rank [2, 6, 10, 14], block transport whole stack every hop
[titan] 2026-09-13 07:43:51,644 - root - INFO - Using pipeline schedule Interleaved1F1B with 4 microbatches and 16 stages.
[titan] 2026-09-13 07:43:51,644 - root - INFO - Kimi K3 pipeline: 4 stage(s) on this rank [1, 5, 9, 13], block transport whole stack every hop
[titan] 2026-09-13 07:43:51,649 - root - INFO - Applied FSDP to the model
[titan] 2026-09-13 07:43:51,652 - root - INFO - Applied SelectiveAC activation checkpointing to the model
[titan] 2026-09-13 07:43:51,659 - root - INFO - Applied FSDP to the model
[titan] 2026-09-13 07:43:51,661 - root - INFO - Applied SelectiveAC activation checkpointing to the model
[titan] 2026-09-13 07:43:51,665 - root - INFO - Applied FSDP to the model
[titan] 2026-09-13 07:43:51,665 - root - WARNING - Number of microbatches (4) is less than the total number of stages (16) which may result in a bubble in the pipeline.
[titan] 2026-09-13 07:43:51,666 - root - INFO - Using pipeline schedule Interleaved1F1B with 4 microbatches and 16 stages.
[titan] 2026-09-13 07:43:51,666 - root - INFO - Kimi K3 pipeline: 4 stage(s) on this rank [0, 4, 8, 12], block transport whole stack every hop
[rank1]:W0913 07:43:51.768000 13035 torch/distributed/tensor/_random.py:215] DTensor is synchronizing RNG states of every rank with the state from rank 0. This behavior is deprecated. Please call `torch.manual_seed()` on every rank that participates in SPMD DTensor Operations with the same seed. If using Pipeline Parallelism, each pipeline state would use a different seed, but all ranks belonging to one pipeline stage would use the same seed.
[rank3]:W0913 07:43:51.768000 13037 torch/distributed/tensor/_random.py:215] DTensor is synchronizing RNG states of every rank with the state from rank 0. This behavior is deprecated. Please call `torch.manual_seed()` on every rank that participates in SPMD DTensor Operations with the same seed. If using Pipeline Parallelism, each pipeline state would use a different seed, but all ranks belonging to one pipeline stage would use the same seed.
[rank2]:W0913 07:43:51.770000 13036 torch/distributed/tensor/_random.py:215] DTensor is synchronizing RNG states of every rank with the state from rank 0. This behavior is deprecated. Please call `torch.manual_seed()` on every rank that participates in SPMD DTensor Operations with the same seed. If using Pipeline Parallelism, each pipeline state would use a different seed, but all ranks belonging to one pipeline stage would use the same seed.
[titan] 2026-09-13 07:43:51,968 - root - WARNING - [31mPipeline Parallel loss is not visible. Please add [33mrank 3[31m to LOG_RANK environment variable in run_train.sh.[39m
[titan] 2026-09-13 07:43:51,969 - root - WARNING - Error running lspci: [Errno 2] No such file or directory: 'lspci', fallback to use device_name
[titan] 2026-09-13 07:43:51,969 - root - INFO - Peak FLOPS used for computing MFU: 7.560e+14
[titan] 2026-09-13 07:43:51,969 - root - INFO - CUDA memory usage for model: 0.48GiB(0.60%)
[titan] 2026-09-13 07:43:51,970 - root - INFO - Optimizer AdamW (model_part=0): 60 params [.*] {'fused': True, 'foreach': False, 'lr': 0.0008, 'betas': (0.9, 0.95), 'eps': 1e-08, 'weight_decay': 0.1}
[titan] 2026-09-13 07:43:51,971 - root - INFO - Optimizer AdamW (model_part=1): 60 params [.*] {'fused': True, 'foreach': False, 'lr': 0.0008, 'betas': (0.9, 0.95), 'eps': 1e-08, 'weight_decay': 0.1}
[titan] 2026-09-13 07:43:51,971 - root - INFO - Optimizer AdamW (model_part=2): 60 params [.*] {'fused': True, 'foreach': False, 'lr': 0.0008, 'betas': (0.9, 0.95), 'eps': 1e-08, 'weight_decay': 0.1}
[titan] 2026-09-13 07:43:51,971 - root - INFO - Optimizer AdamW (model_part=3): 30 params [.*] {'fused': True, 'foreach': False, 'lr': 0.0008, 'betas': (0.9, 0.95), 'eps': 1e-08, 'weight_decay': 0.1}
[titan] 2026-09-13 07:43:51,972 - root - WARNING - Warmup (2) + decay (2) steps exceed total steps (3). Adjusting decay steps to 1.
[titan] 2026-09-13 07:43:51,972 - root - INFO - Loading tokenizer from tokenizer.json
[titan] 2026-09-13 07:43:51,973 - root - WARNING - [31mPipeline Parallel loss is not visible. Please add [33mrank 3[31m to LOG_RANK environment variable in run_train.sh.[39m
[titan] 2026-09-13 07:43:51,974 - root - WARNING - Error running lspci: [Errno 2] No such file or directory: 'lspci', fallback to use device_name
[titan] 2026-09-13 07:43:51,974 - root - INFO - Peak FLOPS used for computing MFU: 7.560e+14
[titan] 2026-09-13 07:43:51,974 - root - INFO - CUDA memory usage for model: 2.37GiB(2.99%)
[titan] 2026-09-13 07:43:51,975 - root - INFO - Optimizer AdamW (model_part=0): 60 params [.*] {'fused': True, 'foreach': False, 'lr': 0.0008, 'betas': (0.9, 0.95), 'eps': 1e-08, 'weight_decay': 0.1}
[titan] 2026-09-13 07:43:51,975 - root - INFO - Optimizer AdamW (model_part=1): 60 params [.*] {'fused': True, 'foreach': False, 'lr': 0.0008, 'betas': (0.9, 0.95), 'eps': 1e-08, 'weight_decay': 0.1}
[titan] 2026-09-13 07:43:51,975 - root - INFO - Optimizer AdamW (model_part=2): 30 params [.*] {'fused': True, 'foreach': False, 'lr': 0.0008, 'betas': (0.9, 0.95), 'eps': 1e-08, 'weight_decay': 0.1}
[titan] 2026-09-13 07:43:51,975 - root - INFO - Optimizer AdamW (model_part=3): 4 params [.*] {'fused': True, 'foreach': False, 'lr': 0.0008, 'betas': (0.9, 0.95), 'eps': 1e-08, 'weight_decay': 0.1}
[titan] 2026-09-13 07:43:51,976 - root - WARNING - [31mPipeline Parallel loss is not visible. Please add [33mrank 3[31m to LOG_RANK environment variable in run_train.sh.[39m
[titan] 2026-09-13 07:43:51,976 - root - WARNING - Warmup (2) + decay (2) steps exceed total steps (3). Adjusting decay steps to 1.
[titan] 2026-09-13 07:43:51,976 - root - INFO - Loading tokenizer from tokenizer.json
[titan] 2026-09-13 07:43:51,977 - root - WARNING - Error running lspci: [Errno 2] No such file or directory: 'lspci', fallback to use device_name
[titan] 2026-09-13 07:43:51,977 - root - INFO - Peak FLOPS used for computing MFU: 7.560e+14
[titan] 2026-09-13 07:43:51,977 - root - INFO - CUDA memory usage for model: 0.37GiB(0.46%)
[titan] 2026-09-13 07:43:51,978 - root - INFO - Optimizer AdamW (model_part=0): 54 params [.*] {'fused': True, 'foreach': False, 'lr': 0.0008, 'betas': (0.9, 0.95), 'eps': 1e-08, 'weight_decay': 0.1}
[titan] 2026-09-13 07:43:51,978 - root - INFO - Optimizer AdamW (model_part=1): 54 params [.*] {'fused': True, 'foreach': False, 'lr': 0.0008, 'betas': (0.9, 0.95), 'eps': 1e-08, 'weight_decay': 0.1}
[titan] 2026-09-13 07:43:51,978 - root - INFO - Optimizer AdamW (model_part=2): 24 params [.*] {'fused': True, 'foreach': False, 'lr': 0.0008, 'betas': (0.9, 0.95), 'eps': 1e-08, 'weight_decay': 0.1}
[titan] 2026-09-13 07:43:51,978 - root - INFO - Optimizer AdamW (model_part=3): 24 params [.*] {'fused': True, 'foreach': False, 'lr': 0.0008, 'betas': (0.9, 0.95), 'eps': 1e-08, 'weight_decay': 0.1}
[titan] 2026-09-13 07:43:51,979 - root - WARNING - Warmup (2) + decay (2) steps exceed total steps (3). Adjusting decay steps to 1.
[titan] 2026-09-13 07:43:51,979 - root - INFO - Loading tokenizer from tokenizer.json
[titan] 2026-09-13 07:43:52,110 - root - WARNING - [31mPipeline Parallel loss is not visible. Please add [33mrank 3[31m to LOG_RANK environment variable in run_train.sh.[39m
[titan] 2026-09-13 07:43:52,111 - root - WARNING - Error running lspci: [Errno 2] No such file or directory: 'lspci', fallback to use device_name
[titan] 2026-09-13 07:43:52,111 - root - INFO - Peak FLOPS used for computing MFU: 7.560e+14
[titan] 2026-09-13 07:43:52,111 - root - INFO - CUDA memory usage for model: 0.74GiB(0.94%)
[titan] 2026-09-13 07:43:52,112 - root - INFO - Optimizer AdamW (model_part=0): 92 params [.*] {'fused': True, 'foreach': False, 'lr': 0.0008, 'betas': (0.9, 0.95), 'eps': 1e-08, 'weight_decay': 0.1}
[titan] 2026-09-13 07:43:52,113 - root - INFO - Optimizer AdamW (model_part=1): 54 params [.*] {'fused': True, 'foreach': False, 'lr': 0.0008, 'betas': (0.9, 0.95), 'eps': 1e-08, 'weight_decay': 0.1}
[titan] 2026-09-13 07:43:52,113 - root - INFO - Optimizer AdamW (model_part=2): 54 params [.*] {'fused': True, 'foreach': False, 'lr': 0.0008, 'betas': (0.9, 0.95), 'eps': 1e-08, 'weight_decay': 0.1}
[titan] 2026-09-13 07:43:52,113 - root - INFO - Optimizer AdamW (model_part=3): 30 params [.*] {'fused': True, 'foreach': False, 'lr': 0.0008, 'betas': (0.9, 0.95), 'eps': 1e-08, 'weight_decay': 0.1}
[titan] 2026-09-13 07:43:52,114 - root - WARNING - Warmup (2) + decay (2) steps exceed total steps (3). Adjusting decay steps to 1.
[titan] 2026-09-13 07:43:52,115 - root - INFO - Loading tokenizer from tokenizer.json
[titan] 2026-09-13 07:43:52,265 - httpx - INFO - HTTP Request: HEAD https://s3.amazonaws.com/datasets.huggingface.co/datasets/datasets/json/json.py "HTTP/1.1 200 OK"
[titan] 2026-09-13 07:43:52,274 - httpx - INFO - HTTP Request: HEAD https://s3.amazonaws.com/datasets.huggingface.co/datasets/datasets/json/json.py "HTTP/1.1 200 OK"
[titan] 2026-09-13 07:43:52,280 - httpx - INFO - HTTP Request: HEAD https://s3.amazonaws.com/datasets.huggingface.co/datasets/datasets/json/json.py "HTTP/1.1 200 OK"
[titan] 2026-09-13 07:43:52,330 - root - WARNING - model.safetensors.index.json not found at hf_assets_path: ./tests/assets/tokenizer/model.safetensors.index.json.                     Defaulting to saving a single safetensors file if checkpoint is saved in HF format
[titan] 2026-09-13 07:43:52,330 - root - WARNING - initial_load_model_only=True has no effect without an initial_load_path.
[titan] 2026-09-13 07:43:52,333 - root - INFO - Checkpointing active. Checkpoints will be loaded from and saved to /workspace/out_smoke/sm_pp4vp4n/checkpoint
[titan] 2026-09-13 07:43:52,333 - root - INFO - Trainer is initialized with 1024 tokens per DP rank, 1024 tokens per train step, gradient accumulation steps 1, maximum context length 2048, total steps 3 (warmup 2)
[titan] 2026-09-13 07:43:52,334 - root - INFO - No checkpoint was provided, this is a fresh start.
[titan] 2026-09-13 07:43:52,334 - root - INFO - Training starts at step 1
[titan] 2026-09-13 07:43:52,344 - root - WARNING - model.safetensors.index.json not found at hf_assets_path: ./tests/assets/tokenizer/model.safetensors.index.json.                     Defaulting to saving a single safetensors file if checkpoint is saved in HF format
[titan] 2026-09-13 07:43:52,344 - root - WARNING - model.safetensors.index.json not found at hf_assets_path: ./tests/assets/tokenizer/model.safetensors.index.json.                     Defaulting to saving a single safetensors file if checkpoint is saved in HF format
[titan] 2026-09-13 07:43:52,344 - root - WARNING - initial_load_model_only=True has no effect without an initial_load_path.
[titan] 2026-09-13 07:43:52,344 - root - WARNING - initial_load_model_only=True has no effect without an initial_load_path.
[titan] 2026-09-13 07:43:52,347 - root - INFO - Checkpointing active. Checkpoints will be loaded from and saved to /workspace/out_smoke/sm_pp4vp4n/checkpoint
[titan] 2026-09-13 07:43:52,347 - root - INFO - Trainer is initialized with 1024 tokens per DP rank, 1024 tokens per train step, gradient accumulation steps 1, maximum context length 2048, total steps 3 (warmup 2)
[titan] 2026-09-13 07:43:52,347 - root - INFO - No checkpoint was provided, this is a fresh start.
[titan] 2026-09-13 07:43:52,347 - root - INFO - Checkpointing active. Checkpoints will be loaded from and saved to /workspace/out_smoke/sm_pp4vp4n/checkpoint
[titan] 2026-09-13 07:43:52,347 - root - INFO - Training starts at step 1
[titan] 2026-09-13 07:43:52,348 - root - INFO - Trainer is initialized with 1024 tokens per DP rank, 1024 tokens per train step, gradient accumulation steps 1, maximum context length 2048, total steps 3 (warmup 2)
[titan] 2026-09-13 07:43:52,348 - root - INFO - No checkpoint was provided, this is a fresh start.
[titan] 2026-09-13 07:43:52,348 - root - INFO - Training starts at step 1
[titan] 2026-09-13 07:43:52,412 - httpx - INFO - HTTP Request: HEAD https://s3.amazonaws.com/datasets.huggingface.co/datasets/datasets/json/json.py "HTTP/1.1 200 OK"
[titan] 2026-09-13 07:43:52,483 - root - WARNING - model.safetensors.index.json not found at hf_assets_path: ./tests/assets/tokenizer/model.safetensors.index.json.                     Defaulting to saving a single safetensors file if checkpoint is saved in HF format
[titan] 2026-09-13 07:43:52,484 - root - WARNING - initial_load_model_only=True has no effect without an initial_load_path.
[titan] 2026-09-13 07:43:52,487 - root - INFO - Checkpointing active. Checkpoints will be loaded from and saved to /workspace/out_smoke/sm_pp4vp4n/checkpoint
[titan] 2026-09-13 07:43:52,488 - root - INFO - Trainer is initialized with 1024 tokens per DP rank, 1024 tokens per train step, gradient accumulation steps 1, maximum context length 2048, total steps 3 (warmup 2)
[titan] 2026-09-13 07:43:52,488 - root - INFO - No checkpoint was provided, this is a fresh start.
[titan] 2026-09-13 07:43:52,488 - root - INFO - Training starts at step 1
/workspace/venv_pp/lib/python3.12/site-packages/torch/distributed/fsdp/_fully_shard/_fsdp_state.py:336: UserWarning: FSDP2-wrapped module (FSDPCheckpointWrapper) returned a view tensor. An in-place op on this view (e.g., `x += y`) will silently drop the pre-backward hook and skip the all-gather, which can cause backward to fail or produce wrong gradients. Use out-of-place ops (`out = out + y`, not `out += y`) or `.clone()` the output before any in-place op.
  output = self._register_pre_backward_hook(output)
/workspace/venv_pp/lib/python3.12/site-packages/torch/distributed/fsdp/_fully_shard/_fsdp_state.py:336: UserWarning: FSDP2-wrapped module (FSDPKimiK3Model) returned a view tensor. An in-place op on this view (e.g., `x += y`) will silently drop the pre-backward hook and skip the all-gather, which can cause backward to fail or produce wrong gradients. Use out-of-place ops (`out = out + y`, not `out += y`) or `.clone()` the output before any in-place op.
  output = self._register_pre_backward_hook(output)
/workspace/venv_pp/lib/python3.12/site-packages/torch/distributed/fsdp/_fully_shard/_fsdp_state.py:336: UserWarning: FSDP2-wrapped module (FSDPCheckpointWrapper) returned a view tensor. An in-place op on this view (e.g., `x += y`) will silently drop the pre-backward hook and skip the all-gather, which can cause backward to fail or produce wrong gradients. Use out-of-place ops (`out = out + y`, not `out += y`) or `.clone()` the output before any in-place op.
  output = self._register_pre_backward_hook(output)
/workspace/venv_pp/lib/python3.12/site-packages/torch/distributed/fsdp/_fully_shard/_fsdp_state.py:336: UserWarning: FSDP2-wrapped module (FSDPKimiK3Model) returned a view tensor. An in-place op on this view (e.g., `x += y`) will silently drop the pre-backward hook and skip the all-gather, which can cause backward to fail or produce wrong gradients. Use out-of-place ops (`out = out + y`, not `out += y`) or `.clone()` the output before any in-place op.
  output = self._register_pre_backward_hook(output)
/workspace/venv_pp/lib/python3.12/site-packages/torch/distributed/fsdp/_fully_shard/_fsdp_state.py:336: UserWarning: FSDP2-wrapped module (FSDPCheckpointWrapper) returned a view tensor. An in-place op on this view (e.g., `x += y`) will silently drop the pre-backward hook and skip the all-gather, which can cause backward to fail or produce wrong gradients. Use out-of-place ops (`out = out + y`, not `out += y`) or `.clone()` the output before any in-place op.
  output = self._register_pre_backward_hook(output)
/workspace/venv_pp/lib/python3.12/site-packages/torch/distributed/fsdp/_fully_shard/_fsdp_state.py:336: UserWarning: FSDP2-wrapped module (FSDPKimiK3Model) returned a view tensor. An in-place op on this view (e.g., `x += y`) will silently drop the pre-backward hook and skip the all-gather, which can cause backward to fail or produce wrong gradients. Use out-of-place ops (`out = out + y`, not `out += y`) or `.clone()` the output before any in-place op.
  output = self._register_pre_backward_hook(output)
/workspace/venv_pp/lib/python3.12/site-packages/torch/distributed/fsdp/_fully_shard/_fsdp_state.py:336: UserWarning: FSDP2-wrapped module (FSDPCheckpointWrapper) returned a view tensor. An in-place op on this view (e.g., `x += y`) will silently drop the pre-backward hook and skip the all-gather, which can cause backward to fail or produce wrong gradients. Use out-of-place ops (`out = out + y`, not `out += y`) or `.clone()` the output before any in-place op.
  output = self._register_pre_backward_hook(output)
/workspace/venv_pp/lib/python3.12/site-packages/torch/distributed/fsdp/_fully_shard/_fsdp_state.py:336: UserWarning: FSDP2-wrapped module (FSDPKimiK3Model) returned a view tensor. An in-place op on this view (e.g., `x += y`) will silently drop the pre-backward hook and skip the all-gather, which can cause backward to fail or produce wrong gradients. Use out-of-place ops (`out = out + y`, not `out += y`) or `.clone()` the output before any in-place op.
  output = self._register_pre_backward_hook(output)
[titan] 2026-09-13 07:44:24,121 - root - INFO - [31mstep:  1  [32mloss: -1.00000  [38;2;180;60;0mgrad_norm: 16.3750  [38;2;54;234;195mmemory:  2.51GiB(3.17%)  [34mtps: 8  [36mtflops: 0.03  [35mmfu: 0.00%[39m
[titan] 2026-09-13 07:44:24,122 - root - INFO - Synchronizing and adjusting timeout for all ProcessGroups to 0:01:40
[titan] 2026-09-13 07:44:24,137 - root - INFO - [31mstep:  1  [32mloss: 12.43953  [38;2;180;60;0mgrad_norm: 16.3750  [38;2;54;234;195mmemory:  7.95GiB(10.04%)  [34mtps: 8  [36mtflops: 0.03  [35mmfu: 0.00%[39m
[titan] 2026-09-13 07:44:24,138 - root - INFO - Synchronizing and adjusting timeout for all ProcessGroups to 0:01:40
[titan] 2026-09-13 07:44:24,162 - root - INFO - [31mstep:  1  [32mloss: -1.00000  [38;2;180;60;0mgrad_norm: 16.3750  [38;2;54;234;195mmemory:  5.63GiB(7.11%)  [34mtps: 8  [36mtflops: 0.03  [35mmfu: 0.00%[39m
[titan] 2026-09-13 07:44:24,163 - root - INFO - Synchronizing and adjusting timeout for all ProcessGroups to 0:01:40
[titan] 2026-09-13 07:44:24,175 - root - INFO - [31mstep:  1  [32mloss: -1.00000  [38;2;180;60;0mgrad_norm: 16.3750  [38;2;54;234;195mmemory:  2.91GiB(3.68%)  [34mtps: 8  [36mtflops: 0.03  [35mmfu: 0.00%[39m
[titan] 2026-09-13 07:44:24,175 - root - INFO - Synchronizing and adjusting timeout for all ProcessGroups to 0:01:40
[titan] 2026-09-13 07:44:24,848 - root - INFO - [31mstep:  2  [32mloss: -1.00000  [38;2;180;60;0mgrad_norm: 20.8750  [38;2;54;234;195mmemory:  3.16GiB(3.99%)  [34mtps: 352  [36mtflops: 1.23  [35mmfu: 0.16%[39m
[titan] 2026-09-13 07:44:24,849 - root - INFO - [31mstep:  2  [32mloss: 10.34073  [38;2;180;60;0mgrad_norm: 20.8750  [38;2;54;234;195mmemory:  8.60GiB(10.87%)  [34mtps: 360  [36mtflops: 1.26  [35mmfu: 0.17%[39m
[titan] 2026-09-13 07:44:24,850 - root - INFO - [31mstep:  2  [32mloss: -1.00000  [38;2;180;60;0mgrad_norm: 20.8750  [38;2;54;234;195mmemory:  6.91GiB(8.73%)  [34mtps: 373  [36mtflops: 1.30  [35mmfu: 0.17%[39m
[titan] 2026-09-13 07:44:24,850 - root - INFO - [31mstep:  2  [32mloss: -1.00000  [38;2;180;60;0mgrad_norm: 20.8750  [38;2;54;234;195mmemory:  3.61GiB(4.55%)  [34mtps: 379  [36mtflops: 1.32  [35mmfu: 0.17%[39m
[titan] 2026-09-13 07:44:25,496 - root - INFO - [31mstep:  3  [32mloss: -1.00000  [38;2;180;60;0mgrad_norm:  9.3125  [38;2;54;234;195mmemory:  3.16GiB(3.99%)  [34mtps: 395  [36mtflops: 1.38  [35mmfu: 0.18%[39m
[titan] 2026-09-13 07:44:25,497 - root - INFO - Saving the checkpoint.
[titan] 2026-09-13 07:44:25,497 - root - INFO - Saving a full checkpoint at last step, step 3.
[titan] 2026-09-13 07:44:25,498 - root - INFO - [31mstep:  3  [32mloss:  8.25510  [38;2;180;60;0mgrad_norm:  9.3125  [38;2;54;234;195mmemory:  8.60GiB(10.87%)  [34mtps: 395  [36mtflops: 1.38  [35mmfu: 0.18%[39m
[titan] 2026-09-13 07:44:25,498 - root - INFO - [31mstep:  3  [32mloss: -1.00000  [38;2;180;60;0mgrad_norm:  9.3125  [38;2;54;234;195mmemory:  6.91GiB(8.73%)  [34mtps: 395  [36mtflops: 1.38  [35mmfu: 0.18%[39m
[titan] 2026-09-13 07:44:25,498 - root - INFO - Saving the checkpoint.
[titan] 2026-09-13 07:44:25,498 - root - INFO - Saving a full checkpoint at last step, step 3.
[titan] 2026-09-13 07:44:25,498 - root - INFO - [31mstep:  3  [32mloss: -1.00000  [38;2;180;60;0mgrad_norm:  9.3125  [38;2;54;234;195mmemory:  3.61GiB(4.55%)  [34mtps: 395  [36mtflops: 1.38  [35mmfu: 0.18%[39m
[titan] 2026-09-13 07:44:25,498 - root - INFO - Saving the checkpoint.
[titan] 2026-09-13 07:44:25,498 - root - INFO - Saving the checkpoint.
[titan] 2026-09-13 07:44:25,499 - root - INFO - Saving a full checkpoint at last step, step 3.
[titan] 2026-09-13 07:44:25,499 - root - INFO - Saving a full checkpoint at last step, step 3.
[titan] 2026-09-13 07:44:31,077 - root - INFO - [GC] GC collection invoked by checkpointer. took 0.07 seconds
[titan] 2026-09-13 07:44:31,080 - root - INFO - [GC] GC collection invoked by checkpointer. took 0.05 seconds
[titan] 2026-09-13 07:44:31,082 - root - INFO - Last step checkpoint completed in 5.58s
[titan] 2026-09-13 07:44:31,083 - root - INFO - Sleeping 2 seconds for other ranks to complete
[titan] 2026-09-13 07:44:31,084 - root - INFO - Last step checkpoint completed in 5.59s
[titan] 2026-09-13 07:44:31,085 - root - INFO - Training completed
[titan] 2026-09-13 07:44:31,087 - root - INFO - [GC] GC collection invoked by checkpointer. took 0.06 seconds
[titan] 2026-09-13 07:44:31,091 - root - INFO - Last step checkpoint completed in 5.59s
[titan] 2026-09-13 07:44:31,091 - root - INFO - Destroying the purge thread.
[titan] 2026-09-13 07:44:31,091 - root - INFO - Training completed
[titan] 2026-09-13 07:44:31,099 - root - INFO - Destroying the purge thread.
[titan] 2026-09-13 07:44:31,161 - root - INFO - [GC] GC collection invoked by checkpointer. took 0.13 seconds
[titan] 2026-09-13 07:44:31,165 - root - INFO - Last step checkpoint completed in 5.67s
[titan] 2026-09-13 07:44:31,166 - root - INFO - Training completed
[titan] 2026-09-13 07:44:31,172 - root - INFO - Destroying the purge thread.
[titan] 2026-09-13 07:44:33,083 - root - INFO - Training completed
[titan] 2026-09-13 07:44:33,090 - root - INFO - Destroying the purge thread.
[titan] 2026-09-13 07:44:33,559 - root - INFO - Process group destroyed
[titan] 2026-09-13 07:44:33,560 - root - INFO - Process group destroyed
[titan] 2026-09-13 07:44:33,563 - root - INFO - Process group destroyed
[titan] 2026-09-13 07:44:33,776 - root - INFO - Process group destroyed
