WARNING:absl:Failed to load jax profiler: No module named 'jax'
[titan] 2026-09-21 03:55:36,013 - __main__ - INFO - torchtitan version: 0.0.0+unknown (0.0.0 means __version__ is not defined correctly).
[titan] 2026-09-21 03:55:36,599 - torchtitan.components.checkpointer.base - WARNING - initial_load_model_only=True has no effect without an initial_load_path.
[titan] 2026-09-21 03:55:36,680 - torchtitan.components.checkpointer.base - WARNING - initial_load_model_only=True has no effect without an initial_load_path.
[titan] 2026-09-21 03:55:36,682 - torchtitan.observability.structured_logger.jsonl_handler - INFO - Structured logging -> JSONL: /workspace/results/pp_r3/dp1/structured_logs/training.global_rank_0.20260921-035536-5JSAUG.jsonl
[titan] 2026-09-21 03:55:36,884 - torchtitan.distributed.utils - WARNING - ENV[TORCH_NCCL_ASYNC_ERROR_HANDLING] = 1 will be overridden to 3 based on job config
[titan] 2026-09-21 03:55:37,283 - torchtitan.tools.utils - INFO - [GC] Initial GC collection took 0.00 seconds
[titan] 2026-09-21 03:55:37,283 - torchtitan.distributed.utils - INFO - Deterministic algorithm enabled (expect perf degradation).
[titan] 2026-09-21 03:55:37,297 - torchtitan.observability.metrics - INFO - CUDA capacity: NVIDIA H200 with 139.80GiB memory
[titan] 2026-09-21 03:55:37,308 - torchtitan.tools.utils - WARNING - Error running lspci: [Errno 2] No such file or directory: 'lspci', fallback to use device_name
[titan] 2026-09-21 03:55:37,309 - torchtitan.components.tokenizer - INFO - Loading tokenizer from tokenizer.json
[titan] 2026-09-21 03:55:38,076 - httpx - INFO - HTTP Request: HEAD https://s3.amazonaws.com/datasets.huggingface.co/datasets/datasets/json/json.py "HTTP/1.1 200 OK"
[titan] 2026-09-21 03:55:38,084 - torchtitan.protocols.state_dict_adapter - WARNING - model.safetensors.index.json not found at hf_assets_path: ./tests/assets/tokenizer/model.safetensors.index.json.                     Defaulting to saving a single safetensors file if checkpoint is saved in HF format
[titan] 2026-09-21 03:55:38,194 - torchtitan.models.utils - INFO - Total parameter count: 25,776,880, active parameters: 17,236,208
[titan] 2026-09-21 03:55:38,194 - torchtitan.distributed.parallel_dims - INFO - Building device mesh with parallelism: pp=1, dp_replicate=1, dp_shard=1, cp=1, tp=1, ep=1
[titan] 2026-09-21 03:55:38,202 - torchtitan.distributed.parallel_dims - INFO - Successfully created meshes with active dimensions: []
[titan] 2026-09-21 03:55:38,265 - torchtitan.distributed.activation_checkpoint - INFO - Applied SelectiveAC activation checkpointing to the model
[titan] 2026-09-21 03:55:38,265 - torchtitan.distributed.activation_checkpoint - INFO - Applied SelectiveAC activation checkpointing to the model
[titan] 2026-09-21 03:55:38,390 - torchtitan.distributed.fsdp - INFO - Applied FSDP to the model
[titan] 2026-09-21 03:55:38,941 - torchtitan.training_engine - INFO - Model kimi_k3 debugmodel size: 25,776,880 total parameters
[titan] 2026-09-21 03:55:38,944 - torchtitan.components.optimizer.optimizer - INFO - Optimizer AdamW (model_part=0): 481 params [.*] {'fused': True, 'foreach': False, 'lr': 0.0008, 'betas': (0.9, 0.95), 'eps': 1e-08, 'weight_decay': 0.1}
[titan] 2026-09-21 03:55:38,947 - torchtitan.components.checkpointer.base - WARNING - initial_load_model_only=True has no effect without an initial_load_path.
[titan] 2026-09-21 03:55:38,973 - torchtitan.components.checkpointer.dcp - INFO - Checkpointing active. Checkpoints will be loaded from and saved to /workspace/results/pp_r3/dp1/checkpoint
[titan] 2026-09-21 03:55:38,973 - torchtitan.trainer - INFO - Peak FLOPS used for computing MFU: 9.890e+14
[titan] 2026-09-21 03:55:38,973 - torchtitan.trainer - INFO - CUDA memory usage for model: 0.07GiB(0.05%)
[titan] 2026-09-21 03:55:38,973 - torchtitan.trainer - INFO - Trainer is initialized with 256 tokens per DP rank, 1024 tokens per train step, gradient accumulation steps 4, maximum context length 2048, total steps 100 (warmup 2)
[titan] 2026-09-21 03:55:38,974 - torchtitan.components.checkpointer.base - INFO - Loading the checkpoint from /workspace/results/pp_r3/dp1/checkpoint/step-0.
[titan] 2026-09-21 03:55:41,371 - torchtitan.tools.utils - INFO - [GC] GC collection for checkpoint loading. took 0.01 seconds
[titan] 2026-09-21 03:55:41,371 - torchtitan.components.checkpointer.base - INFO - Finished loading the checkpoint in 2.40 seconds.
[titan] 2026-09-21 03:55:41,372 - torchtitan.trainer - INFO - Training starts at step 1
/workspace/venv_k3/lib/python3.12/site-packages/torch/distributed/fsdp/_fully_shard/_fsdp_state.py:336: UserWarning: FSDP2-wrapped module (FSDPCheckpointWrapper) returned a view tensor. An in-place op on this view (e.g., `x += y`) will silently drop the pre-backward hook and skip the all-gather, which can cause backward to fail or produce wrong gradients. Use out-of-place ops (`out = out + y`, not `out += y`) or `.clone()` the output before any in-place op.
  output = self._register_pre_backward_hook(output)
/workspace/venv_k3/lib/python3.12/site-packages/torch/distributed/fsdp/_fully_shard/_fsdp_state.py:336: UserWarning: FSDP2-wrapped module (FSDPCheckpointWrapper) returned a view tensor. An in-place op on this view (e.g., `x += y`) will silently drop the pre-backward hook and skip the all-gather, which can cause backward to fail or produce wrong gradients. Use out-of-place ops (`out = out + y`, not `out += y`) or `.clone()` the output before any in-place op.
  output = self._register_pre_backward_hook(output)
[titan] 2026-09-21 03:55:48,051 - torchtitan.observability.metrics - INFO - [31mstep:  1  [32mloss:  8.05550  [38;2;180;60;0mgrad_norm:  2.1450  [38;2;54;234;195mmemory:  0.25GiB(0.18%)  [34mtps: 95  [36mtflops: 0.01  [35mmfu: 0.00%[39m
[titan] 2026-09-21 03:55:48,051 - torchtitan.distributed.utils - INFO - Synchronizing and adjusting timeout for all ProcessGroups to 0:01:40
[titan] 2026-09-21 03:55:49,739 - torchtitan.observability.metrics - INFO - [31mstep:  2  [32mloss:  6.91977  [38;2;180;60;0mgrad_norm:  7.5771  [38;2;54;234;195mmemory:  0.33GiB(0.24%)  [34mtps: 606  [36mtflops: 0.10  [35mmfu: 0.01%[39m
[titan] 2026-09-21 03:55:51,434 - torchtitan.observability.metrics - INFO - [31mstep:  3  [32mloss:  5.71859  [38;2;180;60;0mgrad_norm:  3.4267  [38;2;54;234;195mmemory:  0.33GiB(0.24%)  [34mtps: 604  [36mtflops: 0.09  [35mmfu: 0.01%[39m
[titan] 2026-09-21 03:55:53,118 - torchtitan.observability.metrics - INFO - [31mstep:  4  [32mloss:  5.12409  [38;2;180;60;0mgrad_norm:  2.9953  [38;2;54;234;195mmemory:  0.33GiB(0.24%)  [34mtps: 608  [36mtflops: 0.10  [35mmfu: 0.01%[39m
[titan] 2026-09-21 03:55:54,793 - torchtitan.observability.metrics - INFO - [31mstep:  5  [32mloss:  4.31928  [38;2;180;60;0mgrad_norm:  2.5191  [38;2;54;234;195mmemory:  0.33GiB(0.24%)  [34mtps: 611  [36mtflops: 0.10  [35mmfu: 0.01%[39m
[titan] 2026-09-21 03:55:56,472 - torchtitan.observability.metrics - INFO - [31mstep:  6  [32mloss:  4.13535  [38;2;180;60;0mgrad_norm:  2.1160  [38;2;54;234;195mmemory:  0.33GiB(0.24%)  [34mtps: 610  [36mtflops: 0.10  [35mmfu: 0.01%[39m
[titan] 2026-09-21 03:55:58,140 - torchtitan.observability.metrics - INFO - [31mstep:  7  [32mloss:  3.93927  [38;2;180;60;0mgrad_norm:  1.8767  [38;2;54;234;195mmemory:  0.33GiB(0.24%)  [34mtps: 614  [36mtflops: 0.10  [35mmfu: 0.01%[39m
[titan] 2026-09-21 03:55:59,813 - torchtitan.observability.metrics - INFO - [31mstep:  8  [32mloss:  3.65850  [38;2;180;60;0mgrad_norm:  1.6369  [38;2;54;234;195mmemory:  0.33GiB(0.24%)  [34mtps: 612  [36mtflops: 0.10  [35mmfu: 0.01%[39m
[titan] 2026-09-21 03:56:01,476 - torchtitan.observability.metrics - INFO - [31mstep:  9  [32mloss:  3.71109  [38;2;180;60;0mgrad_norm:  1.5640  [38;2;54;234;195mmemory:  0.33GiB(0.24%)  [34mtps: 616  [36mtflops: 0.10  [35mmfu: 0.01%[39m
[titan] 2026-09-21 03:56:03,140 - torchtitan.observability.metrics - INFO - [31mstep: 10  [32mloss:  3.40774  [38;2;180;60;0mgrad_norm:  1.2752  [38;2;54;234;195mmemory:  0.33GiB(0.24%)  [34mtps: 615  [36mtflops: 0.10  [35mmfu: 0.01%[39m
[titan] 2026-09-21 03:56:04,812 - torchtitan.observability.metrics - INFO - [31mstep: 11  [32mloss:  3.27951  [38;2;180;60;0mgrad_norm:  1.1449  [38;2;54;234;195mmemory:  0.33GiB(0.24%)  [34mtps: 613  [36mtflops: 0.10  [35mmfu: 0.01%[39m
[titan] 2026-09-21 03:56:06,477 - torchtitan.observability.metrics - INFO - [31mstep: 12  [32mloss:  3.65513  [38;2;180;60;0mgrad_norm:  1.1062  [38;2;54;234;195mmemory:  0.33GiB(0.24%)  [34mtps: 615  [36mtflops: 0.10  [35mmfu: 0.01%[39m
[titan] 2026-09-21 03:56:08,155 - torchtitan.observability.metrics - INFO - [31mstep: 13  [32mloss:  3.16984  [38;2;180;60;0mgrad_norm:  1.2012  [38;2;54;234;195mmemory:  0.33GiB(0.24%)  [34mtps: 610  [36mtflops: 0.10  [35mmfu: 0.01%[39m
[titan] 2026-09-21 03:56:09,835 - torchtitan.observability.metrics - INFO - [31mstep: 14  [32mloss:  3.42519  [38;2;180;60;0mgrad_norm:  1.1560  [38;2;54;234;195mmemory:  0.33GiB(0.24%)  [34mtps: 610  [36mtflops: 0.10  [35mmfu: 0.01%[39m
[titan] 2026-09-21 03:56:11,520 - torchtitan.observability.metrics - INFO - [31mstep: 15  [32mloss:  3.10477  [38;2;180;60;0mgrad_norm:  1.3136  [38;2;54;234;195mmemory:  0.33GiB(0.24%)  [34mtps: 608  [36mtflops: 0.10  [35mmfu: 0.01%[39m
[titan] 2026-09-21 03:56:13,205 - torchtitan.observability.metrics - INFO - [31mstep: 16  [32mloss:  3.15510  [38;2;180;60;0mgrad_norm:  0.9847  [38;2;54;234;195mmemory:  0.33GiB(0.24%)  [34mtps: 608  [36mtflops: 0.10  [35mmfu: 0.01%[39m
[titan] 2026-09-21 03:56:14,902 - torchtitan.observability.metrics - INFO - [31mstep: 17  [32mloss:  2.98069  [38;2;180;60;0mgrad_norm:  1.0000  [38;2;54;234;195mmemory:  0.33GiB(0.24%)  [34mtps: 604  [36mtflops: 0.09  [35mmfu: 0.01%[39m
[titan] 2026-09-21 03:56:16,578 - torchtitan.observability.metrics - INFO - [31mstep: 18  [32mloss:  3.04855  [38;2;180;60;0mgrad_norm:  0.7664  [38;2;54;234;195mmemory:  0.33GiB(0.24%)  [34mtps: 611  [36mtflops: 0.10  [35mmfu: 0.01%[39m
[titan] 2026-09-21 03:56:18,253 - torchtitan.observability.metrics - INFO - [31mstep: 19  [32mloss:  2.74103  [38;2;180;60;0mgrad_norm:  0.8093  [38;2;54;234;195mmemory:  0.33GiB(0.24%)  [34mtps: 612  [36mtflops: 0.10  [35mmfu: 0.01%[39m
[titan] 2026-09-21 03:56:19,919 - torchtitan.observability.metrics - INFO - [31mstep: 20  [32mloss:  2.91551  [38;2;180;60;0mgrad_norm:  0.8991  [38;2;54;234;195mmemory:  0.33GiB(0.24%)  [34mtps: 615  [36mtflops: 0.10  [35mmfu: 0.01%[39m
[titan] 2026-09-21 03:56:21,586 - torchtitan.observability.metrics - INFO - [31mstep: 21  [32mloss:  3.10445  [38;2;180;60;0mgrad_norm:  0.7495  [38;2;54;234;195mmemory:  0.33GiB(0.24%)  [34mtps: 615  [36mtflops: 0.10  [35mmfu: 0.01%[39m
[titan] 2026-09-21 03:56:23,266 - torchtitan.observability.metrics - INFO - [31mstep: 22  [32mloss:  2.86937  [38;2;180;60;0mgrad_norm:  1.0581  [38;2;54;234;195mmemory:  0.33GiB(0.24%)  [34mtps: 609  [36mtflops: 0.10  [35mmfu: 0.01%[39m
[titan] 2026-09-21 03:56:24,955 - torchtitan.observability.metrics - INFO - [31mstep: 23  [32mloss:  2.67642  [38;2;180;60;0mgrad_norm:  0.7396  [38;2;54;234;195mmemory:  0.33GiB(0.24%)  [34mtps: 606  [36mtflops: 0.10  [35mmfu: 0.01%[39m
[titan] 2026-09-21 03:56:26,647 - torchtitan.observability.metrics - INFO - [31mstep: 24  [32mloss:  2.89455  [38;2;180;60;0mgrad_norm:  1.0203  [38;2;54;234;195mmemory:  0.33GiB(0.24%)  [34mtps: 605  [36mtflops: 0.09  [35mmfu: 0.01%[39m
[titan] 2026-09-21 03:56:28,349 - torchtitan.observability.metrics - INFO - [31mstep: 25  [32mloss:  3.15572  [38;2;180;60;0mgrad_norm:  1.0190  [38;2;54;234;195mmemory:  0.33GiB(0.24%)  [34mtps: 602  [36mtflops: 0.09  [35mmfu: 0.01%[39m
[titan] 2026-09-21 03:56:30,040 - torchtitan.observability.metrics - INFO - [31mstep: 26  [32mloss:  2.69428  [38;2;180;60;0mgrad_norm:  1.1185  [38;2;54;234;195mmemory:  0.33GiB(0.24%)  [34mtps: 606  [36mtflops: 0.10  [35mmfu: 0.01%[39m
[titan] 2026-09-21 03:56:31,724 - torchtitan.observability.metrics - INFO - [31mstep: 27  [32mloss:  2.82459  [38;2;180;60;0mgrad_norm:  0.8611  [38;2;54;234;195mmemory:  0.33GiB(0.24%)  [34mtps: 608  [36mtflops: 0.10  [35mmfu: 0.01%[39m
[titan] 2026-09-21 03:56:33,416 - torchtitan.observability.metrics - INFO - [31mstep: 28  [32mloss:  2.95135  [38;2;180;60;0mgrad_norm:  1.0111  [38;2;54;234;195mmemory:  0.33GiB(0.24%)  [34mtps: 605  [36mtflops: 0.09  [35mmfu: 0.01%[39m
[titan] 2026-09-21 03:56:35,095 - torchtitan.observability.metrics - INFO - [31mstep: 29  [32mloss:  2.64922  [38;2;180;60;0mgrad_norm:  0.9806  [38;2;54;234;195mmemory:  0.33GiB(0.24%)  [34mtps: 610  [36mtflops: 0.10  [35mmfu: 0.01%[39m
[titan] 2026-09-21 03:56:36,776 - torchtitan.observability.metrics - INFO - [31mstep: 30  [32mloss:  2.93563  [38;2;180;60;0mgrad_norm:  0.8998  [38;2;54;234;195mmemory:  0.33GiB(0.24%)  [34mtps: 609  [36mtflops: 0.10  [35mmfu: 0.01%[39m
[titan] 2026-09-21 03:56:38,445 - torchtitan.observability.metrics - INFO - [31mstep: 31  [32mloss:  2.73868  [38;2;180;60;0mgrad_norm:  0.9477  [38;2;54;234;195mmemory:  0.33GiB(0.24%)  [34mtps: 613  [36mtflops: 0.10  [35mmfu: 0.01%[39m
[titan] 2026-09-21 03:56:40,116 - torchtitan.observability.metrics - INFO - [31mstep: 32  [32mloss:  2.78921  [38;2;180;60;0mgrad_norm:  0.7236  [38;2;54;234;195mmemory:  0.33GiB(0.24%)  [34mtps: 613  [36mtflops: 0.10  [35mmfu: 0.01%[39m
[titan] 2026-09-21 03:56:41,791 - torchtitan.observability.metrics - INFO - [31mstep: 33  [32mloss:  2.54586  [38;2;180;60;0mgrad_norm:  0.7804  [38;2;54;234;195mmemory:  0.33GiB(0.24%)  [34mtps: 611  [36mtflops: 0.10  [35mmfu: 0.01%[39m
[titan] 2026-09-21 03:56:43,453 - torchtitan.observability.metrics - INFO - [31mstep: 34  [32mloss:  2.55432  [38;2;180;60;0mgrad_norm:  0.8216  [38;2;54;234;195mmemory:  0.33GiB(0.24%)  [34mtps: 616  [36mtflops: 0.10  [35mmfu: 0.01%[39m
[titan] 2026-09-21 03:56:45,139 - torchtitan.observability.metrics - INFO - [31mstep: 35  [32mloss:  2.68986  [38;2;180;60;0mgrad_norm:  0.8339  [38;2;54;234;195mmemory:  0.33GiB(0.24%)  [34mtps: 607  [36mtflops: 0.10  [35mmfu: 0.01%[39m
[titan] 2026-09-21 03:56:46,807 - torchtitan.observability.metrics - INFO - [31mstep: 36  [32mloss:  2.56857  [38;2;180;60;0mgrad_norm:  0.9383  [38;2;54;234;195mmemory:  0.33GiB(0.24%)  [34mtps: 614  [36mtflops: 0.10  [35mmfu: 0.01%[39m
[titan] 2026-09-21 03:56:48,477 - torchtitan.observability.metrics - INFO - [31mstep: 37  [32mloss:  3.01709  [38;2;180;60;0mgrad_norm:  1.3038  [38;2;54;234;195mmemory:  0.33GiB(0.24%)  [34mtps: 613  [36mtflops: 0.10  [35mmfu: 0.01%[39m
[titan] 2026-09-21 03:56:50,150 - torchtitan.observability.metrics - INFO - [31mstep: 38  [32mloss:  2.68818  [38;2;180;60;0mgrad_norm:  1.1391  [38;2;54;234;195mmemory:  0.33GiB(0.24%)  [34mtps: 612  [36mtflops: 0.10  [35mmfu: 0.01%[39m
[titan] 2026-09-21 03:56:51,809 - torchtitan.observability.metrics - INFO - [31mstep: 39  [32mloss:  2.78054  [38;2;180;60;0mgrad_norm:  0.8873  [38;2;54;234;195mmemory:  0.33GiB(0.24%)  [34mtps: 617  [36mtflops: 0.10  [35mmfu: 0.01%[39m
[titan] 2026-09-21 03:56:53,476 - torchtitan.observability.metrics - INFO - [31mstep: 40  [32mloss:  2.65679  [38;2;180;60;0mgrad_norm:  0.9523  [38;2;54;234;195mmemory:  0.33GiB(0.24%)  [34mtps: 614  [36mtflops: 0.10  [35mmfu: 0.01%[39m
[titan] 2026-09-21 03:56:55,150 - torchtitan.observability.metrics - INFO - [31mstep: 41  [32mloss:  2.58707  [38;2;180;60;0mgrad_norm:  0.7389  [38;2;54;234;195mmemory:  0.33GiB(0.24%)  [34mtps: 612  [36mtflops: 0.10  [35mmfu: 0.01%[39m
[titan] 2026-09-21 03:56:56,823 - torchtitan.observability.metrics - INFO - [31mstep: 42  [32mloss:  2.53871  [38;2;180;60;0mgrad_norm:  0.7932  [38;2;54;234;195mmemory:  0.33GiB(0.24%)  [34mtps: 612  [36mtflops: 0.10  [35mmfu: 0.01%[39m
[titan] 2026-09-21 03:56:58,487 - torchtitan.observability.metrics - INFO - [31mstep: 43  [32mloss:  2.72596  [38;2;180;60;0mgrad_norm:  0.8692  [38;2;54;234;195mmemory:  0.33GiB(0.24%)  [34mtps: 615  [36mtflops: 0.10  [35mmfu: 0.01%[39m
[titan] 2026-09-21 03:57:00,155 - torchtitan.observability.metrics - INFO - [31mstep: 44  [32mloss:  2.47532  [38;2;180;60;0mgrad_norm:  0.8100  [38;2;54;234;195mmemory:  0.33GiB(0.24%)  [34mtps: 614  [36mtflops: 0.10  [35mmfu: 0.01%[39m
[titan] 2026-09-21 03:57:01,837 - torchtitan.observability.metrics - INFO - [31mstep: 45  [32mloss:  2.66446  [38;2;180;60;0mgrad_norm:  0.7816  [38;2;54;234;195mmemory:  0.33GiB(0.24%)  [34mtps: 609  [36mtflops: 0.10  [35mmfu: 0.01%[39m
[titan] 2026-09-21 03:57:03,510 - torchtitan.observability.metrics - INFO - [31mstep: 46  [32mloss:  2.59466  [38;2;180;60;0mgrad_norm:  0.8345  [38;2;54;234;195mmemory:  0.33GiB(0.24%)  [34mtps: 612  [36mtflops: 0.10  [35mmfu: 0.01%[39m
[titan] 2026-09-21 03:57:05,181 - torchtitan.observability.metrics - INFO - [31mstep: 47  [32mloss:  2.68806  [38;2;180;60;0mgrad_norm:  0.7855  [38;2;54;234;195mmemory:  0.33GiB(0.24%)  [34mtps: 613  [36mtflops: 0.10  [35mmfu: 0.01%[39m
[titan] 2026-09-21 03:57:06,848 - torchtitan.observability.metrics - INFO - [31mstep: 48  [32mloss:  2.75331  [38;2;180;60;0mgrad_norm:  0.8932  [38;2;54;234;195mmemory:  0.33GiB(0.24%)  [34mtps: 615  [36mtflops: 0.10  [35mmfu: 0.01%[39m
[titan] 2026-09-21 03:57:08,531 - torchtitan.observability.metrics - INFO - [31mstep: 49  [32mloss:  2.67862  [38;2;180;60;0mgrad_norm:  0.8655  [38;2;54;234;195mmemory:  0.33GiB(0.24%)  [34mtps: 609  [36mtflops: 0.10  [35mmfu: 0.01%[39m
[titan] 2026-09-21 03:57:08,772 - torchtitan.tools.utils - INFO - [GC] Performing periodic GC collection took 0.24 seconds
[titan] 2026-09-21 03:57:10,436 - torchtitan.observability.metrics - INFO - [31mstep: 50  [32mloss:  2.57654  [38;2;180;60;0mgrad_norm:  0.6807  [38;2;54;234;195mmemory:  0.33GiB(0.24%)  [34mtps: 538  [36mtflops: 0.08  [35mmfu: 0.01%[39m
[titan] 2026-09-21 03:57:12,104 - torchtitan.observability.metrics - INFO - [31mstep: 51  [32mloss:  2.67878  [38;2;180;60;0mgrad_norm:  0.9210  [38;2;54;234;195mmemory:  0.33GiB(0.24%)  [34mtps: 614  [36mtflops: 0.10  [35mmfu: 0.01%[39m
[titan] 2026-09-21 03:57:13,783 - torchtitan.observability.metrics - INFO - [31mstep: 52  [32mloss:  2.51123  [38;2;180;60;0mgrad_norm:  0.8835  [38;2;54;234;195mmemory:  0.33GiB(0.24%)  [34mtps: 610  [36mtflops: 0.10  [35mmfu: 0.01%[39m
[titan] 2026-09-21 03:57:15,471 - torchtitan.observability.metrics - INFO - [31mstep: 53  [32mloss:  2.76739  [38;2;180;60;0mgrad_norm:  0.7243  [38;2;54;234;195mmemory:  0.33GiB(0.24%)  [34mtps: 607  [36mtflops: 0.10  [35mmfu: 0.01%[39m
[titan] 2026-09-21 03:57:17,147 - torchtitan.observability.metrics - INFO - [31mstep: 54  [32mloss:  3.04777  [38;2;180;60;0mgrad_norm:  0.8145  [38;2;54;234;195mmemory:  0.33GiB(0.24%)  [34mtps: 611  [36mtflops: 0.10  [35mmfu: 0.01%[39m
[titan] 2026-09-21 03:57:18,819 - torchtitan.observability.metrics - INFO - [31mstep: 55  [32mloss:  2.95724  [38;2;180;60;0mgrad_norm:  1.0110  [38;2;54;234;195mmemory:  0.33GiB(0.24%)  [34mtps: 613  [36mtflops: 0.10  [35mmfu: 0.01%[39m
[titan] 2026-09-21 03:57:20,485 - torchtitan.observability.metrics - INFO - [31mstep: 56  [32mloss:  2.52975  [38;2;180;60;0mgrad_norm:  0.7731  [38;2;54;234;195mmemory:  0.33GiB(0.24%)  [34mtps: 615  [36mtflops: 0.10  [35mmfu: 0.01%[39m
[titan] 2026-09-21 03:57:22,170 - torchtitan.observability.metrics - INFO - [31mstep: 57  [32mloss:  2.53956  [38;2;180;60;0mgrad_norm:  0.8619  [38;2;54;234;195mmemory:  0.33GiB(0.24%)  [34mtps: 608  [36mtflops: 0.10  [35mmfu: 0.01%[39m
[titan] 2026-09-21 03:57:23,858 - torchtitan.observability.metrics - INFO - [31mstep: 58  [32mloss:  2.61474  [38;2;180;60;0mgrad_norm:  0.9560  [38;2;54;234;195mmemory:  0.33GiB(0.24%)  [34mtps: 607  [36mtflops: 0.10  [35mmfu: 0.01%[39m
[titan] 2026-09-21 03:57:25,539 - torchtitan.observability.metrics - INFO - [31mstep: 59  [32mloss:  2.66543  [38;2;180;60;0mgrad_norm:  0.8377  [38;2;54;234;195mmemory:  0.33GiB(0.24%)  [34mtps: 609  [36mtflops: 0.10  [35mmfu: 0.01%[39m
[titan] 2026-09-21 03:57:27,225 - torchtitan.observability.metrics - INFO - [31mstep: 60  [32mloss:  2.56433  [38;2;180;60;0mgrad_norm:  0.7761  [38;2;54;234;195mmemory:  0.33GiB(0.24%)  [34mtps: 607  [36mtflops: 0.10  [35mmfu: 0.01%[39m
[titan] 2026-09-21 03:57:28,911 - torchtitan.observability.metrics - INFO - [31mstep: 61  [32mloss:  2.62046  [38;2;180;60;0mgrad_norm:  0.8176  [38;2;54;234;195mmemory:  0.33GiB(0.24%)  [34mtps: 608  [36mtflops: 0.10  [35mmfu: 0.01%[39m
[titan] 2026-09-21 03:57:30,594 - torchtitan.observability.metrics - INFO - [31mstep: 62  [32mloss:  2.68898  [38;2;180;60;0mgrad_norm:  0.7911  [38;2;54;234;195mmemory:  0.33GiB(0.24%)  [34mtps: 608  [36mtflops: 0.10  [35mmfu: 0.01%[39m
[titan] 2026-09-21 03:57:32,276 - torchtitan.observability.metrics - INFO - [31mstep: 63  [32mloss:  2.62849  [38;2;180;60;0mgrad_norm:  0.8516  [38;2;54;234;195mmemory:  0.33GiB(0.24%)  [34mtps: 609  [36mtflops: 0.10  [35mmfu: 0.01%[39m
[titan] 2026-09-21 03:57:33,962 - torchtitan.observability.metrics - INFO - [31mstep: 64  [32mloss:  2.62400  [38;2;180;60;0mgrad_norm:  0.6273  [38;2;54;234;195mmemory:  0.33GiB(0.24%)  [34mtps: 607  [36mtflops: 0.10  [35mmfu: 0.01%[39m
[titan] 2026-09-21 03:57:35,641 - torchtitan.observability.metrics - INFO - [31mstep: 65  [32mloss:  2.71375  [38;2;180;60;0mgrad_norm:  0.8485  [38;2;54;234;195mmemory:  0.33GiB(0.24%)  [34mtps: 610  [36mtflops: 0.10  [35mmfu: 0.01%[39m
[titan] 2026-09-21 03:57:37,328 - torchtitan.observability.metrics - INFO - [31mstep: 66  [32mloss:  2.58610  [38;2;180;60;0mgrad_norm:  0.7265  [38;2;54;234;195mmemory:  0.33GiB(0.24%)  [34mtps: 607  [36mtflops: 0.10  [35mmfu: 0.01%[39m
[titan] 2026-09-21 03:57:39,013 - torchtitan.observability.metrics - INFO - [31mstep: 67  [32mloss:  2.59203  [38;2;180;60;0mgrad_norm:  0.8416  [38;2;54;234;195mmemory:  0.33GiB(0.24%)  [34mtps: 608  [36mtflops: 0.10  [35mmfu: 0.01%[39m
[titan] 2026-09-21 03:57:40,696 - torchtitan.observability.metrics - INFO - [31mstep: 68  [32mloss:  2.61301  [38;2;180;60;0mgrad_norm:  0.8173  [38;2;54;234;195mmemory:  0.33GiB(0.24%)  [34mtps: 608  [36mtflops: 0.10  [35mmfu: 0.01%[39m
[titan] 2026-09-21 03:57:42,393 - torchtitan.observability.metrics - INFO - [31mstep: 69  [32mloss:  2.82538  [38;2;180;60;0mgrad_norm:  0.9126  [38;2;54;234;195mmemory:  0.33GiB(0.24%)  [34mtps: 603  [36mtflops: 0.09  [35mmfu: 0.01%[39m
[titan] 2026-09-21 03:57:44,074 - torchtitan.observability.metrics - INFO - [31mstep: 70  [32mloss:  2.71938  [38;2;180;60;0mgrad_norm:  0.6672  [38;2;54;234;195mmemory:  0.33GiB(0.24%)  [34mtps: 609  [36mtflops: 0.10  [35mmfu: 0.01%[39m
[titan] 2026-09-21 03:57:45,770 - torchtitan.observability.metrics - INFO - [31mstep: 71  [32mloss:  2.53472  [38;2;180;60;0mgrad_norm:  0.5715  [38;2;54;234;195mmemory:  0.33GiB(0.24%)  [34mtps: 604  [36mtflops: 0.09  [35mmfu: 0.01%[39m
[titan] 2026-09-21 03:57:47,490 - torchtitan.observability.metrics - INFO - [31mstep: 72  [32mloss:  2.58090  [38;2;180;60;0mgrad_norm:  0.6909  [38;2;54;234;195mmemory:  0.33GiB(0.24%)  [34mtps: 595  [36mtflops: 0.09  [35mmfu: 0.01%[39m
[titan] 2026-09-21 03:57:49,188 - torchtitan.observability.metrics - INFO - [31mstep: 73  [32mloss:  2.60550  [38;2;180;60;0mgrad_norm:  0.9839  [38;2;54;234;195mmemory:  0.33GiB(0.24%)  [34mtps: 603  [36mtflops: 0.09  [35mmfu: 0.01%[39m
[titan] 2026-09-21 03:57:50,886 - torchtitan.observability.metrics - INFO - [31mstep: 74  [32mloss:  2.42462  [38;2;180;60;0mgrad_norm:  0.6759  [38;2;54;234;195mmemory:  0.33GiB(0.24%)  [34mtps: 603  [36mtflops: 0.09  [35mmfu: 0.01%[39m
[titan] 2026-09-21 03:57:52,598 - torchtitan.observability.metrics - INFO - [31mstep: 75  [32mloss:  2.65350  [38;2;180;60;0mgrad_norm:  0.5909  [38;2;54;234;195mmemory:  0.33GiB(0.24%)  [34mtps: 598  [36mtflops: 0.09  [35mmfu: 0.01%[39m
[titan] 2026-09-21 03:57:54,348 - torchtitan.observability.metrics - INFO - [31mstep: 76  [32mloss:  2.43037  [38;2;180;60;0mgrad_norm:  0.7023  [38;2;54;234;195mmemory:  0.33GiB(0.24%)  [34mtps: 585  [36mtflops: 0.09  [35mmfu: 0.01%[39m
[titan] 2026-09-21 03:57:56,078 - torchtitan.observability.metrics - INFO - [31mstep: 77  [32mloss:  2.55049  [38;2;180;60;0mgrad_norm:  0.6783  [38;2;54;234;195mmemory:  0.33GiB(0.24%)  [34mtps: 592  [36mtflops: 0.09  [35mmfu: 0.01%[39m
[titan] 2026-09-21 03:57:57,802 - torchtitan.observability.metrics - INFO - [31mstep: 78  [32mloss:  2.45903  [38;2;180;60;0mgrad_norm:  0.7226  [38;2;54;234;195mmemory:  0.33GiB(0.24%)  [34mtps: 594  [36mtflops: 0.09  [35mmfu: 0.01%[39m
[titan] 2026-09-21 03:57:59,510 - torchtitan.observability.metrics - INFO - [31mstep: 79  [32mloss:  2.57304  [38;2;180;60;0mgrad_norm:  0.7468  [38;2;54;234;195mmemory:  0.33GiB(0.24%)  [34mtps: 600  [36mtflops: 0.09  [35mmfu: 0.01%[39m
[titan] 2026-09-21 03:58:01,197 - torchtitan.observability.metrics - INFO - [31mstep: 80  [32mloss:  2.61196  [38;2;180;60;0mgrad_norm:  0.8846  [38;2;54;234;195mmemory:  0.33GiB(0.24%)  [34mtps: 607  [36mtflops: 0.10  [35mmfu: 0.01%[39m
[titan] 2026-09-21 03:58:02,893 - torchtitan.observability.metrics - INFO - [31mstep: 81  [32mloss:  2.56130  [38;2;180;60;0mgrad_norm:  0.8093  [38;2;54;234;195mmemory:  0.33GiB(0.24%)  [34mtps: 604  [36mtflops: 0.09  [35mmfu: 0.01%[39m
[titan] 2026-09-21 03:58:04,594 - torchtitan.observability.metrics - INFO - [31mstep: 82  [32mloss:  2.46621  [38;2;180;60;0mgrad_norm:  0.6507  [38;2;54;234;195mmemory:  0.33GiB(0.24%)  [34mtps: 602  [36mtflops: 0.09  [35mmfu: 0.01%[39m
[titan] 2026-09-21 03:58:06,291 - torchtitan.observability.metrics - INFO - [31mstep: 83  [32mloss:  2.45721  [38;2;180;60;0mgrad_norm:  0.8640  [38;2;54;234;195mmemory:  0.33GiB(0.24%)  [34mtps: 603  [36mtflops: 0.09  [35mmfu: 0.01%[39m
[titan] 2026-09-21 03:58:07,988 - torchtitan.observability.metrics - INFO - [31mstep: 84  [32mloss:  2.64438  [38;2;180;60;0mgrad_norm:  0.7640  [38;2;54;234;195mmemory:  0.33GiB(0.24%)  [34mtps: 604  [36mtflops: 0.09  [35mmfu: 0.01%[39m
[titan] 2026-09-21 03:58:09,678 - torchtitan.observability.metrics - INFO - [31mstep: 85  [32mloss:  2.52282  [38;2;180;60;0mgrad_norm:  1.0101  [38;2;54;234;195mmemory:  0.33GiB(0.24%)  [34mtps: 606  [36mtflops: 0.10  [35mmfu: 0.01%[39m
[titan] 2026-09-21 03:58:11,370 - torchtitan.observability.metrics - INFO - [31mstep: 86  [32mloss:  2.47978  [38;2;180;60;0mgrad_norm:  0.7413  [38;2;54;234;195mmemory:  0.33GiB(0.24%)  [34mtps: 605  [36mtflops: 0.09  [35mmfu: 0.01%[39m
[titan] 2026-09-21 03:58:13,074 - torchtitan.observability.metrics - INFO - [31mstep: 87  [32mloss:  2.54206  [38;2;180;60;0mgrad_norm:  0.8295  [38;2;54;234;195mmemory:  0.33GiB(0.24%)  [34mtps: 601  [36mtflops: 0.09  [35mmfu: 0.01%[39m
[titan] 2026-09-21 03:58:14,768 - torchtitan.observability.metrics - INFO - [31mstep: 88  [32mloss:  2.60721  [38;2;180;60;0mgrad_norm:  0.7557  [38;2;54;234;195mmemory:  0.33GiB(0.24%)  [34mtps: 605  [36mtflops: 0.09  [35mmfu: 0.01%[39m
[titan] 2026-09-21 03:58:16,458 - torchtitan.observability.metrics - INFO - [31mstep: 89  [32mloss:  2.63140  [38;2;180;60;0mgrad_norm:  0.8998  [38;2;54;234;195mmemory:  0.33GiB(0.24%)  [34mtps: 606  [36mtflops: 0.10  [35mmfu: 0.01%[39m
[titan] 2026-09-21 03:58:18,146 - torchtitan.observability.metrics - INFO - [31mstep: 90  [32mloss:  2.46074  [38;2;180;60;0mgrad_norm:  0.7218  [38;2;54;234;195mmemory:  0.33GiB(0.24%)  [34mtps: 607  [36mtflops: 0.10  [35mmfu: 0.01%[39m
[titan] 2026-09-21 03:58:19,833 - torchtitan.observability.metrics - INFO - [31mstep: 91  [32mloss:  2.57268  [38;2;180;60;0mgrad_norm:  0.8304  [38;2;54;234;195mmemory:  0.33GiB(0.24%)  [34mtps: 607  [36mtflops: 0.10  [35mmfu: 0.01%[39m
[titan] 2026-09-21 03:58:21,517 - torchtitan.observability.metrics - INFO - [31mstep: 92  [32mloss:  2.59224  [38;2;180;60;0mgrad_norm:  0.8145  [38;2;54;234;195mmemory:  0.33GiB(0.24%)  [34mtps: 608  [36mtflops: 0.10  [35mmfu: 0.01%[39m
[titan] 2026-09-21 03:58:23,203 - torchtitan.observability.metrics - INFO - [31mstep: 93  [32mloss:  2.78817  [38;2;180;60;0mgrad_norm:  0.8132  [38;2;54;234;195mmemory:  0.33GiB(0.24%)  [34mtps: 607  [36mtflops: 0.10  [35mmfu: 0.01%[39m
[titan] 2026-09-21 03:58:24,891 - torchtitan.observability.metrics - INFO - [31mstep: 94  [32mloss:  2.41989  [38;2;180;60;0mgrad_norm:  0.6910  [38;2;54;234;195mmemory:  0.33GiB(0.24%)  [34mtps: 607  [36mtflops: 0.10  [35mmfu: 0.01%[39m
[titan] 2026-09-21 03:58:26,582 - torchtitan.observability.metrics - INFO - [31mstep: 95  [32mloss:  2.50540  [38;2;180;60;0mgrad_norm:  0.7207  [38;2;54;234;195mmemory:  0.33GiB(0.24%)  [34mtps: 606  [36mtflops: 0.10  [35mmfu: 0.01%[39m
[titan] 2026-09-21 03:58:28,276 - torchtitan.observability.metrics - INFO - [31mstep: 96  [32mloss:  2.52739  [38;2;180;60;0mgrad_norm:  0.7132  [38;2;54;234;195mmemory:  0.33GiB(0.24%)  [34mtps: 605  [36mtflops: 0.09  [35mmfu: 0.01%[39m
[titan] 2026-09-21 03:58:29,973 - torchtitan.observability.metrics - INFO - [31mstep: 97  [32mloss:  2.35296  [38;2;180;60;0mgrad_norm:  0.8834  [38;2;54;234;195mmemory:  0.33GiB(0.24%)  [34mtps: 604  [36mtflops: 0.09  [35mmfu: 0.01%[39m
[titan] 2026-09-21 03:58:31,656 - torchtitan.observability.metrics - INFO - [31mstep: 98  [32mloss:  2.42756  [38;2;180;60;0mgrad_norm:  0.6259  [38;2;54;234;195mmemory:  0.33GiB(0.24%)  [34mtps: 608  [36mtflops: 0.10  [35mmfu: 0.01%[39m
[titan] 2026-09-21 03:58:33,331 - torchtitan.observability.metrics - INFO - [31mstep: 99  [32mloss:  2.67473  [38;2;180;60;0mgrad_norm:  0.6680  [38;2;54;234;195mmemory:  0.33GiB(0.24%)  [34mtps: 612  [36mtflops: 0.10  [35mmfu: 0.01%[39m
[titan] 2026-09-21 03:58:33,554 - torchtitan.tools.utils - INFO - [GC] Performing periodic GC collection took 0.22 seconds
[titan] 2026-09-21 03:58:35,238 - torchtitan.observability.metrics - INFO - [31mstep: 100  [32mloss:  2.49921  [38;2;180;60;0mgrad_norm:  0.7721  [38;2;54;234;195mmemory:  0.33GiB(0.24%)  [34mtps: 537  [36mtflops: 0.08  [35mmfu: 0.01%[39m
[titan] 2026-09-21 03:58:35,238 - torchtitan.components.checkpointer.dcp - INFO - Saving the checkpointer.
[titan] 2026-09-21 03:58:35,266 - torchtitan.components.checkpointer.dcp - INFO - Saving a model only checkpoint in torch.float32 at last step, step 100.
[titan] 2026-09-21 03:58:35,661 - torchtitan.tools.utils - INFO - [GC] GC collection invoked by checkpointer. took 0.01 seconds
[titan] 2026-09-21 03:58:35,662 - torchtitan.components.checkpointer.dcp - INFO - Last step checkpoint completed in 0.42s
[titan] 2026-09-21 03:58:35,663 - torchtitan.trainer - INFO - Sleeping 2 seconds for other ranks to complete
[titan] 2026-09-21 03:58:37,663 - torchtitan.trainer - INFO - Training completed
[titan] 2026-09-21 03:58:37,670 - torchtitan.components.checkpointer.base - INFO - Destroying the purge thread.
[titan] 2026-09-21 03:58:37,968 - __main__ - INFO - Process group destroyed
