WARNING:absl:Failed to load jax profiler: No module named 'jax'
[titan] 2026-09-21 05:16:06,670 - __main__ - INFO - torchtitan version: 0.0.0+unknown (0.0.0 means __version__ is not defined correctly).
[titan] 2026-09-21 05:16:07,269 - torchtitan.components.checkpointer.base - WARNING - initial_load_model_only=True has no effect without an initial_load_path.
[titan] 2026-09-21 05:16:07,350 - torchtitan.components.checkpointer.base - WARNING - initial_load_model_only=True has no effect without an initial_load_path.
[titan] 2026-09-21 05:16:07,352 - torchtitan.observability.structured_logger.jsonl_handler - INFO - Structured logging -> JSONL: /workspace/results/pp_r3/f32_dp1_ns_oldboth/structured_logs/training.global_rank_0.20260921-051607-4B1UQF.jsonl
[titan] 2026-09-21 05:16:07,563 - torchtitan.distributed.utils - WARNING - ENV[TORCH_NCCL_ASYNC_ERROR_HANDLING] = 1 will be overridden to 3 based on job config
[titan] 2026-09-21 05:16:07,971 - torchtitan.tools.utils - INFO - [GC] Initial GC collection took 0.00 seconds
[titan] 2026-09-21 05:16:07,971 - torchtitan.distributed.utils - INFO - Deterministic algorithm enabled (expect perf degradation).
[titan] 2026-09-21 05:16:07,985 - torchtitan.observability.metrics - INFO - CUDA capacity: NVIDIA H200 with 139.80GiB memory
[titan] 2026-09-21 05:16:07,996 - torchtitan.tools.utils - WARNING - Error running lspci: [Errno 2] No such file or directory: 'lspci', fallback to use device_name
[titan] 2026-09-21 05:16:07,997 - torchtitan.components.tokenizer - INFO - Loading tokenizer from tokenizer.json
[titan] 2026-09-21 05:16:08,743 - httpx - INFO - HTTP Request: HEAD https://s3.amazonaws.com/datasets.huggingface.co/datasets/datasets/json/json.py "HTTP/1.1 200 OK"
[titan] 2026-09-21 05:16:08,751 - torchtitan.protocols.state_dict_adapter - WARNING - model.safetensors.index.json not found at hf_assets_path: ./tests/assets/tokenizer/model.safetensors.index.json.                     Defaulting to saving a single safetensors file if checkpoint is saved in HF format
[titan] 2026-09-21 05:16:08,865 - torchtitan.models.utils - INFO - Total parameter count: 25,776,880, active parameters: 17,236,208
[titan] 2026-09-21 05:16:08,865 - torchtitan.distributed.parallel_dims - INFO - Building device mesh with parallelism: pp=1, dp_replicate=1, dp_shard=1, cp=1, tp=1, ep=1
[titan] 2026-09-21 05:16:08,872 - torchtitan.distributed.parallel_dims - INFO - Successfully created meshes with active dimensions: []
[titan] 2026-09-21 05:16:08,936 - torchtitan.distributed.activation_checkpoint - INFO - Applied SelectiveAC activation checkpointing to the model
[titan] 2026-09-21 05:16:08,937 - torchtitan.distributed.activation_checkpoint - INFO - Applied SelectiveAC activation checkpointing to the model
[titan] 2026-09-21 05:16:09,063 - torchtitan.distributed.fsdp - INFO - Applied FSDP to the model
[titan] 2026-09-21 05:16:09,635 - torchtitan.training_engine - INFO - Model kimi_k3 debugmodel size: 25,776,880 total parameters
[titan] 2026-09-21 05:16:09,638 - torchtitan.components.optimizer.optimizer - INFO - Optimizer AdamW (model_part=0): 481 params [.*] {'fused': True, 'foreach': False, 'lr': 0.0008, 'betas': (0.9, 0.95), 'eps': 1e-08, 'weight_decay': 0.1}
[titan] 2026-09-21 05:16:09,641 - torchtitan.components.checkpointer.base - WARNING - initial_load_model_only=True has no effect without an initial_load_path.
[titan] 2026-09-21 05:16:09,668 - torchtitan.components.checkpointer.dcp - INFO - Checkpointing active. Checkpoints will be loaded from and saved to /workspace/results/pp_r3/f32_dp1_ns_oldboth/checkpoint
[titan] 2026-09-21 05:16:09,668 - torchtitan.trainer - INFO - Peak FLOPS used for computing MFU: 9.890e+14
[titan] 2026-09-21 05:16:09,668 - torchtitan.trainer - INFO - CUDA memory usage for model: 0.11GiB(0.08%)
[titan] 2026-09-21 05:16:09,668 - torchtitan.trainer - INFO - Trainer is initialized with 256 tokens per DP rank, 1024 tokens per train step, gradient accumulation steps 4, maximum context length 2048, total steps 100 (warmup 2)
[titan] 2026-09-21 05:16:09,668 - torchtitan.components.checkpointer.base - INFO - Loading the checkpoint from /workspace/results/pp_r3/f32_dp1_ns_oldboth/checkpoint/step-0.
[titan] 2026-09-21 05:16:09,928 - torchtitan.tools.utils - INFO - [GC] GC collection for checkpoint loading. took 0.01 seconds
[titan] 2026-09-21 05:16:09,928 - torchtitan.components.checkpointer.base - INFO - Finished loading the checkpoint in 0.26 seconds.
[titan] 2026-09-21 05:16:09,928 - torchtitan.trainer - INFO - Training starts at step 1
/workspace/venv_k3/lib/python3.12/site-packages/torch/distributed/fsdp/_fully_shard/_fsdp_state.py:336: UserWarning: FSDP2-wrapped module (FSDPCheckpointWrapper) returned a view tensor. An in-place op on this view (e.g., `x += y`) will silently drop the pre-backward hook and skip the all-gather, which can cause backward to fail or produce wrong gradients. Use out-of-place ops (`out = out + y`, not `out += y`) or `.clone()` the output before any in-place op.
  output = self._register_pre_backward_hook(output)
/workspace/venv_k3/lib/python3.12/site-packages/torch/distributed/fsdp/_fully_shard/_fsdp_state.py:336: UserWarning: FSDP2-wrapped module (FSDPCheckpointWrapper) returned a view tensor. An in-place op on this view (e.g., `x += y`) will silently drop the pre-backward hook and skip the all-gather, which can cause backward to fail or produce wrong gradients. Use out-of-place ops (`out = out + y`, not `out += y`) or `.clone()` the output before any in-place op.
  output = self._register_pre_backward_hook(output)
[titan] 2026-09-21 05:16:19,621 - torchtitan.observability.metrics - INFO - [31mstep:  1  [32mloss:  8.05530  [38;2;180;60;0mgrad_norm:  2.1551  [38;2;54;234;195mmemory:  0.49GiB(0.35%)  [34mtps: 88  [36mtflops: 0.01  [35mmfu: 0.00%[39m
[titan] 2026-09-21 05:16:19,621 - torchtitan.distributed.utils - INFO - Synchronizing and adjusting timeout for all ProcessGroups to 0:01:40
[titan] 2026-09-21 05:16:23,772 - torchtitan.observability.metrics - INFO - [31mstep:  2  [32mloss:  6.93207  [38;2;180;60;0mgrad_norm:  7.5879  [38;2;54;234;195mmemory:  0.68GiB(0.49%)  [34mtps: 247  [36mtflops: 0.04  [35mmfu: 0.00%[39m
[titan] 2026-09-21 05:16:27,821 - torchtitan.observability.metrics - INFO - [31mstep:  3  [32mloss:  5.71794  [38;2;180;60;0mgrad_norm:  3.4123  [38;2;54;234;195mmemory:  0.68GiB(0.49%)  [34mtps: 253  [36mtflops: 0.04  [35mmfu: 0.00%[39m
[titan] 2026-09-21 05:16:31,883 - torchtitan.observability.metrics - INFO - [31mstep:  4  [32mloss:  5.12776  [38;2;180;60;0mgrad_norm:  3.0070  [38;2;54;234;195mmemory:  0.68GiB(0.49%)  [34mtps: 252  [36mtflops: 0.04  [35mmfu: 0.00%[39m
[titan] 2026-09-21 05:16:35,927 - torchtitan.observability.metrics - INFO - [31mstep:  5  [32mloss:  4.31831  [38;2;180;60;0mgrad_norm:  2.5195  [38;2;54;234;195mmemory:  0.68GiB(0.49%)  [34mtps: 253  [36mtflops: 0.04  [35mmfu: 0.00%[39m
[titan] 2026-09-21 05:16:40,044 - torchtitan.observability.metrics - INFO - [31mstep:  6  [32mloss:  4.13339  [38;2;180;60;0mgrad_norm:  2.1229  [38;2;54;234;195mmemory:  0.68GiB(0.49%)  [34mtps: 249  [36mtflops: 0.04  [35mmfu: 0.00%[39m
[titan] 2026-09-21 05:16:44,269 - torchtitan.observability.metrics - INFO - [31mstep:  7  [32mloss:  3.93748  [38;2;180;60;0mgrad_norm:  1.8776  [38;2;54;234;195mmemory:  0.68GiB(0.49%)  [34mtps: 242  [36mtflops: 0.04  [35mmfu: 0.00%[39m
[titan] 2026-09-21 05:16:48,365 - torchtitan.observability.metrics - INFO - [31mstep:  8  [32mloss:  3.65482  [38;2;180;60;0mgrad_norm:  1.6252  [38;2;54;234;195mmemory:  0.68GiB(0.49%)  [34mtps: 250  [36mtflops: 0.04  [35mmfu: 0.00%[39m
[titan] 2026-09-21 05:16:52,410 - torchtitan.observability.metrics - INFO - [31mstep:  9  [32mloss:  3.70912  [38;2;180;60;0mgrad_norm:  1.5673  [38;2;54;234;195mmemory:  0.68GiB(0.49%)  [34mtps: 253  [36mtflops: 0.04  [35mmfu: 0.00%[39m
[titan] 2026-09-21 05:16:56,460 - torchtitan.observability.metrics - INFO - [31mstep: 10  [32mloss:  3.40558  [38;2;180;60;0mgrad_norm:  1.2746  [38;2;54;234;195mmemory:  0.68GiB(0.49%)  [34mtps: 253  [36mtflops: 0.04  [35mmfu: 0.00%[39m
[titan] 2026-09-21 05:17:00,501 - torchtitan.observability.metrics - INFO - [31mstep: 11  [32mloss:  3.27331  [38;2;180;60;0mgrad_norm:  1.1342  [38;2;54;234;195mmemory:  0.68GiB(0.49%)  [34mtps: 253  [36mtflops: 0.04  [35mmfu: 0.00%[39m
[titan] 2026-09-21 05:17:04,670 - torchtitan.observability.metrics - INFO - [31mstep: 12  [32mloss:  3.65391  [38;2;180;60;0mgrad_norm:  1.1092  [38;2;54;234;195mmemory:  0.68GiB(0.49%)  [34mtps: 246  [36mtflops: 0.04  [35mmfu: 0.00%[39m
[titan] 2026-09-21 05:17:08,782 - torchtitan.observability.metrics - INFO - [31mstep: 13  [32mloss:  3.16808  [38;2;180;60;0mgrad_norm:  1.1893  [38;2;54;234;195mmemory:  0.68GiB(0.49%)  [34mtps: 249  [36mtflops: 0.04  [35mmfu: 0.00%[39m
[titan] 2026-09-21 05:17:12,795 - torchtitan.observability.metrics - INFO - [31mstep: 14  [32mloss:  3.41907  [38;2;180;60;0mgrad_norm:  1.1502  [38;2;54;234;195mmemory:  0.68GiB(0.49%)  [34mtps: 255  [36mtflops: 0.04  [35mmfu: 0.00%[39m
[titan] 2026-09-21 05:17:16,827 - torchtitan.observability.metrics - INFO - [31mstep: 15  [32mloss:  3.10301  [38;2;180;60;0mgrad_norm:  1.2589  [38;2;54;234;195mmemory:  0.68GiB(0.49%)  [34mtps: 254  [36mtflops: 0.04  [35mmfu: 0.00%[39m
[titan] 2026-09-21 05:17:20,852 - torchtitan.observability.metrics - INFO - [31mstep: 16  [32mloss:  3.15717  [38;2;180;60;0mgrad_norm:  1.0248  [38;2;54;234;195mmemory:  0.68GiB(0.49%)  [34mtps: 254  [36mtflops: 0.04  [35mmfu: 0.00%[39m
[titan] 2026-09-21 05:17:24,942 - torchtitan.observability.metrics - INFO - [31mstep: 17  [32mloss:  2.98164  [38;2;180;60;0mgrad_norm:  1.0080  [38;2;54;234;195mmemory:  0.68GiB(0.49%)  [34mtps: 250  [36mtflops: 0.04  [35mmfu: 0.00%[39m
[titan] 2026-09-21 05:17:29,080 - torchtitan.observability.metrics - INFO - [31mstep: 18  [32mloss:  3.04725  [38;2;180;60;0mgrad_norm:  0.7062  [38;2;54;234;195mmemory:  0.68GiB(0.49%)  [34mtps: 247  [36mtflops: 0.04  [35mmfu: 0.00%[39m
[titan] 2026-09-21 05:17:33,129 - torchtitan.observability.metrics - INFO - [31mstep: 19  [32mloss:  2.73954  [38;2;180;60;0mgrad_norm:  0.7821  [38;2;54;234;195mmemory:  0.68GiB(0.49%)  [34mtps: 253  [36mtflops: 0.04  [35mmfu: 0.00%[39m
[titan] 2026-09-21 05:17:37,239 - torchtitan.observability.metrics - INFO - [31mstep: 20  [32mloss:  2.91688  [38;2;180;60;0mgrad_norm:  0.9368  [38;2;54;234;195mmemory:  0.68GiB(0.49%)  [34mtps: 249  [36mtflops: 0.04  [35mmfu: 0.00%[39m
[titan] 2026-09-21 05:17:41,259 - torchtitan.observability.metrics - INFO - [31mstep: 21  [32mloss:  3.09974  [38;2;180;60;0mgrad_norm:  0.7576  [38;2;54;234;195mmemory:  0.68GiB(0.49%)  [34mtps: 255  [36mtflops: 0.04  [35mmfu: 0.00%[39m
[titan] 2026-09-21 05:17:45,976 - torchtitan.observability.metrics - INFO - [31mstep: 22  [32mloss:  2.85685  [38;2;180;60;0mgrad_norm:  1.0292  [38;2;54;234;195mmemory:  0.68GiB(0.49%)  [34mtps: 217  [36mtflops: 0.03  [35mmfu: 0.00%[39m
[titan] 2026-09-21 05:17:50,138 - torchtitan.observability.metrics - INFO - [31mstep: 23  [32mloss:  2.67028  [38;2;180;60;0mgrad_norm:  0.7379  [38;2;54;234;195mmemory:  0.68GiB(0.49%)  [34mtps: 246  [36mtflops: 0.04  [35mmfu: 0.00%[39m
[titan] 2026-09-21 05:17:54,300 - torchtitan.observability.metrics - INFO - [31mstep: 24  [32mloss:  2.89150  [38;2;180;60;0mgrad_norm:  1.0465  [38;2;54;234;195mmemory:  0.68GiB(0.49%)  [34mtps: 246  [36mtflops: 0.04  [35mmfu: 0.00%[39m
[titan] 2026-09-21 05:17:58,438 - torchtitan.observability.metrics - INFO - [31mstep: 25  [32mloss:  3.15168  [38;2;180;60;0mgrad_norm:  1.0403  [38;2;54;234;195mmemory:  0.68GiB(0.49%)  [34mtps: 247  [36mtflops: 0.04  [35mmfu: 0.00%[39m
[titan] 2026-09-21 05:18:02,518 - torchtitan.observability.metrics - INFO - [31mstep: 26  [32mloss:  2.69080  [38;2;180;60;0mgrad_norm:  1.1171  [38;2;54;234;195mmemory:  0.68GiB(0.49%)  [34mtps: 251  [36mtflops: 0.04  [35mmfu: 0.00%[39m
[titan] 2026-09-21 05:18:06,602 - torchtitan.observability.metrics - INFO - [31mstep: 27  [32mloss:  2.81813  [38;2;180;60;0mgrad_norm:  0.8562  [38;2;54;234;195mmemory:  0.68GiB(0.49%)  [34mtps: 251  [36mtflops: 0.04  [35mmfu: 0.00%[39m
[titan] 2026-09-21 05:18:10,698 - torchtitan.observability.metrics - INFO - [31mstep: 28  [32mloss:  2.94185  [38;2;180;60;0mgrad_norm:  1.0108  [38;2;54;234;195mmemory:  0.68GiB(0.49%)  [34mtps: 250  [36mtflops: 0.04  [35mmfu: 0.00%[39m
[titan] 2026-09-21 05:18:14,783 - torchtitan.observability.metrics - INFO - [31mstep: 29  [32mloss:  2.65067  [38;2;180;60;0mgrad_norm:  0.9880  [38;2;54;234;195mmemory:  0.68GiB(0.49%)  [34mtps: 251  [36mtflops: 0.04  [35mmfu: 0.00%[39m
[titan] 2026-09-21 05:18:18,868 - torchtitan.observability.metrics - INFO - [31mstep: 30  [32mloss:  2.92601  [38;2;180;60;0mgrad_norm:  0.9187  [38;2;54;234;195mmemory:  0.68GiB(0.49%)  [34mtps: 251  [36mtflops: 0.04  [35mmfu: 0.00%[39m
[titan] 2026-09-21 05:18:22,979 - torchtitan.observability.metrics - INFO - [31mstep: 31  [32mloss:  2.73083  [38;2;180;60;0mgrad_norm:  0.9374  [38;2;54;234;195mmemory:  0.68GiB(0.49%)  [34mtps: 249  [36mtflops: 0.04  [35mmfu: 0.00%[39m
[titan] 2026-09-21 05:18:27,060 - torchtitan.observability.metrics - INFO - [31mstep: 32  [32mloss:  2.78591  [38;2;180;60;0mgrad_norm:  0.7500  [38;2;54;234;195mmemory:  0.68GiB(0.49%)  [34mtps: 251  [36mtflops: 0.04  [35mmfu: 0.00%[39m
[titan] 2026-09-21 05:18:31,164 - torchtitan.observability.metrics - INFO - [31mstep: 33  [32mloss:  2.53864  [38;2;180;60;0mgrad_norm:  0.7706  [38;2;54;234;195mmemory:  0.68GiB(0.49%)  [34mtps: 250  [36mtflops: 0.04  [35mmfu: 0.00%[39m
[titan] 2026-09-21 05:18:35,243 - torchtitan.observability.metrics - INFO - [31mstep: 34  [32mloss:  2.55105  [38;2;180;60;0mgrad_norm:  0.8180  [38;2;54;234;195mmemory:  0.68GiB(0.49%)  [34mtps: 251  [36mtflops: 0.04  [35mmfu: 0.00%[39m
[titan] 2026-09-21 05:18:39,354 - torchtitan.observability.metrics - INFO - [31mstep: 35  [32mloss:  2.68888  [38;2;180;60;0mgrad_norm:  0.8399  [38;2;54;234;195mmemory:  0.68GiB(0.49%)  [34mtps: 249  [36mtflops: 0.04  [35mmfu: 0.00%[39m
[titan] 2026-09-21 05:18:43,464 - torchtitan.observability.metrics - INFO - [31mstep: 36  [32mloss:  2.56946  [38;2;180;60;0mgrad_norm:  0.9641  [38;2;54;234;195mmemory:  0.68GiB(0.49%)  [34mtps: 249  [36mtflops: 0.04  [35mmfu: 0.00%[39m
[titan] 2026-09-21 05:18:47,607 - torchtitan.observability.metrics - INFO - [31mstep: 37  [32mloss:  3.02077  [38;2;180;60;0mgrad_norm:  1.2987  [38;2;54;234;195mmemory:  0.68GiB(0.49%)  [34mtps: 247  [36mtflops: 0.04  [35mmfu: 0.00%[39m
[titan] 2026-09-21 05:18:51,689 - torchtitan.observability.metrics - INFO - [31mstep: 38  [32mloss:  2.68146  [38;2;180;60;0mgrad_norm:  1.0492  [38;2;54;234;195mmemory:  0.68GiB(0.49%)  [34mtps: 251  [36mtflops: 0.04  [35mmfu: 0.00%[39m
[titan] 2026-09-21 05:18:55,759 - torchtitan.observability.metrics - INFO - [31mstep: 39  [32mloss:  2.78615  [38;2;180;60;0mgrad_norm:  1.0075  [38;2;54;234;195mmemory:  0.68GiB(0.49%)  [34mtps: 252  [36mtflops: 0.04  [35mmfu: 0.00%[39m
[titan] 2026-09-21 05:18:59,839 - torchtitan.observability.metrics - INFO - [31mstep: 40  [32mloss:  2.65174  [38;2;180;60;0mgrad_norm:  1.0163  [38;2;54;234;195mmemory:  0.68GiB(0.49%)  [34mtps: 251  [36mtflops: 0.04  [35mmfu: 0.00%[39m
[titan] 2026-09-21 05:19:03,916 - torchtitan.observability.metrics - INFO - [31mstep: 41  [32mloss:  2.58466  [38;2;180;60;0mgrad_norm:  0.7688  [38;2;54;234;195mmemory:  0.68GiB(0.49%)  [34mtps: 251  [36mtflops: 0.04  [35mmfu: 0.00%[39m
[titan] 2026-09-21 05:19:08,010 - torchtitan.observability.metrics - INFO - [31mstep: 42  [32mloss:  2.53390  [38;2;180;60;0mgrad_norm:  0.8105  [38;2;54;234;195mmemory:  0.68GiB(0.49%)  [34mtps: 250  [36mtflops: 0.04  [35mmfu: 0.00%[39m
[titan] 2026-09-21 05:19:12,102 - torchtitan.observability.metrics - INFO - [31mstep: 43  [32mloss:  2.72394  [38;2;180;60;0mgrad_norm:  0.8817  [38;2;54;234;195mmemory:  0.68GiB(0.49%)  [34mtps: 250  [36mtflops: 0.04  [35mmfu: 0.00%[39m
[titan] 2026-09-21 05:19:16,254 - torchtitan.observability.metrics - INFO - [31mstep: 44  [32mloss:  2.47751  [38;2;180;60;0mgrad_norm:  0.8293  [38;2;54;234;195mmemory:  0.68GiB(0.49%)  [34mtps: 247  [36mtflops: 0.04  [35mmfu: 0.00%[39m
[titan] 2026-09-21 05:19:20,376 - torchtitan.observability.metrics - INFO - [31mstep: 45  [32mloss:  2.66161  [38;2;180;60;0mgrad_norm:  0.7988  [38;2;54;234;195mmemory:  0.68GiB(0.49%)  [34mtps: 248  [36mtflops: 0.04  [35mmfu: 0.00%[39m
[titan] 2026-09-21 05:19:24,490 - torchtitan.observability.metrics - INFO - [31mstep: 46  [32mloss:  2.58618  [38;2;180;60;0mgrad_norm:  0.7830  [38;2;54;234;195mmemory:  0.68GiB(0.49%)  [34mtps: 249  [36mtflops: 0.04  [35mmfu: 0.00%[39m
[titan] 2026-09-21 05:19:28,836 - torchtitan.observability.metrics - INFO - [31mstep: 47  [32mloss:  2.68996  [38;2;180;60;0mgrad_norm:  0.8596  [38;2;54;234;195mmemory:  0.68GiB(0.49%)  [34mtps: 236  [36mtflops: 0.04  [35mmfu: 0.00%[39m
[titan] 2026-09-21 05:19:33,124 - torchtitan.observability.metrics - INFO - [31mstep: 48  [32mloss:  2.75336  [38;2;180;60;0mgrad_norm:  0.9764  [38;2;54;234;195mmemory:  0.68GiB(0.49%)  [34mtps: 239  [36mtflops: 0.04  [35mmfu: 0.00%[39m
[titan] 2026-09-21 05:19:37,429 - torchtitan.observability.metrics - INFO - [31mstep: 49  [32mloss:  2.67715  [38;2;180;60;0mgrad_norm:  0.9065  [38;2;54;234;195mmemory:  0.68GiB(0.49%)  [34mtps: 238  [36mtflops: 0.04  [35mmfu: 0.00%[39m
[titan] 2026-09-21 05:19:38,872 - torchtitan.tools.utils - INFO - [GC] Performing periodic GC collection took 1.44 seconds
[titan] 2026-09-21 05:19:43,105 - torchtitan.observability.metrics - INFO - [31mstep: 50  [32mloss:  2.57844  [38;2;180;60;0mgrad_norm:  0.7113  [38;2;54;234;195mmemory:  0.68GiB(0.49%)  [34mtps: 180  [36mtflops: 0.03  [35mmfu: 0.00%[39m
[titan] 2026-09-21 05:19:47,234 - torchtitan.observability.metrics - INFO - [31mstep: 51  [32mloss:  2.68411  [38;2;180;60;0mgrad_norm:  1.0279  [38;2;54;234;195mmemory:  0.68GiB(0.49%)  [34mtps: 248  [36mtflops: 0.04  [35mmfu: 0.00%[39m
[titan] 2026-09-21 05:19:51,312 - torchtitan.observability.metrics - INFO - [31mstep: 52  [32mloss:  2.51247  [38;2;180;60;0mgrad_norm:  0.9296  [38;2;54;234;195mmemory:  0.68GiB(0.49%)  [34mtps: 251  [36mtflops: 0.04  [35mmfu: 0.00%[39m
[titan] 2026-09-21 05:19:55,416 - torchtitan.observability.metrics - INFO - [31mstep: 53  [32mloss:  2.77287  [38;2;180;60;0mgrad_norm:  0.7644  [38;2;54;234;195mmemory:  0.68GiB(0.49%)  [34mtps: 250  [36mtflops: 0.04  [35mmfu: 0.00%[39m
[titan] 2026-09-21 05:19:59,544 - torchtitan.observability.metrics - INFO - [31mstep: 54  [32mloss:  3.04762  [38;2;180;60;0mgrad_norm:  0.8584  [38;2;54;234;195mmemory:  0.68GiB(0.49%)  [34mtps: 248  [36mtflops: 0.04  [35mmfu: 0.00%[39m
[titan] 2026-09-21 05:20:03,647 - torchtitan.observability.metrics - INFO - [31mstep: 55  [32mloss:  2.95589  [38;2;180;60;0mgrad_norm:  1.0205  [38;2;54;234;195mmemory:  0.68GiB(0.49%)  [34mtps: 250  [36mtflops: 0.04  [35mmfu: 0.00%[39m
[titan] 2026-09-21 05:20:07,782 - torchtitan.observability.metrics - INFO - [31mstep: 56  [32mloss:  2.52163  [38;2;180;60;0mgrad_norm:  0.7442  [38;2;54;234;195mmemory:  0.68GiB(0.49%)  [34mtps: 248  [36mtflops: 0.04  [35mmfu: 0.00%[39m
[titan] 2026-09-21 05:20:11,863 - torchtitan.observability.metrics - INFO - [31mstep: 57  [32mloss:  2.53517  [38;2;180;60;0mgrad_norm:  0.9368  [38;2;54;234;195mmemory:  0.68GiB(0.49%)  [34mtps: 251  [36mtflops: 0.04  [35mmfu: 0.00%[39m
[titan] 2026-09-21 05:20:15,951 - torchtitan.observability.metrics - INFO - [31mstep: 58  [32mloss:  2.61169  [38;2;180;60;0mgrad_norm:  1.0166  [38;2;54;234;195mmemory:  0.68GiB(0.49%)  [34mtps: 250  [36mtflops: 0.04  [35mmfu: 0.00%[39m
[titan] 2026-09-21 05:20:20,046 - torchtitan.observability.metrics - INFO - [31mstep: 59  [32mloss:  2.66644  [38;2;180;60;0mgrad_norm:  0.8838  [38;2;54;234;195mmemory:  0.68GiB(0.49%)  [34mtps: 250  [36mtflops: 0.04  [35mmfu: 0.00%[39m
[titan] 2026-09-21 05:20:24,189 - torchtitan.observability.metrics - INFO - [31mstep: 60  [32mloss:  2.56511  [38;2;180;60;0mgrad_norm:  0.8025  [38;2;54;234;195mmemory:  0.68GiB(0.49%)  [34mtps: 247  [36mtflops: 0.04  [35mmfu: 0.00%[39m
[titan] 2026-09-21 05:20:28,352 - torchtitan.observability.metrics - INFO - [31mstep: 61  [32mloss:  2.62348  [38;2;180;60;0mgrad_norm:  0.8830  [38;2;54;234;195mmemory:  0.68GiB(0.49%)  [34mtps: 246  [36mtflops: 0.04  [35mmfu: 0.00%[39m
[titan] 2026-09-21 05:20:32,536 - torchtitan.observability.metrics - INFO - [31mstep: 62  [32mloss:  2.69111  [38;2;180;60;0mgrad_norm:  0.8415  [38;2;54;234;195mmemory:  0.68GiB(0.49%)  [34mtps: 245  [36mtflops: 0.04  [35mmfu: 0.00%[39m
[titan] 2026-09-21 05:20:36,672 - torchtitan.observability.metrics - INFO - [31mstep: 63  [32mloss:  2.62734  [38;2;180;60;0mgrad_norm:  0.8877  [38;2;54;234;195mmemory:  0.68GiB(0.49%)  [34mtps: 248  [36mtflops: 0.04  [35mmfu: 0.00%[39m
[titan] 2026-09-21 05:20:40,848 - torchtitan.observability.metrics - INFO - [31mstep: 64  [32mloss:  2.62002  [38;2;180;60;0mgrad_norm:  0.6268  [38;2;54;234;195mmemory:  0.68GiB(0.49%)  [34mtps: 245  [36mtflops: 0.04  [35mmfu: 0.00%[39m
[titan] 2026-09-21 05:20:45,003 - torchtitan.observability.metrics - INFO - [31mstep: 65  [32mloss:  2.70883  [38;2;180;60;0mgrad_norm:  0.8546  [38;2;54;234;195mmemory:  0.68GiB(0.49%)  [34mtps: 246  [36mtflops: 0.04  [35mmfu: 0.00%[39m
[titan] 2026-09-21 05:20:49,072 - torchtitan.observability.metrics - INFO - [31mstep: 66  [32mloss:  2.58462  [38;2;180;60;0mgrad_norm:  0.6951  [38;2;54;234;195mmemory:  0.68GiB(0.49%)  [34mtps: 252  [36mtflops: 0.04  [35mmfu: 0.00%[39m
[titan] 2026-09-21 05:20:53,172 - torchtitan.observability.metrics - INFO - [31mstep: 67  [32mloss:  2.59390  [38;2;180;60;0mgrad_norm:  0.8927  [38;2;54;234;195mmemory:  0.68GiB(0.49%)  [34mtps: 250  [36mtflops: 0.04  [35mmfu: 0.00%[39m
[titan] 2026-09-21 05:20:57,256 - torchtitan.observability.metrics - INFO - [31mstep: 68  [32mloss:  2.60206  [38;2;180;60;0mgrad_norm:  0.7981  [38;2;54;234;195mmemory:  0.68GiB(0.49%)  [34mtps: 251  [36mtflops: 0.04  [35mmfu: 0.00%[39m
[titan] 2026-09-21 05:21:01,343 - torchtitan.observability.metrics - INFO - [31mstep: 69  [32mloss:  2.82205  [38;2;180;60;0mgrad_norm:  0.9106  [38;2;54;234;195mmemory:  0.68GiB(0.49%)  [34mtps: 251  [36mtflops: 0.04  [35mmfu: 0.00%[39m
[titan] 2026-09-21 05:21:05,445 - torchtitan.observability.metrics - INFO - [31mstep: 70  [32mloss:  2.71454  [38;2;180;60;0mgrad_norm:  0.6392  [38;2;54;234;195mmemory:  0.68GiB(0.49%)  [34mtps: 250  [36mtflops: 0.04  [35mmfu: 0.00%[39m
[titan] 2026-09-21 05:21:09,771 - torchtitan.observability.metrics - INFO - [31mstep: 71  [32mloss:  2.53453  [38;2;180;60;0mgrad_norm:  0.5802  [38;2;54;234;195mmemory:  0.68GiB(0.49%)  [34mtps: 237  [36mtflops: 0.04  [35mmfu: 0.00%[39m
[titan] 2026-09-21 05:21:14,029 - torchtitan.observability.metrics - INFO - [31mstep: 72  [32mloss:  2.57815  [38;2;180;60;0mgrad_norm:  0.7771  [38;2;54;234;195mmemory:  0.68GiB(0.49%)  [34mtps: 241  [36mtflops: 0.04  [35mmfu: 0.00%[39m
[titan] 2026-09-21 05:21:18,335 - torchtitan.observability.metrics - INFO - [31mstep: 73  [32mloss:  2.60877  [38;2;180;60;0mgrad_norm:  1.0471  [38;2;54;234;195mmemory:  0.68GiB(0.49%)  [34mtps: 238  [36mtflops: 0.04  [35mmfu: 0.00%[39m
[titan] 2026-09-21 05:21:22,580 - torchtitan.observability.metrics - INFO - [31mstep: 74  [32mloss:  2.42852  [38;2;180;60;0mgrad_norm:  0.7248  [38;2;54;234;195mmemory:  0.68GiB(0.49%)  [34mtps: 241  [36mtflops: 0.04  [35mmfu: 0.00%[39m
[titan] 2026-09-21 05:21:26,813 - torchtitan.observability.metrics - INFO - [31mstep: 75  [32mloss:  2.65014  [38;2;180;60;0mgrad_norm:  0.6204  [38;2;54;234;195mmemory:  0.68GiB(0.49%)  [34mtps: 242  [36mtflops: 0.04  [35mmfu: 0.00%[39m
[titan] 2026-09-21 05:21:30,993 - torchtitan.observability.metrics - INFO - [31mstep: 76  [32mloss:  2.42979  [38;2;180;60;0mgrad_norm:  0.7316  [38;2;54;234;195mmemory:  0.68GiB(0.49%)  [34mtps: 245  [36mtflops: 0.04  [35mmfu: 0.00%[39m
[titan] 2026-09-21 05:21:35,187 - torchtitan.observability.metrics - INFO - [31mstep: 77  [32mloss:  2.54660  [38;2;180;60;0mgrad_norm:  0.6787  [38;2;54;234;195mmemory:  0.68GiB(0.49%)  [34mtps: 244  [36mtflops: 0.04  [35mmfu: 0.00%[39m
[titan] 2026-09-21 05:21:39,357 - torchtitan.observability.metrics - INFO - [31mstep: 78  [32mloss:  2.45537  [38;2;180;60;0mgrad_norm:  0.7668  [38;2;54;234;195mmemory:  0.68GiB(0.49%)  [34mtps: 246  [36mtflops: 0.04  [35mmfu: 0.00%[39m
[titan] 2026-09-21 05:21:43,533 - torchtitan.observability.metrics - INFO - [31mstep: 79  [32mloss:  2.57205  [38;2;180;60;0mgrad_norm:  0.7403  [38;2;54;234;195mmemory:  0.68GiB(0.49%)  [34mtps: 245  [36mtflops: 0.04  [35mmfu: 0.00%[39m
[titan] 2026-09-21 05:21:47,680 - torchtitan.observability.metrics - INFO - [31mstep: 80  [32mloss:  2.61136  [38;2;180;60;0mgrad_norm:  0.9177  [38;2;54;234;195mmemory:  0.68GiB(0.49%)  [34mtps: 247  [36mtflops: 0.04  [35mmfu: 0.00%[39m
[titan] 2026-09-21 05:21:51,869 - torchtitan.observability.metrics - INFO - [31mstep: 81  [32mloss:  2.55267  [38;2;180;60;0mgrad_norm:  0.8090  [38;2;54;234;195mmemory:  0.68GiB(0.49%)  [34mtps: 244  [36mtflops: 0.04  [35mmfu: 0.00%[39m
[titan] 2026-09-21 05:21:56,074 - torchtitan.observability.metrics - INFO - [31mstep: 82  [32mloss:  2.46262  [38;2;180;60;0mgrad_norm:  0.6808  [38;2;54;234;195mmemory:  0.68GiB(0.49%)  [34mtps: 243  [36mtflops: 0.04  [35mmfu: 0.00%[39m
[titan] 2026-09-21 05:22:00,239 - torchtitan.observability.metrics - INFO - [31mstep: 83  [32mloss:  2.45465  [38;2;180;60;0mgrad_norm:  0.8745  [38;2;54;234;195mmemory:  0.68GiB(0.49%)  [34mtps: 246  [36mtflops: 0.04  [35mmfu: 0.00%[39m
[titan] 2026-09-21 05:22:04,424 - torchtitan.observability.metrics - INFO - [31mstep: 84  [32mloss:  2.64126  [38;2;180;60;0mgrad_norm:  0.7727  [38;2;54;234;195mmemory:  0.68GiB(0.49%)  [34mtps: 245  [36mtflops: 0.04  [35mmfu: 0.00%[39m
[titan] 2026-09-21 05:22:08,607 - torchtitan.observability.metrics - INFO - [31mstep: 85  [32mloss:  2.51861  [38;2;180;60;0mgrad_norm:  1.0173  [38;2;54;234;195mmemory:  0.68GiB(0.49%)  [34mtps: 245  [36mtflops: 0.04  [35mmfu: 0.00%[39m
[titan] 2026-09-21 05:22:12,803 - torchtitan.observability.metrics - INFO - [31mstep: 86  [32mloss:  2.48122  [38;2;180;60;0mgrad_norm:  0.7924  [38;2;54;234;195mmemory:  0.68GiB(0.49%)  [34mtps: 244  [36mtflops: 0.04  [35mmfu: 0.00%[39m
[titan] 2026-09-21 05:22:17,004 - torchtitan.observability.metrics - INFO - [31mstep: 87  [32mloss:  2.53985  [38;2;180;60;0mgrad_norm:  0.8157  [38;2;54;234;195mmemory:  0.68GiB(0.49%)  [34mtps: 244  [36mtflops: 0.04  [35mmfu: 0.00%[39m
[titan] 2026-09-21 05:22:21,174 - torchtitan.observability.metrics - INFO - [31mstep: 88  [32mloss:  2.60749  [38;2;180;60;0mgrad_norm:  0.7624  [38;2;54;234;195mmemory:  0.68GiB(0.49%)  [34mtps: 246  [36mtflops: 0.04  [35mmfu: 0.00%[39m
[titan] 2026-09-21 05:22:25,356 - torchtitan.observability.metrics - INFO - [31mstep: 89  [32mloss:  2.63170  [38;2;180;60;0mgrad_norm:  0.9017  [38;2;54;234;195mmemory:  0.68GiB(0.49%)  [34mtps: 245  [36mtflops: 0.04  [35mmfu: 0.00%[39m
[titan] 2026-09-21 05:22:29,577 - torchtitan.observability.metrics - INFO - [31mstep: 90  [32mloss:  2.46300  [38;2;180;60;0mgrad_norm:  0.7855  [38;2;54;234;195mmemory:  0.68GiB(0.49%)  [34mtps: 243  [36mtflops: 0.04  [35mmfu: 0.00%[39m
[titan] 2026-09-21 05:22:33,788 - torchtitan.observability.metrics - INFO - [31mstep: 91  [32mloss:  2.56914  [38;2;180;60;0mgrad_norm:  0.8869  [38;2;54;234;195mmemory:  0.68GiB(0.49%)  [34mtps: 243  [36mtflops: 0.04  [35mmfu: 0.00%[39m
[titan] 2026-09-21 05:22:37,846 - torchtitan.observability.metrics - INFO - [31mstep: 92  [32mloss:  2.58874  [38;2;180;60;0mgrad_norm:  0.8352  [38;2;54;234;195mmemory:  0.68GiB(0.49%)  [34mtps: 252  [36mtflops: 0.04  [35mmfu: 0.00%[39m
[titan] 2026-09-21 05:22:41,855 - torchtitan.observability.metrics - INFO - [31mstep: 93  [32mloss:  2.78580  [38;2;180;60;0mgrad_norm:  0.8484  [38;2;54;234;195mmemory:  0.68GiB(0.49%)  [34mtps: 255  [36mtflops: 0.04  [35mmfu: 0.00%[39m
[titan] 2026-09-21 05:22:45,854 - torchtitan.observability.metrics - INFO - [31mstep: 94  [32mloss:  2.40922  [38;2;180;60;0mgrad_norm:  0.7125  [38;2;54;234;195mmemory:  0.68GiB(0.49%)  [34mtps: 256  [36mtflops: 0.04  [35mmfu: 0.00%[39m
[titan] 2026-09-21 05:22:49,876 - torchtitan.observability.metrics - INFO - [31mstep: 95  [32mloss:  2.50281  [38;2;180;60;0mgrad_norm:  0.7076  [38;2;54;234;195mmemory:  0.68GiB(0.49%)  [34mtps: 255  [36mtflops: 0.04  [35mmfu: 0.00%[39m
[titan] 2026-09-21 05:22:53,887 - torchtitan.observability.metrics - INFO - [31mstep: 96  [32mloss:  2.52596  [38;2;180;60;0mgrad_norm:  0.7592  [38;2;54;234;195mmemory:  0.68GiB(0.49%)  [34mtps: 255  [36mtflops: 0.04  [35mmfu: 0.00%[39m
[titan] 2026-09-21 05:22:58,211 - torchtitan.observability.metrics - INFO - [31mstep: 97  [32mloss:  2.34758  [38;2;180;60;0mgrad_norm:  0.9859  [38;2;54;234;195mmemory:  0.68GiB(0.49%)  [34mtps: 237  [36mtflops: 0.04  [35mmfu: 0.00%[39m
[titan] 2026-09-21 05:23:02,481 - torchtitan.observability.metrics - INFO - [31mstep: 98  [32mloss:  2.42608  [38;2;180;60;0mgrad_norm:  0.6858  [38;2;54;234;195mmemory:  0.68GiB(0.49%)  [34mtps: 240  [36mtflops: 0.04  [35mmfu: 0.00%[39m
[titan] 2026-09-21 05:23:06,787 - torchtitan.observability.metrics - INFO - [31mstep: 99  [32mloss:  2.66212  [38;2;180;60;0mgrad_norm:  0.6887  [38;2;54;234;195mmemory:  0.68GiB(0.49%)  [34mtps: 238  [36mtflops: 0.04  [35mmfu: 0.00%[39m
[titan] 2026-09-21 05:23:08,286 - torchtitan.tools.utils - INFO - [GC] Performing periodic GC collection took 1.49 seconds
[titan] 2026-09-21 05:23:12,599 - torchtitan.observability.metrics - INFO - [31mstep: 100  [32mloss:  2.50196  [38;2;180;60;0mgrad_norm:  0.8558  [38;2;54;234;195mmemory:  0.68GiB(0.49%)  [34mtps: 176  [36mtflops: 0.03  [35mmfu: 0.00%[39m
[titan] 2026-09-21 05:23:12,599 - torchtitan.components.checkpointer.dcp - INFO - Saving the checkpointer.
[titan] 2026-09-21 05:23:12,611 - torchtitan.components.checkpointer.dcp - INFO - Saving a model only checkpoint in torch.float32 at last step, step 100.
[titan] 2026-09-21 05:23:12,959 - torchtitan.tools.utils - INFO - [GC] GC collection invoked by checkpointer. took 0.03 seconds
[titan] 2026-09-21 05:23:12,959 - torchtitan.components.checkpointer.dcp - INFO - Last step checkpoint completed in 0.36s
[titan] 2026-09-21 05:23:12,960 - torchtitan.trainer - INFO - Sleeping 2 seconds for other ranks to complete
[titan] 2026-09-21 05:23:14,960 - torchtitan.trainer - INFO - Training completed
[titan] 2026-09-21 05:23:14,971 - torchtitan.components.checkpointer.base - INFO - Destroying the purge thread.
[titan] 2026-09-21 05:23:15,410 - __main__ - INFO - Process group destroyed
