W0921 08:31:50.495000 40687 torch/distributed/run.py:982] 
W0921 08:31:50.495000 40687 torch/distributed/run.py:982] *****************************************
W0921 08:31:50.495000 40687 torch/distributed/run.py:982] Setting OMP_NUM_THREADS environment variable for each process to be 1 in default, to avoid your system being overloaded, please further tune the variable for optimal performance in your application as needed. 
W0921 08:31:50.495000 40687 torch/distributed/run.py:982] *****************************************
WARNING:absl:Failed to load jax profiler: No module named 'jax'
WARNING:absl:Failed to load jax profiler: No module named 'jax'
[titan] 2026-09-21 08:31:55,623 - __main__ - INFO - torchtitan version: 0.0.0+unknown (0.0.0 means __version__ is not defined correctly).
[titan] 2026-09-21 08:31:55,787 - __main__ - INFO - torchtitan version: 0.0.0+unknown (0.0.0 means __version__ is not defined correctly).
[titan] 2026-09-21 08:31:56,193 - torchtitan.components.checkpointer.base - WARNING - initial_load_model_only=True has no effect without an initial_load_path.
[titan] 2026-09-21 08:31:56,275 - torchtitan.components.checkpointer.base - WARNING - initial_load_model_only=True has no effect without an initial_load_path.
[titan] 2026-09-21 08:31:56,277 - torchtitan.observability.structured_logger.jsonl_handler - INFO - Structured logging -> JSONL: /workspace/results/pp_r3/f32_vp2n_ra_xn/structured_logs/training.global_rank_1.20260921-083156-3RAC7B.jsonl
[titan] 2026-09-21 08:31:56,449 - torchtitan.components.checkpointer.base - WARNING - initial_load_model_only=True has no effect without an initial_load_path.
[titan] 2026-09-21 08:31:56,491 - torchtitan.distributed.utils - WARNING - ENV[TORCH_NCCL_ASYNC_ERROR_HANDLING] = 1 will be overridden to 3 based on job config
[titan] 2026-09-21 08:31:56,532 - torchtitan.components.checkpointer.base - WARNING - initial_load_model_only=True has no effect without an initial_load_path.
[titan] 2026-09-21 08:31:56,534 - torchtitan.observability.structured_logger.jsonl_handler - INFO - Structured logging -> JSONL: /workspace/results/pp_r3/f32_vp2n_ra_xn/structured_logs/training.global_rank_0.20260921-083156-8R323Y.jsonl
[titan] 2026-09-21 08:31:56,740 - torchtitan.distributed.utils - WARNING - ENV[TORCH_NCCL_ASYNC_ERROR_HANDLING] = 1 will be overridden to 3 based on job config
[titan] 2026-09-21 08:31:57,181 - torchtitan.tools.utils - INFO - [GC] Initial GC collection took 0.00 seconds
[titan] 2026-09-21 08:31:57,181 - torchtitan.distributed.utils - INFO - Deterministic algorithm enabled (expect perf degradation).
[titan] 2026-09-21 08:31:57,181 - torchtitan.tools.utils - INFO - [GC] Initial GC collection took 0.00 seconds
[titan] 2026-09-21 08:31:57,181 - torchtitan.distributed.utils - INFO - Deterministic algorithm enabled (expect perf degradation).
[titan] 2026-09-21 08:31:57,194 - torchtitan.distributed.parallel_dims - INFO - Building device mesh with parallelism: pp=2, dp_replicate=1, dp_shard=1, cp=1, tp=1, ep=1
[titan] 2026-09-21 08:31:57,195 - torchtitan.distributed.parallel_dims - INFO - Building device mesh with parallelism: pp=2, dp_replicate=1, dp_shard=1, cp=1, tp=1, ep=1
[titan] 2026-09-21 08:31:57,444 - torchtitan.distributed.parallel_dims - INFO - Successfully created meshes with active dimensions: ['pp']
[titan] 2026-09-21 08:31:57,444 - torchtitan.distributed.parallel_dims - INFO - Successfully created meshes with active dimensions: ['pp']
[titan] 2026-09-21 08:31:57,446 - torchtitan.observability.metrics - INFO - CUDA capacity: NVIDIA H200 with 139.80GiB memory
[titan] 2026-09-21 08:31:57,446 - torchtitan.observability.metrics - INFO - CUDA capacity: NVIDIA H200 with 139.80GiB memory
[titan] 2026-09-21 08:31:57,458 - torchtitan.tools.utils - WARNING - Error running lspci: [Errno 2] No such file or directory: 'lspci', fallback to use device_name
[titan] 2026-09-21 08:31:57,458 - torchtitan.tools.utils - WARNING - Error running lspci: [Errno 2] No such file or directory: 'lspci', fallback to use device_name
[titan] 2026-09-21 08:31:57,459 - torchtitan.components.tokenizer - INFO - Loading tokenizer from tokenizer.json
[titan] 2026-09-21 08:31:57,459 - torchtitan.components.tokenizer - INFO - Loading tokenizer from tokenizer.json
[titan] 2026-09-21 08:31:58,212 - httpx - INFO - HTTP Request: HEAD https://s3.amazonaws.com/datasets.huggingface.co/datasets/datasets/json/json.py "HTTP/1.1 200 OK"
[titan] 2026-09-21 08:31:58,223 - torchtitan.protocols.state_dict_adapter - WARNING - model.safetensors.index.json not found at hf_assets_path: ./tests/assets/tokenizer/model.safetensors.index.json.                     Defaulting to saving a single safetensors file if checkpoint is saved in HF format
[titan] 2026-09-21 08:31:58,242 - httpx - INFO - HTTP Request: HEAD https://s3.amazonaws.com/datasets.huggingface.co/datasets/datasets/json/json.py "HTTP/1.1 200 OK"
[titan] 2026-09-21 08:31:58,252 - torchtitan.protocols.state_dict_adapter - WARNING - model.safetensors.index.json not found at hf_assets_path: ./tests/assets/tokenizer/model.safetensors.index.json.                     Defaulting to saving a single safetensors file if checkpoint is saved in HF format
[titan] 2026-09-21 08:31:58,336 - torchtitan.models.utils - INFO - Total parameter count: 25,776,880, active parameters: 17,236,208
[titan] 2026-09-21 08:31:58,372 - torchtitan.models.utils - INFO - Total parameter count: 25,776,880, active parameters: 17,236,208
[rank0]:W0921 08:31:58.404000 40756 torch/_logging/_internal.py:1394] Pipeline parallelism is using an eager NCCL communicator. Consider creating its process group with backend="nccl-lazy" so peer communicators are initialized lazily and traffic to different peers can overlap.
[titan] 2026-09-21 08:31:58,405 - torchtitan.distributed.pipeline_parallel - INFO - PP rank 0 is building stage_idx 0 with modules ['vision_encoder', 'tok_embeddings', 'layers.0', 'layers.1', 'layers.2', 'layers.3']
[rank1]:W0921 08:31:58.441000 40757 torch/_logging/_internal.py:1394] Pipeline parallelism is using an eager NCCL communicator. Consider creating its process group with backend="nccl-lazy" so peer communicators are initialized lazily and traffic to different peers can overlap.
[titan] 2026-09-21 08:31:58,442 - torchtitan.distributed.pipeline_parallel - INFO - PP rank 1 is building stage_idx 1 with modules ['layers.4', 'layers.5', 'layers.6', 'layers.7', 'layers.8']
[titan] 2026-09-21 08:31:58,471 - torchtitan.distributed.pipeline_parallel - INFO - PP rank 0 is building stage_idx 2 with modules ['layers.9', 'layers.10', 'layers.11', 'layers.12', 'layers.13']
[titan] 2026-09-21 08:31:58,496 - torchtitan.distributed.activation_checkpoint - INFO - Applied SelectiveAC activation checkpointing to the model
[titan] 2026-09-21 08:31:58,496 - torchtitan.distributed.activation_checkpoint - INFO - Applied SelectiveAC activation checkpointing to the model
[titan] 2026-09-21 08:31:58,508 - torchtitan.distributed.pipeline_parallel - INFO - PP rank 1 is building stage_idx 3 with modules ['layers.14', 'layers.15', 'layers.16', 'norm', 'lm_head', 'output_res_proj', 'output_res_norm']
[titan] 2026-09-21 08:31:58,529 - torchtitan.distributed.activation_checkpoint - INFO - Applied SelectiveAC activation checkpointing to the model
[titan] 2026-09-21 08:31:58,574 - torchtitan.distributed.fsdp - INFO - Applied FSDP to the model
[titan] 2026-09-21 08:31:58,589 - torchtitan.distributed.fsdp - INFO - Applied FSDP to the model
[titan] 2026-09-21 08:31:58,591 - torchtitan.distributed.activation_checkpoint - INFO - Applied SelectiveAC activation checkpointing to the model
[titan] 2026-09-21 08:31:58,599 - torchtitan.distributed.activation_checkpoint - INFO - Applied SelectiveAC activation checkpointing to the model
[titan] 2026-09-21 08:31:58,612 - torchtitan.distributed.fsdp - INFO - Applied FSDP to the model
[titan] 2026-09-21 08:31:58,613 - torchtitan.distributed.pipeline_parallel - INFO - Using pipeline schedule Interleaved1F1B with 4 microbatches and 4 stages.
[titan] 2026-09-21 08:31:58,613 - torchtitan.models.kimi_k3.pipeline_parallel - INFO - Kimi K3 pipeline: 2 stage(s) on this rank [0, 2], block transport whole stack every hop
[titan] 2026-09-21 08:31:58,614 - torchtitan.distributed.fsdp - INFO - Applied FSDP to the model
[titan] 2026-09-21 08:31:58,615 - torchtitan.distributed.pipeline_parallel - INFO - Using pipeline schedule Interleaved1F1B with 4 microbatches and 4 stages.
[titan] 2026-09-21 08:31:58,615 - torchtitan.models.kimi_k3.pipeline_parallel - INFO - Kimi K3 pipeline: 2 stage(s) on this rank [1, 3], block transport whole stack every hop
[rank1]:W0921 08:31:58.868000 40757 torch/distributed/tensor/_random.py:215] DTensor is synchronizing RNG states of every rank with the state from rank 0. This behavior is deprecated. Please call `torch.manual_seed()` on every rank that participates in SPMD DTensor Operations with the same seed. If using Pipeline Parallelism, each pipeline state would use a different seed, but all ranks belonging to one pipeline stage would use the same seed.
[titan] 2026-09-21 08:31:59,142 - torchtitan.training_engine - INFO - Model kimi_k3 debugmodel size: 25,776,880 total parameters
[titan] 2026-09-21 08:31:59,144 - torchtitan.components.optimizer.optimizer - INFO - Optimizer AdamW (model_part=0): 139 params [.*] {'fused': True, 'foreach': False, 'lr': 0.0008, 'betas': (0.9, 0.95), 'eps': 1e-08, 'weight_decay': 0.1}
[titan] 2026-09-21 08:31:59,144 - torchtitan.components.optimizer.optimizer - INFO - Optimizer AdamW (model_part=1): 79 params [.*] {'fused': True, 'foreach': False, 'lr': 0.0008, 'betas': (0.9, 0.95), 'eps': 1e-08, 'weight_decay': 0.1}
[titan] 2026-09-21 08:31:59,146 - torchtitan.components.checkpointer.base - WARNING - initial_load_model_only=True has no effect without an initial_load_path.
[titan] 2026-09-21 08:31:59,166 - torchtitan.components.checkpointer.dcp - INFO - Checkpointing active. Checkpoints will be loaded from and saved to /workspace/results/pp_r3/f32_vp2n_ra_xn/checkpoint
[titan] 2026-09-21 08:31:59,166 - torchtitan.observability.metrics - WARNING - [31mPipeline Parallel loss is not visible. Please add [33mrank 1[31m to LOG_RANK environment variable in run_train.sh.[39m
[titan] 2026-09-21 08:31:59,166 - torchtitan.trainer - INFO - Peak FLOPS used for computing MFU: 9.890e+14
[titan] 2026-09-21 08:31:59,167 - torchtitan.trainer - INFO - CUDA memory usage for model: 0.06GiB(0.04%)
[titan] 2026-09-21 08:31:59,167 - torchtitan.trainer - INFO - Trainer is initialized with 1024 tokens per DP rank, 1024 tokens per train step, gradient accumulation steps 1, maximum context length 2048, total steps 100 (warmup 2)
[titan] 2026-09-21 08:31:59,167 - torchtitan.components.checkpointer.base - INFO - Loading the checkpoint from /workspace/results/pp_r3/f32_vp2n_ra_xn/checkpoint/step-0.
[titan] 2026-09-21 08:31:59,231 - torchtitan.training_engine - INFO - Model kimi_k3 debugmodel size: 25,776,880 total parameters
[titan] 2026-09-21 08:31:59,232 - torchtitan.components.optimizer.optimizer - INFO - Optimizer AdamW (model_part=0): 124 params [.*] {'fused': True, 'foreach': False, 'lr': 0.0008, 'betas': (0.9, 0.95), 'eps': 1e-08, 'weight_decay': 0.1}
[titan] 2026-09-21 08:31:59,233 - torchtitan.components.optimizer.optimizer - INFO - Optimizer AdamW (model_part=1): 139 params [.*] {'fused': True, 'foreach': False, 'lr': 0.0008, 'betas': (0.9, 0.95), 'eps': 1e-08, 'weight_decay': 0.1}
[titan] 2026-09-21 08:31:59,235 - torchtitan.components.checkpointer.base - WARNING - initial_load_model_only=True has no effect without an initial_load_path.
[titan] 2026-09-21 08:31:59,257 - torchtitan.components.checkpointer.dcp - INFO - Checkpointing active. Checkpoints will be loaded from and saved to /workspace/results/pp_r3/f32_vp2n_ra_xn/checkpoint
[titan] 2026-09-21 08:31:59,258 - torchtitan.observability.metrics - WARNING - [31mPipeline Parallel loss is not visible. Please add [33mrank 1[31m to LOG_RANK environment variable in run_train.sh.[39m
[titan] 2026-09-21 08:31:59,258 - torchtitan.trainer - INFO - Peak FLOPS used for computing MFU: 9.890e+14
[titan] 2026-09-21 08:31:59,258 - torchtitan.trainer - INFO - CUDA memory usage for model: 0.07GiB(0.05%)
[titan] 2026-09-21 08:31:59,258 - torchtitan.trainer - INFO - Trainer is initialized with 1024 tokens per DP rank, 1024 tokens per train step, gradient accumulation steps 1, maximum context length 2048, total steps 100 (warmup 2)
[titan] 2026-09-21 08:31:59,258 - torchtitan.components.checkpointer.base - INFO - Loading the checkpoint from /workspace/results/pp_r3/f32_vp2n_ra_xn/checkpoint/step-0.
[titan] 2026-09-21 08:31:59,652 - torchtitan.tools.utils - INFO - [GC] GC collection for checkpoint loading. took 0.01 seconds
[titan] 2026-09-21 08:31:59,652 - torchtitan.components.checkpointer.base - INFO - Finished loading the checkpoint in 0.48 seconds.
[titan] 2026-09-21 08:31:59,652 - torchtitan.trainer - INFO - Training starts at step 1
[titan] 2026-09-21 08:31:59,663 - torchtitan.tools.utils - INFO - [GC] GC collection for checkpoint loading. took 0.01 seconds
[titan] 2026-09-21 08:31:59,663 - torchtitan.components.checkpointer.base - INFO - Finished loading the checkpoint in 0.40 seconds.
[titan] 2026-09-21 08:31:59,663 - torchtitan.trainer - INFO - Training starts at step 1
/workspace/venv_k3/lib/python3.12/site-packages/torch/distributed/fsdp/_fully_shard/_fsdp_state.py:336: UserWarning: FSDP2-wrapped module (FSDPCheckpointWrapper) returned a view tensor. An in-place op on this view (e.g., `x += y`) will silently drop the pre-backward hook and skip the all-gather, which can cause backward to fail or produce wrong gradients. Use out-of-place ops (`out = out + y`, not `out += y`) or `.clone()` the output before any in-place op.
  output = self._register_pre_backward_hook(output)
/workspace/venv_k3/lib/python3.12/site-packages/torch/distributed/fsdp/_fully_shard/_fsdp_state.py:336: UserWarning: FSDP2-wrapped module (FSDPCheckpointWrapper) returned a view tensor. An in-place op on this view (e.g., `x += y`) will silently drop the pre-backward hook and skip the all-gather, which can cause backward to fail or produce wrong gradients. Use out-of-place ops (`out = out + y`, not `out += y`) or `.clone()` the output before any in-place op.
  output = self._register_pre_backward_hook(output)
/workspace/venv_k3/lib/python3.12/site-packages/torch/distributed/fsdp/_fully_shard/_fsdp_state.py:336: UserWarning: FSDP2-wrapped module (FSDPKimiK3Model) returned a view tensor. An in-place op on this view (e.g., `x += y`) will silently drop the pre-backward hook and skip the all-gather, which can cause backward to fail or produce wrong gradients. Use out-of-place ops (`out = out + y`, not `out += y`) or `.clone()` the output before any in-place op.
  output = self._register_pre_backward_hook(output)
/workspace/venv_k3/lib/python3.12/site-packages/torch/distributed/fsdp/_fully_shard/_fsdp_state.py:336: UserWarning: FSDP2-wrapped module (FSDPCheckpointWrapper) returned a view tensor. An in-place op on this view (e.g., `x += y`) will silently drop the pre-backward hook and skip the all-gather, which can cause backward to fail or produce wrong gradients. Use out-of-place ops (`out = out + y`, not `out += y`) or `.clone()` the output before any in-place op.
  output = self._register_pre_backward_hook(output)
/workspace/venv_k3/lib/python3.12/site-packages/torch/distributed/fsdp/_fully_shard/_fsdp_state.py:336: UserWarning: FSDP2-wrapped module (FSDPCheckpointWrapper) returned a view tensor. An in-place op on this view (e.g., `x += y`) will silently drop the pre-backward hook and skip the all-gather, which can cause backward to fail or produce wrong gradients. Use out-of-place ops (`out = out + y`, not `out += y`) or `.clone()` the output before any in-place op.
  output = self._register_pre_backward_hook(output)
[titan] 2026-09-21 08:32:08,482 - torchtitan.observability.metrics - INFO - [31mstep:  1  [32mloss:  8.05530  [38;2;180;60;0mgrad_norm:  2.1551  [38;2;54;234;195mmemory:  0.40GiB(0.28%)  [34mtps: 46  [36mtflops: 0.01  [35mmfu: 0.00%[39m
[titan] 2026-09-21 08:32:08,483 - torchtitan.distributed.utils - INFO - Synchronizing and adjusting timeout for all ProcessGroups to 0:01:40
[titan] 2026-09-21 08:32:08,525 - torchtitan.observability.metrics - INFO - [31mstep:  1  [32mloss: -1.00000  [38;2;180;60;0mgrad_norm:  2.1551  [38;2;54;234;195mmemory:  0.47GiB(0.34%)  [34mtps: 46  [36mtflops: 0.01  [35mmfu: 0.00%[39m
[titan] 2026-09-21 08:32:08,525 - torchtitan.distributed.utils - INFO - Synchronizing and adjusting timeout for all ProcessGroups to 0:01:40
[titan] 2026-09-21 08:32:10,781 - torchtitan.observability.metrics - INFO - [31mstep:  2  [32mloss:  6.93207  [38;2;180;60;0mgrad_norm:  7.5879  [38;2;54;234;195mmemory:  0.47GiB(0.34%)  [34mtps: 223  [36mtflops: 0.03  [35mmfu: 0.00%[39m
[titan] 2026-09-21 08:32:10,781 - torchtitan.observability.metrics - INFO - [31mstep:  2  [32mloss: -1.00000  [38;2;180;60;0mgrad_norm:  7.5879  [38;2;54;234;195mmemory:  0.55GiB(0.40%)  [34mtps: 227  [36mtflops: 0.04  [35mmfu: 0.00%[39m
[titan] 2026-09-21 08:32:13,016 - torchtitan.observability.metrics - INFO - [31mstep:  3  [32mloss:  5.71794  [38;2;180;60;0mgrad_norm:  3.4123  [38;2;54;234;195mmemory:  0.47GiB(0.34%)  [34mtps: 229  [36mtflops: 0.04  [35mmfu: 0.00%[39m
[titan] 2026-09-21 08:32:13,017 - torchtitan.observability.metrics - INFO - [31mstep:  3  [32mloss: -1.00000  [38;2;180;60;0mgrad_norm:  3.4123  [38;2;54;234;195mmemory:  0.56GiB(0.40%)  [34mtps: 229  [36mtflops: 0.04  [35mmfu: 0.00%[39m
[titan] 2026-09-21 08:32:15,262 - torchtitan.observability.metrics - INFO - [31mstep:  4  [32mloss:  5.12776  [38;2;180;60;0mgrad_norm:  3.0070  [38;2;54;234;195mmemory:  0.47GiB(0.34%)  [34mtps: 228  [36mtflops: 0.04  [35mmfu: 0.00%[39m
[titan] 2026-09-21 08:32:15,262 - torchtitan.observability.metrics - INFO - [31mstep:  4  [32mloss: -1.00000  [38;2;180;60;0mgrad_norm:  3.0070  [38;2;54;234;195mmemory:  0.56GiB(0.40%)  [34mtps: 228  [36mtflops: 0.04  [35mmfu: 0.00%[39m
[titan] 2026-09-21 08:32:17,509 - torchtitan.observability.metrics - INFO - [31mstep:  5  [32mloss: -1.00000  [38;2;180;60;0mgrad_norm:  2.5195  [38;2;54;234;195mmemory:  0.56GiB(0.40%)  [34mtps: 228  [36mtflops: 0.04  [35mmfu: 0.00%[39m
[titan] 2026-09-21 08:32:17,509 - torchtitan.observability.metrics - INFO - [31mstep:  5  [32mloss:  4.31831  [38;2;180;60;0mgrad_norm:  2.5195  [38;2;54;234;195mmemory:  0.47GiB(0.34%)  [34mtps: 228  [36mtflops: 0.04  [35mmfu: 0.00%[39m
[titan] 2026-09-21 08:32:19,743 - torchtitan.observability.metrics - INFO - [31mstep:  6  [32mloss:  4.13339  [38;2;180;60;0mgrad_norm:  2.1229  [38;2;54;234;195mmemory:  0.47GiB(0.34%)  [34mtps: 229  [36mtflops: 0.04  [35mmfu: 0.00%[39m
[titan] 2026-09-21 08:32:19,743 - torchtitan.observability.metrics - INFO - [31mstep:  6  [32mloss: -1.00000  [38;2;180;60;0mgrad_norm:  2.1229  [38;2;54;234;195mmemory:  0.56GiB(0.40%)  [34mtps: 229  [36mtflops: 0.04  [35mmfu: 0.00%[39m
[titan] 2026-09-21 08:32:22,087 - torchtitan.observability.metrics - INFO - [31mstep:  7  [32mloss:  3.93748  [38;2;180;60;0mgrad_norm:  1.8776  [38;2;54;234;195mmemory:  0.47GiB(0.34%)  [34mtps: 218  [36mtflops: 0.03  [35mmfu: 0.00%[39m
[titan] 2026-09-21 08:32:22,088 - torchtitan.observability.metrics - INFO - [31mstep:  7  [32mloss: -1.00000  [38;2;180;60;0mgrad_norm:  1.8776  [38;2;54;234;195mmemory:  0.56GiB(0.40%)  [34mtps: 218  [36mtflops: 0.03  [35mmfu: 0.00%[39m
[titan] 2026-09-21 08:32:24,329 - torchtitan.observability.metrics - INFO - [31mstep:  8  [32mloss:  3.65482  [38;2;180;60;0mgrad_norm:  1.6252  [38;2;54;234;195mmemory:  0.47GiB(0.34%)  [34mtps: 228  [36mtflops: 0.04  [35mmfu: 0.00%[39m
[titan] 2026-09-21 08:32:24,329 - torchtitan.observability.metrics - INFO - [31mstep:  8  [32mloss: -1.00000  [38;2;180;60;0mgrad_norm:  1.6252  [38;2;54;234;195mmemory:  0.56GiB(0.40%)  [34mtps: 228  [36mtflops: 0.04  [35mmfu: 0.00%[39m
[titan] 2026-09-21 08:32:26,566 - torchtitan.observability.metrics - INFO - [31mstep:  9  [32mloss:  3.70912  [38;2;180;60;0mgrad_norm:  1.5673  [38;2;54;234;195mmemory:  0.47GiB(0.34%)  [34mtps: 229  [36mtflops: 0.04  [35mmfu: 0.00%[39m
[titan] 2026-09-21 08:32:26,566 - torchtitan.observability.metrics - INFO - [31mstep:  9  [32mloss: -1.00000  [38;2;180;60;0mgrad_norm:  1.5673  [38;2;54;234;195mmemory:  0.56GiB(0.40%)  [34mtps: 229  [36mtflops: 0.04  [35mmfu: 0.00%[39m
[titan] 2026-09-21 08:32:28,805 - torchtitan.observability.metrics - INFO - [31mstep: 10  [32mloss:  3.40558  [38;2;180;60;0mgrad_norm:  1.2746  [38;2;54;234;195mmemory:  0.47GiB(0.34%)  [34mtps: 229  [36mtflops: 0.04  [35mmfu: 0.00%[39m
[titan] 2026-09-21 08:32:28,805 - torchtitan.observability.metrics - INFO - [31mstep: 10  [32mloss: -1.00000  [38;2;180;60;0mgrad_norm:  1.2746  [38;2;54;234;195mmemory:  0.56GiB(0.40%)  [34mtps: 229  [36mtflops: 0.04  [35mmfu: 0.00%[39m
[titan] 2026-09-21 08:32:31,044 - torchtitan.observability.metrics - INFO - [31mstep: 11  [32mloss: -1.00000  [38;2;180;60;0mgrad_norm:  1.1342  [38;2;54;234;195mmemory:  0.56GiB(0.40%)  [34mtps: 229  [36mtflops: 0.04  [35mmfu: 0.00%[39m
[titan] 2026-09-21 08:32:31,044 - torchtitan.observability.metrics - INFO - [31mstep: 11  [32mloss:  3.27331  [38;2;180;60;0mgrad_norm:  1.1342  [38;2;54;234;195mmemory:  0.47GiB(0.34%)  [34mtps: 229  [36mtflops: 0.04  [35mmfu: 0.00%[39m
[titan] 2026-09-21 08:32:33,297 - torchtitan.observability.metrics - INFO - [31mstep: 12  [32mloss: -1.00000  [38;2;180;60;0mgrad_norm:  1.1092  [38;2;54;234;195mmemory:  0.56GiB(0.40%)  [34mtps: 227  [36mtflops: 0.04  [35mmfu: 0.00%[39m
[titan] 2026-09-21 08:32:33,297 - torchtitan.observability.metrics - INFO - [31mstep: 12  [32mloss:  3.65391  [38;2;180;60;0mgrad_norm:  1.1092  [38;2;54;234;195mmemory:  0.47GiB(0.34%)  [34mtps: 227  [36mtflops: 0.04  [35mmfu: 0.00%[39m
[titan] 2026-09-21 08:32:35,543 - torchtitan.observability.metrics - INFO - [31mstep: 13  [32mloss:  3.16808  [38;2;180;60;0mgrad_norm:  1.1893  [38;2;54;234;195mmemory:  0.47GiB(0.34%)  [34mtps: 228  [36mtflops: 0.04  [35mmfu: 0.00%[39m
[titan] 2026-09-21 08:32:35,544 - torchtitan.observability.metrics - INFO - [31mstep: 13  [32mloss: -1.00000  [38;2;180;60;0mgrad_norm:  1.1893  [38;2;54;234;195mmemory:  0.56GiB(0.40%)  [34mtps: 228  [36mtflops: 0.04  [35mmfu: 0.00%[39m
[titan] 2026-09-21 08:32:37,796 - torchtitan.observability.metrics - INFO - [31mstep: 14  [32mloss:  3.41907  [38;2;180;60;0mgrad_norm:  1.1502  [38;2;54;234;195mmemory:  0.47GiB(0.34%)  [34mtps: 227  [36mtflops: 0.04  [35mmfu: 0.00%[39m
[titan] 2026-09-21 08:32:37,797 - torchtitan.observability.metrics - INFO - [31mstep: 14  [32mloss: -1.00000  [38;2;180;60;0mgrad_norm:  1.1502  [38;2;54;234;195mmemory:  0.56GiB(0.40%)  [34mtps: 227  [36mtflops: 0.04  [35mmfu: 0.00%[39m
[titan] 2026-09-21 08:32:40,041 - torchtitan.observability.metrics - INFO - [31mstep: 15  [32mloss:  3.10301  [38;2;180;60;0mgrad_norm:  1.2589  [38;2;54;234;195mmemory:  0.47GiB(0.34%)  [34mtps: 228  [36mtflops: 0.04  [35mmfu: 0.00%[39m
[titan] 2026-09-21 08:32:40,041 - torchtitan.observability.metrics - INFO - [31mstep: 15  [32mloss: -1.00000  [38;2;180;60;0mgrad_norm:  1.2589  [38;2;54;234;195mmemory:  0.56GiB(0.40%)  [34mtps: 228  [36mtflops: 0.04  [35mmfu: 0.00%[39m
[titan] 2026-09-21 08:32:42,305 - torchtitan.observability.metrics - INFO - [31mstep: 16  [32mloss: -1.00000  [38;2;180;60;0mgrad_norm:  1.0248  [38;2;54;234;195mmemory:  0.56GiB(0.40%)  [34mtps: 226  [36mtflops: 0.04  [35mmfu: 0.00%[39m
[titan] 2026-09-21 08:32:42,305 - torchtitan.observability.metrics - INFO - [31mstep: 16  [32mloss:  3.15717  [38;2;180;60;0mgrad_norm:  1.0248  [38;2;54;234;195mmemory:  0.47GiB(0.34%)  [34mtps: 226  [36mtflops: 0.04  [35mmfu: 0.00%[39m
[titan] 2026-09-21 08:32:44,553 - torchtitan.observability.metrics - INFO - [31mstep: 17  [32mloss: -1.00000  [38;2;180;60;0mgrad_norm:  1.0080  [38;2;54;234;195mmemory:  0.56GiB(0.40%)  [34mtps: 228  [36mtflops: 0.04  [35mmfu: 0.00%[39m
[titan] 2026-09-21 08:32:44,553 - torchtitan.observability.metrics - INFO - [31mstep: 17  [32mloss:  2.98164  [38;2;180;60;0mgrad_norm:  1.0080  [38;2;54;234;195mmemory:  0.47GiB(0.34%)  [34mtps: 228  [36mtflops: 0.04  [35mmfu: 0.00%[39m
[titan] 2026-09-21 08:32:46,797 - torchtitan.observability.metrics - INFO - [31mstep: 18  [32mloss:  3.04725  [38;2;180;60;0mgrad_norm:  0.7062  [38;2;54;234;195mmemory:  0.47GiB(0.34%)  [34mtps: 228  [36mtflops: 0.04  [35mmfu: 0.00%[39m
[titan] 2026-09-21 08:32:46,797 - torchtitan.observability.metrics - INFO - [31mstep: 18  [32mloss: -1.00000  [38;2;180;60;0mgrad_norm:  0.7062  [38;2;54;234;195mmemory:  0.56GiB(0.40%)  [34mtps: 228  [36mtflops: 0.04  [35mmfu: 0.00%[39m
[titan] 2026-09-21 08:32:49,047 - torchtitan.observability.metrics - INFO - [31mstep: 19  [32mloss: -1.00000  [38;2;180;60;0mgrad_norm:  0.7821  [38;2;54;234;195mmemory:  0.56GiB(0.40%)  [34mtps: 228  [36mtflops: 0.04  [35mmfu: 0.00%[39m
[titan] 2026-09-21 08:32:49,047 - torchtitan.observability.metrics - INFO - [31mstep: 19  [32mloss:  2.73954  [38;2;180;60;0mgrad_norm:  0.7821  [38;2;54;234;195mmemory:  0.47GiB(0.34%)  [34mtps: 228  [36mtflops: 0.04  [35mmfu: 0.00%[39m
[titan] 2026-09-21 08:32:51,294 - torchtitan.observability.metrics - INFO - [31mstep: 20  [32mloss:  2.91688  [38;2;180;60;0mgrad_norm:  0.9368  [38;2;54;234;195mmemory:  0.47GiB(0.34%)  [34mtps: 228  [36mtflops: 0.04  [35mmfu: 0.00%[39m
[titan] 2026-09-21 08:32:51,294 - torchtitan.observability.metrics - INFO - [31mstep: 20  [32mloss: -1.00000  [38;2;180;60;0mgrad_norm:  0.9368  [38;2;54;234;195mmemory:  0.56GiB(0.40%)  [34mtps: 228  [36mtflops: 0.04  [35mmfu: 0.00%[39m
[titan] 2026-09-21 08:32:53,537 - torchtitan.observability.metrics - INFO - [31mstep: 21  [32mloss:  3.09974  [38;2;180;60;0mgrad_norm:  0.7576  [38;2;54;234;195mmemory:  0.47GiB(0.34%)  [34mtps: 228  [36mtflops: 0.04  [35mmfu: 0.00%[39m
[titan] 2026-09-21 08:32:53,537 - torchtitan.observability.metrics - INFO - [31mstep: 21  [32mloss: -1.00000  [38;2;180;60;0mgrad_norm:  0.7576  [38;2;54;234;195mmemory:  0.56GiB(0.40%)  [34mtps: 228  [36mtflops: 0.04  [35mmfu: 0.00%[39m
[titan] 2026-09-21 08:32:55,774 - torchtitan.observability.metrics - INFO - [31mstep: 22  [32mloss:  2.85685  [38;2;180;60;0mgrad_norm:  1.0292  [38;2;54;234;195mmemory:  0.47GiB(0.34%)  [34mtps: 229  [36mtflops: 0.04  [35mmfu: 0.00%[39m
[titan] 2026-09-21 08:32:55,774 - torchtitan.observability.metrics - INFO - [31mstep: 22  [32mloss: -1.00000  [38;2;180;60;0mgrad_norm:  1.0292  [38;2;54;234;195mmemory:  0.56GiB(0.40%)  [34mtps: 229  [36mtflops: 0.04  [35mmfu: 0.00%[39m
[titan] 2026-09-21 08:32:58,018 - torchtitan.observability.metrics - INFO - [31mstep: 23  [32mloss:  2.67028  [38;2;180;60;0mgrad_norm:  0.7379  [38;2;54;234;195mmemory:  0.47GiB(0.34%)  [34mtps: 228  [36mtflops: 0.04  [35mmfu: 0.00%[39m
[titan] 2026-09-21 08:32:58,018 - torchtitan.observability.metrics - INFO - [31mstep: 23  [32mloss: -1.00000  [38;2;180;60;0mgrad_norm:  0.7379  [38;2;54;234;195mmemory:  0.56GiB(0.40%)  [34mtps: 228  [36mtflops: 0.04  [35mmfu: 0.00%[39m
[titan] 2026-09-21 08:33:00,258 - torchtitan.observability.metrics - INFO - [31mstep: 24  [32mloss:  2.89150  [38;2;180;60;0mgrad_norm:  1.0465  [38;2;54;234;195mmemory:  0.47GiB(0.34%)  [34mtps: 229  [36mtflops: 0.04  [35mmfu: 0.00%[39m
[titan] 2026-09-21 08:33:00,259 - torchtitan.observability.metrics - INFO - [31mstep: 24  [32mloss: -1.00000  [38;2;180;60;0mgrad_norm:  1.0465  [38;2;54;234;195mmemory:  0.56GiB(0.40%)  [34mtps: 229  [36mtflops: 0.04  [35mmfu: 0.00%[39m
[titan] 2026-09-21 08:33:02,500 - torchtitan.observability.metrics - INFO - [31mstep: 25  [32mloss: -1.00000  [38;2;180;60;0mgrad_norm:  1.0403  [38;2;54;234;195mmemory:  0.56GiB(0.40%)  [34mtps: 228  [36mtflops: 0.04  [35mmfu: 0.00%[39m
[titan] 2026-09-21 08:33:02,500 - torchtitan.observability.metrics - INFO - [31mstep: 25  [32mloss:  3.15168  [38;2;180;60;0mgrad_norm:  1.0403  [38;2;54;234;195mmemory:  0.47GiB(0.34%)  [34mtps: 228  [36mtflops: 0.04  [35mmfu: 0.00%[39m
[titan] 2026-09-21 08:33:04,736 - torchtitan.observability.metrics - INFO - [31mstep: 26  [32mloss:  2.69080  [38;2;180;60;0mgrad_norm:  1.1171  [38;2;54;234;195mmemory:  0.47GiB(0.34%)  [34mtps: 229  [36mtflops: 0.04  [35mmfu: 0.00%[39m
[titan] 2026-09-21 08:33:04,736 - torchtitan.observability.metrics - INFO - [31mstep: 26  [32mloss: -1.00000  [38;2;180;60;0mgrad_norm:  1.1171  [38;2;54;234;195mmemory:  0.56GiB(0.40%)  [34mtps: 229  [36mtflops: 0.04  [35mmfu: 0.00%[39m
[titan] 2026-09-21 08:33:06,993 - torchtitan.observability.metrics - INFO - [31mstep: 27  [32mloss:  2.81813  [38;2;180;60;0mgrad_norm:  0.8562  [38;2;54;234;195mmemory:  0.47GiB(0.34%)  [34mtps: 227  [36mtflops: 0.04  [35mmfu: 0.00%[39m
[titan] 2026-09-21 08:33:06,994 - torchtitan.observability.metrics - INFO - [31mstep: 27  [32mloss: -1.00000  [38;2;180;60;0mgrad_norm:  0.8562  [38;2;54;234;195mmemory:  0.56GiB(0.40%)  [34mtps: 227  [36mtflops: 0.04  [35mmfu: 0.00%[39m
[titan] 2026-09-21 08:33:09,240 - torchtitan.observability.metrics - INFO - [31mstep: 28  [32mloss:  2.94185  [38;2;180;60;0mgrad_norm:  1.0108  [38;2;54;234;195mmemory:  0.47GiB(0.34%)  [34mtps: 228  [36mtflops: 0.04  [35mmfu: 0.00%[39m
[titan] 2026-09-21 08:33:09,240 - torchtitan.observability.metrics - INFO - [31mstep: 28  [32mloss: -1.00000  [38;2;180;60;0mgrad_norm:  1.0108  [38;2;54;234;195mmemory:  0.56GiB(0.40%)  [34mtps: 228  [36mtflops: 0.04  [35mmfu: 0.00%[39m
[titan] 2026-09-21 08:33:11,478 - torchtitan.observability.metrics - INFO - [31mstep: 29  [32mloss:  2.65067  [38;2;180;60;0mgrad_norm:  0.9880  [38;2;54;234;195mmemory:  0.47GiB(0.34%)  [34mtps: 229  [36mtflops: 0.04  [35mmfu: 0.00%[39m
[titan] 2026-09-21 08:33:11,478 - torchtitan.observability.metrics - INFO - [31mstep: 29  [32mloss: -1.00000  [38;2;180;60;0mgrad_norm:  0.9880  [38;2;54;234;195mmemory:  0.56GiB(0.40%)  [34mtps: 229  [36mtflops: 0.04  [35mmfu: 0.00%[39m
[titan] 2026-09-21 08:33:13,715 - torchtitan.observability.metrics - INFO - [31mstep: 30  [32mloss: -1.00000  [38;2;180;60;0mgrad_norm:  0.9187  [38;2;54;234;195mmemory:  0.56GiB(0.40%)  [34mtps: 229  [36mtflops: 0.04  [35mmfu: 0.00%[39m
[titan] 2026-09-21 08:33:13,716 - torchtitan.observability.metrics - INFO - [31mstep: 30  [32mloss:  2.92601  [38;2;180;60;0mgrad_norm:  0.9187  [38;2;54;234;195mmemory:  0.47GiB(0.34%)  [34mtps: 229  [36mtflops: 0.04  [35mmfu: 0.00%[39m
[titan] 2026-09-21 08:33:15,948 - torchtitan.observability.metrics - INFO - [31mstep: 31  [32mloss:  2.73083  [38;2;180;60;0mgrad_norm:  0.9374  [38;2;54;234;195mmemory:  0.47GiB(0.34%)  [34mtps: 229  [36mtflops: 0.04  [35mmfu: 0.00%[39m
[titan] 2026-09-21 08:33:15,948 - torchtitan.observability.metrics - INFO - [31mstep: 31  [32mloss: -1.00000  [38;2;180;60;0mgrad_norm:  0.9374  [38;2;54;234;195mmemory:  0.56GiB(0.40%)  [34mtps: 229  [36mtflops: 0.04  [35mmfu: 0.00%[39m
[titan] 2026-09-21 08:33:18,192 - torchtitan.observability.metrics - INFO - [31mstep: 32  [32mloss:  2.78591  [38;2;180;60;0mgrad_norm:  0.7500  [38;2;54;234;195mmemory:  0.47GiB(0.34%)  [34mtps: 228  [36mtflops: 0.04  [35mmfu: 0.00%[39m
[titan] 2026-09-21 08:33:18,194 - torchtitan.observability.metrics - INFO - [31mstep: 32  [32mloss: -1.00000  [38;2;180;60;0mgrad_norm:  0.7500  [38;2;54;234;195mmemory:  0.56GiB(0.40%)  [34mtps: 228  [36mtflops: 0.04  [35mmfu: 0.00%[39m
[titan] 2026-09-21 08:33:20,440 - torchtitan.observability.metrics - INFO - [31mstep: 33  [32mloss:  2.53864  [38;2;180;60;0mgrad_norm:  0.7706  [38;2;54;234;195mmemory:  0.47GiB(0.34%)  [34mtps: 228  [36mtflops: 0.04  [35mmfu: 0.00%[39m
[titan] 2026-09-21 08:33:20,441 - torchtitan.observability.metrics - INFO - [31mstep: 33  [32mloss: -1.00000  [38;2;180;60;0mgrad_norm:  0.7706  [38;2;54;234;195mmemory:  0.56GiB(0.40%)  [34mtps: 228  [36mtflops: 0.04  [35mmfu: 0.00%[39m
[titan] 2026-09-21 08:33:22,679 - torchtitan.observability.metrics - INFO - [31mstep: 34  [32mloss:  2.55105  [38;2;180;60;0mgrad_norm:  0.8180  [38;2;54;234;195mmemory:  0.47GiB(0.34%)  [34mtps: 229  [36mtflops: 0.04  [35mmfu: 0.00%[39m
[titan] 2026-09-21 08:33:22,680 - torchtitan.observability.metrics - INFO - [31mstep: 34  [32mloss: -1.00000  [38;2;180;60;0mgrad_norm:  0.8180  [38;2;54;234;195mmemory:  0.56GiB(0.40%)  [34mtps: 229  [36mtflops: 0.04  [35mmfu: 0.00%[39m
[titan] 2026-09-21 08:33:24,918 - torchtitan.observability.metrics - INFO - [31mstep: 35  [32mloss:  2.68888  [38;2;180;60;0mgrad_norm:  0.8399  [38;2;54;234;195mmemory:  0.47GiB(0.34%)  [34mtps: 229  [36mtflops: 0.04  [35mmfu: 0.00%[39m
[titan] 2026-09-21 08:33:24,919 - torchtitan.observability.metrics - INFO - [31mstep: 35  [32mloss: -1.00000  [38;2;180;60;0mgrad_norm:  0.8399  [38;2;54;234;195mmemory:  0.56GiB(0.40%)  [34mtps: 229  [36mtflops: 0.04  [35mmfu: 0.00%[39m
[titan] 2026-09-21 08:33:27,148 - torchtitan.observability.metrics - INFO - [31mstep: 36  [32mloss:  2.56946  [38;2;180;60;0mgrad_norm:  0.9641  [38;2;54;234;195mmemory:  0.47GiB(0.34%)  [34mtps: 230  [36mtflops: 0.04  [35mmfu: 0.00%[39m
[titan] 2026-09-21 08:33:27,149 - torchtitan.observability.metrics - INFO - [31mstep: 36  [32mloss: -1.00000  [38;2;180;60;0mgrad_norm:  0.9641  [38;2;54;234;195mmemory:  0.56GiB(0.40%)  [34mtps: 230  [36mtflops: 0.04  [35mmfu: 0.00%[39m
[titan] 2026-09-21 08:33:29,399 - torchtitan.observability.metrics - INFO - [31mstep: 37  [32mloss:  3.02077  [38;2;180;60;0mgrad_norm:  1.2987  [38;2;54;234;195mmemory:  0.47GiB(0.34%)  [34mtps: 228  [36mtflops: 0.04  [35mmfu: 0.00%[39m
[titan] 2026-09-21 08:33:29,399 - torchtitan.observability.metrics - INFO - [31mstep: 37  [32mloss: -1.00000  [38;2;180;60;0mgrad_norm:  1.2987  [38;2;54;234;195mmemory:  0.56GiB(0.40%)  [34mtps: 228  [36mtflops: 0.04  [35mmfu: 0.00%[39m
[titan] 2026-09-21 08:33:31,641 - torchtitan.observability.metrics - INFO - [31mstep: 38  [32mloss: -1.00000  [38;2;180;60;0mgrad_norm:  1.0492  [38;2;54;234;195mmemory:  0.56GiB(0.40%)  [34mtps: 228  [36mtflops: 0.04  [35mmfu: 0.00%[39m
[titan] 2026-09-21 08:33:31,642 - torchtitan.observability.metrics - INFO - [31mstep: 38  [32mloss:  2.68146  [38;2;180;60;0mgrad_norm:  1.0492  [38;2;54;234;195mmemory:  0.47GiB(0.34%)  [34mtps: 228  [36mtflops: 0.04  [35mmfu: 0.00%[39m
[titan] 2026-09-21 08:33:33,882 - torchtitan.observability.metrics - INFO - [31mstep: 39  [32mloss:  2.78615  [38;2;180;60;0mgrad_norm:  1.0075  [38;2;54;234;195mmemory:  0.47GiB(0.34%)  [34mtps: 229  [36mtflops: 0.04  [35mmfu: 0.00%[39m
[titan] 2026-09-21 08:33:33,882 - torchtitan.observability.metrics - INFO - [31mstep: 39  [32mloss: -1.00000  [38;2;180;60;0mgrad_norm:  1.0075  [38;2;54;234;195mmemory:  0.56GiB(0.40%)  [34mtps: 229  [36mtflops: 0.04  [35mmfu: 0.00%[39m
[titan] 2026-09-21 08:33:36,138 - torchtitan.observability.metrics - INFO - [31mstep: 40  [32mloss:  2.65174  [38;2;180;60;0mgrad_norm:  1.0163  [38;2;54;234;195mmemory:  0.47GiB(0.34%)  [34mtps: 227  [36mtflops: 0.04  [35mmfu: 0.00%[39m
[titan] 2026-09-21 08:33:36,138 - torchtitan.observability.metrics - INFO - [31mstep: 40  [32mloss: -1.00000  [38;2;180;60;0mgrad_norm:  1.0163  [38;2;54;234;195mmemory:  0.56GiB(0.40%)  [34mtps: 227  [36mtflops: 0.04  [35mmfu: 0.00%[39m
[titan] 2026-09-21 08:33:38,383 - torchtitan.observability.metrics - INFO - [31mstep: 41  [32mloss:  2.58466  [38;2;180;60;0mgrad_norm:  0.7688  [38;2;54;234;195mmemory:  0.47GiB(0.34%)  [34mtps: 228  [36mtflops: 0.04  [35mmfu: 0.00%[39m
[titan] 2026-09-21 08:33:38,383 - torchtitan.observability.metrics - INFO - [31mstep: 41  [32mloss: -1.00000  [38;2;180;60;0mgrad_norm:  0.7688  [38;2;54;234;195mmemory:  0.56GiB(0.40%)  [34mtps: 228  [36mtflops: 0.04  [35mmfu: 0.00%[39m
[titan] 2026-09-21 08:33:40,633 - torchtitan.observability.metrics - INFO - [31mstep: 42  [32mloss:  2.53390  [38;2;180;60;0mgrad_norm:  0.8105  [38;2;54;234;195mmemory:  0.47GiB(0.34%)  [34mtps: 228  [36mtflops: 0.04  [35mmfu: 0.00%[39m
[titan] 2026-09-21 08:33:40,633 - torchtitan.observability.metrics - INFO - [31mstep: 42  [32mloss: -1.00000  [38;2;180;60;0mgrad_norm:  0.8105  [38;2;54;234;195mmemory:  0.56GiB(0.40%)  [34mtps: 228  [36mtflops: 0.04  [35mmfu: 0.00%[39m
[titan] 2026-09-21 08:33:42,871 - torchtitan.observability.metrics - INFO - [31mstep: 43  [32mloss:  2.72394  [38;2;180;60;0mgrad_norm:  0.8817  [38;2;54;234;195mmemory:  0.47GiB(0.34%)  [34mtps: 229  [36mtflops: 0.04  [35mmfu: 0.00%[39m
[titan] 2026-09-21 08:33:42,871 - torchtitan.observability.metrics - INFO - [31mstep: 43  [32mloss: -1.00000  [38;2;180;60;0mgrad_norm:  0.8817  [38;2;54;234;195mmemory:  0.56GiB(0.40%)  [34mtps: 229  [36mtflops: 0.04  [35mmfu: 0.00%[39m
[titan] 2026-09-21 08:33:45,122 - torchtitan.observability.metrics - INFO - [31mstep: 44  [32mloss:  2.47751  [38;2;180;60;0mgrad_norm:  0.8293  [38;2;54;234;195mmemory:  0.47GiB(0.34%)  [34mtps: 227  [36mtflops: 0.04  [35mmfu: 0.00%[39m
[titan] 2026-09-21 08:33:45,122 - torchtitan.observability.metrics - INFO - [31mstep: 44  [32mloss: -1.00000  [38;2;180;60;0mgrad_norm:  0.8293  [38;2;54;234;195mmemory:  0.56GiB(0.40%)  [34mtps: 227  [36mtflops: 0.04  [35mmfu: 0.00%[39m
[titan] 2026-09-21 08:33:47,356 - torchtitan.observability.metrics - INFO - [31mstep: 45  [32mloss:  2.66161  [38;2;180;60;0mgrad_norm:  0.7988  [38;2;54;234;195mmemory:  0.47GiB(0.34%)  [34mtps: 229  [36mtflops: 0.04  [35mmfu: 0.00%[39m
[titan] 2026-09-21 08:33:47,357 - torchtitan.observability.metrics - INFO - [31mstep: 45  [32mloss: -1.00000  [38;2;180;60;0mgrad_norm:  0.7988  [38;2;54;234;195mmemory:  0.56GiB(0.40%)  [34mtps: 229  [36mtflops: 0.04  [35mmfu: 0.00%[39m
[titan] 2026-09-21 08:33:49,614 - torchtitan.observability.metrics - INFO - [31mstep: 46  [32mloss:  2.58618  [38;2;180;60;0mgrad_norm:  0.7830  [38;2;54;234;195mmemory:  0.47GiB(0.34%)  [34mtps: 227  [36mtflops: 0.04  [35mmfu: 0.00%[39m
[titan] 2026-09-21 08:33:49,615 - torchtitan.observability.metrics - INFO - [31mstep: 46  [32mloss: -1.00000  [38;2;180;60;0mgrad_norm:  0.7830  [38;2;54;234;195mmemory:  0.56GiB(0.40%)  [34mtps: 227  [36mtflops: 0.04  [35mmfu: 0.00%[39m
[titan] 2026-09-21 08:33:51,858 - torchtitan.observability.metrics - INFO - [31mstep: 47  [32mloss:  2.68996  [38;2;180;60;0mgrad_norm:  0.8596  [38;2;54;234;195mmemory:  0.47GiB(0.34%)  [34mtps: 228  [36mtflops: 0.04  [35mmfu: 0.00%[39m
[titan] 2026-09-21 08:33:51,858 - torchtitan.observability.metrics - INFO - [31mstep: 47  [32mloss: -1.00000  [38;2;180;60;0mgrad_norm:  0.8596  [38;2;54;234;195mmemory:  0.56GiB(0.40%)  [34mtps: 228  [36mtflops: 0.04  [35mmfu: 0.00%[39m
[titan] 2026-09-21 08:33:54,090 - torchtitan.observability.metrics - INFO - [31mstep: 48  [32mloss:  2.75336  [38;2;180;60;0mgrad_norm:  0.9764  [38;2;54;234;195mmemory:  0.47GiB(0.34%)  [34mtps: 229  [36mtflops: 0.04  [35mmfu: 0.00%[39m
[titan] 2026-09-21 08:33:54,090 - torchtitan.observability.metrics - INFO - [31mstep: 48  [32mloss: -1.00000  [38;2;180;60;0mgrad_norm:  0.9764  [38;2;54;234;195mmemory:  0.56GiB(0.40%)  [34mtps: 229  [36mtflops: 0.04  [35mmfu: 0.00%[39m
[titan] 2026-09-21 08:33:56,325 - torchtitan.observability.metrics - INFO - [31mstep: 49  [32mloss:  2.67715  [38;2;180;60;0mgrad_norm:  0.9065  [38;2;54;234;195mmemory:  0.47GiB(0.34%)  [34mtps: 229  [36mtflops: 0.04  [35mmfu: 0.00%[39m
[titan] 2026-09-21 08:33:56,325 - torchtitan.observability.metrics - INFO - [31mstep: 49  [32mloss: -1.00000  [38;2;180;60;0mgrad_norm:  0.9065  [38;2;54;234;195mmemory:  0.56GiB(0.40%)  [34mtps: 229  [36mtflops: 0.04  [35mmfu: 0.00%[39m
[titan] 2026-09-21 08:33:56,873 - torchtitan.tools.utils - INFO - [GC] Performing periodic GC collection took 0.54 seconds
[titan] 2026-09-21 08:33:57,046 - torchtitan.tools.utils - INFO - [GC] Performing periodic GC collection took 0.72 seconds
[titan] 2026-09-21 08:33:59,263 - torchtitan.observability.metrics - INFO - [31mstep: 50  [32mloss:  2.57844  [38;2;180;60;0mgrad_norm:  0.7113  [38;2;54;234;195mmemory:  0.47GiB(0.34%)  [34mtps: 174  [36mtflops: 0.03  [35mmfu: 0.00%[39m
[titan] 2026-09-21 08:33:59,264 - torchtitan.observability.metrics - INFO - [31mstep: 50  [32mloss: -1.00000  [38;2;180;60;0mgrad_norm:  0.7113  [38;2;54;234;195mmemory:  0.56GiB(0.40%)  [34mtps: 174  [36mtflops: 0.03  [35mmfu: 0.00%[39m
[titan] 2026-09-21 08:34:01,486 - torchtitan.observability.metrics - INFO - [31mstep: 51  [32mloss:  2.68411  [38;2;180;60;0mgrad_norm:  1.0279  [38;2;54;234;195mmemory:  0.47GiB(0.34%)  [34mtps: 230  [36mtflops: 0.04  [35mmfu: 0.00%[39m
[titan] 2026-09-21 08:34:01,487 - torchtitan.observability.metrics - INFO - [31mstep: 51  [32mloss: -1.00000  [38;2;180;60;0mgrad_norm:  1.0279  [38;2;54;234;195mmemory:  0.56GiB(0.40%)  [34mtps: 230  [36mtflops: 0.04  [35mmfu: 0.00%[39m
[titan] 2026-09-21 08:34:03,722 - torchtitan.observability.metrics - INFO - [31mstep: 52  [32mloss: -1.00000  [38;2;180;60;0mgrad_norm:  0.9296  [38;2;54;234;195mmemory:  0.56GiB(0.40%)  [34mtps: 229  [36mtflops: 0.04  [35mmfu: 0.00%[39m
[titan] 2026-09-21 08:34:03,723 - torchtitan.observability.metrics - INFO - [31mstep: 52  [32mloss:  2.51247  [38;2;180;60;0mgrad_norm:  0.9296  [38;2;54;234;195mmemory:  0.47GiB(0.34%)  [34mtps: 229  [36mtflops: 0.04  [35mmfu: 0.00%[39m
[titan] 2026-09-21 08:34:05,956 - torchtitan.observability.metrics - INFO - [31mstep: 53  [32mloss:  2.77287  [38;2;180;60;0mgrad_norm:  0.7644  [38;2;54;234;195mmemory:  0.47GiB(0.34%)  [34mtps: 229  [36mtflops: 0.04  [35mmfu: 0.00%[39m
[titan] 2026-09-21 08:34:05,957 - torchtitan.observability.metrics - INFO - [31mstep: 53  [32mloss: -1.00000  [38;2;180;60;0mgrad_norm:  0.7644  [38;2;54;234;195mmemory:  0.56GiB(0.40%)  [34mtps: 229  [36mtflops: 0.04  [35mmfu: 0.00%[39m
[titan] 2026-09-21 08:34:08,203 - torchtitan.observability.metrics - INFO - [31mstep: 54  [32mloss:  3.04762  [38;2;180;60;0mgrad_norm:  0.8584  [38;2;54;234;195mmemory:  0.47GiB(0.34%)  [34mtps: 228  [36mtflops: 0.04  [35mmfu: 0.00%[39m
[titan] 2026-09-21 08:34:08,203 - torchtitan.observability.metrics - INFO - [31mstep: 54  [32mloss: -1.00000  [38;2;180;60;0mgrad_norm:  0.8584  [38;2;54;234;195mmemory:  0.56GiB(0.40%)  [34mtps: 228  [36mtflops: 0.04  [35mmfu: 0.00%[39m
[titan] 2026-09-21 08:34:10,451 - torchtitan.observability.metrics - INFO - [31mstep: 55  [32mloss:  2.95589  [38;2;180;60;0mgrad_norm:  1.0205  [38;2;54;234;195mmemory:  0.47GiB(0.34%)  [34mtps: 228  [36mtflops: 0.04  [35mmfu: 0.00%[39m
[titan] 2026-09-21 08:34:10,452 - torchtitan.observability.metrics - INFO - [31mstep: 55  [32mloss: -1.00000  [38;2;180;60;0mgrad_norm:  1.0205  [38;2;54;234;195mmemory:  0.56GiB(0.40%)  [34mtps: 228  [36mtflops: 0.04  [35mmfu: 0.00%[39m
[titan] 2026-09-21 08:34:12,695 - torchtitan.observability.metrics - INFO - [31mstep: 56  [32mloss: -1.00000  [38;2;180;60;0mgrad_norm:  0.7442  [38;2;54;234;195mmemory:  0.56GiB(0.40%)  [34mtps: 228  [36mtflops: 0.04  [35mmfu: 0.00%[39m
[titan] 2026-09-21 08:34:12,696 - torchtitan.observability.metrics - INFO - [31mstep: 56  [32mloss:  2.52163  [38;2;180;60;0mgrad_norm:  0.7442  [38;2;54;234;195mmemory:  0.47GiB(0.34%)  [34mtps: 228  [36mtflops: 0.04  [35mmfu: 0.00%[39m
[titan] 2026-09-21 08:34:14,948 - torchtitan.observability.metrics - INFO - [31mstep: 57  [32mloss:  2.53517  [38;2;180;60;0mgrad_norm:  0.9368  [38;2;54;234;195mmemory:  0.47GiB(0.34%)  [34mtps: 227  [36mtflops: 0.04  [35mmfu: 0.00%[39m
[titan] 2026-09-21 08:34:14,949 - torchtitan.observability.metrics - INFO - [31mstep: 57  [32mloss: -1.00000  [38;2;180;60;0mgrad_norm:  0.9368  [38;2;54;234;195mmemory:  0.56GiB(0.40%)  [34mtps: 227  [36mtflops: 0.04  [35mmfu: 0.00%[39m
[titan] 2026-09-21 08:34:17,212 - torchtitan.observability.metrics - INFO - [31mstep: 58  [32mloss:  2.61169  [38;2;180;60;0mgrad_norm:  1.0166  [38;2;54;234;195mmemory:  0.47GiB(0.34%)  [34mtps: 226  [36mtflops: 0.04  [35mmfu: 0.00%[39m
[titan] 2026-09-21 08:34:17,212 - torchtitan.observability.metrics - INFO - [31mstep: 58  [32mloss: -1.00000  [38;2;180;60;0mgrad_norm:  1.0166  [38;2;54;234;195mmemory:  0.56GiB(0.40%)  [34mtps: 226  [36mtflops: 0.04  [35mmfu: 0.00%[39m
[titan] 2026-09-21 08:34:19,459 - torchtitan.observability.metrics - INFO - [31mstep: 59  [32mloss:  2.66644  [38;2;180;60;0mgrad_norm:  0.8838  [38;2;54;234;195mmemory:  0.47GiB(0.34%)  [34mtps: 228  [36mtflops: 0.04  [35mmfu: 0.00%[39m
[titan] 2026-09-21 08:34:19,459 - torchtitan.observability.metrics - INFO - [31mstep: 59  [32mloss: -1.00000  [38;2;180;60;0mgrad_norm:  0.8838  [38;2;54;234;195mmemory:  0.56GiB(0.40%)  [34mtps: 228  [36mtflops: 0.04  [35mmfu: 0.00%[39m
[titan] 2026-09-21 08:34:21,711 - torchtitan.observability.metrics - INFO - [31mstep: 60  [32mloss:  2.56511  [38;2;180;60;0mgrad_norm:  0.8025  [38;2;54;234;195mmemory:  0.47GiB(0.34%)  [34mtps: 227  [36mtflops: 0.04  [35mmfu: 0.00%[39m
[titan] 2026-09-21 08:34:21,711 - torchtitan.observability.metrics - INFO - [31mstep: 60  [32mloss: -1.00000  [38;2;180;60;0mgrad_norm:  0.8025  [38;2;54;234;195mmemory:  0.56GiB(0.40%)  [34mtps: 227  [36mtflops: 0.04  [35mmfu: 0.00%[39m
[titan] 2026-09-21 08:34:23,957 - torchtitan.observability.metrics - INFO - [31mstep: 61  [32mloss:  2.62348  [38;2;180;60;0mgrad_norm:  0.8830  [38;2;54;234;195mmemory:  0.47GiB(0.34%)  [34mtps: 228  [36mtflops: 0.04  [35mmfu: 0.00%[39m
[titan] 2026-09-21 08:34:23,958 - torchtitan.observability.metrics - INFO - [31mstep: 61  [32mloss: -1.00000  [38;2;180;60;0mgrad_norm:  0.8830  [38;2;54;234;195mmemory:  0.56GiB(0.40%)  [34mtps: 228  [36mtflops: 0.04  [35mmfu: 0.00%[39m
[titan] 2026-09-21 08:34:26,204 - torchtitan.observability.metrics - INFO - [31mstep: 62  [32mloss:  2.69111  [38;2;180;60;0mgrad_norm:  0.8415  [38;2;54;234;195mmemory:  0.47GiB(0.34%)  [34mtps: 228  [36mtflops: 0.04  [35mmfu: 0.00%[39m
[titan] 2026-09-21 08:34:26,205 - torchtitan.observability.metrics - INFO - [31mstep: 62  [32mloss: -1.00000  [38;2;180;60;0mgrad_norm:  0.8415  [38;2;54;234;195mmemory:  0.56GiB(0.40%)  [34mtps: 228  [36mtflops: 0.04  [35mmfu: 0.00%[39m
[titan] 2026-09-21 08:34:28,466 - torchtitan.observability.metrics - INFO - [31mstep: 63  [32mloss:  2.62734  [38;2;180;60;0mgrad_norm:  0.8877  [38;2;54;234;195mmemory:  0.47GiB(0.34%)  [34mtps: 226  [36mtflops: 0.04  [35mmfu: 0.00%[39m
[titan] 2026-09-21 08:34:28,467 - torchtitan.observability.metrics - INFO - [31mstep: 63  [32mloss: -1.00000  [38;2;180;60;0mgrad_norm:  0.8877  [38;2;54;234;195mmemory:  0.56GiB(0.40%)  [34mtps: 226  [36mtflops: 0.04  [35mmfu: 0.00%[39m
[titan] 2026-09-21 08:34:30,704 - torchtitan.observability.metrics - INFO - [31mstep: 64  [32mloss:  2.62002  [38;2;180;60;0mgrad_norm:  0.6268  [38;2;54;234;195mmemory:  0.47GiB(0.34%)  [34mtps: 229  [36mtflops: 0.04  [35mmfu: 0.00%[39m
[titan] 2026-09-21 08:34:30,705 - torchtitan.observability.metrics - INFO - [31mstep: 64  [32mloss: -1.00000  [38;2;180;60;0mgrad_norm:  0.6268  [38;2;54;234;195mmemory:  0.56GiB(0.40%)  [34mtps: 229  [36mtflops: 0.04  [35mmfu: 0.00%[39m
[titan] 2026-09-21 08:34:32,948 - torchtitan.observability.metrics - INFO - [31mstep: 65  [32mloss:  2.70883  [38;2;180;60;0mgrad_norm:  0.8546  [38;2;54;234;195mmemory:  0.47GiB(0.34%)  [34mtps: 228  [36mtflops: 0.04  [35mmfu: 0.00%[39m
[titan] 2026-09-21 08:34:32,948 - torchtitan.observability.metrics - INFO - [31mstep: 65  [32mloss: -1.00000  [38;2;180;60;0mgrad_norm:  0.8546  [38;2;54;234;195mmemory:  0.56GiB(0.40%)  [34mtps: 228  [36mtflops: 0.04  [35mmfu: 0.00%[39m
[titan] 2026-09-21 08:34:35,189 - torchtitan.observability.metrics - INFO - [31mstep: 66  [32mloss:  2.58462  [38;2;180;60;0mgrad_norm:  0.6951  [38;2;54;234;195mmemory:  0.47GiB(0.34%)  [34mtps: 228  [36mtflops: 0.04  [35mmfu: 0.00%[39m
[titan] 2026-09-21 08:34:35,189 - torchtitan.observability.metrics - INFO - [31mstep: 66  [32mloss: -1.00000  [38;2;180;60;0mgrad_norm:  0.6951  [38;2;54;234;195mmemory:  0.56GiB(0.40%)  [34mtps: 228  [36mtflops: 0.04  [35mmfu: 0.00%[39m
[titan] 2026-09-21 08:34:37,453 - torchtitan.observability.metrics - INFO - [31mstep: 67  [32mloss:  2.59390  [38;2;180;60;0mgrad_norm:  0.8927  [38;2;54;234;195mmemory:  0.47GiB(0.34%)  [34mtps: 226  [36mtflops: 0.04  [35mmfu: 0.00%[39m
[titan] 2026-09-21 08:34:37,453 - torchtitan.observability.metrics - INFO - [31mstep: 67  [32mloss: -1.00000  [38;2;180;60;0mgrad_norm:  0.8927  [38;2;54;234;195mmemory:  0.56GiB(0.40%)  [34mtps: 226  [36mtflops: 0.04  [35mmfu: 0.00%[39m
[titan] 2026-09-21 08:34:39,709 - torchtitan.observability.metrics - INFO - [31mstep: 68  [32mloss:  2.60206  [38;2;180;60;0mgrad_norm:  0.7981  [38;2;54;234;195mmemory:  0.47GiB(0.34%)  [34mtps: 227  [36mtflops: 0.04  [35mmfu: 0.00%[39m
[titan] 2026-09-21 08:34:39,709 - torchtitan.observability.metrics - INFO - [31mstep: 68  [32mloss: -1.00000  [38;2;180;60;0mgrad_norm:  0.7981  [38;2;54;234;195mmemory:  0.56GiB(0.40%)  [34mtps: 227  [36mtflops: 0.04  [35mmfu: 0.00%[39m
[titan] 2026-09-21 08:34:41,959 - torchtitan.observability.metrics - INFO - [31mstep: 69  [32mloss:  2.82205  [38;2;180;60;0mgrad_norm:  0.9106  [38;2;54;234;195mmemory:  0.47GiB(0.34%)  [34mtps: 228  [36mtflops: 0.04  [35mmfu: 0.00%[39m
[titan] 2026-09-21 08:34:41,959 - torchtitan.observability.metrics - INFO - [31mstep: 69  [32mloss: -1.00000  [38;2;180;60;0mgrad_norm:  0.9106  [38;2;54;234;195mmemory:  0.56GiB(0.40%)  [34mtps: 228  [36mtflops: 0.04  [35mmfu: 0.00%[39m
[titan] 2026-09-21 08:34:44,220 - torchtitan.observability.metrics - INFO - [31mstep: 70  [32mloss:  2.71454  [38;2;180;60;0mgrad_norm:  0.6392  [38;2;54;234;195mmemory:  0.47GiB(0.34%)  [34mtps: 227  [36mtflops: 0.04  [35mmfu: 0.00%[39m
[titan] 2026-09-21 08:34:44,220 - torchtitan.observability.metrics - INFO - [31mstep: 70  [32mloss: -1.00000  [38;2;180;60;0mgrad_norm:  0.6392  [38;2;54;234;195mmemory:  0.56GiB(0.40%)  [34mtps: 227  [36mtflops: 0.04  [35mmfu: 0.00%[39m
[titan] 2026-09-21 08:34:46,465 - torchtitan.observability.metrics - INFO - [31mstep: 71  [32mloss:  2.53453  [38;2;180;60;0mgrad_norm:  0.5802  [38;2;54;234;195mmemory:  0.47GiB(0.34%)  [34mtps: 228  [36mtflops: 0.04  [35mmfu: 0.00%[39m
[titan] 2026-09-21 08:34:46,465 - torchtitan.observability.metrics - INFO - [31mstep: 71  [32mloss: -1.00000  [38;2;180;60;0mgrad_norm:  0.5802  [38;2;54;234;195mmemory:  0.56GiB(0.40%)  [34mtps: 228  [36mtflops: 0.04  [35mmfu: 0.00%[39m
[titan] 2026-09-21 08:34:48,713 - torchtitan.observability.metrics - INFO - [31mstep: 72  [32mloss:  2.57815  [38;2;180;60;0mgrad_norm:  0.7771  [38;2;54;234;195mmemory:  0.47GiB(0.34%)  [34mtps: 228  [36mtflops: 0.04  [35mmfu: 0.00%[39m
[titan] 2026-09-21 08:34:48,714 - torchtitan.observability.metrics - INFO - [31mstep: 72  [32mloss: -1.00000  [38;2;180;60;0mgrad_norm:  0.7771  [38;2;54;234;195mmemory:  0.56GiB(0.40%)  [34mtps: 228  [36mtflops: 0.04  [35mmfu: 0.00%[39m
[titan] 2026-09-21 08:34:50,959 - torchtitan.observability.metrics - INFO - [31mstep: 73  [32mloss:  2.60877  [38;2;180;60;0mgrad_norm:  1.0471  [38;2;54;234;195mmemory:  0.47GiB(0.34%)  [34mtps: 228  [36mtflops: 0.04  [35mmfu: 0.00%[39m
[titan] 2026-09-21 08:34:50,960 - torchtitan.observability.metrics - INFO - [31mstep: 73  [32mloss: -1.00000  [38;2;180;60;0mgrad_norm:  1.0471  [38;2;54;234;195mmemory:  0.56GiB(0.40%)  [34mtps: 228  [36mtflops: 0.04  [35mmfu: 0.00%[39m
[titan] 2026-09-21 08:34:53,221 - torchtitan.observability.metrics - INFO - [31mstep: 74  [32mloss:  2.42852  [38;2;180;60;0mgrad_norm:  0.7248  [38;2;54;234;195mmemory:  0.47GiB(0.34%)  [34mtps: 226  [36mtflops: 0.04  [35mmfu: 0.00%[39m
[titan] 2026-09-21 08:34:53,222 - torchtitan.observability.metrics - INFO - [31mstep: 74  [32mloss: -1.00000  [38;2;180;60;0mgrad_norm:  0.7248  [38;2;54;234;195mmemory:  0.56GiB(0.40%)  [34mtps: 226  [36mtflops: 0.04  [35mmfu: 0.00%[39m
[titan] 2026-09-21 08:34:55,471 - torchtitan.observability.metrics - INFO - [31mstep: 75  [32mloss:  2.65014  [38;2;180;60;0mgrad_norm:  0.6204  [38;2;54;234;195mmemory:  0.47GiB(0.34%)  [34mtps: 228  [36mtflops: 0.04  [35mmfu: 0.00%[39m
[titan] 2026-09-21 08:34:55,471 - torchtitan.observability.metrics - INFO - [31mstep: 75  [32mloss: -1.00000  [38;2;180;60;0mgrad_norm:  0.6204  [38;2;54;234;195mmemory:  0.56GiB(0.40%)  [34mtps: 228  [36mtflops: 0.04  [35mmfu: 0.00%[39m
[titan] 2026-09-21 08:34:57,719 - torchtitan.observability.metrics - INFO - [31mstep: 76  [32mloss:  2.42979  [38;2;180;60;0mgrad_norm:  0.7316  [38;2;54;234;195mmemory:  0.47GiB(0.34%)  [34mtps: 228  [36mtflops: 0.04  [35mmfu: 0.00%[39m
[titan] 2026-09-21 08:34:57,720 - torchtitan.observability.metrics - INFO - [31mstep: 76  [32mloss: -1.00000  [38;2;180;60;0mgrad_norm:  0.7316  [38;2;54;234;195mmemory:  0.56GiB(0.40%)  [34mtps: 228  [36mtflops: 0.04  [35mmfu: 0.00%[39m
[titan] 2026-09-21 08:34:59,984 - torchtitan.observability.metrics - INFO - [31mstep: 77  [32mloss:  2.54660  [38;2;180;60;0mgrad_norm:  0.6787  [38;2;54;234;195mmemory:  0.47GiB(0.34%)  [34mtps: 226  [36mtflops: 0.04  [35mmfu: 0.00%[39m
[titan] 2026-09-21 08:34:59,985 - torchtitan.observability.metrics - INFO - [31mstep: 77  [32mloss: -1.00000  [38;2;180;60;0mgrad_norm:  0.6787  [38;2;54;234;195mmemory:  0.56GiB(0.40%)  [34mtps: 226  [36mtflops: 0.04  [35mmfu: 0.00%[39m
[titan] 2026-09-21 08:35:02,237 - torchtitan.observability.metrics - INFO - [31mstep: 78  [32mloss:  2.45537  [38;2;180;60;0mgrad_norm:  0.7668  [38;2;54;234;195mmemory:  0.47GiB(0.34%)  [34mtps: 227  [36mtflops: 0.04  [35mmfu: 0.00%[39m
[titan] 2026-09-21 08:35:02,237 - torchtitan.observability.metrics - INFO - [31mstep: 78  [32mloss: -1.00000  [38;2;180;60;0mgrad_norm:  0.7668  [38;2;54;234;195mmemory:  0.56GiB(0.40%)  [34mtps: 227  [36mtflops: 0.04  [35mmfu: 0.00%[39m
[titan] 2026-09-21 08:35:04,491 - torchtitan.observability.metrics - INFO - [31mstep: 79  [32mloss:  2.57205  [38;2;180;60;0mgrad_norm:  0.7403  [38;2;54;234;195mmemory:  0.47GiB(0.34%)  [34mtps: 227  [36mtflops: 0.04  [35mmfu: 0.00%[39m
[titan] 2026-09-21 08:35:04,491 - torchtitan.observability.metrics - INFO - [31mstep: 79  [32mloss: -1.00000  [38;2;180;60;0mgrad_norm:  0.7403  [38;2;54;234;195mmemory:  0.56GiB(0.40%)  [34mtps: 227  [36mtflops: 0.04  [35mmfu: 0.00%[39m
[titan] 2026-09-21 08:35:06,742 - torchtitan.observability.metrics - INFO - [31mstep: 80  [32mloss:  2.61136  [38;2;180;60;0mgrad_norm:  0.9177  [38;2;54;234;195mmemory:  0.47GiB(0.34%)  [34mtps: 227  [36mtflops: 0.04  [35mmfu: 0.00%[39m
[titan] 2026-09-21 08:35:06,742 - torchtitan.observability.metrics - INFO - [31mstep: 80  [32mloss: -1.00000  [38;2;180;60;0mgrad_norm:  0.9177  [38;2;54;234;195mmemory:  0.56GiB(0.40%)  [34mtps: 227  [36mtflops: 0.04  [35mmfu: 0.00%[39m
[titan] 2026-09-21 08:35:08,989 - torchtitan.observability.metrics - INFO - [31mstep: 81  [32mloss:  2.55267  [38;2;180;60;0mgrad_norm:  0.8090  [38;2;54;234;195mmemory:  0.47GiB(0.34%)  [34mtps: 228  [36mtflops: 0.04  [35mmfu: 0.00%[39m
[titan] 2026-09-21 08:35:08,989 - torchtitan.observability.metrics - INFO - [31mstep: 81  [32mloss: -1.00000  [38;2;180;60;0mgrad_norm:  0.8090  [38;2;54;234;195mmemory:  0.56GiB(0.40%)  [34mtps: 228  [36mtflops: 0.04  [35mmfu: 0.00%[39m
[titan] 2026-09-21 08:35:11,245 - torchtitan.observability.metrics - INFO - [31mstep: 82  [32mloss:  2.46262  [38;2;180;60;0mgrad_norm:  0.6808  [38;2;54;234;195mmemory:  0.47GiB(0.34%)  [34mtps: 227  [36mtflops: 0.04  [35mmfu: 0.00%[39m
[titan] 2026-09-21 08:35:11,245 - torchtitan.observability.metrics - INFO - [31mstep: 82  [32mloss: -1.00000  [38;2;180;60;0mgrad_norm:  0.6808  [38;2;54;234;195mmemory:  0.56GiB(0.40%)  [34mtps: 227  [36mtflops: 0.04  [35mmfu: 0.00%[39m
[titan] 2026-09-21 08:35:13,502 - torchtitan.observability.metrics - INFO - [31mstep: 83  [32mloss:  2.45465  [38;2;180;60;0mgrad_norm:  0.8745  [38;2;54;234;195mmemory:  0.47GiB(0.34%)  [34mtps: 227  [36mtflops: 0.04  [35mmfu: 0.00%[39m
[titan] 2026-09-21 08:35:13,503 - torchtitan.observability.metrics - INFO - [31mstep: 83  [32mloss: -1.00000  [38;2;180;60;0mgrad_norm:  0.8745  [38;2;54;234;195mmemory:  0.56GiB(0.40%)  [34mtps: 227  [36mtflops: 0.04  [35mmfu: 0.00%[39m
[titan] 2026-09-21 08:35:15,765 - torchtitan.observability.metrics - INFO - [31mstep: 84  [32mloss:  2.64126  [38;2;180;60;0mgrad_norm:  0.7727  [38;2;54;234;195mmemory:  0.47GiB(0.34%)  [34mtps: 226  [36mtflops: 0.04  [35mmfu: 0.00%[39m
[titan] 2026-09-21 08:35:15,766 - torchtitan.observability.metrics - INFO - [31mstep: 84  [32mloss: -1.00000  [38;2;180;60;0mgrad_norm:  0.7727  [38;2;54;234;195mmemory:  0.56GiB(0.40%)  [34mtps: 226  [36mtflops: 0.04  [35mmfu: 0.00%[39m
[titan] 2026-09-21 08:35:18,017 - torchtitan.observability.metrics - INFO - [31mstep: 85  [32mloss:  2.51861  [38;2;180;60;0mgrad_norm:  1.0173  [38;2;54;234;195mmemory:  0.47GiB(0.34%)  [34mtps: 227  [36mtflops: 0.04  [35mmfu: 0.00%[39m
[titan] 2026-09-21 08:35:18,017 - torchtitan.observability.metrics - INFO - [31mstep: 85  [32mloss: -1.00000  [38;2;180;60;0mgrad_norm:  1.0173  [38;2;54;234;195mmemory:  0.56GiB(0.40%)  [34mtps: 227  [36mtflops: 0.04  [35mmfu: 0.00%[39m
[titan] 2026-09-21 08:35:20,270 - torchtitan.observability.metrics - INFO - [31mstep: 86  [32mloss:  2.48122  [38;2;180;60;0mgrad_norm:  0.7924  [38;2;54;234;195mmemory:  0.47GiB(0.34%)  [34mtps: 227  [36mtflops: 0.04  [35mmfu: 0.00%[39m
[titan] 2026-09-21 08:35:20,271 - torchtitan.observability.metrics - INFO - [31mstep: 86  [32mloss: -1.00000  [38;2;180;60;0mgrad_norm:  0.7924  [38;2;54;234;195mmemory:  0.56GiB(0.40%)  [34mtps: 227  [36mtflops: 0.04  [35mmfu: 0.00%[39m
[titan] 2026-09-21 08:35:22,532 - torchtitan.observability.metrics - INFO - [31mstep: 87  [32mloss:  2.53985  [38;2;180;60;0mgrad_norm:  0.8157  [38;2;54;234;195mmemory:  0.47GiB(0.34%)  [34mtps: 226  [36mtflops: 0.04  [35mmfu: 0.00%[39m
[titan] 2026-09-21 08:35:22,532 - torchtitan.observability.metrics - INFO - [31mstep: 87  [32mloss: -1.00000  [38;2;180;60;0mgrad_norm:  0.8157  [38;2;54;234;195mmemory:  0.56GiB(0.40%)  [34mtps: 226  [36mtflops: 0.04  [35mmfu: 0.00%[39m
[titan] 2026-09-21 08:35:24,780 - torchtitan.observability.metrics - INFO - [31mstep: 88  [32mloss:  2.60749  [38;2;180;60;0mgrad_norm:  0.7624  [38;2;54;234;195mmemory:  0.47GiB(0.34%)  [34mtps: 228  [36mtflops: 0.04  [35mmfu: 0.00%[39m
[titan] 2026-09-21 08:35:24,781 - torchtitan.observability.metrics - INFO - [31mstep: 88  [32mloss: -1.00000  [38;2;180;60;0mgrad_norm:  0.7624  [38;2;54;234;195mmemory:  0.56GiB(0.40%)  [34mtps: 228  [36mtflops: 0.04  [35mmfu: 0.00%[39m
[titan] 2026-09-21 08:35:27,036 - torchtitan.observability.metrics - INFO - [31mstep: 89  [32mloss:  2.63170  [38;2;180;60;0mgrad_norm:  0.9017  [38;2;54;234;195mmemory:  0.47GiB(0.34%)  [34mtps: 227  [36mtflops: 0.04  [35mmfu: 0.00%[39m
[titan] 2026-09-21 08:35:27,037 - torchtitan.observability.metrics - INFO - [31mstep: 89  [32mloss: -1.00000  [38;2;180;60;0mgrad_norm:  0.9017  [38;2;54;234;195mmemory:  0.56GiB(0.40%)  [34mtps: 227  [36mtflops: 0.04  [35mmfu: 0.00%[39m
[titan] 2026-09-21 08:35:29,280 - torchtitan.observability.metrics - INFO - [31mstep: 90  [32mloss:  2.46300  [38;2;180;60;0mgrad_norm:  0.7855  [38;2;54;234;195mmemory:  0.47GiB(0.34%)  [34mtps: 228  [36mtflops: 0.04  [35mmfu: 0.00%[39m
[titan] 2026-09-21 08:35:29,280 - torchtitan.observability.metrics - INFO - [31mstep: 90  [32mloss: -1.00000  [38;2;180;60;0mgrad_norm:  0.7855  [38;2;54;234;195mmemory:  0.56GiB(0.40%)  [34mtps: 228  [36mtflops: 0.04  [35mmfu: 0.00%[39m
[titan] 2026-09-21 08:35:31,527 - torchtitan.observability.metrics - INFO - [31mstep: 91  [32mloss: -1.00000  [38;2;180;60;0mgrad_norm:  0.8869  [38;2;54;234;195mmemory:  0.56GiB(0.40%)  [34mtps: 228  [36mtflops: 0.04  [35mmfu: 0.00%[39m
[titan] 2026-09-21 08:35:31,528 - torchtitan.observability.metrics - INFO - [31mstep: 91  [32mloss:  2.56914  [38;2;180;60;0mgrad_norm:  0.8869  [38;2;54;234;195mmemory:  0.47GiB(0.34%)  [34mtps: 228  [36mtflops: 0.04  [35mmfu: 0.00%[39m
[titan] 2026-09-21 08:35:33,766 - torchtitan.observability.metrics - INFO - [31mstep: 92  [32mloss:  2.58874  [38;2;180;60;0mgrad_norm:  0.8352  [38;2;54;234;195mmemory:  0.47GiB(0.34%)  [34mtps: 229  [36mtflops: 0.04  [35mmfu: 0.00%[39m
[titan] 2026-09-21 08:35:33,767 - torchtitan.observability.metrics - INFO - [31mstep: 92  [32mloss: -1.00000  [38;2;180;60;0mgrad_norm:  0.8352  [38;2;54;234;195mmemory:  0.56GiB(0.40%)  [34mtps: 229  [36mtflops: 0.04  [35mmfu: 0.00%[39m
[titan] 2026-09-21 08:35:36,020 - torchtitan.observability.metrics - INFO - [31mstep: 93  [32mloss:  2.78580  [38;2;180;60;0mgrad_norm:  0.8484  [38;2;54;234;195mmemory:  0.47GiB(0.34%)  [34mtps: 227  [36mtflops: 0.04  [35mmfu: 0.00%[39m
[titan] 2026-09-21 08:35:36,020 - torchtitan.observability.metrics - INFO - [31mstep: 93  [32mloss: -1.00000  [38;2;180;60;0mgrad_norm:  0.8484  [38;2;54;234;195mmemory:  0.56GiB(0.40%)  [34mtps: 227  [36mtflops: 0.04  [35mmfu: 0.00%[39m
[titan] 2026-09-21 08:35:38,269 - torchtitan.observability.metrics - INFO - [31mstep: 94  [32mloss:  2.40922  [38;2;180;60;0mgrad_norm:  0.7125  [38;2;54;234;195mmemory:  0.47GiB(0.34%)  [34mtps: 228  [36mtflops: 0.04  [35mmfu: 0.00%[39m
[titan] 2026-09-21 08:35:38,270 - torchtitan.observability.metrics - INFO - [31mstep: 94  [32mloss: -1.00000  [38;2;180;60;0mgrad_norm:  0.7125  [38;2;54;234;195mmemory:  0.56GiB(0.40%)  [34mtps: 228  [36mtflops: 0.04  [35mmfu: 0.00%[39m
[titan] 2026-09-21 08:35:40,510 - torchtitan.observability.metrics - INFO - [31mstep: 95  [32mloss:  2.50281  [38;2;180;60;0mgrad_norm:  0.7076  [38;2;54;234;195mmemory:  0.47GiB(0.34%)  [34mtps: 228  [36mtflops: 0.04  [35mmfu: 0.00%[39m
[titan] 2026-09-21 08:35:40,510 - torchtitan.observability.metrics - INFO - [31mstep: 95  [32mloss: -1.00000  [38;2;180;60;0mgrad_norm:  0.7076  [38;2;54;234;195mmemory:  0.56GiB(0.40%)  [34mtps: 229  [36mtflops: 0.04  [35mmfu: 0.00%[39m
[titan] 2026-09-21 08:35:42,766 - torchtitan.observability.metrics - INFO - [31mstep: 96  [32mloss:  2.52596  [38;2;180;60;0mgrad_norm:  0.7592  [38;2;54;234;195mmemory:  0.47GiB(0.34%)  [34mtps: 227  [36mtflops: 0.04  [35mmfu: 0.00%[39m
[titan] 2026-09-21 08:35:42,766 - torchtitan.observability.metrics - INFO - [31mstep: 96  [32mloss: -1.00000  [38;2;180;60;0mgrad_norm:  0.7592  [38;2;54;234;195mmemory:  0.56GiB(0.40%)  [34mtps: 227  [36mtflops: 0.04  [35mmfu: 0.00%[39m
[titan] 2026-09-21 08:35:45,034 - torchtitan.observability.metrics - INFO - [31mstep: 97  [32mloss:  2.34758  [38;2;180;60;0mgrad_norm:  0.9859  [38;2;54;234;195mmemory:  0.47GiB(0.34%)  [34mtps: 226  [36mtflops: 0.04  [35mmfu: 0.00%[39m
[titan] 2026-09-21 08:35:45,035 - torchtitan.observability.metrics - INFO - [31mstep: 97  [32mloss: -1.00000  [38;2;180;60;0mgrad_norm:  0.9859  [38;2;54;234;195mmemory:  0.56GiB(0.40%)  [34mtps: 226  [36mtflops: 0.04  [35mmfu: 0.00%[39m
[titan] 2026-09-21 08:35:47,265 - torchtitan.observability.metrics - INFO - [31mstep: 98  [32mloss: -1.00000  [38;2;180;60;0mgrad_norm:  0.6858  [38;2;54;234;195mmemory:  0.56GiB(0.40%)  [34mtps: 230  [36mtflops: 0.04  [35mmfu: 0.00%[39m
[titan] 2026-09-21 08:35:47,265 - torchtitan.observability.metrics - INFO - [31mstep: 98  [32mloss:  2.42608  [38;2;180;60;0mgrad_norm:  0.6858  [38;2;54;234;195mmemory:  0.47GiB(0.34%)  [34mtps: 230  [36mtflops: 0.04  [35mmfu: 0.00%[39m
[titan] 2026-09-21 08:35:49,513 - torchtitan.observability.metrics - INFO - [31mstep: 99  [32mloss:  2.66212  [38;2;180;60;0mgrad_norm:  0.6887  [38;2;54;234;195mmemory:  0.47GiB(0.34%)  [34mtps: 228  [36mtflops: 0.04  [35mmfu: 0.00%[39m
[titan] 2026-09-21 08:35:49,519 - torchtitan.observability.metrics - INFO - [31mstep: 99  [32mloss: -1.00000  [38;2;180;60;0mgrad_norm:  0.6887  [38;2;54;234;195mmemory:  0.56GiB(0.40%)  [34mtps: 227  [36mtflops: 0.04  [35mmfu: 0.00%[39m
[titan] 2026-09-21 08:35:50,079 - torchtitan.tools.utils - INFO - [GC] Performing periodic GC collection took 0.56 seconds
[titan] 2026-09-21 08:35:50,286 - torchtitan.tools.utils - INFO - [GC] Performing periodic GC collection took 0.76 seconds
[titan] 2026-09-21 08:35:52,527 - torchtitan.observability.metrics - INFO - [31mstep: 100  [32mloss:  2.50196  [38;2;180;60;0mgrad_norm:  0.8558  [38;2;54;234;195mmemory:  0.47GiB(0.34%)  [34mtps: 170  [36mtflops: 0.03  [35mmfu: 0.00%[39m
[titan] 2026-09-21 08:35:52,528 - torchtitan.components.checkpointer.dcp - INFO - Saving the checkpointer.
[titan] 2026-09-21 08:35:52,531 - torchtitan.observability.metrics - INFO - [31mstep: 100  [32mloss: -1.00000  [38;2;180;60;0mgrad_norm:  0.8558  [38;2;54;234;195mmemory:  0.56GiB(0.40%)  [34mtps: 170  [36mtflops: 0.03  [35mmfu: 0.00%[39m
[titan] 2026-09-21 08:35:52,531 - torchtitan.components.checkpointer.dcp - INFO - Saving the checkpointer.
[titan] 2026-09-21 08:35:52,533 - torchtitan.components.checkpointer.dcp - INFO - Saving a model only checkpoint in torch.float32 at last step, step 100.
[titan] 2026-09-21 08:35:52,538 - torchtitan.components.checkpointer.dcp - INFO - Saving a model only checkpoint in torch.float32 at last step, step 100.
[titan] 2026-09-21 08:35:52,743 - torchtitan.tools.utils - INFO - [GC] GC collection invoked by checkpointer. took 0.01 seconds
[titan] 2026-09-21 08:35:52,743 - torchtitan.components.checkpointer.dcp - INFO - Last step checkpoint completed in 0.22s
[titan] 2026-09-21 08:35:52,743 - torchtitan.trainer - INFO - Training completed
[titan] 2026-09-21 08:35:52,745 - torchtitan.tools.utils - INFO - [GC] GC collection invoked by checkpointer. took 0.02 seconds
[titan] 2026-09-21 08:35:52,745 - torchtitan.components.checkpointer.dcp - INFO - Last step checkpoint completed in 0.21s
[titan] 2026-09-21 08:35:52,746 - torchtitan.trainer - INFO - Sleeping 2 seconds for other ranks to complete
[titan] 2026-09-21 08:35:52,750 - torchtitan.components.checkpointer.base - INFO - Destroying the purge thread.
[titan] 2026-09-21 08:35:54,746 - torchtitan.trainer - INFO - Training completed
[titan] 2026-09-21 08:35:54,754 - torchtitan.components.checkpointer.base - INFO - Destroying the purge thread.
[titan] 2026-09-21 08:35:55,638 - __main__ - INFO - Process group destroyed
[titan] 2026-09-21 08:35:55,777 - __main__ - INFO - Process group destroyed
