W0921 04:02:26.421000 10002 torch/distributed/run.py:982] 
W0921 04:02:26.421000 10002 torch/distributed/run.py:982] *****************************************
W0921 04:02:26.421000 10002 torch/distributed/run.py:982] Setting OMP_NUM_THREADS environment variable for each process to be 1 in default, to avoid your system being overloaded, please further tune the variable for optimal performance in your application as needed. 
W0921 04:02:26.421000 10002 torch/distributed/run.py:982] *****************************************
WARNING:absl:Failed to load jax profiler: No module named 'jax'
WARNING:absl:Failed to load jax profiler: No module named 'jax'
[titan] 2026-09-21 04:02:31,597 - __main__ - INFO - torchtitan version: 0.0.0+unknown (0.0.0 means __version__ is not defined correctly).
[titan] 2026-09-21 04:02:31,761 - __main__ - INFO - torchtitan version: 0.0.0+unknown (0.0.0 means __version__ is not defined correctly).
[titan] 2026-09-21 04:02:32,169 - torchtitan.components.checkpointer.base - WARNING - initial_load_model_only=True has no effect without an initial_load_path.
[titan] 2026-09-21 04:02:32,252 - torchtitan.components.checkpointer.base - WARNING - initial_load_model_only=True has no effect without an initial_load_path.
[titan] 2026-09-21 04:02:32,254 - torchtitan.observability.structured_logger.jsonl_handler - INFO - Structured logging -> JSONL: /workspace/results/pp_r3/pp2vp4n/structured_logs/training.global_rank_0.20260921-040232-S0XVZ7.jsonl
[titan] 2026-09-21 04:02:32,444 - torchtitan.components.checkpointer.base - WARNING - initial_load_model_only=True has no effect without an initial_load_path.
[titan] 2026-09-21 04:02:32,461 - torchtitan.distributed.utils - WARNING - ENV[TORCH_NCCL_ASYNC_ERROR_HANDLING] = 1 will be overridden to 3 based on job config
[titan] 2026-09-21 04:02:32,527 - torchtitan.components.checkpointer.base - WARNING - initial_load_model_only=True has no effect without an initial_load_path.
[titan] 2026-09-21 04:02:32,529 - torchtitan.observability.structured_logger.jsonl_handler - INFO - Structured logging -> JSONL: /workspace/results/pp_r3/pp2vp4n/structured_logs/training.global_rank_1.20260921-040232-H4DHM8.jsonl
[titan] 2026-09-21 04:02:32,734 - torchtitan.distributed.utils - WARNING - ENV[TORCH_NCCL_ASYNC_ERROR_HANDLING] = 1 will be overridden to 3 based on job config
[titan] 2026-09-21 04:02:33,151 - torchtitan.tools.utils - INFO - [GC] Initial GC collection took 0.00 seconds
[titan] 2026-09-21 04:02:33,151 - torchtitan.distributed.utils - INFO - Deterministic algorithm enabled (expect perf degradation).
[titan] 2026-09-21 04:02:33,152 - torchtitan.tools.utils - INFO - [GC] Initial GC collection took 0.00 seconds
[titan] 2026-09-21 04:02:33,152 - torchtitan.distributed.utils - INFO - Deterministic algorithm enabled (expect perf degradation).
[titan] 2026-09-21 04:02:33,165 - torchtitan.distributed.parallel_dims - INFO - Building device mesh with parallelism: pp=2, dp_replicate=1, dp_shard=1, cp=1, tp=1, ep=1
[titan] 2026-09-21 04:02:33,166 - torchtitan.distributed.parallel_dims - INFO - Building device mesh with parallelism: pp=2, dp_replicate=1, dp_shard=1, cp=1, tp=1, ep=1
[titan] 2026-09-21 04:02:33,486 - torchtitan.distributed.parallel_dims - INFO - Successfully created meshes with active dimensions: ['pp']
[titan] 2026-09-21 04:02:33,486 - torchtitan.distributed.parallel_dims - INFO - Successfully created meshes with active dimensions: ['pp']
[titan] 2026-09-21 04:02:33,488 - torchtitan.observability.metrics - INFO - CUDA capacity: NVIDIA H200 with 139.80GiB memory
[titan] 2026-09-21 04:02:33,488 - torchtitan.observability.metrics - INFO - CUDA capacity: NVIDIA H200 with 139.80GiB memory
[titan] 2026-09-21 04:02:33,500 - torchtitan.tools.utils - WARNING - Error running lspci: [Errno 2] No such file or directory: 'lspci', fallback to use device_name
[titan] 2026-09-21 04:02:33,500 - torchtitan.components.tokenizer - INFO - Loading tokenizer from tokenizer.json
[titan] 2026-09-21 04:02:33,500 - torchtitan.tools.utils - WARNING - Error running lspci: [Errno 2] No such file or directory: 'lspci', fallback to use device_name
[titan] 2026-09-21 04:02:33,501 - torchtitan.components.tokenizer - INFO - Loading tokenizer from tokenizer.json
[titan] 2026-09-21 04:02:34,235 - httpx - INFO - HTTP Request: HEAD https://s3.amazonaws.com/datasets.huggingface.co/datasets/datasets/json/json.py "HTTP/1.1 200 OK"
[titan] 2026-09-21 04:02:34,245 - torchtitan.protocols.state_dict_adapter - WARNING - model.safetensors.index.json not found at hf_assets_path: ./tests/assets/tokenizer/model.safetensors.index.json.                     Defaulting to saving a single safetensors file if checkpoint is saved in HF format
[titan] 2026-09-21 04:02:34,246 - httpx - INFO - HTTP Request: HEAD https://s3.amazonaws.com/datasets.huggingface.co/datasets/datasets/json/json.py "HTTP/1.1 200 OK"
[titan] 2026-09-21 04:02:34,256 - torchtitan.protocols.state_dict_adapter - WARNING - model.safetensors.index.json not found at hf_assets_path: ./tests/assets/tokenizer/model.safetensors.index.json.                     Defaulting to saving a single safetensors file if checkpoint is saved in HF format
[titan] 2026-09-21 04:02:34,357 - torchtitan.models.utils - INFO - Total parameter count: 25,776,880, active parameters: 17,236,208
[titan] 2026-09-21 04:02:34,376 - torchtitan.models.utils - INFO - Total parameter count: 25,776,880, active parameters: 17,236,208
[rank1]:W0921 04:02:34.425000 10070 torch/_logging/_internal.py:1394] Pipeline parallelism is using an eager NCCL communicator. Consider creating its process group with backend="nccl-lazy" so peer communicators are initialized lazily and traffic to different peers can overlap.
[titan] 2026-09-21 04:02:34,426 - torchtitan.distributed.pipeline_parallel - INFO - PP rank 1 is building stage_idx 1 with modules ['layers.2', 'layers.3', 'layers.4']
[rank0]:W0921 04:02:34.445000 10069 torch/_logging/_internal.py:1394] Pipeline parallelism is using an eager NCCL communicator. Consider creating its process group with backend="nccl-lazy" so peer communicators are initialized lazily and traffic to different peers can overlap.
[titan] 2026-09-21 04:02:34,446 - torchtitan.distributed.pipeline_parallel - INFO - PP rank 0 is building stage_idx 0 with modules ['vision_encoder', 'tok_embeddings', 'layers.0', 'layers.1']
[titan] 2026-09-21 04:02:34,492 - torchtitan.distributed.pipeline_parallel - INFO - PP rank 1 is building stage_idx 3 with modules ['layers.8', 'layers.9']
[titan] 2026-09-21 04:02:34,512 - torchtitan.distributed.pipeline_parallel - INFO - PP rank 0 is building stage_idx 2 with modules ['layers.5', 'layers.6', 'layers.7']
[titan] 2026-09-21 04:02:34,557 - torchtitan.distributed.pipeline_parallel - INFO - PP rank 1 is building stage_idx 5 with modules ['layers.12', 'layers.13']
[titan] 2026-09-21 04:02:34,579 - torchtitan.distributed.pipeline_parallel - INFO - PP rank 0 is building stage_idx 4 with modules ['layers.10', 'layers.11']
[titan] 2026-09-21 04:02:34,623 - torchtitan.distributed.pipeline_parallel - INFO - PP rank 1 is building stage_idx 7 with modules ['layers.16', 'norm', 'lm_head', 'output_res_proj', 'output_res_norm']
[titan] 2026-09-21 04:02:34,645 - torchtitan.distributed.pipeline_parallel - INFO - PP rank 0 is building stage_idx 6 with modules ['layers.14', 'layers.15']
[titan] 2026-09-21 04:02:34,650 - torchtitan.distributed.activation_checkpoint - INFO - Applied SelectiveAC activation checkpointing to the model
[titan] 2026-09-21 04:02:34,661 - torchtitan.distributed.activation_checkpoint - INFO - Applied SelectiveAC activation checkpointing to the model
[titan] 2026-09-21 04:02:34,661 - torchtitan.distributed.activation_checkpoint - INFO - Applied SelectiveAC activation checkpointing to the model
[titan] 2026-09-21 04:02:34,700 - torchtitan.distributed.fsdp - INFO - Applied FSDP to the model
[titan] 2026-09-21 04:02:34,707 - torchtitan.distributed.activation_checkpoint - INFO - Applied SelectiveAC activation checkpointing to the model
[titan] 2026-09-21 04:02:34,714 - torchtitan.distributed.fsdp - INFO - Applied FSDP to the model
[titan] 2026-09-21 04:02:34,716 - torchtitan.distributed.fsdp - INFO - Applied FSDP to the model
[titan] 2026-09-21 04:02:34,723 - torchtitan.distributed.activation_checkpoint - INFO - Applied SelectiveAC activation checkpointing to the model
[titan] 2026-09-21 04:02:34,725 - torchtitan.distributed.activation_checkpoint - INFO - Applied SelectiveAC activation checkpointing to the model
[titan] 2026-09-21 04:02:34,731 - torchtitan.distributed.fsdp - INFO - Applied FSDP to the model
[titan] 2026-09-21 04:02:34,735 - torchtitan.distributed.activation_checkpoint - INFO - Applied SelectiveAC activation checkpointing to the model
[titan] 2026-09-21 04:02:34,741 - torchtitan.distributed.fsdp - INFO - Applied FSDP to the model
[titan] 2026-09-21 04:02:34,741 - torchtitan.distributed.pipeline_parallel - WARNING - Number of microbatches (4) is less than the total number of stages (8) which may result in a bubble in the pipeline.
[titan] 2026-09-21 04:02:34,742 - torchtitan.distributed.pipeline_parallel - INFO - Using pipeline schedule Interleaved1F1B with 4 microbatches and 8 stages.
[titan] 2026-09-21 04:02:34,742 - torchtitan.models.kimi_k3.pipeline_parallel - INFO - Kimi K3 pipeline: 4 stage(s) on this rank [1, 3, 5, 7], block transport whole stack every hop
[titan] 2026-09-21 04:02:34,743 - torchtitan.distributed.fsdp - INFO - Applied FSDP to the model
[titan] 2026-09-21 04:02:34,750 - torchtitan.distributed.activation_checkpoint - INFO - Applied SelectiveAC activation checkpointing to the model
[titan] 2026-09-21 04:02:34,758 - torchtitan.distributed.fsdp - INFO - Applied FSDP to the model
[titan] 2026-09-21 04:02:34,765 - torchtitan.distributed.activation_checkpoint - INFO - Applied SelectiveAC activation checkpointing to the model
[titan] 2026-09-21 04:02:34,772 - torchtitan.distributed.fsdp - INFO - Applied FSDP to the model
[titan] 2026-09-21 04:02:34,772 - torchtitan.distributed.pipeline_parallel - WARNING - Number of microbatches (4) is less than the total number of stages (8) which may result in a bubble in the pipeline.
[titan] 2026-09-21 04:02:34,773 - torchtitan.distributed.pipeline_parallel - INFO - Using pipeline schedule Interleaved1F1B with 4 microbatches and 8 stages.
[titan] 2026-09-21 04:02:34,773 - torchtitan.models.kimi_k3.pipeline_parallel - INFO - Kimi K3 pipeline: 4 stage(s) on this rank [0, 2, 4, 6], block transport whole stack every hop
[rank1]:W0921 04:02:35.015000 10070 torch/distributed/tensor/_random.py:215] DTensor is synchronizing RNG states of every rank with the state from rank 0. This behavior is deprecated. Please call `torch.manual_seed()` on every rank that participates in SPMD DTensor Operations with the same seed. If using Pipeline Parallelism, each pipeline state would use a different seed, but all ranks belonging to one pipeline stage would use the same seed.
[titan] 2026-09-21 04:02:35,297 - torchtitan.training_engine - INFO - Model kimi_k3 debugmodel size: 25,776,880 total parameters
[titan] 2026-09-21 04:02:35,298 - torchtitan.components.optimizer.optimizer - INFO - Optimizer AdamW (model_part=0): 81 params [.*] {'fused': True, 'foreach': False, 'lr': 0.0008, 'betas': (0.9, 0.95), 'eps': 1e-08, 'weight_decay': 0.1}
[titan] 2026-09-21 04:02:35,299 - torchtitan.components.optimizer.optimizer - INFO - Optimizer AdamW (model_part=1): 58 params [.*] {'fused': True, 'foreach': False, 'lr': 0.0008, 'betas': (0.9, 0.95), 'eps': 1e-08, 'weight_decay': 0.1}
[titan] 2026-09-21 04:02:35,299 - torchtitan.components.optimizer.optimizer - INFO - Optimizer AdamW (model_part=2): 58 params [.*] {'fused': True, 'foreach': False, 'lr': 0.0008, 'betas': (0.9, 0.95), 'eps': 1e-08, 'weight_decay': 0.1}
[titan] 2026-09-21 04:02:35,299 - torchtitan.components.optimizer.optimizer - INFO - Optimizer AdamW (model_part=3): 27 params [.*] {'fused': True, 'foreach': False, 'lr': 0.0008, 'betas': (0.9, 0.95), 'eps': 1e-08, 'weight_decay': 0.1}
[titan] 2026-09-21 04:02:35,301 - torchtitan.components.checkpointer.base - WARNING - initial_load_model_only=True has no effect without an initial_load_path.
[titan] 2026-09-21 04:02:35,320 - torchtitan.components.checkpointer.dcp - INFO - Checkpointing active. Checkpoints will be loaded from and saved to /workspace/results/pp_r3/pp2vp4n/checkpoint
[titan] 2026-09-21 04:02:35,321 - torchtitan.observability.metrics - WARNING - [31mPipeline Parallel loss is not visible. Please add [33mrank 1[31m to LOG_RANK environment variable in run_train.sh.[39m
[titan] 2026-09-21 04:02:35,321 - torchtitan.trainer - INFO - Peak FLOPS used for computing MFU: 9.890e+14
[titan] 2026-09-21 04:02:35,321 - torchtitan.trainer - INFO - CUDA memory usage for model: 0.03GiB(0.02%)
[titan] 2026-09-21 04:02:35,321 - torchtitan.trainer - INFO - Trainer is initialized with 1024 tokens per DP rank, 1024 tokens per train step, gradient accumulation steps 1, maximum context length 2048, total steps 100 (warmup 2)
[titan] 2026-09-21 04:02:35,321 - torchtitan.components.checkpointer.base - INFO - Loading the checkpoint from /workspace/results/pp_r3/pp2vp4n/checkpoint/step-0.
[titan] 2026-09-21 04:02:35,399 - torchtitan.training_engine - INFO - Model kimi_k3 debugmodel size: 25,776,880 total parameters
[titan] 2026-09-21 04:02:35,400 - torchtitan.components.optimizer.optimizer - INFO - Optimizer AdamW (model_part=0): 72 params [.*] {'fused': True, 'foreach': False, 'lr': 0.0008, 'betas': (0.9, 0.95), 'eps': 1e-08, 'weight_decay': 0.1}
[titan] 2026-09-21 04:02:35,400 - torchtitan.components.optimizer.optimizer - INFO - Optimizer AdamW (model_part=1): 81 params [.*] {'fused': True, 'foreach': False, 'lr': 0.0008, 'betas': (0.9, 0.95), 'eps': 1e-08, 'weight_decay': 0.1}
[titan] 2026-09-21 04:02:35,401 - torchtitan.components.optimizer.optimizer - INFO - Optimizer AdamW (model_part=2): 52 params [.*] {'fused': True, 'foreach': False, 'lr': 0.0008, 'betas': (0.9, 0.95), 'eps': 1e-08, 'weight_decay': 0.1}
[titan] 2026-09-21 04:02:35,401 - torchtitan.components.optimizer.optimizer - INFO - Optimizer AdamW (model_part=3): 52 params [.*] {'fused': True, 'foreach': False, 'lr': 0.0008, 'betas': (0.9, 0.95), 'eps': 1e-08, 'weight_decay': 0.1}
[titan] 2026-09-21 04:02:35,403 - torchtitan.components.checkpointer.base - WARNING - initial_load_model_only=True has no effect without an initial_load_path.
[titan] 2026-09-21 04:02:35,425 - torchtitan.components.checkpointer.dcp - INFO - Checkpointing active. Checkpoints will be loaded from and saved to /workspace/results/pp_r3/pp2vp4n/checkpoint
[titan] 2026-09-21 04:02:35,426 - torchtitan.observability.metrics - WARNING - [31mPipeline Parallel loss is not visible. Please add [33mrank 1[31m to LOG_RANK environment variable in run_train.sh.[39m
[titan] 2026-09-21 04:02:35,426 - torchtitan.trainer - INFO - Peak FLOPS used for computing MFU: 9.890e+14
[titan] 2026-09-21 04:02:35,426 - torchtitan.trainer - INFO - CUDA memory usage for model: 0.05GiB(0.03%)
[titan] 2026-09-21 04:02:35,426 - torchtitan.trainer - INFO - Trainer is initialized with 1024 tokens per DP rank, 1024 tokens per train step, gradient accumulation steps 1, maximum context length 2048, total steps 100 (warmup 2)
[titan] 2026-09-21 04:02:35,426 - torchtitan.components.checkpointer.base - INFO - Loading the checkpoint from /workspace/results/pp_r3/pp2vp4n/checkpoint/step-0.
[titan] 2026-09-21 04:02:35,825 - torchtitan.tools.utils - INFO - [GC] GC collection for checkpoint loading. took 0.01 seconds
[titan] 2026-09-21 04:02:35,825 - torchtitan.components.checkpointer.base - INFO - Finished loading the checkpoint in 0.50 seconds.
[titan] 2026-09-21 04:02:35,826 - torchtitan.trainer - INFO - Training starts at step 1
[titan] 2026-09-21 04:02:35,838 - torchtitan.tools.utils - INFO - [GC] GC collection for checkpoint loading. took 0.02 seconds
[titan] 2026-09-21 04:02:35,838 - torchtitan.components.checkpointer.base - INFO - Finished loading the checkpoint in 0.41 seconds.
[titan] 2026-09-21 04:02:35,838 - torchtitan.trainer - INFO - Training starts at step 1
/workspace/venv_k3/lib/python3.12/site-packages/torch/distributed/fsdp/_fully_shard/_fsdp_state.py:336: UserWarning: FSDP2-wrapped module (FSDPCheckpointWrapper) returned a view tensor. An in-place op on this view (e.g., `x += y`) will silently drop the pre-backward hook and skip the all-gather, which can cause backward to fail or produce wrong gradients. Use out-of-place ops (`out = out + y`, not `out += y`) or `.clone()` the output before any in-place op.
  output = self._register_pre_backward_hook(output)
/workspace/venv_k3/lib/python3.12/site-packages/torch/distributed/fsdp/_fully_shard/_fsdp_state.py:336: UserWarning: FSDP2-wrapped module (FSDPKimiK3Model) returned a view tensor. An in-place op on this view (e.g., `x += y`) will silently drop the pre-backward hook and skip the all-gather, which can cause backward to fail or produce wrong gradients. Use out-of-place ops (`out = out + y`, not `out += y`) or `.clone()` the output before any in-place op.
  output = self._register_pre_backward_hook(output)
/workspace/venv_k3/lib/python3.12/site-packages/torch/distributed/fsdp/_fully_shard/_fsdp_state.py:336: UserWarning: FSDP2-wrapped module (FSDPCheckpointWrapper) returned a view tensor. An in-place op on this view (e.g., `x += y`) will silently drop the pre-backward hook and skip the all-gather, which can cause backward to fail or produce wrong gradients. Use out-of-place ops (`out = out + y`, not `out += y`) or `.clone()` the output before any in-place op.
  output = self._register_pre_backward_hook(output)
/workspace/venv_k3/lib/python3.12/site-packages/torch/distributed/fsdp/_fully_shard/_fsdp_state.py:336: UserWarning: FSDP2-wrapped module (FSDPCheckpointWrapper) returned a view tensor. An in-place op on this view (e.g., `x += y`) will silently drop the pre-backward hook and skip the all-gather, which can cause backward to fail or produce wrong gradients. Use out-of-place ops (`out = out + y`, not `out += y`) or `.clone()` the output before any in-place op.
  output = self._register_pre_backward_hook(output)
/workspace/venv_k3/lib/python3.12/site-packages/torch/distributed/fsdp/_fully_shard/_fsdp_state.py:336: UserWarning: FSDP2-wrapped module (FSDPCheckpointWrapper) returned a view tensor. An in-place op on this view (e.g., `x += y`) will silently drop the pre-backward hook and skip the all-gather, which can cause backward to fail or produce wrong gradients. Use out-of-place ops (`out = out + y`, not `out += y`) or `.clone()` the output before any in-place op.
  output = self._register_pre_backward_hook(output)
/workspace/venv_k3/lib/python3.12/site-packages/torch/distributed/fsdp/_fully_shard/_fsdp_state.py:336: UserWarning: FSDP2-wrapped module (FSDPKimiK3Model) returned a view tensor. An in-place op on this view (e.g., `x += y`) will silently drop the pre-backward hook and skip the all-gather, which can cause backward to fail or produce wrong gradients. Use out-of-place ops (`out = out + y`, not `out += y`) or `.clone()` the output before any in-place op.
  output = self._register_pre_backward_hook(output)
/workspace/venv_k3/lib/python3.12/site-packages/torch/distributed/fsdp/_fully_shard/_fsdp_state.py:336: UserWarning: FSDP2-wrapped module (FSDPKimiK3Model) returned a view tensor. An in-place op on this view (e.g., `x += y`) will silently drop the pre-backward hook and skip the all-gather, which can cause backward to fail or produce wrong gradients. Use out-of-place ops (`out = out + y`, not `out += y`) or `.clone()` the output before any in-place op.
  output = self._register_pre_backward_hook(output)
[titan] 2026-09-21 04:02:43,313 - torchtitan.observability.metrics - INFO - [31mstep:  1  [32mloss:  8.05550  [38;2;180;60;0mgrad_norm:  2.1450  [38;2;54;234;195mmemory:  0.29GiB(0.21%)  [34mtps: 52  [36mtflops: 0.01  [35mmfu: 0.00%[39m
[titan] 2026-09-21 04:02:43,313 - torchtitan.distributed.utils - INFO - Synchronizing and adjusting timeout for all ProcessGroups to 0:01:40
[titan] 2026-09-21 04:02:43,375 - torchtitan.observability.metrics - INFO - [31mstep:  1  [32mloss: -1.00000  [38;2;180;60;0mgrad_norm:  2.1450  [38;2;54;234;195mmemory:  0.29GiB(0.21%)  [34mtps: 52  [36mtflops: 0.01  [35mmfu: 0.00%[39m
[titan] 2026-09-21 04:02:43,376 - torchtitan.distributed.utils - INFO - Synchronizing and adjusting timeout for all ProcessGroups to 0:01:40
[titan] 2026-09-21 04:02:44,258 - torchtitan.observability.metrics - INFO - [31mstep:  2  [32mloss:  6.91989  [38;2;180;60;0mgrad_norm:  7.5774  [38;2;54;234;195mmemory:  0.33GiB(0.24%)  [34mtps: 542  [36mtflops: 0.08  [35mmfu: 0.01%[39m
[titan] 2026-09-21 04:02:44,264 - torchtitan.observability.metrics - INFO - [31mstep:  2  [32mloss: -1.00000  [38;2;180;60;0mgrad_norm:  7.5774  [38;2;54;234;195mmemory:  0.33GiB(0.24%)  [34mtps: 576  [36mtflops: 0.09  [35mmfu: 0.01%[39m
[titan] 2026-09-21 04:02:45,119 - torchtitan.observability.metrics - INFO - [31mstep:  3  [32mloss:  5.71854  [38;2;180;60;0mgrad_norm:  3.4240  [38;2;54;234;195mmemory:  0.33GiB(0.24%)  [34mtps: 595  [36mtflops: 0.09  [35mmfu: 0.01%[39m
[titan] 2026-09-21 04:02:45,125 - torchtitan.observability.metrics - INFO - [31mstep:  3  [32mloss: -1.00000  [38;2;180;60;0mgrad_norm:  3.4240  [38;2;54;234;195mmemory:  0.33GiB(0.24%)  [34mtps: 595  [36mtflops: 0.09  [35mmfu: 0.01%[39m
[titan] 2026-09-21 04:02:45,993 - torchtitan.observability.metrics - INFO - [31mstep:  4  [32mloss:  5.12567  [38;2;180;60;0mgrad_norm:  2.9982  [38;2;54;234;195mmemory:  0.33GiB(0.24%)  [34mtps: 586  [36mtflops: 0.09  [35mmfu: 0.01%[39m
[titan] 2026-09-21 04:02:45,998 - torchtitan.observability.metrics - INFO - [31mstep:  4  [32mloss: -1.00000  [38;2;180;60;0mgrad_norm:  2.9982  [38;2;54;234;195mmemory:  0.33GiB(0.24%)  [34mtps: 586  [36mtflops: 0.09  [35mmfu: 0.01%[39m
[titan] 2026-09-21 04:02:46,851 - torchtitan.observability.metrics - INFO - [31mstep:  5  [32mloss:  4.31702  [38;2;180;60;0mgrad_norm:  2.5185  [38;2;54;234;195mmemory:  0.33GiB(0.24%)  [34mtps: 596  [36mtflops: 0.09  [35mmfu: 0.01%[39m
[titan] 2026-09-21 04:02:46,857 - torchtitan.observability.metrics - INFO - [31mstep:  5  [32mloss: -1.00000  [38;2;180;60;0mgrad_norm:  2.5185  [38;2;54;234;195mmemory:  0.33GiB(0.24%)  [34mtps: 596  [36mtflops: 0.09  [35mmfu: 0.01%[39m
[titan] 2026-09-21 04:02:47,722 - torchtitan.observability.metrics - INFO - [31mstep:  6  [32mloss:  4.13546  [38;2;180;60;0mgrad_norm:  2.1233  [38;2;54;234;195mmemory:  0.33GiB(0.24%)  [34mtps: 588  [36mtflops: 0.09  [35mmfu: 0.01%[39m
[titan] 2026-09-21 04:02:47,728 - torchtitan.observability.metrics - INFO - [31mstep:  6  [32mloss: -1.00000  [38;2;180;60;0mgrad_norm:  2.1233  [38;2;54;234;195mmemory:  0.33GiB(0.24%)  [34mtps: 588  [36mtflops: 0.09  [35mmfu: 0.01%[39m
[titan] 2026-09-21 04:02:48,591 - torchtitan.observability.metrics - INFO - [31mstep:  7  [32mloss:  3.93834  [38;2;180;60;0mgrad_norm:  1.8783  [38;2;54;234;195mmemory:  0.33GiB(0.24%)  [34mtps: 590  [36mtflops: 0.09  [35mmfu: 0.01%[39m
[titan] 2026-09-21 04:02:48,596 - torchtitan.observability.metrics - INFO - [31mstep:  7  [32mloss: -1.00000  [38;2;180;60;0mgrad_norm:  1.8783  [38;2;54;234;195mmemory:  0.33GiB(0.24%)  [34mtps: 589  [36mtflops: 0.09  [35mmfu: 0.01%[39m
[titan] 2026-09-21 04:02:49,452 - torchtitan.observability.metrics - INFO - [31mstep:  8  [32mloss:  3.65893  [38;2;180;60;0mgrad_norm:  1.6458  [38;2;54;234;195mmemory:  0.33GiB(0.24%)  [34mtps: 594  [36mtflops: 0.09  [35mmfu: 0.01%[39m
[titan] 2026-09-21 04:02:49,458 - torchtitan.observability.metrics - INFO - [31mstep:  8  [32mloss: -1.00000  [38;2;180;60;0mgrad_norm:  1.6458  [38;2;54;234;195mmemory:  0.33GiB(0.24%)  [34mtps: 594  [36mtflops: 0.09  [35mmfu: 0.01%[39m
[titan] 2026-09-21 04:02:50,317 - torchtitan.observability.metrics - INFO - [31mstep:  9  [32mloss:  3.70941  [38;2;180;60;0mgrad_norm:  1.5596  [38;2;54;234;195mmemory:  0.33GiB(0.24%)  [34mtps: 592  [36mtflops: 0.09  [35mmfu: 0.01%[39m
[titan] 2026-09-21 04:02:50,323 - torchtitan.observability.metrics - INFO - [31mstep:  9  [32mloss: -1.00000  [38;2;180;60;0mgrad_norm:  1.5596  [38;2;54;234;195mmemory:  0.33GiB(0.24%)  [34mtps: 592  [36mtflops: 0.09  [35mmfu: 0.01%[39m
[titan] 2026-09-21 04:02:51,180 - torchtitan.observability.metrics - INFO - [31mstep: 10  [32mloss:  3.40729  [38;2;180;60;0mgrad_norm:  1.2629  [38;2;54;234;195mmemory:  0.33GiB(0.24%)  [34mtps: 593  [36mtflops: 0.09  [35mmfu: 0.01%[39m
[titan] 2026-09-21 04:02:51,186 - torchtitan.observability.metrics - INFO - [31mstep: 10  [32mloss: -1.00000  [38;2;180;60;0mgrad_norm:  1.2629  [38;2;54;234;195mmemory:  0.33GiB(0.24%)  [34mtps: 593  [36mtflops: 0.09  [35mmfu: 0.01%[39m
[titan] 2026-09-21 04:02:52,048 - torchtitan.observability.metrics - INFO - [31mstep: 11  [32mloss:  3.27675  [38;2;180;60;0mgrad_norm:  1.1478  [38;2;54;234;195mmemory:  0.33GiB(0.24%)  [34mtps: 590  [36mtflops: 0.09  [35mmfu: 0.01%[39m
[titan] 2026-09-21 04:02:52,054 - torchtitan.observability.metrics - INFO - [31mstep: 11  [32mloss: -1.00000  [38;2;180;60;0mgrad_norm:  1.1478  [38;2;54;234;195mmemory:  0.33GiB(0.24%)  [34mtps: 590  [36mtflops: 0.09  [35mmfu: 0.01%[39m
[titan] 2026-09-21 04:02:52,909 - torchtitan.observability.metrics - INFO - [31mstep: 12  [32mloss:  3.65596  [38;2;180;60;0mgrad_norm:  1.1040  [38;2;54;234;195mmemory:  0.33GiB(0.24%)  [34mtps: 594  [36mtflops: 0.09  [35mmfu: 0.01%[39m
[titan] 2026-09-21 04:02:52,915 - torchtitan.observability.metrics - INFO - [31mstep: 12  [32mloss: -1.00000  [38;2;180;60;0mgrad_norm:  1.1040  [38;2;54;234;195mmemory:  0.33GiB(0.24%)  [34mtps: 594  [36mtflops: 0.09  [35mmfu: 0.01%[39m
[titan] 2026-09-21 04:02:53,769 - torchtitan.observability.metrics - INFO - [31mstep: 13  [32mloss:  3.16681  [38;2;180;60;0mgrad_norm:  1.1885  [38;2;54;234;195mmemory:  0.33GiB(0.24%)  [34mtps: 596  [36mtflops: 0.09  [35mmfu: 0.01%[39m
[titan] 2026-09-21 04:02:53,775 - torchtitan.observability.metrics - INFO - [31mstep: 13  [32mloss: -1.00000  [38;2;180;60;0mgrad_norm:  1.1885  [38;2;54;234;195mmemory:  0.33GiB(0.24%)  [34mtps: 596  [36mtflops: 0.09  [35mmfu: 0.01%[39m
[titan] 2026-09-21 04:02:54,629 - torchtitan.observability.metrics - INFO - [31mstep: 14  [32mloss:  3.42227  [38;2;180;60;0mgrad_norm:  1.1620  [38;2;54;234;195mmemory:  0.33GiB(0.24%)  [34mtps: 595  [36mtflops: 0.09  [35mmfu: 0.01%[39m
[titan] 2026-09-21 04:02:54,635 - torchtitan.observability.metrics - INFO - [31mstep: 14  [32mloss: -1.00000  [38;2;180;60;0mgrad_norm:  1.1620  [38;2;54;234;195mmemory:  0.33GiB(0.24%)  [34mtps: 595  [36mtflops: 0.09  [35mmfu: 0.01%[39m
[titan] 2026-09-21 04:02:55,508 - torchtitan.observability.metrics - INFO - [31mstep: 15  [32mloss:  3.10610  [38;2;180;60;0mgrad_norm:  1.3105  [38;2;54;234;195mmemory:  0.33GiB(0.24%)  [34mtps: 583  [36mtflops: 0.09  [35mmfu: 0.01%[39m
[titan] 2026-09-21 04:02:55,514 - torchtitan.observability.metrics - INFO - [31mstep: 15  [32mloss: -1.00000  [38;2;180;60;0mgrad_norm:  1.3105  [38;2;54;234;195mmemory:  0.33GiB(0.24%)  [34mtps: 583  [36mtflops: 0.09  [35mmfu: 0.01%[39m
[titan] 2026-09-21 04:02:56,372 - torchtitan.observability.metrics - INFO - [31mstep: 16  [32mloss:  3.15466  [38;2;180;60;0mgrad_norm:  0.9779  [38;2;54;234;195mmemory:  0.33GiB(0.24%)  [34mtps: 593  [36mtflops: 0.09  [35mmfu: 0.01%[39m
[titan] 2026-09-21 04:02:56,378 - torchtitan.observability.metrics - INFO - [31mstep: 16  [32mloss: -1.00000  [38;2;180;60;0mgrad_norm:  0.9779  [38;2;54;234;195mmemory:  0.33GiB(0.24%)  [34mtps: 593  [36mtflops: 0.09  [35mmfu: 0.01%[39m
[titan] 2026-09-21 04:02:57,235 - torchtitan.observability.metrics - INFO - [31mstep: 17  [32mloss:  2.98303  [38;2;180;60;0mgrad_norm:  1.0097  [38;2;54;234;195mmemory:  0.33GiB(0.24%)  [34mtps: 593  [36mtflops: 0.09  [35mmfu: 0.01%[39m
[titan] 2026-09-21 04:02:57,241 - torchtitan.observability.metrics - INFO - [31mstep: 17  [32mloss: -1.00000  [38;2;180;60;0mgrad_norm:  1.0097  [38;2;54;234;195mmemory:  0.33GiB(0.24%)  [34mtps: 593  [36mtflops: 0.09  [35mmfu: 0.01%[39m
[titan] 2026-09-21 04:02:58,102 - torchtitan.observability.metrics - INFO - [31mstep: 18  [32mloss:  3.04715  [38;2;180;60;0mgrad_norm:  0.7732  [38;2;54;234;195mmemory:  0.33GiB(0.24%)  [34mtps: 591  [36mtflops: 0.09  [35mmfu: 0.01%[39m
[titan] 2026-09-21 04:02:58,108 - torchtitan.observability.metrics - INFO - [31mstep: 18  [32mloss: -1.00000  [38;2;180;60;0mgrad_norm:  0.7732  [38;2;54;234;195mmemory:  0.33GiB(0.24%)  [34mtps: 591  [36mtflops: 0.09  [35mmfu: 0.01%[39m
[titan] 2026-09-21 04:02:58,964 - torchtitan.observability.metrics - INFO - [31mstep: 19  [32mloss:  2.73863  [38;2;180;60;0mgrad_norm:  0.8346  [38;2;54;234;195mmemory:  0.33GiB(0.24%)  [34mtps: 594  [36mtflops: 0.09  [35mmfu: 0.01%[39m
[titan] 2026-09-21 04:02:58,970 - torchtitan.observability.metrics - INFO - [31mstep: 19  [32mloss: -1.00000  [38;2;180;60;0mgrad_norm:  0.8346  [38;2;54;234;195mmemory:  0.33GiB(0.24%)  [34mtps: 594  [36mtflops: 0.09  [35mmfu: 0.01%[39m
[titan] 2026-09-21 04:02:59,844 - torchtitan.observability.metrics - INFO - [31mstep: 20  [32mloss:  2.91500  [38;2;180;60;0mgrad_norm:  0.9008  [38;2;54;234;195mmemory:  0.33GiB(0.24%)  [34mtps: 582  [36mtflops: 0.09  [35mmfu: 0.01%[39m
[titan] 2026-09-21 04:02:59,849 - torchtitan.observability.metrics - INFO - [31mstep: 20  [32mloss: -1.00000  [38;2;180;60;0mgrad_norm:  0.9008  [38;2;54;234;195mmemory:  0.33GiB(0.24%)  [34mtps: 582  [36mtflops: 0.09  [35mmfu: 0.01%[39m
[titan] 2026-09-21 04:03:00,728 - torchtitan.observability.metrics - INFO - [31mstep: 21  [32mloss:  3.09958  [38;2;180;60;0mgrad_norm:  0.7440  [38;2;54;234;195mmemory:  0.33GiB(0.24%)  [34mtps: 579  [36mtflops: 0.09  [35mmfu: 0.01%[39m
[titan] 2026-09-21 04:03:00,734 - torchtitan.observability.metrics - INFO - [31mstep: 21  [32mloss: -1.00000  [38;2;180;60;0mgrad_norm:  0.7440  [38;2;54;234;195mmemory:  0.33GiB(0.24%)  [34mtps: 579  [36mtflops: 0.09  [35mmfu: 0.01%[39m
[titan] 2026-09-21 04:03:01,621 - torchtitan.observability.metrics - INFO - [31mstep: 22  [32mloss:  2.87232  [38;2;180;60;0mgrad_norm:  1.1098  [38;2;54;234;195mmemory:  0.33GiB(0.24%)  [34mtps: 574  [36mtflops: 0.09  [35mmfu: 0.01%[39m
[titan] 2026-09-21 04:03:01,628 - torchtitan.observability.metrics - INFO - [31mstep: 22  [32mloss: -1.00000  [38;2;180;60;0mgrad_norm:  1.1098  [38;2;54;234;195mmemory:  0.33GiB(0.24%)  [34mtps: 573  [36mtflops: 0.09  [35mmfu: 0.01%[39m
[titan] 2026-09-21 04:03:02,504 - torchtitan.observability.metrics - INFO - [31mstep: 23  [32mloss:  2.67683  [38;2;180;60;0mgrad_norm:  0.7373  [38;2;54;234;195mmemory:  0.33GiB(0.24%)  [34mtps: 580  [36mtflops: 0.09  [35mmfu: 0.01%[39m
[titan] 2026-09-21 04:03:02,510 - torchtitan.observability.metrics - INFO - [31mstep: 23  [32mloss: -1.00000  [38;2;180;60;0mgrad_norm:  0.7373  [38;2;54;234;195mmemory:  0.33GiB(0.24%)  [34mtps: 581  [36mtflops: 0.09  [35mmfu: 0.01%[39m
[titan] 2026-09-21 04:03:03,408 - torchtitan.observability.metrics - INFO - [31mstep: 24  [32mloss:  2.89140  [38;2;180;60;0mgrad_norm:  1.0110  [38;2;54;234;195mmemory:  0.33GiB(0.24%)  [34mtps: 566  [36mtflops: 0.09  [35mmfu: 0.01%[39m
[titan] 2026-09-21 04:03:03,414 - torchtitan.observability.metrics - INFO - [31mstep: 24  [32mloss: -1.00000  [38;2;180;60;0mgrad_norm:  1.0110  [38;2;54;234;195mmemory:  0.33GiB(0.24%)  [34mtps: 566  [36mtflops: 0.09  [35mmfu: 0.01%[39m
[titan] 2026-09-21 04:03:04,298 - torchtitan.observability.metrics - INFO - [31mstep: 25  [32mloss:  3.15608  [38;2;180;60;0mgrad_norm:  1.0572  [38;2;54;234;195mmemory:  0.33GiB(0.24%)  [34mtps: 575  [36mtflops: 0.09  [35mmfu: 0.01%[39m
[titan] 2026-09-21 04:03:04,304 - torchtitan.observability.metrics - INFO - [31mstep: 25  [32mloss: -1.00000  [38;2;180;60;0mgrad_norm:  1.0572  [38;2;54;234;195mmemory:  0.33GiB(0.24%)  [34mtps: 576  [36mtflops: 0.09  [35mmfu: 0.01%[39m
[titan] 2026-09-21 04:03:05,211 - torchtitan.observability.metrics - INFO - [31mstep: 26  [32mloss:  2.69503  [38;2;180;60;0mgrad_norm:  1.1572  [38;2;54;234;195mmemory:  0.33GiB(0.24%)  [34mtps: 561  [36mtflops: 0.09  [35mmfu: 0.01%[39m
[titan] 2026-09-21 04:03:05,217 - torchtitan.observability.metrics - INFO - [31mstep: 26  [32mloss: -1.00000  [38;2;180;60;0mgrad_norm:  1.1572  [38;2;54;234;195mmemory:  0.33GiB(0.24%)  [34mtps: 561  [36mtflops: 0.09  [35mmfu: 0.01%[39m
[titan] 2026-09-21 04:03:06,125 - torchtitan.observability.metrics - INFO - [31mstep: 27  [32mloss:  2.82218  [38;2;180;60;0mgrad_norm:  0.8319  [38;2;54;234;195mmemory:  0.33GiB(0.24%)  [34mtps: 561  [36mtflops: 0.09  [35mmfu: 0.01%[39m
[titan] 2026-09-21 04:03:06,131 - torchtitan.observability.metrics - INFO - [31mstep: 27  [32mloss: -1.00000  [38;2;180;60;0mgrad_norm:  0.8319  [38;2;54;234;195mmemory:  0.33GiB(0.24%)  [34mtps: 561  [36mtflops: 0.09  [35mmfu: 0.01%[39m
[titan] 2026-09-21 04:03:06,994 - torchtitan.observability.metrics - INFO - [31mstep: 28  [32mloss:  2.95415  [38;2;180;60;0mgrad_norm:  1.0334  [38;2;54;234;195mmemory:  0.33GiB(0.24%)  [34mtps: 589  [36mtflops: 0.09  [35mmfu: 0.01%[39m
[titan] 2026-09-21 04:03:07,000 - torchtitan.observability.metrics - INFO - [31mstep: 28  [32mloss: -1.00000  [38;2;180;60;0mgrad_norm:  1.0334  [38;2;54;234;195mmemory:  0.33GiB(0.24%)  [34mtps: 589  [36mtflops: 0.09  [35mmfu: 0.01%[39m
[titan] 2026-09-21 04:03:07,880 - torchtitan.observability.metrics - INFO - [31mstep: 29  [32mloss:  2.65108  [38;2;180;60;0mgrad_norm:  0.9883  [38;2;54;234;195mmemory:  0.33GiB(0.24%)  [34mtps: 578  [36mtflops: 0.09  [35mmfu: 0.01%[39m
[titan] 2026-09-21 04:03:07,886 - torchtitan.observability.metrics - INFO - [31mstep: 29  [32mloss: -1.00000  [38;2;180;60;0mgrad_norm:  0.9883  [38;2;54;234;195mmemory:  0.33GiB(0.24%)  [34mtps: 578  [36mtflops: 0.09  [35mmfu: 0.01%[39m
[titan] 2026-09-21 04:03:08,754 - torchtitan.observability.metrics - INFO - [31mstep: 30  [32mloss:  2.93233  [38;2;180;60;0mgrad_norm:  0.9174  [38;2;54;234;195mmemory:  0.33GiB(0.24%)  [34mtps: 586  [36mtflops: 0.09  [35mmfu: 0.01%[39m
[titan] 2026-09-21 04:03:08,760 - torchtitan.observability.metrics - INFO - [31mstep: 30  [32mloss: -1.00000  [38;2;180;60;0mgrad_norm:  0.9174  [38;2;54;234;195mmemory:  0.33GiB(0.24%)  [34mtps: 586  [36mtflops: 0.09  [35mmfu: 0.01%[39m
[titan] 2026-09-21 04:03:09,629 - torchtitan.observability.metrics - INFO - [31mstep: 31  [32mloss:  2.73906  [38;2;180;60;0mgrad_norm:  0.9553  [38;2;54;234;195mmemory:  0.33GiB(0.24%)  [34mtps: 585  [36mtflops: 0.09  [35mmfu: 0.01%[39m
[titan] 2026-09-21 04:03:09,635 - torchtitan.observability.metrics - INFO - [31mstep: 31  [32mloss: -1.00000  [38;2;180;60;0mgrad_norm:  0.9553  [38;2;54;234;195mmemory:  0.33GiB(0.24%)  [34mtps: 585  [36mtflops: 0.09  [35mmfu: 0.01%[39m
[titan] 2026-09-21 04:03:10,503 - torchtitan.observability.metrics - INFO - [31mstep: 32  [32mloss:  2.78224  [38;2;180;60;0mgrad_norm:  0.7128  [38;2;54;234;195mmemory:  0.33GiB(0.24%)  [34mtps: 586  [36mtflops: 0.09  [35mmfu: 0.01%[39m
[titan] 2026-09-21 04:03:10,509 - torchtitan.observability.metrics - INFO - [31mstep: 32  [32mloss: -1.00000  [38;2;180;60;0mgrad_norm:  0.7128  [38;2;54;234;195mmemory:  0.33GiB(0.24%)  [34mtps: 586  [36mtflops: 0.09  [35mmfu: 0.01%[39m
[titan] 2026-09-21 04:03:11,368 - torchtitan.observability.metrics - INFO - [31mstep: 33  [32mloss:  2.54208  [38;2;180;60;0mgrad_norm:  0.7913  [38;2;54;234;195mmemory:  0.33GiB(0.24%)  [34mtps: 592  [36mtflops: 0.09  [35mmfu: 0.01%[39m
[titan] 2026-09-21 04:03:11,374 - torchtitan.observability.metrics - INFO - [31mstep: 33  [32mloss: -1.00000  [38;2;180;60;0mgrad_norm:  0.7913  [38;2;54;234;195mmemory:  0.33GiB(0.24%)  [34mtps: 592  [36mtflops: 0.09  [35mmfu: 0.01%[39m
[titan] 2026-09-21 04:03:12,243 - torchtitan.observability.metrics - INFO - [31mstep: 34  [32mloss:  2.55405  [38;2;180;60;0mgrad_norm:  0.8538  [38;2;54;234;195mmemory:  0.33GiB(0.24%)  [34mtps: 585  [36mtflops: 0.09  [35mmfu: 0.01%[39m
[titan] 2026-09-21 04:03:12,250 - torchtitan.observability.metrics - INFO - [31mstep: 34  [32mloss: -1.00000  [38;2;180;60;0mgrad_norm:  0.8538  [38;2;54;234;195mmemory:  0.33GiB(0.24%)  [34mtps: 585  [36mtflops: 0.09  [35mmfu: 0.01%[39m
[titan] 2026-09-21 04:03:13,118 - torchtitan.observability.metrics - INFO - [31mstep: 35  [32mloss:  2.69280  [38;2;180;60;0mgrad_norm:  0.8820  [38;2;54;234;195mmemory:  0.33GiB(0.24%)  [34mtps: 586  [36mtflops: 0.09  [35mmfu: 0.01%[39m
[titan] 2026-09-21 04:03:13,124 - torchtitan.observability.metrics - INFO - [31mstep: 35  [32mloss: -1.00000  [38;2;180;60;0mgrad_norm:  0.8820  [38;2;54;234;195mmemory:  0.33GiB(0.24%)  [34mtps: 586  [36mtflops: 0.09  [35mmfu: 0.01%[39m
[titan] 2026-09-21 04:03:14,003 - torchtitan.observability.metrics - INFO - [31mstep: 36  [32mloss:  2.56774  [38;2;180;60;0mgrad_norm:  0.9353  [38;2;54;234;195mmemory:  0.33GiB(0.24%)  [34mtps: 579  [36mtflops: 0.09  [35mmfu: 0.01%[39m
[titan] 2026-09-21 04:03:14,009 - torchtitan.observability.metrics - INFO - [31mstep: 36  [32mloss: -1.00000  [38;2;180;60;0mgrad_norm:  0.9353  [38;2;54;234;195mmemory:  0.33GiB(0.24%)  [34mtps: 578  [36mtflops: 0.09  [35mmfu: 0.01%[39m
[titan] 2026-09-21 04:03:14,877 - torchtitan.observability.metrics - INFO - [31mstep: 37  [32mloss:  3.01779  [38;2;180;60;0mgrad_norm:  1.2964  [38;2;54;234;195mmemory:  0.33GiB(0.24%)  [34mtps: 586  [36mtflops: 0.09  [35mmfu: 0.01%[39m
[titan] 2026-09-21 04:03:14,883 - torchtitan.observability.metrics - INFO - [31mstep: 37  [32mloss: -1.00000  [38;2;180;60;0mgrad_norm:  1.2964  [38;2;54;234;195mmemory:  0.33GiB(0.24%)  [34mtps: 586  [36mtflops: 0.09  [35mmfu: 0.01%[39m
[titan] 2026-09-21 04:03:15,753 - torchtitan.observability.metrics - INFO - [31mstep: 38  [32mloss:  2.69252  [38;2;180;60;0mgrad_norm:  1.1583  [38;2;54;234;195mmemory:  0.33GiB(0.24%)  [34mtps: 585  [36mtflops: 0.09  [35mmfu: 0.01%[39m
[titan] 2026-09-21 04:03:15,758 - torchtitan.observability.metrics - INFO - [31mstep: 38  [32mloss: -1.00000  [38;2;180;60;0mgrad_norm:  1.1583  [38;2;54;234;195mmemory:  0.33GiB(0.24%)  [34mtps: 585  [36mtflops: 0.09  [35mmfu: 0.01%[39m
[titan] 2026-09-21 04:03:16,634 - torchtitan.observability.metrics - INFO - [31mstep: 39  [32mloss:  2.78015  [38;2;180;60;0mgrad_norm:  0.9114  [38;2;54;234;195mmemory:  0.33GiB(0.24%)  [34mtps: 581  [36mtflops: 0.09  [35mmfu: 0.01%[39m
[titan] 2026-09-21 04:03:16,640 - torchtitan.observability.metrics - INFO - [31mstep: 39  [32mloss: -1.00000  [38;2;180;60;0mgrad_norm:  0.9114  [38;2;54;234;195mmemory:  0.33GiB(0.24%)  [34mtps: 581  [36mtflops: 0.09  [35mmfu: 0.01%[39m
[titan] 2026-09-21 04:03:17,500 - torchtitan.observability.metrics - INFO - [31mstep: 40  [32mloss:  2.65575  [38;2;180;60;0mgrad_norm:  0.9654  [38;2;54;234;195mmemory:  0.33GiB(0.24%)  [34mtps: 591  [36mtflops: 0.09  [35mmfu: 0.01%[39m
[titan] 2026-09-21 04:03:17,506 - torchtitan.observability.metrics - INFO - [31mstep: 40  [32mloss: -1.00000  [38;2;180;60;0mgrad_norm:  0.9654  [38;2;54;234;195mmemory:  0.33GiB(0.24%)  [34mtps: 591  [36mtflops: 0.09  [35mmfu: 0.01%[39m
[titan] 2026-09-21 04:03:18,374 - torchtitan.observability.metrics - INFO - [31mstep: 41  [32mloss:  2.58914  [38;2;180;60;0mgrad_norm:  0.7263  [38;2;54;234;195mmemory:  0.33GiB(0.24%)  [34mtps: 586  [36mtflops: 0.09  [35mmfu: 0.01%[39m
[titan] 2026-09-21 04:03:18,380 - torchtitan.observability.metrics - INFO - [31mstep: 41  [32mloss: -1.00000  [38;2;180;60;0mgrad_norm:  0.7263  [38;2;54;234;195mmemory:  0.33GiB(0.24%)  [34mtps: 586  [36mtflops: 0.09  [35mmfu: 0.01%[39m
[titan] 2026-09-21 04:03:19,241 - torchtitan.observability.metrics - INFO - [31mstep: 42  [32mloss:  2.53935  [38;2;180;60;0mgrad_norm:  0.8105  [38;2;54;234;195mmemory:  0.33GiB(0.24%)  [34mtps: 591  [36mtflops: 0.09  [35mmfu: 0.01%[39m
[titan] 2026-09-21 04:03:19,246 - torchtitan.observability.metrics - INFO - [31mstep: 42  [32mloss: -1.00000  [38;2;180;60;0mgrad_norm:  0.8105  [38;2;54;234;195mmemory:  0.33GiB(0.24%)  [34mtps: 591  [36mtflops: 0.09  [35mmfu: 0.01%[39m
[titan] 2026-09-21 04:03:20,113 - torchtitan.observability.metrics - INFO - [31mstep: 43  [32mloss:  2.72707  [38;2;180;60;0mgrad_norm:  0.8687  [38;2;54;234;195mmemory:  0.33GiB(0.24%)  [34mtps: 587  [36mtflops: 0.09  [35mmfu: 0.01%[39m
[titan] 2026-09-21 04:03:20,119 - torchtitan.observability.metrics - INFO - [31mstep: 43  [32mloss: -1.00000  [38;2;180;60;0mgrad_norm:  0.8687  [38;2;54;234;195mmemory:  0.33GiB(0.24%)  [34mtps: 587  [36mtflops: 0.09  [35mmfu: 0.01%[39m
[titan] 2026-09-21 04:03:20,984 - torchtitan.observability.metrics - INFO - [31mstep: 44  [32mloss:  2.47814  [38;2;180;60;0mgrad_norm:  0.8214  [38;2;54;234;195mmemory:  0.33GiB(0.24%)  [34mtps: 588  [36mtflops: 0.09  [35mmfu: 0.01%[39m
[titan] 2026-09-21 04:03:20,990 - torchtitan.observability.metrics - INFO - [31mstep: 44  [32mloss: -1.00000  [38;2;180;60;0mgrad_norm:  0.8214  [38;2;54;234;195mmemory:  0.33GiB(0.24%)  [34mtps: 588  [36mtflops: 0.09  [35mmfu: 0.01%[39m
[titan] 2026-09-21 04:03:21,861 - torchtitan.observability.metrics - INFO - [31mstep: 45  [32mloss:  2.66597  [38;2;180;60;0mgrad_norm:  0.8104  [38;2;54;234;195mmemory:  0.33GiB(0.24%)  [34mtps: 584  [36mtflops: 0.09  [35mmfu: 0.01%[39m
[titan] 2026-09-21 04:03:21,867 - torchtitan.observability.metrics - INFO - [31mstep: 45  [32mloss: -1.00000  [38;2;180;60;0mgrad_norm:  0.8104  [38;2;54;234;195mmemory:  0.33GiB(0.24%)  [34mtps: 584  [36mtflops: 0.09  [35mmfu: 0.01%[39m
[titan] 2026-09-21 04:03:22,731 - torchtitan.observability.metrics - INFO - [31mstep: 46  [32mloss:  2.59331  [38;2;180;60;0mgrad_norm:  0.8330  [38;2;54;234;195mmemory:  0.33GiB(0.24%)  [34mtps: 589  [36mtflops: 0.09  [35mmfu: 0.01%[39m
[titan] 2026-09-21 04:03:22,737 - torchtitan.observability.metrics - INFO - [31mstep: 46  [32mloss: -1.00000  [38;2;180;60;0mgrad_norm:  0.8330  [38;2;54;234;195mmemory:  0.33GiB(0.24%)  [34mtps: 589  [36mtflops: 0.09  [35mmfu: 0.01%[39m
[titan] 2026-09-21 04:03:23,597 - torchtitan.observability.metrics - INFO - [31mstep: 47  [32mloss:  2.68926  [38;2;180;60;0mgrad_norm:  0.7810  [38;2;54;234;195mmemory:  0.33GiB(0.24%)  [34mtps: 592  [36mtflops: 0.09  [35mmfu: 0.01%[39m
[titan] 2026-09-21 04:03:23,603 - torchtitan.observability.metrics - INFO - [31mstep: 47  [32mloss: -1.00000  [38;2;180;60;0mgrad_norm:  0.7810  [38;2;54;234;195mmemory:  0.33GiB(0.24%)  [34mtps: 592  [36mtflops: 0.09  [35mmfu: 0.01%[39m
[titan] 2026-09-21 04:03:24,475 - torchtitan.observability.metrics - INFO - [31mstep: 48  [32mloss:  2.75706  [38;2;180;60;0mgrad_norm:  0.9112  [38;2;54;234;195mmemory:  0.33GiB(0.24%)  [34mtps: 583  [36mtflops: 0.09  [35mmfu: 0.01%[39m
[titan] 2026-09-21 04:03:24,481 - torchtitan.observability.metrics - INFO - [31mstep: 48  [32mloss: -1.00000  [38;2;180;60;0mgrad_norm:  0.9112  [38;2;54;234;195mmemory:  0.33GiB(0.24%)  [34mtps: 583  [36mtflops: 0.09  [35mmfu: 0.01%[39m
[titan] 2026-09-21 04:03:25,344 - torchtitan.observability.metrics - INFO - [31mstep: 49  [32mloss:  2.68017  [38;2;180;60;0mgrad_norm:  0.8865  [38;2;54;234;195mmemory:  0.33GiB(0.24%)  [34mtps: 590  [36mtflops: 0.09  [35mmfu: 0.01%[39m
[titan] 2026-09-21 04:03:25,349 - torchtitan.observability.metrics - INFO - [31mstep: 49  [32mloss: -1.00000  [38;2;180;60;0mgrad_norm:  0.8865  [38;2;54;234;195mmemory:  0.33GiB(0.24%)  [34mtps: 590  [36mtflops: 0.09  [35mmfu: 0.01%[39m
[titan] 2026-09-21 04:03:25,481 - torchtitan.tools.utils - INFO - [GC] Performing periodic GC collection took 0.13 seconds
[titan] 2026-09-21 04:03:25,488 - torchtitan.tools.utils - INFO - [GC] Performing periodic GC collection took 0.14 seconds
[titan] 2026-09-21 04:03:26,338 - torchtitan.observability.metrics - INFO - [31mstep: 50  [32mloss:  2.58155  [38;2;180;60;0mgrad_norm:  0.6704  [38;2;54;234;195mmemory:  0.33GiB(0.24%)  [34mtps: 515  [36mtflops: 0.08  [35mmfu: 0.01%[39m
[titan] 2026-09-21 04:03:26,344 - torchtitan.observability.metrics - INFO - [31mstep: 50  [32mloss: -1.00000  [38;2;180;60;0mgrad_norm:  0.6704  [38;2;54;234;195mmemory:  0.33GiB(0.24%)  [34mtps: 515  [36mtflops: 0.08  [35mmfu: 0.01%[39m
[titan] 2026-09-21 04:03:27,199 - torchtitan.observability.metrics - INFO - [31mstep: 51  [32mloss:  2.67749  [38;2;180;60;0mgrad_norm:  0.9135  [38;2;54;234;195mmemory:  0.33GiB(0.24%)  [34mtps: 595  [36mtflops: 0.09  [35mmfu: 0.01%[39m
[titan] 2026-09-21 04:03:27,205 - torchtitan.observability.metrics - INFO - [31mstep: 51  [32mloss: -1.00000  [38;2;180;60;0mgrad_norm:  0.9135  [38;2;54;234;195mmemory:  0.33GiB(0.24%)  [34mtps: 594  [36mtflops: 0.09  [35mmfu: 0.01%[39m
[titan] 2026-09-21 04:03:28,062 - torchtitan.observability.metrics - INFO - [31mstep: 52  [32mloss:  2.51438  [38;2;180;60;0mgrad_norm:  0.8753  [38;2;54;234;195mmemory:  0.33GiB(0.24%)  [34mtps: 593  [36mtflops: 0.09  [35mmfu: 0.01%[39m
[titan] 2026-09-21 04:03:28,068 - torchtitan.observability.metrics - INFO - [31mstep: 52  [32mloss: -1.00000  [38;2;180;60;0mgrad_norm:  0.8753  [38;2;54;234;195mmemory:  0.33GiB(0.24%)  [34mtps: 593  [36mtflops: 0.09  [35mmfu: 0.01%[39m
[titan] 2026-09-21 04:03:28,929 - torchtitan.observability.metrics - INFO - [31mstep: 53  [32mloss:  2.77865  [38;2;180;60;0mgrad_norm:  0.7349  [38;2;54;234;195mmemory:  0.33GiB(0.24%)  [34mtps: 591  [36mtflops: 0.09  [35mmfu: 0.01%[39m
[titan] 2026-09-21 04:03:28,934 - torchtitan.observability.metrics - INFO - [31mstep: 53  [32mloss: -1.00000  [38;2;180;60;0mgrad_norm:  0.7349  [38;2;54;234;195mmemory:  0.33GiB(0.24%)  [34mtps: 591  [36mtflops: 0.09  [35mmfu: 0.01%[39m
[titan] 2026-09-21 04:03:29,790 - torchtitan.observability.metrics - INFO - [31mstep: 54  [32mloss:  3.05177  [38;2;180;60;0mgrad_norm:  0.8323  [38;2;54;234;195mmemory:  0.33GiB(0.24%)  [34mtps: 594  [36mtflops: 0.09  [35mmfu: 0.01%[39m
[titan] 2026-09-21 04:03:29,796 - torchtitan.observability.metrics - INFO - [31mstep: 54  [32mloss: -1.00000  [38;2;180;60;0mgrad_norm:  0.8323  [38;2;54;234;195mmemory:  0.33GiB(0.24%)  [34mtps: 594  [36mtflops: 0.09  [35mmfu: 0.01%[39m
[titan] 2026-09-21 04:03:30,655 - torchtitan.observability.metrics - INFO - [31mstep: 55  [32mloss:  2.95753  [38;2;180;60;0mgrad_norm:  1.0116  [38;2;54;234;195mmemory:  0.33GiB(0.24%)  [34mtps: 593  [36mtflops: 0.09  [35mmfu: 0.01%[39m
[titan] 2026-09-21 04:03:30,660 - torchtitan.observability.metrics - INFO - [31mstep: 55  [32mloss: -1.00000  [38;2;180;60;0mgrad_norm:  1.0116  [38;2;54;234;195mmemory:  0.33GiB(0.24%)  [34mtps: 593  [36mtflops: 0.09  [35mmfu: 0.01%[39m
[titan] 2026-09-21 04:03:31,531 - torchtitan.observability.metrics - INFO - [31mstep: 56  [32mloss:  2.52899  [38;2;180;60;0mgrad_norm:  0.7746  [38;2;54;234;195mmemory:  0.33GiB(0.24%)  [34mtps: 584  [36mtflops: 0.09  [35mmfu: 0.01%[39m
[titan] 2026-09-21 04:03:31,537 - torchtitan.observability.metrics - INFO - [31mstep: 56  [32mloss: -1.00000  [38;2;180;60;0mgrad_norm:  0.7746  [38;2;54;234;195mmemory:  0.33GiB(0.24%)  [34mtps: 584  [36mtflops: 0.09  [35mmfu: 0.01%[39m
[titan] 2026-09-21 04:03:32,405 - torchtitan.observability.metrics - INFO - [31mstep: 57  [32mloss:  2.53936  [38;2;180;60;0mgrad_norm:  0.8621  [38;2;54;234;195mmemory:  0.33GiB(0.24%)  [34mtps: 586  [36mtflops: 0.09  [35mmfu: 0.01%[39m
[titan] 2026-09-21 04:03:32,411 - torchtitan.observability.metrics - INFO - [31mstep: 57  [32mloss: -1.00000  [38;2;180;60;0mgrad_norm:  0.8621  [38;2;54;234;195mmemory:  0.33GiB(0.24%)  [34mtps: 586  [36mtflops: 0.09  [35mmfu: 0.01%[39m
[titan] 2026-09-21 04:03:33,268 - torchtitan.observability.metrics - INFO - [31mstep: 58  [32mloss:  2.61415  [38;2;180;60;0mgrad_norm:  0.9606  [38;2;54;234;195mmemory:  0.33GiB(0.24%)  [34mtps: 593  [36mtflops: 0.09  [35mmfu: 0.01%[39m
[titan] 2026-09-21 04:03:33,274 - torchtitan.observability.metrics - INFO - [31mstep: 58  [32mloss: -1.00000  [38;2;180;60;0mgrad_norm:  0.9606  [38;2;54;234;195mmemory:  0.33GiB(0.24%)  [34mtps: 593  [36mtflops: 0.09  [35mmfu: 0.01%[39m
[titan] 2026-09-21 04:03:34,141 - torchtitan.observability.metrics - INFO - [31mstep: 59  [32mloss:  2.66990  [38;2;180;60;0mgrad_norm:  0.8497  [38;2;54;234;195mmemory:  0.33GiB(0.24%)  [34mtps: 587  [36mtflops: 0.09  [35mmfu: 0.01%[39m
[titan] 2026-09-21 04:03:34,146 - torchtitan.observability.metrics - INFO - [31mstep: 59  [32mloss: -1.00000  [38;2;180;60;0mgrad_norm:  0.8497  [38;2;54;234;195mmemory:  0.33GiB(0.24%)  [34mtps: 587  [36mtflops: 0.09  [35mmfu: 0.01%[39m
[titan] 2026-09-21 04:03:35,004 - torchtitan.observability.metrics - INFO - [31mstep: 60  [32mloss:  2.56858  [38;2;180;60;0mgrad_norm:  0.7884  [38;2;54;234;195mmemory:  0.33GiB(0.24%)  [34mtps: 593  [36mtflops: 0.09  [35mmfu: 0.01%[39m
[titan] 2026-09-21 04:03:35,010 - torchtitan.observability.metrics - INFO - [31mstep: 60  [32mloss: -1.00000  [38;2;180;60;0mgrad_norm:  0.7884  [38;2;54;234;195mmemory:  0.33GiB(0.24%)  [34mtps: 593  [36mtflops: 0.09  [35mmfu: 0.01%[39m
[titan] 2026-09-21 04:03:35,884 - torchtitan.observability.metrics - INFO - [31mstep: 61  [32mloss:  2.62520  [38;2;180;60;0mgrad_norm:  0.8190  [38;2;54;234;195mmemory:  0.33GiB(0.24%)  [34mtps: 582  [36mtflops: 0.09  [35mmfu: 0.01%[39m
[titan] 2026-09-21 04:03:35,890 - torchtitan.observability.metrics - INFO - [31mstep: 61  [32mloss: -1.00000  [38;2;180;60;0mgrad_norm:  0.8190  [38;2;54;234;195mmemory:  0.33GiB(0.24%)  [34mtps: 582  [36mtflops: 0.09  [35mmfu: 0.01%[39m
[titan] 2026-09-21 04:03:36,750 - torchtitan.observability.metrics - INFO - [31mstep: 62  [32mloss:  2.68979  [38;2;180;60;0mgrad_norm:  0.7995  [38;2;54;234;195mmemory:  0.33GiB(0.24%)  [34mtps: 591  [36mtflops: 0.09  [35mmfu: 0.01%[39m
[titan] 2026-09-21 04:03:36,756 - torchtitan.observability.metrics - INFO - [31mstep: 62  [32mloss: -1.00000  [38;2;180;60;0mgrad_norm:  0.7995  [38;2;54;234;195mmemory:  0.33GiB(0.24%)  [34mtps: 591  [36mtflops: 0.09  [35mmfu: 0.01%[39m
[titan] 2026-09-21 04:03:37,626 - torchtitan.observability.metrics - INFO - [31mstep: 63  [32mloss:  2.63016  [38;2;180;60;0mgrad_norm:  0.8719  [38;2;54;234;195mmemory:  0.33GiB(0.24%)  [34mtps: 585  [36mtflops: 0.09  [35mmfu: 0.01%[39m
[titan] 2026-09-21 04:03:37,632 - torchtitan.observability.metrics - INFO - [31mstep: 63  [32mloss: -1.00000  [38;2;180;60;0mgrad_norm:  0.8719  [38;2;54;234;195mmemory:  0.33GiB(0.24%)  [34mtps: 585  [36mtflops: 0.09  [35mmfu: 0.01%[39m
[titan] 2026-09-21 04:03:38,494 - torchtitan.observability.metrics - INFO - [31mstep: 64  [32mloss:  2.62467  [38;2;180;60;0mgrad_norm:  0.6180  [38;2;54;234;195mmemory:  0.33GiB(0.24%)  [34mtps: 590  [36mtflops: 0.09  [35mmfu: 0.01%[39m
[titan] 2026-09-21 04:03:38,500 - torchtitan.observability.metrics - INFO - [31mstep: 64  [32mloss: -1.00000  [38;2;180;60;0mgrad_norm:  0.6180  [38;2;54;234;195mmemory:  0.33GiB(0.24%)  [34mtps: 590  [36mtflops: 0.09  [35mmfu: 0.01%[39m
[titan] 2026-09-21 04:03:39,359 - torchtitan.observability.metrics - INFO - [31mstep: 65  [32mloss:  2.71260  [38;2;180;60;0mgrad_norm:  0.8331  [38;2;54;234;195mmemory:  0.33GiB(0.24%)  [34mtps: 592  [36mtflops: 0.09  [35mmfu: 0.01%[39m
[titan] 2026-09-21 04:03:39,365 - torchtitan.observability.metrics - INFO - [31mstep: 65  [32mloss: -1.00000  [38;2;180;60;0mgrad_norm:  0.8331  [38;2;54;234;195mmemory:  0.33GiB(0.24%)  [34mtps: 592  [36mtflops: 0.09  [35mmfu: 0.01%[39m
[titan] 2026-09-21 04:03:40,240 - torchtitan.observability.metrics - INFO - [31mstep: 66  [32mloss:  2.59076  [38;2;180;60;0mgrad_norm:  0.7364  [38;2;54;234;195mmemory:  0.33GiB(0.24%)  [34mtps: 581  [36mtflops: 0.09  [35mmfu: 0.01%[39m
[titan] 2026-09-21 04:03:40,246 - torchtitan.observability.metrics - INFO - [31mstep: 66  [32mloss: -1.00000  [38;2;180;60;0mgrad_norm:  0.7364  [38;2;54;234;195mmemory:  0.33GiB(0.24%)  [34mtps: 581  [36mtflops: 0.09  [35mmfu: 0.01%[39m
[titan] 2026-09-21 04:03:41,108 - torchtitan.observability.metrics - INFO - [31mstep: 67  [32mloss:  2.59043  [38;2;180;60;0mgrad_norm:  0.8474  [38;2;54;234;195mmemory:  0.33GiB(0.24%)  [34mtps: 590  [36mtflops: 0.09  [35mmfu: 0.01%[39m
[titan] 2026-09-21 04:03:41,114 - torchtitan.observability.metrics - INFO - [31mstep: 67  [32mloss: -1.00000  [38;2;180;60;0mgrad_norm:  0.8474  [38;2;54;234;195mmemory:  0.33GiB(0.24%)  [34mtps: 590  [36mtflops: 0.09  [35mmfu: 0.01%[39m
[titan] 2026-09-21 04:03:41,982 - torchtitan.observability.metrics - INFO - [31mstep: 68  [32mloss:  2.61300  [38;2;180;60;0mgrad_norm:  0.8209  [38;2;54;234;195mmemory:  0.33GiB(0.24%)  [34mtps: 586  [36mtflops: 0.09  [35mmfu: 0.01%[39m
[titan] 2026-09-21 04:03:41,987 - torchtitan.observability.metrics - INFO - [31mstep: 68  [32mloss: -1.00000  [38;2;180;60;0mgrad_norm:  0.8209  [38;2;54;234;195mmemory:  0.33GiB(0.24%)  [34mtps: 586  [36mtflops: 0.09  [35mmfu: 0.01%[39m
[titan] 2026-09-21 04:03:42,850 - torchtitan.observability.metrics - INFO - [31mstep: 69  [32mloss:  2.82560  [38;2;180;60;0mgrad_norm:  0.9055  [38;2;54;234;195mmemory:  0.33GiB(0.24%)  [34mtps: 590  [36mtflops: 0.09  [35mmfu: 0.01%[39m
[titan] 2026-09-21 04:03:42,856 - torchtitan.observability.metrics - INFO - [31mstep: 69  [32mloss: -1.00000  [38;2;180;60;0mgrad_norm:  0.9055  [38;2;54;234;195mmemory:  0.33GiB(0.24%)  [34mtps: 590  [36mtflops: 0.09  [35mmfu: 0.01%[39m
[titan] 2026-09-21 04:03:43,727 - torchtitan.observability.metrics - INFO - [31mstep: 70  [32mloss:  2.71813  [38;2;180;60;0mgrad_norm:  0.6566  [38;2;54;234;195mmemory:  0.33GiB(0.24%)  [34mtps: 584  [36mtflops: 0.09  [35mmfu: 0.01%[39m
[titan] 2026-09-21 04:03:43,733 - torchtitan.observability.metrics - INFO - [31mstep: 70  [32mloss: -1.00000  [38;2;180;60;0mgrad_norm:  0.6566  [38;2;54;234;195mmemory:  0.33GiB(0.24%)  [34mtps: 584  [36mtflops: 0.09  [35mmfu: 0.01%[39m
[titan] 2026-09-21 04:03:44,598 - torchtitan.observability.metrics - INFO - [31mstep: 71  [32mloss:  2.53551  [38;2;180;60;0mgrad_norm:  0.5563  [38;2;54;234;195mmemory:  0.33GiB(0.24%)  [34mtps: 588  [36mtflops: 0.09  [35mmfu: 0.01%[39m
[titan] 2026-09-21 04:03:44,604 - torchtitan.observability.metrics - INFO - [31mstep: 71  [32mloss: -1.00000  [38;2;180;60;0mgrad_norm:  0.5563  [38;2;54;234;195mmemory:  0.33GiB(0.24%)  [34mtps: 588  [36mtflops: 0.09  [35mmfu: 0.01%[39m
[titan] 2026-09-21 04:03:45,470 - torchtitan.observability.metrics - INFO - [31mstep: 72  [32mloss:  2.57641  [38;2;180;60;0mgrad_norm:  0.7109  [38;2;54;234;195mmemory:  0.33GiB(0.24%)  [34mtps: 587  [36mtflops: 0.09  [35mmfu: 0.01%[39m
[titan] 2026-09-21 04:03:45,476 - torchtitan.observability.metrics - INFO - [31mstep: 72  [32mloss: -1.00000  [38;2;180;60;0mgrad_norm:  0.7109  [38;2;54;234;195mmemory:  0.33GiB(0.24%)  [34mtps: 587  [36mtflops: 0.09  [35mmfu: 0.01%[39m
[titan] 2026-09-21 04:03:46,357 - torchtitan.observability.metrics - INFO - [31mstep: 73  [32mloss:  2.61022  [38;2;180;60;0mgrad_norm:  1.0154  [38;2;54;234;195mmemory:  0.33GiB(0.24%)  [34mtps: 578  [36mtflops: 0.09  [35mmfu: 0.01%[39m
[titan] 2026-09-21 04:03:46,363 - torchtitan.observability.metrics - INFO - [31mstep: 73  [32mloss: -1.00000  [38;2;180;60;0mgrad_norm:  1.0154  [38;2;54;234;195mmemory:  0.33GiB(0.24%)  [34mtps: 578  [36mtflops: 0.09  [35mmfu: 0.01%[39m
[titan] 2026-09-21 04:03:47,228 - torchtitan.observability.metrics - INFO - [31mstep: 74  [32mloss:  2.42860  [38;2;180;60;0mgrad_norm:  0.6666  [38;2;54;234;195mmemory:  0.33GiB(0.24%)  [34mtps: 588  [36mtflops: 0.09  [35mmfu: 0.01%[39m
[titan] 2026-09-21 04:03:47,233 - torchtitan.observability.metrics - INFO - [31mstep: 74  [32mloss: -1.00000  [38;2;180;60;0mgrad_norm:  0.6666  [38;2;54;234;195mmemory:  0.33GiB(0.24%)  [34mtps: 588  [36mtflops: 0.09  [35mmfu: 0.01%[39m
[titan] 2026-09-21 04:03:48,102 - torchtitan.observability.metrics - INFO - [31mstep: 75  [32mloss:  2.65824  [38;2;180;60;0mgrad_norm:  0.5937  [38;2;54;234;195mmemory:  0.33GiB(0.24%)  [34mtps: 586  [36mtflops: 0.09  [35mmfu: 0.01%[39m
[titan] 2026-09-21 04:03:48,108 - torchtitan.observability.metrics - INFO - [31mstep: 75  [32mloss: -1.00000  [38;2;180;60;0mgrad_norm:  0.5937  [38;2;54;234;195mmemory:  0.33GiB(0.24%)  [34mtps: 586  [36mtflops: 0.09  [35mmfu: 0.01%[39m
[titan] 2026-09-21 04:03:48,977 - torchtitan.observability.metrics - INFO - [31mstep: 76  [32mloss:  2.42750  [38;2;180;60;0mgrad_norm:  0.7059  [38;2;54;234;195mmemory:  0.33GiB(0.24%)  [34mtps: 585  [36mtflops: 0.09  [35mmfu: 0.01%[39m
[titan] 2026-09-21 04:03:48,983 - torchtitan.observability.metrics - INFO - [31mstep: 76  [32mloss: -1.00000  [38;2;180;60;0mgrad_norm:  0.7059  [38;2;54;234;195mmemory:  0.33GiB(0.24%)  [34mtps: 585  [36mtflops: 0.09  [35mmfu: 0.01%[39m
[titan] 2026-09-21 04:03:49,856 - torchtitan.observability.metrics - INFO - [31mstep: 77  [32mloss:  2.55107  [38;2;180;60;0mgrad_norm:  0.6904  [38;2;54;234;195mmemory:  0.33GiB(0.24%)  [34mtps: 583  [36mtflops: 0.09  [35mmfu: 0.01%[39m
[titan] 2026-09-21 04:03:49,862 - torchtitan.observability.metrics - INFO - [31mstep: 77  [32mloss: -1.00000  [38;2;180;60;0mgrad_norm:  0.6904  [38;2;54;234;195mmemory:  0.33GiB(0.24%)  [34mtps: 583  [36mtflops: 0.09  [35mmfu: 0.01%[39m
[titan] 2026-09-21 04:03:50,734 - torchtitan.observability.metrics - INFO - [31mstep: 78  [32mloss:  2.46093  [38;2;180;60;0mgrad_norm:  0.7365  [38;2;54;234;195mmemory:  0.33GiB(0.24%)  [34mtps: 584  [36mtflops: 0.09  [35mmfu: 0.01%[39m
[titan] 2026-09-21 04:03:50,740 - torchtitan.observability.metrics - INFO - [31mstep: 78  [32mloss: -1.00000  [38;2;180;60;0mgrad_norm:  0.7365  [38;2;54;234;195mmemory:  0.33GiB(0.24%)  [34mtps: 584  [36mtflops: 0.09  [35mmfu: 0.01%[39m
[titan] 2026-09-21 04:03:51,610 - torchtitan.observability.metrics - INFO - [31mstep: 79  [32mloss:  2.57185  [38;2;180;60;0mgrad_norm:  0.7476  [38;2;54;234;195mmemory:  0.33GiB(0.24%)  [34mtps: 584  [36mtflops: 0.09  [35mmfu: 0.01%[39m
[titan] 2026-09-21 04:03:51,617 - torchtitan.observability.metrics - INFO - [31mstep: 79  [32mloss: -1.00000  [38;2;180;60;0mgrad_norm:  0.7476  [38;2;54;234;195mmemory:  0.33GiB(0.24%)  [34mtps: 583  [36mtflops: 0.09  [35mmfu: 0.01%[39m
[titan] 2026-09-21 04:03:52,490 - torchtitan.observability.metrics - INFO - [31mstep: 80  [32mloss:  2.61242  [38;2;180;60;0mgrad_norm:  0.8801  [38;2;54;234;195mmemory:  0.33GiB(0.24%)  [34mtps: 582  [36mtflops: 0.09  [35mmfu: 0.01%[39m
[titan] 2026-09-21 04:03:52,496 - torchtitan.observability.metrics - INFO - [31mstep: 80  [32mloss: -1.00000  [38;2;180;60;0mgrad_norm:  0.8801  [38;2;54;234;195mmemory:  0.33GiB(0.24%)  [34mtps: 583  [36mtflops: 0.09  [35mmfu: 0.01%[39m
[titan] 2026-09-21 04:03:53,362 - torchtitan.observability.metrics - INFO - [31mstep: 81  [32mloss:  2.55891  [38;2;180;60;0mgrad_norm:  0.8022  [38;2;54;234;195mmemory:  0.33GiB(0.24%)  [34mtps: 587  [36mtflops: 0.09  [35mmfu: 0.01%[39m
[titan] 2026-09-21 04:03:53,368 - torchtitan.observability.metrics - INFO - [31mstep: 81  [32mloss: -1.00000  [38;2;180;60;0mgrad_norm:  0.8022  [38;2;54;234;195mmemory:  0.33GiB(0.24%)  [34mtps: 587  [36mtflops: 0.09  [35mmfu: 0.01%[39m
[titan] 2026-09-21 04:03:54,244 - torchtitan.observability.metrics - INFO - [31mstep: 82  [32mloss:  2.46116  [38;2;180;60;0mgrad_norm:  0.6391  [38;2;54;234;195mmemory:  0.33GiB(0.24%)  [34mtps: 581  [36mtflops: 0.09  [35mmfu: 0.01%[39m
[titan] 2026-09-21 04:03:54,250 - torchtitan.observability.metrics - INFO - [31mstep: 82  [32mloss: -1.00000  [38;2;180;60;0mgrad_norm:  0.6391  [38;2;54;234;195mmemory:  0.33GiB(0.24%)  [34mtps: 581  [36mtflops: 0.09  [35mmfu: 0.01%[39m
[titan] 2026-09-21 04:03:55,118 - torchtitan.observability.metrics - INFO - [31mstep: 83  [32mloss:  2.45436  [38;2;180;60;0mgrad_norm:  0.8471  [38;2;54;234;195mmemory:  0.33GiB(0.24%)  [34mtps: 586  [36mtflops: 0.09  [35mmfu: 0.01%[39m
[titan] 2026-09-21 04:03:55,124 - torchtitan.observability.metrics - INFO - [31mstep: 83  [32mloss: -1.00000  [38;2;180;60;0mgrad_norm:  0.8471  [38;2;54;234;195mmemory:  0.33GiB(0.24%)  [34mtps: 586  [36mtflops: 0.09  [35mmfu: 0.01%[39m
[titan] 2026-09-21 04:03:55,993 - torchtitan.observability.metrics - INFO - [31mstep: 84  [32mloss:  2.64946  [38;2;180;60;0mgrad_norm:  0.7766  [38;2;54;234;195mmemory:  0.33GiB(0.24%)  [34mtps: 586  [36mtflops: 0.09  [35mmfu: 0.01%[39m
[titan] 2026-09-21 04:03:55,998 - torchtitan.observability.metrics - INFO - [31mstep: 84  [32mloss: -1.00000  [38;2;180;60;0mgrad_norm:  0.7766  [38;2;54;234;195mmemory:  0.33GiB(0.24%)  [34mtps: 586  [36mtflops: 0.09  [35mmfu: 0.01%[39m
[titan] 2026-09-21 04:03:56,868 - torchtitan.observability.metrics - INFO - [31mstep: 85  [32mloss:  2.52279  [38;2;180;60;0mgrad_norm:  1.0023  [38;2;54;234;195mmemory:  0.33GiB(0.24%)  [34mtps: 585  [36mtflops: 0.09  [35mmfu: 0.01%[39m
[titan] 2026-09-21 04:03:56,873 - torchtitan.observability.metrics - INFO - [31mstep: 85  [32mloss: -1.00000  [38;2;180;60;0mgrad_norm:  1.0023  [38;2;54;234;195mmemory:  0.33GiB(0.24%)  [34mtps: 585  [36mtflops: 0.09  [35mmfu: 0.01%[39m
[titan] 2026-09-21 04:03:57,733 - torchtitan.observability.metrics - INFO - [31mstep: 86  [32mloss:  2.48326  [38;2;180;60;0mgrad_norm:  0.7883  [38;2;54;234;195mmemory:  0.33GiB(0.24%)  [34mtps: 592  [36mtflops: 0.09  [35mmfu: 0.01%[39m
[titan] 2026-09-21 04:03:57,739 - torchtitan.observability.metrics - INFO - [31mstep: 86  [32mloss: -1.00000  [38;2;180;60;0mgrad_norm:  0.7883  [38;2;54;234;195mmemory:  0.33GiB(0.24%)  [34mtps: 592  [36mtflops: 0.09  [35mmfu: 0.01%[39m
[titan] 2026-09-21 04:03:58,617 - torchtitan.observability.metrics - INFO - [31mstep: 87  [32mloss:  2.53968  [38;2;180;60;0mgrad_norm:  0.8157  [38;2;54;234;195mmemory:  0.33GiB(0.24%)  [34mtps: 579  [36mtflops: 0.09  [35mmfu: 0.01%[39m
[titan] 2026-09-21 04:03:58,623 - torchtitan.observability.metrics - INFO - [31mstep: 87  [32mloss: -1.00000  [38;2;180;60;0mgrad_norm:  0.8157  [38;2;54;234;195mmemory:  0.33GiB(0.24%)  [34mtps: 579  [36mtflops: 0.09  [35mmfu: 0.01%[39m
[titan] 2026-09-21 04:03:59,485 - torchtitan.observability.metrics - INFO - [31mstep: 88  [32mloss:  2.60633  [38;2;180;60;0mgrad_norm:  0.7610  [38;2;54;234;195mmemory:  0.33GiB(0.24%)  [34mtps: 590  [36mtflops: 0.09  [35mmfu: 0.01%[39m
[titan] 2026-09-21 04:03:59,491 - torchtitan.observability.metrics - INFO - [31mstep: 88  [32mloss: -1.00000  [38;2;180;60;0mgrad_norm:  0.7610  [38;2;54;234;195mmemory:  0.33GiB(0.24%)  [34mtps: 590  [36mtflops: 0.09  [35mmfu: 0.01%[39m
[titan] 2026-09-21 04:04:00,369 - torchtitan.observability.metrics - INFO - [31mstep: 89  [32mloss:  2.63425  [38;2;180;60;0mgrad_norm:  0.8947  [38;2;54;234;195mmemory:  0.33GiB(0.24%)  [34mtps: 579  [36mtflops: 0.09  [35mmfu: 0.01%[39m
[titan] 2026-09-21 04:04:00,375 - torchtitan.observability.metrics - INFO - [31mstep: 89  [32mloss: -1.00000  [38;2;180;60;0mgrad_norm:  0.8947  [38;2;54;234;195mmemory:  0.33GiB(0.24%)  [34mtps: 579  [36mtflops: 0.09  [35mmfu: 0.01%[39m
[titan] 2026-09-21 04:04:01,245 - torchtitan.observability.metrics - INFO - [31mstep: 90  [32mloss:  2.46288  [38;2;180;60;0mgrad_norm:  0.7232  [38;2;54;234;195mmemory:  0.33GiB(0.24%)  [34mtps: 585  [36mtflops: 0.09  [35mmfu: 0.01%[39m
[titan] 2026-09-21 04:04:01,251 - torchtitan.observability.metrics - INFO - [31mstep: 90  [32mloss: -1.00000  [38;2;180;60;0mgrad_norm:  0.7232  [38;2;54;234;195mmemory:  0.33GiB(0.24%)  [34mtps: 585  [36mtflops: 0.09  [35mmfu: 0.01%[39m
[titan] 2026-09-21 04:04:02,119 - torchtitan.observability.metrics - INFO - [31mstep: 91  [32mloss:  2.57372  [38;2;180;60;0mgrad_norm:  0.8308  [38;2;54;234;195mmemory:  0.33GiB(0.24%)  [34mtps: 586  [36mtflops: 0.09  [35mmfu: 0.01%[39m
[titan] 2026-09-21 04:04:02,125 - torchtitan.observability.metrics - INFO - [31mstep: 91  [32mloss: -1.00000  [38;2;180;60;0mgrad_norm:  0.8308  [38;2;54;234;195mmemory:  0.33GiB(0.24%)  [34mtps: 586  [36mtflops: 0.09  [35mmfu: 0.01%[39m
[titan] 2026-09-21 04:04:02,993 - torchtitan.observability.metrics - INFO - [31mstep: 92  [32mloss:  2.58929  [38;2;180;60;0mgrad_norm:  0.7969  [38;2;54;234;195mmemory:  0.33GiB(0.24%)  [34mtps: 586  [36mtflops: 0.09  [35mmfu: 0.01%[39m
[titan] 2026-09-21 04:04:02,998 - torchtitan.observability.metrics - INFO - [31mstep: 92  [32mloss: -1.00000  [38;2;180;60;0mgrad_norm:  0.7969  [38;2;54;234;195mmemory:  0.33GiB(0.24%)  [34mtps: 586  [36mtflops: 0.09  [35mmfu: 0.01%[39m
[titan] 2026-09-21 04:04:03,859 - torchtitan.observability.metrics - INFO - [31mstep: 93  [32mloss:  2.79005  [38;2;180;60;0mgrad_norm:  0.8224  [38;2;54;234;195mmemory:  0.33GiB(0.24%)  [34mtps: 591  [36mtflops: 0.09  [35mmfu: 0.01%[39m
[titan] 2026-09-21 04:04:03,865 - torchtitan.observability.metrics - INFO - [31mstep: 93  [32mloss: -1.00000  [38;2;180;60;0mgrad_norm:  0.8224  [38;2;54;234;195mmemory:  0.33GiB(0.24%)  [34mtps: 591  [36mtflops: 0.09  [35mmfu: 0.01%[39m
[titan] 2026-09-21 04:04:04,738 - torchtitan.observability.metrics - INFO - [31mstep: 94  [32mloss:  2.41301  [38;2;180;60;0mgrad_norm:  0.6919  [38;2;54;234;195mmemory:  0.33GiB(0.24%)  [34mtps: 582  [36mtflops: 0.09  [35mmfu: 0.01%[39m
[titan] 2026-09-21 04:04:04,744 - torchtitan.observability.metrics - INFO - [31mstep: 94  [32mloss: -1.00000  [38;2;180;60;0mgrad_norm:  0.6919  [38;2;54;234;195mmemory:  0.33GiB(0.24%)  [34mtps: 582  [36mtflops: 0.09  [35mmfu: 0.01%[39m
[titan] 2026-09-21 04:04:05,607 - torchtitan.observability.metrics - INFO - [31mstep: 95  [32mloss:  2.50655  [38;2;180;60;0mgrad_norm:  0.7333  [38;2;54;234;195mmemory:  0.33GiB(0.24%)  [34mtps: 590  [36mtflops: 0.09  [35mmfu: 0.01%[39m
[titan] 2026-09-21 04:04:05,613 - torchtitan.observability.metrics - INFO - [31mstep: 95  [32mloss: -1.00000  [38;2;180;60;0mgrad_norm:  0.7333  [38;2;54;234;195mmemory:  0.33GiB(0.24%)  [34mtps: 590  [36mtflops: 0.09  [35mmfu: 0.01%[39m
[titan] 2026-09-21 04:04:06,487 - torchtitan.observability.metrics - INFO - [31mstep: 96  [32mloss:  2.52895  [38;2;180;60;0mgrad_norm:  0.7074  [38;2;54;234;195mmemory:  0.33GiB(0.24%)  [34mtps: 582  [36mtflops: 0.09  [35mmfu: 0.01%[39m
[titan] 2026-09-21 04:04:06,493 - torchtitan.observability.metrics - INFO - [31mstep: 96  [32mloss: -1.00000  [38;2;180;60;0mgrad_norm:  0.7074  [38;2;54;234;195mmemory:  0.33GiB(0.24%)  [34mtps: 582  [36mtflops: 0.09  [35mmfu: 0.01%[39m
[titan] 2026-09-21 04:04:07,364 - torchtitan.observability.metrics - INFO - [31mstep: 97  [32mloss:  2.35063  [38;2;180;60;0mgrad_norm:  0.8734  [38;2;54;234;195mmemory:  0.33GiB(0.24%)  [34mtps: 584  [36mtflops: 0.09  [35mmfu: 0.01%[39m
[titan] 2026-09-21 04:04:07,370 - torchtitan.observability.metrics - INFO - [31mstep: 97  [32mloss: -1.00000  [38;2;180;60;0mgrad_norm:  0.8734  [38;2;54;234;195mmemory:  0.33GiB(0.24%)  [34mtps: 584  [36mtflops: 0.09  [35mmfu: 0.01%[39m
[titan] 2026-09-21 04:04:08,238 - torchtitan.observability.metrics - INFO - [31mstep: 98  [32mloss:  2.42722  [38;2;180;60;0mgrad_norm:  0.6263  [38;2;54;234;195mmemory:  0.33GiB(0.24%)  [34mtps: 586  [36mtflops: 0.09  [35mmfu: 0.01%[39m
[titan] 2026-09-21 04:04:08,243 - torchtitan.observability.metrics - INFO - [31mstep: 98  [32mloss: -1.00000  [38;2;180;60;0mgrad_norm:  0.6263  [38;2;54;234;195mmemory:  0.33GiB(0.24%)  [34mtps: 586  [36mtflops: 0.09  [35mmfu: 0.01%[39m
[titan] 2026-09-21 04:04:09,112 - torchtitan.observability.metrics - INFO - [31mstep: 99  [32mloss:  2.66810  [38;2;180;60;0mgrad_norm:  0.6647  [38;2;54;234;195mmemory:  0.33GiB(0.24%)  [34mtps: 585  [36mtflops: 0.09  [35mmfu: 0.01%[39m
[titan] 2026-09-21 04:04:09,118 - torchtitan.observability.metrics - INFO - [31mstep: 99  [32mloss: -1.00000  [38;2;180;60;0mgrad_norm:  0.6647  [38;2;54;234;195mmemory:  0.33GiB(0.24%)  [34mtps: 586  [36mtflops: 0.09  [35mmfu: 0.01%[39m
[titan] 2026-09-21 04:04:09,231 - torchtitan.tools.utils - INFO - [GC] Performing periodic GC collection took 0.11 seconds
[titan] 2026-09-21 04:04:09,237 - torchtitan.tools.utils - INFO - [GC] Performing periodic GC collection took 0.11 seconds
[titan] 2026-09-21 04:04:10,096 - torchtitan.observability.metrics - INFO - [31mstep: 100  [32mloss:  2.50342  [38;2;180;60;0mgrad_norm:  0.7737  [38;2;54;234;195mmemory:  0.33GiB(0.24%)  [34mtps: 521  [36mtflops: 0.08  [35mmfu: 0.01%[39m
[titan] 2026-09-21 04:04:10,096 - torchtitan.components.checkpointer.dcp - INFO - Saving the checkpointer.
[titan] 2026-09-21 04:04:10,101 - torchtitan.observability.metrics - INFO - [31mstep: 100  [32mloss: -1.00000  [38;2;180;60;0mgrad_norm:  0.7737  [38;2;54;234;195mmemory:  0.33GiB(0.24%)  [34mtps: 521  [36mtflops: 0.08  [35mmfu: 0.01%[39m
[titan] 2026-09-21 04:04:10,102 - torchtitan.components.checkpointer.dcp - INFO - Saving the checkpointer.
[titan] 2026-09-21 04:04:10,105 - torchtitan.components.checkpointer.dcp - INFO - Saving a model only checkpoint in torch.float32 at last step, step 100.
[titan] 2026-09-21 04:04:10,121 - torchtitan.components.checkpointer.dcp - INFO - Saving a model only checkpoint in torch.float32 at last step, step 100.
[titan] 2026-09-21 04:04:10,320 - torchtitan.tools.utils - INFO - [GC] GC collection invoked by checkpointer. took 0.00 seconds
[titan] 2026-09-21 04:04:10,321 - torchtitan.components.checkpointer.dcp - INFO - Last step checkpoint completed in 0.22s
[titan] 2026-09-21 04:04:10,321 - torchtitan.trainer - INFO - Sleeping 2 seconds for other ranks to complete
[titan] 2026-09-21 04:04:10,321 - torchtitan.tools.utils - INFO - [GC] GC collection invoked by checkpointer. took 0.00 seconds
[titan] 2026-09-21 04:04:10,322 - torchtitan.components.checkpointer.dcp - INFO - Last step checkpoint completed in 0.23s
[titan] 2026-09-21 04:04:10,322 - torchtitan.trainer - INFO - Training completed
[titan] 2026-09-21 04:04:10,328 - torchtitan.components.checkpointer.base - INFO - Destroying the purge thread.
[titan] 2026-09-21 04:04:12,321 - torchtitan.trainer - INFO - Training completed
[titan] 2026-09-21 04:04:12,326 - torchtitan.components.checkpointer.base - INFO - Destroying the purge thread.
[titan] 2026-09-21 04:04:13,110 - __main__ - INFO - Process group destroyed
[titan] 2026-09-21 04:04:13,303 - __main__ - INFO - Process group destroyed
