W0921 03:58:43.746000 8886 torch/distributed/run.py:982] 
W0921 03:58:43.746000 8886 torch/distributed/run.py:982] *****************************************
W0921 03:58:43.746000 8886 torch/distributed/run.py:982] Setting OMP_NUM_THREADS environment variable for each process to be 1 in default, to avoid your system being overloaded, please further tune the variable for optimal performance in your application as needed. 
W0921 03:58:43.746000 8886 torch/distributed/run.py:982] *****************************************
WARNING:absl:Failed to load jax profiler: No module named 'jax'
WARNING:absl:Failed to load jax profiler: No module named 'jax'
[titan] 2026-09-21 03:58:49,693 - __main__ - INFO - torchtitan version: 0.0.0+unknown (0.0.0 means __version__ is not defined correctly).
[titan] 2026-09-21 03:58:49,910 - __main__ - INFO - torchtitan version: 0.0.0+unknown (0.0.0 means __version__ is not defined correctly).
[titan] 2026-09-21 03:58:50,261 - torchtitan.components.checkpointer.base - WARNING - initial_load_model_only=True has no effect without an initial_load_path.
[titan] 2026-09-21 03:58:50,341 - torchtitan.components.checkpointer.base - WARNING - initial_load_model_only=True has no effect without an initial_load_path.
[titan] 2026-09-21 03:58:50,343 - torchtitan.observability.structured_logger.jsonl_handler - INFO - Structured logging -> JSONL: /workspace/results/pp_r3/vp2c/structured_logs/training.global_rank_0.20260921-035850-NQ2QN4.jsonl
[titan] 2026-09-21 03:58:50,549 - torchtitan.distributed.utils - WARNING - ENV[TORCH_NCCL_ASYNC_ERROR_HANDLING] = 1 will be overridden to 3 based on job config
[titan] 2026-09-21 03:58:50,605 - torchtitan.components.checkpointer.base - WARNING - initial_load_model_only=True has no effect without an initial_load_path.
[titan] 2026-09-21 03:58:50,686 - torchtitan.components.checkpointer.base - WARNING - initial_load_model_only=True has no effect without an initial_load_path.
[titan] 2026-09-21 03:58:50,689 - torchtitan.observability.structured_logger.jsonl_handler - INFO - Structured logging -> JSONL: /workspace/results/pp_r3/vp2c/structured_logs/training.global_rank_1.20260921-035850-6T8SFP.jsonl
[titan] 2026-09-21 03:58:50,904 - torchtitan.distributed.utils - WARNING - ENV[TORCH_NCCL_ASYNC_ERROR_HANDLING] = 1 will be overridden to 3 based on job config
[titan] 2026-09-21 03:58:51,332 - torchtitan.tools.utils - INFO - [GC] Initial GC collection took 0.00 seconds
[titan] 2026-09-21 03:58:51,332 - torchtitan.distributed.utils - INFO - Deterministic algorithm enabled (expect perf degradation).
[titan] 2026-09-21 03:58:51,332 - torchtitan.tools.utils - INFO - [GC] Initial GC collection took 0.00 seconds
[titan] 2026-09-21 03:58:51,332 - torchtitan.distributed.utils - INFO - Deterministic algorithm enabled (expect perf degradation).
[titan] 2026-09-21 03:58:51,344 - torchtitan.distributed.parallel_dims - INFO - Building device mesh with parallelism: pp=2, dp_replicate=1, dp_shard=1, cp=1, tp=1, ep=1
[titan] 2026-09-21 03:58:51,350 - torchtitan.distributed.parallel_dims - INFO - Building device mesh with parallelism: pp=2, dp_replicate=1, dp_shard=1, cp=1, tp=1, ep=1
[titan] 2026-09-21 03:58:51,609 - torchtitan.distributed.parallel_dims - INFO - Successfully created meshes with active dimensions: ['pp']
[titan] 2026-09-21 03:58:51,609 - torchtitan.distributed.parallel_dims - INFO - Successfully created meshes with active dimensions: ['pp']
[titan] 2026-09-21 03:58:51,610 - torchtitan.observability.metrics - INFO - CUDA capacity: NVIDIA H200 with 139.80GiB memory
[titan] 2026-09-21 03:58:51,611 - torchtitan.observability.metrics - INFO - CUDA capacity: NVIDIA H200 with 139.80GiB memory
[titan] 2026-09-21 03:58:51,622 - torchtitan.tools.utils - WARNING - Error running lspci: [Errno 2] No such file or directory: 'lspci', fallback to use device_name
[titan] 2026-09-21 03:58:51,622 - torchtitan.components.tokenizer - INFO - Loading tokenizer from tokenizer.json
[titan] 2026-09-21 03:58:51,623 - torchtitan.tools.utils - WARNING - Error running lspci: [Errno 2] No such file or directory: 'lspci', fallback to use device_name
[titan] 2026-09-21 03:58:51,623 - torchtitan.components.tokenizer - INFO - Loading tokenizer from tokenizer.json
[titan] 2026-09-21 03:58:52,332 - httpx - INFO - HTTP Request: HEAD https://s3.amazonaws.com/datasets.huggingface.co/datasets/datasets/json/json.py "HTTP/1.1 200 OK"
[titan] 2026-09-21 03:58:52,340 - torchtitan.protocols.state_dict_adapter - WARNING - model.safetensors.index.json not found at hf_assets_path: ./tests/assets/tokenizer/model.safetensors.index.json.                     Defaulting to saving a single safetensors file if checkpoint is saved in HF format
[titan] 2026-09-21 03:58:52,381 - httpx - INFO - HTTP Request: HEAD https://s3.amazonaws.com/datasets.huggingface.co/datasets/datasets/json/json.py "HTTP/1.1 200 OK"
[titan] 2026-09-21 03:58:52,392 - torchtitan.protocols.state_dict_adapter - WARNING - model.safetensors.index.json not found at hf_assets_path: ./tests/assets/tokenizer/model.safetensors.index.json.                     Defaulting to saving a single safetensors file if checkpoint is saved in HF format
[titan] 2026-09-21 03:58:52,455 - torchtitan.models.utils - INFO - Total parameter count: 25,776,880, active parameters: 17,236,208
[titan] 2026-09-21 03:58:52,504 - torchtitan.models.utils - INFO - Total parameter count: 25,776,880, active parameters: 17,236,208
[rank0]:W0921 03:58:52.523000 9019 torch/_logging/_internal.py:1394] Pipeline parallelism is using an eager NCCL communicator. Consider creating its process group with backend="nccl-lazy" so peer communicators are initialized lazily and traffic to different peers can overlap.
[titan] 2026-09-21 03:58:52,524 - torchtitan.distributed.pipeline_parallel - INFO - PP rank 0 is building stage_idx 0 with modules ['vision_encoder', 'tok_embeddings', 'layers.0', 'layers.1', 'layers.2', 'layers.3']
[rank1]:W0921 03:58:52.572000 9020 torch/_logging/_internal.py:1394] Pipeline parallelism is using an eager NCCL communicator. Consider creating its process group with backend="nccl-lazy" so peer communicators are initialized lazily and traffic to different peers can overlap.
[titan] 2026-09-21 03:58:52,573 - torchtitan.distributed.pipeline_parallel - INFO - PP rank 1 is building stage_idx 1 with modules ['layers.4', 'layers.5', 'layers.6', 'layers.7', 'layers.8']
[titan] 2026-09-21 03:58:52,590 - torchtitan.distributed.pipeline_parallel - INFO - PP rank 0 is building stage_idx 2 with modules ['layers.9', 'layers.10', 'layers.11', 'layers.12', 'layers.13']
[titan] 2026-09-21 03:58:52,611 - torchtitan.distributed.activation_checkpoint - INFO - Applied SelectiveAC activation checkpointing to the model
[titan] 2026-09-21 03:58:52,612 - torchtitan.distributed.activation_checkpoint - INFO - Applied SelectiveAC activation checkpointing to the model
[titan] 2026-09-21 03:58:52,639 - torchtitan.distributed.pipeline_parallel - INFO - PP rank 1 is building stage_idx 3 with modules ['layers.14', 'layers.15', 'layers.16', 'norm', 'lm_head', 'output_res_proj', 'output_res_norm']
[titan] 2026-09-21 03:58:52,672 - torchtitan.distributed.activation_checkpoint - INFO - Applied SelectiveAC activation checkpointing to the model
[titan] 2026-09-21 03:58:52,678 - torchtitan.distributed.fsdp - INFO - Applied FSDP to the model
[titan] 2026-09-21 03:58:52,695 - torchtitan.distributed.activation_checkpoint - INFO - Applied SelectiveAC activation checkpointing to the model
[titan] 2026-09-21 03:58:52,714 - torchtitan.distributed.fsdp - INFO - Applied FSDP to the model
[titan] 2026-09-21 03:58:52,715 - torchtitan.distributed.pipeline_parallel - INFO - Using pipeline schedule Interleaved1F1B with 4 microbatches and 4 stages.
[titan] 2026-09-21 03:58:52,715 - torchtitan.models.kimi_k3.pipeline_parallel - INFO - Kimi K3 pipeline: 2 stage(s) on this rank [0, 2], block transport delta with rank store
[titan] 2026-09-21 03:58:52,730 - torchtitan.distributed.fsdp - INFO - Applied FSDP to the model
[titan] 2026-09-21 03:58:52,740 - torchtitan.distributed.activation_checkpoint - INFO - Applied SelectiveAC activation checkpointing to the model
[titan] 2026-09-21 03:58:52,753 - torchtitan.distributed.fsdp - INFO - Applied FSDP to the model
[titan] 2026-09-21 03:58:52,754 - torchtitan.distributed.pipeline_parallel - INFO - Using pipeline schedule Interleaved1F1B with 4 microbatches and 4 stages.
[titan] 2026-09-21 03:58:52,755 - torchtitan.models.kimi_k3.pipeline_parallel - INFO - Kimi K3 pipeline: 2 stage(s) on this rank [1, 3], block transport delta with rank store
[rank1]:W0921 03:58:53.003000 9020 torch/distributed/tensor/_random.py:215] DTensor is synchronizing RNG states of every rank with the state from rank 0. This behavior is deprecated. Please call `torch.manual_seed()` on every rank that participates in SPMD DTensor Operations with the same seed. If using Pipeline Parallelism, each pipeline state would use a different seed, but all ranks belonging to one pipeline stage would use the same seed.
[titan] 2026-09-21 03:58:53,273 - torchtitan.training_engine - INFO - Model kimi_k3 debugmodel size: 25,776,880 total parameters
[titan] 2026-09-21 03:58:53,275 - torchtitan.components.optimizer.optimizer - INFO - Optimizer AdamW (model_part=0): 139 params [.*] {'fused': True, 'foreach': False, 'lr': 0.0008, 'betas': (0.9, 0.95), 'eps': 1e-08, 'weight_decay': 0.1}
[titan] 2026-09-21 03:58:53,275 - torchtitan.components.optimizer.optimizer - INFO - Optimizer AdamW (model_part=1): 79 params [.*] {'fused': True, 'foreach': False, 'lr': 0.0008, 'betas': (0.9, 0.95), 'eps': 1e-08, 'weight_decay': 0.1}
[titan] 2026-09-21 03:58:53,277 - torchtitan.components.checkpointer.base - WARNING - initial_load_model_only=True has no effect without an initial_load_path.
[titan] 2026-09-21 03:58:53,296 - torchtitan.components.checkpointer.dcp - INFO - Checkpointing active. Checkpoints will be loaded from and saved to /workspace/results/pp_r3/vp2c/checkpoint
[titan] 2026-09-21 03:58:53,297 - torchtitan.observability.metrics - WARNING - [31mPipeline Parallel loss is not visible. Please add [33mrank 1[31m to LOG_RANK environment variable in run_train.sh.[39m
[titan] 2026-09-21 03:58:53,297 - torchtitan.trainer - INFO - Peak FLOPS used for computing MFU: 9.890e+14
[titan] 2026-09-21 03:58:53,297 - torchtitan.trainer - INFO - CUDA memory usage for model: 0.03GiB(0.02%)
[titan] 2026-09-21 03:58:53,297 - torchtitan.trainer - INFO - Trainer is initialized with 1024 tokens per DP rank, 1024 tokens per train step, gradient accumulation steps 1, maximum context length 2048, total steps 100 (warmup 2)
[titan] 2026-09-21 03:58:53,297 - torchtitan.components.checkpointer.base - INFO - Loading the checkpoint from /workspace/results/pp_r3/vp2c/checkpoint/step-0.
[titan] 2026-09-21 03:58:53,370 - torchtitan.training_engine - INFO - Model kimi_k3 debugmodel size: 25,776,880 total parameters
[titan] 2026-09-21 03:58:53,371 - torchtitan.components.optimizer.optimizer - INFO - Optimizer AdamW (model_part=0): 124 params [.*] {'fused': True, 'foreach': False, 'lr': 0.0008, 'betas': (0.9, 0.95), 'eps': 1e-08, 'weight_decay': 0.1}
[titan] 2026-09-21 03:58:53,372 - torchtitan.components.optimizer.optimizer - INFO - Optimizer AdamW (model_part=1): 139 params [.*] {'fused': True, 'foreach': False, 'lr': 0.0008, 'betas': (0.9, 0.95), 'eps': 1e-08, 'weight_decay': 0.1}
[titan] 2026-09-21 03:58:53,373 - torchtitan.components.checkpointer.base - WARNING - initial_load_model_only=True has no effect without an initial_load_path.
[titan] 2026-09-21 03:58:53,396 - torchtitan.components.checkpointer.dcp - INFO - Checkpointing active. Checkpoints will be loaded from and saved to /workspace/results/pp_r3/vp2c/checkpoint
[titan] 2026-09-21 03:58:53,396 - torchtitan.observability.metrics - WARNING - [31mPipeline Parallel loss is not visible. Please add [33mrank 1[31m to LOG_RANK environment variable in run_train.sh.[39m
[titan] 2026-09-21 03:58:53,396 - torchtitan.trainer - INFO - Peak FLOPS used for computing MFU: 9.890e+14
[titan] 2026-09-21 03:58:53,396 - torchtitan.trainer - INFO - CUDA memory usage for model: 0.05GiB(0.03%)
[titan] 2026-09-21 03:58:53,396 - torchtitan.trainer - INFO - Trainer is initialized with 1024 tokens per DP rank, 1024 tokens per train step, gradient accumulation steps 1, maximum context length 2048, total steps 100 (warmup 2)
[titan] 2026-09-21 03:58:53,397 - torchtitan.components.checkpointer.base - INFO - Loading the checkpoint from /workspace/results/pp_r3/vp2c/checkpoint/step-0.
[titan] 2026-09-21 03:58:53,798 - torchtitan.tools.utils - INFO - [GC] GC collection for checkpoint loading. took 0.01 seconds
[titan] 2026-09-21 03:58:53,798 - torchtitan.components.checkpointer.base - INFO - Finished loading the checkpoint in 0.50 seconds.
[titan] 2026-09-21 03:58:53,798 - torchtitan.trainer - INFO - Training starts at step 1
[titan] 2026-09-21 03:58:53,807 - torchtitan.tools.utils - INFO - [GC] GC collection for checkpoint loading. took 0.01 seconds
[titan] 2026-09-21 03:58:53,807 - torchtitan.components.checkpointer.base - INFO - Finished loading the checkpoint in 0.41 seconds.
[titan] 2026-09-21 03:58:53,807 - torchtitan.trainer - INFO - Training starts at step 1
/workspace/venv_k3/lib/python3.12/site-packages/torch/distributed/fsdp/_fully_shard/_fsdp_state.py:336: UserWarning: FSDP2-wrapped module (FSDPCheckpointWrapper) returned a view tensor. An in-place op on this view (e.g., `x += y`) will silently drop the pre-backward hook and skip the all-gather, which can cause backward to fail or produce wrong gradients. Use out-of-place ops (`out = out + y`, not `out += y`) or `.clone()` the output before any in-place op.
  output = self._register_pre_backward_hook(output)
/workspace/venv_k3/lib/python3.12/site-packages/torch/distributed/fsdp/_fully_shard/_fsdp_state.py:336: UserWarning: FSDP2-wrapped module (FSDPCheckpointWrapper) returned a view tensor. An in-place op on this view (e.g., `x += y`) will silently drop the pre-backward hook and skip the all-gather, which can cause backward to fail or produce wrong gradients. Use out-of-place ops (`out = out + y`, not `out += y`) or `.clone()` the output before any in-place op.
  output = self._register_pre_backward_hook(output)
/workspace/venv_k3/lib/python3.12/site-packages/torch/distributed/fsdp/_fully_shard/_fsdp_state.py:336: UserWarning: FSDP2-wrapped module (FSDPKimiK3Model) returned a view tensor. An in-place op on this view (e.g., `x += y`) will silently drop the pre-backward hook and skip the all-gather, which can cause backward to fail or produce wrong gradients. Use out-of-place ops (`out = out + y`, not `out += y`) or `.clone()` the output before any in-place op.
  output = self._register_pre_backward_hook(output)
/workspace/venv_k3/lib/python3.12/site-packages/torch/distributed/fsdp/_fully_shard/_fsdp_state.py:336: UserWarning: FSDP2-wrapped module (FSDPCheckpointWrapper) returned a view tensor. An in-place op on this view (e.g., `x += y`) will silently drop the pre-backward hook and skip the all-gather, which can cause backward to fail or produce wrong gradients. Use out-of-place ops (`out = out + y`, not `out += y`) or `.clone()` the output before any in-place op.
  output = self._register_pre_backward_hook(output)
/workspace/venv_k3/lib/python3.12/site-packages/torch/distributed/fsdp/_fully_shard/_fsdp_state.py:336: UserWarning: FSDP2-wrapped module (FSDPCheckpointWrapper) returned a view tensor. An in-place op on this view (e.g., `x += y`) will silently drop the pre-backward hook and skip the all-gather, which can cause backward to fail or produce wrong gradients. Use out-of-place ops (`out = out + y`, not `out += y`) or `.clone()` the output before any in-place op.
  output = self._register_pre_backward_hook(output)
[titan] 2026-09-21 03:59:01,227 - torchtitan.observability.metrics - INFO - [31mstep:  1  [32mloss:  8.05550  [38;2;180;60;0mgrad_norm:  2.1450  [38;2;54;234;195mmemory:  0.25GiB(0.18%)  [34mtps: 53  [36mtflops: 0.01  [35mmfu: 0.00%[39m
[titan] 2026-09-21 03:59:01,227 - torchtitan.distributed.utils - INFO - Synchronizing and adjusting timeout for all ProcessGroups to 0:01:40
[titan] 2026-09-21 03:59:01,315 - torchtitan.observability.metrics - INFO - [31mstep:  1  [32mloss: -1.00000  [38;2;180;60;0mgrad_norm:  2.1450  [38;2;54;234;195mmemory:  0.27GiB(0.19%)  [34mtps: 53  [36mtflops: 0.01  [35mmfu: 0.00%[39m
[titan] 2026-09-21 03:59:01,315 - torchtitan.distributed.utils - INFO - Synchronizing and adjusting timeout for all ProcessGroups to 0:01:40
[titan] 2026-09-21 03:59:02,208 - torchtitan.observability.metrics - INFO - [31mstep:  2  [32mloss:  6.92098  [38;2;180;60;0mgrad_norm:  7.5719  [38;2;54;234;195mmemory:  0.29GiB(0.21%)  [34mtps: 522  [36mtflops: 0.08  [35mmfu: 0.01%[39m
[titan] 2026-09-21 03:59:02,214 - torchtitan.observability.metrics - INFO - [31mstep:  2  [32mloss: -1.00000  [38;2;180;60;0mgrad_norm:  7.5719  [38;2;54;234;195mmemory:  0.31GiB(0.22%)  [34mtps: 569  [36mtflops: 0.09  [35mmfu: 0.01%[39m
[titan] 2026-09-21 03:59:03,082 - torchtitan.observability.metrics - INFO - [31mstep:  3  [32mloss:  5.71775  [38;2;180;60;0mgrad_norm:  3.4253  [38;2;54;234;195mmemory:  0.29GiB(0.21%)  [34mtps: 586  [36mtflops: 0.09  [35mmfu: 0.01%[39m
[titan] 2026-09-21 03:59:03,088 - torchtitan.observability.metrics - INFO - [31mstep:  3  [32mloss: -1.00000  [38;2;180;60;0mgrad_norm:  3.4253  [38;2;54;234;195mmemory:  0.31GiB(0.22%)  [34mtps: 586  [36mtflops: 0.09  [35mmfu: 0.01%[39m
[titan] 2026-09-21 03:59:03,958 - torchtitan.observability.metrics - INFO - [31mstep:  4  [32mloss:  5.12299  [38;2;180;60;0mgrad_norm:  2.9942  [38;2;54;234;195mmemory:  0.29GiB(0.21%)  [34mtps: 585  [36mtflops: 0.09  [35mmfu: 0.01%[39m
[titan] 2026-09-21 03:59:03,964 - torchtitan.observability.metrics - INFO - [31mstep:  4  [32mloss: -1.00000  [38;2;180;60;0mgrad_norm:  2.9942  [38;2;54;234;195mmemory:  0.31GiB(0.22%)  [34mtps: 585  [36mtflops: 0.09  [35mmfu: 0.01%[39m
[titan] 2026-09-21 03:59:04,830 - torchtitan.observability.metrics - INFO - [31mstep:  5  [32mloss:  4.31350  [38;2;180;60;0mgrad_norm:  2.5069  [38;2;54;234;195mmemory:  0.29GiB(0.21%)  [34mtps: 587  [36mtflops: 0.09  [35mmfu: 0.01%[39m
[titan] 2026-09-21 03:59:04,836 - torchtitan.observability.metrics - INFO - [31mstep:  5  [32mloss: -1.00000  [38;2;180;60;0mgrad_norm:  2.5069  [38;2;54;234;195mmemory:  0.31GiB(0.22%)  [34mtps: 587  [36mtflops: 0.09  [35mmfu: 0.01%[39m
[titan] 2026-09-21 03:59:05,704 - torchtitan.observability.metrics - INFO - [31mstep:  6  [32mloss:  4.13511  [38;2;180;60;0mgrad_norm:  2.1214  [38;2;54;234;195mmemory:  0.29GiB(0.21%)  [34mtps: 586  [36mtflops: 0.09  [35mmfu: 0.01%[39m
[titan] 2026-09-21 03:59:05,709 - torchtitan.observability.metrics - INFO - [31mstep:  6  [32mloss: -1.00000  [38;2;180;60;0mgrad_norm:  2.1214  [38;2;54;234;195mmemory:  0.31GiB(0.22%)  [34mtps: 586  [36mtflops: 0.09  [35mmfu: 0.01%[39m
[titan] 2026-09-21 03:59:06,576 - torchtitan.observability.metrics - INFO - [31mstep:  7  [32mloss:  3.94119  [38;2;180;60;0mgrad_norm:  1.8827  [38;2;54;234;195mmemory:  0.29GiB(0.21%)  [34mtps: 587  [36mtflops: 0.09  [35mmfu: 0.01%[39m
[titan] 2026-09-21 03:59:06,581 - torchtitan.observability.metrics - INFO - [31mstep:  7  [32mloss: -1.00000  [38;2;180;60;0mgrad_norm:  1.8827  [38;2;54;234;195mmemory:  0.31GiB(0.22%)  [34mtps: 587  [36mtflops: 0.09  [35mmfu: 0.01%[39m
[titan] 2026-09-21 03:59:07,448 - torchtitan.observability.metrics - INFO - [31mstep:  8  [32mloss:  3.65823  [38;2;180;60;0mgrad_norm:  1.6439  [38;2;54;234;195mmemory:  0.29GiB(0.21%)  [34mtps: 587  [36mtflops: 0.09  [35mmfu: 0.01%[39m
[titan] 2026-09-21 03:59:07,453 - torchtitan.observability.metrics - INFO - [31mstep:  8  [32mloss: -1.00000  [38;2;180;60;0mgrad_norm:  1.6439  [38;2;54;234;195mmemory:  0.31GiB(0.22%)  [34mtps: 587  [36mtflops: 0.09  [35mmfu: 0.01%[39m
[titan] 2026-09-21 03:59:08,319 - torchtitan.observability.metrics - INFO - [31mstep:  9  [32mloss:  3.71527  [38;2;180;60;0mgrad_norm:  1.5686  [38;2;54;234;195mmemory:  0.29GiB(0.21%)  [34mtps: 588  [36mtflops: 0.09  [35mmfu: 0.01%[39m
[titan] 2026-09-21 03:59:08,325 - torchtitan.observability.metrics - INFO - [31mstep:  9  [32mloss: -1.00000  [38;2;180;60;0mgrad_norm:  1.5686  [38;2;54;234;195mmemory:  0.31GiB(0.22%)  [34mtps: 587  [36mtflops: 0.09  [35mmfu: 0.01%[39m
[titan] 2026-09-21 03:59:09,202 - torchtitan.observability.metrics - INFO - [31mstep: 10  [32mloss:  3.40777  [38;2;180;60;0mgrad_norm:  1.2822  [38;2;54;234;195mmemory:  0.29GiB(0.21%)  [34mtps: 581  [36mtflops: 0.09  [35mmfu: 0.01%[39m
[titan] 2026-09-21 03:59:09,207 - torchtitan.observability.metrics - INFO - [31mstep: 10  [32mloss: -1.00000  [38;2;180;60;0mgrad_norm:  1.2822  [38;2;54;234;195mmemory:  0.31GiB(0.22%)  [34mtps: 581  [36mtflops: 0.09  [35mmfu: 0.01%[39m
[titan] 2026-09-21 03:59:10,083 - torchtitan.observability.metrics - INFO - [31mstep: 11  [32mloss:  3.27824  [38;2;180;60;0mgrad_norm:  1.1473  [38;2;54;234;195mmemory:  0.29GiB(0.21%)  [34mtps: 581  [36mtflops: 0.09  [35mmfu: 0.01%[39m
[titan] 2026-09-21 03:59:10,088 - torchtitan.observability.metrics - INFO - [31mstep: 11  [32mloss: -1.00000  [38;2;180;60;0mgrad_norm:  1.1473  [38;2;54;234;195mmemory:  0.31GiB(0.22%)  [34mtps: 581  [36mtflops: 0.09  [35mmfu: 0.01%[39m
[titan] 2026-09-21 03:59:10,958 - torchtitan.observability.metrics - INFO - [31mstep: 12  [32mloss:  3.65644  [38;2;180;60;0mgrad_norm:  1.1084  [38;2;54;234;195mmemory:  0.29GiB(0.21%)  [34mtps: 585  [36mtflops: 0.09  [35mmfu: 0.01%[39m
[titan] 2026-09-21 03:59:10,964 - torchtitan.observability.metrics - INFO - [31mstep: 12  [32mloss: -1.00000  [38;2;180;60;0mgrad_norm:  1.1084  [38;2;54;234;195mmemory:  0.31GiB(0.22%)  [34mtps: 585  [36mtflops: 0.09  [35mmfu: 0.01%[39m
[titan] 2026-09-21 03:59:11,833 - torchtitan.observability.metrics - INFO - [31mstep: 13  [32mloss:  3.17059  [38;2;180;60;0mgrad_norm:  1.1990  [38;2;54;234;195mmemory:  0.29GiB(0.21%)  [34mtps: 585  [36mtflops: 0.09  [35mmfu: 0.01%[39m
[titan] 2026-09-21 03:59:11,839 - torchtitan.observability.metrics - INFO - [31mstep: 13  [32mloss: -1.00000  [38;2;180;60;0mgrad_norm:  1.1990  [38;2;54;234;195mmemory:  0.31GiB(0.22%)  [34mtps: 585  [36mtflops: 0.09  [35mmfu: 0.01%[39m
[titan] 2026-09-21 03:59:12,704 - torchtitan.observability.metrics - INFO - [31mstep: 14  [32mloss:  3.42232  [38;2;180;60;0mgrad_norm:  1.1656  [38;2;54;234;195mmemory:  0.29GiB(0.21%)  [34mtps: 588  [36mtflops: 0.09  [35mmfu: 0.01%[39m
[titan] 2026-09-21 03:59:12,709 - torchtitan.observability.metrics - INFO - [31mstep: 14  [32mloss: -1.00000  [38;2;180;60;0mgrad_norm:  1.1656  [38;2;54;234;195mmemory:  0.31GiB(0.22%)  [34mtps: 588  [36mtflops: 0.09  [35mmfu: 0.01%[39m
[titan] 2026-09-21 03:59:13,583 - torchtitan.observability.metrics - INFO - [31mstep: 15  [32mloss:  3.10563  [38;2;180;60;0mgrad_norm:  1.3197  [38;2;54;234;195mmemory:  0.29GiB(0.21%)  [34mtps: 582  [36mtflops: 0.09  [35mmfu: 0.01%[39m
[titan] 2026-09-21 03:59:13,589 - torchtitan.observability.metrics - INFO - [31mstep: 15  [32mloss: -1.00000  [38;2;180;60;0mgrad_norm:  1.3197  [38;2;54;234;195mmemory:  0.31GiB(0.22%)  [34mtps: 582  [36mtflops: 0.09  [35mmfu: 0.01%[39m
[titan] 2026-09-21 03:59:14,479 - torchtitan.observability.metrics - INFO - [31mstep: 16  [32mloss:  3.15752  [38;2;180;60;0mgrad_norm:  1.0244  [38;2;54;234;195mmemory:  0.29GiB(0.21%)  [34mtps: 572  [36mtflops: 0.09  [35mmfu: 0.01%[39m
[titan] 2026-09-21 03:59:14,485 - torchtitan.observability.metrics - INFO - [31mstep: 16  [32mloss: -1.00000  [38;2;180;60;0mgrad_norm:  1.0244  [38;2;54;234;195mmemory:  0.31GiB(0.22%)  [34mtps: 572  [36mtflops: 0.09  [35mmfu: 0.01%[39m
[titan] 2026-09-21 03:59:15,374 - torchtitan.observability.metrics - INFO - [31mstep: 17  [32mloss:  2.97825  [38;2;180;60;0mgrad_norm:  0.9812  [38;2;54;234;195mmemory:  0.29GiB(0.21%)  [34mtps: 572  [36mtflops: 0.09  [35mmfu: 0.01%[39m
[titan] 2026-09-21 03:59:15,379 - torchtitan.observability.metrics - INFO - [31mstep: 17  [32mloss: -1.00000  [38;2;180;60;0mgrad_norm:  0.9812  [38;2;54;234;195mmemory:  0.31GiB(0.22%)  [34mtps: 572  [36mtflops: 0.09  [35mmfu: 0.01%[39m
[titan] 2026-09-21 03:59:16,261 - torchtitan.observability.metrics - INFO - [31mstep: 18  [32mloss:  3.04885  [38;2;180;60;0mgrad_norm:  0.7730  [38;2;54;234;195mmemory:  0.29GiB(0.21%)  [34mtps: 577  [36mtflops: 0.09  [35mmfu: 0.01%[39m
[titan] 2026-09-21 03:59:16,266 - torchtitan.observability.metrics - INFO - [31mstep: 18  [32mloss: -1.00000  [38;2;180;60;0mgrad_norm:  0.7730  [38;2;54;234;195mmemory:  0.31GiB(0.22%)  [34mtps: 577  [36mtflops: 0.09  [35mmfu: 0.01%[39m
[titan] 2026-09-21 03:59:17,146 - torchtitan.observability.metrics - INFO - [31mstep: 19  [32mloss:  2.74005  [38;2;180;60;0mgrad_norm:  0.8224  [38;2;54;234;195mmemory:  0.29GiB(0.21%)  [34mtps: 579  [36mtflops: 0.09  [35mmfu: 0.01%[39m
[titan] 2026-09-21 03:59:17,152 - torchtitan.observability.metrics - INFO - [31mstep: 19  [32mloss: -1.00000  [38;2;180;60;0mgrad_norm:  0.8224  [38;2;54;234;195mmemory:  0.31GiB(0.22%)  [34mtps: 579  [36mtflops: 0.09  [35mmfu: 0.01%[39m
[titan] 2026-09-21 03:59:18,038 - torchtitan.observability.metrics - INFO - [31mstep: 20  [32mloss:  2.91631  [38;2;180;60;0mgrad_norm:  0.9011  [38;2;54;234;195mmemory:  0.29GiB(0.21%)  [34mtps: 574  [36mtflops: 0.09  [35mmfu: 0.01%[39m
[titan] 2026-09-21 03:59:18,044 - torchtitan.observability.metrics - INFO - [31mstep: 20  [32mloss: -1.00000  [38;2;180;60;0mgrad_norm:  0.9011  [38;2;54;234;195mmemory:  0.31GiB(0.22%)  [34mtps: 574  [36mtflops: 0.09  [35mmfu: 0.01%[39m
[titan] 2026-09-21 03:59:18,922 - torchtitan.observability.metrics - INFO - [31mstep: 21  [32mloss:  3.09910  [38;2;180;60;0mgrad_norm:  0.7449  [38;2;54;234;195mmemory:  0.29GiB(0.21%)  [34mtps: 579  [36mtflops: 0.09  [35mmfu: 0.01%[39m
[titan] 2026-09-21 03:59:18,928 - torchtitan.observability.metrics - INFO - [31mstep: 21  [32mloss: -1.00000  [38;2;180;60;0mgrad_norm:  0.7449  [38;2;54;234;195mmemory:  0.31GiB(0.22%)  [34mtps: 580  [36mtflops: 0.09  [35mmfu: 0.01%[39m
[titan] 2026-09-21 03:59:19,809 - torchtitan.observability.metrics - INFO - [31mstep: 22  [32mloss:  2.86735  [38;2;180;60;0mgrad_norm:  1.0790  [38;2;54;234;195mmemory:  0.29GiB(0.21%)  [34mtps: 577  [36mtflops: 0.09  [35mmfu: 0.01%[39m
[titan] 2026-09-21 03:59:19,814 - torchtitan.observability.metrics - INFO - [31mstep: 22  [32mloss: -1.00000  [38;2;180;60;0mgrad_norm:  1.0790  [38;2;54;234;195mmemory:  0.31GiB(0.22%)  [34mtps: 577  [36mtflops: 0.09  [35mmfu: 0.01%[39m
[titan] 2026-09-21 03:59:20,690 - torchtitan.observability.metrics - INFO - [31mstep: 23  [32mloss:  2.67653  [38;2;180;60;0mgrad_norm:  0.7663  [38;2;54;234;195mmemory:  0.29GiB(0.21%)  [34mtps: 581  [36mtflops: 0.09  [35mmfu: 0.01%[39m
[titan] 2026-09-21 03:59:20,696 - torchtitan.observability.metrics - INFO - [31mstep: 23  [32mloss: -1.00000  [38;2;180;60;0mgrad_norm:  0.7663  [38;2;54;234;195mmemory:  0.31GiB(0.22%)  [34mtps: 581  [36mtflops: 0.09  [35mmfu: 0.01%[39m
[titan] 2026-09-21 03:59:21,573 - torchtitan.observability.metrics - INFO - [31mstep: 24  [32mloss:  2.89478  [38;2;180;60;0mgrad_norm:  1.0174  [38;2;54;234;195mmemory:  0.29GiB(0.21%)  [34mtps: 580  [36mtflops: 0.09  [35mmfu: 0.01%[39m
[titan] 2026-09-21 03:59:21,578 - torchtitan.observability.metrics - INFO - [31mstep: 24  [32mloss: -1.00000  [38;2;180;60;0mgrad_norm:  1.0174  [38;2;54;234;195mmemory:  0.31GiB(0.22%)  [34mtps: 580  [36mtflops: 0.09  [35mmfu: 0.01%[39m
[titan] 2026-09-21 03:59:22,458 - torchtitan.observability.metrics - INFO - [31mstep: 25  [32mloss:  3.15703  [38;2;180;60;0mgrad_norm:  1.0396  [38;2;54;234;195mmemory:  0.29GiB(0.21%)  [34mtps: 578  [36mtflops: 0.09  [35mmfu: 0.01%[39m
[titan] 2026-09-21 03:59:22,464 - torchtitan.observability.metrics - INFO - [31mstep: 25  [32mloss: -1.00000  [38;2;180;60;0mgrad_norm:  1.0396  [38;2;54;234;195mmemory:  0.31GiB(0.22%)  [34mtps: 578  [36mtflops: 0.09  [35mmfu: 0.01%[39m
[titan] 2026-09-21 03:59:23,339 - torchtitan.observability.metrics - INFO - [31mstep: 26  [32mloss:  2.69858  [38;2;180;60;0mgrad_norm:  1.1457  [38;2;54;234;195mmemory:  0.29GiB(0.21%)  [34mtps: 581  [36mtflops: 0.09  [35mmfu: 0.01%[39m
[titan] 2026-09-21 03:59:23,345 - torchtitan.observability.metrics - INFO - [31mstep: 26  [32mloss: -1.00000  [38;2;180;60;0mgrad_norm:  1.1457  [38;2;54;234;195mmemory:  0.31GiB(0.22%)  [34mtps: 582  [36mtflops: 0.09  [35mmfu: 0.01%[39m
[titan] 2026-09-21 03:59:24,223 - torchtitan.observability.metrics - INFO - [31mstep: 27  [32mloss:  2.82167  [38;2;180;60;0mgrad_norm:  0.8648  [38;2;54;234;195mmemory:  0.29GiB(0.21%)  [34mtps: 579  [36mtflops: 0.09  [35mmfu: 0.01%[39m
[titan] 2026-09-21 03:59:24,229 - torchtitan.observability.metrics - INFO - [31mstep: 27  [32mloss: -1.00000  [38;2;180;60;0mgrad_norm:  0.8648  [38;2;54;234;195mmemory:  0.31GiB(0.22%)  [34mtps: 579  [36mtflops: 0.09  [35mmfu: 0.01%[39m
[titan] 2026-09-21 03:59:25,107 - torchtitan.observability.metrics - INFO - [31mstep: 28  [32mloss:  2.95299  [38;2;180;60;0mgrad_norm:  1.0212  [38;2;54;234;195mmemory:  0.29GiB(0.21%)  [34mtps: 580  [36mtflops: 0.09  [35mmfu: 0.01%[39m
[titan] 2026-09-21 03:59:25,113 - torchtitan.observability.metrics - INFO - [31mstep: 28  [32mloss: -1.00000  [38;2;180;60;0mgrad_norm:  1.0212  [38;2;54;234;195mmemory:  0.31GiB(0.22%)  [34mtps: 580  [36mtflops: 0.09  [35mmfu: 0.01%[39m
[titan] 2026-09-21 03:59:25,986 - torchtitan.observability.metrics - INFO - [31mstep: 29  [32mloss:  2.65337  [38;2;180;60;0mgrad_norm:  0.9886  [38;2;54;234;195mmemory:  0.29GiB(0.21%)  [34mtps: 583  [36mtflops: 0.09  [35mmfu: 0.01%[39m
[titan] 2026-09-21 03:59:25,991 - torchtitan.observability.metrics - INFO - [31mstep: 29  [32mloss: -1.00000  [38;2;180;60;0mgrad_norm:  0.9886  [38;2;54;234;195mmemory:  0.31GiB(0.22%)  [34mtps: 583  [36mtflops: 0.09  [35mmfu: 0.01%[39m
[titan] 2026-09-21 03:59:26,866 - torchtitan.observability.metrics - INFO - [31mstep: 30  [32mloss:  2.93063  [38;2;180;60;0mgrad_norm:  0.9143  [38;2;54;234;195mmemory:  0.29GiB(0.21%)  [34mtps: 582  [36mtflops: 0.09  [35mmfu: 0.01%[39m
[titan] 2026-09-21 03:59:26,872 - torchtitan.observability.metrics - INFO - [31mstep: 30  [32mloss: -1.00000  [38;2;180;60;0mgrad_norm:  0.9143  [38;2;54;234;195mmemory:  0.31GiB(0.22%)  [34mtps: 582  [36mtflops: 0.09  [35mmfu: 0.01%[39m
[titan] 2026-09-21 03:59:27,742 - torchtitan.observability.metrics - INFO - [31mstep: 31  [32mloss:  2.74011  [38;2;180;60;0mgrad_norm:  0.9587  [38;2;54;234;195mmemory:  0.29GiB(0.21%)  [34mtps: 585  [36mtflops: 0.09  [35mmfu: 0.01%[39m
[titan] 2026-09-21 03:59:27,747 - torchtitan.observability.metrics - INFO - [31mstep: 31  [32mloss: -1.00000  [38;2;180;60;0mgrad_norm:  0.9587  [38;2;54;234;195mmemory:  0.31GiB(0.22%)  [34mtps: 585  [36mtflops: 0.09  [35mmfu: 0.01%[39m
[titan] 2026-09-21 03:59:28,624 - torchtitan.observability.metrics - INFO - [31mstep: 32  [32mloss:  2.78532  [38;2;180;60;0mgrad_norm:  0.7265  [38;2;54;234;195mmemory:  0.29GiB(0.21%)  [34mtps: 580  [36mtflops: 0.09  [35mmfu: 0.01%[39m
[titan] 2026-09-21 03:59:28,630 - torchtitan.observability.metrics - INFO - [31mstep: 32  [32mloss: -1.00000  [38;2;180;60;0mgrad_norm:  0.7265  [38;2;54;234;195mmemory:  0.31GiB(0.22%)  [34mtps: 580  [36mtflops: 0.09  [35mmfu: 0.01%[39m
[titan] 2026-09-21 03:59:29,501 - torchtitan.observability.metrics - INFO - [31mstep: 33  [32mloss:  2.54380  [38;2;180;60;0mgrad_norm:  0.7830  [38;2;54;234;195mmemory:  0.29GiB(0.21%)  [34mtps: 584  [36mtflops: 0.09  [35mmfu: 0.01%[39m
[titan] 2026-09-21 03:59:29,507 - torchtitan.observability.metrics - INFO - [31mstep: 33  [32mloss: -1.00000  [38;2;180;60;0mgrad_norm:  0.7830  [38;2;54;234;195mmemory:  0.31GiB(0.22%)  [34mtps: 584  [36mtflops: 0.09  [35mmfu: 0.01%[39m
[titan] 2026-09-21 03:59:30,389 - torchtitan.observability.metrics - INFO - [31mstep: 34  [32mloss:  2.55526  [38;2;180;60;0mgrad_norm:  0.8177  [38;2;54;234;195mmemory:  0.29GiB(0.21%)  [34mtps: 577  [36mtflops: 0.09  [35mmfu: 0.01%[39m
[titan] 2026-09-21 03:59:30,395 - torchtitan.observability.metrics - INFO - [31mstep: 34  [32mloss: -1.00000  [38;2;180;60;0mgrad_norm:  0.8177  [38;2;54;234;195mmemory:  0.31GiB(0.22%)  [34mtps: 577  [36mtflops: 0.09  [35mmfu: 0.01%[39m
[titan] 2026-09-21 03:59:31,269 - torchtitan.observability.metrics - INFO - [31mstep: 35  [32mloss:  2.68597  [38;2;180;60;0mgrad_norm:  0.8386  [38;2;54;234;195mmemory:  0.29GiB(0.21%)  [34mtps: 582  [36mtflops: 0.09  [35mmfu: 0.01%[39m
[titan] 2026-09-21 03:59:31,275 - torchtitan.observability.metrics - INFO - [31mstep: 35  [32mloss: -1.00000  [38;2;180;60;0mgrad_norm:  0.8386  [38;2;54;234;195mmemory:  0.31GiB(0.22%)  [34mtps: 582  [36mtflops: 0.09  [35mmfu: 0.01%[39m
[titan] 2026-09-21 03:59:32,150 - torchtitan.observability.metrics - INFO - [31mstep: 36  [32mloss:  2.56863  [38;2;180;60;0mgrad_norm:  0.9409  [38;2;54;234;195mmemory:  0.29GiB(0.21%)  [34mtps: 582  [36mtflops: 0.09  [35mmfu: 0.01%[39m
[titan] 2026-09-21 03:59:32,156 - torchtitan.observability.metrics - INFO - [31mstep: 36  [32mloss: -1.00000  [38;2;180;60;0mgrad_norm:  0.9409  [38;2;54;234;195mmemory:  0.31GiB(0.22%)  [34mtps: 582  [36mtflops: 0.09  [35mmfu: 0.01%[39m
[titan] 2026-09-21 03:59:33,030 - torchtitan.observability.metrics - INFO - [31mstep: 37  [32mloss:  3.02248  [38;2;180;60;0mgrad_norm:  1.3052  [38;2;54;234;195mmemory:  0.29GiB(0.21%)  [34mtps: 582  [36mtflops: 0.09  [35mmfu: 0.01%[39m
[titan] 2026-09-21 03:59:33,036 - torchtitan.observability.metrics - INFO - [31mstep: 37  [32mloss: -1.00000  [38;2;180;60;0mgrad_norm:  1.3052  [38;2;54;234;195mmemory:  0.31GiB(0.22%)  [34mtps: 582  [36mtflops: 0.09  [35mmfu: 0.01%[39m
[titan] 2026-09-21 03:59:33,912 - torchtitan.observability.metrics - INFO - [31mstep: 38  [32mloss:  2.69228  [38;2;180;60;0mgrad_norm:  1.1628  [38;2;54;234;195mmemory:  0.29GiB(0.21%)  [34mtps: 581  [36mtflops: 0.09  [35mmfu: 0.01%[39m
[titan] 2026-09-21 03:59:33,917 - torchtitan.observability.metrics - INFO - [31mstep: 38  [32mloss: -1.00000  [38;2;180;60;0mgrad_norm:  1.1628  [38;2;54;234;195mmemory:  0.31GiB(0.22%)  [34mtps: 581  [36mtflops: 0.09  [35mmfu: 0.01%[39m
[titan] 2026-09-21 03:59:34,791 - torchtitan.observability.metrics - INFO - [31mstep: 39  [32mloss:  2.78339  [38;2;180;60;0mgrad_norm:  0.9131  [38;2;54;234;195mmemory:  0.29GiB(0.21%)  [34mtps: 582  [36mtflops: 0.09  [35mmfu: 0.01%[39m
[titan] 2026-09-21 03:59:34,797 - torchtitan.observability.metrics - INFO - [31mstep: 39  [32mloss: -1.00000  [38;2;180;60;0mgrad_norm:  0.9131  [38;2;54;234;195mmemory:  0.31GiB(0.22%)  [34mtps: 582  [36mtflops: 0.09  [35mmfu: 0.01%[39m
[titan] 2026-09-21 03:59:35,673 - torchtitan.observability.metrics - INFO - [31mstep: 40  [32mloss:  2.65985  [38;2;180;60;0mgrad_norm:  0.9659  [38;2;54;234;195mmemory:  0.29GiB(0.21%)  [34mtps: 581  [36mtflops: 0.09  [35mmfu: 0.01%[39m
[titan] 2026-09-21 03:59:35,679 - torchtitan.observability.metrics - INFO - [31mstep: 40  [32mloss: -1.00000  [38;2;180;60;0mgrad_norm:  0.9659  [38;2;54;234;195mmemory:  0.31GiB(0.22%)  [34mtps: 581  [36mtflops: 0.09  [35mmfu: 0.01%[39m
[titan] 2026-09-21 03:59:36,552 - torchtitan.observability.metrics - INFO - [31mstep: 41  [32mloss:  2.58986  [38;2;180;60;0mgrad_norm:  0.7531  [38;2;54;234;195mmemory:  0.29GiB(0.21%)  [34mtps: 582  [36mtflops: 0.09  [35mmfu: 0.01%[39m
[titan] 2026-09-21 03:59:36,558 - torchtitan.observability.metrics - INFO - [31mstep: 41  [32mloss: -1.00000  [38;2;180;60;0mgrad_norm:  0.7531  [38;2;54;234;195mmemory:  0.31GiB(0.22%)  [34mtps: 583  [36mtflops: 0.09  [35mmfu: 0.01%[39m
[titan] 2026-09-21 03:59:37,430 - torchtitan.observability.metrics - INFO - [31mstep: 42  [32mloss:  2.53788  [38;2;180;60;0mgrad_norm:  0.7947  [38;2;54;234;195mmemory:  0.29GiB(0.21%)  [34mtps: 583  [36mtflops: 0.09  [35mmfu: 0.01%[39m
[titan] 2026-09-21 03:59:37,436 - torchtitan.observability.metrics - INFO - [31mstep: 42  [32mloss: -1.00000  [38;2;180;60;0mgrad_norm:  0.7947  [38;2;54;234;195mmemory:  0.31GiB(0.22%)  [34mtps: 583  [36mtflops: 0.09  [35mmfu: 0.01%[39m
[titan] 2026-09-21 03:59:38,309 - torchtitan.observability.metrics - INFO - [31mstep: 43  [32mloss:  2.72475  [38;2;180;60;0mgrad_norm:  0.8534  [38;2;54;234;195mmemory:  0.29GiB(0.21%)  [34mtps: 583  [36mtflops: 0.09  [35mmfu: 0.01%[39m
[titan] 2026-09-21 03:59:38,314 - torchtitan.observability.metrics - INFO - [31mstep: 43  [32mloss: -1.00000  [38;2;180;60;0mgrad_norm:  0.8534  [38;2;54;234;195mmemory:  0.31GiB(0.22%)  [34mtps: 583  [36mtflops: 0.09  [35mmfu: 0.01%[39m
[titan] 2026-09-21 03:59:39,191 - torchtitan.observability.metrics - INFO - [31mstep: 44  [32mloss:  2.47573  [38;2;180;60;0mgrad_norm:  0.8013  [38;2;54;234;195mmemory:  0.29GiB(0.21%)  [34mtps: 580  [36mtflops: 0.09  [35mmfu: 0.01%[39m
[titan] 2026-09-21 03:59:39,197 - torchtitan.observability.metrics - INFO - [31mstep: 44  [32mloss: -1.00000  [38;2;180;60;0mgrad_norm:  0.8013  [38;2;54;234;195mmemory:  0.31GiB(0.22%)  [34mtps: 580  [36mtflops: 0.09  [35mmfu: 0.01%[39m
[titan] 2026-09-21 03:59:40,070 - torchtitan.observability.metrics - INFO - [31mstep: 45  [32mloss:  2.66665  [38;2;180;60;0mgrad_norm:  0.7827  [38;2;54;234;195mmemory:  0.29GiB(0.21%)  [34mtps: 583  [36mtflops: 0.09  [35mmfu: 0.01%[39m
[titan] 2026-09-21 03:59:40,075 - torchtitan.observability.metrics - INFO - [31mstep: 45  [32mloss: -1.00000  [38;2;180;60;0mgrad_norm:  0.7827  [38;2;54;234;195mmemory:  0.31GiB(0.22%)  [34mtps: 583  [36mtflops: 0.09  [35mmfu: 0.01%[39m
[titan] 2026-09-21 03:59:40,950 - torchtitan.observability.metrics - INFO - [31mstep: 46  [32mloss:  2.59347  [38;2;180;60;0mgrad_norm:  0.8292  [38;2;54;234;195mmemory:  0.29GiB(0.21%)  [34mtps: 581  [36mtflops: 0.09  [35mmfu: 0.01%[39m
[titan] 2026-09-21 03:59:40,956 - torchtitan.observability.metrics - INFO - [31mstep: 46  [32mloss: -1.00000  [38;2;180;60;0mgrad_norm:  0.8292  [38;2;54;234;195mmemory:  0.31GiB(0.22%)  [34mtps: 581  [36mtflops: 0.09  [35mmfu: 0.01%[39m
[titan] 2026-09-21 03:59:41,830 - torchtitan.observability.metrics - INFO - [31mstep: 47  [32mloss:  2.69221  [38;2;180;60;0mgrad_norm:  0.7973  [38;2;54;234;195mmemory:  0.29GiB(0.21%)  [34mtps: 582  [36mtflops: 0.09  [35mmfu: 0.01%[39m
[titan] 2026-09-21 03:59:41,836 - torchtitan.observability.metrics - INFO - [31mstep: 47  [32mloss: -1.00000  [38;2;180;60;0mgrad_norm:  0.7973  [38;2;54;234;195mmemory:  0.31GiB(0.22%)  [34mtps: 582  [36mtflops: 0.09  [35mmfu: 0.01%[39m
[titan] 2026-09-21 03:59:42,712 - torchtitan.observability.metrics - INFO - [31mstep: 48  [32mloss:  2.75672  [38;2;180;60;0mgrad_norm:  0.9181  [38;2;54;234;195mmemory:  0.29GiB(0.21%)  [34mtps: 580  [36mtflops: 0.09  [35mmfu: 0.01%[39m
[titan] 2026-09-21 03:59:42,718 - torchtitan.observability.metrics - INFO - [31mstep: 48  [32mloss: -1.00000  [38;2;180;60;0mgrad_norm:  0.9181  [38;2;54;234;195mmemory:  0.31GiB(0.22%)  [34mtps: 580  [36mtflops: 0.09  [35mmfu: 0.01%[39m
[titan] 2026-09-21 03:59:43,593 - torchtitan.observability.metrics - INFO - [31mstep: 49  [32mloss:  2.67934  [38;2;180;60;0mgrad_norm:  0.8825  [38;2;54;234;195mmemory:  0.29GiB(0.21%)  [34mtps: 581  [36mtflops: 0.09  [35mmfu: 0.01%[39m
[titan] 2026-09-21 03:59:43,599 - torchtitan.observability.metrics - INFO - [31mstep: 49  [32mloss: -1.00000  [38;2;180;60;0mgrad_norm:  0.8825  [38;2;54;234;195mmemory:  0.31GiB(0.22%)  [34mtps: 581  [36mtflops: 0.09  [35mmfu: 0.01%[39m
[titan] 2026-09-21 03:59:43,726 - torchtitan.tools.utils - INFO - [GC] Performing periodic GC collection took 0.13 seconds
[titan] 2026-09-21 03:59:43,737 - torchtitan.tools.utils - INFO - [GC] Performing periodic GC collection took 0.13 seconds
[titan] 2026-09-21 03:59:44,601 - torchtitan.observability.metrics - INFO - [31mstep: 50  [32mloss:  2.57863  [38;2;180;60;0mgrad_norm:  0.6880  [38;2;54;234;195mmemory:  0.29GiB(0.21%)  [34mtps: 508  [36mtflops: 0.08  [35mmfu: 0.01%[39m
[titan] 2026-09-21 03:59:44,607 - torchtitan.observability.metrics - INFO - [31mstep: 50  [32mloss: -1.00000  [38;2;180;60;0mgrad_norm:  0.6880  [38;2;54;234;195mmemory:  0.31GiB(0.22%)  [34mtps: 508  [36mtflops: 0.08  [35mmfu: 0.01%[39m
[titan] 2026-09-21 03:59:45,485 - torchtitan.observability.metrics - INFO - [31mstep: 51  [32mloss:  2.68087  [38;2;180;60;0mgrad_norm:  0.9213  [38;2;54;234;195mmemory:  0.29GiB(0.21%)  [34mtps: 579  [36mtflops: 0.09  [35mmfu: 0.01%[39m
[titan] 2026-09-21 03:59:45,491 - torchtitan.observability.metrics - INFO - [31mstep: 51  [32mloss: -1.00000  [38;2;180;60;0mgrad_norm:  0.9213  [38;2;54;234;195mmemory:  0.31GiB(0.22%)  [34mtps: 579  [36mtflops: 0.09  [35mmfu: 0.01%[39m
[titan] 2026-09-21 03:59:46,364 - torchtitan.observability.metrics - INFO - [31mstep: 52  [32mloss:  2.51290  [38;2;180;60;0mgrad_norm:  0.8736  [38;2;54;234;195mmemory:  0.29GiB(0.21%)  [34mtps: 583  [36mtflops: 0.09  [35mmfu: 0.01%[39m
[titan] 2026-09-21 03:59:46,370 - torchtitan.observability.metrics - INFO - [31mstep: 52  [32mloss: -1.00000  [38;2;180;60;0mgrad_norm:  0.8736  [38;2;54;234;195mmemory:  0.31GiB(0.22%)  [34mtps: 583  [36mtflops: 0.09  [35mmfu: 0.01%[39m
[titan] 2026-09-21 03:59:47,246 - torchtitan.observability.metrics - INFO - [31mstep: 53  [32mloss:  2.77263  [38;2;180;60;0mgrad_norm:  0.7287  [38;2;54;234;195mmemory:  0.29GiB(0.21%)  [34mtps: 581  [36mtflops: 0.09  [35mmfu: 0.01%[39m
[titan] 2026-09-21 03:59:47,251 - torchtitan.observability.metrics - INFO - [31mstep: 53  [32mloss: -1.00000  [38;2;180;60;0mgrad_norm:  0.7287  [38;2;54;234;195mmemory:  0.31GiB(0.22%)  [34mtps: 581  [36mtflops: 0.09  [35mmfu: 0.01%[39m
[titan] 2026-09-21 03:59:48,122 - torchtitan.observability.metrics - INFO - [31mstep: 54  [32mloss:  3.04972  [38;2;180;60;0mgrad_norm:  0.8400  [38;2;54;234;195mmemory:  0.29GiB(0.21%)  [34mtps: 584  [36mtflops: 0.09  [35mmfu: 0.01%[39m
[titan] 2026-09-21 03:59:48,128 - torchtitan.observability.metrics - INFO - [31mstep: 54  [32mloss: -1.00000  [38;2;180;60;0mgrad_norm:  0.8400  [38;2;54;234;195mmemory:  0.31GiB(0.22%)  [34mtps: 584  [36mtflops: 0.09  [35mmfu: 0.01%[39m
[titan] 2026-09-21 03:59:49,002 - torchtitan.observability.metrics - INFO - [31mstep: 55  [32mloss:  2.95675  [38;2;180;60;0mgrad_norm:  0.9884  [38;2;54;234;195mmemory:  0.29GiB(0.21%)  [34mtps: 582  [36mtflops: 0.09  [35mmfu: 0.01%[39m
[titan] 2026-09-21 03:59:49,008 - torchtitan.observability.metrics - INFO - [31mstep: 55  [32mloss: -1.00000  [38;2;180;60;0mgrad_norm:  0.9884  [38;2;54;234;195mmemory:  0.31GiB(0.22%)  [34mtps: 582  [36mtflops: 0.09  [35mmfu: 0.01%[39m
[titan] 2026-09-21 03:59:49,893 - torchtitan.observability.metrics - INFO - [31mstep: 56  [32mloss:  2.52784  [38;2;180;60;0mgrad_norm:  0.7715  [38;2;54;234;195mmemory:  0.29GiB(0.21%)  [34mtps: 575  [36mtflops: 0.09  [35mmfu: 0.01%[39m
[titan] 2026-09-21 03:59:49,898 - torchtitan.observability.metrics - INFO - [31mstep: 56  [32mloss: -1.00000  [38;2;180;60;0mgrad_norm:  0.7715  [38;2;54;234;195mmemory:  0.31GiB(0.22%)  [34mtps: 575  [36mtflops: 0.09  [35mmfu: 0.01%[39m
[titan] 2026-09-21 03:59:50,781 - torchtitan.observability.metrics - INFO - [31mstep: 57  [32mloss:  2.53520  [38;2;180;60;0mgrad_norm:  0.8528  [38;2;54;234;195mmemory:  0.29GiB(0.21%)  [34mtps: 576  [36mtflops: 0.09  [35mmfu: 0.01%[39m
[titan] 2026-09-21 03:59:50,787 - torchtitan.observability.metrics - INFO - [31mstep: 57  [32mloss: -1.00000  [38;2;180;60;0mgrad_norm:  0.8528  [38;2;54;234;195mmemory:  0.31GiB(0.22%)  [34mtps: 576  [36mtflops: 0.09  [35mmfu: 0.01%[39m
[titan] 2026-09-21 03:59:51,662 - torchtitan.observability.metrics - INFO - [31mstep: 58  [32mloss:  2.61787  [38;2;180;60;0mgrad_norm:  0.9652  [38;2;54;234;195mmemory:  0.29GiB(0.21%)  [34mtps: 582  [36mtflops: 0.09  [35mmfu: 0.01%[39m
[titan] 2026-09-21 03:59:51,668 - torchtitan.observability.metrics - INFO - [31mstep: 58  [32mloss: -1.00000  [38;2;180;60;0mgrad_norm:  0.9652  [38;2;54;234;195mmemory:  0.31GiB(0.22%)  [34mtps: 582  [36mtflops: 0.09  [35mmfu: 0.01%[39m
[titan] 2026-09-21 03:59:52,539 - torchtitan.observability.metrics - INFO - [31mstep: 59  [32mloss:  2.66671  [38;2;180;60;0mgrad_norm:  0.8502  [38;2;54;234;195mmemory:  0.29GiB(0.21%)  [34mtps: 584  [36mtflops: 0.09  [35mmfu: 0.01%[39m
[titan] 2026-09-21 03:59:52,544 - torchtitan.observability.metrics - INFO - [31mstep: 59  [32mloss: -1.00000  [38;2;180;60;0mgrad_norm:  0.8502  [38;2;54;234;195mmemory:  0.31GiB(0.22%)  [34mtps: 584  [36mtflops: 0.09  [35mmfu: 0.01%[39m
[titan] 2026-09-21 03:59:53,418 - torchtitan.observability.metrics - INFO - [31mstep: 60  [32mloss:  2.56637  [38;2;180;60;0mgrad_norm:  0.7878  [38;2;54;234;195mmemory:  0.29GiB(0.21%)  [34mtps: 582  [36mtflops: 0.09  [35mmfu: 0.01%[39m
[titan] 2026-09-21 03:59:53,423 - torchtitan.observability.metrics - INFO - [31mstep: 60  [32mloss: -1.00000  [38;2;180;60;0mgrad_norm:  0.7878  [38;2;54;234;195mmemory:  0.31GiB(0.22%)  [34mtps: 582  [36mtflops: 0.09  [35mmfu: 0.01%[39m
[titan] 2026-09-21 03:59:54,298 - torchtitan.observability.metrics - INFO - [31mstep: 61  [32mloss:  2.61860  [38;2;180;60;0mgrad_norm:  0.7970  [38;2;54;234;195mmemory:  0.29GiB(0.21%)  [34mtps: 582  [36mtflops: 0.09  [35mmfu: 0.01%[39m
[titan] 2026-09-21 03:59:54,304 - torchtitan.observability.metrics - INFO - [31mstep: 61  [32mloss: -1.00000  [38;2;180;60;0mgrad_norm:  0.7970  [38;2;54;234;195mmemory:  0.31GiB(0.22%)  [34mtps: 582  [36mtflops: 0.09  [35mmfu: 0.01%[39m
[titan] 2026-09-21 03:59:55,176 - torchtitan.observability.metrics - INFO - [31mstep: 62  [32mloss:  2.69048  [38;2;180;60;0mgrad_norm:  0.7755  [38;2;54;234;195mmemory:  0.29GiB(0.21%)  [34mtps: 583  [36mtflops: 0.09  [35mmfu: 0.01%[39m
[titan] 2026-09-21 03:59:55,182 - torchtitan.observability.metrics - INFO - [31mstep: 62  [32mloss: -1.00000  [38;2;180;60;0mgrad_norm:  0.7755  [38;2;54;234;195mmemory:  0.31GiB(0.22%)  [34mtps: 583  [36mtflops: 0.09  [35mmfu: 0.01%[39m
[titan] 2026-09-21 03:59:56,059 - torchtitan.observability.metrics - INFO - [31mstep: 63  [32mloss:  2.61932  [38;2;180;60;0mgrad_norm:  0.8417  [38;2;54;234;195mmemory:  0.29GiB(0.21%)  [34mtps: 580  [36mtflops: 0.09  [35mmfu: 0.01%[39m
[titan] 2026-09-21 03:59:56,065 - torchtitan.observability.metrics - INFO - [31mstep: 63  [32mloss: -1.00000  [38;2;180;60;0mgrad_norm:  0.8417  [38;2;54;234;195mmemory:  0.31GiB(0.22%)  [34mtps: 580  [36mtflops: 0.09  [35mmfu: 0.01%[39m
[titan] 2026-09-21 03:59:56,938 - torchtitan.observability.metrics - INFO - [31mstep: 64  [32mloss:  2.62212  [38;2;180;60;0mgrad_norm:  0.6135  [38;2;54;234;195mmemory:  0.29GiB(0.21%)  [34mtps: 583  [36mtflops: 0.09  [35mmfu: 0.01%[39m
[titan] 2026-09-21 03:59:56,944 - torchtitan.observability.metrics - INFO - [31mstep: 64  [32mloss: -1.00000  [38;2;180;60;0mgrad_norm:  0.6135  [38;2;54;234;195mmemory:  0.31GiB(0.22%)  [34mtps: 583  [36mtflops: 0.09  [35mmfu: 0.01%[39m
[titan] 2026-09-21 03:59:57,815 - torchtitan.observability.metrics - INFO - [31mstep: 65  [32mloss:  2.70987  [38;2;180;60;0mgrad_norm:  0.8361  [38;2;54;234;195mmemory:  0.29GiB(0.21%)  [34mtps: 584  [36mtflops: 0.09  [35mmfu: 0.01%[39m
[titan] 2026-09-21 03:59:57,821 - torchtitan.observability.metrics - INFO - [31mstep: 65  [32mloss: -1.00000  [38;2;180;60;0mgrad_norm:  0.8361  [38;2;54;234;195mmemory:  0.31GiB(0.22%)  [34mtps: 584  [36mtflops: 0.09  [35mmfu: 0.01%[39m
[titan] 2026-09-21 03:59:58,695 - torchtitan.observability.metrics - INFO - [31mstep: 66  [32mloss:  2.58885  [38;2;180;60;0mgrad_norm:  0.7359  [38;2;54;234;195mmemory:  0.29GiB(0.21%)  [34mtps: 582  [36mtflops: 0.09  [35mmfu: 0.01%[39m
[titan] 2026-09-21 03:59:58,701 - torchtitan.observability.metrics - INFO - [31mstep: 66  [32mloss: -1.00000  [38;2;180;60;0mgrad_norm:  0.7359  [38;2;54;234;195mmemory:  0.31GiB(0.22%)  [34mtps: 582  [36mtflops: 0.09  [35mmfu: 0.01%[39m
[titan] 2026-09-21 03:59:59,577 - torchtitan.observability.metrics - INFO - [31mstep: 67  [32mloss:  2.59396  [38;2;180;60;0mgrad_norm:  0.8567  [38;2;54;234;195mmemory:  0.29GiB(0.21%)  [34mtps: 581  [36mtflops: 0.09  [35mmfu: 0.01%[39m
[titan] 2026-09-21 03:59:59,583 - torchtitan.observability.metrics - INFO - [31mstep: 67  [32mloss: -1.00000  [38;2;180;60;0mgrad_norm:  0.8567  [38;2;54;234;195mmemory:  0.31GiB(0.22%)  [34mtps: 581  [36mtflops: 0.09  [35mmfu: 0.01%[39m
[titan] 2026-09-21 04:00:00,471 - torchtitan.observability.metrics - INFO - [31mstep: 68  [32mloss:  2.61537  [38;2;180;60;0mgrad_norm:  0.8246  [38;2;54;234;195mmemory:  0.29GiB(0.21%)  [34mtps: 573  [36mtflops: 0.09  [35mmfu: 0.01%[39m
[titan] 2026-09-21 04:00:00,477 - torchtitan.observability.metrics - INFO - [31mstep: 68  [32mloss: -1.00000  [38;2;180;60;0mgrad_norm:  0.8246  [38;2;54;234;195mmemory:  0.31GiB(0.22%)  [34mtps: 573  [36mtflops: 0.09  [35mmfu: 0.01%[39m
[titan] 2026-09-21 04:00:01,353 - torchtitan.observability.metrics - INFO - [31mstep: 69  [32mloss:  2.82205  [38;2;180;60;0mgrad_norm:  0.8966  [38;2;54;234;195mmemory:  0.29GiB(0.21%)  [34mtps: 581  [36mtflops: 0.09  [35mmfu: 0.01%[39m
[titan] 2026-09-21 04:00:01,358 - torchtitan.observability.metrics - INFO - [31mstep: 69  [32mloss: -1.00000  [38;2;180;60;0mgrad_norm:  0.8966  [38;2;54;234;195mmemory:  0.31GiB(0.22%)  [34mtps: 581  [36mtflops: 0.09  [35mmfu: 0.01%[39m
[titan] 2026-09-21 04:00:02,235 - torchtitan.observability.metrics - INFO - [31mstep: 70  [32mloss:  2.71788  [38;2;180;60;0mgrad_norm:  0.6565  [38;2;54;234;195mmemory:  0.29GiB(0.21%)  [34mtps: 581  [36mtflops: 0.09  [35mmfu: 0.01%[39m
[titan] 2026-09-21 04:00:02,240 - torchtitan.observability.metrics - INFO - [31mstep: 70  [32mloss: -1.00000  [38;2;180;60;0mgrad_norm:  0.6565  [38;2;54;234;195mmemory:  0.31GiB(0.22%)  [34mtps: 581  [36mtflops: 0.09  [35mmfu: 0.01%[39m
[titan] 2026-09-21 04:00:03,111 - torchtitan.observability.metrics - INFO - [31mstep: 71  [32mloss:  2.53601  [38;2;180;60;0mgrad_norm:  0.5700  [38;2;54;234;195mmemory:  0.29GiB(0.21%)  [34mtps: 584  [36mtflops: 0.09  [35mmfu: 0.01%[39m
[titan] 2026-09-21 04:00:03,117 - torchtitan.observability.metrics - INFO - [31mstep: 71  [32mloss: -1.00000  [38;2;180;60;0mgrad_norm:  0.5700  [38;2;54;234;195mmemory:  0.31GiB(0.22%)  [34mtps: 584  [36mtflops: 0.09  [35mmfu: 0.01%[39m
[titan] 2026-09-21 04:00:03,997 - torchtitan.observability.metrics - INFO - [31mstep: 72  [32mloss:  2.57845  [38;2;180;60;0mgrad_norm:  0.6931  [38;2;54;234;195mmemory:  0.29GiB(0.21%)  [34mtps: 578  [36mtflops: 0.09  [35mmfu: 0.01%[39m
[titan] 2026-09-21 04:00:04,003 - torchtitan.observability.metrics - INFO - [31mstep: 72  [32mloss: -1.00000  [38;2;180;60;0mgrad_norm:  0.6931  [38;2;54;234;195mmemory:  0.31GiB(0.22%)  [34mtps: 578  [36mtflops: 0.09  [35mmfu: 0.01%[39m
[titan] 2026-09-21 04:00:04,877 - torchtitan.observability.metrics - INFO - [31mstep: 73  [32mloss:  2.60544  [38;2;180;60;0mgrad_norm:  0.9827  [38;2;54;234;195mmemory:  0.29GiB(0.21%)  [34mtps: 582  [36mtflops: 0.09  [35mmfu: 0.01%[39m
[titan] 2026-09-21 04:00:04,883 - torchtitan.observability.metrics - INFO - [31mstep: 73  [32mloss: -1.00000  [38;2;180;60;0mgrad_norm:  0.9827  [38;2;54;234;195mmemory:  0.31GiB(0.22%)  [34mtps: 582  [36mtflops: 0.09  [35mmfu: 0.01%[39m
[titan] 2026-09-21 04:00:05,759 - torchtitan.observability.metrics - INFO - [31mstep: 74  [32mloss:  2.42820  [38;2;180;60;0mgrad_norm:  0.6850  [38;2;54;234;195mmemory:  0.29GiB(0.21%)  [34mtps: 580  [36mtflops: 0.09  [35mmfu: 0.01%[39m
[titan] 2026-09-21 04:00:05,765 - torchtitan.observability.metrics - INFO - [31mstep: 74  [32mloss: -1.00000  [38;2;180;60;0mgrad_norm:  0.6850  [38;2;54;234;195mmemory:  0.31GiB(0.22%)  [34mtps: 580  [36mtflops: 0.09  [35mmfu: 0.01%[39m
[titan] 2026-09-21 04:00:06,641 - torchtitan.observability.metrics - INFO - [31mstep: 75  [32mloss:  2.65678  [38;2;180;60;0mgrad_norm:  0.6027  [38;2;54;234;195mmemory:  0.29GiB(0.21%)  [34mtps: 581  [36mtflops: 0.09  [35mmfu: 0.01%[39m
[titan] 2026-09-21 04:00:06,647 - torchtitan.observability.metrics - INFO - [31mstep: 75  [32mloss: -1.00000  [38;2;180;60;0mgrad_norm:  0.6027  [38;2;54;234;195mmemory:  0.31GiB(0.22%)  [34mtps: 581  [36mtflops: 0.09  [35mmfu: 0.01%[39m
[titan] 2026-09-21 04:00:07,523 - torchtitan.observability.metrics - INFO - [31mstep: 76  [32mloss:  2.43285  [38;2;180;60;0mgrad_norm:  0.7138  [38;2;54;234;195mmemory:  0.29GiB(0.21%)  [34mtps: 580  [36mtflops: 0.09  [35mmfu: 0.01%[39m
[titan] 2026-09-21 04:00:07,529 - torchtitan.observability.metrics - INFO - [31mstep: 76  [32mloss: -1.00000  [38;2;180;60;0mgrad_norm:  0.7138  [38;2;54;234;195mmemory:  0.31GiB(0.22%)  [34mtps: 580  [36mtflops: 0.09  [35mmfu: 0.01%[39m
[titan] 2026-09-21 04:00:08,414 - torchtitan.observability.metrics - INFO - [31mstep: 77  [32mloss:  2.54886  [38;2;180;60;0mgrad_norm:  0.6891  [38;2;54;234;195mmemory:  0.29GiB(0.21%)  [34mtps: 575  [36mtflops: 0.09  [35mmfu: 0.01%[39m
[titan] 2026-09-21 04:00:08,420 - torchtitan.observability.metrics - INFO - [31mstep: 77  [32mloss: -1.00000  [38;2;180;60;0mgrad_norm:  0.6891  [38;2;54;234;195mmemory:  0.31GiB(0.22%)  [34mtps: 575  [36mtflops: 0.09  [35mmfu: 0.01%[39m
[titan] 2026-09-21 04:00:09,293 - torchtitan.observability.metrics - INFO - [31mstep: 78  [32mloss:  2.46089  [38;2;180;60;0mgrad_norm:  0.7276  [38;2;54;234;195mmemory:  0.29GiB(0.21%)  [34mtps: 583  [36mtflops: 0.09  [35mmfu: 0.01%[39m
[titan] 2026-09-21 04:00:09,299 - torchtitan.observability.metrics - INFO - [31mstep: 78  [32mloss: -1.00000  [38;2;180;60;0mgrad_norm:  0.7276  [38;2;54;234;195mmemory:  0.31GiB(0.22%)  [34mtps: 583  [36mtflops: 0.09  [35mmfu: 0.01%[39m
[titan] 2026-09-21 04:00:10,180 - torchtitan.observability.metrics - INFO - [31mstep: 79  [32mloss:  2.57275  [38;2;180;60;0mgrad_norm:  0.7405  [38;2;54;234;195mmemory:  0.29GiB(0.21%)  [34mtps: 578  [36mtflops: 0.09  [35mmfu: 0.01%[39m
[titan] 2026-09-21 04:00:10,186 - torchtitan.observability.metrics - INFO - [31mstep: 79  [32mloss: -1.00000  [38;2;180;60;0mgrad_norm:  0.7405  [38;2;54;234;195mmemory:  0.31GiB(0.22%)  [34mtps: 578  [36mtflops: 0.09  [35mmfu: 0.01%[39m
[titan] 2026-09-21 04:00:11,060 - torchtitan.observability.metrics - INFO - [31mstep: 80  [32mloss:  2.61179  [38;2;180;60;0mgrad_norm:  0.8725  [38;2;54;234;195mmemory:  0.29GiB(0.21%)  [34mtps: 582  [36mtflops: 0.09  [35mmfu: 0.01%[39m
[titan] 2026-09-21 04:00:11,066 - torchtitan.observability.metrics - INFO - [31mstep: 80  [32mloss: -1.00000  [38;2;180;60;0mgrad_norm:  0.8725  [38;2;54;234;195mmemory:  0.31GiB(0.22%)  [34mtps: 582  [36mtflops: 0.09  [35mmfu: 0.01%[39m
[titan] 2026-09-21 04:00:11,944 - torchtitan.observability.metrics - INFO - [31mstep: 81  [32mloss:  2.55848  [38;2;180;60;0mgrad_norm:  0.7892  [38;2;54;234;195mmemory:  0.29GiB(0.21%)  [34mtps: 579  [36mtflops: 0.09  [35mmfu: 0.01%[39m
[titan] 2026-09-21 04:00:11,949 - torchtitan.observability.metrics - INFO - [31mstep: 81  [32mloss: -1.00000  [38;2;180;60;0mgrad_norm:  0.7892  [38;2;54;234;195mmemory:  0.31GiB(0.22%)  [34mtps: 579  [36mtflops: 0.09  [35mmfu: 0.01%[39m
[titan] 2026-09-21 04:00:12,829 - torchtitan.observability.metrics - INFO - [31mstep: 82  [32mloss:  2.46196  [38;2;180;60;0mgrad_norm:  0.6415  [38;2;54;234;195mmemory:  0.29GiB(0.21%)  [34mtps: 578  [36mtflops: 0.09  [35mmfu: 0.01%[39m
[titan] 2026-09-21 04:00:12,835 - torchtitan.observability.metrics - INFO - [31mstep: 82  [32mloss: -1.00000  [38;2;180;60;0mgrad_norm:  0.6415  [38;2;54;234;195mmemory:  0.31GiB(0.22%)  [34mtps: 578  [36mtflops: 0.09  [35mmfu: 0.01%[39m
[titan] 2026-09-21 04:00:13,711 - torchtitan.observability.metrics - INFO - [31mstep: 83  [32mloss:  2.45893  [38;2;180;60;0mgrad_norm:  0.8584  [38;2;54;234;195mmemory:  0.29GiB(0.21%)  [34mtps: 581  [36mtflops: 0.09  [35mmfu: 0.01%[39m
[titan] 2026-09-21 04:00:13,717 - torchtitan.observability.metrics - INFO - [31mstep: 83  [32mloss: -1.00000  [38;2;180;60;0mgrad_norm:  0.8584  [38;2;54;234;195mmemory:  0.31GiB(0.22%)  [34mtps: 581  [36mtflops: 0.09  [35mmfu: 0.01%[39m
[titan] 2026-09-21 04:00:14,588 - torchtitan.observability.metrics - INFO - [31mstep: 84  [32mloss:  2.64312  [38;2;180;60;0mgrad_norm:  0.7594  [38;2;54;234;195mmemory:  0.29GiB(0.21%)  [34mtps: 584  [36mtflops: 0.09  [35mmfu: 0.01%[39m
[titan] 2026-09-21 04:00:14,594 - torchtitan.observability.metrics - INFO - [31mstep: 84  [32mloss: -1.00000  [38;2;180;60;0mgrad_norm:  0.7594  [38;2;54;234;195mmemory:  0.31GiB(0.22%)  [34mtps: 584  [36mtflops: 0.09  [35mmfu: 0.01%[39m
[titan] 2026-09-21 04:00:15,466 - torchtitan.observability.metrics - INFO - [31mstep: 85  [32mloss:  2.52279  [38;2;180;60;0mgrad_norm:  1.0019  [38;2;54;234;195mmemory:  0.29GiB(0.21%)  [34mtps: 584  [36mtflops: 0.09  [35mmfu: 0.01%[39m
[titan] 2026-09-21 04:00:15,471 - torchtitan.observability.metrics - INFO - [31mstep: 85  [32mloss: -1.00000  [38;2;180;60;0mgrad_norm:  1.0019  [38;2;54;234;195mmemory:  0.31GiB(0.22%)  [34mtps: 584  [36mtflops: 0.09  [35mmfu: 0.01%[39m
[titan] 2026-09-21 04:00:16,346 - torchtitan.observability.metrics - INFO - [31mstep: 86  [32mloss:  2.47679  [38;2;180;60;0mgrad_norm:  0.7278  [38;2;54;234;195mmemory:  0.29GiB(0.21%)  [34mtps: 582  [36mtflops: 0.09  [35mmfu: 0.01%[39m
[titan] 2026-09-21 04:00:16,351 - torchtitan.observability.metrics - INFO - [31mstep: 86  [32mloss: -1.00000  [38;2;180;60;0mgrad_norm:  0.7278  [38;2;54;234;195mmemory:  0.31GiB(0.22%)  [34mtps: 582  [36mtflops: 0.09  [35mmfu: 0.01%[39m
[titan] 2026-09-21 04:00:17,226 - torchtitan.observability.metrics - INFO - [31mstep: 87  [32mloss:  2.54098  [38;2;180;60;0mgrad_norm:  0.8153  [38;2;54;234;195mmemory:  0.29GiB(0.21%)  [34mtps: 582  [36mtflops: 0.09  [35mmfu: 0.01%[39m
[titan] 2026-09-21 04:00:17,231 - torchtitan.observability.metrics - INFO - [31mstep: 87  [32mloss: -1.00000  [38;2;180;60;0mgrad_norm:  0.8153  [38;2;54;234;195mmemory:  0.31GiB(0.22%)  [34mtps: 582  [36mtflops: 0.09  [35mmfu: 0.01%[39m
[titan] 2026-09-21 04:00:18,108 - torchtitan.observability.metrics - INFO - [31mstep: 88  [32mloss:  2.60096  [38;2;180;60;0mgrad_norm:  0.7451  [38;2;54;234;195mmemory:  0.29GiB(0.21%)  [34mtps: 581  [36mtflops: 0.09  [35mmfu: 0.01%[39m
[titan] 2026-09-21 04:00:18,113 - torchtitan.observability.metrics - INFO - [31mstep: 88  [32mloss: -1.00000  [38;2;180;60;0mgrad_norm:  0.7451  [38;2;54;234;195mmemory:  0.31GiB(0.22%)  [34mtps: 581  [36mtflops: 0.09  [35mmfu: 0.01%[39m
[titan] 2026-09-21 04:00:18,991 - torchtitan.observability.metrics - INFO - [31mstep: 89  [32mloss:  2.63186  [38;2;180;60;0mgrad_norm:  0.8889  [38;2;54;234;195mmemory:  0.29GiB(0.21%)  [34mtps: 580  [36mtflops: 0.09  [35mmfu: 0.01%[39m
[titan] 2026-09-21 04:00:18,997 - torchtitan.observability.metrics - INFO - [31mstep: 89  [32mloss: -1.00000  [38;2;180;60;0mgrad_norm:  0.8889  [38;2;54;234;195mmemory:  0.31GiB(0.22%)  [34mtps: 580  [36mtflops: 0.09  [35mmfu: 0.01%[39m
[titan] 2026-09-21 04:00:19,869 - torchtitan.observability.metrics - INFO - [31mstep: 90  [32mloss:  2.46038  [38;2;180;60;0mgrad_norm:  0.7212  [38;2;54;234;195mmemory:  0.29GiB(0.21%)  [34mtps: 583  [36mtflops: 0.09  [35mmfu: 0.01%[39m
[titan] 2026-09-21 04:00:19,874 - torchtitan.observability.metrics - INFO - [31mstep: 90  [32mloss: -1.00000  [38;2;180;60;0mgrad_norm:  0.7212  [38;2;54;234;195mmemory:  0.31GiB(0.22%)  [34mtps: 584  [36mtflops: 0.09  [35mmfu: 0.01%[39m
[titan] 2026-09-21 04:00:20,752 - torchtitan.observability.metrics - INFO - [31mstep: 91  [32mloss:  2.56998  [38;2;180;60;0mgrad_norm:  0.8333  [38;2;54;234;195mmemory:  0.29GiB(0.21%)  [34mtps: 580  [36mtflops: 0.09  [35mmfu: 0.01%[39m
[titan] 2026-09-21 04:00:20,758 - torchtitan.observability.metrics - INFO - [31mstep: 91  [32mloss: -1.00000  [38;2;180;60;0mgrad_norm:  0.8333  [38;2;54;234;195mmemory:  0.31GiB(0.22%)  [34mtps: 580  [36mtflops: 0.09  [35mmfu: 0.01%[39m
[titan] 2026-09-21 04:00:21,627 - torchtitan.observability.metrics - INFO - [31mstep: 92  [32mloss:  2.59136  [38;2;180;60;0mgrad_norm:  0.8001  [38;2;54;234;195mmemory:  0.29GiB(0.21%)  [34mtps: 585  [36mtflops: 0.09  [35mmfu: 0.01%[39m
[titan] 2026-09-21 04:00:21,633 - torchtitan.observability.metrics - INFO - [31mstep: 92  [32mloss: -1.00000  [38;2;180;60;0mgrad_norm:  0.8001  [38;2;54;234;195mmemory:  0.31GiB(0.22%)  [34mtps: 585  [36mtflops: 0.09  [35mmfu: 0.01%[39m
[titan] 2026-09-21 04:00:22,509 - torchtitan.observability.metrics - INFO - [31mstep: 93  [32mloss:  2.79032  [38;2;180;60;0mgrad_norm:  0.8057  [38;2;54;234;195mmemory:  0.29GiB(0.21%)  [34mtps: 581  [36mtflops: 0.09  [35mmfu: 0.01%[39m
[titan] 2026-09-21 04:00:22,515 - torchtitan.observability.metrics - INFO - [31mstep: 93  [32mloss: -1.00000  [38;2;180;60;0mgrad_norm:  0.8057  [38;2;54;234;195mmemory:  0.31GiB(0.22%)  [34mtps: 581  [36mtflops: 0.09  [35mmfu: 0.01%[39m
[titan] 2026-09-21 04:00:23,390 - torchtitan.observability.metrics - INFO - [31mstep: 94  [32mloss:  2.41549  [38;2;180;60;0mgrad_norm:  0.6920  [38;2;54;234;195mmemory:  0.29GiB(0.21%)  [34mtps: 581  [36mtflops: 0.09  [35mmfu: 0.01%[39m
[titan] 2026-09-21 04:00:23,396 - torchtitan.observability.metrics - INFO - [31mstep: 94  [32mloss: -1.00000  [38;2;180;60;0mgrad_norm:  0.6920  [38;2;54;234;195mmemory:  0.31GiB(0.22%)  [34mtps: 581  [36mtflops: 0.09  [35mmfu: 0.01%[39m
[titan] 2026-09-21 04:00:24,269 - torchtitan.observability.metrics - INFO - [31mstep: 95  [32mloss:  2.50450  [38;2;180;60;0mgrad_norm:  0.7266  [38;2;54;234;195mmemory:  0.29GiB(0.21%)  [34mtps: 583  [36mtflops: 0.09  [35mmfu: 0.01%[39m
[titan] 2026-09-21 04:00:24,275 - torchtitan.observability.metrics - INFO - [31mstep: 95  [32mloss: -1.00000  [38;2;180;60;0mgrad_norm:  0.7266  [38;2;54;234;195mmemory:  0.31GiB(0.22%)  [34mtps: 583  [36mtflops: 0.09  [35mmfu: 0.01%[39m
[titan] 2026-09-21 04:00:25,149 - torchtitan.observability.metrics - INFO - [31mstep: 96  [32mloss:  2.53012  [38;2;180;60;0mgrad_norm:  0.7103  [38;2;54;234;195mmemory:  0.29GiB(0.21%)  [34mtps: 582  [36mtflops: 0.09  [35mmfu: 0.01%[39m
[titan] 2026-09-21 04:00:25,155 - torchtitan.observability.metrics - INFO - [31mstep: 96  [32mloss: -1.00000  [38;2;180;60;0mgrad_norm:  0.7103  [38;2;54;234;195mmemory:  0.31GiB(0.22%)  [34mtps: 582  [36mtflops: 0.09  [35mmfu: 0.01%[39m
[titan] 2026-09-21 04:00:26,030 - torchtitan.observability.metrics - INFO - [31mstep: 97  [32mloss:  2.35022  [38;2;180;60;0mgrad_norm:  0.8747  [38;2;54;234;195mmemory:  0.29GiB(0.21%)  [34mtps: 582  [36mtflops: 0.09  [35mmfu: 0.01%[39m
[titan] 2026-09-21 04:00:26,036 - torchtitan.observability.metrics - INFO - [31mstep: 97  [32mloss: -1.00000  [38;2;180;60;0mgrad_norm:  0.8747  [38;2;54;234;195mmemory:  0.31GiB(0.22%)  [34mtps: 581  [36mtflops: 0.09  [35mmfu: 0.01%[39m
[titan] 2026-09-21 04:00:26,927 - torchtitan.observability.metrics - INFO - [31mstep: 98  [32mloss:  2.42796  [38;2;180;60;0mgrad_norm:  0.6267  [38;2;54;234;195mmemory:  0.29GiB(0.21%)  [34mtps: 571  [36mtflops: 0.09  [35mmfu: 0.01%[39m
[titan] 2026-09-21 04:00:26,933 - torchtitan.observability.metrics - INFO - [31mstep: 98  [32mloss: -1.00000  [38;2;180;60;0mgrad_norm:  0.6267  [38;2;54;234;195mmemory:  0.31GiB(0.22%)  [34mtps: 571  [36mtflops: 0.09  [35mmfu: 0.01%[39m
[titan] 2026-09-21 04:00:27,811 - torchtitan.observability.metrics - INFO - [31mstep: 99  [32mloss:  2.67341  [38;2;180;60;0mgrad_norm:  0.6709  [38;2;54;234;195mmemory:  0.29GiB(0.21%)  [34mtps: 579  [36mtflops: 0.09  [35mmfu: 0.01%[39m
[titan] 2026-09-21 04:00:27,816 - torchtitan.observability.metrics - INFO - [31mstep: 99  [32mloss: -1.00000  [38;2;180;60;0mgrad_norm:  0.6709  [38;2;54;234;195mmemory:  0.31GiB(0.22%)  [34mtps: 580  [36mtflops: 0.09  [35mmfu: 0.01%[39m
[titan] 2026-09-21 04:00:27,937 - torchtitan.tools.utils - INFO - [GC] Performing periodic GC collection took 0.12 seconds
[titan] 2026-09-21 04:00:27,946 - torchtitan.tools.utils - INFO - [GC] Performing periodic GC collection took 0.13 seconds
[titan] 2026-09-21 04:00:28,815 - torchtitan.observability.metrics - INFO - [31mstep: 100  [32mloss:  2.50445  [38;2;180;60;0mgrad_norm:  0.7780  [38;2;54;234;195mmemory:  0.29GiB(0.21%)  [34mtps: 510  [36mtflops: 0.08  [35mmfu: 0.01%[39m
[titan] 2026-09-21 04:00:28,815 - torchtitan.components.checkpointer.dcp - INFO - Saving the checkpointer.
[titan] 2026-09-21 04:00:28,820 - torchtitan.observability.metrics - INFO - [31mstep: 100  [32mloss: -1.00000  [38;2;180;60;0mgrad_norm:  0.7780  [38;2;54;234;195mmemory:  0.31GiB(0.22%)  [34mtps: 510  [36mtflops: 0.08  [35mmfu: 0.01%[39m
[titan] 2026-09-21 04:00:28,821 - torchtitan.components.checkpointer.dcp - INFO - Saving the checkpointer.
[titan] 2026-09-21 04:00:28,824 - torchtitan.components.checkpointer.dcp - INFO - Saving a model only checkpoint in torch.float32 at last step, step 100.
[titan] 2026-09-21 04:00:28,840 - torchtitan.components.checkpointer.dcp - INFO - Saving a model only checkpoint in torch.float32 at last step, step 100.
[titan] 2026-09-21 04:00:29,079 - torchtitan.tools.utils - INFO - [GC] GC collection invoked by checkpointer. took 0.00 seconds
[titan] 2026-09-21 04:00:29,080 - torchtitan.components.checkpointer.dcp - INFO - Last step checkpoint completed in 0.26s
[titan] 2026-09-21 04:00:29,080 - torchtitan.trainer - INFO - Sleeping 2 seconds for other ranks to complete
[titan] 2026-09-21 04:00:29,083 - torchtitan.tools.utils - INFO - [GC] GC collection invoked by checkpointer. took 0.00 seconds
[titan] 2026-09-21 04:00:29,084 - torchtitan.components.checkpointer.dcp - INFO - Last step checkpoint completed in 0.27s
[titan] 2026-09-21 04:00:29,084 - torchtitan.trainer - INFO - Training completed
[titan] 2026-09-21 04:00:29,090 - torchtitan.components.checkpointer.base - INFO - Destroying the purge thread.
[titan] 2026-09-21 04:00:31,081 - torchtitan.trainer - INFO - Training completed
[titan] 2026-09-21 04:00:31,086 - torchtitan.components.checkpointer.base - INFO - Destroying the purge thread.
[titan] 2026-09-21 04:00:31,669 - __main__ - INFO - Process group destroyed
[titan] 2026-09-21 04:00:31,773 - __main__ - INFO - Process group destroyed
