W0921 05:52:57.869000 34353 torch/distributed/run.py:982] 
W0921 05:52:57.869000 34353 torch/distributed/run.py:982] *****************************************
W0921 05:52:57.869000 34353 torch/distributed/run.py:982] Setting OMP_NUM_THREADS environment variable for each process to be 1 in default, to avoid your system being overloaded, please further tune the variable for optimal performance in your application as needed. 
W0921 05:52:57.869000 34353 torch/distributed/run.py:982] *****************************************
WARNING:absl:Failed to load jax profiler: No module named 'jax'
WARNING:absl:Failed to load jax profiler: No module named 'jax'
[titan] 2026-09-21 05:53:02,604 - __main__ - INFO - torchtitan version: 0.0.0+unknown (0.0.0 means __version__ is not defined correctly).
[titan] 2026-09-21 05:53:02,772 - __main__ - INFO - torchtitan version: 0.0.0+unknown (0.0.0 means __version__ is not defined correctly).
[titan] 2026-09-21 05:53:03,365 - torchtitan.components.checkpointer.base - WARNING - initial_load_model_only=True has no effect without an initial_load_path.
[titan] 2026-09-21 05:53:03,442 - torchtitan.components.checkpointer.base - WARNING - initial_load_model_only=True has no effect without an initial_load_path.
[titan] 2026-09-21 05:53:03,449 - torchtitan.components.checkpointer.base - WARNING - initial_load_model_only=True has no effect without an initial_load_path.
[titan] 2026-09-21 05:53:03,452 - torchtitan.observability.structured_logger.jsonl_handler - INFO - Structured logging -> JSONL: /workspace/results/pp_r3_locate/vp2c/structured_logs/training.global_rank_0.20260921-055303-YMBKCY.jsonl
[titan] 2026-09-21 05:53:03,531 - torchtitan.components.checkpointer.base - WARNING - initial_load_model_only=True has no effect without an initial_load_path.
[titan] 2026-09-21 05:53:03,534 - torchtitan.observability.structured_logger.jsonl_handler - INFO - Structured logging -> JSONL: /workspace/results/pp_r3_locate/vp2c/structured_logs/training.global_rank_1.20260921-055303-K38PTR.jsonl
[titan] 2026-09-21 05:53:03,898 - torchtitan.distributed.utils - WARNING - ENV[TORCH_NCCL_ASYNC_ERROR_HANDLING] = 1 will be overridden to 3 based on job config
[titan] 2026-09-21 05:53:03,908 - torchtitan.distributed.utils - WARNING - ENV[TORCH_NCCL_ASYNC_ERROR_HANDLING] = 1 will be overridden to 3 based on job config
[titan] 2026-09-21 05:53:04,905 - torchtitan.tools.utils - INFO - [GC] Initial GC collection took 0.00 seconds
[titan] 2026-09-21 05:53:04,905 - torchtitan.distributed.utils - INFO - Deterministic algorithm enabled (expect perf degradation).
[titan] 2026-09-21 05:53:04,907 - torchtitan.tools.utils - INFO - [GC] Initial GC collection took 0.00 seconds
[titan] 2026-09-21 05:53:04,907 - torchtitan.distributed.utils - INFO - Deterministic algorithm enabled (expect perf degradation).
[titan] 2026-09-21 05:53:04,920 - torchtitan.distributed.parallel_dims - INFO - Building device mesh with parallelism: pp=2, dp_replicate=1, dp_shard=1, cp=1, tp=1, ep=1
[titan] 2026-09-21 05:53:04,922 - torchtitan.distributed.parallel_dims - INFO - Building device mesh with parallelism: pp=2, dp_replicate=1, dp_shard=1, cp=1, tp=1, ep=1
[titan] 2026-09-21 05:53:05,486 - torchtitan.distributed.parallel_dims - INFO - Successfully created meshes with active dimensions: ['pp']
[titan] 2026-09-21 05:53:05,486 - torchtitan.distributed.parallel_dims - INFO - Successfully created meshes with active dimensions: ['pp']
[titan] 2026-09-21 05:53:05,488 - torchtitan.observability.metrics - INFO - CUDA capacity: NVIDIA H200 with 139.80GiB memory
[titan] 2026-09-21 05:53:05,489 - torchtitan.observability.metrics - INFO - CUDA capacity: NVIDIA H200 with 139.80GiB memory
[titan] 2026-09-21 05:53:05,500 - torchtitan.tools.utils - WARNING - Error running lspci: [Errno 2] No such file or directory: 'lspci', fallback to use device_name
[titan] 2026-09-21 05:53:05,500 - torchtitan.components.tokenizer - INFO - Loading tokenizer from tokenizer.json
[titan] 2026-09-21 05:53:05,503 - torchtitan.tools.utils - WARNING - Error running lspci: [Errno 2] No such file or directory: 'lspci', fallback to use device_name
[titan] 2026-09-21 05:53:05,503 - torchtitan.components.tokenizer - INFO - Loading tokenizer from tokenizer.json
[titan] 2026-09-21 05:53:06,248 - httpx - INFO - HTTP Request: HEAD https://s3.amazonaws.com/datasets.huggingface.co/datasets/datasets/json/json.py "HTTP/1.1 200 OK"
[titan] 2026-09-21 05:53:06,259 - torchtitan.protocols.state_dict_adapter - WARNING - model.safetensors.index.json not found at hf_assets_path: ./tests/assets/tokenizer/model.safetensors.index.json.                     Defaulting to saving a single safetensors file if checkpoint is saved in HF format
[titan] 2026-09-21 05:53:06,279 - httpx - INFO - HTTP Request: HEAD https://s3.amazonaws.com/datasets.huggingface.co/datasets/datasets/json/json.py "HTTP/1.1 200 OK"
[titan] 2026-09-21 05:53:06,290 - torchtitan.protocols.state_dict_adapter - WARNING - model.safetensors.index.json not found at hf_assets_path: ./tests/assets/tokenizer/model.safetensors.index.json.                     Defaulting to saving a single safetensors file if checkpoint is saved in HF format
[titan] 2026-09-21 05:53:06,371 - torchtitan.models.utils - INFO - Total parameter count: 25,776,880, active parameters: 17,236,208
[titan] 2026-09-21 05:53:06,404 - torchtitan.models.utils - INFO - Total parameter count: 25,776,880, active parameters: 17,236,208
[rank1]:W0921 05:53:06.440000 34488 torch/_logging/_internal.py:1394] Pipeline parallelism is using an eager NCCL communicator. Consider creating its process group with backend="nccl-lazy" so peer communicators are initialized lazily and traffic to different peers can overlap.
[titan] 2026-09-21 05:53:06,440 - torchtitan.distributed.pipeline_parallel - INFO - PP rank 1 is building stage_idx 1 with modules ['layers.4', 'layers.5', 'layers.6', 'layers.7', 'layers.8']
[rank0]:W0921 05:53:06.472000 34487 torch/_logging/_internal.py:1394] Pipeline parallelism is using an eager NCCL communicator. Consider creating its process group with backend="nccl-lazy" so peer communicators are initialized lazily and traffic to different peers can overlap.
[titan] 2026-09-21 05:53:06,473 - torchtitan.distributed.pipeline_parallel - INFO - PP rank 0 is building stage_idx 0 with modules ['vision_encoder', 'tok_embeddings', 'layers.0', 'layers.1', 'layers.2', 'layers.3']
[titan] 2026-09-21 05:53:06,507 - torchtitan.distributed.pipeline_parallel - INFO - PP rank 1 is building stage_idx 3 with modules ['layers.14', 'layers.15', 'layers.16', 'norm', 'lm_head', 'output_res_proj', 'output_res_norm']
[titan] 2026-09-21 05:53:06,535 - torchtitan.distributed.activation_checkpoint - INFO - Applied SelectiveAC activation checkpointing to the model
[titan] 2026-09-21 05:53:06,539 - torchtitan.distributed.pipeline_parallel - INFO - PP rank 0 is building stage_idx 2 with modules ['layers.9', 'layers.10', 'layers.11', 'layers.12', 'layers.13']
[titan] 2026-09-21 05:53:06,569 - torchtitan.distributed.activation_checkpoint - INFO - Applied SelectiveAC activation checkpointing to the model
[titan] 2026-09-21 05:53:06,570 - torchtitan.distributed.activation_checkpoint - INFO - Applied SelectiveAC activation checkpointing to the model
[titan] 2026-09-21 05:53:06,592 - torchtitan.distributed.fsdp - INFO - Applied FSDP to the model
[titan] 2026-09-21 05:53:06,603 - torchtitan.distributed.activation_checkpoint - INFO - Applied SelectiveAC activation checkpointing to the model
[titan] 2026-09-21 05:53:06,616 - torchtitan.distributed.fsdp - INFO - Applied FSDP to the model
[titan] 2026-09-21 05:53:06,617 - torchtitan.distributed.pipeline_parallel - INFO - Using pipeline schedule Interleaved1F1B with 4 microbatches and 4 stages.
[titan] 2026-09-21 05:53:06,617 - torchtitan.models.kimi_k3.pipeline_parallel - INFO - Kimi K3 pipeline: 2 stage(s) on this rank [1, 3], block transport delta with rank store
[titan] 2026-09-21 05:53:06,639 - torchtitan.distributed.fsdp - INFO - Applied FSDP to the model
[titan] 2026-09-21 05:53:06,656 - torchtitan.distributed.activation_checkpoint - INFO - Applied SelectiveAC activation checkpointing to the model
[titan] 2026-09-21 05:53:06,676 - torchtitan.distributed.fsdp - INFO - Applied FSDP to the model
[titan] 2026-09-21 05:53:06,677 - torchtitan.distributed.pipeline_parallel - INFO - Using pipeline schedule Interleaved1F1B with 4 microbatches and 4 stages.
[titan] 2026-09-21 05:53:06,677 - torchtitan.models.kimi_k3.pipeline_parallel - INFO - Kimi K3 pipeline: 2 stage(s) on this rank [0, 2], block transport delta with rank store
[rank1]:W0921 05:53:06.954000 34488 torch/distributed/tensor/_random.py:215] DTensor is synchronizing RNG states of every rank with the state from rank 0. This behavior is deprecated. Please call `torch.manual_seed()` on every rank that participates in SPMD DTensor Operations with the same seed. If using Pipeline Parallelism, each pipeline state would use a different seed, but all ranks belonging to one pipeline stage would use the same seed.
[titan] 2026-09-21 05:53:07,363 - torchtitan.training_engine - INFO - Model kimi_k3 debugmodel size: 25,776,880 total parameters
[titan] 2026-09-21 05:53:07,364 - torchtitan.components.optimizer.optimizer - INFO - Optimizer AdamW (model_part=0): 124 params [.*] {'fused': True, 'foreach': False, 'lr': 0.0008, 'betas': (0.9, 0.95), 'eps': 1e-08, 'weight_decay': 0.1}
[titan] 2026-09-21 05:53:07,365 - torchtitan.components.optimizer.optimizer - INFO - Optimizer AdamW (model_part=1): 139 params [.*] {'fused': True, 'foreach': False, 'lr': 0.0008, 'betas': (0.9, 0.95), 'eps': 1e-08, 'weight_decay': 0.1}
[titan] 2026-09-21 05:53:07,367 - torchtitan.components.checkpointer.base - WARNING - initial_load_model_only=True has no effect without an initial_load_path.
[titan] 2026-09-21 05:53:07,390 - torchtitan.components.checkpointer.dcp - INFO - Checkpointing active. Checkpoints will be loaded from and saved to /workspace/results/pp_r3_locate/vp2c/checkpoint
[titan] 2026-09-21 05:53:07,390 - torchtitan.observability.metrics - WARNING - [31mPipeline Parallel loss is not visible. Please add [33mrank 1[31m to LOG_RANK environment variable in run_train.sh.[39m
[titan] 2026-09-21 05:53:07,390 - torchtitan.trainer - INFO - Peak FLOPS used for computing MFU: 9.890e+14
[titan] 2026-09-21 05:53:07,390 - torchtitan.trainer - INFO - CUDA memory usage for model: 0.07GiB(0.05%)
[titan] 2026-09-21 05:53:07,390 - torchtitan.trainer - INFO - Trainer is initialized with 1024 tokens per DP rank, 1024 tokens per train step, gradient accumulation steps 1, maximum context length 2048, total steps 100 (warmup 2)
[titan] 2026-09-21 05:53:07,391 - torchtitan.components.checkpointer.base - INFO - Loading the checkpoint from /workspace/results/pp_r3_locate/vp2c/checkpoint/step-0.
[titan] 2026-09-21 05:53:07,552 - torchtitan.training_engine - INFO - Model kimi_k3 debugmodel size: 25,776,880 total parameters
[titan] 2026-09-21 05:53:07,554 - torchtitan.components.optimizer.optimizer - INFO - Optimizer AdamW (model_part=0): 139 params [.*] {'fused': True, 'foreach': False, 'lr': 0.0008, 'betas': (0.9, 0.95), 'eps': 1e-08, 'weight_decay': 0.1}
[titan] 2026-09-21 05:53:07,554 - torchtitan.components.optimizer.optimizer - INFO - Optimizer AdamW (model_part=1): 79 params [.*] {'fused': True, 'foreach': False, 'lr': 0.0008, 'betas': (0.9, 0.95), 'eps': 1e-08, 'weight_decay': 0.1}
[titan] 2026-09-21 05:53:07,556 - torchtitan.components.checkpointer.base - WARNING - initial_load_model_only=True has no effect without an initial_load_path.
[titan] 2026-09-21 05:53:07,578 - torchtitan.components.checkpointer.dcp - INFO - Checkpointing active. Checkpoints will be loaded from and saved to /workspace/results/pp_r3_locate/vp2c/checkpoint
[titan] 2026-09-21 05:53:07,578 - torchtitan.observability.metrics - WARNING - [31mPipeline Parallel loss is not visible. Please add [33mrank 1[31m to LOG_RANK environment variable in run_train.sh.[39m
[titan] 2026-09-21 05:53:07,578 - torchtitan.trainer - INFO - Peak FLOPS used for computing MFU: 9.890e+14
[titan] 2026-09-21 05:53:07,578 - torchtitan.trainer - INFO - CUDA memory usage for model: 0.06GiB(0.04%)
[titan] 2026-09-21 05:53:07,578 - torchtitan.trainer - INFO - Trainer is initialized with 1024 tokens per DP rank, 1024 tokens per train step, gradient accumulation steps 1, maximum context length 2048, total steps 100 (warmup 2)
[titan] 2026-09-21 05:53:07,579 - torchtitan.components.checkpointer.base - INFO - Loading the checkpoint from /workspace/results/pp_r3_locate/vp2c/checkpoint/step-0.
[titan] 2026-09-21 05:53:08,106 - torchtitan.tools.utils - INFO - [GC] GC collection for checkpoint loading. took 0.01 seconds
[titan] 2026-09-21 05:53:08,106 - torchtitan.components.checkpointer.base - INFO - Finished loading the checkpoint in 0.53 seconds.
[titan] 2026-09-21 05:53:08,107 - torchtitan.trainer - INFO - Training starts at step 1
[titan] 2026-09-21 05:53:08,126 - torchtitan.tools.utils - INFO - [GC] GC collection for checkpoint loading. took 0.02 seconds
[titan] 2026-09-21 05:53:08,126 - torchtitan.components.checkpointer.base - INFO - Finished loading the checkpoint in 0.74 seconds.
[titan] 2026-09-21 05:53:08,127 - torchtitan.trainer - INFO - Training starts at step 1
/workspace/venv_k3/lib/python3.12/site-packages/torch/distributed/fsdp/_fully_shard/_fsdp_state.py:336: UserWarning: FSDP2-wrapped module (FSDPCheckpointWrapper) returned a view tensor. An in-place op on this view (e.g., `x += y`) will silently drop the pre-backward hook and skip the all-gather, which can cause backward to fail or produce wrong gradients. Use out-of-place ops (`out = out + y`, not `out += y`) or `.clone()` the output before any in-place op.
  output = self._register_pre_backward_hook(output)
/workspace/venv_k3/lib/python3.12/site-packages/torch/distributed/fsdp/_fully_shard/_fsdp_state.py:336: UserWarning: FSDP2-wrapped module (FSDPCheckpointWrapper) returned a view tensor. An in-place op on this view (e.g., `x += y`) will silently drop the pre-backward hook and skip the all-gather, which can cause backward to fail or produce wrong gradients. Use out-of-place ops (`out = out + y`, not `out += y`) or `.clone()` the output before any in-place op.
  output = self._register_pre_backward_hook(output)
/workspace/venv_k3/lib/python3.12/site-packages/torch/distributed/fsdp/_fully_shard/_fsdp_state.py:336: UserWarning: FSDP2-wrapped module (FSDPKimiK3Model) returned a view tensor. An in-place op on this view (e.g., `x += y`) will silently drop the pre-backward hook and skip the all-gather, which can cause backward to fail or produce wrong gradients. Use out-of-place ops (`out = out + y`, not `out += y`) or `.clone()` the output before any in-place op.
  output = self._register_pre_backward_hook(output)
/workspace/venv_k3/lib/python3.12/site-packages/torch/distributed/fsdp/_fully_shard/_fsdp_state.py:336: UserWarning: FSDP2-wrapped module (FSDPCheckpointWrapper) returned a view tensor. An in-place op on this view (e.g., `x += y`) will silently drop the pre-backward hook and skip the all-gather, which can cause backward to fail or produce wrong gradients. Use out-of-place ops (`out = out + y`, not `out += y`) or `.clone()` the output before any in-place op.
  output = self._register_pre_backward_hook(output)
/workspace/venv_k3/lib/python3.12/site-packages/torch/distributed/fsdp/_fully_shard/_fsdp_state.py:336: UserWarning: FSDP2-wrapped module (FSDPCheckpointWrapper) returned a view tensor. An in-place op on this view (e.g., `x += y`) will silently drop the pre-backward hook and skip the all-gather, which can cause backward to fail or produce wrong gradients. Use out-of-place ops (`out = out + y`, not `out += y`) or `.clone()` the output before any in-place op.
  output = self._register_pre_backward_hook(output)
LOSSREPR r1 0 2.0254001617e+00 0x1.0340500000000p+1
LOSSREPR r1 1 2.0280539989e+00 0x1.0397460000000p+1
LOSSREPR r1 2 1.9907834530e+00 0x1.fda3fc0000000p+0
LOSSREPR r1 3 2.0110585690e+00 0x1.016a5e0000000p+1
GNREPR r1 1 2.1550645828e+00 0x1.13d9280000000p+1
GNREPR r0 1 2.1550645828e+00 0x1.13d9280000000p+1
[titan] 2026-09-21 05:53:17,801 - torchtitan.observability.metrics - INFO - [31mstep:  1  [32mloss:  8.05530  [38;2;180;60;0mgrad_norm:  2.1551  [38;2;54;234;195mmemory:  0.41GiB(0.30%)  [34mtps: 42  [36mtflops: 0.01  [35mmfu: 0.00%[39m
[titan] 2026-09-21 05:53:17,802 - torchtitan.distributed.utils - INFO - Synchronizing and adjusting timeout for all ProcessGroups to 0:01:40
[titan] 2026-09-21 05:53:17,921 - torchtitan.observability.metrics - INFO - [31mstep:  1  [32mloss: -1.00000  [38;2;180;60;0mgrad_norm:  2.1551  [38;2;54;234;195mmemory:  0.49GiB(0.35%)  [34mtps: 41  [36mtflops: 0.01  [35mmfu: 0.00%[39m
[titan] 2026-09-21 05:53:17,921 - torchtitan.distributed.utils - INFO - Synchronizing and adjusting timeout for all ProcessGroups to 0:01:40
GNREPR r0 2 7.5878829956e+00 0x1.e59fe00000000p+2
GNREPR r1 2 7.5878829956e+00 0x1.e59fe00000000p+2
[titan] 2026-09-21 05:53:20,372 - torchtitan.observability.metrics - INFO - [31mstep:  2  [32mloss:  6.93207  [38;2;180;60;0mgrad_norm:  7.5879  [38;2;54;234;195mmemory:  0.49GiB(0.35%)  [34mtps: 199  [36mtflops: 0.03  [35mmfu: 0.00%[39m
[titan] 2026-09-21 05:53:20,374 - torchtitan.observability.metrics - INFO - [31mstep:  2  [32mloss: -1.00000  [38;2;180;60;0mgrad_norm:  7.5879  [38;2;54;234;195mmemory:  0.57GiB(0.41%)  [34mtps: 209  [36mtflops: 0.03  [35mmfu: 0.00%[39m
GNREPR r0 3 3.4122669697e+00 0x1.b4c52a0000000p+1
GNREPR r1 3 3.4122669697e+00 0x1.b4c52a0000000p+1
[titan] 2026-09-21 05:53:22,788 - torchtitan.observability.metrics - INFO - [31mstep:  3  [32mloss:  5.71794  [38;2;180;60;0mgrad_norm:  3.4123  [38;2;54;234;195mmemory:  0.49GiB(0.35%)  [34mtps: 212  [36mtflops: 0.03  [35mmfu: 0.00%[39m
[titan] 2026-09-21 05:53:22,789 - torchtitan.observability.metrics - INFO - [31mstep:  3  [32mloss: -1.00000  [38;2;180;60;0mgrad_norm:  3.4123  [38;2;54;234;195mmemory:  0.57GiB(0.41%)  [34mtps: 212  [36mtflops: 0.03  [35mmfu: 0.00%[39m
GNREPR r0 4 3.0070307255e+00 0x1.80e6620000000p+1
GNREPR r1 4 3.0070307255e+00 0x1.80e6620000000p+1
[titan] 2026-09-21 05:53:25,233 - torchtitan.observability.metrics - INFO - [31mstep:  4  [32mloss:  5.12776  [38;2;180;60;0mgrad_norm:  3.0070  [38;2;54;234;195mmemory:  0.49GiB(0.35%)  [34mtps: 209  [36mtflops: 0.03  [35mmfu: 0.00%[39m
[titan] 2026-09-21 05:53:25,234 - torchtitan.observability.metrics - INFO - [31mstep:  4  [32mloss: -1.00000  [38;2;180;60;0mgrad_norm:  3.0070  [38;2;54;234;195mmemory:  0.57GiB(0.41%)  [34mtps: 209  [36mtflops: 0.03  [35mmfu: 0.00%[39m
GNREPR r0 5 2.5195016861e+00 0x1.427f080000000p+1
GNREPR r1 5 2.5195016861e+00 0x1.427f080000000p+1
[titan] 2026-09-21 05:53:27,699 - torchtitan.observability.metrics - INFO - [31mstep:  5  [32mloss:  4.31831  [38;2;180;60;0mgrad_norm:  2.5195  [38;2;54;234;195mmemory:  0.49GiB(0.35%)  [34mtps: 208  [36mtflops: 0.03  [35mmfu: 0.00%[39m
[titan] 2026-09-21 05:53:27,700 - torchtitan.observability.metrics - INFO - [31mstep:  5  [32mloss: -1.00000  [38;2;180;60;0mgrad_norm:  2.5195  [38;2;54;234;195mmemory:  0.57GiB(0.41%)  [34mtps: 208  [36mtflops: 0.03  [35mmfu: 0.00%[39m
GNREPR r0 6 2.1229455471e+00 0x1.0fbcae0000000p+1
GNREPR r1 6 2.1229455471e+00 0x1.0fbcae0000000p+1
[titan] 2026-09-21 05:53:30,140 - torchtitan.observability.metrics - INFO - [31mstep:  6  [32mloss: -1.00000  [38;2;180;60;0mgrad_norm:  2.1229  [38;2;54;234;195mmemory:  0.57GiB(0.41%)  [34mtps: 210  [36mtflops: 0.03  [35mmfu: 0.00%[39m
[titan] 2026-09-21 05:53:30,141 - torchtitan.observability.metrics - INFO - [31mstep:  6  [32mloss:  4.13339  [38;2;180;60;0mgrad_norm:  2.1229  [38;2;54;234;195mmemory:  0.49GiB(0.35%)  [34mtps: 210  [36mtflops: 0.03  [35mmfu: 0.00%[39m
GNREPR r1 7 1.8776115179e+00 0x1.e0ab260000000p+0GNREPR r0 7 1.8776115179e+00 0x1.e0ab260000000p+0

[titan] 2026-09-21 05:53:32,672 - torchtitan.observability.metrics - INFO - [31mstep:  7  [32mloss:  3.93748  [38;2;180;60;0mgrad_norm:  1.8776  [38;2;54;234;195mmemory:  0.49GiB(0.35%)  [34mtps: 202  [36mtflops: 0.03  [35mmfu: 0.00%[39m
[titan] 2026-09-21 05:53:32,673 - torchtitan.observability.metrics - INFO - [31mstep:  7  [32mloss: -1.00000  [38;2;180;60;0mgrad_norm:  1.8776  [38;2;54;234;195mmemory:  0.57GiB(0.41%)  [34mtps: 202  [36mtflops: 0.03  [35mmfu: 0.00%[39m
GNREPR r0 8 1.6252404451e+00 0x1.a00fc20000000p+0
GNREPR r1 8 1.6252404451e+00 0x1.a00fc20000000p+0
[titan] 2026-09-21 05:53:35,085 - torchtitan.observability.metrics - INFO - [31mstep:  8  [32mloss: -1.00000  [38;2;180;60;0mgrad_norm:  1.6252  [38;2;54;234;195mmemory:  0.57GiB(0.41%)  [34mtps: 212  [36mtflops: 0.03  [35mmfu: 0.00%[39m
[titan] 2026-09-21 05:53:35,086 - torchtitan.observability.metrics - INFO - [31mstep:  8  [32mloss:  3.65482  [38;2;180;60;0mgrad_norm:  1.6252  [38;2;54;234;195mmemory:  0.49GiB(0.35%)  [34mtps: 212  [36mtflops: 0.03  [35mmfu: 0.00%[39m
GNREPR r1 9 1.5672720671e+00 0x1.9138be0000000p+0
GNREPR r0 9 1.5672720671e+00 0x1.9138be0000000p+0
[titan] 2026-09-21 05:53:37,481 - torchtitan.observability.metrics - INFO - [31mstep:  9  [32mloss: -1.00000  [38;2;180;60;0mgrad_norm:  1.5673  [38;2;54;234;195mmemory:  0.57GiB(0.41%)  [34mtps: 214  [36mtflops: 0.03  [35mmfu: 0.00%[39m
[titan] 2026-09-21 05:53:37,482 - torchtitan.observability.metrics - INFO - [31mstep:  9  [32mloss:  3.70912  [38;2;180;60;0mgrad_norm:  1.5673  [38;2;54;234;195mmemory:  0.49GiB(0.35%)  [34mtps: 214  [36mtflops: 0.03  [35mmfu: 0.00%[39m
GNREPR r1 10 1.2745511532e+00 0x1.4648fc0000000p+0
GNREPR r0 10 1.2745511532e+00 0x1.4648fc0000000p+0
[titan] 2026-09-21 05:53:39,905 - torchtitan.observability.metrics - INFO - [31mstep: 10  [32mloss: -1.00000  [38;2;180;60;0mgrad_norm:  1.2746  [38;2;54;234;195mmemory:  0.57GiB(0.41%)  [34mtps: 211  [36mtflops: 0.03  [35mmfu: 0.00%[39m
[titan] 2026-09-21 05:53:39,905 - torchtitan.observability.metrics - INFO - [31mstep: 10  [32mloss:  3.40558  [38;2;180;60;0mgrad_norm:  1.2746  [38;2;54;234;195mmemory:  0.49GiB(0.35%)  [34mtps: 211  [36mtflops: 0.03  [35mmfu: 0.00%[39m
GNREPR r1 11 1.1341848373e+00 0x1.2259f00000000p+0
GNREPR r0 11 1.1341848373e+00 0x1.2259f00000000p+0
[titan] 2026-09-21 05:53:42,321 - torchtitan.observability.metrics - INFO - [31mstep: 11  [32mloss: -1.00000  [38;2;180;60;0mgrad_norm:  1.1342  [38;2;54;234;195mmemory:  0.57GiB(0.41%)  [34mtps: 212  [36mtflops: 0.03  [35mmfu: 0.00%[39m
[titan] 2026-09-21 05:53:42,322 - torchtitan.observability.metrics - INFO - [31mstep: 11  [32mloss:  3.27331  [38;2;180;60;0mgrad_norm:  1.1342  [38;2;54;234;195mmemory:  0.49GiB(0.35%)  [34mtps: 212  [36mtflops: 0.03  [35mmfu: 0.00%[39m
GNREPR r1 12 1.1091583967e+00 0x1.1bf1ce0000000p+0
GNREPR r0 12 1.1091583967e+00 0x1.1bf1ce0000000p+0
[titan] 2026-09-21 05:53:44,753 - torchtitan.observability.metrics - INFO - [31mstep: 12  [32mloss: -1.00000  [38;2;180;60;0mgrad_norm:  1.1092  [38;2;54;234;195mmemory:  0.57GiB(0.41%)  [34mtps: 211  [36mtflops: 0.03  [35mmfu: 0.00%[39m
[titan] 2026-09-21 05:53:44,754 - torchtitan.observability.metrics - INFO - [31mstep: 12  [32mloss:  3.65391  [38;2;180;60;0mgrad_norm:  1.1092  [38;2;54;234;195mmemory:  0.49GiB(0.35%)  [34mtps: 211  [36mtflops: 0.03  [35mmfu: 0.00%[39m
GNREPR r1 13 1.1892718077e+00 0x1.30741e0000000p+0
GNREPR r0 13 1.1892718077e+00 0x1.30741e0000000p+0
[titan] 2026-09-21 05:53:47,171 - torchtitan.observability.metrics - INFO - [31mstep: 13  [32mloss: -1.00000  [38;2;180;60;0mgrad_norm:  1.1893  [38;2;54;234;195mmemory:  0.57GiB(0.41%)  [34mtps: 212  [36mtflops: 0.03  [35mmfu: 0.00%[39m
[titan] 2026-09-21 05:53:47,172 - torchtitan.observability.metrics - INFO - [31mstep: 13  [32mloss:  3.16808  [38;2;180;60;0mgrad_norm:  1.1893  [38;2;54;234;195mmemory:  0.49GiB(0.35%)  [34mtps: 212  [36mtflops: 0.03  [35mmfu: 0.00%[39m
GNREPR r1 14 1.1501729488e+00 0x1.2671bc0000000p+0
GNREPR r0 14 1.1501729488e+00 0x1.2671bc0000000p+0
[titan] 2026-09-21 05:53:49,617 - torchtitan.observability.metrics - INFO - [31mstep: 14  [32mloss:  3.41907  [38;2;180;60;0mgrad_norm:  1.1502  [38;2;54;234;195mmemory:  0.49GiB(0.35%)  [34mtps: 209  [36mtflops: 0.03  [35mmfu: 0.00%[39m
[titan] 2026-09-21 05:53:49,617 - torchtitan.observability.metrics - INFO - [31mstep: 14  [32mloss: -1.00000  [38;2;180;60;0mgrad_norm:  1.1502  [38;2;54;234;195mmemory:  0.57GiB(0.41%)  [34mtps: 209  [36mtflops: 0.03  [35mmfu: 0.00%[39m
GNREPR r1 15 1.2588199377e+00 0x1.4242060000000p+0
GNREPR r0 15 1.2588199377e+00 0x1.4242060000000p+0
[titan] 2026-09-21 05:53:52,063 - torchtitan.observability.metrics - INFO - [31mstep: 15  [32mloss: -1.00000  [38;2;180;60;0mgrad_norm:  1.2588  [38;2;54;234;195mmemory:  0.57GiB(0.41%)  [34mtps: 209  [36mtflops: 0.03  [35mmfu: 0.00%[39m
[titan] 2026-09-21 05:53:52,064 - torchtitan.observability.metrics - INFO - [31mstep: 15  [32mloss:  3.10300  [38;2;180;60;0mgrad_norm:  1.2588  [38;2;54;234;195mmemory:  0.49GiB(0.35%)  [34mtps: 209  [36mtflops: 0.03  [35mmfu: 0.00%[39m
GNREPR r0 16 1.0246802568e+00 0x1.0651720000000p+0
GNREPR r1 16 1.0246802568e+00 0x1.0651720000000p+0
[titan] 2026-09-21 05:53:54,492 - torchtitan.observability.metrics - INFO - [31mstep: 16  [32mloss: -1.00000  [38;2;180;60;0mgrad_norm:  1.0247  [38;2;54;234;195mmemory:  0.57GiB(0.41%)  [34mtps: 211  [36mtflops: 0.03  [35mmfu: 0.00%[39m
[titan] 2026-09-21 05:53:54,495 - torchtitan.observability.metrics - INFO - [31mstep: 16  [32mloss:  3.15732  [38;2;180;60;0mgrad_norm:  1.0247  [38;2;54;234;195mmemory:  0.49GiB(0.35%)  [34mtps: 211  [36mtflops: 0.03  [35mmfu: 0.00%[39m
GNREPR r0 17 1.0077759027e+00 0x1.01fd9a0000000p+0
GNREPR r1 17 1.0077759027e+00 0x1.01fd9a0000000p+0
[titan] 2026-09-21 05:53:56,905 - torchtitan.observability.metrics - INFO - [31mstep: 17  [32mloss: -1.00000  [38;2;180;60;0mgrad_norm:  1.0078  [38;2;54;234;195mmemory:  0.57GiB(0.41%)  [34mtps: 212  [36mtflops: 0.03  [35mmfu: 0.00%[39m
[titan] 2026-09-21 05:53:56,908 - torchtitan.observability.metrics - INFO - [31mstep: 17  [32mloss:  2.98167  [38;2;180;60;0mgrad_norm:  1.0078  [38;2;54;234;195mmemory:  0.49GiB(0.35%)  [34mtps: 212  [36mtflops: 0.03  [35mmfu: 0.00%[39m
GNREPR r1 18 7.0780879259e-01 0x1.6a65ea0000000p-1
GNREPR r0 18 7.0780879259e-01 0x1.6a65ea0000000p-1
[titan] 2026-09-21 05:53:59,342 - torchtitan.observability.metrics - INFO - [31mstep: 18  [32mloss:  3.04743  [38;2;180;60;0mgrad_norm:  0.7078  [38;2;54;234;195mmemory:  0.49GiB(0.35%)  [34mtps: 210  [36mtflops: 0.03  [35mmfu: 0.00%[39m
[titan] 2026-09-21 05:53:59,344 - torchtitan.observability.metrics - INFO - [31mstep: 18  [32mloss: -1.00000  [38;2;180;60;0mgrad_norm:  0.7078  [38;2;54;234;195mmemory:  0.57GiB(0.41%)  [34mtps: 210  [36mtflops: 0.03  [35mmfu: 0.00%[39m
GNREPR r0 19 7.8160107136e-01 0x1.902e040000000p-1
GNREPR r1 19 7.8160107136e-01 0x1.902e040000000p-1
[titan] 2026-09-21 05:54:01,741 - torchtitan.observability.metrics - INFO - [31mstep: 19  [32mloss: -1.00000  [38;2;180;60;0mgrad_norm:  0.7816  [38;2;54;234;195mmemory:  0.57GiB(0.41%)  [34mtps: 214  [36mtflops: 0.03  [35mmfu: 0.00%[39m
[titan] 2026-09-21 05:54:01,744 - torchtitan.observability.metrics - INFO - [31mstep: 19  [32mloss:  2.73943  [38;2;180;60;0mgrad_norm:  0.7816  [38;2;54;234;195mmemory:  0.49GiB(0.35%)  [34mtps: 213  [36mtflops: 0.03  [35mmfu: 0.00%[39m
GNREPR r1 20 9.3918716908e-01 0x1.e0dd240000000p-1
GNREPR r0 20 9.3918716908e-01 0x1.e0dd240000000p-1
[titan] 2026-09-21 05:54:04,166 - torchtitan.observability.metrics - INFO - [31mstep: 20  [32mloss: -1.00000  [38;2;180;60;0mgrad_norm:  0.9392  [38;2;54;234;195mmemory:  0.57GiB(0.41%)  [34mtps: 211  [36mtflops: 0.03  [35mmfu: 0.00%[39m
[titan] 2026-09-21 05:54:04,166 - torchtitan.observability.metrics - INFO - [31mstep: 20  [32mloss:  2.91688  [38;2;180;60;0mgrad_norm:  0.9392  [38;2;54;234;195mmemory:  0.49GiB(0.35%)  [34mtps: 211  [36mtflops: 0.03  [35mmfu: 0.00%[39m
GNREPR r1 21 7.5711846352e-01 0x1.83a5080000000p-1
GNREPR r0 21 7.5711846352e-01 0x1.83a5080000000p-1
[titan] 2026-09-21 05:54:06,574 - torchtitan.observability.metrics - INFO - [31mstep: 21  [32mloss: -1.00000  [38;2;180;60;0mgrad_norm:  0.7571  [38;2;54;234;195mmemory:  0.57GiB(0.41%)  [34mtps: 213  [36mtflops: 0.03  [35mmfu: 0.00%[39m
[titan] 2026-09-21 05:54:06,574 - torchtitan.observability.metrics - INFO - [31mstep: 21  [32mloss:  3.10010  [38;2;180;60;0mgrad_norm:  0.7571  [38;2;54;234;195mmemory:  0.49GiB(0.35%)  [34mtps: 213  [36mtflops: 0.03  [35mmfu: 0.00%[39m
GNREPR r0 22 1.0285073519e+00 0x1.074c420000000p+0
GNREPR r1 22 1.0285073519e+00 0x1.074c420000000p+0
[titan] 2026-09-21 05:54:08,982 - torchtitan.observability.metrics - INFO - [31mstep: 22  [32mloss: -1.00000  [38;2;180;60;0mgrad_norm:  1.0285  [38;2;54;234;195mmemory:  0.57GiB(0.41%)  [34mtps: 213  [36mtflops: 0.03  [35mmfu: 0.00%[39m
[titan] 2026-09-21 05:54:08,984 - torchtitan.observability.metrics - INFO - [31mstep: 22  [32mloss:  2.85747  [38;2;180;60;0mgrad_norm:  1.0285  [38;2;54;234;195mmemory:  0.49GiB(0.35%)  [34mtps: 212  [36mtflops: 0.03  [35mmfu: 0.00%[39m
GNREPR r0 23 7.3865717649e-01 0x1.7a31460000000p-1
GNREPR r1 23 7.3865717649e-01 0x1.7a31460000000p-1
[titan] 2026-09-21 05:54:11,394 - torchtitan.observability.metrics - INFO - [31mstep: 23  [32mloss: -1.00000  [38;2;180;60;0mgrad_norm:  0.7387  [38;2;54;234;195mmemory:  0.57GiB(0.41%)  [34mtps: 212  [36mtflops: 0.03  [35mmfu: 0.00%[39m
[titan] 2026-09-21 05:54:11,398 - torchtitan.observability.metrics - INFO - [31mstep: 23  [32mloss:  2.67106  [38;2;180;60;0mgrad_norm:  0.7387  [38;2;54;234;195mmemory:  0.49GiB(0.35%)  [34mtps: 212  [36mtflops: 0.03  [35mmfu: 0.00%[39m
GNREPR r1 24 1.0431386232e+00 0x1.0b0b220000000p+0
GNREPR r0 24 1.0431386232e+00 0x1.0b0b220000000p+0
[titan] 2026-09-21 05:54:13,805 - torchtitan.observability.metrics - INFO - [31mstep: 24  [32mloss: -1.00000  [38;2;180;60;0mgrad_norm:  1.0431  [38;2;54;234;195mmemory:  0.57GiB(0.41%)  [34mtps: 212  [36mtflops: 0.03  [35mmfu: 0.00%[39m
[titan] 2026-09-21 05:54:13,805 - torchtitan.observability.metrics - INFO - [31mstep: 24  [32mloss:  2.89079  [38;2;180;60;0mgrad_norm:  1.0431  [38;2;54;234;195mmemory:  0.49GiB(0.35%)  [34mtps: 213  [36mtflops: 0.03  [35mmfu: 0.00%[39m
GNREPR r1 25 1.0373860598e+00 0x1.0992220000000p+0
GNREPR r0 25 1.0373860598e+00 0x1.0992220000000p+0
[titan] 2026-09-21 05:54:16,156 - torchtitan.observability.metrics - INFO - [31mstep: 25  [32mloss:  3.15145  [38;2;180;60;0mgrad_norm:  1.0374  [38;2;54;234;195mmemory:  0.49GiB(0.35%)  [34mtps: 218  [36mtflops: 0.03  [35mmfu: 0.00%[39m
[titan] 2026-09-21 05:54:16,157 - torchtitan.observability.metrics - INFO - [31mstep: 25  [32mloss: -1.00000  [38;2;180;60;0mgrad_norm:  1.0374  [38;2;54;234;195mmemory:  0.57GiB(0.41%)  [34mtps: 218  [36mtflops: 0.03  [35mmfu: 0.00%[39m
GNREPR r1 26 1.1163897514e+00 0x1.1dcbb80000000p+0
GNREPR r0 26 1.1163897514e+00 0x1.1dcbb80000000p+0
[titan] 2026-09-21 05:54:18,448 - torchtitan.observability.metrics - INFO - [31mstep: 26  [32mloss:  2.69064  [38;2;180;60;0mgrad_norm:  1.1164  [38;2;54;234;195mmemory:  0.49GiB(0.35%)  [34mtps: 223  [36mtflops: 0.04  [35mmfu: 0.00%[39m
[titan] 2026-09-21 05:54:18,448 - torchtitan.observability.metrics - INFO - [31mstep: 26  [32mloss: -1.00000  [38;2;180;60;0mgrad_norm:  1.1164  [38;2;54;234;195mmemory:  0.57GiB(0.41%)  [34mtps: 223  [36mtflops: 0.04  [35mmfu: 0.00%[39m
GNREPR r1 27 8.5901910067e-01 0x1.b7d15a0000000p-1
GNREPR r0 27 8.5901910067e-01 0x1.b7d15a0000000p-1
[titan] 2026-09-21 05:54:20,712 - torchtitan.observability.metrics - INFO - [31mstep: 27  [32mloss: -1.00000  [38;2;180;60;0mgrad_norm:  0.8590  [38;2;54;234;195mmemory:  0.57GiB(0.41%)  [34mtps: 226  [36mtflops: 0.04  [35mmfu: 0.00%[39m
[titan] 2026-09-21 05:54:20,712 - torchtitan.observability.metrics - INFO - [31mstep: 27  [32mloss:  2.81766  [38;2;180;60;0mgrad_norm:  0.8590  [38;2;54;234;195mmemory:  0.49GiB(0.35%)  [34mtps: 226  [36mtflops: 0.04  [35mmfu: 0.00%[39m
GNREPR r1 28 1.0152771473e+00 0x1.03e9340000000p+0
GNREPR r0 28 1.0152771473e+00 0x1.03e9340000000p+0
[titan] 2026-09-21 05:54:22,962 - torchtitan.observability.metrics - INFO - [31mstep: 28  [32mloss:  2.94319  [38;2;180;60;0mgrad_norm:  1.0153  [38;2;54;234;195mmemory:  0.49GiB(0.35%)  [34mtps: 228  [36mtflops: 0.04  [35mmfu: 0.00%[39m
[titan] 2026-09-21 05:54:22,962 - torchtitan.observability.metrics - INFO - [31mstep: 28  [32mloss: -1.00000  [38;2;180;60;0mgrad_norm:  1.0153  [38;2;54;234;195mmemory:  0.57GiB(0.41%)  [34mtps: 228  [36mtflops: 0.04  [35mmfu: 0.00%[39m
GNREPR r1 29 9.9136787653e-01 0x1.fb94920000000p-1
GNREPR r0 29 9.9136787653e-01 0x1.fb94920000000p-1
[titan] 2026-09-21 05:54:25,211 - torchtitan.observability.metrics - INFO - [31mstep: 29  [32mloss: -1.00000  [38;2;180;60;0mgrad_norm:  0.9914  [38;2;54;234;195mmemory:  0.57GiB(0.41%)  [34mtps: 228  [36mtflops: 0.04  [35mmfu: 0.00%[39m
[titan] 2026-09-21 05:54:25,211 - torchtitan.observability.metrics - INFO - [31mstep: 29  [32mloss:  2.65029  [38;2;180;60;0mgrad_norm:  0.9914  [38;2;54;234;195mmemory:  0.49GiB(0.35%)  [34mtps: 228  [36mtflops: 0.04  [35mmfu: 0.00%[39m
GNREPR r1 30 9.1439962387e-01 0x1.d42c300000000p-1
GNREPR r0 30 9.1439962387e-01 0x1.d42c300000000p-1
[titan] 2026-09-21 05:54:27,495 - torchtitan.observability.metrics - INFO - [31mstep: 30  [32mloss:  2.92514  [38;2;180;60;0mgrad_norm:  0.9144  [38;2;54;234;195mmemory:  0.49GiB(0.35%)  [34mtps: 224  [36mtflops: 0.04  [35mmfu: 0.00%[39m
[titan] 2026-09-21 05:54:27,496 - torchtitan.observability.metrics - INFO - [31mstep: 30  [32mloss: -1.00000  [38;2;180;60;0mgrad_norm:  0.9144  [38;2;54;234;195mmemory:  0.57GiB(0.41%)  [34mtps: 224  [36mtflops: 0.04  [35mmfu: 0.00%[39m
GNREPR r1 31 9.3862497807e-01 0x1.e093740000000p-1
GNREPR r0 31 9.3862497807e-01 0x1.e093740000000p-1
[titan] 2026-09-21 05:54:29,782 - torchtitan.observability.metrics - INFO - [31mstep: 31  [32mloss:  2.72999  [38;2;180;60;0mgrad_norm:  0.9386  [38;2;54;234;195mmemory:  0.49GiB(0.35%)  [34mtps: 224  [36mtflops: 0.04  [35mmfu: 0.00%[39m
[titan] 2026-09-21 05:54:29,783 - torchtitan.observability.metrics - INFO - [31mstep: 31  [32mloss: -1.00000  [38;2;180;60;0mgrad_norm:  0.9386  [38;2;54;234;195mmemory:  0.57GiB(0.41%)  [34mtps: 224  [36mtflops: 0.04  [35mmfu: 0.00%[39m
GNREPR r1 32 7.5284945965e-01 0x1.81757c0000000p-1
GNREPR r0 32 7.5284945965e-01 0x1.81757c0000000p-1
[titan] 2026-09-21 05:54:32,061 - torchtitan.observability.metrics - INFO - [31mstep: 32  [32mloss:  2.78529  [38;2;180;60;0mgrad_norm:  0.7528  [38;2;54;234;195mmemory:  0.49GiB(0.35%)  [34mtps: 225  [36mtflops: 0.04  [35mmfu: 0.00%[39m
[titan] 2026-09-21 05:54:32,062 - torchtitan.observability.metrics - INFO - [31mstep: 32  [32mloss: -1.00000  [38;2;180;60;0mgrad_norm:  0.7528  [38;2;54;234;195mmemory:  0.57GiB(0.41%)  [34mtps: 225  [36mtflops: 0.04  [35mmfu: 0.00%[39m
GNREPR r1 33 7.6779204607e-01 0x1.891c0a0000000p-1
GNREPR r0 33 7.6779204607e-01 0x1.891c0a0000000p-1
[titan] 2026-09-21 05:54:34,308 - torchtitan.observability.metrics - INFO - [31mstep: 33  [32mloss:  2.53692  [38;2;180;60;0mgrad_norm:  0.7678  [38;2;54;234;195mmemory:  0.49GiB(0.35%)  [34mtps: 228  [36mtflops: 0.04  [35mmfu: 0.00%[39m
[titan] 2026-09-21 05:54:34,309 - torchtitan.observability.metrics - INFO - [31mstep: 33  [32mloss: -1.00000  [38;2;180;60;0mgrad_norm:  0.7678  [38;2;54;234;195mmemory:  0.57GiB(0.41%)  [34mtps: 228  [36mtflops: 0.04  [35mmfu: 0.00%[39m
GNREPR r0 34 8.2307726145e-01 0x1.a56a620000000p-1
GNREPR r1 34 8.2307726145e-01 0x1.a56a620000000p-1
[titan] 2026-09-21 05:54:36,593 - torchtitan.observability.metrics - INFO - [31mstep: 34  [32mloss:  2.55142  [38;2;180;60;0mgrad_norm:  0.8231  [38;2;54;234;195mmemory:  0.49GiB(0.35%)  [34mtps: 224  [36mtflops: 0.04  [35mmfu: 0.00%[39m
[titan] 2026-09-21 05:54:36,594 - torchtitan.observability.metrics - INFO - [31mstep: 34  [32mloss: -1.00000  [38;2;180;60;0mgrad_norm:  0.8231  [38;2;54;234;195mmemory:  0.57GiB(0.41%)  [34mtps: 224  [36mtflops: 0.04  [35mmfu: 0.00%[39m
GNREPR r0 35 8.3220040798e-01 0x1.aa162c0000000p-1
GNREPR r1 35 8.3220040798e-01 0x1.aa162c0000000p-1
[titan] 2026-09-21 05:54:39,232 - torchtitan.observability.metrics - INFO - [31mstep: 35  [32mloss:  2.68979  [38;2;180;60;0mgrad_norm:  0.8322  [38;2;54;234;195mmemory:  0.49GiB(0.35%)  [34mtps: 194  [36mtflops: 0.03  [35mmfu: 0.00%[39m
[titan] 2026-09-21 05:54:39,232 - torchtitan.observability.metrics - INFO - [31mstep: 35  [32mloss: -1.00000  [38;2;180;60;0mgrad_norm:  0.8322  [38;2;54;234;195mmemory:  0.57GiB(0.41%)  [34mtps: 194  [36mtflops: 0.03  [35mmfu: 0.00%[39m
GNREPR r1 36 9.6219515800e-01 0x1.eca4d80000000p-1
GNREPR r0 36 9.6219515800e-01 0x1.eca4d80000000p-1
[titan] 2026-09-21 05:54:41,942 - torchtitan.observability.metrics - INFO - [31mstep: 36  [32mloss:  2.56732  [38;2;180;60;0mgrad_norm:  0.9622  [38;2;54;234;195mmemory:  0.49GiB(0.35%)  [34mtps: 189  [36mtflops: 0.03  [35mmfu: 0.00%[39m
[titan] 2026-09-21 05:54:41,944 - torchtitan.observability.metrics - INFO - [31mstep: 36  [32mloss: -1.00000  [38;2;180;60;0mgrad_norm:  0.9622  [38;2;54;234;195mmemory:  0.57GiB(0.41%)  [34mtps: 189  [36mtflops: 0.03  [35mmfu: 0.00%[39m
GNREPR r0 37 1.3021512032e+00 0x1.4d59c80000000p+0
GNREPR r1 37 1.3021512032e+00 0x1.4d59c80000000p+0
[titan] 2026-09-21 05:54:44,554 - torchtitan.observability.metrics - INFO - [31mstep: 37  [32mloss:  3.02110  [38;2;180;60;0mgrad_norm:  1.3022  [38;2;54;234;195mmemory:  0.49GiB(0.35%)  [34mtps: 196  [36mtflops: 0.03  [35mmfu: 0.00%[39m
[titan] 2026-09-21 05:54:44,554 - torchtitan.observability.metrics - INFO - [31mstep: 37  [32mloss: -1.00000  [38;2;180;60;0mgrad_norm:  1.3022  [38;2;54;234;195mmemory:  0.57GiB(0.41%)  [34mtps: 196  [36mtflops: 0.03  [35mmfu: 0.00%[39m
GNREPR r0 38 1.0538581610e+00 0x1.0dc9a60000000p+0GNREPR r1 38 1.0538581610e+00 0x1.0dc9a60000000p+0

[titan] 2026-09-21 05:54:47,098 - torchtitan.observability.metrics - INFO - [31mstep: 38  [32mloss:  2.68237  [38;2;180;60;0mgrad_norm:  1.0539  [38;2;54;234;195mmemory:  0.49GiB(0.35%)  [34mtps: 201  [36mtflops: 0.03  [35mmfu: 0.00%[39m
[titan] 2026-09-21 05:54:47,098 - torchtitan.observability.metrics - INFO - [31mstep: 38  [32mloss: -1.00000  [38;2;180;60;0mgrad_norm:  1.0539  [38;2;54;234;195mmemory:  0.57GiB(0.41%)  [34mtps: 201  [36mtflops: 0.03  [35mmfu: 0.00%[39m
GNREPR r0 39 1.0008466244e+00 0x1.00377c0000000p+0
GNREPR r1 39 1.0008466244e+00 0x1.00377c0000000p+0
[titan] 2026-09-21 05:54:49,660 - torchtitan.observability.metrics - INFO - [31mstep: 39  [32mloss:  2.78474  [38;2;180;60;0mgrad_norm:  1.0008  [38;2;54;234;195mmemory:  0.49GiB(0.35%)  [34mtps: 200  [36mtflops: 0.03  [35mmfu: 0.00%[39m
[titan] 2026-09-21 05:54:49,660 - torchtitan.observability.metrics - INFO - [31mstep: 39  [32mloss: -1.00000  [38;2;180;60;0mgrad_norm:  1.0008  [38;2;54;234;195mmemory:  0.57GiB(0.41%)  [34mtps: 200  [36mtflops: 0.03  [35mmfu: 0.00%[39m
GNREPR r0 40 1.0068038702e+00 0x1.01bde60000000p+0GNREPR r1 40 1.0068038702e+00 0x1.01bde60000000p+0

[titan] 2026-09-21 05:54:52,279 - torchtitan.observability.metrics - INFO - [31mstep: 40  [32mloss:  2.65177  [38;2;180;60;0mgrad_norm:  1.0068  [38;2;54;234;195mmemory:  0.49GiB(0.35%)  [34mtps: 196  [36mtflops: 0.03  [35mmfu: 0.00%[39m
[titan] 2026-09-21 05:54:52,280 - torchtitan.observability.metrics - INFO - [31mstep: 40  [32mloss: -1.00000  [38;2;180;60;0mgrad_norm:  1.0068  [38;2;54;234;195mmemory:  0.57GiB(0.41%)  [34mtps: 195  [36mtflops: 0.03  [35mmfu: 0.00%[39m
GNREPR r1 41 7.6896840334e-01 0x1.89b63a0000000p-1
GNREPR r0 41 7.6896840334e-01 0x1.89b63a0000000p-1
[titan] 2026-09-21 05:54:54,888 - torchtitan.observability.metrics - INFO - [31mstep: 41  [32mloss:  2.58430  [38;2;180;60;0mgrad_norm:  0.7690  [38;2;54;234;195mmemory:  0.49GiB(0.35%)  [34mtps: 196  [36mtflops: 0.03  [35mmfu: 0.00%[39m
[titan] 2026-09-21 05:54:54,889 - torchtitan.observability.metrics - INFO - [31mstep: 41  [32mloss: -1.00000  [38;2;180;60;0mgrad_norm:  0.7690  [38;2;54;234;195mmemory:  0.57GiB(0.41%)  [34mtps: 196  [36mtflops: 0.03  [35mmfu: 0.00%[39m
GNREPR r0 42 8.0326193571e-01 0x1.9b45260000000p-1GNREPR r1 42 8.0326193571e-01 0x1.9b45260000000p-1

[titan] 2026-09-21 05:54:57,500 - torchtitan.observability.metrics - INFO - [31mstep: 42  [32mloss:  2.53529  [38;2;180;60;0mgrad_norm:  0.8033  [38;2;54;234;195mmemory:  0.49GiB(0.35%)  [34mtps: 196  [36mtflops: 0.03  [35mmfu: 0.00%[39m
[titan] 2026-09-21 05:54:57,502 - torchtitan.observability.metrics - INFO - [31mstep: 42  [32mloss: -1.00000  [38;2;180;60;0mgrad_norm:  0.8033  [38;2;54;234;195mmemory:  0.57GiB(0.41%)  [34mtps: 196  [36mtflops: 0.03  [35mmfu: 0.00%[39m
GNREPR r0 43 8.8036781549e-01 0x1.c2bf920000000p-1
GNREPR r1 43 8.8036781549e-01 0x1.c2bf920000000p-1
[titan] 2026-09-21 05:55:00,036 - torchtitan.observability.metrics - INFO - [31mstep: 43  [32mloss:  2.72341  [38;2;180;60;0mgrad_norm:  0.8804  [38;2;54;234;195mmemory:  0.49GiB(0.35%)  [34mtps: 202  [36mtflops: 0.03  [35mmfu: 0.00%[39m
[titan] 2026-09-21 05:55:00,037 - torchtitan.observability.metrics - INFO - [31mstep: 43  [32mloss: -1.00000  [38;2;180;60;0mgrad_norm:  0.8804  [38;2;54;234;195mmemory:  0.57GiB(0.41%)  [34mtps: 202  [36mtflops: 0.03  [35mmfu: 0.00%[39m
GNREPR r0 44 8.2584154606e-01 0x1.a6d4b40000000p-1
GNREPR r1 44 8.2584154606e-01 0x1.a6d4b40000000p-1
[titan] 2026-09-21 05:55:02,593 - torchtitan.observability.metrics - INFO - [31mstep: 44  [32mloss: -1.00000  [38;2;180;60;0mgrad_norm:  0.8258  [38;2;54;234;195mmemory:  0.57GiB(0.41%)  [34mtps: 200  [36mtflops: 0.03  [35mmfu: 0.00%[39m
[titan] 2026-09-21 05:55:02,595 - torchtitan.observability.metrics - INFO - [31mstep: 44  [32mloss:  2.47791  [38;2;180;60;0mgrad_norm:  0.8258  [38;2;54;234;195mmemory:  0.49GiB(0.35%)  [34mtps: 200  [36mtflops: 0.03  [35mmfu: 0.00%[39m
GNREPR r1 45 8.1070894003e-01 0x1.9f153e0000000p-1
GNREPR r0 45 8.1070894003e-01 0x1.9f153e0000000p-1
[titan] 2026-09-21 05:55:05,214 - torchtitan.observability.metrics - INFO - [31mstep: 45  [32mloss:  2.66162  [38;2;180;60;0mgrad_norm:  0.8107  [38;2;54;234;195mmemory:  0.49GiB(0.35%)  [34mtps: 196  [36mtflops: 0.03  [35mmfu: 0.00%[39m
[titan] 2026-09-21 05:55:05,217 - torchtitan.observability.metrics - INFO - [31mstep: 45  [32mloss: -1.00000  [38;2;180;60;0mgrad_norm:  0.8107  [38;2;54;234;195mmemory:  0.57GiB(0.41%)  [34mtps: 195  [36mtflops: 0.03  [35mmfu: 0.00%[39m
GNREPR r0 46 7.8618758917e-01 0x1.92872e0000000p-1
GNREPR r1 46 7.8618758917e-01 0x1.92872e0000000p-1
[titan] 2026-09-21 05:55:07,826 - torchtitan.observability.metrics - INFO - [31mstep: 46  [32mloss: -1.00000  [38;2;180;60;0mgrad_norm:  0.7862  [38;2;54;234;195mmemory:  0.57GiB(0.41%)  [34mtps: 196  [36mtflops: 0.03  [35mmfu: 0.00%[39m
[titan] 2026-09-21 05:55:07,829 - torchtitan.observability.metrics - INFO - [31mstep: 46  [32mloss:  2.58672  [38;2;180;60;0mgrad_norm:  0.7862  [38;2;54;234;195mmemory:  0.49GiB(0.35%)  [34mtps: 196  [36mtflops: 0.03  [35mmfu: 0.00%[39m
GNREPR r0 47 8.5572099686e-01 0x1.b621100000000p-1
GNREPR r1 47 8.5572099686e-01 0x1.b621100000000p-1
[titan] 2026-09-21 05:55:10,435 - torchtitan.observability.metrics - INFO - [31mstep: 47  [32mloss:  2.68950  [38;2;180;60;0mgrad_norm:  0.8557  [38;2;54;234;195mmemory:  0.49GiB(0.35%)  [34mtps: 196  [36mtflops: 0.03  [35mmfu: 0.00%[39m
[titan] 2026-09-21 05:55:10,436 - torchtitan.observability.metrics - INFO - [31mstep: 47  [32mloss: -1.00000  [38;2;180;60;0mgrad_norm:  0.8557  [38;2;54;234;195mmemory:  0.57GiB(0.41%)  [34mtps: 196  [36mtflops: 0.03  [35mmfu: 0.00%[39m
GNREPR r1 48 9.7311365604e-01 0x1.f23bf40000000p-1
GNREPR r0 48 9.7311365604e-01 0x1.f23bf40000000p-1
[titan] 2026-09-21 05:55:13,006 - torchtitan.observability.metrics - INFO - [31mstep: 48  [32mloss:  2.75249  [38;2;180;60;0mgrad_norm:  0.9731  [38;2;54;234;195mmemory:  0.49GiB(0.35%)  [34mtps: 199  [36mtflops: 0.03  [35mmfu: 0.00%[39m
[titan] 2026-09-21 05:55:13,010 - torchtitan.observability.metrics - INFO - [31mstep: 48  [32mloss: -1.00000  [38;2;180;60;0mgrad_norm:  0.9731  [38;2;54;234;195mmemory:  0.57GiB(0.41%)  [34mtps: 199  [36mtflops: 0.03  [35mmfu: 0.00%[39m
GNREPR r0 49 9.1321754456e-01 0x1.d391400000000p-1
GNREPR r1 49 9.1321754456e-01 0x1.d391400000000p-1
[titan] 2026-09-21 05:55:15,650 - torchtitan.observability.metrics - INFO - [31mstep: 49  [32mloss: -1.00000  [38;2;180;60;0mgrad_norm:  0.9132  [38;2;54;234;195mmemory:  0.57GiB(0.41%)  [34mtps: 194  [36mtflops: 0.03  [35mmfu: 0.00%[39m
[titan] 2026-09-21 05:55:15,652 - torchtitan.observability.metrics - INFO - [31mstep: 49  [32mloss:  2.68035  [38;2;180;60;0mgrad_norm:  0.9132  [38;2;54;234;195mmemory:  0.49GiB(0.35%)  [34mtps: 194  [36mtflops: 0.03  [35mmfu: 0.00%[39m
[titan] 2026-09-21 05:55:16,264 - torchtitan.tools.utils - INFO - [GC] Performing periodic GC collection took 0.61 seconds
[titan] 2026-09-21 05:55:16,397 - torchtitan.tools.utils - INFO - [GC] Performing periodic GC collection took 0.74 seconds
GNREPR r1 50 7.1265673637e-01 0x1.6ce1580000000p-1
GNREPR r0 50 7.1265673637e-01 0x1.6ce1580000000p-1
[titan] 2026-09-21 05:55:18,985 - torchtitan.observability.metrics - INFO - [31mstep: 50  [32mloss:  2.57682  [38;2;180;60;0mgrad_norm:  0.7127  [38;2;54;234;195mmemory:  0.49GiB(0.35%)  [34mtps: 154  [36mtflops: 0.02  [35mmfu: 0.00%[39m
[titan] 2026-09-21 05:55:18,989 - torchtitan.observability.metrics - INFO - [31mstep: 50  [32mloss: -1.00000  [38;2;180;60;0mgrad_norm:  0.7127  [38;2;54;234;195mmemory:  0.57GiB(0.41%)  [34mtps: 153  [36mtflops: 0.02  [35mmfu: 0.00%[39m
GNREPR r0 51 1.0295865536e+00 0x1.0792fc0000000p+0
GNREPR r1 51 1.0295865536e+00 0x1.0792fc0000000p+0
[titan] 2026-09-21 05:55:21,536 - torchtitan.observability.metrics - INFO - [31mstep: 51  [32mloss: -1.00000  [38;2;180;60;0mgrad_norm:  1.0296  [38;2;54;234;195mmemory:  0.57GiB(0.41%)  [34mtps: 201  [36mtflops: 0.03  [35mmfu: 0.00%[39m
[titan] 2026-09-21 05:55:21,538 - torchtitan.observability.metrics - INFO - [31mstep: 51  [32mloss:  2.68406  [38;2;180;60;0mgrad_norm:  1.0296  [38;2;54;234;195mmemory:  0.49GiB(0.35%)  [34mtps: 201  [36mtflops: 0.03  [35mmfu: 0.00%[39m
GNREPR r0 52 9.3155974150e-01 0x1.dcf5660000000p-1
GNREPR r1 52 9.3155974150e-01 0x1.dcf5660000000p-1
[titan] 2026-09-21 05:55:24,144 - torchtitan.observability.metrics - INFO - [31mstep: 52  [32mloss: -1.00000  [38;2;180;60;0mgrad_norm:  0.9316  [38;2;54;234;195mmemory:  0.57GiB(0.41%)  [34mtps: 196  [36mtflops: 0.03  [35mmfu: 0.00%[39m
[titan] 2026-09-21 05:55:24,146 - torchtitan.observability.metrics - INFO - [31mstep: 52  [32mloss:  2.51213  [38;2;180;60;0mgrad_norm:  0.9316  [38;2;54;234;195mmemory:  0.49GiB(0.35%)  [34mtps: 196  [36mtflops: 0.03  [35mmfu: 0.00%[39m
GNREPR r1 53 7.6182800531e-01 0x1.860e520000000p-1
GNREPR r0 53 7.6182800531e-01 0x1.860e520000000p-1
[titan] 2026-09-21 05:55:26,740 - torchtitan.observability.metrics - INFO - [31mstep: 53  [32mloss:  2.77394  [38;2;180;60;0mgrad_norm:  0.7618  [38;2;54;234;195mmemory:  0.49GiB(0.35%)  [34mtps: 197  [36mtflops: 0.03  [35mmfu: 0.00%[39m
[titan] 2026-09-21 05:55:26,743 - torchtitan.observability.metrics - INFO - [31mstep: 53  [32mloss: -1.00000  [38;2;180;60;0mgrad_norm:  0.7618  [38;2;54;234;195mmemory:  0.57GiB(0.41%)  [34mtps: 197  [36mtflops: 0.03  [35mmfu: 0.00%[39m
GNREPR r1 54 8.6043775082e-01 0x1.b88b4c0000000p-1
GNREPR r0 54 8.6043775082e-01 0x1.b88b4c0000000p-1
[titan] 2026-09-21 05:55:29,374 - torchtitan.observability.metrics - INFO - [31mstep: 54  [32mloss:  3.04775  [38;2;180;60;0mgrad_norm:  0.8604  [38;2;54;234;195mmemory:  0.49GiB(0.35%)  [34mtps: 194  [36mtflops: 0.03  [35mmfu: 0.00%[39m
[titan] 2026-09-21 05:55:29,378 - torchtitan.observability.metrics - INFO - [31mstep: 54  [32mloss: -1.00000  [38;2;180;60;0mgrad_norm:  0.8604  [38;2;54;234;195mmemory:  0.57GiB(0.41%)  [34mtps: 194  [36mtflops: 0.03  [35mmfu: 0.00%[39m
GNREPR r1 55 1.0208100080e+00 0x1.0553ce0000000p+0
GNREPR r0 55 1.0208100080e+00 0x1.0553ce0000000p+0
[titan] 2026-09-21 05:55:31,933 - torchtitan.observability.metrics - INFO - [31mstep: 55  [32mloss:  2.95744  [38;2;180;60;0mgrad_norm:  1.0208  [38;2;54;234;195mmemory:  0.49GiB(0.35%)  [34mtps: 200  [36mtflops: 0.03  [35mmfu: 0.00%[39m
[titan] 2026-09-21 05:55:31,935 - torchtitan.observability.metrics - INFO - [31mstep: 55  [32mloss: -1.00000  [38;2;180;60;0mgrad_norm:  1.0208  [38;2;54;234;195mmemory:  0.57GiB(0.41%)  [34mtps: 200  [36mtflops: 0.03  [35mmfu: 0.00%[39m
GNREPR r1 56 7.3702621460e-01 0x1.795b800000000p-1GNREPR r0 56 7.3702621460e-01 0x1.795b800000000p-1

[titan] 2026-09-21 05:55:34,487 - torchtitan.observability.metrics - INFO - [31mstep: 56  [32mloss:  2.52123  [38;2;180;60;0mgrad_norm:  0.7370  [38;2;54;234;195mmemory:  0.49GiB(0.35%)  [34mtps: 201  [36mtflops: 0.03  [35mmfu: 0.00%[39m
[titan] 2026-09-21 05:55:34,487 - torchtitan.observability.metrics - INFO - [31mstep: 56  [32mloss: -1.00000  [38;2;180;60;0mgrad_norm:  0.7370  [38;2;54;234;195mmemory:  0.57GiB(0.41%)  [34mtps: 201  [36mtflops: 0.03  [35mmfu: 0.00%[39m
GNREPR r0 57 9.3452948332e-01 0x1.de7aa60000000p-1
GNREPR r1 57 9.3452948332e-01 0x1.de7aa60000000p-1
[titan] 2026-09-21 05:55:37,098 - torchtitan.observability.metrics - INFO - [31mstep: 57  [32mloss:  2.53833  [38;2;180;60;0mgrad_norm:  0.9345  [38;2;54;234;195mmemory:  0.49GiB(0.35%)  [34mtps: 196  [36mtflops: 0.03  [35mmfu: 0.00%[39m
[titan] 2026-09-21 05:55:37,098 - torchtitan.observability.metrics - INFO - [31mstep: 57  [32mloss: -1.00000  [38;2;180;60;0mgrad_norm:  0.9345  [38;2;54;234;195mmemory:  0.57GiB(0.41%)  [34mtps: 196  [36mtflops: 0.03  [35mmfu: 0.00%[39m
GNREPR r0 58 1.0210810900e+00 0x1.0565920000000p+0GNREPR r1 58 1.0210810900e+00 0x1.0565920000000p+0

[titan] 2026-09-21 05:55:39,717 - torchtitan.observability.metrics - INFO - [31mstep: 58  [32mloss:  2.61260  [38;2;180;60;0mgrad_norm:  1.0211  [38;2;54;234;195mmemory:  0.49GiB(0.35%)  [34mtps: 195  [36mtflops: 0.03  [35mmfu: 0.00%[39m
[titan] 2026-09-21 05:55:39,717 - torchtitan.observability.metrics - INFO - [31mstep: 58  [32mloss: -1.00000  [38;2;180;60;0mgrad_norm:  1.0211  [38;2;54;234;195mmemory:  0.57GiB(0.41%)  [34mtps: 196  [36mtflops: 0.03  [35mmfu: 0.00%[39m
GNREPR r0 59 8.8716417551e-01 0x1.c63a620000000p-1
GNREPR r1 59 8.8716417551e-01 0x1.c63a620000000p-1
[titan] 2026-09-21 05:55:42,309 - torchtitan.observability.metrics - INFO - [31mstep: 59  [32mloss:  2.66515  [38;2;180;60;0mgrad_norm:  0.8872  [38;2;54;234;195mmemory:  0.49GiB(0.35%)  [34mtps: 198  [36mtflops: 0.03  [35mmfu: 0.00%[39m
[titan] 2026-09-21 05:55:42,311 - torchtitan.observability.metrics - INFO - [31mstep: 59  [32mloss: -1.00000  [38;2;180;60;0mgrad_norm:  0.8872  [38;2;54;234;195mmemory:  0.57GiB(0.41%)  [34mtps: 197  [36mtflops: 0.03  [35mmfu: 0.00%[39m
GNREPR r1 60 8.0995374918e-01 0x1.9eb2420000000p-1
GNREPR r0 60 8.0995374918e-01 0x1.9eb2420000000p-1
[titan] 2026-09-21 05:55:44,899 - torchtitan.observability.metrics - INFO - [31mstep: 60  [32mloss:  2.56821  [38;2;180;60;0mgrad_norm:  0.8100  [38;2;54;234;195mmemory:  0.49GiB(0.35%)  [34mtps: 198  [36mtflops: 0.03  [35mmfu: 0.00%[39m
[titan] 2026-09-21 05:55:44,901 - torchtitan.observability.metrics - INFO - [31mstep: 60  [32mloss: -1.00000  [38;2;180;60;0mgrad_norm:  0.8100  [38;2;54;234;195mmemory:  0.57GiB(0.41%)  [34mtps: 198  [36mtflops: 0.03  [35mmfu: 0.00%[39m
GNREPR r0 61 8.8064640760e-01 0x1.c2e4160000000p-1
GNREPR r1 61 8.8064640760e-01 0x1.c2e4160000000p-1
[titan] 2026-09-21 05:55:47,535 - torchtitan.observability.metrics - INFO - [31mstep: 61  [32mloss:  2.62328  [38;2;180;60;0mgrad_norm:  0.8806  [38;2;54;234;195mmemory:  0.49GiB(0.35%)  [34mtps: 194  [36mtflops: 0.03  [35mmfu: 0.00%[39m
[titan] 2026-09-21 05:55:47,536 - torchtitan.observability.metrics - INFO - [31mstep: 61  [32mloss: -1.00000  [38;2;180;60;0mgrad_norm:  0.8806  [38;2;54;234;195mmemory:  0.57GiB(0.41%)  [34mtps: 194  [36mtflops: 0.03  [35mmfu: 0.00%[39m
GNREPR r1 62 8.3977442980e-01 0x1.adf6ea0000000p-1
GNREPR r0 62 8.3977442980e-01 0x1.adf6ea0000000p-1
[titan] 2026-09-21 05:55:50,129 - torchtitan.observability.metrics - INFO - [31mstep: 62  [32mloss: -1.00000  [38;2;180;60;0mgrad_norm:  0.8398  [38;2;54;234;195mmemory:  0.57GiB(0.41%)  [34mtps: 197  [36mtflops: 0.03  [35mmfu: 0.00%[39m
[titan] 2026-09-21 05:55:50,130 - torchtitan.observability.metrics - INFO - [31mstep: 62  [32mloss:  2.69172  [38;2;180;60;0mgrad_norm:  0.8398  [38;2;54;234;195mmemory:  0.49GiB(0.35%)  [34mtps: 197  [36mtflops: 0.03  [35mmfu: 0.00%[39m
GNREPR r0 63 8.9537531137e-01 0x1.ca6ea20000000p-1GNREPR r1 63 8.9537531137e-01 0x1.ca6ea20000000p-1

[titan] 2026-09-21 05:55:52,803 - torchtitan.observability.metrics - INFO - [31mstep: 63  [32mloss:  2.62901  [38;2;180;60;0mgrad_norm:  0.8954  [38;2;54;234;195mmemory:  0.49GiB(0.35%)  [34mtps: 192  [36mtflops: 0.03  [35mmfu: 0.00%[39m
[titan] 2026-09-21 05:55:52,805 - torchtitan.observability.metrics - INFO - [31mstep: 63  [32mloss: -1.00000  [38;2;180;60;0mgrad_norm:  0.8954  [38;2;54;234;195mmemory:  0.57GiB(0.41%)  [34mtps: 191  [36mtflops: 0.03  [35mmfu: 0.00%[39m
GNREPR r0 64 6.2354725599e-01 0x1.3f41960000000p-1
GNREPR r1 64 6.2354725599e-01 0x1.3f41960000000p-1
[titan] 2026-09-21 05:55:55,395 - torchtitan.observability.metrics - INFO - [31mstep: 64  [32mloss:  2.62104  [38;2;180;60;0mgrad_norm:  0.6235  [38;2;54;234;195mmemory:  0.49GiB(0.35%)  [34mtps: 198  [36mtflops: 0.03  [35mmfu: 0.00%[39m
[titan] 2026-09-21 05:55:55,395 - torchtitan.observability.metrics - INFO - [31mstep: 64  [32mloss: -1.00000  [38;2;180;60;0mgrad_norm:  0.6235  [38;2;54;234;195mmemory:  0.57GiB(0.41%)  [34mtps: 198  [36mtflops: 0.03  [35mmfu: 0.00%[39m
GNREPR r0 65 8.5452330112e-01 0x1.b584140000000p-1GNREPR r1 65 8.5452330112e-01 0x1.b584140000000p-1

[titan] 2026-09-21 05:55:57,995 - torchtitan.observability.metrics - INFO - [31mstep: 65  [32mloss:  2.70942  [38;2;180;60;0mgrad_norm:  0.8545  [38;2;54;234;195mmemory:  0.49GiB(0.35%)  [34mtps: 197  [36mtflops: 0.03  [35mmfu: 0.00%[39m
[titan] 2026-09-21 05:55:57,995 - torchtitan.observability.metrics - INFO - [31mstep: 65  [32mloss: -1.00000  [38;2;180;60;0mgrad_norm:  0.8545  [38;2;54;234;195mmemory:  0.57GiB(0.41%)  [34mtps: 197  [36mtflops: 0.03  [35mmfu: 0.00%[39m
GNREPR r0 66 6.9606214762e-01 0x1.6462420000000p-1
GNREPR r1 66 6.9606214762e-01 0x1.6462420000000p-1
[titan] 2026-09-21 05:56:00,587 - torchtitan.observability.metrics - INFO - [31mstep: 66  [32mloss: -1.00000  [38;2;180;60;0mgrad_norm:  0.6961  [38;2;54;234;195mmemory:  0.57GiB(0.41%)  [34mtps: 198  [36mtflops: 0.03  [35mmfu: 0.00%[39m
[titan] 2026-09-21 05:56:00,589 - torchtitan.observability.metrics - INFO - [31mstep: 66  [32mloss:  2.58616  [38;2;180;60;0mgrad_norm:  0.6961  [38;2;54;234;195mmemory:  0.49GiB(0.35%)  [34mtps: 197  [36mtflops: 0.03  [35mmfu: 0.00%[39m
GNREPR r0 67 9.0077447891e-01 0x1.cd32500000000p-1
GNREPR r1 67 9.0077447891e-01 0x1.cd32500000000p-1
[titan] 2026-09-21 05:56:03,185 - torchtitan.observability.metrics - INFO - [31mstep: 67  [32mloss: -1.00000  [38;2;180;60;0mgrad_norm:  0.9008  [38;2;54;234;195mmemory:  0.57GiB(0.41%)  [34mtps: 197  [36mtflops: 0.03  [35mmfu: 0.00%[39m
[titan] 2026-09-21 05:56:03,187 - torchtitan.observability.metrics - INFO - [31mstep: 67  [32mloss:  2.59514  [38;2;180;60;0mgrad_norm:  0.9008  [38;2;54;234;195mmemory:  0.49GiB(0.35%)  [34mtps: 197  [36mtflops: 0.03  [35mmfu: 0.00%[39m
GNREPR r0 68 7.9158937931e-01 0x1.954b340000000p-1GNREPR r1 68 7.9158937931e-01 0x1.954b340000000p-1

[titan] 2026-09-21 05:56:05,792 - torchtitan.observability.metrics - INFO - [31mstep: 68  [32mloss:  2.60277  [38;2;180;60;0mgrad_norm:  0.7916  [38;2;54;234;195mmemory:  0.49GiB(0.35%)  [34mtps: 197  [36mtflops: 0.03  [35mmfu: 0.00%[39m
[titan] 2026-09-21 05:56:05,794 - torchtitan.observability.metrics - INFO - [31mstep: 68  [32mloss: -1.00000  [38;2;180;60;0mgrad_norm:  0.7916  [38;2;54;234;195mmemory:  0.57GiB(0.41%)  [34mtps: 196  [36mtflops: 0.03  [35mmfu: 0.00%[39m
GNREPR r0 69 9.1121929884e-01 0x1.d28b560000000p-1
GNREPR r1 69 9.1121929884e-01 0x1.d28b560000000p-1
[titan] 2026-09-21 05:56:08,359 - torchtitan.observability.metrics - INFO - [31mstep: 69  [32mloss:  2.82444  [38;2;180;60;0mgrad_norm:  0.9112  [38;2;54;234;195mmemory:  0.49GiB(0.35%)  [34mtps: 200  [36mtflops: 0.03  [35mmfu: 0.00%[39m
[titan] 2026-09-21 05:56:08,359 - torchtitan.observability.metrics - INFO - [31mstep: 69  [32mloss: -1.00000  [38;2;180;60;0mgrad_norm:  0.9112  [38;2;54;234;195mmemory:  0.57GiB(0.41%)  [34mtps: 200  [36mtflops: 0.03  [35mmfu: 0.00%[39m
GNREPR r1 70 6.4675307274e-01 0x1.4b23380000000p-1
GNREPR r0 70 6.4675307274e-01 0x1.4b23380000000p-1
[titan] 2026-09-21 05:56:10,979 - torchtitan.observability.metrics - INFO - [31mstep: 70  [32mloss:  2.71697  [38;2;180;60;0mgrad_norm:  0.6468  [38;2;54;234;195mmemory:  0.49GiB(0.35%)  [34mtps: 195  [36mtflops: 0.03  [35mmfu: 0.00%[39m
[titan] 2026-09-21 05:56:10,982 - torchtitan.observability.metrics - INFO - [31mstep: 70  [32mloss: -1.00000  [38;2;180;60;0mgrad_norm:  0.6468  [38;2;54;234;195mmemory:  0.57GiB(0.41%)  [34mtps: 195  [36mtflops: 0.03  [35mmfu: 0.00%[39m
GNREPR r0 71 5.8392316103e-01 0x1.2af7fa0000000p-1GNREPR r1 71 5.8392316103e-01 0x1.2af7fa0000000p-1

[titan] 2026-09-21 05:56:13,583 - torchtitan.observability.metrics - INFO - [31mstep: 71  [32mloss: -1.00000  [38;2;180;60;0mgrad_norm:  0.5839  [38;2;54;234;195mmemory:  0.57GiB(0.41%)  [34mtps: 197  [36mtflops: 0.03  [35mmfu: 0.00%[39m
[titan] 2026-09-21 05:56:13,585 - torchtitan.observability.metrics - INFO - [31mstep: 71  [32mloss:  2.53445  [38;2;180;60;0mgrad_norm:  0.5839  [38;2;54;234;195mmemory:  0.49GiB(0.35%)  [34mtps: 197  [36mtflops: 0.03  [35mmfu: 0.00%[39m
GNREPR r0 72 7.7664178610e-01 0x1.8da3fe0000000p-1
GNREPR r1 72 7.7664178610e-01 0x1.8da3fe0000000p-1
[titan] 2026-09-21 05:56:16,212 - torchtitan.observability.metrics - INFO - [31mstep: 72  [32mloss:  2.58072  [38;2;180;60;0mgrad_norm:  0.7766  [38;2;54;234;195mmemory:  0.49GiB(0.35%)  [34mtps: 195  [36mtflops: 0.03  [35mmfu: 0.00%[39m
[titan] 2026-09-21 05:56:16,213 - torchtitan.observability.metrics - INFO - [31mstep: 72  [32mloss: -1.00000  [38;2;180;60;0mgrad_norm:  0.7766  [38;2;54;234;195mmemory:  0.57GiB(0.41%)  [34mtps: 195  [36mtflops: 0.03  [35mmfu: 0.00%[39m
GNREPR r1 73 1.0455868244e+00 0x1.0bab940000000p+0GNREPR r0 73 1.0455868244e+00 0x1.0bab940000000p+0

[titan] 2026-09-21 05:56:18,801 - torchtitan.observability.metrics - INFO - [31mstep: 73  [32mloss:  2.61077  [38;2;180;60;0mgrad_norm:  1.0456  [38;2;54;234;195mmemory:  0.49GiB(0.35%)  [34mtps: 198  [36mtflops: 0.03  [35mmfu: 0.00%[39m
[titan] 2026-09-21 05:56:18,802 - torchtitan.observability.metrics - INFO - [31mstep: 73  [32mloss: -1.00000  [38;2;180;60;0mgrad_norm:  1.0456  [38;2;54;234;195mmemory:  0.57GiB(0.41%)  [34mtps: 198  [36mtflops: 0.03  [35mmfu: 0.00%[39m
GNREPR r1 74 7.2710704803e-01 0x1.7447600000000p-1
GNREPR r0 74 7.2710704803e-01 0x1.7447600000000p-1
[titan] 2026-09-21 05:56:21,397 - torchtitan.observability.metrics - INFO - [31mstep: 74  [32mloss:  2.42648  [38;2;180;60;0mgrad_norm:  0.7271  [38;2;54;234;195mmemory:  0.49GiB(0.35%)  [34mtps: 197  [36mtflops: 0.03  [35mmfu: 0.00%[39m
[titan] 2026-09-21 05:56:21,397 - torchtitan.observability.metrics - INFO - [31mstep: 74  [32mloss: -1.00000  [38;2;180;60;0mgrad_norm:  0.7271  [38;2;54;234;195mmemory:  0.57GiB(0.41%)  [34mtps: 197  [36mtflops: 0.03  [35mmfu: 0.00%[39m
GNREPR r0 75 6.2725877762e-01 0x1.4128100000000p-1GNREPR r1 75 6.2725877762e-01 0x1.4128100000000p-1

[titan] 2026-09-21 05:56:23,987 - torchtitan.observability.metrics - INFO - [31mstep: 75  [32mloss:  2.65031  [38;2;180;60;0mgrad_norm:  0.6273  [38;2;54;234;195mmemory:  0.49GiB(0.35%)  [34mtps: 198  [36mtflops: 0.03  [35mmfu: 0.00%[39m
[titan] 2026-09-21 05:56:23,987 - torchtitan.observability.metrics - INFO - [31mstep: 75  [32mloss: -1.00000  [38;2;180;60;0mgrad_norm:  0.6273  [38;2;54;234;195mmemory:  0.57GiB(0.41%)  [34mtps: 198  [36mtflops: 0.03  [35mmfu: 0.00%[39m
GNREPR r0 76 7.3646885157e-01 0x1.7912720000000p-1
GNREPR r1 76 7.3646885157e-01 0x1.7912720000000p-1
[titan] 2026-09-21 05:56:26,587 - torchtitan.observability.metrics - INFO - [31mstep: 76  [32mloss:  2.42931  [38;2;180;60;0mgrad_norm:  0.7365  [38;2;54;234;195mmemory:  0.49GiB(0.35%)  [34mtps: 197  [36mtflops: 0.03  [35mmfu: 0.00%[39m
[titan] 2026-09-21 05:56:26,587 - torchtitan.observability.metrics - INFO - [31mstep: 76  [32mloss: -1.00000  [38;2;180;60;0mgrad_norm:  0.7365  [38;2;54;234;195mmemory:  0.57GiB(0.41%)  [34mtps: 197  [36mtflops: 0.03  [35mmfu: 0.00%[39m
GNREPR r0 77 6.6960042715e-01 0x1.56d5de0000000p-1
GNREPR r1 77 6.6960042715e-01 0x1.56d5de0000000p-1
[titan] 2026-09-21 05:56:29,187 - torchtitan.observability.metrics - INFO - [31mstep: 77  [32mloss: -1.00000  [38;2;180;60;0mgrad_norm:  0.6696  [38;2;54;234;195mmemory:  0.57GiB(0.41%)  [34mtps: 197  [36mtflops: 0.03  [35mmfu: 0.00%[39m
[titan] 2026-09-21 05:56:29,188 - torchtitan.observability.metrics - INFO - [31mstep: 77  [32mloss:  2.54189  [38;2;180;60;0mgrad_norm:  0.6696  [38;2;54;234;195mmemory:  0.49GiB(0.35%)  [34mtps: 197  [36mtflops: 0.03  [35mmfu: 0.00%[39m
GNREPR r1 78 7.6893079281e-01 0x1.89b14c0000000p-1
GNREPR r0 78 7.6893079281e-01 0x1.89b14c0000000p-1
[titan] 2026-09-21 05:56:31,769 - torchtitan.observability.metrics - INFO - [31mstep: 78  [32mloss:  2.45393  [38;2;180;60;0mgrad_norm:  0.7689  [38;2;54;234;195mmemory:  0.49GiB(0.35%)  [34mtps: 198  [36mtflops: 0.03  [35mmfu: 0.00%[39m
[titan] 2026-09-21 05:56:31,772 - torchtitan.observability.metrics - INFO - [31mstep: 78  [32mloss: -1.00000  [38;2;180;60;0mgrad_norm:  0.7689  [38;2;54;234;195mmemory:  0.57GiB(0.41%)  [34mtps: 198  [36mtflops: 0.03  [35mmfu: 0.00%[39m
GNREPR r1 79 7.4142313004e-01 0x1.7b9bd00000000p-1
GNREPR r0 79 7.4142313004e-01 0x1.7b9bd00000000p-1
[titan] 2026-09-21 05:56:34,338 - torchtitan.observability.metrics - INFO - [31mstep: 79  [32mloss:  2.57150  [38;2;180;60;0mgrad_norm:  0.7414  [38;2;54;234;195mmemory:  0.49GiB(0.35%)  [34mtps: 199  [36mtflops: 0.03  [35mmfu: 0.00%[39m
[titan] 2026-09-21 05:56:34,341 - torchtitan.observability.metrics - INFO - [31mstep: 79  [32mloss: -1.00000  [38;2;180;60;0mgrad_norm:  0.7414  [38;2;54;234;195mmemory:  0.57GiB(0.41%)  [34mtps: 199  [36mtflops: 0.03  [35mmfu: 0.00%[39m
GNREPR r1 80 9.2082303762e-01 0x1.d7761e0000000p-1
GNREPR r0 80 9.2082303762e-01 0x1.d7761e0000000p-1
[titan] 2026-09-21 05:56:36,975 - torchtitan.observability.metrics - INFO - [31mstep: 80  [32mloss:  2.60968  [38;2;180;60;0mgrad_norm:  0.9208  [38;2;54;234;195mmemory:  0.49GiB(0.35%)  [34mtps: 194  [36mtflops: 0.03  [35mmfu: 0.00%[39m
[titan] 2026-09-21 05:56:36,978 - torchtitan.observability.metrics - INFO - [31mstep: 80  [32mloss: -1.00000  [38;2;180;60;0mgrad_norm:  0.9208  [38;2;54;234;195mmemory:  0.57GiB(0.41%)  [34mtps: 194  [36mtflops: 0.03  [35mmfu: 0.00%[39m
GNREPR r1 81 8.0301898718e-01 0x1.9b254e0000000p-1
GNREPR r0 81 8.0301898718e-01 0x1.9b254e0000000p-1
[titan] 2026-09-21 05:56:39,595 - torchtitan.observability.metrics - INFO - [31mstep: 81  [32mloss:  2.55240  [38;2;180;60;0mgrad_norm:  0.8030  [38;2;54;234;195mmemory:  0.49GiB(0.35%)  [34mtps: 195  [36mtflops: 0.03  [35mmfu: 0.00%[39m
[titan] 2026-09-21 05:56:39,598 - torchtitan.observability.metrics - INFO - [31mstep: 81  [32mloss: -1.00000  [38;2;180;60;0mgrad_norm:  0.8030  [38;2;54;234;195mmemory:  0.57GiB(0.41%)  [34mtps: 195  [36mtflops: 0.03  [35mmfu: 0.00%[39m
GNREPR r1 82 6.7808979750e-01 0x1.5b2e960000000p-1
GNREPR r0 82 6.7808979750e-01 0x1.5b2e960000000p-1
[titan] 2026-09-21 05:56:42,238 - torchtitan.observability.metrics - INFO - [31mstep: 82  [32mloss:  2.46175  [38;2;180;60;0mgrad_norm:  0.6781  [38;2;54;234;195mmemory:  0.49GiB(0.35%)  [34mtps: 194  [36mtflops: 0.03  [35mmfu: 0.00%[39m
[titan] 2026-09-21 05:56:42,242 - torchtitan.observability.metrics - INFO - [31mstep: 82  [32mloss: -1.00000  [38;2;180;60;0mgrad_norm:  0.6781  [38;2;54;234;195mmemory:  0.57GiB(0.41%)  [34mtps: 194  [36mtflops: 0.03  [35mmfu: 0.00%[39m
GNREPR r1 83 8.7961715460e-01 0x1.c25d2e0000000p-1
GNREPR r0 83 8.7961715460e-01 0x1.c25d2e0000000p-1
[titan] 2026-09-21 05:56:44,835 - torchtitan.observability.metrics - INFO - [31mstep: 83  [32mloss:  2.45480  [38;2;180;60;0mgrad_norm:  0.8796  [38;2;54;234;195mmemory:  0.49GiB(0.35%)  [34mtps: 197  [36mtflops: 0.03  [35mmfu: 0.00%[39m
[titan] 2026-09-21 05:56:44,838 - torchtitan.observability.metrics - INFO - [31mstep: 83  [32mloss: -1.00000  [38;2;180;60;0mgrad_norm:  0.8796  [38;2;54;234;195mmemory:  0.57GiB(0.41%)  [34mtps: 197  [36mtflops: 0.03  [35mmfu: 0.00%[39m
GNREPR r1 84 7.6608788967e-01 0x1.883cac0000000p-1
GNREPR r0 84 7.6608788967e-01 0x1.883cac0000000p-1
[titan] 2026-09-21 05:56:47,455 - torchtitan.observability.metrics - INFO - [31mstep: 84  [32mloss:  2.63891  [38;2;180;60;0mgrad_norm:  0.7661  [38;2;54;234;195mmemory:  0.49GiB(0.35%)  [34mtps: 195  [36mtflops: 0.03  [35mmfu: 0.00%[39m
[titan] 2026-09-21 05:56:47,458 - torchtitan.observability.metrics - INFO - [31mstep: 84  [32mloss: -1.00000  [38;2;180;60;0mgrad_norm:  0.7661  [38;2;54;234;195mmemory:  0.57GiB(0.41%)  [34mtps: 195  [36mtflops: 0.03  [35mmfu: 0.00%[39m
GNREPR r1 85 1.0091606379e+00 0x1.02585a0000000p+0
GNREPR r0 85 1.0091606379e+00 0x1.02585a0000000p+0
[titan] 2026-09-21 05:56:50,055 - torchtitan.observability.metrics - INFO - [31mstep: 85  [32mloss: -1.00000  [38;2;180;60;0mgrad_norm:  1.0092  [38;2;54;234;195mmemory:  0.57GiB(0.41%)  [34mtps: 197  [36mtflops: 0.03  [35mmfu: 0.00%[39m
[titan] 2026-09-21 05:56:50,055 - torchtitan.observability.metrics - INFO - [31mstep: 85  [32mloss:  2.51860  [38;2;180;60;0mgrad_norm:  1.0092  [38;2;54;234;195mmemory:  0.49GiB(0.35%)  [34mtps: 197  [36mtflops: 0.03  [35mmfu: 0.00%[39m
GNREPR r0 86 8.1837427616e-01 0x1.a301f40000000p-1GNREPR r1 86 8.1837427616e-01 0x1.a301f40000000p-1

[titan] 2026-09-21 05:56:52,645 - torchtitan.observability.metrics - INFO - [31mstep: 86  [32mloss:  2.48252  [38;2;180;60;0mgrad_norm:  0.8184  [38;2;54;234;195mmemory:  0.49GiB(0.35%)  [34mtps: 198  [36mtflops: 0.03  [35mmfu: 0.00%[39m
[titan] 2026-09-21 05:56:52,647 - torchtitan.observability.metrics - INFO - [31mstep: 86  [32mloss: -1.00000  [38;2;180;60;0mgrad_norm:  0.8184  [38;2;54;234;195mmemory:  0.57GiB(0.41%)  [34mtps: 198  [36mtflops: 0.03  [35mmfu: 0.00%[39m
GNREPR r1 87 8.2236403227e-01 0x1.a50ce60000000p-1
GNREPR r0 87 8.2236403227e-01 0x1.a50ce60000000p-1
[titan] 2026-09-21 05:56:55,194 - torchtitan.observability.metrics - INFO - [31mstep: 87  [32mloss:  2.54062  [38;2;180;60;0mgrad_norm:  0.8224  [38;2;54;234;195mmemory:  0.49GiB(0.35%)  [34mtps: 201  [36mtflops: 0.03  [35mmfu: 0.00%[39m
[titan] 2026-09-21 05:56:55,198 - torchtitan.observability.metrics - INFO - [31mstep: 87  [32mloss: -1.00000  [38;2;180;60;0mgrad_norm:  0.8224  [38;2;54;234;195mmemory:  0.57GiB(0.41%)  [34mtps: 201  [36mtflops: 0.03  [35mmfu: 0.00%[39m
GNREPR r1 88 7.6636421680e-01 0x1.8860e40000000p-1
GNREPR r0 88 7.6636421680e-01 0x1.8860e40000000p-1
[titan] 2026-09-21 05:56:57,772 - torchtitan.observability.metrics - INFO - [31mstep: 88  [32mloss:  2.60627  [38;2;180;60;0mgrad_norm:  0.7664  [38;2;54;234;195mmemory:  0.49GiB(0.35%)  [34mtps: 199  [36mtflops: 0.03  [35mmfu: 0.00%[39m
[titan] 2026-09-21 05:56:57,776 - torchtitan.observability.metrics - INFO - [31mstep: 88  [32mloss: -1.00000  [38;2;180;60;0mgrad_norm:  0.7664  [38;2;54;234;195mmemory:  0.57GiB(0.41%)  [34mtps: 199  [36mtflops: 0.03  [35mmfu: 0.00%[39m
GNREPR r1 89 9.0095692873e-01 0x1.cd4a3a0000000p-1
GNREPR r0 89 9.0095692873e-01 0x1.cd4a3a0000000p-1
[titan] 2026-09-21 05:57:00,391 - torchtitan.observability.metrics - INFO - [31mstep: 89  [32mloss:  2.63034  [38;2;180;60;0mgrad_norm:  0.9010  [38;2;54;234;195mmemory:  0.49GiB(0.35%)  [34mtps: 196  [36mtflops: 0.03  [35mmfu: 0.00%[39m
[titan] 2026-09-21 05:57:00,395 - torchtitan.observability.metrics - INFO - [31mstep: 89  [32mloss: -1.00000  [38;2;180;60;0mgrad_norm:  0.9010  [38;2;54;234;195mmemory:  0.57GiB(0.41%)  [34mtps: 196  [36mtflops: 0.03  [35mmfu: 0.00%[39m
GNREPR r1 90 7.8989118338e-01 0x1.946c9e0000000p-1
GNREPR r0 90 7.8989118338e-01 0x1.946c9e0000000p-1
[titan] 2026-09-21 05:57:02,994 - torchtitan.observability.metrics - INFO - [31mstep: 90  [32mloss: -1.00000  [38;2;180;60;0mgrad_norm:  0.7899  [38;2;54;234;195mmemory:  0.57GiB(0.41%)  [34mtps: 197  [36mtflops: 0.03  [35mmfu: 0.00%[39m
[titan] 2026-09-21 05:57:02,995 - torchtitan.observability.metrics - INFO - [31mstep: 90  [32mloss:  2.46262  [38;2;180;60;0mgrad_norm:  0.7899  [38;2;54;234;195mmemory:  0.49GiB(0.35%)  [34mtps: 197  [36mtflops: 0.03  [35mmfu: 0.00%[39m
GNREPR r0 91 8.9227527380e-01 0x1.c8d84e0000000p-1GNREPR r1 91 8.9227527380e-01 0x1.c8d84e0000000p-1

[titan] 2026-09-21 05:57:05,609 - torchtitan.observability.metrics - INFO - [31mstep: 91  [32mloss:  2.56960  [38;2;180;60;0mgrad_norm:  0.8923  [38;2;54;234;195mmemory:  0.49GiB(0.35%)  [34mtps: 196  [36mtflops: 0.03  [35mmfu: 0.00%[39m
[titan] 2026-09-21 05:57:05,611 - torchtitan.observability.metrics - INFO - [31mstep: 91  [32mloss: -1.00000  [38;2;180;60;0mgrad_norm:  0.8923  [38;2;54;234;195mmemory:  0.57GiB(0.41%)  [34mtps: 196  [36mtflops: 0.03  [35mmfu: 0.00%[39m
GNREPR r1 92 8.2868707180e-01 0x1.a849ac0000000p-1
GNREPR r0 92 8.2868707180e-01 0x1.a849ac0000000p-1
[titan] 2026-09-21 05:57:08,188 - torchtitan.observability.metrics - INFO - [31mstep: 92  [32mloss:  2.58555  [38;2;180;60;0mgrad_norm:  0.8287  [38;2;54;234;195mmemory:  0.49GiB(0.35%)  [34mtps: 199  [36mtflops: 0.03  [35mmfu: 0.00%[39m
[titan] 2026-09-21 05:57:08,191 - torchtitan.observability.metrics - INFO - [31mstep: 92  [32mloss: -1.00000  [38;2;180;60;0mgrad_norm:  0.8287  [38;2;54;234;195mmemory:  0.57GiB(0.41%)  [34mtps: 198  [36mtflops: 0.03  [35mmfu: 0.00%[39m
GNREPR r0 93 8.4476357698e-01 0x1.b084da0000000p-1GNREPR r1 93 8.4476357698e-01 0x1.b084da0000000p-1

[titan] 2026-09-21 05:57:10,781 - torchtitan.observability.metrics - INFO - [31mstep: 93  [32mloss:  2.78650  [38;2;180;60;0mgrad_norm:  0.8448  [38;2;54;234;195mmemory:  0.49GiB(0.35%)  [34mtps: 198  [36mtflops: 0.03  [35mmfu: 0.00%[39m
[titan] 2026-09-21 05:57:10,781 - torchtitan.observability.metrics - INFO - [31mstep: 93  [32mloss: -1.00000  [38;2;180;60;0mgrad_norm:  0.8448  [38;2;54;234;195mmemory:  0.57GiB(0.41%)  [34mtps: 198  [36mtflops: 0.03  [35mmfu: 0.00%[39m
GNREPR r0 94 7.1742480993e-01 0x1.6f524e0000000p-1
GNREPR r1 94 7.1742480993e-01 0x1.6f524e0000000p-1
[titan] 2026-09-21 05:57:13,365 - torchtitan.observability.metrics - INFO - [31mstep: 94  [32mloss: -1.00000  [38;2;180;60;0mgrad_norm:  0.7174  [38;2;54;234;195mmemory:  0.57GiB(0.41%)  [34mtps: 198  [36mtflops: 0.03  [35mmfu: 0.00%[39m
[titan] 2026-09-21 05:57:13,367 - torchtitan.observability.metrics - INFO - [31mstep: 94  [32mloss:  2.40615  [38;2;180;60;0mgrad_norm:  0.7174  [38;2;54;234;195mmemory:  0.49GiB(0.35%)  [34mtps: 198  [36mtflops: 0.03  [35mmfu: 0.00%[39m
GNREPR r1 95 7.0722299814e-01 0x1.6a19220000000p-1
GNREPR r0 95 7.0722299814e-01 0x1.6a19220000000p-1
[titan] 2026-09-21 05:57:15,964 - torchtitan.observability.metrics - INFO - [31mstep: 95  [32mloss: -1.00000  [38;2;180;60;0mgrad_norm:  0.7072  [38;2;54;234;195mmemory:  0.57GiB(0.41%)  [34mtps: 197  [36mtflops: 0.03  [35mmfu: 0.00%[39m
[titan] 2026-09-21 05:57:15,964 - torchtitan.observability.metrics - INFO - [31mstep: 95  [32mloss:  2.50249  [38;2;180;60;0mgrad_norm:  0.7072  [38;2;54;234;195mmemory:  0.49GiB(0.35%)  [34mtps: 197  [36mtflops: 0.03  [35mmfu: 0.00%[39m
GNREPR r0 96 7.6400578022e-01 0x1.872bc40000000p-1
GNREPR r1 96 7.6400578022e-01 0x1.872bc40000000p-1
[titan] 2026-09-21 05:57:18,511 - torchtitan.observability.metrics - INFO - [31mstep: 96  [32mloss:  2.52348  [38;2;180;60;0mgrad_norm:  0.7640  [38;2;54;234;195mmemory:  0.49GiB(0.35%)  [34mtps: 201  [36mtflops: 0.03  [35mmfu: 0.00%[39m
[titan] 2026-09-21 05:57:18,512 - torchtitan.observability.metrics - INFO - [31mstep: 96  [32mloss: -1.00000  [38;2;180;60;0mgrad_norm:  0.7640  [38;2;54;234;195mmemory:  0.57GiB(0.41%)  [34mtps: 201  [36mtflops: 0.03  [35mmfu: 0.00%[39m
GNREPR r1 97 9.9410355091e-01 0x1.fcfb240000000p-1
GNREPR r0 97 9.9410355091e-01 0x1.fcfb240000000p-1
[titan] 2026-09-21 05:57:21,072 - torchtitan.observability.metrics - INFO - [31mstep: 97  [32mloss:  2.34723  [38;2;180;60;0mgrad_norm:  0.9941  [38;2;54;234;195mmemory:  0.49GiB(0.35%)  [34mtps: 200  [36mtflops: 0.03  [35mmfu: 0.00%[39m
[titan] 2026-09-21 05:57:21,076 - torchtitan.observability.metrics - INFO - [31mstep: 97  [32mloss: -1.00000  [38;2;180;60;0mgrad_norm:  0.9941  [38;2;54;234;195mmemory:  0.57GiB(0.41%)  [34mtps: 200  [36mtflops: 0.03  [35mmfu: 0.00%[39m
GNREPR r1 98 6.8615293503e-01 0x1.5f4f700000000p-1
GNREPR r0 98 6.8615293503e-01 0x1.5f4f700000000p-1
[titan] 2026-09-21 05:57:23,705 - torchtitan.observability.metrics - INFO - [31mstep: 98  [32mloss:  2.42813  [38;2;180;60;0mgrad_norm:  0.6862  [38;2;54;234;195mmemory:  0.49GiB(0.35%)  [34mtps: 194  [36mtflops: 0.03  [35mmfu: 0.00%[39m
[titan] 2026-09-21 05:57:23,709 - torchtitan.observability.metrics - INFO - [31mstep: 98  [32mloss: -1.00000  [38;2;180;60;0mgrad_norm:  0.6862  [38;2;54;234;195mmemory:  0.57GiB(0.41%)  [34mtps: 194  [36mtflops: 0.03  [35mmfu: 0.00%[39m
GNREPR r1 99 6.8658214808e-01 0x1.5f87b20000000p-1
GNREPR r0 99 6.8658214808e-01 0x1.5f87b20000000p-1
[titan] 2026-09-21 05:57:26,283 - torchtitan.observability.metrics - INFO - [31mstep: 99  [32mloss:  2.66257  [38;2;180;60;0mgrad_norm:  0.6866  [38;2;54;234;195mmemory:  0.49GiB(0.35%)  [34mtps: 199  [36mtflops: 0.03  [35mmfu: 0.00%[39m
[titan] 2026-09-21 05:57:26,284 - torchtitan.observability.metrics - INFO - [31mstep: 99  [32mloss: -1.00000  [38;2;180;60;0mgrad_norm:  0.6866  [38;2;54;234;195mmemory:  0.57GiB(0.41%)  [34mtps: 199  [36mtflops: 0.03  [35mmfu: 0.00%[39m
[titan] 2026-09-21 05:57:26,908 - torchtitan.tools.utils - INFO - [GC] Performing periodic GC collection took 0.62 seconds
[titan] 2026-09-21 05:57:27,047 - torchtitan.tools.utils - INFO - [GC] Performing periodic GC collection took 0.75 seconds
GNREPR r0 100 8.6134612560e-01 0x1.b9025c0000000p-1
GNREPR r1 100 8.6134612560e-01 0x1.b9025c0000000p-1
[titan] 2026-09-21 05:57:29,612 - torchtitan.observability.metrics - INFO - [31mstep: 100  [32mloss:  2.49974  [38;2;180;60;0mgrad_norm:  0.8613  [38;2;54;234;195mmemory:  0.49GiB(0.35%)  [34mtps: 154  [36mtflops: 0.02  [35mmfu: 0.00%[39m
[titan] 2026-09-21 05:57:29,612 - torchtitan.components.checkpointer.dcp - INFO - Saving the checkpointer.
[titan] 2026-09-21 05:57:29,613 - torchtitan.observability.metrics - INFO - [31mstep: 100  [32mloss: -1.00000  [38;2;180;60;0mgrad_norm:  0.8613  [38;2;54;234;195mmemory:  0.57GiB(0.41%)  [34mtps: 154  [36mtflops: 0.02  [35mmfu: 0.00%[39m
[titan] 2026-09-21 05:57:29,613 - torchtitan.components.checkpointer.dcp - INFO - Saving the checkpointer.
[titan] 2026-09-21 05:57:29,618 - torchtitan.components.checkpointer.dcp - INFO - Saving a model only checkpoint in torch.float32 at last step, step 100.
[titan] 2026-09-21 05:57:29,619 - torchtitan.components.checkpointer.dcp - INFO - Saving a model only checkpoint in torch.float32 at last step, step 100.
[titan] 2026-09-21 05:57:29,863 - torchtitan.tools.utils - INFO - [GC] GC collection invoked by checkpointer. took 0.02 seconds
[titan] 2026-09-21 05:57:29,863 - torchtitan.components.checkpointer.dcp - INFO - Last step checkpoint completed in 0.25s
[titan] 2026-09-21 05:57:29,864 - torchtitan.trainer - INFO - Sleeping 2 seconds for other ranks to complete
[titan] 2026-09-21 05:57:29,867 - torchtitan.tools.utils - INFO - [GC] GC collection invoked by checkpointer. took 0.01 seconds
[titan] 2026-09-21 05:57:29,867 - torchtitan.components.checkpointer.dcp - INFO - Last step checkpoint completed in 0.26s
[titan] 2026-09-21 05:57:29,868 - torchtitan.trainer - INFO - Training completed
[titan] 2026-09-21 05:57:29,874 - torchtitan.components.checkpointer.base - INFO - Destroying the purge thread.
[titan] 2026-09-21 05:57:31,864 - torchtitan.trainer - INFO - Training completed
[titan] 2026-09-21 05:57:31,872 - torchtitan.components.checkpointer.base - INFO - Destroying the purge thread.
[titan] 2026-09-21 05:57:32,459 - __main__ - INFO - Process group destroyed
[titan] 2026-09-21 05:57:32,647 - __main__ - INFO - Process group destroyed
