W0921 05:50:08.036000 33666 torch/distributed/run.py:982] 
W0921 05:50:08.036000 33666 torch/distributed/run.py:982] *****************************************
W0921 05:50:08.036000 33666 torch/distributed/run.py:982] Setting OMP_NUM_THREADS environment variable for each process to be 1 in default, to avoid your system being overloaded, please further tune the variable for optimal performance in your application as needed. 
W0921 05:50:08.036000 33666 torch/distributed/run.py:982] *****************************************
WARNING:absl:Failed to load jax profiler: No module named 'jax'
WARNING:absl:Failed to load jax profiler: No module named 'jax'
[titan] 2026-09-21 05:50:13,171 - __main__ - INFO - torchtitan version: 0.0.0+unknown (0.0.0 means __version__ is not defined correctly).
[titan] 2026-09-21 05:50:13,239 - __main__ - INFO - torchtitan version: 0.0.0+unknown (0.0.0 means __version__ is not defined correctly).
[titan] 2026-09-21 05:50:13,807 - torchtitan.components.checkpointer.base - WARNING - initial_load_model_only=True has no effect without an initial_load_path.
[titan] 2026-09-21 05:50:13,880 - torchtitan.components.checkpointer.base - WARNING - initial_load_model_only=True has no effect without an initial_load_path.
[titan] 2026-09-21 05:50:13,889 - torchtitan.components.checkpointer.base - WARNING - initial_load_model_only=True has no effect without an initial_load_path.
[titan] 2026-09-21 05:50:13,892 - torchtitan.observability.structured_logger.jsonl_handler - INFO - Structured logging -> JSONL: /workspace/results/pp_r3_locate/vp2n_xn/structured_logs/training.global_rank_1.20260921-055013-F6QC0X.jsonl
[titan] 2026-09-21 05:50:13,964 - torchtitan.components.checkpointer.base - WARNING - initial_load_model_only=True has no effect without an initial_load_path.
[titan] 2026-09-21 05:50:13,966 - torchtitan.observability.structured_logger.jsonl_handler - INFO - Structured logging -> JSONL: /workspace/results/pp_r3_locate/vp2n_xn/structured_logs/training.global_rank_0.20260921-055013-6I4S1L.jsonl
[titan] 2026-09-21 05:50:14,318 - torchtitan.distributed.utils - WARNING - ENV[TORCH_NCCL_ASYNC_ERROR_HANDLING] = 1 will be overridden to 3 based on job config
[titan] 2026-09-21 05:50:14,342 - torchtitan.distributed.utils - WARNING - ENV[TORCH_NCCL_ASYNC_ERROR_HANDLING] = 1 will be overridden to 3 based on job config
[titan] 2026-09-21 05:50:15,154 - torchtitan.tools.utils - INFO - [GC] Initial GC collection took 0.00 seconds
[titan] 2026-09-21 05:50:15,154 - torchtitan.distributed.utils - INFO - Deterministic algorithm enabled (expect perf degradation).
[titan] 2026-09-21 05:50:15,155 - torchtitan.tools.utils - INFO - [GC] Initial GC collection took 0.00 seconds
[titan] 2026-09-21 05:50:15,155 - torchtitan.distributed.utils - INFO - Deterministic algorithm enabled (expect perf degradation).
[titan] 2026-09-21 05:50:15,168 - torchtitan.distributed.parallel_dims - INFO - Building device mesh with parallelism: pp=2, dp_replicate=1, dp_shard=1, cp=1, tp=1, ep=1
[titan] 2026-09-21 05:50:15,168 - torchtitan.distributed.parallel_dims - INFO - Building device mesh with parallelism: pp=2, dp_replicate=1, dp_shard=1, cp=1, tp=1, ep=1
[titan] 2026-09-21 05:50:15,588 - torchtitan.distributed.parallel_dims - INFO - Successfully created meshes with active dimensions: ['pp']
[titan] 2026-09-21 05:50:15,588 - torchtitan.distributed.parallel_dims - INFO - Successfully created meshes with active dimensions: ['pp']
[titan] 2026-09-21 05:50:15,590 - torchtitan.observability.metrics - INFO - CUDA capacity: NVIDIA H200 with 139.80GiB memory
[titan] 2026-09-21 05:50:15,590 - torchtitan.observability.metrics - INFO - CUDA capacity: NVIDIA H200 with 139.80GiB memory
[titan] 2026-09-21 05:50:15,602 - torchtitan.tools.utils - WARNING - Error running lspci: [Errno 2] No such file or directory: 'lspci', fallback to use device_name
[titan] 2026-09-21 05:50:15,603 - torchtitan.tools.utils - WARNING - Error running lspci: [Errno 2] No such file or directory: 'lspci', fallback to use device_name
[titan] 2026-09-21 05:50:15,603 - torchtitan.components.tokenizer - INFO - Loading tokenizer from tokenizer.json
[titan] 2026-09-21 05:50:15,603 - torchtitan.components.tokenizer - INFO - Loading tokenizer from tokenizer.json
[titan] 2026-09-21 05:50:16,327 - httpx - INFO - HTTP Request: HEAD https://s3.amazonaws.com/datasets.huggingface.co/datasets/datasets/json/json.py "HTTP/1.1 200 OK"
[titan] 2026-09-21 05:50:16,335 - torchtitan.protocols.state_dict_adapter - WARNING - model.safetensors.index.json not found at hf_assets_path: ./tests/assets/tokenizer/model.safetensors.index.json.                     Defaulting to saving a single safetensors file if checkpoint is saved in HF format
[titan] 2026-09-21 05:50:16,359 - httpx - INFO - HTTP Request: HEAD https://s3.amazonaws.com/datasets.huggingface.co/datasets/datasets/json/json.py "HTTP/1.1 200 OK"
[titan] 2026-09-21 05:50:16,368 - torchtitan.protocols.state_dict_adapter - WARNING - model.safetensors.index.json not found at hf_assets_path: ./tests/assets/tokenizer/model.safetensors.index.json.                     Defaulting to saving a single safetensors file if checkpoint is saved in HF format
[titan] 2026-09-21 05:50:16,445 - torchtitan.models.utils - INFO - Total parameter count: 25,776,880, active parameters: 17,236,208
[titan] 2026-09-21 05:50:16,480 - torchtitan.models.utils - INFO - Total parameter count: 25,776,880, active parameters: 17,236,208
[rank1]:W0921 05:50:16.513000 33802 torch/_logging/_internal.py:1394] Pipeline parallelism is using an eager NCCL communicator. Consider creating its process group with backend="nccl-lazy" so peer communicators are initialized lazily and traffic to different peers can overlap.
[titan] 2026-09-21 05:50:16,514 - torchtitan.distributed.pipeline_parallel - INFO - PP rank 1 is building stage_idx 1 with modules ['layers.4', 'layers.5', 'layers.6', 'layers.7', 'layers.8']
[rank0]:W0921 05:50:16.548000 33801 torch/_logging/_internal.py:1394] Pipeline parallelism is using an eager NCCL communicator. Consider creating its process group with backend="nccl-lazy" so peer communicators are initialized lazily and traffic to different peers can overlap.
[titan] 2026-09-21 05:50:16,548 - torchtitan.distributed.pipeline_parallel - INFO - PP rank 0 is building stage_idx 0 with modules ['vision_encoder', 'tok_embeddings', 'layers.0', 'layers.1', 'layers.2', 'layers.3']
[titan] 2026-09-21 05:50:16,579 - torchtitan.distributed.pipeline_parallel - INFO - PP rank 1 is building stage_idx 3 with modules ['layers.14', 'layers.15', 'layers.16', 'norm', 'lm_head', 'output_res_proj', 'output_res_norm']
[titan] 2026-09-21 05:50:16,602 - torchtitan.distributed.activation_checkpoint - INFO - Applied SelectiveAC activation checkpointing to the model
[titan] 2026-09-21 05:50:16,614 - torchtitan.distributed.pipeline_parallel - INFO - PP rank 0 is building stage_idx 2 with modules ['layers.9', 'layers.10', 'layers.11', 'layers.12', 'layers.13']
[titan] 2026-09-21 05:50:16,636 - torchtitan.distributed.activation_checkpoint - INFO - Applied SelectiveAC activation checkpointing to the model
[titan] 2026-09-21 05:50:16,636 - torchtitan.distributed.activation_checkpoint - INFO - Applied SelectiveAC activation checkpointing to the model
[titan] 2026-09-21 05:50:16,659 - torchtitan.distributed.fsdp - INFO - Applied FSDP to the model
[titan] 2026-09-21 05:50:16,669 - torchtitan.distributed.activation_checkpoint - INFO - Applied SelectiveAC activation checkpointing to the model
[titan] 2026-09-21 05:50:16,682 - torchtitan.distributed.fsdp - INFO - Applied FSDP to the model
[titan] 2026-09-21 05:50:16,683 - torchtitan.distributed.pipeline_parallel - INFO - Using pipeline schedule Interleaved1F1B with 4 microbatches and 4 stages.
[titan] 2026-09-21 05:50:16,683 - torchtitan.models.kimi_k3.pipeline_parallel - INFO - Kimi K3 pipeline: 2 stage(s) on this rank [1, 3], block transport whole stack every hop
[titan] 2026-09-21 05:50:16,702 - torchtitan.distributed.fsdp - INFO - Applied FSDP to the model
[titan] 2026-09-21 05:50:16,719 - torchtitan.distributed.activation_checkpoint - INFO - Applied SelectiveAC activation checkpointing to the model
[titan] 2026-09-21 05:50:16,738 - torchtitan.distributed.fsdp - INFO - Applied FSDP to the model
[titan] 2026-09-21 05:50:16,739 - torchtitan.distributed.pipeline_parallel - INFO - Using pipeline schedule Interleaved1F1B with 4 microbatches and 4 stages.
[titan] 2026-09-21 05:50:16,739 - torchtitan.models.kimi_k3.pipeline_parallel - INFO - Kimi K3 pipeline: 2 stage(s) on this rank [0, 2], block transport whole stack every hop
[rank1]:W0921 05:50:17.012000 33802 torch/distributed/tensor/_random.py:215] DTensor is synchronizing RNG states of every rank with the state from rank 0. This behavior is deprecated. Please call `torch.manual_seed()` on every rank that participates in SPMD DTensor Operations with the same seed. If using Pipeline Parallelism, each pipeline state would use a different seed, but all ranks belonging to one pipeline stage would use the same seed.
[titan] 2026-09-21 05:50:17,300 - torchtitan.training_engine - INFO - Model kimi_k3 debugmodel size: 25,776,880 total parameters
[titan] 2026-09-21 05:50:17,301 - torchtitan.components.optimizer.optimizer - INFO - Optimizer AdamW (model_part=0): 139 params [.*] {'fused': True, 'foreach': False, 'lr': 0.0008, 'betas': (0.9, 0.95), 'eps': 1e-08, 'weight_decay': 0.1}
[titan] 2026-09-21 05:50:17,301 - torchtitan.components.optimizer.optimizer - INFO - Optimizer AdamW (model_part=1): 79 params [.*] {'fused': True, 'foreach': False, 'lr': 0.0008, 'betas': (0.9, 0.95), 'eps': 1e-08, 'weight_decay': 0.1}
[titan] 2026-09-21 05:50:17,303 - torchtitan.components.checkpointer.base - WARNING - initial_load_model_only=True has no effect without an initial_load_path.
[titan] 2026-09-21 05:50:17,323 - torchtitan.components.checkpointer.dcp - INFO - Checkpointing active. Checkpoints will be loaded from and saved to /workspace/results/pp_r3_locate/vp2n_xn/checkpoint
[titan] 2026-09-21 05:50:17,324 - torchtitan.observability.metrics - WARNING - [31mPipeline Parallel loss is not visible. Please add [33mrank 1[31m to LOG_RANK environment variable in run_train.sh.[39m
[titan] 2026-09-21 05:50:17,324 - torchtitan.trainer - INFO - Peak FLOPS used for computing MFU: 9.890e+14
[titan] 2026-09-21 05:50:17,324 - torchtitan.trainer - INFO - CUDA memory usage for model: 0.06GiB(0.04%)
[titan] 2026-09-21 05:50:17,324 - torchtitan.trainer - INFO - Trainer is initialized with 1024 tokens per DP rank, 1024 tokens per train step, gradient accumulation steps 1, maximum context length 2048, total steps 100 (warmup 2)
[titan] 2026-09-21 05:50:17,324 - torchtitan.components.checkpointer.base - INFO - Loading the checkpoint from /workspace/results/pp_r3_locate/vp2n_xn/checkpoint/step-0.
[titan] 2026-09-21 05:50:17,421 - torchtitan.training_engine - INFO - Model kimi_k3 debugmodel size: 25,776,880 total parameters
[titan] 2026-09-21 05:50:17,422 - torchtitan.components.optimizer.optimizer - INFO - Optimizer AdamW (model_part=0): 124 params [.*] {'fused': True, 'foreach': False, 'lr': 0.0008, 'betas': (0.9, 0.95), 'eps': 1e-08, 'weight_decay': 0.1}
[titan] 2026-09-21 05:50:17,423 - torchtitan.components.optimizer.optimizer - INFO - Optimizer AdamW (model_part=1): 139 params [.*] {'fused': True, 'foreach': False, 'lr': 0.0008, 'betas': (0.9, 0.95), 'eps': 1e-08, 'weight_decay': 0.1}
[titan] 2026-09-21 05:50:17,424 - torchtitan.components.checkpointer.base - WARNING - initial_load_model_only=True has no effect without an initial_load_path.
[titan] 2026-09-21 05:50:17,447 - torchtitan.components.checkpointer.dcp - INFO - Checkpointing active. Checkpoints will be loaded from and saved to /workspace/results/pp_r3_locate/vp2n_xn/checkpoint
[titan] 2026-09-21 05:50:17,448 - torchtitan.observability.metrics - WARNING - [31mPipeline Parallel loss is not visible. Please add [33mrank 1[31m to LOG_RANK environment variable in run_train.sh.[39m
[titan] 2026-09-21 05:50:17,448 - torchtitan.trainer - INFO - Peak FLOPS used for computing MFU: 9.890e+14
[titan] 2026-09-21 05:50:17,448 - torchtitan.trainer - INFO - CUDA memory usage for model: 0.07GiB(0.05%)
[titan] 2026-09-21 05:50:17,448 - torchtitan.trainer - INFO - Trainer is initialized with 1024 tokens per DP rank, 1024 tokens per train step, gradient accumulation steps 1, maximum context length 2048, total steps 100 (warmup 2)
[titan] 2026-09-21 05:50:17,448 - torchtitan.components.checkpointer.base - INFO - Loading the checkpoint from /workspace/results/pp_r3_locate/vp2n_xn/checkpoint/step-0.
[titan] 2026-09-21 05:50:17,890 - torchtitan.tools.utils - INFO - [GC] GC collection for checkpoint loading. took 0.01 seconds
[titan] 2026-09-21 05:50:17,890 - torchtitan.components.checkpointer.base - INFO - Finished loading the checkpoint in 0.57 seconds.
[titan] 2026-09-21 05:50:17,891 - torchtitan.trainer - INFO - Training starts at step 1
[titan] 2026-09-21 05:50:17,899 - torchtitan.tools.utils - INFO - [GC] GC collection for checkpoint loading. took 0.01 seconds
[titan] 2026-09-21 05:50:17,900 - torchtitan.components.checkpointer.base - INFO - Finished loading the checkpoint in 0.45 seconds.
[titan] 2026-09-21 05:50:17,900 - torchtitan.trainer - INFO - Training starts at step 1
/workspace/venv_k3/lib/python3.12/site-packages/torch/distributed/fsdp/_fully_shard/_fsdp_state.py:336: UserWarning: FSDP2-wrapped module (FSDPCheckpointWrapper) returned a view tensor. An in-place op on this view (e.g., `x += y`) will silently drop the pre-backward hook and skip the all-gather, which can cause backward to fail or produce wrong gradients. Use out-of-place ops (`out = out + y`, not `out += y`) or `.clone()` the output before any in-place op.
  output = self._register_pre_backward_hook(output)
/workspace/venv_k3/lib/python3.12/site-packages/torch/distributed/fsdp/_fully_shard/_fsdp_state.py:336: UserWarning: FSDP2-wrapped module (FSDPCheckpointWrapper) returned a view tensor. An in-place op on this view (e.g., `x += y`) will silently drop the pre-backward hook and skip the all-gather, which can cause backward to fail or produce wrong gradients. Use out-of-place ops (`out = out + y`, not `out += y`) or `.clone()` the output before any in-place op.
  output = self._register_pre_backward_hook(output)
/workspace/venv_k3/lib/python3.12/site-packages/torch/distributed/fsdp/_fully_shard/_fsdp_state.py:336: UserWarning: FSDP2-wrapped module (FSDPKimiK3Model) returned a view tensor. An in-place op on this view (e.g., `x += y`) will silently drop the pre-backward hook and skip the all-gather, which can cause backward to fail or produce wrong gradients. Use out-of-place ops (`out = out + y`, not `out += y`) or `.clone()` the output before any in-place op.
  output = self._register_pre_backward_hook(output)
/workspace/venv_k3/lib/python3.12/site-packages/torch/distributed/fsdp/_fully_shard/_fsdp_state.py:336: UserWarning: FSDP2-wrapped module (FSDPCheckpointWrapper) returned a view tensor. An in-place op on this view (e.g., `x += y`) will silently drop the pre-backward hook and skip the all-gather, which can cause backward to fail or produce wrong gradients. Use out-of-place ops (`out = out + y`, not `out += y`) or `.clone()` the output before any in-place op.
  output = self._register_pre_backward_hook(output)
/workspace/venv_k3/lib/python3.12/site-packages/torch/distributed/fsdp/_fully_shard/_fsdp_state.py:336: UserWarning: FSDP2-wrapped module (FSDPCheckpointWrapper) returned a view tensor. An in-place op on this view (e.g., `x += y`) will silently drop the pre-backward hook and skip the all-gather, which can cause backward to fail or produce wrong gradients. Use out-of-place ops (`out = out + y`, not `out += y`) or `.clone()` the output before any in-place op.
  output = self._register_pre_backward_hook(output)
LOSSREPR r1 0 2.0254001617e+00 0x1.0340500000000p+1
LOSSREPR r1 1 2.0280539989e+00 0x1.0397460000000p+1
LOSSREPR r1 2 1.9907834530e+00 0x1.fda3fc0000000p+0
LOSSREPR r1 3 2.0110585690e+00 0x1.016a5e0000000p+1
GNREPR r1 1 2.1550645828e+00 0x1.13d9280000000p+1
GNREPR r0 1 2.1550645828e+00 0x1.13d9280000000p+1
[titan] 2026-09-21 05:50:26,924 - torchtitan.observability.metrics - INFO - [31mstep:  1  [32mloss:  8.05530  [38;2;180;60;0mgrad_norm:  2.1551  [38;2;54;234;195mmemory:  0.42GiB(0.30%)  [34mtps: 45  [36mtflops: 0.01  [35mmfu: 0.00%[39m
[titan] 2026-09-21 05:50:26,925 - torchtitan.distributed.utils - INFO - Synchronizing and adjusting timeout for all ProcessGroups to 0:01:40
[titan] 2026-09-21 05:50:27,003 - torchtitan.observability.metrics - INFO - [31mstep:  1  [32mloss: -1.00000  [38;2;180;60;0mgrad_norm:  2.1551  [38;2;54;234;195mmemory:  0.49GiB(0.35%)  [34mtps: 45  [36mtflops: 0.01  [35mmfu: 0.00%[39m
[titan] 2026-09-21 05:50:27,004 - torchtitan.distributed.utils - INFO - Synchronizing and adjusting timeout for all ProcessGroups to 0:01:40
GNREPR r1 2 7.5878825188e+00 0x1.e59fde0000000p+2
GNREPR r0 2 7.5878825188e+00 0x1.e59fde0000000p+2
[titan] 2026-09-21 05:50:29,275 - torchtitan.observability.metrics - INFO - [31mstep:  2  [32mloss:  6.93207  [38;2;180;60;0mgrad_norm:  7.5879  [38;2;54;234;195mmemory:  0.49GiB(0.35%)  [34mtps: 218  [36mtflops: 0.03  [35mmfu: 0.00%[39m
[titan] 2026-09-21 05:50:29,276 - torchtitan.observability.metrics - INFO - [31mstep:  2  [32mloss: -1.00000  [38;2;180;60;0mgrad_norm:  7.5879  [38;2;54;234;195mmemory:  0.58GiB(0.41%)  [34mtps: 225  [36mtflops: 0.04  [35mmfu: 0.00%[39m
GNREPR r0 3 3.4122669697e+00 0x1.b4c52a0000000p+1
GNREPR r1 3 3.4122669697e+00 0x1.b4c52a0000000p+1
[titan] 2026-09-21 05:50:31,529 - torchtitan.observability.metrics - INFO - [31mstep:  3  [32mloss:  5.71794  [38;2;180;60;0mgrad_norm:  3.4123  [38;2;54;234;195mmemory:  0.49GiB(0.35%)  [34mtps: 227  [36mtflops: 0.04  [35mmfu: 0.00%[39m
[titan] 2026-09-21 05:50:31,529 - torchtitan.observability.metrics - INFO - [31mstep:  3  [32mloss: -1.00000  [38;2;180;60;0mgrad_norm:  3.4123  [38;2;54;234;195mmemory:  0.58GiB(0.41%)  [34mtps: 227  [36mtflops: 0.04  [35mmfu: 0.00%[39m
GNREPR r1 4 3.0070307255e+00 0x1.80e6620000000p+1
GNREPR r0 4 3.0070307255e+00 0x1.80e6620000000p+1
[titan] 2026-09-21 05:50:33,784 - torchtitan.observability.metrics - INFO - [31mstep:  4  [32mloss:  5.12776  [38;2;180;60;0mgrad_norm:  3.0070  [38;2;54;234;195mmemory:  0.49GiB(0.35%)  [34mtps: 227  [36mtflops: 0.04  [35mmfu: 0.00%[39m
[titan] 2026-09-21 05:50:33,785 - torchtitan.observability.metrics - INFO - [31mstep:  4  [32mloss: -1.00000  [38;2;180;60;0mgrad_norm:  3.0070  [38;2;54;234;195mmemory:  0.58GiB(0.41%)  [34mtps: 227  [36mtflops: 0.04  [35mmfu: 0.00%[39m
GNREPR r1 5 2.5195019245e+00 0x1.427f0a0000000p+1
GNREPR r0 5 2.5195019245e+00 0x1.427f0a0000000p+1
[titan] 2026-09-21 05:50:36,033 - torchtitan.observability.metrics - INFO - [31mstep:  5  [32mloss:  4.31831  [38;2;180;60;0mgrad_norm:  2.5195  [38;2;54;234;195mmemory:  0.49GiB(0.35%)  [34mtps: 228  [36mtflops: 0.04  [35mmfu: 0.00%[39m
[titan] 2026-09-21 05:50:36,033 - torchtitan.observability.metrics - INFO - [31mstep:  5  [32mloss: -1.00000  [38;2;180;60;0mgrad_norm:  2.5195  [38;2;54;234;195mmemory:  0.58GiB(0.41%)  [34mtps: 228  [36mtflops: 0.04  [35mmfu: 0.00%[39m
GNREPR r1 6 2.1229455471e+00 0x1.0fbcae0000000p+1
GNREPR r0 6 2.1229455471e+00 0x1.0fbcae0000000p+1
[titan] 2026-09-21 05:50:38,285 - torchtitan.observability.metrics - INFO - [31mstep:  6  [32mloss:  4.13339  [38;2;180;60;0mgrad_norm:  2.1229  [38;2;54;234;195mmemory:  0.49GiB(0.35%)  [34mtps: 227  [36mtflops: 0.04  [35mmfu: 0.00%[39m
[titan] 2026-09-21 05:50:38,285 - torchtitan.observability.metrics - INFO - [31mstep:  6  [32mloss: -1.00000  [38;2;180;60;0mgrad_norm:  2.1229  [38;2;54;234;195mmemory:  0.58GiB(0.41%)  [34mtps: 227  [36mtflops: 0.04  [35mmfu: 0.00%[39m
GNREPR r1 7 1.8776117563e+00 0x1.e0ab2a0000000p+0
GNREPR r0 7 1.8776117563e+00 0x1.e0ab2a0000000p+0
[titan] 2026-09-21 05:50:40,642 - torchtitan.observability.metrics - INFO - [31mstep:  7  [32mloss:  3.93748  [38;2;180;60;0mgrad_norm:  1.8776  [38;2;54;234;195mmemory:  0.49GiB(0.35%)  [34mtps: 217  [36mtflops: 0.03  [35mmfu: 0.00%[39m
[titan] 2026-09-21 05:50:40,642 - torchtitan.observability.metrics - INFO - [31mstep:  7  [32mloss: -1.00000  [38;2;180;60;0mgrad_norm:  1.8776  [38;2;54;234;195mmemory:  0.58GiB(0.41%)  [34mtps: 217  [36mtflops: 0.03  [35mmfu: 0.00%[39m
GNREPR r1 8 1.6252408028e+00 0x1.a00fc80000000p+0
GNREPR r0 8 1.6252408028e+00 0x1.a00fc80000000p+0
[titan] 2026-09-21 05:50:42,916 - torchtitan.observability.metrics - INFO - [31mstep:  8  [32mloss:  3.65482  [38;2;180;60;0mgrad_norm:  1.6252  [38;2;54;234;195mmemory:  0.49GiB(0.35%)  [34mtps: 225  [36mtflops: 0.04  [35mmfu: 0.00%[39m
[titan] 2026-09-21 05:50:42,917 - torchtitan.observability.metrics - INFO - [31mstep:  8  [32mloss: -1.00000  [38;2;180;60;0mgrad_norm:  1.6252  [38;2;54;234;195mmemory:  0.58GiB(0.41%)  [34mtps: 225  [36mtflops: 0.04  [35mmfu: 0.00%[39m
GNREPR r1 9 1.5672721863e+00 0x1.9138c00000000p+0
GNREPR r0 9 1.5672721863e+00 0x1.9138c00000000p+0
[titan] 2026-09-21 05:50:45,174 - torchtitan.observability.metrics - INFO - [31mstep:  9  [32mloss:  3.70912  [38;2;180;60;0mgrad_norm:  1.5673  [38;2;54;234;195mmemory:  0.49GiB(0.35%)  [34mtps: 227  [36mtflops: 0.04  [35mmfu: 0.00%[39m
[titan] 2026-09-21 05:50:45,175 - torchtitan.observability.metrics - INFO - [31mstep:  9  [32mloss: -1.00000  [38;2;180;60;0mgrad_norm:  1.5673  [38;2;54;234;195mmemory:  0.58GiB(0.41%)  [34mtps: 227  [36mtflops: 0.04  [35mmfu: 0.00%[39m
GNREPR r1 10 1.2745510340e+00 0x1.4648fa0000000p+0
GNREPR r0 10 1.2745510340e+00 0x1.4648fa0000000p+0
[titan] 2026-09-21 05:50:47,443 - torchtitan.observability.metrics - INFO - [31mstep: 10  [32mloss:  3.40558  [38;2;180;60;0mgrad_norm:  1.2746  [38;2;54;234;195mmemory:  0.49GiB(0.35%)  [34mtps: 226  [36mtflops: 0.04  [35mmfu: 0.00%[39m
[titan] 2026-09-21 05:50:47,443 - torchtitan.observability.metrics - INFO - [31mstep: 10  [32mloss: -1.00000  [38;2;180;60;0mgrad_norm:  1.2746  [38;2;54;234;195mmemory:  0.58GiB(0.41%)  [34mtps: 226  [36mtflops: 0.04  [35mmfu: 0.00%[39m
GNREPR r1 11 1.1341848373e+00 0x1.2259f00000000p+0
GNREPR r0 11 1.1341848373e+00 0x1.2259f00000000p+0
[titan] 2026-09-21 05:50:49,723 - torchtitan.observability.metrics - INFO - [31mstep: 11  [32mloss:  3.27331  [38;2;180;60;0mgrad_norm:  1.1342  [38;2;54;234;195mmemory:  0.49GiB(0.35%)  [34mtps: 225  [36mtflops: 0.04  [35mmfu: 0.00%[39m
[titan] 2026-09-21 05:50:49,725 - torchtitan.observability.metrics - INFO - [31mstep: 11  [32mloss: -1.00000  [38;2;180;60;0mgrad_norm:  1.1342  [38;2;54;234;195mmemory:  0.58GiB(0.41%)  [34mtps: 224  [36mtflops: 0.04  [35mmfu: 0.00%[39m
GNREPR r1 12 1.1091583967e+00 0x1.1bf1ce0000000p+0
GNREPR r0 12 1.1091583967e+00 0x1.1bf1ce0000000p+0
[titan] 2026-09-21 05:50:51,984 - torchtitan.observability.metrics - INFO - [31mstep: 12  [32mloss:  3.65391  [38;2;180;60;0mgrad_norm:  1.1092  [38;2;54;234;195mmemory:  0.49GiB(0.35%)  [34mtps: 226  [36mtflops: 0.04  [35mmfu: 0.00%[39m
[titan] 2026-09-21 05:50:51,985 - torchtitan.observability.metrics - INFO - [31mstep: 12  [32mloss: -1.00000  [38;2;180;60;0mgrad_norm:  1.1092  [38;2;54;234;195mmemory:  0.58GiB(0.41%)  [34mtps: 227  [36mtflops: 0.04  [35mmfu: 0.00%[39m
GNREPR r1 13 1.1892715693e+00 0x1.30741a0000000p+0
GNREPR r0 13 1.1892715693e+00 0x1.30741a0000000p+0
[titan] 2026-09-21 05:50:54,242 - torchtitan.observability.metrics - INFO - [31mstep: 13  [32mloss:  3.16808  [38;2;180;60;0mgrad_norm:  1.1893  [38;2;54;234;195mmemory:  0.49GiB(0.35%)  [34mtps: 227  [36mtflops: 0.04  [35mmfu: 0.00%[39m
[titan] 2026-09-21 05:50:54,243 - torchtitan.observability.metrics - INFO - [31mstep: 13  [32mloss: -1.00000  [38;2;180;60;0mgrad_norm:  1.1893  [38;2;54;234;195mmemory:  0.58GiB(0.41%)  [34mtps: 227  [36mtflops: 0.04  [35mmfu: 0.00%[39m
GNREPR r1 14 1.1501728296e+00 0x1.2671ba0000000p+0
GNREPR r0 14 1.1501728296e+00 0x1.2671ba0000000p+0
[titan] 2026-09-21 05:50:56,513 - torchtitan.observability.metrics - INFO - [31mstep: 14  [32mloss:  3.41907  [38;2;180;60;0mgrad_norm:  1.1502  [38;2;54;234;195mmemory:  0.49GiB(0.35%)  [34mtps: 225  [36mtflops: 0.04  [35mmfu: 0.00%[39m
[titan] 2026-09-21 05:50:56,514 - torchtitan.observability.metrics - INFO - [31mstep: 14  [32mloss: -1.00000  [38;2;180;60;0mgrad_norm:  1.1502  [38;2;54;234;195mmemory:  0.58GiB(0.41%)  [34mtps: 225  [36mtflops: 0.04  [35mmfu: 0.00%[39m
GNREPR r1 15 1.2588583231e+00 0x1.42448a0000000p+0
GNREPR r0 15 1.2588583231e+00 0x1.42448a0000000p+0
[titan] 2026-09-21 05:50:58,775 - torchtitan.observability.metrics - INFO - [31mstep: 15  [32mloss:  3.10301  [38;2;180;60;0mgrad_norm:  1.2589  [38;2;54;234;195mmemory:  0.49GiB(0.35%)  [34mtps: 226  [36mtflops: 0.04  [35mmfu: 0.00%[39m
[titan] 2026-09-21 05:50:58,776 - torchtitan.observability.metrics - INFO - [31mstep: 15  [32mloss: -1.00000  [38;2;180;60;0mgrad_norm:  1.2589  [38;2;54;234;195mmemory:  0.58GiB(0.41%)  [34mtps: 226  [36mtflops: 0.04  [35mmfu: 0.00%[39m
GNREPR r1 16 1.0247956514e+00 0x1.0659020000000p+0
GNREPR r0 16 1.0247956514e+00 0x1.0659020000000p+0
[titan] 2026-09-21 05:51:01,035 - torchtitan.observability.metrics - INFO - [31mstep: 16  [32mloss:  3.15717  [38;2;180;60;0mgrad_norm:  1.0248  [38;2;54;234;195mmemory:  0.49GiB(0.35%)  [34mtps: 227  [36mtflops: 0.04  [35mmfu: 0.00%[39m
[titan] 2026-09-21 05:51:01,036 - torchtitan.observability.metrics - INFO - [31mstep: 16  [32mloss: -1.00000  [38;2;180;60;0mgrad_norm:  1.0248  [38;2;54;234;195mmemory:  0.58GiB(0.41%)  [34mtps: 227  [36mtflops: 0.04  [35mmfu: 0.00%[39m
GNREPR r1 17 1.0079674721e+00 0x1.020a280000000p+0
GNREPR r0 17 1.0079674721e+00 0x1.020a280000000p+0
[titan] 2026-09-21 05:51:03,292 - torchtitan.observability.metrics - INFO - [31mstep: 17  [32mloss:  2.98164  [38;2;180;60;0mgrad_norm:  1.0080  [38;2;54;234;195mmemory:  0.49GiB(0.35%)  [34mtps: 227  [36mtflops: 0.04  [35mmfu: 0.00%[39m
[titan] 2026-09-21 05:51:03,293 - torchtitan.observability.metrics - INFO - [31mstep: 17  [32mloss: -1.00000  [38;2;180;60;0mgrad_norm:  1.0080  [38;2;54;234;195mmemory:  0.58GiB(0.41%)  [34mtps: 227  [36mtflops: 0.04  [35mmfu: 0.00%[39m
GNREPR r1 18 7.0617020130e-01 0x1.698f240000000p-1
GNREPR r0 18 7.0617020130e-01 0x1.698f240000000p-1
[titan] 2026-09-21 05:51:05,563 - torchtitan.observability.metrics - INFO - [31mstep: 18  [32mloss:  3.04725  [38;2;180;60;0mgrad_norm:  0.7062  [38;2;54;234;195mmemory:  0.49GiB(0.35%)  [34mtps: 225  [36mtflops: 0.04  [35mmfu: 0.00%[39m
[titan] 2026-09-21 05:51:05,565 - torchtitan.observability.metrics - INFO - [31mstep: 18  [32mloss: -1.00000  [38;2;180;60;0mgrad_norm:  0.7062  [38;2;54;234;195mmemory:  0.58GiB(0.41%)  [34mtps: 225  [36mtflops: 0.04  [35mmfu: 0.00%[39m
GNREPR r1 19 7.8207665682e-01 0x1.906c5a0000000p-1
GNREPR r0 19 7.8207665682e-01 0x1.906c5a0000000p-1
[titan] 2026-09-21 05:51:07,819 - torchtitan.observability.metrics - INFO - [31mstep: 19  [32mloss:  2.73954  [38;2;180;60;0mgrad_norm:  0.7821  [38;2;54;234;195mmemory:  0.49GiB(0.35%)  [34mtps: 227  [36mtflops: 0.04  [35mmfu: 0.00%[39m
[titan] 2026-09-21 05:51:07,820 - torchtitan.observability.metrics - INFO - [31mstep: 19  [32mloss: -1.00000  [38;2;180;60;0mgrad_norm:  0.7821  [38;2;54;234;195mmemory:  0.58GiB(0.41%)  [34mtps: 227  [36mtflops: 0.04  [35mmfu: 0.00%[39m
GNREPR r1 20 9.3683099747e-01 0x1.dfa8500000000p-1
GNREPR r0 20 9.3683099747e-01 0x1.dfa8500000000p-1
[titan] 2026-09-21 05:51:10,074 - torchtitan.observability.metrics - INFO - [31mstep: 20  [32mloss:  2.91688  [38;2;180;60;0mgrad_norm:  0.9368  [38;2;54;234;195mmemory:  0.49GiB(0.35%)  [34mtps: 227  [36mtflops: 0.04  [35mmfu: 0.00%[39m
[titan] 2026-09-21 05:51:10,075 - torchtitan.observability.metrics - INFO - [31mstep: 20  [32mloss: -1.00000  [38;2;180;60;0mgrad_norm:  0.9368  [38;2;54;234;195mmemory:  0.58GiB(0.41%)  [34mtps: 227  [36mtflops: 0.04  [35mmfu: 0.00%[39m
GNREPR r1 21 7.5761127472e-01 0x1.83e5a00000000p-1
GNREPR r0 21 7.5761127472e-01 0x1.83e5a00000000p-1
[titan] 2026-09-21 05:51:12,344 - torchtitan.observability.metrics - INFO - [31mstep: 21  [32mloss:  3.09974  [38;2;180;60;0mgrad_norm:  0.7576  [38;2;54;234;195mmemory:  0.49GiB(0.35%)  [34mtps: 226  [36mtflops: 0.04  [35mmfu: 0.00%[39m
[titan] 2026-09-21 05:51:12,345 - torchtitan.observability.metrics - INFO - [31mstep: 21  [32mloss: -1.00000  [38;2;180;60;0mgrad_norm:  0.7576  [38;2;54;234;195mmemory:  0.58GiB(0.41%)  [34mtps: 226  [36mtflops: 0.04  [35mmfu: 0.00%[39m
GNREPR r1 22 1.0292316675e+00 0x1.077bba0000000p+0
GNREPR r0 22 1.0292316675e+00 0x1.077bba0000000p+0
[titan] 2026-09-21 05:51:14,613 - torchtitan.observability.metrics - INFO - [31mstep: 22  [32mloss:  2.85685  [38;2;180;60;0mgrad_norm:  1.0292  [38;2;54;234;195mmemory:  0.49GiB(0.35%)  [34mtps: 226  [36mtflops: 0.04  [35mmfu: 0.00%[39m
[titan] 2026-09-21 05:51:14,614 - torchtitan.observability.metrics - INFO - [31mstep: 22  [32mloss: -1.00000  [38;2;180;60;0mgrad_norm:  1.0292  [38;2;54;234;195mmemory:  0.58GiB(0.41%)  [34mtps: 226  [36mtflops: 0.04  [35mmfu: 0.00%[39m
GNREPR r1 23 7.3786544800e-01 0x1.79c9800000000p-1
GNREPR r0 23 7.3786544800e-01 0x1.79c9800000000p-1
[titan] 2026-09-21 05:51:16,877 - torchtitan.observability.metrics - INFO - [31mstep: 23  [32mloss:  2.67028  [38;2;180;60;0mgrad_norm:  0.7379  [38;2;54;234;195mmemory:  0.49GiB(0.35%)  [34mtps: 226  [36mtflops: 0.04  [35mmfu: 0.00%[39m
[titan] 2026-09-21 05:51:16,878 - torchtitan.observability.metrics - INFO - [31mstep: 23  [32mloss: -1.00000  [38;2;180;60;0mgrad_norm:  0.7379  [38;2;54;234;195mmemory:  0.58GiB(0.41%)  [34mtps: 226  [36mtflops: 0.04  [35mmfu: 0.00%[39m
GNREPR r1 24 1.0464990139e+00 0x1.0be75c0000000p+0
GNREPR r0 24 1.0464990139e+00 0x1.0be75c0000000p+0
[titan] 2026-09-21 05:51:19,127 - torchtitan.observability.metrics - INFO - [31mstep: 24  [32mloss:  2.89150  [38;2;180;60;0mgrad_norm:  1.0465  [38;2;54;234;195mmemory:  0.49GiB(0.35%)  [34mtps: 228  [36mtflops: 0.04  [35mmfu: 0.00%[39m
[titan] 2026-09-21 05:51:19,127 - torchtitan.observability.metrics - INFO - [31mstep: 24  [32mloss: -1.00000  [38;2;180;60;0mgrad_norm:  1.0465  [38;2;54;234;195mmemory:  0.58GiB(0.41%)  [34mtps: 228  [36mtflops: 0.04  [35mmfu: 0.00%[39m
GNREPR r1 25 1.0402942896e+00 0x1.0a50ba0000000p+0
GNREPR r0 25 1.0402942896e+00 0x1.0a50ba0000000p+0
[titan] 2026-09-21 05:51:21,377 - torchtitan.observability.metrics - INFO - [31mstep: 25  [32mloss:  3.15168  [38;2;180;60;0mgrad_norm:  1.0403  [38;2;54;234;195mmemory:  0.49GiB(0.35%)  [34mtps: 228  [36mtflops: 0.04  [35mmfu: 0.00%[39m
[titan] 2026-09-21 05:51:21,378 - torchtitan.observability.metrics - INFO - [31mstep: 25  [32mloss: -1.00000  [38;2;180;60;0mgrad_norm:  1.0403  [38;2;54;234;195mmemory:  0.58GiB(0.41%)  [34mtps: 228  [36mtflops: 0.04  [35mmfu: 0.00%[39m
GNREPR r1 26 1.1171278954e+00 0x1.1dfc180000000p+0
GNREPR r0 26 1.1171278954e+00 0x1.1dfc180000000p+0
[titan] 2026-09-21 05:51:23,645 - torchtitan.observability.metrics - INFO - [31mstep: 26  [32mloss:  2.69080  [38;2;180;60;0mgrad_norm:  1.1171  [38;2;54;234;195mmemory:  0.49GiB(0.35%)  [34mtps: 226  [36mtflops: 0.04  [35mmfu: 0.00%[39m
[titan] 2026-09-21 05:51:23,646 - torchtitan.observability.metrics - INFO - [31mstep: 26  [32mloss: -1.00000  [38;2;180;60;0mgrad_norm:  1.1171  [38;2;54;234;195mmemory:  0.58GiB(0.41%)  [34mtps: 226  [36mtflops: 0.04  [35mmfu: 0.00%[39m
GNREPR r1 27 8.5617792606e-01 0x1.b65cf40000000p-1
GNREPR r0 27 8.5617792606e-01 0x1.b65cf40000000p-1
[titan] 2026-09-21 05:51:25,907 - torchtitan.observability.metrics - INFO - [31mstep: 27  [32mloss:  2.81813  [38;2;180;60;0mgrad_norm:  0.8562  [38;2;54;234;195mmemory:  0.49GiB(0.35%)  [34mtps: 226  [36mtflops: 0.04  [35mmfu: 0.00%[39m
[titan] 2026-09-21 05:51:25,909 - torchtitan.observability.metrics - INFO - [31mstep: 27  [32mloss: -1.00000  [38;2;180;60;0mgrad_norm:  0.8562  [38;2;54;234;195mmemory:  0.58GiB(0.41%)  [34mtps: 226  [36mtflops: 0.04  [35mmfu: 0.00%[39m
GNREPR r1 28 1.0108097792e+00 0x1.02c46e0000000p+0
GNREPR r0 28 1.0108097792e+00 0x1.02c46e0000000p+0
[titan] 2026-09-21 05:51:28,170 - torchtitan.observability.metrics - INFO - [31mstep: 28  [32mloss:  2.94185  [38;2;180;60;0mgrad_norm:  1.0108  [38;2;54;234;195mmemory:  0.49GiB(0.35%)  [34mtps: 226  [36mtflops: 0.04  [35mmfu: 0.00%[39m
[titan] 2026-09-21 05:51:28,171 - torchtitan.observability.metrics - INFO - [31mstep: 28  [32mloss: -1.00000  [38;2;180;60;0mgrad_norm:  1.0108  [38;2;54;234;195mmemory:  0.58GiB(0.41%)  [34mtps: 226  [36mtflops: 0.04  [35mmfu: 0.00%[39m
GNREPR r1 29 9.8803198338e-01 0x1.f9df540000000p-1
GNREPR r0 29 9.8803198338e-01 0x1.f9df540000000p-1
[titan] 2026-09-21 05:51:30,428 - torchtitan.observability.metrics - INFO - [31mstep: 29  [32mloss:  2.65067  [38;2;180;60;0mgrad_norm:  0.9880  [38;2;54;234;195mmemory:  0.49GiB(0.35%)  [34mtps: 227  [36mtflops: 0.04  [35mmfu: 0.00%[39m
[titan] 2026-09-21 05:51:30,429 - torchtitan.observability.metrics - INFO - [31mstep: 29  [32mloss: -1.00000  [38;2;180;60;0mgrad_norm:  0.9880  [38;2;54;234;195mmemory:  0.58GiB(0.41%)  [34mtps: 227  [36mtflops: 0.04  [35mmfu: 0.00%[39m
GNREPR r1 30 9.1865307093e-01 0x1.d659b20000000p-1
GNREPR r0 30 9.1865307093e-01 0x1.d659b20000000p-1
[titan] 2026-09-21 05:51:32,684 - torchtitan.observability.metrics - INFO - [31mstep: 30  [32mloss:  2.92601  [38;2;180;60;0mgrad_norm:  0.9187  [38;2;54;234;195mmemory:  0.49GiB(0.35%)  [34mtps: 227  [36mtflops: 0.04  [35mmfu: 0.00%[39m
[titan] 2026-09-21 05:51:32,685 - torchtitan.observability.metrics - INFO - [31mstep: 30  [32mloss: -1.00000  [38;2;180;60;0mgrad_norm:  0.9187  [38;2;54;234;195mmemory:  0.58GiB(0.41%)  [34mtps: 227  [36mtflops: 0.04  [35mmfu: 0.00%[39m
GNREPR r1 31 9.3737930059e-01 0x1.dff02e0000000p-1
GNREPR r0 31 9.3737930059e-01 0x1.dff02e0000000p-1
[titan] 2026-09-21 05:51:34,936 - torchtitan.observability.metrics - INFO - [31mstep: 31  [32mloss:  2.73083  [38;2;180;60;0mgrad_norm:  0.9374  [38;2;54;234;195mmemory:  0.49GiB(0.35%)  [34mtps: 227  [36mtflops: 0.04  [35mmfu: 0.00%[39m
[titan] 2026-09-21 05:51:34,937 - torchtitan.observability.metrics - INFO - [31mstep: 31  [32mloss: -1.00000  [38;2;180;60;0mgrad_norm:  0.9374  [38;2;54;234;195mmemory:  0.58GiB(0.41%)  [34mtps: 227  [36mtflops: 0.04  [35mmfu: 0.00%[39m
GNREPR r1 32 7.4997299910e-01 0x1.7ffc760000000p-1
GNREPR r0 32 7.4997299910e-01 0x1.7ffc760000000p-1
[titan] 2026-09-21 05:51:37,183 - torchtitan.observability.metrics - INFO - [31mstep: 32  [32mloss:  2.78591  [38;2;180;60;0mgrad_norm:  0.7500  [38;2;54;234;195mmemory:  0.49GiB(0.35%)  [34mtps: 228  [36mtflops: 0.04  [35mmfu: 0.00%[39m
[titan] 2026-09-21 05:51:37,184 - torchtitan.observability.metrics - INFO - [31mstep: 32  [32mloss: -1.00000  [38;2;180;60;0mgrad_norm:  0.7500  [38;2;54;234;195mmemory:  0.58GiB(0.41%)  [34mtps: 228  [36mtflops: 0.04  [35mmfu: 0.00%[39m
GNREPR r1 33 7.7055728436e-01 0x1.8a867c0000000p-1
GNREPR r0 33 7.7055728436e-01 0x1.8a867c0000000p-1
[titan] 2026-09-21 05:51:39,431 - torchtitan.observability.metrics - INFO - [31mstep: 33  [32mloss:  2.53864  [38;2;180;60;0mgrad_norm:  0.7706  [38;2;54;234;195mmemory:  0.49GiB(0.35%)  [34mtps: 228  [36mtflops: 0.04  [35mmfu: 0.00%[39m
[titan] 2026-09-21 05:51:39,431 - torchtitan.observability.metrics - INFO - [31mstep: 33  [32mloss: -1.00000  [38;2;180;60;0mgrad_norm:  0.7706  [38;2;54;234;195mmemory:  0.58GiB(0.41%)  [34mtps: 228  [36mtflops: 0.04  [35mmfu: 0.00%[39m
GNREPR r1 34 8.1797999144e-01 0x1.a2ce460000000p-1
GNREPR r0 34 8.1797999144e-01 0x1.a2ce460000000p-1
[titan] 2026-09-21 05:51:41,679 - torchtitan.observability.metrics - INFO - [31mstep: 34  [32mloss:  2.55105  [38;2;180;60;0mgrad_norm:  0.8180  [38;2;54;234;195mmemory:  0.49GiB(0.35%)  [34mtps: 228  [36mtflops: 0.04  [35mmfu: 0.00%[39m
[titan] 2026-09-21 05:51:41,680 - torchtitan.observability.metrics - INFO - [31mstep: 34  [32mloss: -1.00000  [38;2;180;60;0mgrad_norm:  0.8180  [38;2;54;234;195mmemory:  0.58GiB(0.41%)  [34mtps: 228  [36mtflops: 0.04  [35mmfu: 0.00%[39m
GNREPR r1 35 8.3985894918e-01 0x1.ae01fe0000000p-1
GNREPR r0 35 8.3985894918e-01 0x1.ae01fe0000000p-1
[titan] 2026-09-21 05:51:43,937 - torchtitan.observability.metrics - INFO - [31mstep: 35  [32mloss:  2.68888  [38;2;180;60;0mgrad_norm:  0.8399  [38;2;54;234;195mmemory:  0.49GiB(0.35%)  [34mtps: 227  [36mtflops: 0.04  [35mmfu: 0.00%[39m
[titan] 2026-09-21 05:51:43,938 - torchtitan.observability.metrics - INFO - [31mstep: 35  [32mloss: -1.00000  [38;2;180;60;0mgrad_norm:  0.8399  [38;2;54;234;195mmemory:  0.58GiB(0.41%)  [34mtps: 227  [36mtflops: 0.04  [35mmfu: 0.00%[39m
GNREPR r1 36 9.6406066418e-01 0x1.ed995c0000000p-1
GNREPR r0 36 9.6406066418e-01 0x1.ed995c0000000p-1
[titan] 2026-09-21 05:51:46,201 - torchtitan.observability.metrics - INFO - [31mstep: 36  [32mloss:  2.56946  [38;2;180;60;0mgrad_norm:  0.9641  [38;2;54;234;195mmemory:  0.49GiB(0.35%)  [34mtps: 226  [36mtflops: 0.04  [35mmfu: 0.00%[39m
[titan] 2026-09-21 05:51:46,202 - torchtitan.observability.metrics - INFO - [31mstep: 36  [32mloss: -1.00000  [38;2;180;60;0mgrad_norm:  0.9641  [38;2;54;234;195mmemory:  0.58GiB(0.41%)  [34mtps: 226  [36mtflops: 0.04  [35mmfu: 0.00%[39m
GNREPR r1 37 1.2986918688e+00 0x1.4c77120000000p+0
GNREPR r0 37 1.2986918688e+00 0x1.4c77120000000p+0
[titan] 2026-09-21 05:51:48,463 - torchtitan.observability.metrics - INFO - [31mstep: 37  [32mloss:  3.02077  [38;2;180;60;0mgrad_norm:  1.2987  [38;2;54;234;195mmemory:  0.49GiB(0.35%)  [34mtps: 226  [36mtflops: 0.04  [35mmfu: 0.00%[39m
[titan] 2026-09-21 05:51:48,464 - torchtitan.observability.metrics - INFO - [31mstep: 37  [32mloss: -1.00000  [38;2;180;60;0mgrad_norm:  1.2987  [38;2;54;234;195mmemory:  0.58GiB(0.41%)  [34mtps: 226  [36mtflops: 0.04  [35mmfu: 0.00%[39m
GNREPR r1 38 1.0492054224e+00 0x1.0c98ba0000000p+0
GNREPR r0 38 1.0492054224e+00 0x1.0c98ba0000000p+0
[titan] 2026-09-21 05:51:50,721 - torchtitan.observability.metrics - INFO - [31mstep: 38  [32mloss:  2.68146  [38;2;180;60;0mgrad_norm:  1.0492  [38;2;54;234;195mmemory:  0.49GiB(0.35%)  [34mtps: 227  [36mtflops: 0.04  [35mmfu: 0.00%[39m
[titan] 2026-09-21 05:51:50,722 - torchtitan.observability.metrics - INFO - [31mstep: 38  [32mloss: -1.00000  [38;2;180;60;0mgrad_norm:  1.0492  [38;2;54;234;195mmemory:  0.58GiB(0.41%)  [34mtps: 227  [36mtflops: 0.04  [35mmfu: 0.00%[39m
GNREPR r1 39 1.0075124502e+00 0x1.01ec560000000p+0
GNREPR r0 39 1.0075124502e+00 0x1.01ec560000000p+0
[titan] 2026-09-21 05:51:52,977 - torchtitan.observability.metrics - INFO - [31mstep: 39  [32mloss:  2.78615  [38;2;180;60;0mgrad_norm:  1.0075  [38;2;54;234;195mmemory:  0.49GiB(0.35%)  [34mtps: 227  [36mtflops: 0.04  [35mmfu: 0.00%[39m
[titan] 2026-09-21 05:51:52,978 - torchtitan.observability.metrics - INFO - [31mstep: 39  [32mloss: -1.00000  [38;2;180;60;0mgrad_norm:  1.0075  [38;2;54;234;195mmemory:  0.58GiB(0.41%)  [34mtps: 227  [36mtflops: 0.04  [35mmfu: 0.00%[39m
GNREPR r1 40 1.0162968636e+00 0x1.042c080000000p+0
GNREPR r0 40 1.0162968636e+00 0x1.042c080000000p+0
[titan] 2026-09-21 05:51:55,225 - torchtitan.observability.metrics - INFO - [31mstep: 40  [32mloss:  2.65174  [38;2;180;60;0mgrad_norm:  1.0163  [38;2;54;234;195mmemory:  0.49GiB(0.35%)  [34mtps: 228  [36mtflops: 0.04  [35mmfu: 0.00%[39m
[titan] 2026-09-21 05:51:55,226 - torchtitan.observability.metrics - INFO - [31mstep: 40  [32mloss: -1.00000  [38;2;180;60;0mgrad_norm:  1.0163  [38;2;54;234;195mmemory:  0.58GiB(0.41%)  [34mtps: 228  [36mtflops: 0.04  [35mmfu: 0.00%[39m
GNREPR r1 41 7.6877462864e-01 0x1.899cd40000000p-1
GNREPR r0 41 7.6877462864e-01 0x1.899cd40000000p-1
[titan] 2026-09-21 05:51:57,470 - torchtitan.observability.metrics - INFO - [31mstep: 41  [32mloss:  2.58466  [38;2;180;60;0mgrad_norm:  0.7688  [38;2;54;234;195mmemory:  0.49GiB(0.35%)  [34mtps: 228  [36mtflops: 0.04  [35mmfu: 0.00%[39m
[titan] 2026-09-21 05:51:57,470 - torchtitan.observability.metrics - INFO - [31mstep: 41  [32mloss: -1.00000  [38;2;180;60;0mgrad_norm:  0.7688  [38;2;54;234;195mmemory:  0.58GiB(0.41%)  [34mtps: 228  [36mtflops: 0.04  [35mmfu: 0.00%[39m
GNREPR r1 42 8.1048089266e-01 0x1.9ef75a0000000p-1
GNREPR r0 42 8.1048089266e-01 0x1.9ef75a0000000p-1
[titan] 2026-09-21 05:51:59,728 - torchtitan.observability.metrics - INFO - [31mstep: 42  [32mloss:  2.53390  [38;2;180;60;0mgrad_norm:  0.8105  [38;2;54;234;195mmemory:  0.49GiB(0.35%)  [34mtps: 227  [36mtflops: 0.04  [35mmfu: 0.00%[39m
[titan] 2026-09-21 05:51:59,728 - torchtitan.observability.metrics - INFO - [31mstep: 42  [32mloss: -1.00000  [38;2;180;60;0mgrad_norm:  0.8105  [38;2;54;234;195mmemory:  0.58GiB(0.41%)  [34mtps: 227  [36mtflops: 0.04  [35mmfu: 0.00%[39m
GNREPR r1 43 8.8173997402e-01 0x1.c3736c0000000p-1
GNREPR r0 43 8.8173997402e-01 0x1.c3736c0000000p-1
[titan] 2026-09-21 05:52:01,984 - torchtitan.observability.metrics - INFO - [31mstep: 43  [32mloss:  2.72394  [38;2;180;60;0mgrad_norm:  0.8817  [38;2;54;234;195mmemory:  0.49GiB(0.35%)  [34mtps: 227  [36mtflops: 0.04  [35mmfu: 0.00%[39m
[titan] 2026-09-21 05:52:01,985 - torchtitan.observability.metrics - INFO - [31mstep: 43  [32mloss: -1.00000  [38;2;180;60;0mgrad_norm:  0.8817  [38;2;54;234;195mmemory:  0.58GiB(0.41%)  [34mtps: 227  [36mtflops: 0.04  [35mmfu: 0.00%[39m
GNREPR r1 44 8.2926499844e-01 0x1.a8956c0000000p-1
GNREPR r0 44 8.2926499844e-01 0x1.a8956c0000000p-1
[titan] 2026-09-21 05:52:04,238 - torchtitan.observability.metrics - INFO - [31mstep: 44  [32mloss:  2.47751  [38;2;180;60;0mgrad_norm:  0.8293  [38;2;54;234;195mmemory:  0.49GiB(0.35%)  [34mtps: 227  [36mtflops: 0.04  [35mmfu: 0.00%[39m
[titan] 2026-09-21 05:52:04,238 - torchtitan.observability.metrics - INFO - [31mstep: 44  [32mloss: -1.00000  [38;2;180;60;0mgrad_norm:  0.8293  [38;2;54;234;195mmemory:  0.58GiB(0.41%)  [34mtps: 227  [36mtflops: 0.04  [35mmfu: 0.00%[39m
GNREPR r1 45 7.9884743690e-01 0x1.9902880000000p-1
GNREPR r0 45 7.9884743690e-01 0x1.9902880000000p-1
[titan] 2026-09-21 05:52:06,483 - torchtitan.observability.metrics - INFO - [31mstep: 45  [32mloss:  2.66161  [38;2;180;60;0mgrad_norm:  0.7988  [38;2;54;234;195mmemory:  0.49GiB(0.35%)  [34mtps: 228  [36mtflops: 0.04  [35mmfu: 0.00%[39m
[titan] 2026-09-21 05:52:06,484 - torchtitan.observability.metrics - INFO - [31mstep: 45  [32mloss: -1.00000  [38;2;180;60;0mgrad_norm:  0.7988  [38;2;54;234;195mmemory:  0.58GiB(0.41%)  [34mtps: 228  [36mtflops: 0.04  [35mmfu: 0.00%[39m
GNREPR r1 46 7.8298360109e-01 0x1.90e33a0000000p-1
GNREPR r0 46 7.8298360109e-01 0x1.90e33a0000000p-1
[titan] 2026-09-21 05:52:08,731 - torchtitan.observability.metrics - INFO - [31mstep: 46  [32mloss:  2.58618  [38;2;180;60;0mgrad_norm:  0.7830  [38;2;54;234;195mmemory:  0.49GiB(0.35%)  [34mtps: 228  [36mtflops: 0.04  [35mmfu: 0.00%[39m
[titan] 2026-09-21 05:52:08,731 - torchtitan.observability.metrics - INFO - [31mstep: 46  [32mloss: -1.00000  [38;2;180;60;0mgrad_norm:  0.7830  [38;2;54;234;195mmemory:  0.58GiB(0.41%)  [34mtps: 228  [36mtflops: 0.04  [35mmfu: 0.00%[39m
GNREPR r1 47 8.5964691639e-01 0x1.b823a40000000p-1
GNREPR r0 47 8.5964691639e-01 0x1.b823a40000000p-1
[titan] 2026-09-21 05:52:10,987 - torchtitan.observability.metrics - INFO - [31mstep: 47  [32mloss:  2.68996  [38;2;180;60;0mgrad_norm:  0.8596  [38;2;54;234;195mmemory:  0.49GiB(0.35%)  [34mtps: 227  [36mtflops: 0.04  [35mmfu: 0.00%[39m
[titan] 2026-09-21 05:52:10,988 - torchtitan.observability.metrics - INFO - [31mstep: 47  [32mloss: -1.00000  [38;2;180;60;0mgrad_norm:  0.8596  [38;2;54;234;195mmemory:  0.58GiB(0.41%)  [34mtps: 227  [36mtflops: 0.04  [35mmfu: 0.00%[39m
GNREPR r1 48 9.7639876604e-01 0x1.f3ea8a0000000p-1
GNREPR r0 48 9.7639876604e-01 0x1.f3ea8a0000000p-1
[titan] 2026-09-21 05:52:13,241 - torchtitan.observability.metrics - INFO - [31mstep: 48  [32mloss:  2.75336  [38;2;180;60;0mgrad_norm:  0.9764  [38;2;54;234;195mmemory:  0.49GiB(0.35%)  [34mtps: 227  [36mtflops: 0.04  [35mmfu: 0.00%[39m
[titan] 2026-09-21 05:52:13,242 - torchtitan.observability.metrics - INFO - [31mstep: 48  [32mloss: -1.00000  [38;2;180;60;0mgrad_norm:  0.9764  [38;2;54;234;195mmemory:  0.58GiB(0.41%)  [34mtps: 227  [36mtflops: 0.04  [35mmfu: 0.00%[39m
GNREPR r1 49 9.0649050474e-01 0x1.d01f860000000p-1
GNREPR r0 49 9.0649050474e-01 0x1.d01f860000000p-1
[titan] 2026-09-21 05:52:15,503 - torchtitan.observability.metrics - INFO - [31mstep: 49  [32mloss:  2.67715  [38;2;180;60;0mgrad_norm:  0.9065  [38;2;54;234;195mmemory:  0.49GiB(0.35%)  [34mtps: 226  [36mtflops: 0.04  [35mmfu: 0.00%[39m
[titan] 2026-09-21 05:52:15,504 - torchtitan.observability.metrics - INFO - [31mstep: 49  [32mloss: -1.00000  [38;2;180;60;0mgrad_norm:  0.9065  [38;2;54;234;195mmemory:  0.58GiB(0.41%)  [34mtps: 226  [36mtflops: 0.04  [35mmfu: 0.00%[39m
[titan] 2026-09-21 05:52:16,116 - torchtitan.tools.utils - INFO - [GC] Performing periodic GC collection took 0.61 seconds
[titan] 2026-09-21 05:52:16,325 - torchtitan.tools.utils - INFO - [GC] Performing periodic GC collection took 0.81 seconds
GNREPR r1 50 7.1130967140e-01 0x1.6c30c80000000p-1
GNREPR r0 50 7.1130967140e-01 0x1.6c30c80000000p-1
[titan] 2026-09-21 05:52:18,578 - torchtitan.observability.metrics - INFO - [31mstep: 50  [32mloss:  2.57844  [38;2;180;60;0mgrad_norm:  0.7113  [38;2;54;234;195mmemory:  0.49GiB(0.35%)  [34mtps: 167  [36mtflops: 0.03  [35mmfu: 0.00%[39m
[titan] 2026-09-21 05:52:18,579 - torchtitan.observability.metrics - INFO - [31mstep: 50  [32mloss: -1.00000  [38;2;180;60;0mgrad_norm:  0.7113  [38;2;54;234;195mmemory:  0.58GiB(0.41%)  [34mtps: 167  [36mtflops: 0.03  [35mmfu: 0.00%[39m
GNREPR r1 51 1.0278652906e+00 0x1.07222e0000000p+0
GNREPR r0 51 1.0278652906e+00 0x1.07222e0000000p+0
[titan] 2026-09-21 05:52:20,815 - torchtitan.observability.metrics - INFO - [31mstep: 51  [32mloss:  2.68411  [38;2;180;60;0mgrad_norm:  1.0279  [38;2;54;234;195mmemory:  0.49GiB(0.35%)  [34mtps: 229  [36mtflops: 0.04  [35mmfu: 0.00%[39m
[titan] 2026-09-21 05:52:20,816 - torchtitan.observability.metrics - INFO - [31mstep: 51  [32mloss: -1.00000  [38;2;180;60;0mgrad_norm:  1.0279  [38;2;54;234;195mmemory:  0.58GiB(0.41%)  [34mtps: 229  [36mtflops: 0.04  [35mmfu: 0.00%[39m
GNREPR r1 52 9.2960882187e-01 0x1.dbf5b00000000p-1
GNREPR r0 52 9.2960882187e-01 0x1.dbf5b00000000p-1
[titan] 2026-09-21 05:52:23,060 - torchtitan.observability.metrics - INFO - [31mstep: 52  [32mloss:  2.51247  [38;2;180;60;0mgrad_norm:  0.9296  [38;2;54;234;195mmemory:  0.49GiB(0.35%)  [34mtps: 228  [36mtflops: 0.04  [35mmfu: 0.00%[39m
[titan] 2026-09-21 05:52:23,061 - torchtitan.observability.metrics - INFO - [31mstep: 52  [32mloss: -1.00000  [38;2;180;60;0mgrad_norm:  0.9296  [38;2;54;234;195mmemory:  0.58GiB(0.41%)  [34mtps: 228  [36mtflops: 0.04  [35mmfu: 0.00%[39m
GNREPR r1 53 7.6435816288e-01 0x1.8759f40000000p-1
GNREPR r0 53 7.6435816288e-01 0x1.8759f40000000p-1
[titan] 2026-09-21 05:52:25,316 - torchtitan.observability.metrics - INFO - [31mstep: 53  [32mloss:  2.77287  [38;2;180;60;0mgrad_norm:  0.7644  [38;2;54;234;195mmemory:  0.49GiB(0.35%)  [34mtps: 227  [36mtflops: 0.04  [35mmfu: 0.00%[39m
[titan] 2026-09-21 05:52:25,317 - torchtitan.observability.metrics - INFO - [31mstep: 53  [32mloss: -1.00000  [38;2;180;60;0mgrad_norm:  0.7644  [38;2;54;234;195mmemory:  0.58GiB(0.41%)  [34mtps: 227  [36mtflops: 0.04  [35mmfu: 0.00%[39m
GNREPR r1 54 8.5844552517e-01 0x1.b7862c0000000p-1
GNREPR r0 54 8.5844552517e-01 0x1.b7862c0000000p-1
[titan] 2026-09-21 05:52:27,569 - torchtitan.observability.metrics - INFO - [31mstep: 54  [32mloss:  3.04762  [38;2;180;60;0mgrad_norm:  0.8584  [38;2;54;234;195mmemory:  0.49GiB(0.35%)  [34mtps: 227  [36mtflops: 0.04  [35mmfu: 0.00%[39m
[titan] 2026-09-21 05:52:27,570 - torchtitan.observability.metrics - INFO - [31mstep: 54  [32mloss: -1.00000  [38;2;180;60;0mgrad_norm:  0.8584  [38;2;54;234;195mmemory:  0.58GiB(0.41%)  [34mtps: 227  [36mtflops: 0.04  [35mmfu: 0.00%[39m
GNREPR r1 55 1.0205482244e+00 0x1.0542a60000000p+0
GNREPR r0 55 1.0205482244e+00 0x1.0542a60000000p+0
[titan] 2026-09-21 05:52:29,829 - torchtitan.observability.metrics - INFO - [31mstep: 55  [32mloss:  2.95589  [38;2;180;60;0mgrad_norm:  1.0205  [38;2;54;234;195mmemory:  0.49GiB(0.35%)  [34mtps: 227  [36mtflops: 0.04  [35mmfu: 0.00%[39m
[titan] 2026-09-21 05:52:29,830 - torchtitan.observability.metrics - INFO - [31mstep: 55  [32mloss: -1.00000  [38;2;180;60;0mgrad_norm:  1.0205  [38;2;54;234;195mmemory:  0.58GiB(0.41%)  [34mtps: 227  [36mtflops: 0.04  [35mmfu: 0.00%[39m
GNREPR r1 56 7.4421793222e-01 0x1.7d0a220000000p-1
GNREPR r0 56 7.4421793222e-01 0x1.7d0a220000000p-1
[titan] 2026-09-21 05:52:32,082 - torchtitan.observability.metrics - INFO - [31mstep: 56  [32mloss:  2.52163  [38;2;180;60;0mgrad_norm:  0.7442  [38;2;54;234;195mmemory:  0.49GiB(0.35%)  [34mtps: 227  [36mtflops: 0.04  [35mmfu: 0.00%[39m
[titan] 2026-09-21 05:52:32,083 - torchtitan.observability.metrics - INFO - [31mstep: 56  [32mloss: -1.00000  [38;2;180;60;0mgrad_norm:  0.7442  [38;2;54;234;195mmemory:  0.58GiB(0.41%)  [34mtps: 227  [36mtflops: 0.04  [35mmfu: 0.00%[39m
GNREPR r1 57 9.3680346012e-01 0x1.dfa4b40000000p-1
GNREPR r0 57 9.3680346012e-01 0x1.dfa4b40000000p-1
[titan] 2026-09-21 05:52:34,340 - torchtitan.observability.metrics - INFO - [31mstep: 57  [32mloss:  2.53517  [38;2;180;60;0mgrad_norm:  0.9368  [38;2;54;234;195mmemory:  0.49GiB(0.35%)  [34mtps: 227  [36mtflops: 0.04  [35mmfu: 0.00%[39m
[titan] 2026-09-21 05:52:34,341 - torchtitan.observability.metrics - INFO - [31mstep: 57  [32mloss: -1.00000  [38;2;180;60;0mgrad_norm:  0.9368  [38;2;54;234;195mmemory:  0.58GiB(0.41%)  [34mtps: 227  [36mtflops: 0.04  [35mmfu: 0.00%[39m
GNREPR r1 58 1.0166243315e+00 0x1.04417e0000000p+0
GNREPR r0 58 1.0166243315e+00 0x1.04417e0000000p+0
[titan] 2026-09-21 05:52:36,595 - torchtitan.observability.metrics - INFO - [31mstep: 58  [32mloss:  2.61169  [38;2;180;60;0mgrad_norm:  1.0166  [38;2;54;234;195mmemory:  0.49GiB(0.35%)  [34mtps: 227  [36mtflops: 0.04  [35mmfu: 0.00%[39m
[titan] 2026-09-21 05:52:36,596 - torchtitan.observability.metrics - INFO - [31mstep: 58  [32mloss: -1.00000  [38;2;180;60;0mgrad_norm:  1.0166  [38;2;54;234;195mmemory:  0.58GiB(0.41%)  [34mtps: 227  [36mtflops: 0.04  [35mmfu: 0.00%[39m
GNREPR r1 59 8.8377964497e-01 0x1.c47ec40000000p-1
GNREPR r0 59 8.8377964497e-01 0x1.c47ec40000000p-1
[titan] 2026-09-21 05:52:38,852 - torchtitan.observability.metrics - INFO - [31mstep: 59  [32mloss:  2.66644  [38;2;180;60;0mgrad_norm:  0.8838  [38;2;54;234;195mmemory:  0.49GiB(0.35%)  [34mtps: 227  [36mtflops: 0.04  [35mmfu: 0.00%[39m
[titan] 2026-09-21 05:52:38,852 - torchtitan.observability.metrics - INFO - [31mstep: 59  [32mloss: -1.00000  [38;2;180;60;0mgrad_norm:  0.8838  [38;2;54;234;195mmemory:  0.58GiB(0.41%)  [34mtps: 227  [36mtflops: 0.04  [35mmfu: 0.00%[39m
GNREPR r1 60 8.0251419544e-01 0x1.9ae3240000000p-1
GNREPR r0 60 8.0251419544e-01 0x1.9ae3240000000p-1
[titan] 2026-09-21 05:52:41,106 - torchtitan.observability.metrics - INFO - [31mstep: 60  [32mloss:  2.56511  [38;2;180;60;0mgrad_norm:  0.8025  [38;2;54;234;195mmemory:  0.49GiB(0.35%)  [34mtps: 227  [36mtflops: 0.04  [35mmfu: 0.00%[39m
[titan] 2026-09-21 05:52:41,107 - torchtitan.observability.metrics - INFO - [31mstep: 60  [32mloss: -1.00000  [38;2;180;60;0mgrad_norm:  0.8025  [38;2;54;234;195mmemory:  0.58GiB(0.41%)  [34mtps: 227  [36mtflops: 0.04  [35mmfu: 0.00%[39m
GNREPR r1 61 8.8300120831e-01 0x1.c418bc0000000p-1
GNREPR r0 61 8.8300120831e-01 0x1.c418bc0000000p-1
[titan] 2026-09-21 05:52:43,365 - torchtitan.observability.metrics - INFO - [31mstep: 61  [32mloss:  2.62348  [38;2;180;60;0mgrad_norm:  0.8830  [38;2;54;234;195mmemory:  0.49GiB(0.35%)  [34mtps: 227  [36mtflops: 0.04  [35mmfu: 0.00%[39m
[titan] 2026-09-21 05:52:43,366 - torchtitan.observability.metrics - INFO - [31mstep: 61  [32mloss: -1.00000  [38;2;180;60;0mgrad_norm:  0.8830  [38;2;54;234;195mmemory:  0.58GiB(0.41%)  [34mtps: 227  [36mtflops: 0.04  [35mmfu: 0.00%[39m
GNREPR r1 62 8.4145945311e-01 0x1.aed3c60000000p-1
GNREPR r0 62 8.4145945311e-01 0x1.aed3c60000000p-1
[titan] 2026-09-21 05:52:45,623 - torchtitan.observability.metrics - INFO - [31mstep: 62  [32mloss:  2.69111  [38;2;180;60;0mgrad_norm:  0.8415  [38;2;54;234;195mmemory:  0.49GiB(0.35%)  [34mtps: 227  [36mtflops: 0.04  [35mmfu: 0.00%[39m
[titan] 2026-09-21 05:52:45,624 - torchtitan.observability.metrics - INFO - [31mstep: 62  [32mloss: -1.00000  [38;2;180;60;0mgrad_norm:  0.8415  [38;2;54;234;195mmemory:  0.58GiB(0.41%)  [34mtps: 227  [36mtflops: 0.04  [35mmfu: 0.00%[39m
GNREPR r1 63 8.8765656948e-01 0x1.c67aec0000000p-1
GNREPR r0 63 8.8765656948e-01 0x1.c67aec0000000p-1
[titan] 2026-09-21 05:52:47,895 - torchtitan.observability.metrics - INFO - [31mstep: 63  [32mloss:  2.62734  [38;2;180;60;0mgrad_norm:  0.8877  [38;2;54;234;195mmemory:  0.49GiB(0.35%)  [34mtps: 225  [36mtflops: 0.04  [35mmfu: 0.00%[39m
[titan] 2026-09-21 05:52:47,896 - torchtitan.observability.metrics - INFO - [31mstep: 63  [32mloss: -1.00000  [38;2;180;60;0mgrad_norm:  0.8877  [38;2;54;234;195mmemory:  0.58GiB(0.41%)  [34mtps: 225  [36mtflops: 0.04  [35mmfu: 0.00%[39m
GNREPR r1 64 6.2675684690e-01 0x1.40e6460000000p-1
GNREPR r0 64 6.2675684690e-01 0x1.40e6460000000p-1
[titan] 2026-09-21 05:52:50,158 - torchtitan.observability.metrics - INFO - [31mstep: 64  [32mloss:  2.62002  [38;2;180;60;0mgrad_norm:  0.6268  [38;2;54;234;195mmemory:  0.49GiB(0.35%)  [34mtps: 226  [36mtflops: 0.04  [35mmfu: 0.00%[39m
[titan] 2026-09-21 05:52:50,159 - torchtitan.observability.metrics - INFO - [31mstep: 64  [32mloss: -1.00000  [38;2;180;60;0mgrad_norm:  0.6268  [38;2;54;234;195mmemory:  0.58GiB(0.41%)  [34mtps: 226  [36mtflops: 0.04  [35mmfu: 0.00%[39m
GNREPR r1 65 8.5456883907e-01 0x1.b58a0c0000000p-1
GNREPR r0 65 8.5456883907e-01 0x1.b58a0c0000000p-1
[titan] 2026-09-21 05:52:52,407 - torchtitan.observability.metrics - INFO - [31mstep: 65  [32mloss:  2.70883  [38;2;180;60;0mgrad_norm:  0.8546  [38;2;54;234;195mmemory:  0.49GiB(0.35%)  [34mtps: 228  [36mtflops: 0.04  [35mmfu: 0.00%[39m
[titan] 2026-09-21 05:52:52,408 - torchtitan.observability.metrics - INFO - [31mstep: 65  [32mloss: -1.00000  [38;2;180;60;0mgrad_norm:  0.8546  [38;2;54;234;195mmemory:  0.58GiB(0.41%)  [34mtps: 228  [36mtflops: 0.04  [35mmfu: 0.00%[39m
GNREPR r1 66 6.9511455297e-01 0x1.63e60e0000000p-1
GNREPR r0 66 6.9511455297e-01 0x1.63e60e0000000p-1
[titan] 2026-09-21 05:52:54,628 - torchtitan.observability.metrics - INFO - [31mstep: 66  [32mloss:  2.58462  [38;2;180;60;0mgrad_norm:  0.6951  [38;2;54;234;195mmemory:  0.49GiB(0.35%)  [34mtps: 231  [36mtflops: 0.04  [35mmfu: 0.00%[39m
[titan] 2026-09-21 05:52:54,629 - torchtitan.observability.metrics - INFO - [31mstep: 66  [32mloss: -1.00000  [38;2;180;60;0mgrad_norm:  0.6951  [38;2;54;234;195mmemory:  0.58GiB(0.41%)  [34mtps: 231  [36mtflops: 0.04  [35mmfu: 0.00%[39m
GNREPR r1 67 8.9270102978e-01 0x1.c9101c0000000p-1
GNREPR r0 67 8.9270102978e-01 0x1.c9101c0000000p-1
[titan] 2026-09-21 05:52:56,853 - torchtitan.observability.metrics - INFO - [31mstep: 67  [32mloss:  2.59390  [38;2;180;60;0mgrad_norm:  0.8927  [38;2;54;234;195mmemory:  0.49GiB(0.35%)  [34mtps: 230  [36mtflops: 0.04  [35mmfu: 0.00%[39m
[titan] 2026-09-21 05:52:56,853 - torchtitan.observability.metrics - INFO - [31mstep: 67  [32mloss: -1.00000  [38;2;180;60;0mgrad_norm:  0.8927  [38;2;54;234;195mmemory:  0.58GiB(0.41%)  [34mtps: 230  [36mtflops: 0.04  [35mmfu: 0.00%[39m
GNREPR r1 68 7.9805403948e-01 0x1.989a8a0000000p-1
GNREPR r0 68 7.9805403948e-01 0x1.989a8a0000000p-1
[titan] 2026-09-21 05:52:59,107 - torchtitan.observability.metrics - INFO - [31mstep: 68  [32mloss:  2.60206  [38;2;180;60;0mgrad_norm:  0.7981  [38;2;54;234;195mmemory:  0.49GiB(0.35%)  [34mtps: 227  [36mtflops: 0.04  [35mmfu: 0.00%[39m
[titan] 2026-09-21 05:52:59,107 - torchtitan.observability.metrics - INFO - [31mstep: 68  [32mloss: -1.00000  [38;2;180;60;0mgrad_norm:  0.7981  [38;2;54;234;195mmemory:  0.58GiB(0.41%)  [34mtps: 227  [36mtflops: 0.04  [35mmfu: 0.00%[39m
GNREPR r1 69 9.1057622433e-01 0x1.d2370c0000000p-1
GNREPR r0 69 9.1057622433e-01 0x1.d2370c0000000p-1
[titan] 2026-09-21 05:53:01,355 - torchtitan.observability.metrics - INFO - [31mstep: 69  [32mloss:  2.82205  [38;2;180;60;0mgrad_norm:  0.9106  [38;2;54;234;195mmemory:  0.49GiB(0.35%)  [34mtps: 228  [36mtflops: 0.04  [35mmfu: 0.00%[39m
[titan] 2026-09-21 05:53:01,356 - torchtitan.observability.metrics - INFO - [31mstep: 69  [32mloss: -1.00000  [38;2;180;60;0mgrad_norm:  0.9106  [38;2;54;234;195mmemory:  0.58GiB(0.41%)  [34mtps: 228  [36mtflops: 0.04  [35mmfu: 0.00%[39m
GNREPR r1 70 6.3919246197e-01 0x1.47443c0000000p-1
GNREPR r0 70 6.3919246197e-01 0x1.47443c0000000p-1
[titan] 2026-09-21 05:53:03,600 - torchtitan.observability.metrics - INFO - [31mstep: 70  [32mloss:  2.71454  [38;2;180;60;0mgrad_norm:  0.6392  [38;2;54;234;195mmemory:  0.49GiB(0.35%)  [34mtps: 228  [36mtflops: 0.04  [35mmfu: 0.00%[39m
[titan] 2026-09-21 05:53:03,600 - torchtitan.observability.metrics - INFO - [31mstep: 70  [32mloss: -1.00000  [38;2;180;60;0mgrad_norm:  0.6392  [38;2;54;234;195mmemory:  0.58GiB(0.41%)  [34mtps: 228  [36mtflops: 0.04  [35mmfu: 0.00%[39m
GNREPR r1 71 5.8019655943e-01 0x1.290f860000000p-1
GNREPR r0 71 5.8019655943e-01 0x1.290f860000000p-1
[titan] 2026-09-21 05:53:05,827 - torchtitan.observability.metrics - INFO - [31mstep: 71  [32mloss:  2.53453  [38;2;180;60;0mgrad_norm:  0.5802  [38;2;54;234;195mmemory:  0.49GiB(0.35%)  [34mtps: 230  [36mtflops: 0.04  [35mmfu: 0.00%[39m
[titan] 2026-09-21 05:53:05,827 - torchtitan.observability.metrics - INFO - [31mstep: 71  [32mloss: -1.00000  [38;2;180;60;0mgrad_norm:  0.5802  [38;2;54;234;195mmemory:  0.58GiB(0.41%)  [34mtps: 230  [36mtflops: 0.04  [35mmfu: 0.00%[39m
GNREPR r1 72 7.7706736326e-01 0x1.8ddbc60000000p-1
GNREPR r0 72 7.7706736326e-01 0x1.8ddbc60000000p-1
[titan] 2026-09-21 05:53:08,069 - torchtitan.observability.metrics - INFO - [31mstep: 72  [32mloss:  2.57815  [38;2;180;60;0mgrad_norm:  0.7771  [38;2;54;234;195mmemory:  0.49GiB(0.35%)  [34mtps: 228  [36mtflops: 0.04  [35mmfu: 0.00%[39m
[titan] 2026-09-21 05:53:08,070 - torchtitan.observability.metrics - INFO - [31mstep: 72  [32mloss: -1.00000  [38;2;180;60;0mgrad_norm:  0.7771  [38;2;54;234;195mmemory:  0.58GiB(0.41%)  [34mtps: 228  [36mtflops: 0.04  [35mmfu: 0.00%[39m
GNREPR r1 73 1.0471446514e+00 0x1.0c11ac0000000p+0
GNREPR r0 73 1.0471446514e+00 0x1.0c11ac0000000p+0
[titan] 2026-09-21 05:53:10,323 - torchtitan.observability.metrics - INFO - [31mstep: 73  [32mloss:  2.60877  [38;2;180;60;0mgrad_norm:  1.0471  [38;2;54;234;195mmemory:  0.49GiB(0.35%)  [34mtps: 227  [36mtflops: 0.04  [35mmfu: 0.00%[39m
[titan] 2026-09-21 05:53:10,323 - torchtitan.observability.metrics - INFO - [31mstep: 73  [32mloss: -1.00000  [38;2;180;60;0mgrad_norm:  1.0471  [38;2;54;234;195mmemory:  0.58GiB(0.41%)  [34mtps: 227  [36mtflops: 0.04  [35mmfu: 0.00%[39m
GNREPR r1 74 7.2479188442e-01 0x1.7317ec0000000p-1
GNREPR r0 74 7.2479188442e-01 0x1.7317ec0000000p-1
[titan] 2026-09-21 05:53:12,782 - torchtitan.observability.metrics - INFO - [31mstep: 74  [32mloss:  2.42852  [38;2;180;60;0mgrad_norm:  0.7248  [38;2;54;234;195mmemory:  0.49GiB(0.35%)  [34mtps: 208  [36mtflops: 0.03  [35mmfu: 0.00%[39m
[titan] 2026-09-21 05:53:12,785 - torchtitan.observability.metrics - INFO - [31mstep: 74  [32mloss: -1.00000  [38;2;180;60;0mgrad_norm:  0.7248  [38;2;54;234;195mmemory:  0.58GiB(0.41%)  [34mtps: 208  [36mtflops: 0.03  [35mmfu: 0.00%[39m
GNREPR r0 75 6.2037652731e-01 0x1.3da1fe0000000p-1
GNREPR r1 75 6.2037652731e-01 0x1.3da1fe0000000p-1
[titan] 2026-09-21 05:53:15,351 - torchtitan.observability.metrics - INFO - [31mstep: 75  [32mloss: -1.00000  [38;2;180;60;0mgrad_norm:  0.6204  [38;2;54;234;195mmemory:  0.58GiB(0.41%)  [34mtps: 200  [36mtflops: 0.03  [35mmfu: 0.00%[39m
[titan] 2026-09-21 05:53:15,354 - torchtitan.observability.metrics - INFO - [31mstep: 75  [32mloss:  2.65014  [38;2;180;60;0mgrad_norm:  0.6204  [38;2;54;234;195mmemory:  0.49GiB(0.35%)  [34mtps: 199  [36mtflops: 0.03  [35mmfu: 0.00%[39m
GNREPR r1 76 7.3164379597e-01 0x1.769a040000000p-1
GNREPR r0 76 7.3164379597e-01 0x1.769a040000000p-1
[titan] 2026-09-21 05:53:17,699 - torchtitan.observability.metrics - INFO - [31mstep: 76  [32mloss:  2.42979  [38;2;180;60;0mgrad_norm:  0.7316  [38;2;54;234;195mmemory:  0.49GiB(0.35%)  [34mtps: 218  [36mtflops: 0.03  [35mmfu: 0.00%[39m
[titan] 2026-09-21 05:53:17,700 - torchtitan.observability.metrics - INFO - [31mstep: 76  [32mloss: -1.00000  [38;2;180;60;0mgrad_norm:  0.7316  [38;2;54;234;195mmemory:  0.58GiB(0.41%)  [34mtps: 218  [36mtflops: 0.03  [35mmfu: 0.00%[39m
GNREPR r0 77 6.7867612839e-01 0x1.5b7b700000000p-1
GNREPR r1 77 6.7867612839e-01 0x1.5b7b700000000p-1
[titan] 2026-09-21 05:53:20,115 - torchtitan.observability.metrics - INFO - [31mstep: 77  [32mloss: -1.00000  [38;2;180;60;0mgrad_norm:  0.6787  [38;2;54;234;195mmemory:  0.58GiB(0.41%)  [34mtps: 212  [36mtflops: 0.03  [35mmfu: 0.00%[39m
[titan] 2026-09-21 05:53:20,115 - torchtitan.observability.metrics - INFO - [31mstep: 77  [32mloss:  2.54660  [38;2;180;60;0mgrad_norm:  0.6787  [38;2;54;234;195mmemory:  0.49GiB(0.35%)  [34mtps: 212  [36mtflops: 0.03  [35mmfu: 0.00%[39m
GNREPR r1 78 7.6678365469e-01 0x1.8897de0000000p-1
GNREPR r0 78 7.6678365469e-01 0x1.8897de0000000p-1
[titan] 2026-09-21 05:53:22,542 - torchtitan.observability.metrics - INFO - [31mstep: 78  [32mloss:  2.45537  [38;2;180;60;0mgrad_norm:  0.7668  [38;2;54;234;195mmemory:  0.49GiB(0.35%)  [34mtps: 211  [36mtflops: 0.03  [35mmfu: 0.00%[39m
[titan] 2026-09-21 05:53:22,543 - torchtitan.observability.metrics - INFO - [31mstep: 78  [32mloss: -1.00000  [38;2;180;60;0mgrad_norm:  0.7668  [38;2;54;234;195mmemory:  0.58GiB(0.41%)  [34mtps: 211  [36mtflops: 0.03  [35mmfu: 0.00%[39m
GNREPR r1 79 7.4030172825e-01 0x1.7b08d40000000p-1
GNREPR r0 79 7.4030172825e-01 0x1.7b08d40000000p-1
[titan] 2026-09-21 05:53:24,965 - torchtitan.observability.metrics - INFO - [31mstep: 79  [32mloss:  2.57205  [38;2;180;60;0mgrad_norm:  0.7403  [38;2;54;234;195mmemory:  0.49GiB(0.35%)  [34mtps: 211  [36mtflops: 0.03  [35mmfu: 0.00%[39m
[titan] 2026-09-21 05:53:24,965 - torchtitan.observability.metrics - INFO - [31mstep: 79  [32mloss: -1.00000  [38;2;180;60;0mgrad_norm:  0.7403  [38;2;54;234;195mmemory:  0.58GiB(0.41%)  [34mtps: 211  [36mtflops: 0.03  [35mmfu: 0.00%[39m
GNREPR r1 80 9.1766178608e-01 0x1.d5d7c40000000p-1
GNREPR r0 80 9.1766178608e-01 0x1.d5d7c40000000p-1
[titan] 2026-09-21 05:53:27,386 - torchtitan.observability.metrics - INFO - [31mstep: 80  [32mloss:  2.61136  [38;2;180;60;0mgrad_norm:  0.9177  [38;2;54;234;195mmemory:  0.49GiB(0.35%)  [34mtps: 212  [36mtflops: 0.03  [35mmfu: 0.00%[39m
[titan] 2026-09-21 05:53:27,386 - torchtitan.observability.metrics - INFO - [31mstep: 80  [32mloss: -1.00000  [38;2;180;60;0mgrad_norm:  0.9177  [38;2;54;234;195mmemory:  0.58GiB(0.41%)  [34mtps: 212  [36mtflops: 0.03  [35mmfu: 0.00%[39m
GNREPR r1 81 8.0899304152e-01 0x1.9e34560000000p-1
GNREPR r0 81 8.0899304152e-01 0x1.9e34560000000p-1
[titan] 2026-09-21 05:53:29,810 - torchtitan.observability.metrics - INFO - [31mstep: 81  [32mloss:  2.55267  [38;2;180;60;0mgrad_norm:  0.8090  [38;2;54;234;195mmemory:  0.49GiB(0.35%)  [34mtps: 211  [36mtflops: 0.03  [35mmfu: 0.00%[39m
[titan] 2026-09-21 05:53:29,810 - torchtitan.observability.metrics - INFO - [31mstep: 81  [32mloss: -1.00000  [38;2;180;60;0mgrad_norm:  0.8090  [38;2;54;234;195mmemory:  0.58GiB(0.41%)  [34mtps: 211  [36mtflops: 0.03  [35mmfu: 0.00%[39m
GNREPR r0 82 6.8082517385e-01 0x1.5c951e0000000p-1
GNREPR r1 82 6.8082517385e-01 0x1.5c951e0000000p-1
[titan] 2026-09-21 05:53:32,214 - torchtitan.observability.metrics - INFO - [31mstep: 82  [32mloss: -1.00000  [38;2;180;60;0mgrad_norm:  0.6808  [38;2;54;234;195mmemory:  0.58GiB(0.41%)  [34mtps: 213  [36mtflops: 0.03  [35mmfu: 0.00%[39m
[titan] 2026-09-21 05:53:32,217 - torchtitan.observability.metrics - INFO - [31mstep: 82  [32mloss:  2.46262  [38;2;180;60;0mgrad_norm:  0.6808  [38;2;54;234;195mmemory:  0.49GiB(0.35%)  [34mtps: 213  [36mtflops: 0.03  [35mmfu: 0.00%[39m
GNREPR r0 83 8.7446600199e-01 0x1.bfba020000000p-1
GNREPR r1 83 8.7446600199e-01 0x1.bfba020000000p-1
[titan] 2026-09-21 05:53:34,535 - torchtitan.observability.metrics - INFO - [31mstep: 83  [32mloss: -1.00000  [38;2;180;60;0mgrad_norm:  0.8745  [38;2;54;234;195mmemory:  0.58GiB(0.41%)  [34mtps: 221  [36mtflops: 0.03  [35mmfu: 0.00%[39m
[titan] 2026-09-21 05:53:34,538 - torchtitan.observability.metrics - INFO - [31mstep: 83  [32mloss:  2.45465  [38;2;180;60;0mgrad_norm:  0.8745  [38;2;54;234;195mmemory:  0.49GiB(0.35%)  [34mtps: 221  [36mtflops: 0.03  [35mmfu: 0.00%[39m
GNREPR r0 84 7.7266132832e-01 0x1.8b9a440000000p-1
GNREPR r1 84 7.7266132832e-01 0x1.8b9a440000000p-1
[titan] 2026-09-21 05:53:36,904 - torchtitan.observability.metrics - INFO - [31mstep: 84  [32mloss: -1.00000  [38;2;180;60;0mgrad_norm:  0.7727  [38;2;54;234;195mmemory:  0.58GiB(0.41%)  [34mtps: 216  [36mtflops: 0.03  [35mmfu: 0.00%[39m
[titan] 2026-09-21 05:53:36,907 - torchtitan.observability.metrics - INFO - [31mstep: 84  [32mloss:  2.64126  [38;2;180;60;0mgrad_norm:  0.7727  [38;2;54;234;195mmemory:  0.49GiB(0.35%)  [34mtps: 216  [36mtflops: 0.03  [35mmfu: 0.00%[39m
GNREPR r0 85 1.0172532797e+00 0x1.046ab60000000p+0
GNREPR r1 85 1.0172532797e+00 0x1.046ab60000000p+0
[titan] 2026-09-21 05:53:39,279 - torchtitan.observability.metrics - INFO - [31mstep: 85  [32mloss: -1.00000  [38;2;180;60;0mgrad_norm:  1.0173  [38;2;54;234;195mmemory:  0.58GiB(0.41%)  [34mtps: 216  [36mtflops: 0.03  [35mmfu: 0.00%[39m
[titan] 2026-09-21 05:53:39,283 - torchtitan.observability.metrics - INFO - [31mstep: 85  [32mloss:  2.51861  [38;2;180;60;0mgrad_norm:  1.0173  [38;2;54;234;195mmemory:  0.49GiB(0.35%)  [34mtps: 216  [36mtflops: 0.03  [35mmfu: 0.00%[39m
GNREPR r0 86 7.9242730141e-01 0x1.95b9080000000p-1
GNREPR r1 86 7.9242730141e-01 0x1.95b9080000000p-1
[titan] 2026-09-21 05:53:41,644 - torchtitan.observability.metrics - INFO - [31mstep: 86  [32mloss: -1.00000  [38;2;180;60;0mgrad_norm:  0.7924  [38;2;54;234;195mmemory:  0.58GiB(0.41%)  [34mtps: 217  [36mtflops: 0.03  [35mmfu: 0.00%[39m
[titan] 2026-09-21 05:53:41,648 - torchtitan.observability.metrics - INFO - [31mstep: 86  [32mloss:  2.48122  [38;2;180;60;0mgrad_norm:  0.7924  [38;2;54;234;195mmemory:  0.49GiB(0.35%)  [34mtps: 217  [36mtflops: 0.03  [35mmfu: 0.00%[39m
GNREPR r0 87 8.1568700075e-01 0x1.a1a1ba0000000p-1
GNREPR r1 87 8.1568700075e-01 0x1.a1a1ba0000000p-1
[titan] 2026-09-21 05:53:44,004 - torchtitan.observability.metrics - INFO - [31mstep: 87  [32mloss: -1.00000  [38;2;180;60;0mgrad_norm:  0.8157  [38;2;54;234;195mmemory:  0.58GiB(0.41%)  [34mtps: 217  [36mtflops: 0.03  [35mmfu: 0.00%[39m
[titan] 2026-09-21 05:53:44,008 - torchtitan.observability.metrics - INFO - [31mstep: 87  [32mloss:  2.53985  [38;2;180;60;0mgrad_norm:  0.8157  [38;2;54;234;195mmemory:  0.49GiB(0.35%)  [34mtps: 217  [36mtflops: 0.03  [35mmfu: 0.00%[39m
GNREPR r0 88 7.6242876053e-01 0x1.865d100000000p-1
GNREPR r1 88 7.6242876053e-01 0x1.865d100000000p-1
[titan] 2026-09-21 05:53:46,407 - torchtitan.observability.metrics - INFO - [31mstep: 88  [32mloss: -1.00000  [38;2;180;60;0mgrad_norm:  0.7624  [38;2;54;234;195mmemory:  0.58GiB(0.41%)  [34mtps: 213  [36mtflops: 0.03  [35mmfu: 0.00%[39m
[titan] 2026-09-21 05:53:46,411 - torchtitan.observability.metrics - INFO - [31mstep: 88  [32mloss:  2.60749  [38;2;180;60;0mgrad_norm:  0.7624  [38;2;54;234;195mmemory:  0.49GiB(0.35%)  [34mtps: 213  [36mtflops: 0.03  [35mmfu: 0.00%[39m
GNREPR r0 89 9.0174114704e-01 0x1.cdb1040000000p-1
GNREPR r1 89 9.0174114704e-01 0x1.cdb1040000000p-1
[titan] 2026-09-21 05:53:48,818 - torchtitan.observability.metrics - INFO - [31mstep: 89  [32mloss: -1.00000  [38;2;180;60;0mgrad_norm:  0.9017  [38;2;54;234;195mmemory:  0.58GiB(0.41%)  [34mtps: 212  [36mtflops: 0.03  [35mmfu: 0.00%[39m
[titan] 2026-09-21 05:53:48,821 - torchtitan.observability.metrics - INFO - [31mstep: 89  [32mloss:  2.63170  [38;2;180;60;0mgrad_norm:  0.9017  [38;2;54;234;195mmemory:  0.49GiB(0.35%)  [34mtps: 212  [36mtflops: 0.03  [35mmfu: 0.00%[39m
GNREPR r0 90 7.8554522991e-01 0x1.9232fc0000000p-1
GNREPR r1 90 7.8554522991e-01 0x1.9232fc0000000p-1
[titan] 2026-09-21 05:53:51,199 - torchtitan.observability.metrics - INFO - [31mstep: 90  [32mloss: -1.00000  [38;2;180;60;0mgrad_norm:  0.7855  [38;2;54;234;195mmemory:  0.58GiB(0.41%)  [34mtps: 215  [36mtflops: 0.03  [35mmfu: 0.00%[39m
[titan] 2026-09-21 05:53:51,203 - torchtitan.observability.metrics - INFO - [31mstep: 90  [32mloss:  2.46300  [38;2;180;60;0mgrad_norm:  0.7855  [38;2;54;234;195mmemory:  0.49GiB(0.35%)  [34mtps: 215  [36mtflops: 0.03  [35mmfu: 0.00%[39m
GNREPR r0 91 8.8690423965e-01 0x1.c618500000000p-1
GNREPR r1 91 8.8690423965e-01 0x1.c618500000000p-1
[titan] 2026-09-21 05:53:53,616 - torchtitan.observability.metrics - INFO - [31mstep: 91  [32mloss: -1.00000  [38;2;180;60;0mgrad_norm:  0.8869  [38;2;54;234;195mmemory:  0.58GiB(0.41%)  [34mtps: 212  [36mtflops: 0.03  [35mmfu: 0.00%[39m
[titan] 2026-09-21 05:53:53,619 - torchtitan.observability.metrics - INFO - [31mstep: 91  [32mloss:  2.56914  [38;2;180;60;0mgrad_norm:  0.8869  [38;2;54;234;195mmemory:  0.49GiB(0.35%)  [34mtps: 212  [36mtflops: 0.03  [35mmfu: 0.00%[39m
GNREPR r0 92 8.3520454168e-01 0x1.ab9fee0000000p-1
GNREPR r1 92 8.3520454168e-01 0x1.ab9fee0000000p-1
[titan] 2026-09-21 05:53:56,031 - torchtitan.observability.metrics - INFO - [31mstep: 92  [32mloss: -1.00000  [38;2;180;60;0mgrad_norm:  0.8352  [38;2;54;234;195mmemory:  0.58GiB(0.41%)  [34mtps: 212  [36mtflops: 0.03  [35mmfu: 0.00%[39m
[titan] 2026-09-21 05:53:56,035 - torchtitan.observability.metrics - INFO - [31mstep: 92  [32mloss:  2.58874  [38;2;180;60;0mgrad_norm:  0.8352  [38;2;54;234;195mmemory:  0.49GiB(0.35%)  [34mtps: 212  [36mtflops: 0.03  [35mmfu: 0.00%[39m
GNREPR r0 93 8.4836637974e-01 0x1.b25d140000000p-1
GNREPR r1 93 8.4836637974e-01 0x1.b25d140000000p-1
[titan] 2026-09-21 05:53:58,454 - torchtitan.observability.metrics - INFO - [31mstep: 93  [32mloss: -1.00000  [38;2;180;60;0mgrad_norm:  0.8484  [38;2;54;234;195mmemory:  0.58GiB(0.41%)  [34mtps: 211  [36mtflops: 0.03  [35mmfu: 0.00%[39m
[titan] 2026-09-21 05:53:58,457 - torchtitan.observability.metrics - INFO - [31mstep: 93  [32mloss:  2.78580  [38;2;180;60;0mgrad_norm:  0.8484  [38;2;54;234;195mmemory:  0.49GiB(0.35%)  [34mtps: 211  [36mtflops: 0.03  [35mmfu: 0.00%[39m
GNREPR r0 94 7.1254563332e-01 0x1.6cd2c80000000p-1
GNREPR r1 94 7.1254563332e-01 0x1.6cd2c80000000p-1
[titan] 2026-09-21 05:54:00,872 - torchtitan.observability.metrics - INFO - [31mstep: 94  [32mloss: -1.00000  [38;2;180;60;0mgrad_norm:  0.7125  [38;2;54;234;195mmemory:  0.58GiB(0.41%)  [34mtps: 212  [36mtflops: 0.03  [35mmfu: 0.00%[39m
[titan] 2026-09-21 05:54:00,876 - torchtitan.observability.metrics - INFO - [31mstep: 94  [32mloss:  2.40922  [38;2;180;60;0mgrad_norm:  0.7125  [38;2;54;234;195mmemory:  0.49GiB(0.35%)  [34mtps: 212  [36mtflops: 0.03  [35mmfu: 0.00%[39m
GNREPR r0 95 7.0756554604e-01 0x1.6a46080000000p-1
GNREPR r1 95 7.0756554604e-01 0x1.6a46080000000p-1
[titan] 2026-09-21 05:54:03,282 - torchtitan.observability.metrics - INFO - [31mstep: 95  [32mloss: -1.00000  [38;2;180;60;0mgrad_norm:  0.7076  [38;2;54;234;195mmemory:  0.58GiB(0.41%)  [34mtps: 212  [36mtflops: 0.03  [35mmfu: 0.00%[39m
[titan] 2026-09-21 05:54:03,286 - torchtitan.observability.metrics - INFO - [31mstep: 95  [32mloss:  2.50281  [38;2;180;60;0mgrad_norm:  0.7076  [38;2;54;234;195mmemory:  0.49GiB(0.35%)  [34mtps: 213  [36mtflops: 0.03  [35mmfu: 0.00%[39m
GNREPR r0 96 7.5922328234e-01 0x1.84b8ea0000000p-1
GNREPR r1 96 7.5922328234e-01 0x1.84b8ea0000000p-1
[titan] 2026-09-21 05:54:05,689 - torchtitan.observability.metrics - INFO - [31mstep: 96  [32mloss: -1.00000  [38;2;180;60;0mgrad_norm:  0.7592  [38;2;54;234;195mmemory:  0.58GiB(0.41%)  [34mtps: 213  [36mtflops: 0.03  [35mmfu: 0.00%[39m
[titan] 2026-09-21 05:54:05,693 - torchtitan.observability.metrics - INFO - [31mstep: 96  [32mloss:  2.52596  [38;2;180;60;0mgrad_norm:  0.7592  [38;2;54;234;195mmemory:  0.49GiB(0.35%)  [34mtps: 213  [36mtflops: 0.03  [35mmfu: 0.00%[39m
GNREPR r0 97 9.8594319820e-01 0x1.f8cd8c0000000p-1
GNREPR r1 97 9.8594319820e-01 0x1.f8cd8c0000000p-1
[titan] 2026-09-21 05:54:08,113 - torchtitan.observability.metrics - INFO - [31mstep: 97  [32mloss: -1.00000  [38;2;180;60;0mgrad_norm:  0.9859  [38;2;54;234;195mmemory:  0.58GiB(0.41%)  [34mtps: 211  [36mtflops: 0.03  [35mmfu: 0.00%[39m
[titan] 2026-09-21 05:54:08,117 - torchtitan.observability.metrics - INFO - [31mstep: 97  [32mloss:  2.34758  [38;2;180;60;0mgrad_norm:  0.9859  [38;2;54;234;195mmemory:  0.49GiB(0.35%)  [34mtps: 211  [36mtflops: 0.03  [35mmfu: 0.00%[39m
GNREPR r0 98 6.8578654528e-01 0x1.5f1f6a0000000p-1
GNREPR r1 98 6.8578654528e-01 0x1.5f1f6a0000000p-1
[titan] 2026-09-21 05:54:10,531 - torchtitan.observability.metrics - INFO - [31mstep: 98  [32mloss: -1.00000  [38;2;180;60;0mgrad_norm:  0.6858  [38;2;54;234;195mmemory:  0.58GiB(0.41%)  [34mtps: 212  [36mtflops: 0.03  [35mmfu: 0.00%[39m
[titan] 2026-09-21 05:54:10,534 - torchtitan.observability.metrics - INFO - [31mstep: 98  [32mloss:  2.42608  [38;2;180;60;0mgrad_norm:  0.6858  [38;2;54;234;195mmemory:  0.49GiB(0.35%)  [34mtps: 212  [36mtflops: 0.03  [35mmfu: 0.00%[39m
GNREPR r0 99 6.8867498636e-01 0x1.609a020000000p-1
GNREPR r1 99 6.8867498636e-01 0x1.609a020000000p-1
[titan] 2026-09-21 05:54:12,959 - torchtitan.observability.metrics - INFO - [31mstep: 99  [32mloss: -1.00000  [38;2;180;60;0mgrad_norm:  0.6887  [38;2;54;234;195mmemory:  0.58GiB(0.41%)  [34mtps: 211  [36mtflops: 0.03  [35mmfu: 0.00%[39m
[titan] 2026-09-21 05:54:12,962 - torchtitan.observability.metrics - INFO - [31mstep: 99  [32mloss:  2.66212  [38;2;180;60;0mgrad_norm:  0.6887  [38;2;54;234;195mmemory:  0.49GiB(0.35%)  [34mtps: 211  [36mtflops: 0.03  [35mmfu: 0.00%[39m
[titan] 2026-09-21 05:54:13,597 - torchtitan.tools.utils - INFO - [GC] Performing periodic GC collection took 0.63 seconds
[titan] 2026-09-21 05:54:13,845 - torchtitan.tools.utils - INFO - [GC] Performing periodic GC collection took 0.88 seconds
GNREPR r1 100 8.5582649708e-01 0x1.b62ee40000000p-1
GNREPR r0 100 8.5582649708e-01 0x1.b62ee40000000p-1
[titan] 2026-09-21 05:54:16,158 - torchtitan.observability.metrics - INFO - [31mstep: 100  [32mloss:  2.50196  [38;2;180;60;0mgrad_norm:  0.8558  [38;2;54;234;195mmemory:  0.49GiB(0.35%)  [34mtps: 160  [36mtflops: 0.03  [35mmfu: 0.00%[39m
[titan] 2026-09-21 05:54:16,158 - torchtitan.components.checkpointer.dcp - INFO - Saving the checkpointer.
[titan] 2026-09-21 05:54:16,158 - torchtitan.observability.metrics - INFO - [31mstep: 100  [32mloss: -1.00000  [38;2;180;60;0mgrad_norm:  0.8558  [38;2;54;234;195mmemory:  0.58GiB(0.41%)  [34mtps: 160  [36mtflops: 0.03  [35mmfu: 0.00%[39m
[titan] 2026-09-21 05:54:16,159 - torchtitan.components.checkpointer.dcp - INFO - Saving the checkpointer.
[titan] 2026-09-21 05:54:16,164 - torchtitan.components.checkpointer.dcp - INFO - Saving a model only checkpoint in torch.float32 at last step, step 100.
[titan] 2026-09-21 05:54:16,165 - torchtitan.components.checkpointer.dcp - INFO - Saving a model only checkpoint in torch.float32 at last step, step 100.
[titan] 2026-09-21 05:54:16,398 - torchtitan.tools.utils - INFO - [GC] GC collection invoked by checkpointer. took 0.02 seconds
[titan] 2026-09-21 05:54:16,398 - torchtitan.components.checkpointer.dcp - INFO - Last step checkpoint completed in 0.24s
[titan] 2026-09-21 05:54:16,399 - torchtitan.trainer - INFO - Sleeping 2 seconds for other ranks to complete
[titan] 2026-09-21 05:54:16,400 - torchtitan.tools.utils - INFO - [GC] GC collection invoked by checkpointer. took 0.01 seconds
[titan] 2026-09-21 05:54:16,401 - torchtitan.components.checkpointer.dcp - INFO - Last step checkpoint completed in 0.24s
[titan] 2026-09-21 05:54:16,401 - torchtitan.trainer - INFO - Training completed
[titan] 2026-09-21 05:54:16,409 - torchtitan.components.checkpointer.base - INFO - Destroying the purge thread.
[titan] 2026-09-21 05:54:18,399 - torchtitan.trainer - INFO - Training completed
[titan] 2026-09-21 05:54:18,407 - torchtitan.components.checkpointer.base - INFO - Destroying the purge thread.
[titan] 2026-09-21 05:54:19,176 - __main__ - INFO - Process group destroyed
[titan] 2026-09-21 05:54:19,493 - __main__ - INFO - Process group destroyed
