WARNING:absl:Failed to load jax profiler: No module named 'jax'
[titan] 2026-09-13 07:49:21,001 - root - INFO - torchtitan version: 0.0.0+unknown (0.0.0 means __version__ is not defined correctly).
[titan] 2026-09-13 07:49:21,653 - root - WARNING - initial_load_model_only=True has no effect without an initial_load_path.
[titan] 2026-09-13 07:49:21,726 - root - WARNING - initial_load_model_only=True has no effect without an initial_load_path.
[titan] 2026-09-13 07:49:21,727 - torchtitan.observability.structured_logger.jsonl_handler - INFO - Structured logging -> JSONL: /workspace/out_c4r64/seed_c4_256/structured_logs/training.global_rank_0.20260913-074921-IPEYRO.jsonl
[titan] 2026-09-13 07:49:21,916 - root - WARNING - ENV[TORCH_NCCL_ASYNC_ERROR_HANDLING] = 1 will be overridden to 3 based on job config
[titan] 2026-09-13 07:49:22,195 - root - INFO - [GC] Initial GC collection took 0.00 seconds
[titan] 2026-09-13 07:49:22,195 - root - INFO - Deterministic algorithm enabled (expect perf degradation).
[titan] 2026-09-13 07:49:22,215 - root - INFO - Building kimi_k3 debugmodel
[titan] 2026-09-13 07:49:22,363 - root - INFO - CUDA capacity: NVIDIA H100 PCIe with 79.18GiB memory
[titan] 2026-09-13 07:49:22,365 - root - WARNING - Error running lspci: [Errno 2] No such file or directory: 'lspci', fallback to use device_name
[titan] 2026-09-13 07:49:22,370 - root - INFO - Total parameter count: 1,119,984,672, active parameters: 535,879,200
[titan] 2026-09-13 07:49:22,370 - root - INFO - [34mModel kimi_k3 debugmodel [31msize: 1,119,984,672 total parameters[39m
[titan] 2026-09-13 07:49:59,988 - root - WARNING - Error running lspci: [Errno 2] No such file or directory: 'lspci', fallback to use device_name
[titan] 2026-09-13 07:49:59,988 - root - INFO - Peak FLOPS used for computing MFU: 7.560e+14
[titan] 2026-09-13 07:49:59,989 - root - INFO - CUDA memory usage for model: 0.00GiB(0.00%)
[titan] 2026-09-13 07:49:59,993 - root - INFO - Optimizer AdamW (model_part=0): 750 params [.*] {'fused': True, 'foreach': False, 'lr': 0.0008, 'betas': (0.9, 0.95), 'eps': 1e-08, 'weight_decay': 0.1}
[titan] 2026-09-13 07:49:59,996 - root - WARNING - Warmup steps (2) exceed total steps (1). Adjusting warmup steps to 1.
[titan] 2026-09-13 07:49:59,996 - root - WARNING - Warmup (1) + decay (1) steps exceed total steps (1). Adjusting decay steps to 0.
[titan] 2026-09-13 07:49:59,996 - root - INFO - Loading tokenizer from tokenizer.json
[titan] 2026-09-13 07:50:00,310 - httpx - INFO - HTTP Request: HEAD https://s3.amazonaws.com/datasets.huggingface.co/datasets/datasets/json/json.py "HTTP/1.1 200 OK"
[titan] 2026-09-13 07:50:00,392 - root - WARNING - model.safetensors.index.json not found at hf_assets_path: ./tests/assets/tokenizer/model.safetensors.index.json.                     Defaulting to saving a single safetensors file if checkpoint is saved in HF format
[titan] 2026-09-13 07:50:00,392 - root - WARNING - initial_load_model_only=True has no effect without an initial_load_path.
[titan] 2026-09-13 07:50:00,396 - root - INFO - Checkpointing active. Checkpoints will be loaded from and saved to /workspace/out_c4r64/seed_c4_256/checkpoint
[titan] 2026-09-13 07:50:00,396 - root - INFO - Trainer is initialized with 64 tokens per DP rank, 256 tokens per train step, gradient accumulation steps 4, maximum context length 2048, total steps 1 (warmup 2)
[titan] 2026-09-13 07:50:00,396 - root - INFO - Saving the checkpoint.
[titan] 2026-09-13 07:50:00,396 - root - INFO - Saving a full checkpoint at last step, step 0.
[titan] 2026-09-13 07:51:08,136 - root - INFO - [GC] GC collection invoked by checkpointer. took 0.15 seconds
[titan] 2026-09-13 07:51:08,142 - root - INFO - Last step checkpoint completed in 67.75s
[titan] 2026-09-13 07:51:08,143 - root - INFO - Created seed checkpoint
[titan] 2026-09-13 07:51:08,143 - root - INFO - Destroying the purge thread.
[titan] 2026-09-13 07:51:08,395 - root - INFO - Process group destroyed
