WARNING:absl:Failed to load jax profiler: No module named 'jax'
[titan] 2026-09-23 08:10:06,058 - __main__ - INFO - torchtitan version: 0.0.0+unknown (0.0.0 means __version__ is not defined correctly).
[titan] 2026-09-23 08:10:06,756 - torchtitan.components.checkpointer.base - WARNING - initial_load_model_only=True has no effect without an initial_load_path.
[titan] 2026-09-23 08:10:06,852 - torchtitan.components.checkpointer.base - WARNING - initial_load_model_only=True has no effect without an initial_load_path.
[titan] 2026-09-23 08:10:06,855 - torchtitan.observability.structured_logger.jsonl_handler - INFO - Structured logging -> JSONL: /home/ubuntu/results/pp_r4/dp1/structured_logs/training.global_rank_0.20260923-081006-RQ140F.jsonl
[titan] 2026-09-23 08:10:07,073 - torchtitan.distributed.utils - WARNING - ENV[TORCH_NCCL_ASYNC_ERROR_HANDLING] = 1 will be overridden to 3 based on job config
[titan] 2026-09-23 08:10:07,535 - torchtitan.tools.utils - INFO - [GC] Initial GC collection took 0.00 seconds
[titan] 2026-09-23 08:10:07,535 - torchtitan.distributed.utils - INFO - Deterministic algorithm enabled (expect perf degradation).
[titan] 2026-09-23 08:10:07,552 - torchtitan.observability.metrics - INFO - CUDA capacity: NVIDIA H100 80GB HBM3 with 79.18GiB memory
[titan] 2026-09-23 08:10:07,582 - torchtitan.components.tokenizer - INFO - Loading tokenizer from tokenizer.json
[titan] 2026-09-23 08:10:08,352 - httpx - INFO - HTTP Request: HEAD https://s3.amazonaws.com/datasets.huggingface.co/datasets/datasets/json/json.py "HTTP/1.1 200 OK"
[titan] 2026-09-23 08:10:08,492 - torchtitan.protocols.state_dict_adapter - WARNING - model.safetensors.index.json not found at hf_assets_path: ./tests/assets/tokenizer/model.safetensors.index.json.                     Defaulting to saving a single safetensors file if checkpoint is saved in HF format
[titan] 2026-09-23 08:10:08,495 - torchtitan.models.utils - INFO - Total parameter count: 25,776,880, active parameters: 17,236,208
[titan] 2026-09-23 08:10:08,495 - torchtitan.distributed.parallel_dims - INFO - Building device mesh with parallelism: pp=1, dp_replicate=1, dp_shard=1, cp=1, tp=1, ep=1
[titan] 2026-09-23 08:10:08,501 - torchtitan.distributed.parallel_dims - INFO - Successfully created meshes with active dimensions: []
[titan] 2026-09-23 08:10:08,573 - torchtitan.distributed.activation_checkpoint - INFO - Applied SelectiveAC activation checkpointing to the model
[titan] 2026-09-23 08:10:08,573 - torchtitan.distributed.activation_checkpoint - INFO - Applied SelectiveAC activation checkpointing to the model
[titan] 2026-09-23 08:10:08,725 - torchtitan.distributed.fsdp - INFO - Applied FSDP to the model
[titan] 2026-09-23 08:10:09,255 - torchtitan.training_engine - INFO - Model KimiK3Model.Config size: 25,776,880 total parameters
[titan] 2026-09-23 08:10:09,258 - torchtitan.components.optimizer.optimizer - INFO - Optimizer AdamW (model_part=0): 481 params [.*] {'fused': True, 'foreach': False, 'lr': 0.0008, 'betas': (0.9, 0.95), 'eps': 1e-08, 'weight_decay': 0.1}
[titan] 2026-09-23 08:10:09,261 - torchtitan.components.checkpointer.base - WARNING - initial_load_model_only=True has no effect without an initial_load_path.
[titan] 2026-09-23 08:10:09,268 - torchtitan.components.checkpointer.dcp - INFO - Checkpointing active. Checkpoints will be loaded from and saved to /home/ubuntu/results/pp_r4/dp1/checkpoint
[titan] 2026-09-23 08:10:09,269 - torchtitan.trainer - INFO - Peak FLOPS used for computing MFU: 9.890e+14
[titan] 2026-09-23 08:10:09,269 - torchtitan.trainer - INFO - CUDA memory usage for model: 0.07GiB(0.09%)
[titan] 2026-09-23 08:10:09,269 - torchtitan.trainer - INFO - Trainer is initialized with 256 tokens per DP rank, 1024 tokens per train step, gradient accumulation steps 4, maximum context length 2048, total steps 100 (warmup 2)
[titan] 2026-09-23 08:10:09,269 - torchtitan.components.checkpointer.base - INFO - Loading the checkpoint from /home/ubuntu/results/pp_r4/dp1/checkpoint/step-0.
[titan] 2026-09-23 08:10:13,441 - torchtitan.tools.utils - INFO - [GC] GC collection for checkpoint loading. took 0.02 seconds
[titan] 2026-09-23 08:10:13,441 - torchtitan.components.checkpointer.base - INFO - Finished loading the checkpoint in 4.17 seconds.
[titan] 2026-09-23 08:10:13,442 - torchtitan.trainer - INFO - Training starts at step 1
/home/ubuntu/venv_k3/lib/python3.12/site-packages/torch/distributed/fsdp/_fully_shard/_fsdp_state.py:336: UserWarning: FSDP2-wrapped module (FSDPCheckpointWrapper) returned a view tensor. An in-place op on this view (e.g., `x += y`) will silently drop the pre-backward hook and skip the all-gather, which can cause backward to fail or produce wrong gradients. Use out-of-place ops (`out = out + y`, not `out += y`) or `.clone()` the output before any in-place op.
  output = self._register_pre_backward_hook(output)
/home/ubuntu/venv_k3/lib/python3.12/site-packages/torch/distributed/fsdp/_fully_shard/_fsdp_state.py:336: UserWarning: FSDP2-wrapped module (FSDPCheckpointWrapper) returned a view tensor. An in-place op on this view (e.g., `x += y`) will silently drop the pre-backward hook and skip the all-gather, which can cause backward to fail or produce wrong gradients. Use out-of-place ops (`out = out + y`, not `out += y`) or `.clone()` the output before any in-place op.
  output = self._register_pre_backward_hook(output)
[titan] 2026-09-23 08:10:19,419 - torchtitan.observability.metrics - INFO - [31mstep:  1  [32mloss:  8.00352  [38;2;180;60;0mgrad_norm:  2.2337  [38;2;54;234;195mmemory:  0.25GiB(0.32%)  [34mtps: 87  [36mtflops: 0.01  [35mmfu: 0.00%[39m
[titan] 2026-09-23 08:10:19,419 - torchtitan.distributed.utils - INFO - Synchronizing and adjusting timeout for all ProcessGroups to 0:01:40
[titan] 2026-09-23 08:10:21,420 - torchtitan.observability.metrics - INFO - [31mstep:  2  [32mloss:  7.22895  [38;2;180;60;0mgrad_norm:  5.6702  [38;2;54;234;195mmemory:  0.33GiB(0.42%)  [34mtps: 512  [36mtflops: 0.08  [35mmfu: 0.01%[39m
[titan] 2026-09-23 08:10:23,005 - torchtitan.observability.metrics - INFO - [31mstep:  3  [32mloss:  6.04745  [38;2;180;60;0mgrad_norm:  4.0018  [38;2;54;234;195mmemory:  0.33GiB(0.42%)  [34mtps: 646  [36mtflops: 0.10  [35mmfu: 0.01%[39m
[titan] 2026-09-23 08:10:24,595 - torchtitan.observability.metrics - INFO - [31mstep:  4  [32mloss:  5.24064  [38;2;180;60;0mgrad_norm:  3.1516  [38;2;54;234;195mmemory:  0.33GiB(0.42%)  [34mtps: 644  [36mtflops: 0.10  [35mmfu: 0.01%[39m
[titan] 2026-09-23 08:10:26,184 - torchtitan.observability.metrics - INFO - [31mstep:  5  [32mloss:  4.65748  [38;2;180;60;0mgrad_norm:  2.9021  [38;2;54;234;195mmemory:  0.33GiB(0.42%)  [34mtps: 645  [36mtflops: 0.10  [35mmfu: 0.01%[39m
[titan] 2026-09-23 08:10:27,767 - torchtitan.observability.metrics - INFO - [31mstep:  6  [32mloss:  4.36363  [38;2;180;60;0mgrad_norm:  2.4001  [38;2;54;234;195mmemory:  0.33GiB(0.42%)  [34mtps: 647  [36mtflops: 0.10  [35mmfu: 0.01%[39m
[titan] 2026-09-23 08:10:29,357 - torchtitan.observability.metrics - INFO - [31mstep:  7  [32mloss:  4.16083  [38;2;180;60;0mgrad_norm:  2.1483  [38;2;54;234;195mmemory:  0.33GiB(0.42%)  [34mtps: 644  [36mtflops: 0.10  [35mmfu: 0.01%[39m
[titan] 2026-09-23 08:10:30,956 - torchtitan.observability.metrics - INFO - [31mstep:  8  [32mloss:  3.78406  [38;2;180;60;0mgrad_norm:  1.8104  [38;2;54;234;195mmemory:  0.33GiB(0.42%)  [34mtps: 640  [36mtflops: 0.10  [35mmfu: 0.01%[39m
[titan] 2026-09-23 08:10:32,547 - torchtitan.observability.metrics - INFO - [31mstep:  9  [32mloss:  3.86773  [38;2;180;60;0mgrad_norm:  1.8136  [38;2;54;234;195mmemory:  0.33GiB(0.42%)  [34mtps: 644  [36mtflops: 0.10  [35mmfu: 0.01%[39m
[titan] 2026-09-23 08:10:34,134 - torchtitan.observability.metrics - INFO - [31mstep: 10  [32mloss:  3.48576  [38;2;180;60;0mgrad_norm:  1.3846  [38;2;54;234;195mmemory:  0.33GiB(0.42%)  [34mtps: 645  [36mtflops: 0.10  [35mmfu: 0.01%[39m
[titan] 2026-09-23 08:10:35,727 - torchtitan.observability.metrics - INFO - [31mstep: 11  [32mloss:  3.38559  [38;2;180;60;0mgrad_norm:  1.3480  [38;2;54;234;195mmemory:  0.33GiB(0.42%)  [34mtps: 643  [36mtflops: 0.10  [35mmfu: 0.01%[39m
[titan] 2026-09-23 08:10:37,365 - torchtitan.observability.metrics - INFO - [31mstep: 12  [32mloss:  3.67037  [38;2;180;60;0mgrad_norm:  1.1095  [38;2;54;234;195mmemory:  0.33GiB(0.42%)  [34mtps: 625  [36mtflops: 0.10  [35mmfu: 0.01%[39m
[titan] 2026-09-23 08:10:38,996 - torchtitan.observability.metrics - INFO - [31mstep: 13  [32mloss:  3.20582  [38;2;180;60;0mgrad_norm:  1.1934  [38;2;54;234;195mmemory:  0.33GiB(0.42%)  [34mtps: 628  [36mtflops: 0.10  [35mmfu: 0.01%[39m
[titan] 2026-09-23 08:10:40,633 - torchtitan.observability.metrics - INFO - [31mstep: 14  [32mloss:  3.45147  [38;2;180;60;0mgrad_norm:  1.2230  [38;2;54;234;195mmemory:  0.33GiB(0.42%)  [34mtps: 626  [36mtflops: 0.10  [35mmfu: 0.01%[39m
[titan] 2026-09-23 08:10:42,268 - torchtitan.observability.metrics - INFO - [31mstep: 15  [32mloss:  3.13492  [38;2;180;60;0mgrad_norm:  1.2569  [38;2;54;234;195mmemory:  0.33GiB(0.42%)  [34mtps: 626  [36mtflops: 0.10  [35mmfu: 0.01%[39m
[titan] 2026-09-23 08:10:43,896 - torchtitan.observability.metrics - INFO - [31mstep: 16  [32mloss:  3.16738  [38;2;180;60;0mgrad_norm:  1.0416  [38;2;54;234;195mmemory:  0.33GiB(0.42%)  [34mtps: 629  [36mtflops: 0.10  [35mmfu: 0.01%[39m
[titan] 2026-09-23 08:10:45,525 - torchtitan.observability.metrics - INFO - [31mstep: 17  [32mloss:  2.98481  [38;2;180;60;0mgrad_norm:  0.9842  [38;2;54;234;195mmemory:  0.33GiB(0.42%)  [34mtps: 629  [36mtflops: 0.10  [35mmfu: 0.01%[39m
[titan] 2026-09-23 08:10:47,149 - torchtitan.observability.metrics - INFO - [31mstep: 18  [32mloss:  3.08353  [38;2;180;60;0mgrad_norm:  0.8385  [38;2;54;234;195mmemory:  0.33GiB(0.42%)  [34mtps: 631  [36mtflops: 0.10  [35mmfu: 0.01%[39m
[titan] 2026-09-23 08:10:48,765 - torchtitan.observability.metrics - INFO - [31mstep: 19  [32mloss:  2.75006  [38;2;180;60;0mgrad_norm:  0.9580  [38;2;54;234;195mmemory:  0.33GiB(0.42%)  [34mtps: 634  [36mtflops: 0.10  [35mmfu: 0.01%[39m
[titan] 2026-09-23 08:10:50,390 - torchtitan.observability.metrics - INFO - [31mstep: 20  [32mloss:  2.93400  [38;2;180;60;0mgrad_norm:  0.9777  [38;2;54;234;195mmemory:  0.33GiB(0.42%)  [34mtps: 630  [36mtflops: 0.10  [35mmfu: 0.01%[39m
[titan] 2026-09-23 08:10:52,020 - torchtitan.observability.metrics - INFO - [31mstep: 21  [32mloss:  3.07001  [38;2;180;60;0mgrad_norm:  0.8073  [38;2;54;234;195mmemory:  0.33GiB(0.42%)  [34mtps: 629  [36mtflops: 0.10  [35mmfu: 0.01%[39m
[titan] 2026-09-23 08:10:53,642 - torchtitan.observability.metrics - INFO - [31mstep: 22  [32mloss:  2.86460  [38;2;180;60;0mgrad_norm:  0.9762  [38;2;54;234;195mmemory:  0.33GiB(0.42%)  [34mtps: 631  [36mtflops: 0.10  [35mmfu: 0.01%[39m
[titan] 2026-09-23 08:10:55,262 - torchtitan.observability.metrics - INFO - [31mstep: 23  [32mloss:  2.66703  [38;2;180;60;0mgrad_norm:  0.7461  [38;2;54;234;195mmemory:  0.33GiB(0.42%)  [34mtps: 632  [36mtflops: 0.10  [35mmfu: 0.01%[39m
[titan] 2026-09-23 08:10:56,887 - torchtitan.observability.metrics - INFO - [31mstep: 24  [32mloss:  2.91070  [38;2;180;60;0mgrad_norm:  1.1127  [38;2;54;234;195mmemory:  0.33GiB(0.42%)  [34mtps: 630  [36mtflops: 0.10  [35mmfu: 0.01%[39m
[titan] 2026-09-23 08:10:58,502 - torchtitan.observability.metrics - INFO - [31mstep: 25  [32mloss:  3.13854  [38;2;180;60;0mgrad_norm:  0.9681  [38;2;54;234;195mmemory:  0.33GiB(0.42%)  [34mtps: 634  [36mtflops: 0.10  [35mmfu: 0.01%[39m
[titan] 2026-09-23 08:11:00,115 - torchtitan.observability.metrics - INFO - [31mstep: 26  [32mloss:  2.70461  [38;2;180;60;0mgrad_norm:  1.1373  [38;2;54;234;195mmemory:  0.33GiB(0.42%)  [34mtps: 635  [36mtflops: 0.10  [35mmfu: 0.01%[39m
[titan] 2026-09-23 08:11:01,736 - torchtitan.observability.metrics - INFO - [31mstep: 27  [32mloss:  2.82763  [38;2;180;60;0mgrad_norm:  0.9812  [38;2;54;234;195mmemory:  0.33GiB(0.42%)  [34mtps: 632  [36mtflops: 0.10  [35mmfu: 0.01%[39m
[titan] 2026-09-23 08:11:03,343 - torchtitan.observability.metrics - INFO - [31mstep: 28  [32mloss:  2.94909  [38;2;180;60;0mgrad_norm:  1.0357  [38;2;54;234;195mmemory:  0.33GiB(0.42%)  [34mtps: 637  [36mtflops: 0.10  [35mmfu: 0.01%[39m
[titan] 2026-09-23 08:11:04,961 - torchtitan.observability.metrics - INFO - [31mstep: 29  [32mloss:  2.62748  [38;2;180;60;0mgrad_norm:  0.9453  [38;2;54;234;195mmemory:  0.33GiB(0.42%)  [34mtps: 633  [36mtflops: 0.10  [35mmfu: 0.01%[39m
[titan] 2026-09-23 08:11:06,579 - torchtitan.observability.metrics - INFO - [31mstep: 30  [32mloss:  2.94760  [38;2;180;60;0mgrad_norm:  0.9263  [38;2;54;234;195mmemory:  0.33GiB(0.42%)  [34mtps: 633  [36mtflops: 0.10  [35mmfu: 0.01%[39m
[titan] 2026-09-23 08:11:08,189 - torchtitan.observability.metrics - INFO - [31mstep: 31  [32mloss:  2.74940  [38;2;180;60;0mgrad_norm:  0.9285  [38;2;54;234;195mmemory:  0.33GiB(0.42%)  [34mtps: 636  [36mtflops: 0.10  [35mmfu: 0.01%[39m
[titan] 2026-09-23 08:11:09,804 - torchtitan.observability.metrics - INFO - [31mstep: 32  [32mloss:  2.78001  [38;2;180;60;0mgrad_norm:  0.7997  [38;2;54;234;195mmemory:  0.33GiB(0.42%)  [34mtps: 634  [36mtflops: 0.10  [35mmfu: 0.01%[39m
[titan] 2026-09-23 08:11:11,418 - torchtitan.observability.metrics - INFO - [31mstep: 33  [32mloss:  2.54809  [38;2;180;60;0mgrad_norm:  0.8459  [38;2;54;234;195mmemory:  0.33GiB(0.42%)  [34mtps: 635  [36mtflops: 0.10  [35mmfu: 0.01%[39m
[titan] 2026-09-23 08:11:13,029 - torchtitan.observability.metrics - INFO - [31mstep: 34  [32mloss:  2.54650  [38;2;180;60;0mgrad_norm:  0.9655  [38;2;54;234;195mmemory:  0.33GiB(0.42%)  [34mtps: 636  [36mtflops: 0.10  [35mmfu: 0.01%[39m
[titan] 2026-09-23 08:11:14,619 - torchtitan.observability.metrics - INFO - [31mstep: 35  [32mloss:  2.70949  [38;2;180;60;0mgrad_norm:  0.8940  [38;2;54;234;195mmemory:  0.33GiB(0.42%)  [34mtps: 644  [36mtflops: 0.10  [35mmfu: 0.01%[39m
[titan] 2026-09-23 08:11:16,221 - torchtitan.observability.metrics - INFO - [31mstep: 36  [32mloss:  2.53940  [38;2;180;60;0mgrad_norm:  0.8068  [38;2;54;234;195mmemory:  0.33GiB(0.42%)  [34mtps: 639  [36mtflops: 0.10  [35mmfu: 0.01%[39m
[titan] 2026-09-23 08:11:17,830 - torchtitan.observability.metrics - INFO - [31mstep: 37  [32mloss:  3.01540  [38;2;180;60;0mgrad_norm:  1.2447  [38;2;54;234;195mmemory:  0.33GiB(0.42%)  [34mtps: 637  [36mtflops: 0.10  [35mmfu: 0.01%[39m
[titan] 2026-09-23 08:11:19,427 - torchtitan.observability.metrics - INFO - [31mstep: 38  [32mloss:  2.67910  [38;2;180;60;0mgrad_norm:  1.1879  [38;2;54;234;195mmemory:  0.33GiB(0.42%)  [34mtps: 641  [36mtflops: 0.10  [35mmfu: 0.01%[39m
[titan] 2026-09-23 08:11:21,044 - torchtitan.observability.metrics - INFO - [31mstep: 39  [32mloss:  2.79673  [38;2;180;60;0mgrad_norm:  0.8773  [38;2;54;234;195mmemory:  0.33GiB(0.42%)  [34mtps: 633  [36mtflops: 0.10  [35mmfu: 0.01%[39m
[titan] 2026-09-23 08:11:22,667 - torchtitan.observability.metrics - INFO - [31mstep: 40  [32mloss:  2.65255  [38;2;180;60;0mgrad_norm:  0.9234  [38;2;54;234;195mmemory:  0.33GiB(0.42%)  [34mtps: 631  [36mtflops: 0.10  [35mmfu: 0.01%[39m
[titan] 2026-09-23 08:11:24,269 - torchtitan.observability.metrics - INFO - [31mstep: 41  [32mloss:  2.58942  [38;2;180;60;0mgrad_norm:  0.6737  [38;2;54;234;195mmemory:  0.33GiB(0.42%)  [34mtps: 639  [36mtflops: 0.10  [35mmfu: 0.01%[39m
[titan] 2026-09-23 08:11:25,875 - torchtitan.observability.metrics - INFO - [31mstep: 42  [32mloss:  2.54153  [38;2;180;60;0mgrad_norm:  0.8180  [38;2;54;234;195mmemory:  0.33GiB(0.42%)  [34mtps: 638  [36mtflops: 0.10  [35mmfu: 0.01%[39m
[titan] 2026-09-23 08:11:27,481 - torchtitan.observability.metrics - INFO - [31mstep: 43  [32mloss:  2.70929  [38;2;180;60;0mgrad_norm:  0.8042  [38;2;54;234;195mmemory:  0.33GiB(0.42%)  [34mtps: 638  [36mtflops: 0.10  [35mmfu: 0.01%[39m
[titan] 2026-09-23 08:11:29,227 - torchtitan.observability.metrics - INFO - [31mstep: 44  [32mloss:  2.47455  [38;2;180;60;0mgrad_norm:  0.8897  [38;2;54;234;195mmemory:  0.33GiB(0.42%)  [34mtps: 586  [36mtflops: 0.09  [35mmfu: 0.01%[39m
[titan] 2026-09-23 08:11:30,821 - torchtitan.observability.metrics - INFO - [31mstep: 45  [32mloss:  2.66030  [38;2;180;60;0mgrad_norm:  0.8589  [38;2;54;234;195mmemory:  0.33GiB(0.42%)  [34mtps: 643  [36mtflops: 0.10  [35mmfu: 0.01%[39m
[titan] 2026-09-23 08:11:32,418 - torchtitan.observability.metrics - INFO - [31mstep: 46  [32mloss:  2.60231  [38;2;180;60;0mgrad_norm:  0.8617  [38;2;54;234;195mmemory:  0.33GiB(0.42%)  [34mtps: 641  [36mtflops: 0.10  [35mmfu: 0.01%[39m
[titan] 2026-09-23 08:11:34,030 - torchtitan.observability.metrics - INFO - [31mstep: 47  [32mloss:  2.69139  [38;2;180;60;0mgrad_norm:  0.7322  [38;2;54;234;195mmemory:  0.33GiB(0.42%)  [34mtps: 635  [36mtflops: 0.10  [35mmfu: 0.01%[39m
[titan] 2026-09-23 08:11:35,637 - torchtitan.observability.metrics - INFO - [31mstep: 48  [32mloss:  2.74953  [38;2;180;60;0mgrad_norm:  0.8744  [38;2;54;234;195mmemory:  0.33GiB(0.42%)  [34mtps: 637  [36mtflops: 0.10  [35mmfu: 0.01%[39m
[titan] 2026-09-23 08:11:37,232 - torchtitan.observability.metrics - INFO - [31mstep: 49  [32mloss:  2.66136  [38;2;180;60;0mgrad_norm:  0.9108  [38;2;54;234;195mmemory:  0.33GiB(0.42%)  [34mtps: 642  [36mtflops: 0.10  [35mmfu: 0.01%[39m
[titan] 2026-09-23 08:11:37,499 - torchtitan.tools.utils - INFO - [GC] Performing periodic GC collection took 0.26 seconds
[titan] 2026-09-23 08:11:39,078 - torchtitan.observability.metrics - INFO - [31mstep: 50  [32mloss:  2.58844  [38;2;180;60;0mgrad_norm:  0.6855  [38;2;54;234;195mmemory:  0.33GiB(0.42%)  [34mtps: 555  [36mtflops: 0.09  [35mmfu: 0.01%[39m
[titan] 2026-09-23 08:11:40,659 - torchtitan.observability.metrics - INFO - [31mstep: 51  [32mloss:  2.68830  [38;2;180;60;0mgrad_norm:  0.9695  [38;2;54;234;195mmemory:  0.33GiB(0.42%)  [34mtps: 648  [36mtflops: 0.10  [35mmfu: 0.01%[39m
[titan] 2026-09-23 08:11:42,239 - torchtitan.observability.metrics - INFO - [31mstep: 52  [32mloss:  2.51807  [38;2;180;60;0mgrad_norm:  0.8469  [38;2;54;234;195mmemory:  0.33GiB(0.42%)  [34mtps: 648  [36mtflops: 0.10  [35mmfu: 0.01%[39m
[titan] 2026-09-23 08:11:43,838 - torchtitan.observability.metrics - INFO - [31mstep: 53  [32mloss:  2.78484  [38;2;180;60;0mgrad_norm:  0.7374  [38;2;54;234;195mmemory:  0.33GiB(0.42%)  [34mtps: 641  [36mtflops: 0.10  [35mmfu: 0.01%[39m
[titan] 2026-09-23 08:11:45,416 - torchtitan.observability.metrics - INFO - [31mstep: 54  [32mloss:  3.05967  [38;2;180;60;0mgrad_norm:  0.8110  [38;2;54;234;195mmemory:  0.33GiB(0.42%)  [34mtps: 649  [36mtflops: 0.10  [35mmfu: 0.01%[39m
[titan] 2026-09-23 08:11:47,009 - torchtitan.observability.metrics - INFO - [31mstep: 55  [32mloss:  2.95199  [38;2;180;60;0mgrad_norm:  1.0182  [38;2;54;234;195mmemory:  0.33GiB(0.42%)  [34mtps: 643  [36mtflops: 0.10  [35mmfu: 0.01%[39m
[titan] 2026-09-23 08:11:48,570 - torchtitan.observability.metrics - INFO - [31mstep: 56  [32mloss:  2.54445  [38;2;180;60;0mgrad_norm:  0.8353  [38;2;54;234;195mmemory:  0.33GiB(0.42%)  [34mtps: 656  [36mtflops: 0.10  [35mmfu: 0.01%[39m
[titan] 2026-09-23 08:11:50,137 - torchtitan.observability.metrics - INFO - [31mstep: 57  [32mloss:  2.51667  [38;2;180;60;0mgrad_norm:  0.8369  [38;2;54;234;195mmemory:  0.33GiB(0.42%)  [34mtps: 654  [36mtflops: 0.10  [35mmfu: 0.01%[39m
[titan] 2026-09-23 08:11:51,713 - torchtitan.observability.metrics - INFO - [31mstep: 58  [32mloss:  2.61769  [38;2;180;60;0mgrad_norm:  0.8964  [38;2;54;234;195mmemory:  0.33GiB(0.42%)  [34mtps: 650  [36mtflops: 0.10  [35mmfu: 0.01%[39m
[titan] 2026-09-23 08:11:53,284 - torchtitan.observability.metrics - INFO - [31mstep: 59  [32mloss:  2.65453  [38;2;180;60;0mgrad_norm:  0.7947  [38;2;54;234;195mmemory:  0.33GiB(0.42%)  [34mtps: 652  [36mtflops: 0.10  [35mmfu: 0.01%[39m
[titan] 2026-09-23 08:11:54,848 - torchtitan.observability.metrics - INFO - [31mstep: 60  [32mloss:  2.57433  [38;2;180;60;0mgrad_norm:  0.7603  [38;2;54;234;195mmemory:  0.33GiB(0.42%)  [34mtps: 654  [36mtflops: 0.10  [35mmfu: 0.01%[39m
[titan] 2026-09-23 08:11:56,414 - torchtitan.observability.metrics - INFO - [31mstep: 61  [32mloss:  2.62617  [38;2;180;60;0mgrad_norm:  0.8838  [38;2;54;234;195mmemory:  0.33GiB(0.42%)  [34mtps: 654  [36mtflops: 0.10  [35mmfu: 0.01%[39m
[titan] 2026-09-23 08:11:57,994 - torchtitan.observability.metrics - INFO - [31mstep: 62  [32mloss:  2.70060  [38;2;180;60;0mgrad_norm:  0.8828  [38;2;54;234;195mmemory:  0.33GiB(0.42%)  [34mtps: 648  [36mtflops: 0.10  [35mmfu: 0.01%[39m
[titan] 2026-09-23 08:11:59,571 - torchtitan.observability.metrics - INFO - [31mstep: 63  [32mloss:  2.63170  [38;2;180;60;0mgrad_norm:  0.8736  [38;2;54;234;195mmemory:  0.33GiB(0.42%)  [34mtps: 649  [36mtflops: 0.10  [35mmfu: 0.01%[39m
[titan] 2026-09-23 08:12:01,157 - torchtitan.observability.metrics - INFO - [31mstep: 64  [32mloss:  2.62861  [38;2;180;60;0mgrad_norm:  0.6317  [38;2;54;234;195mmemory:  0.33GiB(0.42%)  [34mtps: 646  [36mtflops: 0.10  [35mmfu: 0.01%[39m
[titan] 2026-09-23 08:12:02,732 - torchtitan.observability.metrics - INFO - [31mstep: 65  [32mloss:  2.71381  [38;2;180;60;0mgrad_norm:  0.8094  [38;2;54;234;195mmemory:  0.33GiB(0.42%)  [34mtps: 650  [36mtflops: 0.10  [35mmfu: 0.01%[39m
[titan] 2026-09-23 08:12:04,305 - torchtitan.observability.metrics - INFO - [31mstep: 66  [32mloss:  2.57151  [38;2;180;60;0mgrad_norm:  0.7565  [38;2;54;234;195mmemory:  0.33GiB(0.42%)  [34mtps: 651  [36mtflops: 0.10  [35mmfu: 0.01%[39m
[titan] 2026-09-23 08:12:05,882 - torchtitan.observability.metrics - INFO - [31mstep: 67  [32mloss:  2.58527  [38;2;180;60;0mgrad_norm:  0.8328  [38;2;54;234;195mmemory:  0.33GiB(0.42%)  [34mtps: 649  [36mtflops: 0.10  [35mmfu: 0.01%[39m
[titan] 2026-09-23 08:12:07,454 - torchtitan.observability.metrics - INFO - [31mstep: 68  [32mloss:  2.61721  [38;2;180;60;0mgrad_norm:  0.8826  [38;2;54;234;195mmemory:  0.33GiB(0.42%)  [34mtps: 651  [36mtflops: 0.10  [35mmfu: 0.01%[39m
[titan] 2026-09-23 08:12:09,026 - torchtitan.observability.metrics - INFO - [31mstep: 69  [32mloss:  2.83491  [38;2;180;60;0mgrad_norm:  0.8721  [38;2;54;234;195mmemory:  0.33GiB(0.42%)  [34mtps: 652  [36mtflops: 0.10  [35mmfu: 0.01%[39m
[titan] 2026-09-23 08:12:10,595 - torchtitan.observability.metrics - INFO - [31mstep: 70  [32mloss:  2.71381  [38;2;180;60;0mgrad_norm:  0.6144  [38;2;54;234;195mmemory:  0.33GiB(0.42%)  [34mtps: 653  [36mtflops: 0.10  [35mmfu: 0.01%[39m
[titan] 2026-09-23 08:12:12,160 - torchtitan.observability.metrics - INFO - [31mstep: 71  [32mloss:  2.55116  [38;2;180;60;0mgrad_norm:  0.5725  [38;2;54;234;195mmemory:  0.33GiB(0.42%)  [34mtps: 654  [36mtflops: 0.10  [35mmfu: 0.01%[39m
[titan] 2026-09-23 08:12:13,730 - torchtitan.observability.metrics - INFO - [31mstep: 72  [32mloss:  2.57665  [38;2;180;60;0mgrad_norm:  0.7534  [38;2;54;234;195mmemory:  0.33GiB(0.42%)  [34mtps: 653  [36mtflops: 0.10  [35mmfu: 0.01%[39m
[titan] 2026-09-23 08:12:15,298 - torchtitan.observability.metrics - INFO - [31mstep: 73  [32mloss:  2.58864  [38;2;180;60;0mgrad_norm:  0.9798  [38;2;54;234;195mmemory:  0.33GiB(0.42%)  [34mtps: 653  [36mtflops: 0.10  [35mmfu: 0.01%[39m
[titan] 2026-09-23 08:12:16,866 - torchtitan.observability.metrics - INFO - [31mstep: 74  [32mloss:  2.42705  [38;2;180;60;0mgrad_norm:  0.6958  [38;2;54;234;195mmemory:  0.33GiB(0.42%)  [34mtps: 653  [36mtflops: 0.10  [35mmfu: 0.01%[39m
[titan] 2026-09-23 08:12:18,432 - torchtitan.observability.metrics - INFO - [31mstep: 75  [32mloss:  2.66172  [38;2;180;60;0mgrad_norm:  0.6247  [38;2;54;234;195mmemory:  0.33GiB(0.42%)  [34mtps: 654  [36mtflops: 0.10  [35mmfu: 0.01%[39m
[titan] 2026-09-23 08:12:20,001 - torchtitan.observability.metrics - INFO - [31mstep: 76  [32mloss:  2.43372  [38;2;180;60;0mgrad_norm:  0.6810  [38;2;54;234;195mmemory:  0.33GiB(0.42%)  [34mtps: 653  [36mtflops: 0.10  [35mmfu: 0.01%[39m
[titan] 2026-09-23 08:12:21,578 - torchtitan.observability.metrics - INFO - [31mstep: 77  [32mloss:  2.55628  [38;2;180;60;0mgrad_norm:  0.7131  [38;2;54;234;195mmemory:  0.33GiB(0.42%)  [34mtps: 649  [36mtflops: 0.10  [35mmfu: 0.01%[39m
[titan] 2026-09-23 08:12:23,161 - torchtitan.observability.metrics - INFO - [31mstep: 78  [32mloss:  2.45176  [38;2;180;60;0mgrad_norm:  0.7509  [38;2;54;234;195mmemory:  0.33GiB(0.42%)  [34mtps: 647  [36mtflops: 0.10  [35mmfu: 0.01%[39m
[titan] 2026-09-23 08:12:24,876 - torchtitan.observability.metrics - INFO - [31mstep: 79  [32mloss:  2.58430  [38;2;180;60;0mgrad_norm:  0.7275  [38;2;54;234;195mmemory:  0.33GiB(0.42%)  [34mtps: 597  [36mtflops: 0.09  [35mmfu: 0.01%[39m
[titan] 2026-09-23 08:12:26,520 - torchtitan.observability.metrics - INFO - [31mstep: 80  [32mloss:  2.61038  [38;2;180;60;0mgrad_norm:  0.8565  [38;2;54;234;195mmemory:  0.33GiB(0.42%)  [34mtps: 623  [36mtflops: 0.10  [35mmfu: 0.01%[39m
[titan] 2026-09-23 08:12:28,099 - torchtitan.observability.metrics - INFO - [31mstep: 81  [32mloss:  2.53686  [38;2;180;60;0mgrad_norm:  0.7487  [38;2;54;234;195mmemory:  0.33GiB(0.42%)  [34mtps: 648  [36mtflops: 0.10  [35mmfu: 0.01%[39m
[titan] 2026-09-23 08:12:29,688 - torchtitan.observability.metrics - INFO - [31mstep: 82  [32mloss:  2.46839  [38;2;180;60;0mgrad_norm:  0.6643  [38;2;54;234;195mmemory:  0.33GiB(0.42%)  [34mtps: 644  [36mtflops: 0.10  [35mmfu: 0.01%[39m
[titan] 2026-09-23 08:12:31,281 - torchtitan.observability.metrics - INFO - [31mstep: 83  [32mloss:  2.45722  [38;2;180;60;0mgrad_norm:  0.8229  [38;2;54;234;195mmemory:  0.33GiB(0.42%)  [34mtps: 643  [36mtflops: 0.10  [35mmfu: 0.01%[39m
[titan] 2026-09-23 08:12:32,882 - torchtitan.observability.metrics - INFO - [31mstep: 84  [32mloss:  2.62183  [38;2;180;60;0mgrad_norm:  0.7654  [38;2;54;234;195mmemory:  0.33GiB(0.42%)  [34mtps: 640  [36mtflops: 0.10  [35mmfu: 0.01%[39m
[titan] 2026-09-23 08:12:34,552 - torchtitan.observability.metrics - INFO - [31mstep: 85  [32mloss:  2.52112  [38;2;180;60;0mgrad_norm:  1.0550  [38;2;54;234;195mmemory:  0.33GiB(0.42%)  [34mtps: 613  [36mtflops: 0.10  [35mmfu: 0.01%[39m
[titan] 2026-09-23 08:12:36,177 - torchtitan.observability.metrics - INFO - [31mstep: 86  [32mloss:  2.48314  [38;2;180;60;0mgrad_norm:  0.7322  [38;2;54;234;195mmemory:  0.33GiB(0.42%)  [34mtps: 630  [36mtflops: 0.10  [35mmfu: 0.01%[39m
[titan] 2026-09-23 08:12:37,793 - torchtitan.observability.metrics - INFO - [31mstep: 87  [32mloss:  2.54864  [38;2;180;60;0mgrad_norm:  0.8346  [38;2;54;234;195mmemory:  0.33GiB(0.42%)  [34mtps: 634  [36mtflops: 0.10  [35mmfu: 0.01%[39m
[titan] 2026-09-23 08:12:39,410 - torchtitan.observability.metrics - INFO - [31mstep: 88  [32mloss:  2.61131  [38;2;180;60;0mgrad_norm:  0.7720  [38;2;54;234;195mmemory:  0.33GiB(0.42%)  [34mtps: 633  [36mtflops: 0.10  [35mmfu: 0.01%[39m
[titan] 2026-09-23 08:12:41,017 - torchtitan.observability.metrics - INFO - [31mstep: 89  [32mloss:  2.63919  [38;2;180;60;0mgrad_norm:  0.9105  [38;2;54;234;195mmemory:  0.33GiB(0.42%)  [34mtps: 637  [36mtflops: 0.10  [35mmfu: 0.01%[39m
[titan] 2026-09-23 08:12:42,614 - torchtitan.observability.metrics - INFO - [31mstep: 90  [32mloss:  2.45336  [38;2;180;60;0mgrad_norm:  0.7064  [38;2;54;234;195mmemory:  0.33GiB(0.42%)  [34mtps: 641  [36mtflops: 0.10  [35mmfu: 0.01%[39m
[titan] 2026-09-23 08:12:44,213 - torchtitan.observability.metrics - INFO - [31mstep: 91  [32mloss:  2.58112  [38;2;180;60;0mgrad_norm:  0.8208  [38;2;54;234;195mmemory:  0.33GiB(0.42%)  [34mtps: 640  [36mtflops: 0.10  [35mmfu: 0.01%[39m
[titan] 2026-09-23 08:12:45,806 - torchtitan.observability.metrics - INFO - [31mstep: 92  [32mloss:  2.58231  [38;2;180;60;0mgrad_norm:  0.8135  [38;2;54;234;195mmemory:  0.33GiB(0.42%)  [34mtps: 643  [36mtflops: 0.10  [35mmfu: 0.01%[39m
[titan] 2026-09-23 08:12:47,396 - torchtitan.observability.metrics - INFO - [31mstep: 93  [32mloss:  2.78887  [38;2;180;60;0mgrad_norm:  0.8170  [38;2;54;234;195mmemory:  0.33GiB(0.42%)  [34mtps: 644  [36mtflops: 0.10  [35mmfu: 0.01%[39m
[titan] 2026-09-23 08:12:48,987 - torchtitan.observability.metrics - INFO - [31mstep: 94  [32mloss:  2.41645  [38;2;180;60;0mgrad_norm:  0.6689  [38;2;54;234;195mmemory:  0.33GiB(0.42%)  [34mtps: 644  [36mtflops: 0.10  [35mmfu: 0.01%[39m
[titan] 2026-09-23 08:12:50,589 - torchtitan.observability.metrics - INFO - [31mstep: 95  [32mloss:  2.51091  [38;2;180;60;0mgrad_norm:  0.7105  [38;2;54;234;195mmemory:  0.33GiB(0.42%)  [34mtps: 639  [36mtflops: 0.10  [35mmfu: 0.01%[39m
[titan] 2026-09-23 08:12:52,189 - torchtitan.observability.metrics - INFO - [31mstep: 96  [32mloss:  2.53956  [38;2;180;60;0mgrad_norm:  0.7047  [38;2;54;234;195mmemory:  0.33GiB(0.42%)  [34mtps: 640  [36mtflops: 0.10  [35mmfu: 0.01%[39m
[titan] 2026-09-23 08:12:53,788 - torchtitan.observability.metrics - INFO - [31mstep: 97  [32mloss:  2.37579  [38;2;180;60;0mgrad_norm:  0.8942  [38;2;54;234;195mmemory:  0.33GiB(0.42%)  [34mtps: 641  [36mtflops: 0.10  [35mmfu: 0.01%[39m
[titan] 2026-09-23 08:12:55,387 - torchtitan.observability.metrics - INFO - [31mstep: 98  [32mloss:  2.43611  [38;2;180;60;0mgrad_norm:  0.6400  [38;2;54;234;195mmemory:  0.33GiB(0.42%)  [34mtps: 640  [36mtflops: 0.10  [35mmfu: 0.01%[39m
[titan] 2026-09-23 08:12:56,963 - torchtitan.observability.metrics - INFO - [31mstep: 99  [32mloss:  2.66298  [38;2;180;60;0mgrad_norm:  0.6562  [38;2;54;234;195mmemory:  0.33GiB(0.42%)  [34mtps: 650  [36mtflops: 0.10  [35mmfu: 0.01%[39m
[titan] 2026-09-23 08:12:57,201 - torchtitan.tools.utils - INFO - [GC] Performing periodic GC collection took 0.23 seconds
[titan] 2026-09-23 08:12:58,776 - torchtitan.observability.metrics - INFO - [31mstep: 100  [32mloss:  2.51126  [38;2;180;60;0mgrad_norm:  0.7832  [38;2;54;234;195mmemory:  0.33GiB(0.42%)  [34mtps: 565  [36mtflops: 0.09  [35mmfu: 0.01%[39m
[titan] 2026-09-23 08:12:58,776 - torchtitan.components.checkpointer.dcp - INFO - Saving the checkpointer.
[titan] 2026-09-23 08:12:58,796 - torchtitan.components.checkpointer.dcp - INFO - Saving a model only checkpoint in torch.float32 at last step, step 100.
[titan] 2026-09-23 08:12:59,106 - torchtitan.tools.utils - INFO - [GC] GC collection invoked by checkpointer. took 0.01 seconds
[titan] 2026-09-23 08:12:59,107 - torchtitan.components.checkpointer.dcp - INFO - Last step checkpoint completed in 0.33s
[titan] 2026-09-23 08:12:59,107 - torchtitan.trainer - INFO - Sleeping 2 seconds for other ranks to complete
[titan] 2026-09-23 08:13:01,107 - torchtitan.trainer - INFO - Training completed
[titan] 2026-09-23 08:13:01,115 - torchtitan.components.checkpointer.base - INFO - Destroying the purge thread.
[titan] 2026-09-23 08:13:01,222 - __main__ - INFO - Process group destroyed
