WARNING:absl:Failed to load jax profiler: No module named 'jax'
[titan] 2026-09-23 08:26:21,611 - __main__ - INFO - torchtitan version: 0.0.0+unknown (0.0.0 means __version__ is not defined correctly).
[titan] 2026-09-23 08:26:22,083 - torchtitan.components.checkpointer.base - WARNING - initial_load_model_only=True has no effect without an initial_load_path.
[titan] 2026-09-23 08:26:22,148 - torchtitan.components.checkpointer.base - WARNING - initial_load_model_only=True has no effect without an initial_load_path.
[titan] 2026-09-23 08:26:22,151 - torchtitan.observability.structured_logger.jsonl_handler - INFO - Structured logging -> JSONL: /home/ubuntu/results/pp_r4/f32_dp1_ns_cold/structured_logs/training.global_rank_0.20260923-082622-FQX7PJ.jsonl
[titan] 2026-09-23 08:26:22,407 - torchtitan.distributed.utils - WARNING - ENV[TORCH_NCCL_ASYNC_ERROR_HANDLING] = 1 will be overridden to 3 based on job config
[titan] 2026-09-23 08:26:22,778 - torchtitan.tools.utils - INFO - [GC] Initial GC collection took 0.00 seconds
[titan] 2026-09-23 08:26:22,778 - torchtitan.distributed.utils - INFO - Deterministic algorithm enabled (expect perf degradation).
[titan] 2026-09-23 08:26:22,789 - torchtitan.observability.metrics - INFO - CUDA capacity: NVIDIA H100 80GB HBM3 with 79.18GiB memory
[titan] 2026-09-23 08:26:22,809 - torchtitan.components.tokenizer - INFO - Loading tokenizer from tokenizer.json
[titan] 2026-09-23 08:26:23,583 - httpx - INFO - HTTP Request: HEAD https://s3.amazonaws.com/datasets.huggingface.co/datasets/datasets/json/json.py "HTTP/1.1 200 OK"
[titan] 2026-09-23 08:26:23,682 - torchtitan.protocols.state_dict_adapter - WARNING - model.safetensors.index.json not found at hf_assets_path: ./tests/assets/tokenizer/model.safetensors.index.json.                     Defaulting to saving a single safetensors file if checkpoint is saved in HF format
[titan] 2026-09-23 08:26:23,684 - torchtitan.models.utils - INFO - Total parameter count: 25,776,880, active parameters: 17,236,208
[titan] 2026-09-23 08:26:23,684 - torchtitan.distributed.parallel_dims - INFO - Building device mesh with parallelism: pp=1, dp_replicate=1, dp_shard=1, cp=1, tp=1, ep=1
[titan] 2026-09-23 08:26:23,689 - torchtitan.distributed.parallel_dims - INFO - Successfully created meshes with active dimensions: []
[titan] 2026-09-23 08:26:23,736 - torchtitan.distributed.activation_checkpoint - INFO - Applied SelectiveAC activation checkpointing to the model
[titan] 2026-09-23 08:26:23,736 - torchtitan.distributed.activation_checkpoint - INFO - Applied SelectiveAC activation checkpointing to the model
[titan] 2026-09-23 08:26:23,839 - torchtitan.distributed.fsdp - INFO - Applied FSDP to the model
[titan] 2026-09-23 08:26:24,277 - torchtitan.training_engine - INFO - Model KimiK3Model.Config size: 25,776,880 total parameters
[titan] 2026-09-23 08:26:24,279 - torchtitan.components.optimizer.optimizer - INFO - Optimizer AdamW (model_part=0): 481 params [.*] {'fused': True, 'foreach': False, 'lr': 0.0008, 'betas': (0.9, 0.95), 'eps': 1e-08, 'weight_decay': 0.1}
[titan] 2026-09-23 08:26:24,281 - torchtitan.components.checkpointer.base - WARNING - initial_load_model_only=True has no effect without an initial_load_path.
[titan] 2026-09-23 08:26:24,287 - torchtitan.components.checkpointer.dcp - INFO - Checkpointing active. Checkpoints will be loaded from and saved to /home/ubuntu/results/pp_r4/f32_dp1_ns_cold/checkpoint
[titan] 2026-09-23 08:26:24,287 - torchtitan.trainer - INFO - Peak FLOPS used for computing MFU: 9.890e+14
[titan] 2026-09-23 08:26:24,287 - torchtitan.trainer - INFO - CUDA memory usage for model: 0.11GiB(0.14%)
[titan] 2026-09-23 08:26:24,287 - torchtitan.trainer - INFO - Trainer is initialized with 256 tokens per DP rank, 1024 tokens per train step, gradient accumulation steps 4, maximum context length 2048, total steps 100 (warmup 2)
[titan] 2026-09-23 08:26:24,287 - torchtitan.components.checkpointer.base - INFO - Loading the checkpoint from /home/ubuntu/results/pp_r4/f32_dp1_ns_cold/checkpoint/step-0.
[titan] 2026-09-23 08:26:24,487 - torchtitan.tools.utils - INFO - [GC] GC collection for checkpoint loading. took 0.01 seconds
[titan] 2026-09-23 08:26:24,487 - torchtitan.components.checkpointer.base - INFO - Finished loading the checkpoint in 0.20 seconds.
[titan] 2026-09-23 08:26:24,487 - torchtitan.trainer - INFO - Training starts at step 1
/home/ubuntu/venv_k3/lib/python3.12/site-packages/torch/distributed/fsdp/_fully_shard/_fsdp_state.py:336: UserWarning: FSDP2-wrapped module (FSDPCheckpointWrapper) returned a view tensor. An in-place op on this view (e.g., `x += y`) will silently drop the pre-backward hook and skip the all-gather, which can cause backward to fail or produce wrong gradients. Use out-of-place ops (`out = out + y`, not `out += y`) or `.clone()` the output before any in-place op.
  output = self._register_pre_backward_hook(output)
/home/ubuntu/venv_k3/lib/python3.12/site-packages/torch/distributed/fsdp/_fully_shard/_fsdp_state.py:336: UserWarning: FSDP2-wrapped module (FSDPCheckpointWrapper) returned a view tensor. An in-place op on this view (e.g., `x += y`) will silently drop the pre-backward hook and skip the all-gather, which can cause backward to fail or produce wrong gradients. Use out-of-place ops (`out = out + y`, not `out += y`) or `.clone()` the output before any in-place op.
  output = self._register_pre_backward_hook(output)
[titan] 2026-09-23 08:26:50,320 - torchtitan.observability.metrics - INFO - [31mstep:  1  [32mloss:  8.00335  [38;2;180;60;0mgrad_norm:  2.2419  [38;2;54;234;195mmemory:  0.73GiB(0.92%)  [34mtps: 37  [36mtflops: 0.01  [35mmfu: 0.00%[39m
[titan] 2026-09-23 08:26:50,321 - torchtitan.distributed.utils - INFO - Synchronizing and adjusting timeout for all ProcessGroups to 0:01:40
[titan] 2026-09-23 08:26:54,012 - torchtitan.observability.metrics - INFO - [31mstep:  2  [32mloss:  7.24191  [38;2;180;60;0mgrad_norm:  5.6390  [38;2;54;234;195mmemory:  0.89GiB(1.12%)  [34mtps: 277  [36mtflops: 0.04  [35mmfu: 0.00%[39m
[titan] 2026-09-23 08:26:57,539 - torchtitan.observability.metrics - INFO - [31mstep:  3  [32mloss:  6.04851  [38;2;180;60;0mgrad_norm:  4.0077  [38;2;54;234;195mmemory:  0.89GiB(1.12%)  [34mtps: 290  [36mtflops: 0.05  [35mmfu: 0.00%[39m
[titan] 2026-09-23 08:27:01,033 - torchtitan.observability.metrics - INFO - [31mstep:  4  [32mloss:  5.23939  [38;2;180;60;0mgrad_norm:  3.1362  [38;2;54;234;195mmemory:  0.89GiB(1.12%)  [34mtps: 293  [36mtflops: 0.05  [35mmfu: 0.00%[39m
[titan] 2026-09-23 08:27:04,520 - torchtitan.observability.metrics - INFO - [31mstep:  5  [32mloss:  4.66467  [38;2;180;60;0mgrad_norm:  2.9111  [38;2;54;234;195mmemory:  0.89GiB(1.12%)  [34mtps: 294  [36mtflops: 0.05  [35mmfu: 0.00%[39m
[titan] 2026-09-23 08:27:08,010 - torchtitan.observability.metrics - INFO - [31mstep:  6  [32mloss:  4.36853  [38;2;180;60;0mgrad_norm:  2.4046  [38;2;54;234;195mmemory:  0.89GiB(1.12%)  [34mtps: 293  [36mtflops: 0.05  [35mmfu: 0.00%[39m
[titan] 2026-09-23 08:27:11,505 - torchtitan.observability.metrics - INFO - [31mstep:  7  [32mloss:  4.16080  [38;2;180;60;0mgrad_norm:  2.1514  [38;2;54;234;195mmemory:  0.89GiB(1.12%)  [34mtps: 293  [36mtflops: 0.05  [35mmfu: 0.00%[39m
[titan] 2026-09-23 08:27:15,004 - torchtitan.observability.metrics - INFO - [31mstep:  8  [32mloss:  3.77846  [38;2;180;60;0mgrad_norm:  1.8106  [38;2;54;234;195mmemory:  0.89GiB(1.12%)  [34mtps: 293  [36mtflops: 0.05  [35mmfu: 0.00%[39m
[titan] 2026-09-23 08:27:18,495 - torchtitan.observability.metrics - INFO - [31mstep:  9  [32mloss:  3.86510  [38;2;180;60;0mgrad_norm:  1.8028  [38;2;54;234;195mmemory:  0.89GiB(1.12%)  [34mtps: 293  [36mtflops: 0.05  [35mmfu: 0.00%[39m
[titan] 2026-09-23 08:27:22,009 - torchtitan.observability.metrics - INFO - [31mstep: 10  [32mloss:  3.48461  [38;2;180;60;0mgrad_norm:  1.3957  [38;2;54;234;195mmemory:  0.89GiB(1.12%)  [34mtps: 291  [36mtflops: 0.05  [35mmfu: 0.00%[39m
[titan] 2026-09-23 08:27:25,522 - torchtitan.observability.metrics - INFO - [31mstep: 11  [32mloss:  3.38325  [38;2;180;60;0mgrad_norm:  1.3312  [38;2;54;234;195mmemory:  0.89GiB(1.12%)  [34mtps: 292  [36mtflops: 0.05  [35mmfu: 0.00%[39m
[titan] 2026-09-23 08:27:29,032 - torchtitan.observability.metrics - INFO - [31mstep: 12  [32mloss:  3.66989  [38;2;180;60;0mgrad_norm:  1.1167  [38;2;54;234;195mmemory:  0.89GiB(1.12%)  [34mtps: 292  [36mtflops: 0.05  [35mmfu: 0.00%[39m
[titan] 2026-09-23 08:27:32,538 - torchtitan.observability.metrics - INFO - [31mstep: 13  [32mloss:  3.20216  [38;2;180;60;0mgrad_norm:  1.2037  [38;2;54;234;195mmemory:  0.89GiB(1.12%)  [34mtps: 292  [36mtflops: 0.05  [35mmfu: 0.00%[39m
[titan] 2026-09-23 08:27:36,048 - torchtitan.observability.metrics - INFO - [31mstep: 14  [32mloss:  3.45046  [38;2;180;60;0mgrad_norm:  1.2039  [38;2;54;234;195mmemory:  0.89GiB(1.12%)  [34mtps: 292  [36mtflops: 0.05  [35mmfu: 0.00%[39m
[titan] 2026-09-23 08:27:39,567 - torchtitan.observability.metrics - INFO - [31mstep: 15  [32mloss:  3.13202  [38;2;180;60;0mgrad_norm:  1.2892  [38;2;54;234;195mmemory:  0.89GiB(1.12%)  [34mtps: 291  [36mtflops: 0.05  [35mmfu: 0.00%[39m
[titan] 2026-09-23 08:27:43,100 - torchtitan.observability.metrics - INFO - [31mstep: 16  [32mloss:  3.16615  [38;2;180;60;0mgrad_norm:  1.0268  [38;2;54;234;195mmemory:  0.89GiB(1.12%)  [34mtps: 290  [36mtflops: 0.05  [35mmfu: 0.00%[39m
[titan] 2026-09-23 08:27:46,623 - torchtitan.observability.metrics - INFO - [31mstep: 17  [32mloss:  2.98583  [38;2;180;60;0mgrad_norm:  1.0051  [38;2;54;234;195mmemory:  0.89GiB(1.12%)  [34mtps: 291  [36mtflops: 0.05  [35mmfu: 0.00%[39m
[titan] 2026-09-23 08:27:50,140 - torchtitan.observability.metrics - INFO - [31mstep: 18  [32mloss:  3.08472  [38;2;180;60;0mgrad_norm:  0.8449  [38;2;54;234;195mmemory:  0.89GiB(1.12%)  [34mtps: 291  [36mtflops: 0.05  [35mmfu: 0.00%[39m
[titan] 2026-09-23 08:27:53,642 - torchtitan.observability.metrics - INFO - [31mstep: 19  [32mloss:  2.74629  [38;2;180;60;0mgrad_norm:  0.9328  [38;2;54;234;195mmemory:  0.89GiB(1.12%)  [34mtps: 292  [36mtflops: 0.05  [35mmfu: 0.00%[39m
[titan] 2026-09-23 08:27:57,083 - torchtitan.observability.metrics - INFO - [31mstep: 20  [32mloss:  2.93219  [38;2;180;60;0mgrad_norm:  0.9853  [38;2;54;234;195mmemory:  0.89GiB(1.12%)  [34mtps: 298  [36mtflops: 0.05  [35mmfu: 0.00%[39m
[titan] 2026-09-23 08:28:00,526 - torchtitan.observability.metrics - INFO - [31mstep: 21  [32mloss:  3.06421  [38;2;180;60;0mgrad_norm:  0.8254  [38;2;54;234;195mmemory:  0.89GiB(1.12%)  [34mtps: 297  [36mtflops: 0.05  [35mmfu: 0.00%[39m
[titan] 2026-09-23 08:28:03,974 - torchtitan.observability.metrics - INFO - [31mstep: 22  [32mloss:  2.85769  [38;2;180;60;0mgrad_norm:  0.9781  [38;2;54;234;195mmemory:  0.89GiB(1.12%)  [34mtps: 297  [36mtflops: 0.05  [35mmfu: 0.00%[39m
[titan] 2026-09-23 08:28:07,419 - torchtitan.observability.metrics - INFO - [31mstep: 23  [32mloss:  2.66448  [38;2;180;60;0mgrad_norm:  0.7239  [38;2;54;234;195mmemory:  0.89GiB(1.12%)  [34mtps: 297  [36mtflops: 0.05  [35mmfu: 0.00%[39m
[titan] 2026-09-23 08:28:10,856 - torchtitan.observability.metrics - INFO - [31mstep: 24  [32mloss:  2.91253  [38;2;180;60;0mgrad_norm:  1.1416  [38;2;54;234;195mmemory:  0.89GiB(1.12%)  [34mtps: 298  [36mtflops: 0.05  [35mmfu: 0.00%[39m
[titan] 2026-09-23 08:28:14,297 - torchtitan.observability.metrics - INFO - [31mstep: 25  [32mloss:  3.14063  [38;2;180;60;0mgrad_norm:  0.9620  [38;2;54;234;195mmemory:  0.89GiB(1.12%)  [34mtps: 298  [36mtflops: 0.05  [35mmfu: 0.00%[39m
[titan] 2026-09-23 08:28:17,740 - torchtitan.observability.metrics - INFO - [31mstep: 26  [32mloss:  2.70039  [38;2;180;60;0mgrad_norm:  1.1424  [38;2;54;234;195mmemory:  0.89GiB(1.12%)  [34mtps: 297  [36mtflops: 0.05  [35mmfu: 0.00%[39m
[titan] 2026-09-23 08:28:21,181 - torchtitan.observability.metrics - INFO - [31mstep: 27  [32mloss:  2.83378  [38;2;180;60;0mgrad_norm:  0.9895  [38;2;54;234;195mmemory:  0.89GiB(1.12%)  [34mtps: 298  [36mtflops: 0.05  [35mmfu: 0.00%[39m
[titan] 2026-09-23 08:28:24,632 - torchtitan.observability.metrics - INFO - [31mstep: 28  [32mloss:  2.94214  [38;2;180;60;0mgrad_norm:  1.0327  [38;2;54;234;195mmemory:  0.89GiB(1.12%)  [34mtps: 297  [36mtflops: 0.05  [35mmfu: 0.00%[39m
[titan] 2026-09-23 08:28:28,069 - torchtitan.observability.metrics - INFO - [31mstep: 29  [32mloss:  2.63024  [38;2;180;60;0mgrad_norm:  0.9520  [38;2;54;234;195mmemory:  0.89GiB(1.12%)  [34mtps: 298  [36mtflops: 0.05  [35mmfu: 0.00%[39m
[titan] 2026-09-23 08:28:31,513 - torchtitan.observability.metrics - INFO - [31mstep: 30  [32mloss:  2.95122  [38;2;180;60;0mgrad_norm:  0.9423  [38;2;54;234;195mmemory:  0.89GiB(1.13%)  [34mtps: 297  [36mtflops: 0.05  [35mmfu: 0.00%[39m
[titan] 2026-09-23 08:28:34,952 - torchtitan.observability.metrics - INFO - [31mstep: 31  [32mloss:  2.75157  [38;2;180;60;0mgrad_norm:  0.9534  [38;2;54;234;195mmemory:  0.89GiB(1.13%)  [34mtps: 298  [36mtflops: 0.05  [35mmfu: 0.00%[39m
[titan] 2026-09-23 08:28:38,399 - torchtitan.observability.metrics - INFO - [31mstep: 32  [32mloss:  2.77989  [38;2;180;60;0mgrad_norm:  0.7854  [38;2;54;234;195mmemory:  0.89GiB(1.13%)  [34mtps: 297  [36mtflops: 0.05  [35mmfu: 0.00%[39m
[titan] 2026-09-23 08:28:41,833 - torchtitan.observability.metrics - INFO - [31mstep: 33  [32mloss:  2.54775  [38;2;180;60;0mgrad_norm:  0.8494  [38;2;54;234;195mmemory:  0.89GiB(1.13%)  [34mtps: 298  [36mtflops: 0.05  [35mmfu: 0.00%[39m
[titan] 2026-09-23 08:28:45,269 - torchtitan.observability.metrics - INFO - [31mstep: 34  [32mloss:  2.54550  [38;2;180;60;0mgrad_norm:  0.9544  [38;2;54;234;195mmemory:  0.89GiB(1.13%)  [34mtps: 298  [36mtflops: 0.05  [35mmfu: 0.00%[39m
[titan] 2026-09-23 08:28:48,739 - torchtitan.observability.metrics - INFO - [31mstep: 35  [32mloss:  2.70877  [38;2;180;60;0mgrad_norm:  0.8967  [38;2;54;234;195mmemory:  0.89GiB(1.13%)  [34mtps: 295  [36mtflops: 0.05  [35mmfu: 0.00%[39m
[titan] 2026-09-23 08:28:52,212 - torchtitan.observability.metrics - INFO - [31mstep: 36  [32mloss:  2.54047  [38;2;180;60;0mgrad_norm:  0.8172  [38;2;54;234;195mmemory:  0.89GiB(1.13%)  [34mtps: 295  [36mtflops: 0.05  [35mmfu: 0.00%[39m
[titan] 2026-09-23 08:28:55,675 - torchtitan.observability.metrics - INFO - [31mstep: 37  [32mloss:  3.02007  [38;2;180;60;0mgrad_norm:  1.2666  [38;2;54;234;195mmemory:  0.89GiB(1.13%)  [34mtps: 296  [36mtflops: 0.05  [35mmfu: 0.00%[39m
[titan] 2026-09-23 08:28:59,134 - torchtitan.observability.metrics - INFO - [31mstep: 38  [32mloss:  2.67837  [38;2;180;60;0mgrad_norm:  1.2064  [38;2;54;234;195mmemory:  0.89GiB(1.13%)  [34mtps: 296  [36mtflops: 0.05  [35mmfu: 0.00%[39m
[titan] 2026-09-23 08:29:02,593 - torchtitan.observability.metrics - INFO - [31mstep: 39  [32mloss:  2.79084  [38;2;180;60;0mgrad_norm:  0.8932  [38;2;54;234;195mmemory:  0.89GiB(1.13%)  [34mtps: 296  [36mtflops: 0.05  [35mmfu: 0.00%[39m
[titan] 2026-09-23 08:29:06,049 - torchtitan.observability.metrics - INFO - [31mstep: 40  [32mloss:  2.65097  [38;2;180;60;0mgrad_norm:  0.9384  [38;2;54;234;195mmemory:  0.89GiB(1.13%)  [34mtps: 296  [36mtflops: 0.05  [35mmfu: 0.00%[39m
[titan] 2026-09-23 08:29:09,543 - torchtitan.observability.metrics - INFO - [31mstep: 41  [32mloss:  2.58742  [38;2;180;60;0mgrad_norm:  0.6713  [38;2;54;234;195mmemory:  0.89GiB(1.13%)  [34mtps: 293  [36mtflops: 0.05  [35mmfu: 0.00%[39m
[titan] 2026-09-23 08:29:12,976 - torchtitan.observability.metrics - INFO - [31mstep: 42  [32mloss:  2.53590  [38;2;180;60;0mgrad_norm:  0.8075  [38;2;54;234;195mmemory:  0.89GiB(1.13%)  [34mtps: 298  [36mtflops: 0.05  [35mmfu: 0.00%[39m
[titan] 2026-09-23 08:29:16,415 - torchtitan.observability.metrics - INFO - [31mstep: 43  [32mloss:  2.71672  [38;2;180;60;0mgrad_norm:  0.8211  [38;2;54;234;195mmemory:  0.89GiB(1.13%)  [34mtps: 298  [36mtflops: 0.05  [35mmfu: 0.00%[39m
[titan] 2026-09-23 08:29:19,827 - torchtitan.observability.metrics - INFO - [31mstep: 44  [32mloss:  2.47378  [38;2;180;60;0mgrad_norm:  0.9455  [38;2;54;234;195mmemory:  0.89GiB(1.13%)  [34mtps: 300  [36mtflops: 0.05  [35mmfu: 0.00%[39m
[titan] 2026-09-23 08:29:23,262 - torchtitan.observability.metrics - INFO - [31mstep: 45  [32mloss:  2.65688  [38;2;180;60;0mgrad_norm:  0.8937  [38;2;54;234;195mmemory:  0.89GiB(1.13%)  [34mtps: 298  [36mtflops: 0.05  [35mmfu: 0.00%[39m
[titan] 2026-09-23 08:29:26,697 - torchtitan.observability.metrics - INFO - [31mstep: 46  [32mloss:  2.60027  [38;2;180;60;0mgrad_norm:  0.8347  [38;2;54;234;195mmemory:  0.89GiB(1.13%)  [34mtps: 298  [36mtflops: 0.05  [35mmfu: 0.00%[39m
[titan] 2026-09-23 08:29:30,125 - torchtitan.observability.metrics - INFO - [31mstep: 47  [32mloss:  2.68741  [38;2;180;60;0mgrad_norm:  0.7509  [38;2;54;234;195mmemory:  0.89GiB(1.13%)  [34mtps: 299  [36mtflops: 0.05  [35mmfu: 0.00%[39m
[titan] 2026-09-23 08:29:33,567 - torchtitan.observability.metrics - INFO - [31mstep: 48  [32mloss:  2.74508  [38;2;180;60;0mgrad_norm:  0.8736  [38;2;54;234;195mmemory:  0.89GiB(1.13%)  [34mtps: 298  [36mtflops: 0.05  [35mmfu: 0.00%[39m
[titan] 2026-09-23 08:29:37,000 - torchtitan.observability.metrics - INFO - [31mstep: 49  [32mloss:  2.66301  [38;2;180;60;0mgrad_norm:  0.9669  [38;2;54;234;195mmemory:  0.89GiB(1.13%)  [34mtps: 298  [36mtflops: 0.05  [35mmfu: 0.00%[39m
[titan] 2026-09-23 08:29:39,334 - torchtitan.tools.utils - INFO - [GC] Performing periodic GC collection took 2.33 seconds
[titan] 2026-09-23 08:29:42,890 - torchtitan.observability.metrics - INFO - [31mstep: 50  [32mloss:  2.58284  [38;2;180;60;0mgrad_norm:  0.6767  [38;2;54;234;195mmemory:  0.89GiB(1.13%)  [34mtps: 174  [36mtflops: 0.03  [35mmfu: 0.00%[39m
[titan] 2026-09-23 08:29:46,391 - torchtitan.observability.metrics - INFO - [31mstep: 51  [32mloss:  2.69239  [38;2;180;60;0mgrad_norm:  1.0298  [38;2;54;234;195mmemory:  0.89GiB(1.13%)  [34mtps: 293  [36mtflops: 0.05  [35mmfu: 0.00%[39m
[titan] 2026-09-23 08:29:49,871 - torchtitan.observability.metrics - INFO - [31mstep: 52  [32mloss:  2.51793  [38;2;180;60;0mgrad_norm:  0.8564  [38;2;54;234;195mmemory:  0.89GiB(1.13%)  [34mtps: 294  [36mtflops: 0.05  [35mmfu: 0.00%[39m
[titan] 2026-09-23 08:29:53,370 - torchtitan.observability.metrics - INFO - [31mstep: 53  [32mloss:  2.78454  [38;2;180;60;0mgrad_norm:  0.7844  [38;2;54;234;195mmemory:  0.89GiB(1.13%)  [34mtps: 293  [36mtflops: 0.05  [35mmfu: 0.00%[39m
[titan] 2026-09-23 08:29:56,862 - torchtitan.observability.metrics - INFO - [31mstep: 54  [32mloss:  3.05410  [38;2;180;60;0mgrad_norm:  0.8229  [38;2;54;234;195mmemory:  0.89GiB(1.13%)  [34mtps: 293  [36mtflops: 0.05  [35mmfu: 0.00%[39m
[titan] 2026-09-23 08:30:00,350 - torchtitan.observability.metrics - INFO - [31mstep: 55  [32mloss:  2.94829  [38;2;180;60;0mgrad_norm:  1.0462  [38;2;54;234;195mmemory:  0.89GiB(1.13%)  [34mtps: 294  [36mtflops: 0.05  [35mmfu: 0.00%[39m
[titan] 2026-09-23 08:30:03,836 - torchtitan.observability.metrics - INFO - [31mstep: 56  [32mloss:  2.54406  [38;2;180;60;0mgrad_norm:  0.8017  [38;2;54;234;195mmemory:  0.89GiB(1.13%)  [34mtps: 294  [36mtflops: 0.05  [35mmfu: 0.00%[39m
[titan] 2026-09-23 08:30:07,338 - torchtitan.observability.metrics - INFO - [31mstep: 57  [32mloss:  2.52313  [38;2;180;60;0mgrad_norm:  0.9067  [38;2;54;234;195mmemory:  0.89GiB(1.13%)  [34mtps: 292  [36mtflops: 0.05  [35mmfu: 0.00%[39m
[titan] 2026-09-23 08:30:10,840 - torchtitan.observability.metrics - INFO - [31mstep: 58  [32mloss:  2.61397  [38;2;180;60;0mgrad_norm:  0.9239  [38;2;54;234;195mmemory:  0.89GiB(1.13%)  [34mtps: 292  [36mtflops: 0.05  [35mmfu: 0.00%[39m
[titan] 2026-09-23 08:30:14,324 - torchtitan.observability.metrics - INFO - [31mstep: 59  [32mloss:  2.65353  [38;2;180;60;0mgrad_norm:  0.8251  [38;2;54;234;195mmemory:  0.89GiB(1.13%)  [34mtps: 294  [36mtflops: 0.05  [35mmfu: 0.00%[39m
[titan] 2026-09-23 08:30:17,822 - torchtitan.observability.metrics - INFO - [31mstep: 60  [32mloss:  2.57675  [38;2;180;60;0mgrad_norm:  0.8148  [38;2;54;234;195mmemory:  0.89GiB(1.13%)  [34mtps: 293  [36mtflops: 0.05  [35mmfu: 0.00%[39m
[titan] 2026-09-23 08:30:21,317 - torchtitan.observability.metrics - INFO - [31mstep: 61  [32mloss:  2.62483  [38;2;180;60;0mgrad_norm:  0.9381  [38;2;54;234;195mmemory:  0.89GiB(1.13%)  [34mtps: 293  [36mtflops: 0.05  [35mmfu: 0.00%[39m
[titan] 2026-09-23 08:30:24,810 - torchtitan.observability.metrics - INFO - [31mstep: 62  [32mloss:  2.70437  [38;2;180;60;0mgrad_norm:  0.9198  [38;2;54;234;195mmemory:  0.89GiB(1.13%)  [34mtps: 293  [36mtflops: 0.05  [35mmfu: 0.00%[39m
[titan] 2026-09-23 08:30:28,307 - torchtitan.observability.metrics - INFO - [31mstep: 63  [32mloss:  2.62927  [38;2;180;60;0mgrad_norm:  0.8931  [38;2;54;234;195mmemory:  0.89GiB(1.13%)  [34mtps: 293  [36mtflops: 0.05  [35mmfu: 0.00%[39m
[titan] 2026-09-23 08:30:31,802 - torchtitan.observability.metrics - INFO - [31mstep: 64  [32mloss:  2.62579  [38;2;180;60;0mgrad_norm:  0.6506  [38;2;54;234;195mmemory:  0.89GiB(1.13%)  [34mtps: 293  [36mtflops: 0.05  [35mmfu: 0.00%[39m
[titan] 2026-09-23 08:30:35,287 - torchtitan.observability.metrics - INFO - [31mstep: 65  [32mloss:  2.71314  [38;2;180;60;0mgrad_norm:  0.8719  [38;2;54;234;195mmemory:  0.89GiB(1.13%)  [34mtps: 294  [36mtflops: 0.05  [35mmfu: 0.00%[39m
[titan] 2026-09-23 08:30:38,793 - torchtitan.observability.metrics - INFO - [31mstep: 66  [32mloss:  2.56925  [38;2;180;60;0mgrad_norm:  0.7358  [38;2;54;234;195mmemory:  0.89GiB(1.13%)  [34mtps: 292  [36mtflops: 0.05  [35mmfu: 0.00%[39m
[titan] 2026-09-23 08:30:42,290 - torchtitan.observability.metrics - INFO - [31mstep: 67  [32mloss:  2.59144  [38;2;180;60;0mgrad_norm:  0.8999  [38;2;54;234;195mmemory:  0.89GiB(1.13%)  [34mtps: 293  [36mtflops: 0.05  [35mmfu: 0.00%[39m
[titan] 2026-09-23 08:30:45,841 - torchtitan.observability.metrics - INFO - [31mstep: 68  [32mloss:  2.61312  [38;2;180;60;0mgrad_norm:  0.8704  [38;2;54;234;195mmemory:  0.89GiB(1.13%)  [34mtps: 288  [36mtflops: 0.05  [35mmfu: 0.00%[39m
[titan] 2026-09-23 08:30:49,355 - torchtitan.observability.metrics - INFO - [31mstep: 69  [32mloss:  2.83265  [38;2;180;60;0mgrad_norm:  0.8896  [38;2;54;234;195mmemory:  0.89GiB(1.13%)  [34mtps: 291  [36mtflops: 0.05  [35mmfu: 0.00%[39m
[titan] 2026-09-23 08:30:52,882 - torchtitan.observability.metrics - INFO - [31mstep: 70  [32mloss:  2.70925  [38;2;180;60;0mgrad_norm:  0.6343  [38;2;54;234;195mmemory:  0.89GiB(1.13%)  [34mtps: 290  [36mtflops: 0.05  [35mmfu: 0.00%[39m
[titan] 2026-09-23 08:30:56,392 - torchtitan.observability.metrics - INFO - [31mstep: 71  [32mloss:  2.54876  [38;2;180;60;0mgrad_norm:  0.5713  [38;2;54;234;195mmemory:  0.89GiB(1.13%)  [34mtps: 292  [36mtflops: 0.05  [35mmfu: 0.00%[39m
[titan] 2026-09-23 08:30:59,905 - torchtitan.observability.metrics - INFO - [31mstep: 72  [32mloss:  2.58395  [38;2;180;60;0mgrad_norm:  0.8337  [38;2;54;234;195mmemory:  0.89GiB(1.13%)  [34mtps: 292  [36mtflops: 0.05  [35mmfu: 0.00%[39m
[titan] 2026-09-23 08:31:03,421 - torchtitan.observability.metrics - INFO - [31mstep: 73  [32mloss:  2.59194  [38;2;180;60;0mgrad_norm:  1.0458  [38;2;54;234;195mmemory:  0.89GiB(1.13%)  [34mtps: 291  [36mtflops: 0.05  [35mmfu: 0.00%[39m
[titan] 2026-09-23 08:31:06,923 - torchtitan.observability.metrics - INFO - [31mstep: 74  [32mloss:  2.42398  [38;2;180;60;0mgrad_norm:  0.7687  [38;2;54;234;195mmemory:  0.89GiB(1.13%)  [34mtps: 292  [36mtflops: 0.05  [35mmfu: 0.00%[39m
[titan] 2026-09-23 08:31:10,432 - torchtitan.observability.metrics - INFO - [31mstep: 75  [32mloss:  2.66049  [38;2;180;60;0mgrad_norm:  0.6516  [38;2;54;234;195mmemory:  0.89GiB(1.13%)  [34mtps: 292  [36mtflops: 0.05  [35mmfu: 0.00%[39m
[titan] 2026-09-23 08:31:13,934 - torchtitan.observability.metrics - INFO - [31mstep: 76  [32mloss:  2.43600  [38;2;180;60;0mgrad_norm:  0.7392  [38;2;54;234;195mmemory:  0.89GiB(1.13%)  [34mtps: 292  [36mtflops: 0.05  [35mmfu: 0.00%[39m
[titan] 2026-09-23 08:31:17,479 - torchtitan.observability.metrics - INFO - [31mstep: 77  [32mloss:  2.55982  [38;2;180;60;0mgrad_norm:  0.6914  [38;2;54;234;195mmemory:  0.89GiB(1.13%)  [34mtps: 289  [36mtflops: 0.05  [35mmfu: 0.00%[39m
[titan] 2026-09-23 08:31:21,034 - torchtitan.observability.metrics - INFO - [31mstep: 78  [32mloss:  2.44601  [38;2;180;60;0mgrad_norm:  0.7650  [38;2;54;234;195mmemory:  0.89GiB(1.13%)  [34mtps: 288  [36mtflops: 0.05  [35mmfu: 0.00%[39m
[titan] 2026-09-23 08:31:24,622 - torchtitan.observability.metrics - INFO - [31mstep: 79  [32mloss:  2.57617  [38;2;180;60;0mgrad_norm:  0.7095  [38;2;54;234;195mmemory:  0.89GiB(1.13%)  [34mtps: 285  [36mtflops: 0.04  [35mmfu: 0.00%[39m
[titan] 2026-09-23 08:31:28,177 - torchtitan.observability.metrics - INFO - [31mstep: 80  [32mloss:  2.61020  [38;2;180;60;0mgrad_norm:  0.8872  [38;2;54;234;195mmemory:  0.89GiB(1.13%)  [34mtps: 288  [36mtflops: 0.05  [35mmfu: 0.00%[39m
[titan] 2026-09-23 08:31:31,764 - torchtitan.observability.metrics - INFO - [31mstep: 81  [32mloss:  2.52933  [38;2;180;60;0mgrad_norm:  0.7405  [38;2;54;234;195mmemory:  0.89GiB(1.13%)  [34mtps: 285  [36mtflops: 0.04  [35mmfu: 0.00%[39m
[titan] 2026-09-23 08:31:35,337 - torchtitan.observability.metrics - INFO - [31mstep: 82  [32mloss:  2.46458  [38;2;180;60;0mgrad_norm:  0.6883  [38;2;54;234;195mmemory:  0.89GiB(1.13%)  [34mtps: 287  [36mtflops: 0.04  [35mmfu: 0.00%[39m
[titan] 2026-09-23 08:31:38,934 - torchtitan.observability.metrics - INFO - [31mstep: 83  [32mloss:  2.45626  [38;2;180;60;0mgrad_norm:  0.8525  [38;2;54;234;195mmemory:  0.89GiB(1.13%)  [34mtps: 285  [36mtflops: 0.04  [35mmfu: 0.00%[39m
[titan] 2026-09-23 08:31:42,504 - torchtitan.observability.metrics - INFO - [31mstep: 84  [32mloss:  2.62222  [38;2;180;60;0mgrad_norm:  0.7971  [38;2;54;234;195mmemory:  0.89GiB(1.13%)  [34mtps: 287  [36mtflops: 0.04  [35mmfu: 0.00%[39m
[titan] 2026-09-23 08:31:46,063 - torchtitan.observability.metrics - INFO - [31mstep: 85  [32mloss:  2.52622  [38;2;180;60;0mgrad_norm:  1.0950  [38;2;54;234;195mmemory:  0.89GiB(1.13%)  [34mtps: 288  [36mtflops: 0.05  [35mmfu: 0.00%[39m
[titan] 2026-09-23 08:31:49,615 - torchtitan.observability.metrics - INFO - [31mstep: 86  [32mloss:  2.48148  [38;2;180;60;0mgrad_norm:  0.7689  [38;2;54;234;195mmemory:  0.89GiB(1.13%)  [34mtps: 288  [36mtflops: 0.05  [35mmfu: 0.00%[39m
[titan] 2026-09-23 08:31:53,225 - torchtitan.observability.metrics - INFO - [31mstep: 87  [32mloss:  2.53727  [38;2;180;60;0mgrad_norm:  0.8283  [38;2;54;234;195mmemory:  0.89GiB(1.13%)  [34mtps: 284  [36mtflops: 0.04  [35mmfu: 0.00%[39m
[titan] 2026-09-23 08:31:56,808 - torchtitan.observability.metrics - INFO - [31mstep: 88  [32mloss:  2.61073  [38;2;180;60;0mgrad_norm:  0.7884  [38;2;54;234;195mmemory:  0.89GiB(1.13%)  [34mtps: 286  [36mtflops: 0.04  [35mmfu: 0.00%[39m
[titan] 2026-09-23 08:32:00,438 - torchtitan.observability.metrics - INFO - [31mstep: 89  [32mloss:  2.63437  [38;2;180;60;0mgrad_norm:  0.9150  [38;2;54;234;195mmemory:  0.89GiB(1.13%)  [34mtps: 282  [36mtflops: 0.04  [35mmfu: 0.00%[39m
[titan] 2026-09-23 08:32:04,013 - torchtitan.observability.metrics - INFO - [31mstep: 90  [32mloss:  2.45406  [38;2;180;60;0mgrad_norm:  0.7972  [38;2;54;234;195mmemory:  0.89GiB(1.13%)  [34mtps: 286  [36mtflops: 0.04  [35mmfu: 0.00%[39m
[titan] 2026-09-23 08:32:07,603 - torchtitan.observability.metrics - INFO - [31mstep: 91  [32mloss:  2.57035  [38;2;180;60;0mgrad_norm:  0.8684  [38;2;54;234;195mmemory:  0.89GiB(1.13%)  [34mtps: 285  [36mtflops: 0.04  [35mmfu: 0.00%[39m
[titan] 2026-09-23 08:32:11,178 - torchtitan.observability.metrics - INFO - [31mstep: 92  [32mloss:  2.57780  [38;2;180;60;0mgrad_norm:  0.7919  [38;2;54;234;195mmemory:  0.89GiB(1.13%)  [34mtps: 286  [36mtflops: 0.04  [35mmfu: 0.00%[39m
[titan] 2026-09-23 08:32:14,770 - torchtitan.observability.metrics - INFO - [31mstep: 93  [32mloss:  2.78023  [38;2;180;60;0mgrad_norm:  0.8552  [38;2;54;234;195mmemory:  0.89GiB(1.13%)  [34mtps: 285  [36mtflops: 0.04  [35mmfu: 0.00%[39m
[titan] 2026-09-23 08:32:18,341 - torchtitan.observability.metrics - INFO - [31mstep: 94  [32mloss:  2.40767  [38;2;180;60;0mgrad_norm:  0.7270  [38;2;54;234;195mmemory:  0.89GiB(1.13%)  [34mtps: 287  [36mtflops: 0.04  [35mmfu: 0.00%[39m
[titan] 2026-09-23 08:32:21,909 - torchtitan.observability.metrics - INFO - [31mstep: 95  [32mloss:  2.50326  [38;2;180;60;0mgrad_norm:  0.6907  [38;2;54;234;195mmemory:  0.89GiB(1.13%)  [34mtps: 287  [36mtflops: 0.05  [35mmfu: 0.00%[39m
[titan] 2026-09-23 08:32:25,472 - torchtitan.observability.metrics - INFO - [31mstep: 96  [32mloss:  2.53218  [38;2;180;60;0mgrad_norm:  0.7500  [38;2;54;234;195mmemory:  0.89GiB(1.13%)  [34mtps: 287  [36mtflops: 0.05  [35mmfu: 0.00%[39m
[titan] 2026-09-23 08:32:29,034 - torchtitan.observability.metrics - INFO - [31mstep: 97  [32mloss:  2.37462  [38;2;180;60;0mgrad_norm:  1.0006  [38;2;54;234;195mmemory:  0.89GiB(1.13%)  [34mtps: 287  [36mtflops: 0.05  [35mmfu: 0.00%[39m
[titan] 2026-09-23 08:32:32,597 - torchtitan.observability.metrics - INFO - [31mstep: 98  [32mloss:  2.42482  [38;2;180;60;0mgrad_norm:  0.6837  [38;2;54;234;195mmemory:  0.89GiB(1.13%)  [34mtps: 287  [36mtflops: 0.05  [35mmfu: 0.00%[39m
[titan] 2026-09-23 08:32:36,146 - torchtitan.observability.metrics - INFO - [31mstep: 99  [32mloss:  2.64968  [38;2;180;60;0mgrad_norm:  0.6823  [38;2;54;234;195mmemory:  0.89GiB(1.13%)  [34mtps: 289  [36mtflops: 0.05  [35mmfu: 0.00%[39m
[titan] 2026-09-23 08:32:38,606 - torchtitan.tools.utils - INFO - [GC] Performing periodic GC collection took 2.45 seconds
[titan] 2026-09-23 08:32:42,168 - torchtitan.observability.metrics - INFO - [31mstep: 100  [32mloss:  2.50589  [38;2;180;60;0mgrad_norm:  0.8747  [38;2;54;234;195mmemory:  0.89GiB(1.13%)  [34mtps: 170  [36mtflops: 0.03  [35mmfu: 0.00%[39m
[titan] 2026-09-23 08:32:42,168 - torchtitan.components.checkpointer.dcp - INFO - Saving the checkpointer.
[titan] 2026-09-23 08:32:42,175 - torchtitan.components.checkpointer.dcp - INFO - Saving a model only checkpoint in torch.float32 at last step, step 100.
[titan] 2026-09-23 08:32:42,561 - torchtitan.tools.utils - INFO - [GC] GC collection invoked by checkpointer. took 0.03 seconds
[titan] 2026-09-23 08:32:42,561 - torchtitan.components.checkpointer.dcp - INFO - Last step checkpoint completed in 0.39s
[titan] 2026-09-23 08:32:42,561 - torchtitan.trainer - INFO - Sleeping 2 seconds for other ranks to complete
[titan] 2026-09-23 08:32:44,561 - torchtitan.trainer - INFO - Training completed
[titan] 2026-09-23 08:32:44,571 - torchtitan.components.checkpointer.base - INFO - Destroying the purge thread.
[titan] 2026-09-23 08:32:44,681 - __main__ - INFO - Process group destroyed
