W0923 08:45:04.618000 19021 torch/distributed/run.py:982] 
W0923 08:45:04.618000 19021 torch/distributed/run.py:982] *****************************************
W0923 08:45:04.618000 19021 torch/distributed/run.py:982] Setting OMP_NUM_THREADS environment variable for each process to be 1 in default, to avoid your system being overloaded, please further tune the variable for optimal performance in your application as needed. 
W0923 08:45:04.618000 19021 torch/distributed/run.py:982] *****************************************
WARNING:absl:Failed to load jax profiler: No module named 'jax'
WARNING:absl:Failed to load jax profiler: No module named 'jax'
[titan] 2026-09-23 08:45:08,755 - __main__ - INFO - torchtitan version: 0.0.0+unknown (0.0.0 means __version__ is not defined correctly).
[titan] 2026-09-23 08:45:08,763 - __main__ - INFO - torchtitan version: 0.0.0+unknown (0.0.0 means __version__ is not defined correctly).
[titan] 2026-09-23 08:45:09,257 - torchtitan.components.checkpointer.base - WARNING - initial_load_model_only=True has no effect without an initial_load_path.
[titan] 2026-09-23 08:45:09,261 - torchtitan.components.checkpointer.base - WARNING - initial_load_model_only=True has no effect without an initial_load_path.
[titan] 2026-09-23 08:45:09,320 - torchtitan.components.checkpointer.base - WARNING - initial_load_model_only=True has no effect without an initial_load_path.
[titan] 2026-09-23 08:45:09,322 - torchtitan.observability.structured_logger.jsonl_handler - INFO - Structured logging -> JSONL: /home/ubuntu/results/pp_r4/f32_vp2n/structured_logs/training.global_rank_1.20260923-084509-G5ND3A.jsonl
[titan] 2026-09-23 08:45:09,324 - torchtitan.components.checkpointer.base - WARNING - initial_load_model_only=True has no effect without an initial_load_path.
[titan] 2026-09-23 08:45:09,326 - torchtitan.observability.structured_logger.jsonl_handler - INFO - Structured logging -> JSONL: /home/ubuntu/results/pp_r4/f32_vp2n/structured_logs/training.global_rank_0.20260923-084509-1N5S2V.jsonl
[titan] 2026-09-23 08:45:09,584 - torchtitan.distributed.utils - WARNING - ENV[TORCH_NCCL_ASYNC_ERROR_HANDLING] = 1 will be overridden to 3 based on job config
[titan] 2026-09-23 08:45:09,585 - torchtitan.distributed.utils - WARNING - ENV[TORCH_NCCL_ASYNC_ERROR_HANDLING] = 1 will be overridden to 3 based on job config
[titan] 2026-09-23 08:45:09,974 - torchtitan.tools.utils - INFO - [GC] Initial GC collection took 0.00 seconds
[titan] 2026-09-23 08:45:09,974 - torchtitan.tools.utils - INFO - [GC] Initial GC collection took 0.00 seconds
[titan] 2026-09-23 08:45:09,974 - torchtitan.distributed.utils - INFO - Deterministic algorithm enabled (expect perf degradation).
[titan] 2026-09-23 08:45:09,974 - torchtitan.distributed.utils - INFO - Deterministic algorithm enabled (expect perf degradation).
[titan] 2026-09-23 08:45:09,984 - torchtitan.distributed.parallel_dims - INFO - Building device mesh with parallelism: pp=2, dp_replicate=1, dp_shard=1, cp=1, tp=1, ep=1
[titan] 2026-09-23 08:45:09,984 - torchtitan.distributed.parallel_dims - INFO - Building device mesh with parallelism: pp=2, dp_replicate=1, dp_shard=1, cp=1, tp=1, ep=1
[titan] 2026-09-23 08:45:10,150 - torchtitan.distributed.parallel_dims - INFO - Successfully created meshes with active dimensions: ['pp']
[titan] 2026-09-23 08:45:10,150 - torchtitan.distributed.parallel_dims - INFO - Successfully created meshes with active dimensions: ['pp']
[titan] 2026-09-23 08:45:10,151 - torchtitan.observability.metrics - INFO - CUDA capacity: NVIDIA H100 80GB HBM3 with 79.18GiB memory
[titan] 2026-09-23 08:45:10,151 - torchtitan.observability.metrics - INFO - CUDA capacity: NVIDIA H100 80GB HBM3 with 79.18GiB memory
[titan] 2026-09-23 08:45:10,173 - torchtitan.components.tokenizer - INFO - Loading tokenizer from tokenizer.json
[titan] 2026-09-23 08:45:10,173 - torchtitan.components.tokenizer - INFO - Loading tokenizer from tokenizer.json
[titan] 2026-09-23 08:45:10,893 - httpx - INFO - HTTP Request: HEAD https://s3.amazonaws.com/datasets.huggingface.co/datasets/datasets/json/json.py "HTTP/1.1 200 OK"
[titan] 2026-09-23 08:45:10,925 - httpx - INFO - HTTP Request: HEAD https://s3.amazonaws.com/datasets.huggingface.co/datasets/datasets/json/json.py "HTTP/1.1 200 OK"
[titan] 2026-09-23 08:45:10,988 - torchtitan.protocols.state_dict_adapter - WARNING - model.safetensors.index.json not found at hf_assets_path: ./tests/assets/tokenizer/model.safetensors.index.json.                     Defaulting to saving a single safetensors file if checkpoint is saved in HF format
[titan] 2026-09-23 08:45:10,990 - torchtitan.models.utils - INFO - Total parameter count: 25,776,880, active parameters: 17,236,208
[titan] 2026-09-23 08:45:11,018 - torchtitan.protocols.state_dict_adapter - WARNING - model.safetensors.index.json not found at hf_assets_path: ./tests/assets/tokenizer/model.safetensors.index.json.                     Defaulting to saving a single safetensors file if checkpoint is saved in HF format
[titan] 2026-09-23 08:45:11,021 - torchtitan.models.utils - INFO - Total parameter count: 25,776,880, active parameters: 17,236,208
[rank0]:W0923 08:45:11.044000 19152 torch/_logging/_internal.py:1407] Pipeline parallelism is using an eager NCCL communicator. Consider creating its process group with backend="nccl-lazy" so peer communicators are initialized lazily and traffic to different peers can overlap.
[titan] 2026-09-23 08:45:11,045 - torchtitan.distributed.pipeline_parallel - INFO - PP rank 0 is building stage_idx 0 with modules ['vision_encoder', 'tok_embeddings', 'layers.0', 'layers.1', 'layers.2', 'layers.3']
[rank1]:W0923 08:45:11.075000 19153 torch/_logging/_internal.py:1407] Pipeline parallelism is using an eager NCCL communicator. Consider creating its process group with backend="nccl-lazy" so peer communicators are initialized lazily and traffic to different peers can overlap.
[titan] 2026-09-23 08:45:11,075 - torchtitan.distributed.pipeline_parallel - INFO - PP rank 1 is building stage_idx 1 with modules ['layers.4', 'layers.5', 'layers.6', 'layers.7', 'layers.8']
[titan] 2026-09-23 08:45:11,096 - torchtitan.distributed.pipeline_parallel - INFO - PP rank 0 is building stage_idx 2 with modules ['layers.9', 'layers.10', 'layers.11', 'layers.12', 'layers.13']
[titan] 2026-09-23 08:45:11,113 - torchtitan.distributed.activation_checkpoint - INFO - Applied SelectiveAC activation checkpointing to the model
[titan] 2026-09-23 08:45:11,114 - torchtitan.distributed.activation_checkpoint - INFO - Applied SelectiveAC activation checkpointing to the model
[titan] 2026-09-23 08:45:11,127 - torchtitan.distributed.pipeline_parallel - INFO - PP rank 1 is building stage_idx 3 with modules ['layers.14', 'layers.15', 'layers.16', 'norm', 'lm_head', 'output_res_proj', 'output_res_norm']
[titan] 2026-09-23 08:45:11,145 - torchtitan.distributed.activation_checkpoint - INFO - Applied SelectiveAC activation checkpointing to the model
[titan] 2026-09-23 08:45:11,170 - torchtitan.distributed.fsdp - INFO - Applied FSDP to the model
[titan] 2026-09-23 08:45:11,182 - torchtitan.distributed.activation_checkpoint - INFO - Applied SelectiveAC activation checkpointing to the model
[titan] 2026-09-23 08:45:11,192 - torchtitan.distributed.fsdp - INFO - Applied FSDP to the model
[titan] 2026-09-23 08:45:11,198 - torchtitan.distributed.fsdp - INFO - Applied FSDP to the model
[titan] 2026-09-23 08:45:11,199 - torchtitan.distributed.pipeline_parallel - INFO - Using pipeline schedule Interleaved1F1B with 4 microbatches and 4 stages.
[titan] 2026-09-23 08:45:11,199 - torchtitan.models.kimi_k3.pipeline_parallel - INFO - Kimi K3 pipeline: 2 stage(s) on this rank [0, 2], block transport whole stack every hop
[titan] 2026-09-23 08:45:11,200 - torchtitan.distributed.activation_checkpoint - INFO - Applied SelectiveAC activation checkpointing to the model
[titan] 2026-09-23 08:45:11,211 - torchtitan.distributed.fsdp - INFO - Applied FSDP to the model
[titan] 2026-09-23 08:45:11,211 - torchtitan.distributed.pipeline_parallel - INFO - Using pipeline schedule Interleaved1F1B with 4 microbatches and 4 stages.
[titan] 2026-09-23 08:45:11,212 - torchtitan.models.kimi_k3.pipeline_parallel - INFO - Kimi K3 pipeline: 2 stage(s) on this rank [1, 3], block transport whole stack every hop
[rank1]:W0923 08:45:11.400000 19153 torch/distributed/tensor/_random.py:215] DTensor is synchronizing RNG states of every rank with the state from rank 0. This behavior is deprecated. Please call `torch.manual_seed()` on every rank that participates in SPMD DTensor Operations with the same seed. If using Pipeline Parallelism, each pipeline state would use a different seed, but all ranks belonging to one pipeline stage would use the same seed.
[titan] 2026-09-23 08:45:11,614 - torchtitan.training_engine - INFO - Model KimiK3Model.Config size: 25,776,880 total parameters
[titan] 2026-09-23 08:45:11,615 - torchtitan.components.optimizer.optimizer - INFO - Optimizer AdamW (model_part=0): 139 params [.*] {'fused': True, 'foreach': False, 'lr': 0.0008, 'betas': (0.9, 0.95), 'eps': 1e-08, 'weight_decay': 0.1}
[titan] 2026-09-23 08:45:11,615 - torchtitan.components.optimizer.optimizer - INFO - Optimizer AdamW (model_part=1): 79 params [.*] {'fused': True, 'foreach': False, 'lr': 0.0008, 'betas': (0.9, 0.95), 'eps': 1e-08, 'weight_decay': 0.1}
[titan] 2026-09-23 08:45:11,616 - torchtitan.components.checkpointer.base - WARNING - initial_load_model_only=True has no effect without an initial_load_path.
[titan] 2026-09-23 08:45:11,619 - torchtitan.components.checkpointer.dcp - INFO - Checkpointing active. Checkpoints will be loaded from and saved to /home/ubuntu/results/pp_r4/f32_vp2n/checkpoint
[titan] 2026-09-23 08:45:11,620 - torchtitan.observability.metrics - WARNING - [31mPipeline Parallel loss is not visible. Please add [33mrank 1[31m to LOG_RANK environment variable in run_train.sh.[39m
[titan] 2026-09-23 08:45:11,620 - torchtitan.trainer - INFO - Peak FLOPS used for computing MFU: 9.890e+14
[titan] 2026-09-23 08:45:11,620 - torchtitan.trainer - INFO - CUDA memory usage for model: 0.06GiB(0.08%)
[titan] 2026-09-23 08:45:11,620 - torchtitan.trainer - INFO - Trainer is initialized with 1024 tokens per DP rank, 1024 tokens per train step, gradient accumulation steps 1, maximum context length 2048, total steps 100 (warmup 2)
[titan] 2026-09-23 08:45:11,620 - torchtitan.components.checkpointer.base - INFO - Loading the checkpoint from /home/ubuntu/results/pp_r4/f32_vp2n/checkpoint/step-0.
[titan] 2026-09-23 08:45:11,680 - torchtitan.training_engine - INFO - Model KimiK3Model.Config size: 25,776,880 total parameters
[titan] 2026-09-23 08:45:11,681 - torchtitan.components.optimizer.optimizer - INFO - Optimizer AdamW (model_part=0): 124 params [.*] {'fused': True, 'foreach': False, 'lr': 0.0008, 'betas': (0.9, 0.95), 'eps': 1e-08, 'weight_decay': 0.1}
[titan] 2026-09-23 08:45:11,682 - torchtitan.components.optimizer.optimizer - INFO - Optimizer AdamW (model_part=1): 139 params [.*] {'fused': True, 'foreach': False, 'lr': 0.0008, 'betas': (0.9, 0.95), 'eps': 1e-08, 'weight_decay': 0.1}
[titan] 2026-09-23 08:45:11,683 - torchtitan.components.checkpointer.base - WARNING - initial_load_model_only=True has no effect without an initial_load_path.
[titan] 2026-09-23 08:45:11,686 - torchtitan.components.checkpointer.dcp - INFO - Checkpointing active. Checkpoints will be loaded from and saved to /home/ubuntu/results/pp_r4/f32_vp2n/checkpoint
[titan] 2026-09-23 08:45:11,686 - torchtitan.observability.metrics - WARNING - [31mPipeline Parallel loss is not visible. Please add [33mrank 1[31m to LOG_RANK environment variable in run_train.sh.[39m
[titan] 2026-09-23 08:45:11,686 - torchtitan.trainer - INFO - Peak FLOPS used for computing MFU: 9.890e+14
[titan] 2026-09-23 08:45:11,686 - torchtitan.trainer - INFO - CUDA memory usage for model: 0.07GiB(0.09%)
[titan] 2026-09-23 08:45:11,686 - torchtitan.trainer - INFO - Trainer is initialized with 1024 tokens per DP rank, 1024 tokens per train step, gradient accumulation steps 1, maximum context length 2048, total steps 100 (warmup 2)
[titan] 2026-09-23 08:45:11,687 - torchtitan.components.checkpointer.base - INFO - Loading the checkpoint from /home/ubuntu/results/pp_r4/f32_vp2n/checkpoint/step-0.
[titan] 2026-09-23 08:45:11,987 - torchtitan.tools.utils - INFO - [GC] GC collection for checkpoint loading. took 0.01 seconds
[titan] 2026-09-23 08:45:11,987 - torchtitan.components.checkpointer.base - INFO - Finished loading the checkpoint in 0.37 seconds.
[titan] 2026-09-23 08:45:11,987 - torchtitan.trainer - INFO - Training starts at step 1
[titan] 2026-09-23 08:45:11,996 - torchtitan.tools.utils - INFO - [GC] GC collection for checkpoint loading. took 0.01 seconds
[titan] 2026-09-23 08:45:11,996 - torchtitan.components.checkpointer.base - INFO - Finished loading the checkpoint in 0.31 seconds.
[titan] 2026-09-23 08:45:11,996 - torchtitan.trainer - INFO - Training starts at step 1
/home/ubuntu/venv_k3/lib/python3.12/site-packages/torch/distributed/fsdp/_fully_shard/_fsdp_state.py:336: UserWarning: FSDP2-wrapped module (FSDPCheckpointWrapper) returned a view tensor. An in-place op on this view (e.g., `x += y`) will silently drop the pre-backward hook and skip the all-gather, which can cause backward to fail or produce wrong gradients. Use out-of-place ops (`out = out + y`, not `out += y`) or `.clone()` the output before any in-place op.
  output = self._register_pre_backward_hook(output)
/home/ubuntu/venv_k3/lib/python3.12/site-packages/torch/distributed/fsdp/_fully_shard/_fsdp_state.py:336: UserWarning: FSDP2-wrapped module (FSDPCheckpointWrapper) returned a view tensor. An in-place op on this view (e.g., `x += y`) will silently drop the pre-backward hook and skip the all-gather, which can cause backward to fail or produce wrong gradients. Use out-of-place ops (`out = out + y`, not `out += y`) or `.clone()` the output before any in-place op.
  output = self._register_pre_backward_hook(output)
/home/ubuntu/venv_k3/lib/python3.12/site-packages/torch/distributed/fsdp/_fully_shard/_fsdp_state.py:336: UserWarning: FSDP2-wrapped module (FSDPKimiK3Model) returned a view tensor. An in-place op on this view (e.g., `x += y`) will silently drop the pre-backward hook and skip the all-gather, which can cause backward to fail or produce wrong gradients. Use out-of-place ops (`out = out + y`, not `out += y`) or `.clone()` the output before any in-place op.
  output = self._register_pre_backward_hook(output)
/home/ubuntu/venv_k3/lib/python3.12/site-packages/torch/distributed/fsdp/_fully_shard/_fsdp_state.py:336: UserWarning: FSDP2-wrapped module (FSDPCheckpointWrapper) returned a view tensor. An in-place op on this view (e.g., `x += y`) will silently drop the pre-backward hook and skip the all-gather, which can cause backward to fail or produce wrong gradients. Use out-of-place ops (`out = out + y`, not `out += y`) or `.clone()` the output before any in-place op.
  output = self._register_pre_backward_hook(output)
/home/ubuntu/venv_k3/lib/python3.12/site-packages/torch/distributed/fsdp/_fully_shard/_fsdp_state.py:336: UserWarning: FSDP2-wrapped module (FSDPCheckpointWrapper) returned a view tensor. An in-place op on this view (e.g., `x += y`) will silently drop the pre-backward hook and skip the all-gather, which can cause backward to fail or produce wrong gradients. Use out-of-place ops (`out = out + y`, not `out += y`) or `.clone()` the output before any in-place op.
  output = self._register_pre_backward_hook(output)
[titan] 2026-09-23 08:45:19,064 - torchtitan.observability.metrics - INFO - [31mstep:  1  [32mloss:  8.00335  [38;2;180;60;0mgrad_norm:  2.2419  [38;2;54;234;195mmemory:  0.39GiB(0.50%)  [34mtps: 58  [36mtflops: 0.01  [35mmfu: 0.00%[39m
[titan] 2026-09-23 08:45:19,064 - torchtitan.distributed.utils - INFO - Synchronizing and adjusting timeout for all ProcessGroups to 0:01:40
[titan] 2026-09-23 08:45:19,130 - torchtitan.observability.metrics - INFO - [31mstep:  1  [32mloss: -1.00000  [38;2;180;60;0mgrad_norm:  2.2419  [38;2;54;234;195mmemory:  0.49GiB(0.62%)  [34mtps: 57  [36mtflops: 0.01  [35mmfu: 0.00%[39m
[titan] 2026-09-23 08:45:19,130 - torchtitan.distributed.utils - INFO - Synchronizing and adjusting timeout for all ProcessGroups to 0:01:40
[titan] 2026-09-23 08:45:21,062 - torchtitan.observability.metrics - INFO - [31mstep:  2  [32mloss:  7.24191  [38;2;180;60;0mgrad_norm:  5.6390  [38;2;54;234;195mmemory:  0.47GiB(0.59%)  [34mtps: 256  [36mtflops: 0.04  [35mmfu: 0.00%[39m
[titan] 2026-09-23 08:45:21,067 - torchtitan.observability.metrics - INFO - [31mstep:  2  [32mloss: -1.00000  [38;2;180;60;0mgrad_norm:  5.6390  [38;2;54;234;195mmemory:  0.57GiB(0.73%)  [34mtps: 264  [36mtflops: 0.04  [35mmfu: 0.00%[39m
[titan] 2026-09-23 08:45:22,990 - torchtitan.observability.metrics - INFO - [31mstep:  3  [32mloss:  6.04851  [38;2;180;60;0mgrad_norm:  4.0077  [38;2;54;234;195mmemory:  0.47GiB(0.59%)  [34mtps: 265  [36mtflops: 0.04  [35mmfu: 0.00%[39m
[titan] 2026-09-23 08:45:22,995 - torchtitan.observability.metrics - INFO - [31mstep:  3  [32mloss: -1.00000  [38;2;180;60;0mgrad_norm:  4.0077  [38;2;54;234;195mmemory:  0.57GiB(0.73%)  [34mtps: 265  [36mtflops: 0.04  [35mmfu: 0.00%[39m
[titan] 2026-09-23 08:45:24,894 - torchtitan.observability.metrics - INFO - [31mstep:  4  [32mloss:  5.23939  [38;2;180;60;0mgrad_norm:  3.1362  [38;2;54;234;195mmemory:  0.47GiB(0.59%)  [34mtps: 269  [36mtflops: 0.04  [35mmfu: 0.00%[39m
[titan] 2026-09-23 08:45:24,899 - torchtitan.observability.metrics - INFO - [31mstep:  4  [32mloss: -1.00000  [38;2;180;60;0mgrad_norm:  3.1362  [38;2;54;234;195mmemory:  0.57GiB(0.73%)  [34mtps: 269  [36mtflops: 0.04  [35mmfu: 0.00%[39m
[titan] 2026-09-23 08:45:26,798 - torchtitan.observability.metrics - INFO - [31mstep:  5  [32mloss:  4.66467  [38;2;180;60;0mgrad_norm:  2.9111  [38;2;54;234;195mmemory:  0.47GiB(0.59%)  [34mtps: 269  [36mtflops: 0.04  [35mmfu: 0.00%[39m
[titan] 2026-09-23 08:45:26,803 - torchtitan.observability.metrics - INFO - [31mstep:  5  [32mloss: -1.00000  [38;2;180;60;0mgrad_norm:  2.9111  [38;2;54;234;195mmemory:  0.57GiB(0.73%)  [34mtps: 269  [36mtflops: 0.04  [35mmfu: 0.00%[39m
[titan] 2026-09-23 08:45:28,706 - torchtitan.observability.metrics - INFO - [31mstep:  6  [32mloss:  4.36853  [38;2;180;60;0mgrad_norm:  2.4046  [38;2;54;234;195mmemory:  0.47GiB(0.59%)  [34mtps: 268  [36mtflops: 0.04  [35mmfu: 0.00%[39m
[titan] 2026-09-23 08:45:28,711 - torchtitan.observability.metrics - INFO - [31mstep:  6  [32mloss: -1.00000  [38;2;180;60;0mgrad_norm:  2.4046  [38;2;54;234;195mmemory:  0.57GiB(0.73%)  [34mtps: 268  [36mtflops: 0.04  [35mmfu: 0.00%[39m
[titan] 2026-09-23 08:45:30,614 - torchtitan.observability.metrics - INFO - [31mstep:  7  [32mloss:  4.16080  [38;2;180;60;0mgrad_norm:  2.1514  [38;2;54;234;195mmemory:  0.47GiB(0.59%)  [34mtps: 268  [36mtflops: 0.04  [35mmfu: 0.00%[39m
[titan] 2026-09-23 08:45:30,619 - torchtitan.observability.metrics - INFO - [31mstep:  7  [32mloss: -1.00000  [38;2;180;60;0mgrad_norm:  2.1514  [38;2;54;234;195mmemory:  0.57GiB(0.73%)  [34mtps: 268  [36mtflops: 0.04  [35mmfu: 0.00%[39m
[titan] 2026-09-23 08:45:32,523 - torchtitan.observability.metrics - INFO - [31mstep:  8  [32mloss:  3.77846  [38;2;180;60;0mgrad_norm:  1.8106  [38;2;54;234;195mmemory:  0.47GiB(0.59%)  [34mtps: 268  [36mtflops: 0.04  [35mmfu: 0.00%[39m
[titan] 2026-09-23 08:45:32,529 - torchtitan.observability.metrics - INFO - [31mstep:  8  [32mloss: -1.00000  [38;2;180;60;0mgrad_norm:  1.8106  [38;2;54;234;195mmemory:  0.57GiB(0.73%)  [34mtps: 268  [36mtflops: 0.04  [35mmfu: 0.00%[39m
[titan] 2026-09-23 08:45:34,426 - torchtitan.observability.metrics - INFO - [31mstep:  9  [32mloss:  3.86510  [38;2;180;60;0mgrad_norm:  1.8028  [38;2;54;234;195mmemory:  0.47GiB(0.59%)  [34mtps: 269  [36mtflops: 0.04  [35mmfu: 0.00%[39m
[titan] 2026-09-23 08:45:34,431 - torchtitan.observability.metrics - INFO - [31mstep:  9  [32mloss: -1.00000  [38;2;180;60;0mgrad_norm:  1.8028  [38;2;54;234;195mmemory:  0.57GiB(0.73%)  [34mtps: 269  [36mtflops: 0.04  [35mmfu: 0.00%[39m
[titan] 2026-09-23 08:45:36,339 - torchtitan.observability.metrics - INFO - [31mstep: 10  [32mloss:  3.48461  [38;2;180;60;0mgrad_norm:  1.3957  [38;2;54;234;195mmemory:  0.47GiB(0.59%)  [34mtps: 268  [36mtflops: 0.04  [35mmfu: 0.00%[39m
[titan] 2026-09-23 08:45:36,344 - torchtitan.observability.metrics - INFO - [31mstep: 10  [32mloss: -1.00000  [38;2;180;60;0mgrad_norm:  1.3957  [38;2;54;234;195mmemory:  0.57GiB(0.73%)  [34mtps: 268  [36mtflops: 0.04  [35mmfu: 0.00%[39m
[titan] 2026-09-23 08:45:38,282 - torchtitan.observability.metrics - INFO - [31mstep: 11  [32mloss:  3.38325  [38;2;180;60;0mgrad_norm:  1.3312  [38;2;54;234;195mmemory:  0.47GiB(0.59%)  [34mtps: 263  [36mtflops: 0.04  [35mmfu: 0.00%[39m
[titan] 2026-09-23 08:45:38,288 - torchtitan.observability.metrics - INFO - [31mstep: 11  [32mloss: -1.00000  [38;2;180;60;0mgrad_norm:  1.3312  [38;2;54;234;195mmemory:  0.57GiB(0.73%)  [34mtps: 263  [36mtflops: 0.04  [35mmfu: 0.00%[39m
[titan] 2026-09-23 08:45:40,207 - torchtitan.observability.metrics - INFO - [31mstep: 12  [32mloss:  3.66989  [38;2;180;60;0mgrad_norm:  1.1167  [38;2;54;234;195mmemory:  0.47GiB(0.59%)  [34mtps: 266  [36mtflops: 0.04  [35mmfu: 0.00%[39m
[titan] 2026-09-23 08:45:40,212 - torchtitan.observability.metrics - INFO - [31mstep: 12  [32mloss: -1.00000  [38;2;180;60;0mgrad_norm:  1.1167  [38;2;54;234;195mmemory:  0.57GiB(0.73%)  [34mtps: 266  [36mtflops: 0.04  [35mmfu: 0.00%[39m
[titan] 2026-09-23 08:45:42,132 - torchtitan.observability.metrics - INFO - [31mstep: 13  [32mloss:  3.20216  [38;2;180;60;0mgrad_norm:  1.2037  [38;2;54;234;195mmemory:  0.47GiB(0.59%)  [34mtps: 266  [36mtflops: 0.04  [35mmfu: 0.00%[39m
[titan] 2026-09-23 08:45:42,137 - torchtitan.observability.metrics - INFO - [31mstep: 13  [32mloss: -1.00000  [38;2;180;60;0mgrad_norm:  1.2037  [38;2;54;234;195mmemory:  0.57GiB(0.73%)  [34mtps: 266  [36mtflops: 0.04  [35mmfu: 0.00%[39m
[titan] 2026-09-23 08:45:44,050 - torchtitan.observability.metrics - INFO - [31mstep: 14  [32mloss:  3.45046  [38;2;180;60;0mgrad_norm:  1.2039  [38;2;54;234;195mmemory:  0.47GiB(0.59%)  [34mtps: 267  [36mtflops: 0.04  [35mmfu: 0.00%[39m
[titan] 2026-09-23 08:45:44,055 - torchtitan.observability.metrics - INFO - [31mstep: 14  [32mloss: -1.00000  [38;2;180;60;0mgrad_norm:  1.2039  [38;2;54;234;195mmemory:  0.57GiB(0.73%)  [34mtps: 267  [36mtflops: 0.04  [35mmfu: 0.00%[39m
[titan] 2026-09-23 08:45:45,978 - torchtitan.observability.metrics - INFO - [31mstep: 15  [32mloss:  3.13202  [38;2;180;60;0mgrad_norm:  1.2892  [38;2;54;234;195mmemory:  0.47GiB(0.59%)  [34mtps: 266  [36mtflops: 0.04  [35mmfu: 0.00%[39m
[titan] 2026-09-23 08:45:45,983 - torchtitan.observability.metrics - INFO - [31mstep: 15  [32mloss: -1.00000  [38;2;180;60;0mgrad_norm:  1.2892  [38;2;54;234;195mmemory:  0.57GiB(0.73%)  [34mtps: 266  [36mtflops: 0.04  [35mmfu: 0.00%[39m
[titan] 2026-09-23 08:45:47,902 - torchtitan.observability.metrics - INFO - [31mstep: 16  [32mloss:  3.16615  [38;2;180;60;0mgrad_norm:  1.0268  [38;2;54;234;195mmemory:  0.47GiB(0.59%)  [34mtps: 266  [36mtflops: 0.04  [35mmfu: 0.00%[39m
[titan] 2026-09-23 08:45:47,907 - torchtitan.observability.metrics - INFO - [31mstep: 16  [32mloss: -1.00000  [38;2;180;60;0mgrad_norm:  1.0268  [38;2;54;234;195mmemory:  0.57GiB(0.73%)  [34mtps: 266  [36mtflops: 0.04  [35mmfu: 0.00%[39m
[titan] 2026-09-23 08:45:49,821 - torchtitan.observability.metrics - INFO - [31mstep: 17  [32mloss:  2.98583  [38;2;180;60;0mgrad_norm:  1.0051  [38;2;54;234;195mmemory:  0.47GiB(0.59%)  [34mtps: 267  [36mtflops: 0.04  [35mmfu: 0.00%[39m
[titan] 2026-09-23 08:45:49,826 - torchtitan.observability.metrics - INFO - [31mstep: 17  [32mloss: -1.00000  [38;2;180;60;0mgrad_norm:  1.0051  [38;2;54;234;195mmemory:  0.57GiB(0.73%)  [34mtps: 267  [36mtflops: 0.04  [35mmfu: 0.00%[39m
[titan] 2026-09-23 08:45:51,756 - torchtitan.observability.metrics - INFO - [31mstep: 18  [32mloss:  3.08472  [38;2;180;60;0mgrad_norm:  0.8449  [38;2;54;234;195mmemory:  0.47GiB(0.59%)  [34mtps: 265  [36mtflops: 0.04  [35mmfu: 0.00%[39m
[titan] 2026-09-23 08:45:51,761 - torchtitan.observability.metrics - INFO - [31mstep: 18  [32mloss: -1.00000  [38;2;180;60;0mgrad_norm:  0.8449  [38;2;54;234;195mmemory:  0.57GiB(0.73%)  [34mtps: 265  [36mtflops: 0.04  [35mmfu: 0.00%[39m
[titan] 2026-09-23 08:45:53,686 - torchtitan.observability.metrics - INFO - [31mstep: 19  [32mloss:  2.74629  [38;2;180;60;0mgrad_norm:  0.9328  [38;2;54;234;195mmemory:  0.47GiB(0.59%)  [34mtps: 265  [36mtflops: 0.04  [35mmfu: 0.00%[39m
[titan] 2026-09-23 08:45:53,691 - torchtitan.observability.metrics - INFO - [31mstep: 19  [32mloss: -1.00000  [38;2;180;60;0mgrad_norm:  0.9328  [38;2;54;234;195mmemory:  0.57GiB(0.73%)  [34mtps: 265  [36mtflops: 0.04  [35mmfu: 0.00%[39m
[titan] 2026-09-23 08:45:55,609 - torchtitan.observability.metrics - INFO - [31mstep: 20  [32mloss:  2.93219  [38;2;180;60;0mgrad_norm:  0.9853  [38;2;54;234;195mmemory:  0.47GiB(0.59%)  [34mtps: 266  [36mtflops: 0.04  [35mmfu: 0.00%[39m
[titan] 2026-09-23 08:45:55,614 - torchtitan.observability.metrics - INFO - [31mstep: 20  [32mloss: -1.00000  [38;2;180;60;0mgrad_norm:  0.9853  [38;2;54;234;195mmemory:  0.57GiB(0.73%)  [34mtps: 266  [36mtflops: 0.04  [35mmfu: 0.00%[39m
[titan] 2026-09-23 08:45:57,532 - torchtitan.observability.metrics - INFO - [31mstep: 21  [32mloss:  3.06421  [38;2;180;60;0mgrad_norm:  0.8254  [38;2;54;234;195mmemory:  0.47GiB(0.59%)  [34mtps: 266  [36mtflops: 0.04  [35mmfu: 0.00%[39m
[titan] 2026-09-23 08:45:57,537 - torchtitan.observability.metrics - INFO - [31mstep: 21  [32mloss: -1.00000  [38;2;180;60;0mgrad_norm:  0.8254  [38;2;54;234;195mmemory:  0.57GiB(0.73%)  [34mtps: 266  [36mtflops: 0.04  [35mmfu: 0.00%[39m
[titan] 2026-09-23 08:45:59,455 - torchtitan.observability.metrics - INFO - [31mstep: 22  [32mloss:  2.85769  [38;2;180;60;0mgrad_norm:  0.9781  [38;2;54;234;195mmemory:  0.47GiB(0.59%)  [34mtps: 266  [36mtflops: 0.04  [35mmfu: 0.00%[39m
[titan] 2026-09-23 08:45:59,461 - torchtitan.observability.metrics - INFO - [31mstep: 22  [32mloss: -1.00000  [38;2;180;60;0mgrad_norm:  0.9781  [38;2;54;234;195mmemory:  0.57GiB(0.73%)  [34mtps: 266  [36mtflops: 0.04  [35mmfu: 0.00%[39m
[titan] 2026-09-23 08:46:01,379 - torchtitan.observability.metrics - INFO - [31mstep: 23  [32mloss:  2.66448  [38;2;180;60;0mgrad_norm:  0.7239  [38;2;54;234;195mmemory:  0.47GiB(0.59%)  [34mtps: 266  [36mtflops: 0.04  [35mmfu: 0.00%[39m
[titan] 2026-09-23 08:46:01,384 - torchtitan.observability.metrics - INFO - [31mstep: 23  [32mloss: -1.00000  [38;2;180;60;0mgrad_norm:  0.7239  [38;2;54;234;195mmemory:  0.57GiB(0.73%)  [34mtps: 266  [36mtflops: 0.04  [35mmfu: 0.00%[39m
[titan] 2026-09-23 08:46:03,304 - torchtitan.observability.metrics - INFO - [31mstep: 24  [32mloss:  2.91253  [38;2;180;60;0mgrad_norm:  1.1416  [38;2;54;234;195mmemory:  0.47GiB(0.59%)  [34mtps: 266  [36mtflops: 0.04  [35mmfu: 0.00%[39m
[titan] 2026-09-23 08:46:03,309 - torchtitan.observability.metrics - INFO - [31mstep: 24  [32mloss: -1.00000  [38;2;180;60;0mgrad_norm:  1.1416  [38;2;54;234;195mmemory:  0.57GiB(0.73%)  [34mtps: 266  [36mtflops: 0.04  [35mmfu: 0.00%[39m
[titan] 2026-09-23 08:46:05,232 - torchtitan.observability.metrics - INFO - [31mstep: 25  [32mloss:  3.14063  [38;2;180;60;0mgrad_norm:  0.9620  [38;2;54;234;195mmemory:  0.47GiB(0.59%)  [34mtps: 266  [36mtflops: 0.04  [35mmfu: 0.00%[39m
[titan] 2026-09-23 08:46:05,237 - torchtitan.observability.metrics - INFO - [31mstep: 25  [32mloss: -1.00000  [38;2;180;60;0mgrad_norm:  0.9620  [38;2;54;234;195mmemory:  0.57GiB(0.73%)  [34mtps: 266  [36mtflops: 0.04  [35mmfu: 0.00%[39m
[titan] 2026-09-23 08:46:07,175 - torchtitan.observability.metrics - INFO - [31mstep: 26  [32mloss:  2.70039  [38;2;180;60;0mgrad_norm:  1.1424  [38;2;54;234;195mmemory:  0.47GiB(0.59%)  [34mtps: 264  [36mtflops: 0.04  [35mmfu: 0.00%[39m
[titan] 2026-09-23 08:46:07,180 - torchtitan.observability.metrics - INFO - [31mstep: 26  [32mloss: -1.00000  [38;2;180;60;0mgrad_norm:  1.1424  [38;2;54;234;195mmemory:  0.57GiB(0.73%)  [34mtps: 264  [36mtflops: 0.04  [35mmfu: 0.00%[39m
[titan] 2026-09-23 08:46:09,123 - torchtitan.observability.metrics - INFO - [31mstep: 27  [32mloss:  2.83378  [38;2;180;60;0mgrad_norm:  0.9895  [38;2;54;234;195mmemory:  0.47GiB(0.59%)  [34mtps: 263  [36mtflops: 0.04  [35mmfu: 0.00%[39m
[titan] 2026-09-23 08:46:09,128 - torchtitan.observability.metrics - INFO - [31mstep: 27  [32mloss: -1.00000  [38;2;180;60;0mgrad_norm:  0.9895  [38;2;54;234;195mmemory:  0.57GiB(0.73%)  [34mtps: 263  [36mtflops: 0.04  [35mmfu: 0.00%[39m
[titan] 2026-09-23 08:46:11,061 - torchtitan.observability.metrics - INFO - [31mstep: 28  [32mloss:  2.94214  [38;2;180;60;0mgrad_norm:  1.0327  [38;2;54;234;195mmemory:  0.47GiB(0.59%)  [34mtps: 264  [36mtflops: 0.04  [35mmfu: 0.00%[39m
[titan] 2026-09-23 08:46:11,066 - torchtitan.observability.metrics - INFO - [31mstep: 28  [32mloss: -1.00000  [38;2;180;60;0mgrad_norm:  1.0327  [38;2;54;234;195mmemory:  0.57GiB(0.73%)  [34mtps: 264  [36mtflops: 0.04  [35mmfu: 0.00%[39m
[titan] 2026-09-23 08:46:13,001 - torchtitan.observability.metrics - INFO - [31mstep: 29  [32mloss:  2.63024  [38;2;180;60;0mgrad_norm:  0.9520  [38;2;54;234;195mmemory:  0.47GiB(0.59%)  [34mtps: 264  [36mtflops: 0.04  [35mmfu: 0.00%[39m
[titan] 2026-09-23 08:46:13,006 - torchtitan.observability.metrics - INFO - [31mstep: 29  [32mloss: -1.00000  [38;2;180;60;0mgrad_norm:  0.9520  [38;2;54;234;195mmemory:  0.57GiB(0.73%)  [34mtps: 264  [36mtflops: 0.04  [35mmfu: 0.00%[39m
[titan] 2026-09-23 08:46:14,933 - torchtitan.observability.metrics - INFO - [31mstep: 30  [32mloss:  2.95122  [38;2;180;60;0mgrad_norm:  0.9423  [38;2;54;234;195mmemory:  0.47GiB(0.59%)  [34mtps: 265  [36mtflops: 0.04  [35mmfu: 0.00%[39m
[titan] 2026-09-23 08:46:14,938 - torchtitan.observability.metrics - INFO - [31mstep: 30  [32mloss: -1.00000  [38;2;180;60;0mgrad_norm:  0.9423  [38;2;54;234;195mmemory:  0.57GiB(0.73%)  [34mtps: 265  [36mtflops: 0.04  [35mmfu: 0.00%[39m
[titan] 2026-09-23 08:46:16,878 - torchtitan.observability.metrics - INFO - [31mstep: 31  [32mloss:  2.75157  [38;2;180;60;0mgrad_norm:  0.9534  [38;2;54;234;195mmemory:  0.47GiB(0.59%)  [34mtps: 263  [36mtflops: 0.04  [35mmfu: 0.00%[39m
[titan] 2026-09-23 08:46:16,883 - torchtitan.observability.metrics - INFO - [31mstep: 31  [32mloss: -1.00000  [38;2;180;60;0mgrad_norm:  0.9534  [38;2;54;234;195mmemory:  0.57GiB(0.73%)  [34mtps: 263  [36mtflops: 0.04  [35mmfu: 0.00%[39m
[titan] 2026-09-23 08:46:18,803 - torchtitan.observability.metrics - INFO - [31mstep: 32  [32mloss:  2.77989  [38;2;180;60;0mgrad_norm:  0.7854  [38;2;54;234;195mmemory:  0.47GiB(0.59%)  [34mtps: 266  [36mtflops: 0.04  [35mmfu: 0.00%[39m
[titan] 2026-09-23 08:46:18,808 - torchtitan.observability.metrics - INFO - [31mstep: 32  [32mloss: -1.00000  [38;2;180;60;0mgrad_norm:  0.7854  [38;2;54;234;195mmemory:  0.57GiB(0.73%)  [34mtps: 266  [36mtflops: 0.04  [35mmfu: 0.00%[39m
[titan] 2026-09-23 08:46:20,728 - torchtitan.observability.metrics - INFO - [31mstep: 33  [32mloss:  2.54775  [38;2;180;60;0mgrad_norm:  0.8494  [38;2;54;234;195mmemory:  0.47GiB(0.59%)  [34mtps: 266  [36mtflops: 0.04  [35mmfu: 0.00%[39m
[titan] 2026-09-23 08:46:20,733 - torchtitan.observability.metrics - INFO - [31mstep: 33  [32mloss: -1.00000  [38;2;180;60;0mgrad_norm:  0.8494  [38;2;54;234;195mmemory:  0.57GiB(0.73%)  [34mtps: 266  [36mtflops: 0.04  [35mmfu: 0.00%[39m
[titan] 2026-09-23 08:46:22,665 - torchtitan.observability.metrics - INFO - [31mstep: 34  [32mloss:  2.54550  [38;2;180;60;0mgrad_norm:  0.9544  [38;2;54;234;195mmemory:  0.47GiB(0.59%)  [34mtps: 264  [36mtflops: 0.04  [35mmfu: 0.00%[39m
[titan] 2026-09-23 08:46:22,671 - torchtitan.observability.metrics - INFO - [31mstep: 34  [32mloss: -1.00000  [38;2;180;60;0mgrad_norm:  0.9544  [38;2;54;234;195mmemory:  0.57GiB(0.73%)  [34mtps: 264  [36mtflops: 0.04  [35mmfu: 0.00%[39m
[titan] 2026-09-23 08:46:24,601 - torchtitan.observability.metrics - INFO - [31mstep: 35  [32mloss:  2.70878  [38;2;180;60;0mgrad_norm:  0.8967  [38;2;54;234;195mmemory:  0.47GiB(0.59%)  [34mtps: 265  [36mtflops: 0.04  [35mmfu: 0.00%[39m
[titan] 2026-09-23 08:46:24,606 - torchtitan.observability.metrics - INFO - [31mstep: 35  [32mloss: -1.00000  [38;2;180;60;0mgrad_norm:  0.8967  [38;2;54;234;195mmemory:  0.57GiB(0.73%)  [34mtps: 265  [36mtflops: 0.04  [35mmfu: 0.00%[39m
[titan] 2026-09-23 08:46:26,539 - torchtitan.observability.metrics - INFO - [31mstep: 36  [32mloss:  2.54047  [38;2;180;60;0mgrad_norm:  0.8173  [38;2;54;234;195mmemory:  0.47GiB(0.59%)  [34mtps: 264  [36mtflops: 0.04  [35mmfu: 0.00%[39m
[titan] 2026-09-23 08:46:26,544 - torchtitan.observability.metrics - INFO - [31mstep: 36  [32mloss: -1.00000  [38;2;180;60;0mgrad_norm:  0.8173  [38;2;54;234;195mmemory:  0.57GiB(0.73%)  [34mtps: 264  [36mtflops: 0.04  [35mmfu: 0.00%[39m
[titan] 2026-09-23 08:46:28,482 - torchtitan.observability.metrics - INFO - [31mstep: 37  [32mloss:  3.02008  [38;2;180;60;0mgrad_norm:  1.2666  [38;2;54;234;195mmemory:  0.47GiB(0.59%)  [34mtps: 263  [36mtflops: 0.04  [35mmfu: 0.00%[39m
[titan] 2026-09-23 08:46:28,487 - torchtitan.observability.metrics - INFO - [31mstep: 37  [32mloss: -1.00000  [38;2;180;60;0mgrad_norm:  1.2666  [38;2;54;234;195mmemory:  0.57GiB(0.73%)  [34mtps: 263  [36mtflops: 0.04  [35mmfu: 0.00%[39m
[titan] 2026-09-23 08:46:30,423 - torchtitan.observability.metrics - INFO - [31mstep: 38  [32mloss:  2.67844  [38;2;180;60;0mgrad_norm:  1.2064  [38;2;54;234;195mmemory:  0.47GiB(0.59%)  [34mtps: 264  [36mtflops: 0.04  [35mmfu: 0.00%[39m
[titan] 2026-09-23 08:46:30,428 - torchtitan.observability.metrics - INFO - [31mstep: 38  [32mloss: -1.00000  [38;2;180;60;0mgrad_norm:  1.2064  [38;2;54;234;195mmemory:  0.57GiB(0.73%)  [34mtps: 264  [36mtflops: 0.04  [35mmfu: 0.00%[39m
[titan] 2026-09-23 08:46:32,360 - torchtitan.observability.metrics - INFO - [31mstep: 39  [32mloss:  2.79077  [38;2;180;60;0mgrad_norm:  0.8934  [38;2;54;234;195mmemory:  0.47GiB(0.59%)  [34mtps: 264  [36mtflops: 0.04  [35mmfu: 0.00%[39m
[titan] 2026-09-23 08:46:32,365 - torchtitan.observability.metrics - INFO - [31mstep: 39  [32mloss: -1.00000  [38;2;180;60;0mgrad_norm:  0.8934  [38;2;54;234;195mmemory:  0.57GiB(0.73%)  [34mtps: 264  [36mtflops: 0.04  [35mmfu: 0.00%[39m
[titan] 2026-09-23 08:46:34,296 - torchtitan.observability.metrics - INFO - [31mstep: 40  [32mloss:  2.65101  [38;2;180;60;0mgrad_norm:  0.9383  [38;2;54;234;195mmemory:  0.47GiB(0.59%)  [34mtps: 265  [36mtflops: 0.04  [35mmfu: 0.00%[39m
[titan] 2026-09-23 08:46:34,301 - torchtitan.observability.metrics - INFO - [31mstep: 40  [32mloss: -1.00000  [38;2;180;60;0mgrad_norm:  0.9383  [38;2;54;234;195mmemory:  0.57GiB(0.73%)  [34mtps: 264  [36mtflops: 0.04  [35mmfu: 0.00%[39m
[titan] 2026-09-23 08:46:36,235 - torchtitan.observability.metrics - INFO - [31mstep: 41  [32mloss:  2.58753  [38;2;180;60;0mgrad_norm:  0.6716  [38;2;54;234;195mmemory:  0.47GiB(0.59%)  [34mtps: 264  [36mtflops: 0.04  [35mmfu: 0.00%[39m
[titan] 2026-09-23 08:46:36,240 - torchtitan.observability.metrics - INFO - [31mstep: 41  [32mloss: -1.00000  [38;2;180;60;0mgrad_norm:  0.6716  [38;2;54;234;195mmemory:  0.57GiB(0.73%)  [34mtps: 264  [36mtflops: 0.04  [35mmfu: 0.00%[39m
[titan] 2026-09-23 08:46:38,169 - torchtitan.observability.metrics - INFO - [31mstep: 42  [32mloss:  2.53606  [38;2;180;60;0mgrad_norm:  0.8073  [38;2;54;234;195mmemory:  0.47GiB(0.59%)  [34mtps: 265  [36mtflops: 0.04  [35mmfu: 0.00%[39m
[titan] 2026-09-23 08:46:38,174 - torchtitan.observability.metrics - INFO - [31mstep: 42  [32mloss: -1.00000  [38;2;180;60;0mgrad_norm:  0.8073  [38;2;54;234;195mmemory:  0.57GiB(0.73%)  [34mtps: 265  [36mtflops: 0.04  [35mmfu: 0.00%[39m
[titan] 2026-09-23 08:46:40,099 - torchtitan.observability.metrics - INFO - [31mstep: 43  [32mloss:  2.71680  [38;2;180;60;0mgrad_norm:  0.8210  [38;2;54;234;195mmemory:  0.47GiB(0.59%)  [34mtps: 265  [36mtflops: 0.04  [35mmfu: 0.00%[39m
[titan] 2026-09-23 08:46:40,104 - torchtitan.observability.metrics - INFO - [31mstep: 43  [32mloss: -1.00000  [38;2;180;60;0mgrad_norm:  0.8210  [38;2;54;234;195mmemory:  0.57GiB(0.73%)  [34mtps: 265  [36mtflops: 0.04  [35mmfu: 0.00%[39m
[titan] 2026-09-23 08:46:42,035 - torchtitan.observability.metrics - INFO - [31mstep: 44  [32mloss:  2.47380  [38;2;180;60;0mgrad_norm:  0.9449  [38;2;54;234;195mmemory:  0.47GiB(0.59%)  [34mtps: 264  [36mtflops: 0.04  [35mmfu: 0.00%[39m
[titan] 2026-09-23 08:46:42,040 - torchtitan.observability.metrics - INFO - [31mstep: 44  [32mloss: -1.00000  [38;2;180;60;0mgrad_norm:  0.9449  [38;2;54;234;195mmemory:  0.57GiB(0.73%)  [34mtps: 264  [36mtflops: 0.04  [35mmfu: 0.00%[39m
[titan] 2026-09-23 08:46:43,969 - torchtitan.observability.metrics - INFO - [31mstep: 45  [32mloss:  2.65673  [38;2;180;60;0mgrad_norm:  0.8930  [38;2;54;234;195mmemory:  0.47GiB(0.59%)  [34mtps: 265  [36mtflops: 0.04  [35mmfu: 0.00%[39m
[titan] 2026-09-23 08:46:43,974 - torchtitan.observability.metrics - INFO - [31mstep: 45  [32mloss: -1.00000  [38;2;180;60;0mgrad_norm:  0.8930  [38;2;54;234;195mmemory:  0.57GiB(0.73%)  [34mtps: 265  [36mtflops: 0.04  [35mmfu: 0.00%[39m
[titan] 2026-09-23 08:46:45,915 - torchtitan.observability.metrics - INFO - [31mstep: 46  [32mloss:  2.60014  [38;2;180;60;0mgrad_norm:  0.8344  [38;2;54;234;195mmemory:  0.47GiB(0.59%)  [34mtps: 263  [36mtflops: 0.04  [35mmfu: 0.00%[39m
[titan] 2026-09-23 08:46:45,920 - torchtitan.observability.metrics - INFO - [31mstep: 46  [32mloss: -1.00000  [38;2;180;60;0mgrad_norm:  0.8344  [38;2;54;234;195mmemory:  0.57GiB(0.73%)  [34mtps: 263  [36mtflops: 0.04  [35mmfu: 0.00%[39m
[titan] 2026-09-23 08:46:47,826 - torchtitan.observability.metrics - INFO - [31mstep: 47  [32mloss:  2.68739  [38;2;180;60;0mgrad_norm:  0.7507  [38;2;54;234;195mmemory:  0.47GiB(0.59%)  [34mtps: 268  [36mtflops: 0.04  [35mmfu: 0.00%[39m
[titan] 2026-09-23 08:46:47,831 - torchtitan.observability.metrics - INFO - [31mstep: 47  [32mloss: -1.00000  [38;2;180;60;0mgrad_norm:  0.7507  [38;2;54;234;195mmemory:  0.57GiB(0.73%)  [34mtps: 268  [36mtflops: 0.04  [35mmfu: 0.00%[39m
[titan] 2026-09-23 08:46:49,741 - torchtitan.observability.metrics - INFO - [31mstep: 48  [32mloss:  2.74507  [38;2;180;60;0mgrad_norm:  0.8740  [38;2;54;234;195mmemory:  0.47GiB(0.59%)  [34mtps: 267  [36mtflops: 0.04  [35mmfu: 0.00%[39m
[titan] 2026-09-23 08:46:49,746 - torchtitan.observability.metrics - INFO - [31mstep: 48  [32mloss: -1.00000  [38;2;180;60;0mgrad_norm:  0.8740  [38;2;54;234;195mmemory:  0.57GiB(0.73%)  [34mtps: 267  [36mtflops: 0.04  [35mmfu: 0.00%[39m
[titan] 2026-09-23 08:46:51,670 - torchtitan.observability.metrics - INFO - [31mstep: 49  [32mloss:  2.66313  [38;2;180;60;0mgrad_norm:  0.9667  [38;2;54;234;195mmemory:  0.47GiB(0.59%)  [34mtps: 265  [36mtflops: 0.04  [35mmfu: 0.00%[39m
[titan] 2026-09-23 08:46:51,675 - torchtitan.observability.metrics - INFO - [31mstep: 49  [32mloss: -1.00000  [38;2;180;60;0mgrad_norm:  0.9667  [38;2;54;234;195mmemory:  0.57GiB(0.73%)  [34mtps: 265  [36mtflops: 0.04  [35mmfu: 0.00%[39m
[titan] 2026-09-23 08:46:52,808 - torchtitan.tools.utils - INFO - [GC] Performing periodic GC collection took 1.13 seconds
[titan] 2026-09-23 08:46:52,950 - torchtitan.tools.utils - INFO - [GC] Performing periodic GC collection took 1.27 seconds
[titan] 2026-09-23 08:46:54,866 - torchtitan.observability.metrics - INFO - [31mstep: 50  [32mloss:  2.58310  [38;2;180;60;0mgrad_norm:  0.6768  [38;2;54;234;195mmemory:  0.47GiB(0.59%)  [34mtps: 160  [36mtflops: 0.03  [35mmfu: 0.00%[39m
[titan] 2026-09-23 08:46:54,871 - torchtitan.observability.metrics - INFO - [31mstep: 50  [32mloss: -1.00000  [38;2;180;60;0mgrad_norm:  0.6768  [38;2;54;234;195mmemory:  0.57GiB(0.73%)  [34mtps: 160  [36mtflops: 0.03  [35mmfu: 0.00%[39m
[titan] 2026-09-23 08:46:56,777 - torchtitan.observability.metrics - INFO - [31mstep: 51  [32mloss:  2.69239  [38;2;180;60;0mgrad_norm:  1.0301  [38;2;54;234;195mmemory:  0.47GiB(0.59%)  [34mtps: 268  [36mtflops: 0.04  [35mmfu: 0.00%[39m
[titan] 2026-09-23 08:46:56,782 - torchtitan.observability.metrics - INFO - [31mstep: 51  [32mloss: -1.00000  [38;2;180;60;0mgrad_norm:  1.0301  [38;2;54;234;195mmemory:  0.57GiB(0.73%)  [34mtps: 268  [36mtflops: 0.04  [35mmfu: 0.00%[39m
[titan] 2026-09-23 08:46:58,691 - torchtitan.observability.metrics - INFO - [31mstep: 52  [32mloss:  2.51818  [38;2;180;60;0mgrad_norm:  0.8567  [38;2;54;234;195mmemory:  0.47GiB(0.59%)  [34mtps: 268  [36mtflops: 0.04  [35mmfu: 0.00%[39m
[titan] 2026-09-23 08:46:58,696 - torchtitan.observability.metrics - INFO - [31mstep: 52  [32mloss: -1.00000  [38;2;180;60;0mgrad_norm:  0.8567  [38;2;54;234;195mmemory:  0.57GiB(0.73%)  [34mtps: 268  [36mtflops: 0.04  [35mmfu: 0.00%[39m
[titan] 2026-09-23 08:47:00,603 - torchtitan.observability.metrics - INFO - [31mstep: 53  [32mloss:  2.78537  [38;2;180;60;0mgrad_norm:  0.7842  [38;2;54;234;195mmemory:  0.47GiB(0.59%)  [34mtps: 268  [36mtflops: 0.04  [35mmfu: 0.00%[39m
[titan] 2026-09-23 08:47:00,608 - torchtitan.observability.metrics - INFO - [31mstep: 53  [32mloss: -1.00000  [38;2;180;60;0mgrad_norm:  0.7842  [38;2;54;234;195mmemory:  0.57GiB(0.73%)  [34mtps: 268  [36mtflops: 0.04  [35mmfu: 0.00%[39m
[titan] 2026-09-23 08:47:02,527 - torchtitan.observability.metrics - INFO - [31mstep: 54  [32mloss:  3.05402  [38;2;180;60;0mgrad_norm:  0.8226  [38;2;54;234;195mmemory:  0.47GiB(0.59%)  [34mtps: 266  [36mtflops: 0.04  [35mmfu: 0.00%[39m
[titan] 2026-09-23 08:47:02,532 - torchtitan.observability.metrics - INFO - [31mstep: 54  [32mloss: -1.00000  [38;2;180;60;0mgrad_norm:  0.8226  [38;2;54;234;195mmemory:  0.57GiB(0.73%)  [34mtps: 266  [36mtflops: 0.04  [35mmfu: 0.00%[39m
[titan] 2026-09-23 08:47:04,446 - torchtitan.observability.metrics - INFO - [31mstep: 55  [32mloss:  2.94790  [38;2;180;60;0mgrad_norm:  1.0453  [38;2;54;234;195mmemory:  0.47GiB(0.59%)  [34mtps: 267  [36mtflops: 0.04  [35mmfu: 0.00%[39m
[titan] 2026-09-23 08:47:04,450 - torchtitan.observability.metrics - INFO - [31mstep: 55  [32mloss: -1.00000  [38;2;180;60;0mgrad_norm:  1.0453  [38;2;54;234;195mmemory:  0.57GiB(0.73%)  [34mtps: 267  [36mtflops: 0.04  [35mmfu: 0.00%[39m
[titan] 2026-09-23 08:47:06,368 - torchtitan.observability.metrics - INFO - [31mstep: 56  [32mloss:  2.54396  [38;2;180;60;0mgrad_norm:  0.8003  [38;2;54;234;195mmemory:  0.47GiB(0.59%)  [34mtps: 266  [36mtflops: 0.04  [35mmfu: 0.00%[39m
[titan] 2026-09-23 08:47:06,373 - torchtitan.observability.metrics - INFO - [31mstep: 56  [32mloss: -1.00000  [38;2;180;60;0mgrad_norm:  0.8003  [38;2;54;234;195mmemory:  0.57GiB(0.73%)  [34mtps: 266  [36mtflops: 0.04  [35mmfu: 0.00%[39m
[titan] 2026-09-23 08:47:08,287 - torchtitan.observability.metrics - INFO - [31mstep: 57  [32mloss:  2.52327  [38;2;180;60;0mgrad_norm:  0.9058  [38;2;54;234;195mmemory:  0.47GiB(0.59%)  [34mtps: 267  [36mtflops: 0.04  [35mmfu: 0.00%[39m
[titan] 2026-09-23 08:47:08,292 - torchtitan.observability.metrics - INFO - [31mstep: 57  [32mloss: -1.00000  [38;2;180;60;0mgrad_norm:  0.9058  [38;2;54;234;195mmemory:  0.57GiB(0.73%)  [34mtps: 267  [36mtflops: 0.04  [35mmfu: 0.00%[39m
[titan] 2026-09-23 08:47:10,214 - torchtitan.observability.metrics - INFO - [31mstep: 58  [32mloss:  2.61365  [38;2;180;60;0mgrad_norm:  0.9240  [38;2;54;234;195mmemory:  0.47GiB(0.59%)  [34mtps: 266  [36mtflops: 0.04  [35mmfu: 0.00%[39m
[titan] 2026-09-23 08:47:10,219 - torchtitan.observability.metrics - INFO - [31mstep: 58  [32mloss: -1.00000  [38;2;180;60;0mgrad_norm:  0.9240  [38;2;54;234;195mmemory:  0.57GiB(0.73%)  [34mtps: 266  [36mtflops: 0.04  [35mmfu: 0.00%[39m
[titan] 2026-09-23 08:47:12,139 - torchtitan.observability.metrics - INFO - [31mstep: 59  [32mloss:  2.65342  [38;2;180;60;0mgrad_norm:  0.8252  [38;2;54;234;195mmemory:  0.47GiB(0.59%)  [34mtps: 266  [36mtflops: 0.04  [35mmfu: 0.00%[39m
[titan] 2026-09-23 08:47:12,144 - torchtitan.observability.metrics - INFO - [31mstep: 59  [32mloss: -1.00000  [38;2;180;60;0mgrad_norm:  0.8252  [38;2;54;234;195mmemory:  0.57GiB(0.73%)  [34mtps: 266  [36mtflops: 0.04  [35mmfu: 0.00%[39m
[titan] 2026-09-23 08:47:14,080 - torchtitan.observability.metrics - INFO - [31mstep: 60  [32mloss:  2.57652  [38;2;180;60;0mgrad_norm:  0.8157  [38;2;54;234;195mmemory:  0.47GiB(0.59%)  [34mtps: 264  [36mtflops: 0.04  [35mmfu: 0.00%[39m
[titan] 2026-09-23 08:47:14,085 - torchtitan.observability.metrics - INFO - [31mstep: 60  [32mloss: -1.00000  [38;2;180;60;0mgrad_norm:  0.8157  [38;2;54;234;195mmemory:  0.57GiB(0.73%)  [34mtps: 264  [36mtflops: 0.04  [35mmfu: 0.00%[39m
[titan] 2026-09-23 08:47:16,007 - torchtitan.observability.metrics - INFO - [31mstep: 61  [32mloss:  2.62426  [38;2;180;60;0mgrad_norm:  0.9371  [38;2;54;234;195mmemory:  0.47GiB(0.59%)  [34mtps: 266  [36mtflops: 0.04  [35mmfu: 0.00%[39m
[titan] 2026-09-23 08:47:16,012 - torchtitan.observability.metrics - INFO - [31mstep: 61  [32mloss: -1.00000  [38;2;180;60;0mgrad_norm:  0.9371  [38;2;54;234;195mmemory:  0.57GiB(0.73%)  [34mtps: 266  [36mtflops: 0.04  [35mmfu: 0.00%[39m
[titan] 2026-09-23 08:47:17,944 - torchtitan.observability.metrics - INFO - [31mstep: 62  [32mloss:  2.70418  [38;2;180;60;0mgrad_norm:  0.9199  [38;2;54;234;195mmemory:  0.47GiB(0.59%)  [34mtps: 264  [36mtflops: 0.04  [35mmfu: 0.00%[39m
[titan] 2026-09-23 08:47:17,949 - torchtitan.observability.metrics - INFO - [31mstep: 62  [32mloss: -1.00000  [38;2;180;60;0mgrad_norm:  0.9199  [38;2;54;234;195mmemory:  0.57GiB(0.73%)  [34mtps: 264  [36mtflops: 0.04  [35mmfu: 0.00%[39m
[titan] 2026-09-23 08:47:19,868 - torchtitan.observability.metrics - INFO - [31mstep: 63  [32mloss:  2.62899  [38;2;180;60;0mgrad_norm:  0.8931  [38;2;54;234;195mmemory:  0.47GiB(0.59%)  [34mtps: 266  [36mtflops: 0.04  [35mmfu: 0.00%[39m
[titan] 2026-09-23 08:47:19,873 - torchtitan.observability.metrics - INFO - [31mstep: 63  [32mloss: -1.00000  [38;2;180;60;0mgrad_norm:  0.8931  [38;2;54;234;195mmemory:  0.57GiB(0.73%)  [34mtps: 266  [36mtflops: 0.04  [35mmfu: 0.00%[39m
[titan] 2026-09-23 08:47:21,800 - torchtitan.observability.metrics - INFO - [31mstep: 64  [32mloss:  2.62516  [38;2;180;60;0mgrad_norm:  0.6499  [38;2;54;234;195mmemory:  0.47GiB(0.59%)  [34mtps: 265  [36mtflops: 0.04  [35mmfu: 0.00%[39m
[titan] 2026-09-23 08:47:21,806 - torchtitan.observability.metrics - INFO - [31mstep: 64  [32mloss: -1.00000  [38;2;180;60;0mgrad_norm:  0.6499  [38;2;54;234;195mmemory:  0.57GiB(0.73%)  [34mtps: 265  [36mtflops: 0.04  [35mmfu: 0.00%[39m
[titan] 2026-09-23 08:47:23,727 - torchtitan.observability.metrics - INFO - [31mstep: 65  [32mloss:  2.71380  [38;2;180;60;0mgrad_norm:  0.8741  [38;2;54;234;195mmemory:  0.47GiB(0.59%)  [34mtps: 266  [36mtflops: 0.04  [35mmfu: 0.00%[39m
[titan] 2026-09-23 08:47:23,732 - torchtitan.observability.metrics - INFO - [31mstep: 65  [32mloss: -1.00000  [38;2;180;60;0mgrad_norm:  0.8741  [38;2;54;234;195mmemory:  0.57GiB(0.73%)  [34mtps: 266  [36mtflops: 0.04  [35mmfu: 0.00%[39m
[titan] 2026-09-23 08:47:25,654 - torchtitan.observability.metrics - INFO - [31mstep: 66  [32mloss:  2.57004  [38;2;180;60;0mgrad_norm:  0.7367  [38;2;54;234;195mmemory:  0.47GiB(0.59%)  [34mtps: 266  [36mtflops: 0.04  [35mmfu: 0.00%[39m
[titan] 2026-09-23 08:47:25,661 - torchtitan.observability.metrics - INFO - [31mstep: 66  [32mloss: -1.00000  [38;2;180;60;0mgrad_norm:  0.7367  [38;2;54;234;195mmemory:  0.57GiB(0.73%)  [34mtps: 265  [36mtflops: 0.04  [35mmfu: 0.00%[39m
[titan] 2026-09-23 08:47:27,586 - torchtitan.observability.metrics - INFO - [31mstep: 67  [32mloss:  2.59136  [38;2;180;60;0mgrad_norm:  0.8997  [38;2;54;234;195mmemory:  0.47GiB(0.59%)  [34mtps: 265  [36mtflops: 0.04  [35mmfu: 0.00%[39m
[titan] 2026-09-23 08:47:27,590 - torchtitan.observability.metrics - INFO - [31mstep: 67  [32mloss: -1.00000  [38;2;180;60;0mgrad_norm:  0.8997  [38;2;54;234;195mmemory:  0.57GiB(0.73%)  [34mtps: 265  [36mtflops: 0.04  [35mmfu: 0.00%[39m
[titan] 2026-09-23 08:47:29,521 - torchtitan.observability.metrics - INFO - [31mstep: 68  [32mloss:  2.61303  [38;2;180;60;0mgrad_norm:  0.8712  [38;2;54;234;195mmemory:  0.47GiB(0.59%)  [34mtps: 265  [36mtflops: 0.04  [35mmfu: 0.00%[39m
[titan] 2026-09-23 08:47:29,526 - torchtitan.observability.metrics - INFO - [31mstep: 68  [32mloss: -1.00000  [38;2;180;60;0mgrad_norm:  0.8712  [38;2;54;234;195mmemory:  0.57GiB(0.73%)  [34mtps: 265  [36mtflops: 0.04  [35mmfu: 0.00%[39m
[titan] 2026-09-23 08:47:31,447 - torchtitan.observability.metrics - INFO - [31mstep: 69  [32mloss:  2.83196  [38;2;180;60;0mgrad_norm:  0.8895  [38;2;54;234;195mmemory:  0.47GiB(0.59%)  [34mtps: 266  [36mtflops: 0.04  [35mmfu: 0.00%[39m
[titan] 2026-09-23 08:47:31,452 - torchtitan.observability.metrics - INFO - [31mstep: 69  [32mloss: -1.00000  [38;2;180;60;0mgrad_norm:  0.8895  [38;2;54;234;195mmemory:  0.57GiB(0.73%)  [34mtps: 266  [36mtflops: 0.04  [35mmfu: 0.00%[39m
[titan] 2026-09-23 08:47:33,381 - torchtitan.observability.metrics - INFO - [31mstep: 70  [32mloss:  2.70992  [38;2;180;60;0mgrad_norm:  0.6348  [38;2;54;234;195mmemory:  0.47GiB(0.59%)  [34mtps: 265  [36mtflops: 0.04  [35mmfu: 0.00%[39m
[titan] 2026-09-23 08:47:33,386 - torchtitan.observability.metrics - INFO - [31mstep: 70  [32mloss: -1.00000  [38;2;180;60;0mgrad_norm:  0.6348  [38;2;54;234;195mmemory:  0.57GiB(0.73%)  [34mtps: 265  [36mtflops: 0.04  [35mmfu: 0.00%[39m
[titan] 2026-09-23 08:47:35,302 - torchtitan.observability.metrics - INFO - [31mstep: 71  [32mloss:  2.54807  [38;2;180;60;0mgrad_norm:  0.5736  [38;2;54;234;195mmemory:  0.47GiB(0.59%)  [34mtps: 267  [36mtflops: 0.04  [35mmfu: 0.00%[39m
[titan] 2026-09-23 08:47:35,307 - torchtitan.observability.metrics - INFO - [31mstep: 71  [32mloss: -1.00000  [38;2;180;60;0mgrad_norm:  0.5736  [38;2;54;234;195mmemory:  0.57GiB(0.73%)  [34mtps: 267  [36mtflops: 0.04  [35mmfu: 0.00%[39m
[titan] 2026-09-23 08:47:37,247 - torchtitan.observability.metrics - INFO - [31mstep: 72  [32mloss:  2.58450  [38;2;180;60;0mgrad_norm:  0.8364  [38;2;54;234;195mmemory:  0.47GiB(0.59%)  [34mtps: 263  [36mtflops: 0.04  [35mmfu: 0.00%[39m
[titan] 2026-09-23 08:47:37,252 - torchtitan.observability.metrics - INFO - [31mstep: 72  [32mloss: -1.00000  [38;2;180;60;0mgrad_norm:  0.8364  [38;2;54;234;195mmemory:  0.57GiB(0.73%)  [34mtps: 263  [36mtflops: 0.04  [35mmfu: 0.00%[39m
[titan] 2026-09-23 08:47:39,198 - torchtitan.observability.metrics - INFO - [31mstep: 73  [32mloss:  2.59022  [38;2;180;60;0mgrad_norm:  1.0441  [38;2;54;234;195mmemory:  0.47GiB(0.59%)  [34mtps: 262  [36mtflops: 0.04  [35mmfu: 0.00%[39m
[titan] 2026-09-23 08:47:39,203 - torchtitan.observability.metrics - INFO - [31mstep: 73  [32mloss: -1.00000  [38;2;180;60;0mgrad_norm:  1.0441  [38;2;54;234;195mmemory:  0.57GiB(0.73%)  [34mtps: 263  [36mtflops: 0.04  [35mmfu: 0.00%[39m
[titan] 2026-09-23 08:47:41,124 - torchtitan.observability.metrics - INFO - [31mstep: 74  [32mloss:  2.42531  [38;2;180;60;0mgrad_norm:  0.7640  [38;2;54;234;195mmemory:  0.47GiB(0.59%)  [34mtps: 266  [36mtflops: 0.04  [35mmfu: 0.00%[39m
[titan] 2026-09-23 08:47:41,129 - torchtitan.observability.metrics - INFO - [31mstep: 74  [32mloss: -1.00000  [38;2;180;60;0mgrad_norm:  0.7640  [38;2;54;234;195mmemory:  0.57GiB(0.73%)  [34mtps: 266  [36mtflops: 0.04  [35mmfu: 0.00%[39m
[titan] 2026-09-23 08:47:43,038 - torchtitan.observability.metrics - INFO - [31mstep: 75  [32mloss:  2.65968  [38;2;180;60;0mgrad_norm:  0.6502  [38;2;54;234;195mmemory:  0.47GiB(0.59%)  [34mtps: 267  [36mtflops: 0.04  [35mmfu: 0.00%[39m
[titan] 2026-09-23 08:47:43,043 - torchtitan.observability.metrics - INFO - [31mstep: 75  [32mloss: -1.00000  [38;2;180;60;0mgrad_norm:  0.6502  [38;2;54;234;195mmemory:  0.57GiB(0.73%)  [34mtps: 267  [36mtflops: 0.04  [35mmfu: 0.00%[39m
[titan] 2026-09-23 08:47:44,960 - torchtitan.observability.metrics - INFO - [31mstep: 76  [32mloss:  2.43589  [38;2;180;60;0mgrad_norm:  0.7391  [38;2;54;234;195mmemory:  0.47GiB(0.59%)  [34mtps: 267  [36mtflops: 0.04  [35mmfu: 0.00%[39m
[titan] 2026-09-23 08:47:44,965 - torchtitan.observability.metrics - INFO - [31mstep: 76  [32mloss: -1.00000  [38;2;180;60;0mgrad_norm:  0.7391  [38;2;54;234;195mmemory:  0.57GiB(0.73%)  [34mtps: 266  [36mtflops: 0.04  [35mmfu: 0.00%[39m
[titan] 2026-09-23 08:47:46,879 - torchtitan.observability.metrics - INFO - [31mstep: 77  [32mloss:  2.56004  [38;2;180;60;0mgrad_norm:  0.6918  [38;2;54;234;195mmemory:  0.47GiB(0.59%)  [34mtps: 267  [36mtflops: 0.04  [35mmfu: 0.00%[39m
[titan] 2026-09-23 08:47:46,884 - torchtitan.observability.metrics - INFO - [31mstep: 77  [32mloss: -1.00000  [38;2;180;60;0mgrad_norm:  0.6918  [38;2;54;234;195mmemory:  0.57GiB(0.73%)  [34mtps: 267  [36mtflops: 0.04  [35mmfu: 0.00%[39m
[titan] 2026-09-23 08:47:48,796 - torchtitan.observability.metrics - INFO - [31mstep: 78  [32mloss:  2.44587  [38;2;180;60;0mgrad_norm:  0.7626  [38;2;54;234;195mmemory:  0.47GiB(0.59%)  [34mtps: 267  [36mtflops: 0.04  [35mmfu: 0.00%[39m
[titan] 2026-09-23 08:47:48,801 - torchtitan.observability.metrics - INFO - [31mstep: 78  [32mloss: -1.00000  [38;2;180;60;0mgrad_norm:  0.7626  [38;2;54;234;195mmemory:  0.57GiB(0.73%)  [34mtps: 267  [36mtflops: 0.04  [35mmfu: 0.00%[39m
[titan] 2026-09-23 08:47:50,715 - torchtitan.observability.metrics - INFO - [31mstep: 79  [32mloss:  2.57726  [38;2;180;60;0mgrad_norm:  0.7083  [38;2;54;234;195mmemory:  0.47GiB(0.59%)  [34mtps: 267  [36mtflops: 0.04  [35mmfu: 0.00%[39m
[titan] 2026-09-23 08:47:50,720 - torchtitan.observability.metrics - INFO - [31mstep: 79  [32mloss: -1.00000  [38;2;180;60;0mgrad_norm:  0.7083  [38;2;54;234;195mmemory:  0.57GiB(0.73%)  [34mtps: 267  [36mtflops: 0.04  [35mmfu: 0.00%[39m
[titan] 2026-09-23 08:47:52,647 - torchtitan.observability.metrics - INFO - [31mstep: 80  [32mloss:  2.60964  [38;2;180;60;0mgrad_norm:  0.8844  [38;2;54;234;195mmemory:  0.47GiB(0.59%)  [34mtps: 265  [36mtflops: 0.04  [35mmfu: 0.00%[39m
[titan] 2026-09-23 08:47:52,652 - torchtitan.observability.metrics - INFO - [31mstep: 80  [32mloss: -1.00000  [38;2;180;60;0mgrad_norm:  0.8844  [38;2;54;234;195mmemory:  0.57GiB(0.73%)  [34mtps: 265  [36mtflops: 0.04  [35mmfu: 0.00%[39m
[titan] 2026-09-23 08:47:54,568 - torchtitan.observability.metrics - INFO - [31mstep: 81  [32mloss:  2.52974  [38;2;180;60;0mgrad_norm:  0.7418  [38;2;54;234;195mmemory:  0.47GiB(0.59%)  [34mtps: 267  [36mtflops: 0.04  [35mmfu: 0.00%[39m
[titan] 2026-09-23 08:47:54,573 - torchtitan.observability.metrics - INFO - [31mstep: 81  [32mloss: -1.00000  [38;2;180;60;0mgrad_norm:  0.7418  [38;2;54;234;195mmemory:  0.57GiB(0.73%)  [34mtps: 267  [36mtflops: 0.04  [35mmfu: 0.00%[39m
[titan] 2026-09-23 08:47:56,487 - torchtitan.observability.metrics - INFO - [31mstep: 82  [32mloss:  2.46521  [38;2;180;60;0mgrad_norm:  0.6885  [38;2;54;234;195mmemory:  0.47GiB(0.59%)  [34mtps: 267  [36mtflops: 0.04  [35mmfu: 0.00%[39m
[titan] 2026-09-23 08:47:56,492 - torchtitan.observability.metrics - INFO - [31mstep: 82  [32mloss: -1.00000  [38;2;180;60;0mgrad_norm:  0.6885  [38;2;54;234;195mmemory:  0.57GiB(0.73%)  [34mtps: 267  [36mtflops: 0.04  [35mmfu: 0.00%[39m
[titan] 2026-09-23 08:47:58,412 - torchtitan.observability.metrics - INFO - [31mstep: 83  [32mloss:  2.45646  [38;2;180;60;0mgrad_norm:  0.8513  [38;2;54;234;195mmemory:  0.47GiB(0.59%)  [34mtps: 266  [36mtflops: 0.04  [35mmfu: 0.00%[39m
[titan] 2026-09-23 08:47:58,417 - torchtitan.observability.metrics - INFO - [31mstep: 83  [32mloss: -1.00000  [38;2;180;60;0mgrad_norm:  0.8513  [38;2;54;234;195mmemory:  0.57GiB(0.73%)  [34mtps: 266  [36mtflops: 0.04  [35mmfu: 0.00%[39m
[titan] 2026-09-23 08:48:00,327 - torchtitan.observability.metrics - INFO - [31mstep: 84  [32mloss:  2.62222  [38;2;180;60;0mgrad_norm:  0.7921  [38;2;54;234;195mmemory:  0.47GiB(0.59%)  [34mtps: 267  [36mtflops: 0.04  [35mmfu: 0.00%[39m
[titan] 2026-09-23 08:48:00,333 - torchtitan.observability.metrics - INFO - [31mstep: 84  [32mloss: -1.00000  [38;2;180;60;0mgrad_norm:  0.7921  [38;2;54;234;195mmemory:  0.57GiB(0.73%)  [34mtps: 267  [36mtflops: 0.04  [35mmfu: 0.00%[39m
[titan] 2026-09-23 08:48:02,260 - torchtitan.observability.metrics - INFO - [31mstep: 85  [32mloss:  2.52496  [38;2;180;60;0mgrad_norm:  1.0873  [38;2;54;234;195mmemory:  0.47GiB(0.59%)  [34mtps: 265  [36mtflops: 0.04  [35mmfu: 0.00%[39m
[titan] 2026-09-23 08:48:02,265 - torchtitan.observability.metrics - INFO - [31mstep: 85  [32mloss: -1.00000  [38;2;180;60;0mgrad_norm:  1.0873  [38;2;54;234;195mmemory:  0.57GiB(0.73%)  [34mtps: 265  [36mtflops: 0.04  [35mmfu: 0.00%[39m
[titan] 2026-09-23 08:48:04,177 - torchtitan.observability.metrics - INFO - [31mstep: 86  [32mloss:  2.48025  [38;2;180;60;0mgrad_norm:  0.7638  [38;2;54;234;195mmemory:  0.47GiB(0.59%)  [34mtps: 267  [36mtflops: 0.04  [35mmfu: 0.00%[39m
[titan] 2026-09-23 08:48:04,182 - torchtitan.observability.metrics - INFO - [31mstep: 86  [32mloss: -1.00000  [38;2;180;60;0mgrad_norm:  0.7638  [38;2;54;234;195mmemory:  0.57GiB(0.73%)  [34mtps: 267  [36mtflops: 0.04  [35mmfu: 0.00%[39m
[titan] 2026-09-23 08:48:06,107 - torchtitan.observability.metrics - INFO - [31mstep: 87  [32mloss:  2.53924  [38;2;180;60;0mgrad_norm:  0.8251  [38;2;54;234;195mmemory:  0.47GiB(0.59%)  [34mtps: 265  [36mtflops: 0.04  [35mmfu: 0.00%[39m
[titan] 2026-09-23 08:48:06,112 - torchtitan.observability.metrics - INFO - [31mstep: 87  [32mloss: -1.00000  [38;2;180;60;0mgrad_norm:  0.8251  [38;2;54;234;195mmemory:  0.57GiB(0.73%)  [34mtps: 265  [36mtflops: 0.04  [35mmfu: 0.00%[39m
[titan] 2026-09-23 08:48:08,029 - torchtitan.observability.metrics - INFO - [31mstep: 88  [32mloss:  2.61248  [38;2;180;60;0mgrad_norm:  0.7893  [38;2;54;234;195mmemory:  0.47GiB(0.59%)  [34mtps: 266  [36mtflops: 0.04  [35mmfu: 0.00%[39m
[titan] 2026-09-23 08:48:08,034 - torchtitan.observability.metrics - INFO - [31mstep: 88  [32mloss: -1.00000  [38;2;180;60;0mgrad_norm:  0.7893  [38;2;54;234;195mmemory:  0.57GiB(0.73%)  [34mtps: 266  [36mtflops: 0.04  [35mmfu: 0.00%[39m
[titan] 2026-09-23 08:48:09,952 - torchtitan.observability.metrics - INFO - [31mstep: 89  [32mloss:  2.63322  [38;2;180;60;0mgrad_norm:  0.9143  [38;2;54;234;195mmemory:  0.47GiB(0.59%)  [34mtps: 266  [36mtflops: 0.04  [35mmfu: 0.00%[39m
[titan] 2026-09-23 08:48:09,957 - torchtitan.observability.metrics - INFO - [31mstep: 89  [32mloss: -1.00000  [38;2;180;60;0mgrad_norm:  0.9143  [38;2;54;234;195mmemory:  0.57GiB(0.73%)  [34mtps: 266  [36mtflops: 0.04  [35mmfu: 0.00%[39m
[titan] 2026-09-23 08:48:11,869 - torchtitan.observability.metrics - INFO - [31mstep: 90  [32mloss:  2.45346  [38;2;180;60;0mgrad_norm:  0.7935  [38;2;54;234;195mmemory:  0.47GiB(0.59%)  [34mtps: 267  [36mtflops: 0.04  [35mmfu: 0.00%[39m
[titan] 2026-09-23 08:48:11,874 - torchtitan.observability.metrics - INFO - [31mstep: 90  [32mloss: -1.00000  [38;2;180;60;0mgrad_norm:  0.7935  [38;2;54;234;195mmemory:  0.57GiB(0.73%)  [34mtps: 267  [36mtflops: 0.04  [35mmfu: 0.00%[39m
[titan] 2026-09-23 08:48:13,791 - torchtitan.observability.metrics - INFO - [31mstep: 91  [32mloss:  2.57181  [38;2;180;60;0mgrad_norm:  0.8679  [38;2;54;234;195mmemory:  0.47GiB(0.59%)  [34mtps: 266  [36mtflops: 0.04  [35mmfu: 0.00%[39m
[titan] 2026-09-23 08:48:13,796 - torchtitan.observability.metrics - INFO - [31mstep: 91  [32mloss: -1.00000  [38;2;180;60;0mgrad_norm:  0.8679  [38;2;54;234;195mmemory:  0.57GiB(0.73%)  [34mtps: 266  [36mtflops: 0.04  [35mmfu: 0.00%[39m
[titan] 2026-09-23 08:48:15,704 - torchtitan.observability.metrics - INFO - [31mstep: 92  [32mloss:  2.57787  [38;2;180;60;0mgrad_norm:  0.7897  [38;2;54;234;195mmemory:  0.47GiB(0.59%)  [34mtps: 268  [36mtflops: 0.04  [35mmfu: 0.00%[39m
[titan] 2026-09-23 08:48:15,710 - torchtitan.observability.metrics - INFO - [31mstep: 92  [32mloss: -1.00000  [38;2;180;60;0mgrad_norm:  0.7897  [38;2;54;234;195mmemory:  0.57GiB(0.73%)  [34mtps: 268  [36mtflops: 0.04  [35mmfu: 0.00%[39m
[titan] 2026-09-23 08:48:17,640 - torchtitan.observability.metrics - INFO - [31mstep: 93  [32mloss:  2.78015  [38;2;180;60;0mgrad_norm:  0.8527  [38;2;54;234;195mmemory:  0.47GiB(0.59%)  [34mtps: 265  [36mtflops: 0.04  [35mmfu: 0.00%[39m
[titan] 2026-09-23 08:48:17,645 - torchtitan.observability.metrics - INFO - [31mstep: 93  [32mloss: -1.00000  [38;2;180;60;0mgrad_norm:  0.8527  [38;2;54;234;195mmemory:  0.57GiB(0.73%)  [34mtps: 265  [36mtflops: 0.04  [35mmfu: 0.00%[39m
[titan] 2026-09-23 08:48:19,560 - torchtitan.observability.metrics - INFO - [31mstep: 94  [32mloss:  2.40834  [38;2;180;60;0mgrad_norm:  0.7259  [38;2;54;234;195mmemory:  0.47GiB(0.59%)  [34mtps: 267  [36mtflops: 0.04  [35mmfu: 0.00%[39m
[titan] 2026-09-23 08:48:19,565 - torchtitan.observability.metrics - INFO - [31mstep: 94  [32mloss: -1.00000  [38;2;180;60;0mgrad_norm:  0.7259  [38;2;54;234;195mmemory:  0.57GiB(0.73%)  [34mtps: 267  [36mtflops: 0.04  [35mmfu: 0.00%[39m
[titan] 2026-09-23 08:48:21,490 - torchtitan.observability.metrics - INFO - [31mstep: 95  [32mloss:  2.50297  [38;2;180;60;0mgrad_norm:  0.6879  [38;2;54;234;195mmemory:  0.47GiB(0.59%)  [34mtps: 265  [36mtflops: 0.04  [35mmfu: 0.00%[39m
[titan] 2026-09-23 08:48:21,495 - torchtitan.observability.metrics - INFO - [31mstep: 95  [32mloss: -1.00000  [38;2;180;60;0mgrad_norm:  0.6879  [38;2;54;234;195mmemory:  0.57GiB(0.73%)  [34mtps: 265  [36mtflops: 0.04  [35mmfu: 0.00%[39m
[titan] 2026-09-23 08:48:23,419 - torchtitan.observability.metrics - INFO - [31mstep: 96  [32mloss:  2.53017  [38;2;180;60;0mgrad_norm:  0.7488  [38;2;54;234;195mmemory:  0.47GiB(0.59%)  [34mtps: 266  [36mtflops: 0.04  [35mmfu: 0.00%[39m
[titan] 2026-09-23 08:48:23,424 - torchtitan.observability.metrics - INFO - [31mstep: 96  [32mloss: -1.00000  [38;2;180;60;0mgrad_norm:  0.7488  [38;2;54;234;195mmemory:  0.57GiB(0.73%)  [34mtps: 266  [36mtflops: 0.04  [35mmfu: 0.00%[39m
[titan] 2026-09-23 08:48:25,342 - torchtitan.observability.metrics - INFO - [31mstep: 97  [32mloss:  2.37330  [38;2;180;60;0mgrad_norm:  0.9987  [38;2;54;234;195mmemory:  0.47GiB(0.59%)  [34mtps: 266  [36mtflops: 0.04  [35mmfu: 0.00%[39m
[titan] 2026-09-23 08:48:25,347 - torchtitan.observability.metrics - INFO - [31mstep: 97  [32mloss: -1.00000  [38;2;180;60;0mgrad_norm:  0.9987  [38;2;54;234;195mmemory:  0.57GiB(0.73%)  [34mtps: 266  [36mtflops: 0.04  [35mmfu: 0.00%[39m
[titan] 2026-09-23 08:48:27,260 - torchtitan.observability.metrics - INFO - [31mstep: 98  [32mloss:  2.42480  [38;2;180;60;0mgrad_norm:  0.6832  [38;2;54;234;195mmemory:  0.47GiB(0.59%)  [34mtps: 267  [36mtflops: 0.04  [35mmfu: 0.00%[39m
[titan] 2026-09-23 08:48:27,265 - torchtitan.observability.metrics - INFO - [31mstep: 98  [32mloss: -1.00000  [38;2;180;60;0mgrad_norm:  0.6832  [38;2;54;234;195mmemory:  0.57GiB(0.73%)  [34mtps: 267  [36mtflops: 0.04  [35mmfu: 0.00%[39m
[titan] 2026-09-23 08:48:29,179 - torchtitan.observability.metrics - INFO - [31mstep: 99  [32mloss:  2.64808  [38;2;180;60;0mgrad_norm:  0.6790  [38;2;54;234;195mmemory:  0.47GiB(0.59%)  [34mtps: 267  [36mtflops: 0.04  [35mmfu: 0.00%[39m
[titan] 2026-09-23 08:48:29,184 - torchtitan.observability.metrics - INFO - [31mstep: 99  [32mloss: -1.00000  [38;2;180;60;0mgrad_norm:  0.6790  [38;2;54;234;195mmemory:  0.57GiB(0.73%)  [34mtps: 267  [36mtflops: 0.04  [35mmfu: 0.00%[39m
[titan] 2026-09-23 08:48:30,351 - torchtitan.tools.utils - INFO - [GC] Performing periodic GC collection took 1.17 seconds
[titan] 2026-09-23 08:48:30,522 - torchtitan.tools.utils - INFO - [GC] Performing periodic GC collection took 1.33 seconds
[titan] 2026-09-23 08:48:32,437 - torchtitan.observability.metrics - INFO - [31mstep: 100  [32mloss:  2.50491  [38;2;180;60;0mgrad_norm:  0.8723  [38;2;54;234;195mmemory:  0.47GiB(0.59%)  [34mtps: 157  [36mtflops: 0.02  [35mmfu: 0.00%[39m
[titan] 2026-09-23 08:48:32,437 - torchtitan.components.checkpointer.dcp - INFO - Saving the checkpointer.
[titan] 2026-09-23 08:48:32,440 - torchtitan.components.checkpointer.dcp - INFO - Saving a model only checkpoint in torch.float32 at last step, step 100.
[titan] 2026-09-23 08:48:32,442 - torchtitan.observability.metrics - INFO - [31mstep: 100  [32mloss: -1.00000  [38;2;180;60;0mgrad_norm:  0.8723  [38;2;54;234;195mmemory:  0.57GiB(0.73%)  [34mtps: 157  [36mtflops: 0.02  [35mmfu: 0.00%[39m
[titan] 2026-09-23 08:48:32,442 - torchtitan.components.checkpointer.dcp - INFO - Saving the checkpointer.
[titan] 2026-09-23 08:48:32,446 - torchtitan.components.checkpointer.dcp - INFO - Saving a model only checkpoint in torch.float32 at last step, step 100.
[titan] 2026-09-23 08:48:32,648 - torchtitan.tools.utils - INFO - [GC] GC collection invoked by checkpointer. took 0.01 seconds
[titan] 2026-09-23 08:48:32,648 - torchtitan.components.checkpointer.dcp - INFO - Last step checkpoint completed in 0.21s
[titan] 2026-09-23 08:48:32,648 - torchtitan.trainer - INFO - Training completed
[titan] 2026-09-23 08:48:32,649 - torchtitan.tools.utils - INFO - [GC] GC collection invoked by checkpointer. took 0.02 seconds
[titan] 2026-09-23 08:48:32,649 - torchtitan.components.checkpointer.dcp - INFO - Last step checkpoint completed in 0.21s
[titan] 2026-09-23 08:48:32,649 - torchtitan.trainer - INFO - Sleeping 2 seconds for other ranks to complete
[titan] 2026-09-23 08:48:32,655 - torchtitan.components.checkpointer.base - INFO - Destroying the purge thread.
[titan] 2026-09-23 08:48:34,650 - torchtitan.trainer - INFO - Training completed
[titan] 2026-09-23 08:48:34,657 - torchtitan.components.checkpointer.base - INFO - Destroying the purge thread.
[titan] 2026-09-23 08:48:35,351 - __main__ - INFO - Process group destroyed
[titan] 2026-09-23 08:48:35,605 - __main__ - INFO - Process group destroyed
