W0923 08:16:49.511000 12320 torch/distributed/run.py:982] 
W0923 08:16:49.511000 12320 torch/distributed/run.py:982] *****************************************
W0923 08:16:49.511000 12320 torch/distributed/run.py:982] Setting OMP_NUM_THREADS environment variable for each process to be 1 in default, to avoid your system being overloaded, please further tune the variable for optimal performance in your application as needed. 
W0923 08:16:49.511000 12320 torch/distributed/run.py:982] *****************************************
WARNING:absl:Failed to load jax profiler: No module named 'jax'
WARNING:absl:Failed to load jax profiler: No module named 'jax'
[titan] 2026-09-23 08:16:53,494 - __main__ - INFO - torchtitan version: 0.0.0+unknown (0.0.0 means __version__ is not defined correctly).
[titan] 2026-09-23 08:16:53,716 - __main__ - INFO - torchtitan version: 0.0.0+unknown (0.0.0 means __version__ is not defined correctly).
[titan] 2026-09-23 08:16:53,978 - torchtitan.components.checkpointer.base - WARNING - initial_load_model_only=True has no effect without an initial_load_path.
[titan] 2026-09-23 08:16:54,042 - torchtitan.components.checkpointer.base - WARNING - initial_load_model_only=True has no effect without an initial_load_path.
[titan] 2026-09-23 08:16:54,044 - torchtitan.observability.structured_logger.jsonl_handler - INFO - Structured logging -> JSONL: /home/ubuntu/results/pp_r4/pp2vp4n/structured_logs/training.global_rank_0.20260923-081654-YGWH5A.jsonl
[titan] 2026-09-23 08:16:54,207 - torchtitan.distributed.utils - WARNING - ENV[TORCH_NCCL_ASYNC_ERROR_HANDLING] = 1 will be overridden to 3 based on job config
[titan] 2026-09-23 08:16:54,221 - torchtitan.components.checkpointer.base - WARNING - initial_load_model_only=True has no effect without an initial_load_path.
[titan] 2026-09-23 08:16:54,285 - torchtitan.components.checkpointer.base - WARNING - initial_load_model_only=True has no effect without an initial_load_path.
[titan] 2026-09-23 08:16:54,287 - torchtitan.observability.structured_logger.jsonl_handler - INFO - Structured logging -> JSONL: /home/ubuntu/results/pp_r4/pp2vp4n/structured_logs/training.global_rank_1.20260923-081654-B13Q85.jsonl
[titan] 2026-09-23 08:16:54,446 - torchtitan.distributed.utils - WARNING - ENV[TORCH_NCCL_ASYNC_ERROR_HANDLING] = 1 will be overridden to 3 based on job config
[titan] 2026-09-23 08:16:54,811 - torchtitan.tools.utils - INFO - [GC] Initial GC collection took 0.00 seconds
[titan] 2026-09-23 08:16:54,811 - torchtitan.tools.utils - INFO - [GC] Initial GC collection took 0.00 seconds
[titan] 2026-09-23 08:16:54,811 - torchtitan.distributed.utils - INFO - Deterministic algorithm enabled (expect perf degradation).
[titan] 2026-09-23 08:16:54,811 - torchtitan.distributed.utils - INFO - Deterministic algorithm enabled (expect perf degradation).
[titan] 2026-09-23 08:16:54,820 - torchtitan.distributed.parallel_dims - INFO - Building device mesh with parallelism: pp=2, dp_replicate=1, dp_shard=1, cp=1, tp=1, ep=1
[titan] 2026-09-23 08:16:54,820 - torchtitan.distributed.parallel_dims - INFO - Building device mesh with parallelism: pp=2, dp_replicate=1, dp_shard=1, cp=1, tp=1, ep=1
[titan] 2026-09-23 08:16:54,988 - torchtitan.distributed.parallel_dims - INFO - Successfully created meshes with active dimensions: ['pp']
[titan] 2026-09-23 08:16:54,988 - torchtitan.distributed.parallel_dims - INFO - Successfully created meshes with active dimensions: ['pp']
[titan] 2026-09-23 08:16:54,989 - torchtitan.observability.metrics - INFO - CUDA capacity: NVIDIA H100 80GB HBM3 with 79.18GiB memory
[titan] 2026-09-23 08:16:54,989 - torchtitan.observability.metrics - INFO - CUDA capacity: NVIDIA H100 80GB HBM3 with 79.18GiB memory
[titan] 2026-09-23 08:16:55,012 - torchtitan.components.tokenizer - INFO - Loading tokenizer from tokenizer.json
[titan] 2026-09-23 08:16:55,012 - torchtitan.components.tokenizer - INFO - Loading tokenizer from tokenizer.json
[titan] 2026-09-23 08:16:55,733 - httpx - INFO - HTTP Request: HEAD https://s3.amazonaws.com/datasets.huggingface.co/datasets/datasets/json/json.py "HTTP/1.1 200 OK"
[titan] 2026-09-23 08:16:55,758 - httpx - INFO - HTTP Request: HEAD https://s3.amazonaws.com/datasets.huggingface.co/datasets/datasets/json/json.py "HTTP/1.1 200 OK"
[titan] 2026-09-23 08:16:55,827 - torchtitan.protocols.state_dict_adapter - WARNING - model.safetensors.index.json not found at hf_assets_path: ./tests/assets/tokenizer/model.safetensors.index.json.                     Defaulting to saving a single safetensors file if checkpoint is saved in HF format
[titan] 2026-09-23 08:16:55,830 - torchtitan.models.utils - INFO - Total parameter count: 25,776,880, active parameters: 17,236,208
[titan] 2026-09-23 08:16:55,851 - torchtitan.protocols.state_dict_adapter - WARNING - model.safetensors.index.json not found at hf_assets_path: ./tests/assets/tokenizer/model.safetensors.index.json.                     Defaulting to saving a single safetensors file if checkpoint is saved in HF format
[titan] 2026-09-23 08:16:55,853 - torchtitan.models.utils - INFO - Total parameter count: 25,776,880, active parameters: 17,236,208
[rank1]:W0923 08:16:55.884000 12394 torch/_logging/_internal.py:1407] Pipeline parallelism is using an eager NCCL communicator. Consider creating its process group with backend="nccl-lazy" so peer communicators are initialized lazily and traffic to different peers can overlap.
[titan] 2026-09-23 08:16:55,885 - torchtitan.distributed.pipeline_parallel - INFO - PP rank 1 is building stage_idx 1 with modules ['layers.2', 'layers.3', 'layers.4']
[rank0]:W0923 08:16:55.908000 12393 torch/_logging/_internal.py:1407] Pipeline parallelism is using an eager NCCL communicator. Consider creating its process group with backend="nccl-lazy" so peer communicators are initialized lazily and traffic to different peers can overlap.
[titan] 2026-09-23 08:16:55,909 - torchtitan.distributed.pipeline_parallel - INFO - PP rank 0 is building stage_idx 0 with modules ['vision_encoder', 'tok_embeddings', 'layers.0', 'layers.1']
[titan] 2026-09-23 08:16:55,937 - torchtitan.distributed.pipeline_parallel - INFO - PP rank 1 is building stage_idx 3 with modules ['layers.8', 'layers.9']
[titan] 2026-09-23 08:16:55,962 - torchtitan.distributed.pipeline_parallel - INFO - PP rank 0 is building stage_idx 2 with modules ['layers.5', 'layers.6', 'layers.7']
[titan] 2026-09-23 08:16:55,989 - torchtitan.distributed.pipeline_parallel - INFO - PP rank 1 is building stage_idx 5 with modules ['layers.12', 'layers.13']
[titan] 2026-09-23 08:16:56,014 - torchtitan.distributed.pipeline_parallel - INFO - PP rank 0 is building stage_idx 4 with modules ['layers.10', 'layers.11']
[titan] 2026-09-23 08:16:56,041 - torchtitan.distributed.pipeline_parallel - INFO - PP rank 1 is building stage_idx 7 with modules ['layers.16', 'norm', 'lm_head', 'output_res_proj', 'output_res_norm']
[titan] 2026-09-23 08:16:56,054 - torchtitan.distributed.activation_checkpoint - INFO - Applied SelectiveAC activation checkpointing to the model
[titan] 2026-09-23 08:16:56,068 - torchtitan.distributed.pipeline_parallel - INFO - PP rank 0 is building stage_idx 6 with modules ['layers.14', 'layers.15']
[titan] 2026-09-23 08:16:56,080 - torchtitan.distributed.activation_checkpoint - INFO - Applied SelectiveAC activation checkpointing to the model
[titan] 2026-09-23 08:16:56,081 - torchtitan.distributed.activation_checkpoint - INFO - Applied SelectiveAC activation checkpointing to the model
[titan] 2026-09-23 08:16:56,095 - torchtitan.distributed.fsdp - INFO - Applied FSDP to the model
[titan] 2026-09-23 08:16:56,101 - torchtitan.distributed.activation_checkpoint - INFO - Applied SelectiveAC activation checkpointing to the model
[titan] 2026-09-23 08:16:56,108 - torchtitan.distributed.fsdp - INFO - Applied FSDP to the model
[titan] 2026-09-23 08:16:56,113 - torchtitan.distributed.activation_checkpoint - INFO - Applied SelectiveAC activation checkpointing to the model
[titan] 2026-09-23 08:16:56,120 - torchtitan.distributed.fsdp - INFO - Applied FSDP to the model
[titan] 2026-09-23 08:16:56,123 - torchtitan.distributed.activation_checkpoint - INFO - Applied SelectiveAC activation checkpointing to the model
[titan] 2026-09-23 08:16:56,125 - torchtitan.distributed.fsdp - INFO - Applied FSDP to the model
[titan] 2026-09-23 08:16:56,128 - torchtitan.distributed.fsdp - INFO - Applied FSDP to the model
[titan] 2026-09-23 08:16:56,128 - torchtitan.distributed.pipeline_parallel - WARNING - Number of microbatches (4) is less than the total number of stages (8) which may result in a bubble in the pipeline.
[titan] 2026-09-23 08:16:56,129 - torchtitan.distributed.pipeline_parallel - INFO - Using pipeline schedule Interleaved1F1B with 4 microbatches and 8 stages.
[titan] 2026-09-23 08:16:56,129 - torchtitan.models.kimi_k3.pipeline_parallel - INFO - Kimi K3 pipeline: 4 stage(s) on this rank [1, 3, 5, 7], block transport whole stack every hop
[titan] 2026-09-23 08:16:56,132 - torchtitan.distributed.activation_checkpoint - INFO - Applied SelectiveAC activation checkpointing to the model
[titan] 2026-09-23 08:16:56,147 - torchtitan.distributed.fsdp - INFO - Applied FSDP to the model
[titan] 2026-09-23 08:16:56,153 - torchtitan.distributed.activation_checkpoint - INFO - Applied SelectiveAC activation checkpointing to the model
[titan] 2026-09-23 08:16:56,159 - torchtitan.distributed.fsdp - INFO - Applied FSDP to the model
[titan] 2026-09-23 08:16:56,164 - torchtitan.distributed.activation_checkpoint - INFO - Applied SelectiveAC activation checkpointing to the model
[titan] 2026-09-23 08:16:56,170 - torchtitan.distributed.fsdp - INFO - Applied FSDP to the model
[titan] 2026-09-23 08:16:56,170 - torchtitan.distributed.pipeline_parallel - WARNING - Number of microbatches (4) is less than the total number of stages (8) which may result in a bubble in the pipeline.
[titan] 2026-09-23 08:16:56,171 - torchtitan.distributed.pipeline_parallel - INFO - Using pipeline schedule Interleaved1F1B with 4 microbatches and 8 stages.
[titan] 2026-09-23 08:16:56,171 - torchtitan.models.kimi_k3.pipeline_parallel - INFO - Kimi K3 pipeline: 4 stage(s) on this rank [0, 2, 4, 6], block transport whole stack every hop
[rank1]:W0923 08:16:56.363000 12394 torch/distributed/tensor/_random.py:215] DTensor is synchronizing RNG states of every rank with the state from rank 0. This behavior is deprecated. Please call `torch.manual_seed()` on every rank that participates in SPMD DTensor Operations with the same seed. If using Pipeline Parallelism, each pipeline state would use a different seed, but all ranks belonging to one pipeline stage would use the same seed.
[titan] 2026-09-23 08:16:56,585 - torchtitan.training_engine - INFO - Model KimiK3Model.Config size: 25,776,880 total parameters
[titan] 2026-09-23 08:16:56,586 - torchtitan.components.optimizer.optimizer - INFO - Optimizer AdamW (model_part=0): 81 params [.*] {'fused': True, 'foreach': False, 'lr': 0.0008, 'betas': (0.9, 0.95), 'eps': 1e-08, 'weight_decay': 0.1}
[titan] 2026-09-23 08:16:56,586 - torchtitan.components.optimizer.optimizer - INFO - Optimizer AdamW (model_part=1): 58 params [.*] {'fused': True, 'foreach': False, 'lr': 0.0008, 'betas': (0.9, 0.95), 'eps': 1e-08, 'weight_decay': 0.1}
[titan] 2026-09-23 08:16:56,586 - torchtitan.components.optimizer.optimizer - INFO - Optimizer AdamW (model_part=2): 58 params [.*] {'fused': True, 'foreach': False, 'lr': 0.0008, 'betas': (0.9, 0.95), 'eps': 1e-08, 'weight_decay': 0.1}
[titan] 2026-09-23 08:16:56,586 - torchtitan.components.optimizer.optimizer - INFO - Optimizer AdamW (model_part=3): 27 params [.*] {'fused': True, 'foreach': False, 'lr': 0.0008, 'betas': (0.9, 0.95), 'eps': 1e-08, 'weight_decay': 0.1}
[titan] 2026-09-23 08:16:56,588 - torchtitan.components.checkpointer.base - WARNING - initial_load_model_only=True has no effect without an initial_load_path.
[titan] 2026-09-23 08:16:56,590 - torchtitan.components.checkpointer.dcp - INFO - Checkpointing active. Checkpoints will be loaded from and saved to /home/ubuntu/results/pp_r4/pp2vp4n/checkpoint
[titan] 2026-09-23 08:16:56,591 - torchtitan.observability.metrics - WARNING - [31mPipeline Parallel loss is not visible. Please add [33mrank 1[31m to LOG_RANK environment variable in run_train.sh.[39m
[titan] 2026-09-23 08:16:56,591 - torchtitan.trainer - INFO - Peak FLOPS used for computing MFU: 9.890e+14
[titan] 2026-09-23 08:16:56,591 - torchtitan.trainer - INFO - CUDA memory usage for model: 0.03GiB(0.03%)
[titan] 2026-09-23 08:16:56,591 - torchtitan.trainer - INFO - Trainer is initialized with 1024 tokens per DP rank, 1024 tokens per train step, gradient accumulation steps 1, maximum context length 2048, total steps 100 (warmup 2)
[titan] 2026-09-23 08:16:56,591 - torchtitan.components.checkpointer.base - INFO - Loading the checkpoint from /home/ubuntu/results/pp_r4/pp2vp4n/checkpoint/step-0.
[titan] 2026-09-23 08:16:56,651 - torchtitan.training_engine - INFO - Model KimiK3Model.Config size: 25,776,880 total parameters
[titan] 2026-09-23 08:16:56,652 - torchtitan.components.optimizer.optimizer - INFO - Optimizer AdamW (model_part=0): 72 params [.*] {'fused': True, 'foreach': False, 'lr': 0.0008, 'betas': (0.9, 0.95), 'eps': 1e-08, 'weight_decay': 0.1}
[titan] 2026-09-23 08:16:56,652 - torchtitan.components.optimizer.optimizer - INFO - Optimizer AdamW (model_part=1): 81 params [.*] {'fused': True, 'foreach': False, 'lr': 0.0008, 'betas': (0.9, 0.95), 'eps': 1e-08, 'weight_decay': 0.1}
[titan] 2026-09-23 08:16:56,652 - torchtitan.components.optimizer.optimizer - INFO - Optimizer AdamW (model_part=2): 52 params [.*] {'fused': True, 'foreach': False, 'lr': 0.0008, 'betas': (0.9, 0.95), 'eps': 1e-08, 'weight_decay': 0.1}
[titan] 2026-09-23 08:16:56,653 - torchtitan.components.optimizer.optimizer - INFO - Optimizer AdamW (model_part=3): 52 params [.*] {'fused': True, 'foreach': False, 'lr': 0.0008, 'betas': (0.9, 0.95), 'eps': 1e-08, 'weight_decay': 0.1}
[titan] 2026-09-23 08:16:56,654 - torchtitan.components.checkpointer.base - WARNING - initial_load_model_only=True has no effect without an initial_load_path.
[titan] 2026-09-23 08:16:56,657 - torchtitan.components.checkpointer.dcp - INFO - Checkpointing active. Checkpoints will be loaded from and saved to /home/ubuntu/results/pp_r4/pp2vp4n/checkpoint
[titan] 2026-09-23 08:16:56,657 - torchtitan.observability.metrics - WARNING - [31mPipeline Parallel loss is not visible. Please add [33mrank 1[31m to LOG_RANK environment variable in run_train.sh.[39m
[titan] 2026-09-23 08:16:56,657 - torchtitan.trainer - INFO - Peak FLOPS used for computing MFU: 9.890e+14
[titan] 2026-09-23 08:16:56,658 - torchtitan.trainer - INFO - CUDA memory usage for model: 0.05GiB(0.06%)
[titan] 2026-09-23 08:16:56,658 - torchtitan.trainer - INFO - Trainer is initialized with 1024 tokens per DP rank, 1024 tokens per train step, gradient accumulation steps 1, maximum context length 2048, total steps 100 (warmup 2)
[titan] 2026-09-23 08:16:56,658 - torchtitan.components.checkpointer.base - INFO - Loading the checkpoint from /home/ubuntu/results/pp_r4/pp2vp4n/checkpoint/step-0.
[titan] 2026-09-23 08:16:56,975 - torchtitan.tools.utils - INFO - [GC] GC collection for checkpoint loading. took 0.01 seconds
[titan] 2026-09-23 08:16:56,975 - torchtitan.components.checkpointer.base - INFO - Finished loading the checkpoint in 0.38 seconds.
[titan] 2026-09-23 08:16:56,975 - torchtitan.trainer - INFO - Training starts at step 1
[titan] 2026-09-23 08:16:56,984 - torchtitan.tools.utils - INFO - [GC] GC collection for checkpoint loading. took 0.02 seconds
[titan] 2026-09-23 08:16:56,984 - torchtitan.components.checkpointer.base - INFO - Finished loading the checkpoint in 0.33 seconds.
[titan] 2026-09-23 08:16:56,985 - torchtitan.trainer - INFO - Training starts at step 1
/home/ubuntu/venv_k3/lib/python3.12/site-packages/torch/distributed/fsdp/_fully_shard/_fsdp_state.py:336: UserWarning: FSDP2-wrapped module (FSDPCheckpointWrapper) returned a view tensor. An in-place op on this view (e.g., `x += y`) will silently drop the pre-backward hook and skip the all-gather, which can cause backward to fail or produce wrong gradients. Use out-of-place ops (`out = out + y`, not `out += y`) or `.clone()` the output before any in-place op.
  output = self._register_pre_backward_hook(output)
/home/ubuntu/venv_k3/lib/python3.12/site-packages/torch/distributed/fsdp/_fully_shard/_fsdp_state.py:336: UserWarning: FSDP2-wrapped module (FSDPKimiK3Model) returned a view tensor. An in-place op on this view (e.g., `x += y`) will silently drop the pre-backward hook and skip the all-gather, which can cause backward to fail or produce wrong gradients. Use out-of-place ops (`out = out + y`, not `out += y`) or `.clone()` the output before any in-place op.
  output = self._register_pre_backward_hook(output)
/home/ubuntu/venv_k3/lib/python3.12/site-packages/torch/distributed/fsdp/_fully_shard/_fsdp_state.py:336: UserWarning: FSDP2-wrapped module (FSDPCheckpointWrapper) returned a view tensor. An in-place op on this view (e.g., `x += y`) will silently drop the pre-backward hook and skip the all-gather, which can cause backward to fail or produce wrong gradients. Use out-of-place ops (`out = out + y`, not `out += y`) or `.clone()` the output before any in-place op.
  output = self._register_pre_backward_hook(output)
/home/ubuntu/venv_k3/lib/python3.12/site-packages/torch/distributed/fsdp/_fully_shard/_fsdp_state.py:336: UserWarning: FSDP2-wrapped module (FSDPCheckpointWrapper) returned a view tensor. An in-place op on this view (e.g., `x += y`) will silently drop the pre-backward hook and skip the all-gather, which can cause backward to fail or produce wrong gradients. Use out-of-place ops (`out = out + y`, not `out += y`) or `.clone()` the output before any in-place op.
  output = self._register_pre_backward_hook(output)
/home/ubuntu/venv_k3/lib/python3.12/site-packages/torch/distributed/fsdp/_fully_shard/_fsdp_state.py:336: UserWarning: FSDP2-wrapped module (FSDPCheckpointWrapper) returned a view tensor. An in-place op on this view (e.g., `x += y`) will silently drop the pre-backward hook and skip the all-gather, which can cause backward to fail or produce wrong gradients. Use out-of-place ops (`out = out + y`, not `out += y`) or `.clone()` the output before any in-place op.
  output = self._register_pre_backward_hook(output)
/home/ubuntu/venv_k3/lib/python3.12/site-packages/torch/distributed/fsdp/_fully_shard/_fsdp_state.py:336: UserWarning: FSDP2-wrapped module (FSDPKimiK3Model) returned a view tensor. An in-place op on this view (e.g., `x += y`) will silently drop the pre-backward hook and skip the all-gather, which can cause backward to fail or produce wrong gradients. Use out-of-place ops (`out = out + y`, not `out += y`) or `.clone()` the output before any in-place op.
  output = self._register_pre_backward_hook(output)
/home/ubuntu/venv_k3/lib/python3.12/site-packages/torch/distributed/fsdp/_fully_shard/_fsdp_state.py:336: UserWarning: FSDP2-wrapped module (FSDPKimiK3Model) returned a view tensor. An in-place op on this view (e.g., `x += y`) will silently drop the pre-backward hook and skip the all-gather, which can cause backward to fail or produce wrong gradients. Use out-of-place ops (`out = out + y`, not `out += y`) or `.clone()` the output before any in-place op.
  output = self._register_pre_backward_hook(output)
[titan] 2026-09-23 08:17:02,991 - torchtitan.observability.metrics - INFO - [31mstep:  1  [32mloss:  8.00352  [38;2;180;60;0mgrad_norm:  2.2337  [38;2;54;234;195mmemory:  0.29GiB(0.36%)  [34mtps: 64  [36mtflops: 0.01  [35mmfu: 0.00%[39m
[titan] 2026-09-23 08:17:02,991 - torchtitan.distributed.utils - INFO - Synchronizing and adjusting timeout for all ProcessGroups to 0:01:40
[titan] 2026-09-23 08:17:03,038 - torchtitan.observability.metrics - INFO - [31mstep:  1  [32mloss: -1.00000  [38;2;180;60;0mgrad_norm:  2.2337  [38;2;54;234;195mmemory:  0.29GiB(0.36%)  [34mtps: 64  [36mtflops: 0.01  [35mmfu: 0.00%[39m
[titan] 2026-09-23 08:17:03,038 - torchtitan.distributed.utils - INFO - Synchronizing and adjusting timeout for all ProcessGroups to 0:01:40
[titan] 2026-09-23 08:17:03,841 - torchtitan.observability.metrics - INFO - [31mstep:  2  [32mloss:  7.22904  [38;2;180;60;0mgrad_norm:  5.6664  [38;2;54;234;195mmemory:  0.33GiB(0.41%)  [34mtps: 602  [36mtflops: 0.09  [35mmfu: 0.01%[39m
[titan] 2026-09-23 08:17:03,846 - torchtitan.observability.metrics - INFO - [31mstep:  2  [32mloss: -1.00000  [38;2;180;60;0mgrad_norm:  5.6664  [38;2;54;234;195mmemory:  0.33GiB(0.42%)  [34mtps: 634  [36mtflops: 0.10  [35mmfu: 0.01%[39m
[titan] 2026-09-23 08:17:04,637 - torchtitan.observability.metrics - INFO - [31mstep:  3  [32mloss:  6.04614  [38;2;180;60;0mgrad_norm:  4.0076  [38;2;54;234;195mmemory:  0.33GiB(0.41%)  [34mtps: 643  [36mtflops: 0.10  [35mmfu: 0.01%[39m
[titan] 2026-09-23 08:17:04,642 - torchtitan.observability.metrics - INFO - [31mstep:  3  [32mloss: -1.00000  [38;2;180;60;0mgrad_norm:  4.0076  [38;2;54;234;195mmemory:  0.33GiB(0.42%)  [34mtps: 643  [36mtflops: 0.10  [35mmfu: 0.01%[39m
[titan] 2026-09-23 08:17:05,435 - torchtitan.observability.metrics - INFO - [31mstep:  4  [32mloss:  5.23967  [38;2;180;60;0mgrad_norm:  3.1620  [38;2;54;234;195mmemory:  0.33GiB(0.41%)  [34mtps: 642  [36mtflops: 0.10  [35mmfu: 0.01%[39m
[titan] 2026-09-23 08:17:05,439 - torchtitan.observability.metrics - INFO - [31mstep:  4  [32mloss: -1.00000  [38;2;180;60;0mgrad_norm:  3.1620  [38;2;54;234;195mmemory:  0.33GiB(0.42%)  [34mtps: 642  [36mtflops: 0.10  [35mmfu: 0.01%[39m
[titan] 2026-09-23 08:17:06,231 - torchtitan.observability.metrics - INFO - [31mstep:  5  [32mloss:  4.65829  [38;2;180;60;0mgrad_norm:  2.9051  [38;2;54;234;195mmemory:  0.33GiB(0.41%)  [34mtps: 643  [36mtflops: 0.10  [35mmfu: 0.01%[39m
[titan] 2026-09-23 08:17:06,235 - torchtitan.observability.metrics - INFO - [31mstep:  5  [32mloss: -1.00000  [38;2;180;60;0mgrad_norm:  2.9051  [38;2;54;234;195mmemory:  0.33GiB(0.42%)  [34mtps: 643  [36mtflops: 0.10  [35mmfu: 0.01%[39m
[titan] 2026-09-23 08:17:07,027 - torchtitan.observability.metrics - INFO - [31mstep:  6  [32mloss:  4.36519  [38;2;180;60;0mgrad_norm:  2.3995  [38;2;54;234;195mmemory:  0.33GiB(0.41%)  [34mtps: 643  [36mtflops: 0.10  [35mmfu: 0.01%[39m
[titan] 2026-09-23 08:17:07,031 - torchtitan.observability.metrics - INFO - [31mstep:  6  [32mloss: -1.00000  [38;2;180;60;0mgrad_norm:  2.3995  [38;2;54;234;195mmemory:  0.33GiB(0.42%)  [34mtps: 643  [36mtflops: 0.10  [35mmfu: 0.01%[39m
[titan] 2026-09-23 08:17:07,821 - torchtitan.observability.metrics - INFO - [31mstep:  7  [32mloss:  4.16379  [38;2;180;60;0mgrad_norm:  2.1496  [38;2;54;234;195mmemory:  0.33GiB(0.41%)  [34mtps: 644  [36mtflops: 0.10  [35mmfu: 0.01%[39m
[titan] 2026-09-23 08:17:07,826 - torchtitan.observability.metrics - INFO - [31mstep:  7  [32mloss: -1.00000  [38;2;180;60;0mgrad_norm:  2.1496  [38;2;54;234;195mmemory:  0.33GiB(0.42%)  [34mtps: 644  [36mtflops: 0.10  [35mmfu: 0.01%[39m
[titan] 2026-09-23 08:17:08,618 - torchtitan.observability.metrics - INFO - [31mstep:  8  [32mloss:  3.78136  [38;2;180;60;0mgrad_norm:  1.8078  [38;2;54;234;195mmemory:  0.33GiB(0.41%)  [34mtps: 643  [36mtflops: 0.10  [35mmfu: 0.01%[39m
[titan] 2026-09-23 08:17:08,623 - torchtitan.observability.metrics - INFO - [31mstep:  8  [32mloss: -1.00000  [38;2;180;60;0mgrad_norm:  1.8078  [38;2;54;234;195mmemory:  0.33GiB(0.42%)  [34mtps: 643  [36mtflops: 0.10  [35mmfu: 0.01%[39m
[titan] 2026-09-23 08:17:09,413 - torchtitan.observability.metrics - INFO - [31mstep:  9  [32mloss:  3.86923  [38;2;180;60;0mgrad_norm:  1.8181  [38;2;54;234;195mmemory:  0.33GiB(0.41%)  [34mtps: 644  [36mtflops: 0.10  [35mmfu: 0.01%[39m
[titan] 2026-09-23 08:17:09,417 - torchtitan.observability.metrics - INFO - [31mstep:  9  [32mloss: -1.00000  [38;2;180;60;0mgrad_norm:  1.8181  [38;2;54;234;195mmemory:  0.33GiB(0.42%)  [34mtps: 645  [36mtflops: 0.10  [35mmfu: 0.01%[39m
[titan] 2026-09-23 08:17:10,212 - torchtitan.observability.metrics - INFO - [31mstep: 10  [32mloss:  3.48888  [38;2;180;60;0mgrad_norm:  1.3804  [38;2;54;234;195mmemory:  0.33GiB(0.41%)  [34mtps: 641  [36mtflops: 0.10  [35mmfu: 0.01%[39m
[titan] 2026-09-23 08:17:10,217 - torchtitan.observability.metrics - INFO - [31mstep: 10  [32mloss: -1.00000  [38;2;180;60;0mgrad_norm:  1.3804  [38;2;54;234;195mmemory:  0.33GiB(0.42%)  [34mtps: 641  [36mtflops: 0.10  [35mmfu: 0.01%[39m
[titan] 2026-09-23 08:17:11,009 - torchtitan.observability.metrics - INFO - [31mstep: 11  [32mloss:  3.38413  [38;2;180;60;0mgrad_norm:  1.3349  [38;2;54;234;195mmemory:  0.33GiB(0.41%)  [34mtps: 643  [36mtflops: 0.10  [35mmfu: 0.01%[39m
[titan] 2026-09-23 08:17:11,013 - torchtitan.observability.metrics - INFO - [31mstep: 11  [32mloss: -1.00000  [38;2;180;60;0mgrad_norm:  1.3349  [38;2;54;234;195mmemory:  0.33GiB(0.42%)  [34mtps: 643  [36mtflops: 0.10  [35mmfu: 0.01%[39m
[titan] 2026-09-23 08:17:11,807 - torchtitan.observability.metrics - INFO - [31mstep: 12  [32mloss:  3.67179  [38;2;180;60;0mgrad_norm:  1.1269  [38;2;54;234;195mmemory:  0.33GiB(0.41%)  [34mtps: 641  [36mtflops: 0.10  [35mmfu: 0.01%[39m
[titan] 2026-09-23 08:17:11,812 - torchtitan.observability.metrics - INFO - [31mstep: 12  [32mloss: -1.00000  [38;2;180;60;0mgrad_norm:  1.1269  [38;2;54;234;195mmemory:  0.33GiB(0.42%)  [34mtps: 641  [36mtflops: 0.10  [35mmfu: 0.01%[39m
[titan] 2026-09-23 08:17:12,603 - torchtitan.observability.metrics - INFO - [31mstep: 13  [32mloss:  3.20131  [38;2;180;60;0mgrad_norm:  1.1825  [38;2;54;234;195mmemory:  0.33GiB(0.41%)  [34mtps: 644  [36mtflops: 0.10  [35mmfu: 0.01%[39m
[titan] 2026-09-23 08:17:12,608 - torchtitan.observability.metrics - INFO - [31mstep: 13  [32mloss: -1.00000  [38;2;180;60;0mgrad_norm:  1.1825  [38;2;54;234;195mmemory:  0.33GiB(0.42%)  [34mtps: 644  [36mtflops: 0.10  [35mmfu: 0.01%[39m
[titan] 2026-09-23 08:17:13,400 - torchtitan.observability.metrics - INFO - [31mstep: 14  [32mloss:  3.44980  [38;2;180;60;0mgrad_norm:  1.2001  [38;2;54;234;195mmemory:  0.33GiB(0.41%)  [34mtps: 643  [36mtflops: 0.10  [35mmfu: 0.01%[39m
[titan] 2026-09-23 08:17:13,404 - torchtitan.observability.metrics - INFO - [31mstep: 14  [32mloss: -1.00000  [38;2;180;60;0mgrad_norm:  1.2001  [38;2;54;234;195mmemory:  0.33GiB(0.42%)  [34mtps: 643  [36mtflops: 0.10  [35mmfu: 0.01%[39m
[titan] 2026-09-23 08:17:14,200 - torchtitan.observability.metrics - INFO - [31mstep: 15  [32mloss:  3.13440  [38;2;180;60;0mgrad_norm:  1.2836  [38;2;54;234;195mmemory:  0.33GiB(0.41%)  [34mtps: 640  [36mtflops: 0.10  [35mmfu: 0.01%[39m
[titan] 2026-09-23 08:17:14,205 - torchtitan.observability.metrics - INFO - [31mstep: 15  [32mloss: -1.00000  [38;2;180;60;0mgrad_norm:  1.2836  [38;2;54;234;195mmemory:  0.33GiB(0.42%)  [34mtps: 640  [36mtflops: 0.10  [35mmfu: 0.01%[39m
[titan] 2026-09-23 08:17:15,001 - torchtitan.observability.metrics - INFO - [31mstep: 16  [32mloss:  3.16911  [38;2;180;60;0mgrad_norm:  1.0266  [38;2;54;234;195mmemory:  0.33GiB(0.41%)  [34mtps: 639  [36mtflops: 0.10  [35mmfu: 0.01%[39m
[titan] 2026-09-23 08:17:15,006 - torchtitan.observability.metrics - INFO - [31mstep: 16  [32mloss: -1.00000  [38;2;180;60;0mgrad_norm:  1.0266  [38;2;54;234;195mmemory:  0.33GiB(0.42%)  [34mtps: 639  [36mtflops: 0.10  [35mmfu: 0.01%[39m
[titan] 2026-09-23 08:17:15,802 - torchtitan.observability.metrics - INFO - [31mstep: 17  [32mloss:  2.98691  [38;2;180;60;0mgrad_norm:  0.9770  [38;2;54;234;195mmemory:  0.33GiB(0.41%)  [34mtps: 639  [36mtflops: 0.10  [35mmfu: 0.01%[39m
[titan] 2026-09-23 08:17:15,807 - torchtitan.observability.metrics - INFO - [31mstep: 17  [32mloss: -1.00000  [38;2;180;60;0mgrad_norm:  0.9770  [38;2;54;234;195mmemory:  0.33GiB(0.42%)  [34mtps: 639  [36mtflops: 0.10  [35mmfu: 0.01%[39m
[titan] 2026-09-23 08:17:16,600 - torchtitan.observability.metrics - INFO - [31mstep: 18  [32mloss:  3.08160  [38;2;180;60;0mgrad_norm:  0.9677  [38;2;54;234;195mmemory:  0.33GiB(0.41%)  [34mtps: 641  [36mtflops: 0.10  [35mmfu: 0.01%[39m
[titan] 2026-09-23 08:17:16,605 - torchtitan.observability.metrics - INFO - [31mstep: 18  [32mloss: -1.00000  [38;2;180;60;0mgrad_norm:  0.9677  [38;2;54;234;195mmemory:  0.33GiB(0.42%)  [34mtps: 641  [36mtflops: 0.10  [35mmfu: 0.01%[39m
[titan] 2026-09-23 08:17:17,400 - torchtitan.observability.metrics - INFO - [31mstep: 19  [32mloss:  2.74868  [38;2;180;60;0mgrad_norm:  0.9206  [38;2;54;234;195mmemory:  0.33GiB(0.41%)  [34mtps: 640  [36mtflops: 0.10  [35mmfu: 0.01%[39m
[titan] 2026-09-23 08:17:17,405 - torchtitan.observability.metrics - INFO - [31mstep: 19  [32mloss: -1.00000  [38;2;180;60;0mgrad_norm:  0.9206  [38;2;54;234;195mmemory:  0.33GiB(0.42%)  [34mtps: 640  [36mtflops: 0.10  [35mmfu: 0.01%[39m
[titan] 2026-09-23 08:17:18,201 - torchtitan.observability.metrics - INFO - [31mstep: 20  [32mloss:  2.93285  [38;2;180;60;0mgrad_norm:  0.9576  [38;2;54;234;195mmemory:  0.33GiB(0.41%)  [34mtps: 639  [36mtflops: 0.10  [35mmfu: 0.01%[39m
[titan] 2026-09-23 08:17:18,206 - torchtitan.observability.metrics - INFO - [31mstep: 20  [32mloss: -1.00000  [38;2;180;60;0mgrad_norm:  0.9576  [38;2;54;234;195mmemory:  0.33GiB(0.42%)  [34mtps: 639  [36mtflops: 0.10  [35mmfu: 0.01%[39m
[titan] 2026-09-23 08:17:19,001 - torchtitan.observability.metrics - INFO - [31mstep: 21  [32mloss:  3.07260  [38;2;180;60;0mgrad_norm:  0.8128  [38;2;54;234;195mmemory:  0.33GiB(0.41%)  [34mtps: 640  [36mtflops: 0.10  [35mmfu: 0.01%[39m
[titan] 2026-09-23 08:17:19,006 - torchtitan.observability.metrics - INFO - [31mstep: 21  [32mloss: -1.00000  [38;2;180;60;0mgrad_norm:  0.8128  [38;2;54;234;195mmemory:  0.33GiB(0.42%)  [34mtps: 640  [36mtflops: 0.10  [35mmfu: 0.01%[39m
[titan] 2026-09-23 08:17:19,800 - torchtitan.observability.metrics - INFO - [31mstep: 22  [32mloss:  2.86353  [38;2;180;60;0mgrad_norm:  0.9641  [38;2;54;234;195mmemory:  0.33GiB(0.41%)  [34mtps: 641  [36mtflops: 0.10  [35mmfu: 0.01%[39m
[titan] 2026-09-23 08:17:19,805 - torchtitan.observability.metrics - INFO - [31mstep: 22  [32mloss: -1.00000  [38;2;180;60;0mgrad_norm:  0.9641  [38;2;54;234;195mmemory:  0.33GiB(0.42%)  [34mtps: 641  [36mtflops: 0.10  [35mmfu: 0.01%[39m
[titan] 2026-09-23 08:17:20,600 - torchtitan.observability.metrics - INFO - [31mstep: 23  [32mloss:  2.66831  [38;2;180;60;0mgrad_norm:  0.7350  [38;2;54;234;195mmemory:  0.33GiB(0.41%)  [34mtps: 640  [36mtflops: 0.10  [35mmfu: 0.01%[39m
[titan] 2026-09-23 08:17:20,605 - torchtitan.observability.metrics - INFO - [31mstep: 23  [32mloss: -1.00000  [38;2;180;60;0mgrad_norm:  0.7350  [38;2;54;234;195mmemory:  0.33GiB(0.42%)  [34mtps: 640  [36mtflops: 0.10  [35mmfu: 0.01%[39m
[titan] 2026-09-23 08:17:21,404 - torchtitan.observability.metrics - INFO - [31mstep: 24  [32mloss:  2.91193  [38;2;180;60;0mgrad_norm:  1.0795  [38;2;54;234;195mmemory:  0.33GiB(0.41%)  [34mtps: 638  [36mtflops: 0.10  [35mmfu: 0.01%[39m
[titan] 2026-09-23 08:17:21,409 - torchtitan.observability.metrics - INFO - [31mstep: 24  [32mloss: -1.00000  [38;2;180;60;0mgrad_norm:  1.0795  [38;2;54;234;195mmemory:  0.33GiB(0.42%)  [34mtps: 637  [36mtflops: 0.10  [35mmfu: 0.01%[39m
[titan] 2026-09-23 08:17:22,212 - torchtitan.observability.metrics - INFO - [31mstep: 25  [32mloss:  3.13816  [38;2;180;60;0mgrad_norm:  0.9604  [38;2;54;234;195mmemory:  0.33GiB(0.41%)  [34mtps: 633  [36mtflops: 0.10  [35mmfu: 0.01%[39m
[titan] 2026-09-23 08:17:22,217 - torchtitan.observability.metrics - INFO - [31mstep: 25  [32mloss: -1.00000  [38;2;180;60;0mgrad_norm:  0.9604  [38;2;54;234;195mmemory:  0.33GiB(0.42%)  [34mtps: 634  [36mtflops: 0.10  [35mmfu: 0.01%[39m
[titan] 2026-09-23 08:17:23,018 - torchtitan.observability.metrics - INFO - [31mstep: 26  [32mloss:  2.70498  [38;2;180;60;0mgrad_norm:  1.1502  [38;2;54;234;195mmemory:  0.33GiB(0.41%)  [34mtps: 635  [36mtflops: 0.10  [35mmfu: 0.01%[39m
[titan] 2026-09-23 08:17:23,023 - torchtitan.observability.metrics - INFO - [31mstep: 26  [32mloss: -1.00000  [38;2;180;60;0mgrad_norm:  1.1502  [38;2;54;234;195mmemory:  0.33GiB(0.42%)  [34mtps: 635  [36mtflops: 0.10  [35mmfu: 0.01%[39m
[titan] 2026-09-23 08:17:23,827 - torchtitan.observability.metrics - INFO - [31mstep: 27  [32mloss:  2.83236  [38;2;180;60;0mgrad_norm:  1.0183  [38;2;54;234;195mmemory:  0.33GiB(0.41%)  [34mtps: 633  [36mtflops: 0.10  [35mmfu: 0.01%[39m
[titan] 2026-09-23 08:17:23,832 - torchtitan.observability.metrics - INFO - [31mstep: 27  [32mloss: -1.00000  [38;2;180;60;0mgrad_norm:  1.0183  [38;2;54;234;195mmemory:  0.33GiB(0.42%)  [34mtps: 633  [36mtflops: 0.10  [35mmfu: 0.01%[39m
[titan] 2026-09-23 08:17:24,628 - torchtitan.observability.metrics - INFO - [31mstep: 28  [32mloss:  2.94378  [38;2;180;60;0mgrad_norm:  0.9942  [38;2;54;234;195mmemory:  0.33GiB(0.41%)  [34mtps: 639  [36mtflops: 0.10  [35mmfu: 0.01%[39m
[titan] 2026-09-23 08:17:24,633 - torchtitan.observability.metrics - INFO - [31mstep: 28  [32mloss: -1.00000  [38;2;180;60;0mgrad_norm:  0.9942  [38;2;54;234;195mmemory:  0.33GiB(0.42%)  [34mtps: 639  [36mtflops: 0.10  [35mmfu: 0.01%[39m
[titan] 2026-09-23 08:17:25,430 - torchtitan.observability.metrics - INFO - [31mstep: 29  [32mloss:  2.62845  [38;2;180;60;0mgrad_norm:  0.9200  [38;2;54;234;195mmemory:  0.33GiB(0.41%)  [34mtps: 639  [36mtflops: 0.10  [35mmfu: 0.01%[39m
[titan] 2026-09-23 08:17:25,435 - torchtitan.observability.metrics - INFO - [31mstep: 29  [32mloss: -1.00000  [38;2;180;60;0mgrad_norm:  0.9200  [38;2;54;234;195mmemory:  0.33GiB(0.42%)  [34mtps: 639  [36mtflops: 0.10  [35mmfu: 0.01%[39m
[titan] 2026-09-23 08:17:26,233 - torchtitan.observability.metrics - INFO - [31mstep: 30  [32mloss:  2.95042  [38;2;180;60;0mgrad_norm:  0.9241  [38;2;54;234;195mmemory:  0.33GiB(0.41%)  [34mtps: 638  [36mtflops: 0.10  [35mmfu: 0.01%[39m
[titan] 2026-09-23 08:17:26,238 - torchtitan.observability.metrics - INFO - [31mstep: 30  [32mloss: -1.00000  [38;2;180;60;0mgrad_norm:  0.9241  [38;2;54;234;195mmemory:  0.33GiB(0.42%)  [34mtps: 638  [36mtflops: 0.10  [35mmfu: 0.01%[39m
[titan] 2026-09-23 08:17:27,031 - torchtitan.observability.metrics - INFO - [31mstep: 31  [32mloss:  2.75069  [38;2;180;60;0mgrad_norm:  0.9263  [38;2;54;234;195mmemory:  0.33GiB(0.41%)  [34mtps: 641  [36mtflops: 0.10  [35mmfu: 0.01%[39m
[titan] 2026-09-23 08:17:27,036 - torchtitan.observability.metrics - INFO - [31mstep: 31  [32mloss: -1.00000  [38;2;180;60;0mgrad_norm:  0.9263  [38;2;54;234;195mmemory:  0.33GiB(0.42%)  [34mtps: 641  [36mtflops: 0.10  [35mmfu: 0.01%[39m
[titan] 2026-09-23 08:17:27,833 - torchtitan.observability.metrics - INFO - [31mstep: 32  [32mloss:  2.77950  [38;2;180;60;0mgrad_norm:  0.7850  [38;2;54;234;195mmemory:  0.33GiB(0.41%)  [34mtps: 638  [36mtflops: 0.10  [35mmfu: 0.01%[39m
[titan] 2026-09-23 08:17:27,838 - torchtitan.observability.metrics - INFO - [31mstep: 32  [32mloss: -1.00000  [38;2;180;60;0mgrad_norm:  0.7850  [38;2;54;234;195mmemory:  0.33GiB(0.42%)  [34mtps: 638  [36mtflops: 0.10  [35mmfu: 0.01%[39m
[titan] 2026-09-23 08:17:28,633 - torchtitan.observability.metrics - INFO - [31mstep: 33  [32mloss:  2.54875  [38;2;180;60;0mgrad_norm:  0.8331  [38;2;54;234;195mmemory:  0.33GiB(0.41%)  [34mtps: 640  [36mtflops: 0.10  [35mmfu: 0.01%[39m
[titan] 2026-09-23 08:17:28,638 - torchtitan.observability.metrics - INFO - [31mstep: 33  [32mloss: -1.00000  [38;2;180;60;0mgrad_norm:  0.8331  [38;2;54;234;195mmemory:  0.33GiB(0.42%)  [34mtps: 640  [36mtflops: 0.10  [35mmfu: 0.01%[39m
[titan] 2026-09-23 08:17:29,433 - torchtitan.observability.metrics - INFO - [31mstep: 34  [32mloss:  2.54364  [38;2;180;60;0mgrad_norm:  0.9167  [38;2;54;234;195mmemory:  0.33GiB(0.41%)  [34mtps: 640  [36mtflops: 0.10  [35mmfu: 0.01%[39m
[titan] 2026-09-23 08:17:29,438 - torchtitan.observability.metrics - INFO - [31mstep: 34  [32mloss: -1.00000  [38;2;180;60;0mgrad_norm:  0.9167  [38;2;54;234;195mmemory:  0.33GiB(0.42%)  [34mtps: 640  [36mtflops: 0.10  [35mmfu: 0.01%[39m
[titan] 2026-09-23 08:17:30,237 - torchtitan.observability.metrics - INFO - [31mstep: 35  [32mloss:  2.70993  [38;2;180;60;0mgrad_norm:  0.8902  [38;2;54;234;195mmemory:  0.33GiB(0.41%)  [34mtps: 637  [36mtflops: 0.10  [35mmfu: 0.01%[39m
[titan] 2026-09-23 08:17:30,242 - torchtitan.observability.metrics - INFO - [31mstep: 35  [32mloss: -1.00000  [38;2;180;60;0mgrad_norm:  0.8902  [38;2;54;234;195mmemory:  0.33GiB(0.42%)  [34mtps: 637  [36mtflops: 0.10  [35mmfu: 0.01%[39m
[titan] 2026-09-23 08:17:31,041 - torchtitan.observability.metrics - INFO - [31mstep: 36  [32mloss:  2.53924  [38;2;180;60;0mgrad_norm:  0.8017  [38;2;54;234;195mmemory:  0.33GiB(0.41%)  [34mtps: 637  [36mtflops: 0.10  [35mmfu: 0.01%[39m
[titan] 2026-09-23 08:17:31,045 - torchtitan.observability.metrics - INFO - [31mstep: 36  [32mloss: -1.00000  [38;2;180;60;0mgrad_norm:  0.8017  [38;2;54;234;195mmemory:  0.33GiB(0.42%)  [34mtps: 637  [36mtflops: 0.10  [35mmfu: 0.01%[39m
[titan] 2026-09-23 08:17:31,843 - torchtitan.observability.metrics - INFO - [31mstep: 37  [32mloss:  3.01221  [38;2;180;60;0mgrad_norm:  1.2084  [38;2;54;234;195mmemory:  0.33GiB(0.41%)  [34mtps: 638  [36mtflops: 0.10  [35mmfu: 0.01%[39m
[titan] 2026-09-23 08:17:31,848 - torchtitan.observability.metrics - INFO - [31mstep: 37  [32mloss: -1.00000  [38;2;180;60;0mgrad_norm:  1.2084  [38;2;54;234;195mmemory:  0.33GiB(0.42%)  [34mtps: 638  [36mtflops: 0.10  [35mmfu: 0.01%[39m
[titan] 2026-09-23 08:17:32,647 - torchtitan.observability.metrics - INFO - [31mstep: 38  [32mloss:  2.67903  [38;2;180;60;0mgrad_norm:  1.1528  [38;2;54;234;195mmemory:  0.33GiB(0.41%)  [34mtps: 637  [36mtflops: 0.10  [35mmfu: 0.01%[39m
[titan] 2026-09-23 08:17:32,652 - torchtitan.observability.metrics - INFO - [31mstep: 38  [32mloss: -1.00000  [38;2;180;60;0mgrad_norm:  1.1528  [38;2;54;234;195mmemory:  0.33GiB(0.42%)  [34mtps: 637  [36mtflops: 0.10  [35mmfu: 0.01%[39m
[titan] 2026-09-23 08:17:33,449 - torchtitan.observability.metrics - INFO - [31mstep: 39  [32mloss:  2.79110  [38;2;180;60;0mgrad_norm:  0.9006  [38;2;54;234;195mmemory:  0.33GiB(0.41%)  [34mtps: 639  [36mtflops: 0.10  [35mmfu: 0.01%[39m
[titan] 2026-09-23 08:17:33,454 - torchtitan.observability.metrics - INFO - [31mstep: 39  [32mloss: -1.00000  [38;2;180;60;0mgrad_norm:  0.9006  [38;2;54;234;195mmemory:  0.33GiB(0.42%)  [34mtps: 639  [36mtflops: 0.10  [35mmfu: 0.01%[39m
[titan] 2026-09-23 08:17:34,251 - torchtitan.observability.metrics - INFO - [31mstep: 40  [32mloss:  2.65585  [38;2;180;60;0mgrad_norm:  0.9346  [38;2;54;234;195mmemory:  0.33GiB(0.41%)  [34mtps: 638  [36mtflops: 0.10  [35mmfu: 0.01%[39m
[titan] 2026-09-23 08:17:34,256 - torchtitan.observability.metrics - INFO - [31mstep: 40  [32mloss: -1.00000  [38;2;180;60;0mgrad_norm:  0.9346  [38;2;54;234;195mmemory:  0.33GiB(0.42%)  [34mtps: 638  [36mtflops: 0.10  [35mmfu: 0.01%[39m
[titan] 2026-09-23 08:17:35,053 - torchtitan.observability.metrics - INFO - [31mstep: 41  [32mloss:  2.58793  [38;2;180;60;0mgrad_norm:  0.6730  [38;2;54;234;195mmemory:  0.33GiB(0.41%)  [34mtps: 638  [36mtflops: 0.10  [35mmfu: 0.01%[39m
[titan] 2026-09-23 08:17:35,058 - torchtitan.observability.metrics - INFO - [31mstep: 41  [32mloss: -1.00000  [38;2;180;60;0mgrad_norm:  0.6730  [38;2;54;234;195mmemory:  0.33GiB(0.42%)  [34mtps: 638  [36mtflops: 0.10  [35mmfu: 0.01%[39m
[titan] 2026-09-23 08:17:35,856 - torchtitan.observability.metrics - INFO - [31mstep: 42  [32mloss:  2.53782  [38;2;180;60;0mgrad_norm:  0.8137  [38;2;54;234;195mmemory:  0.33GiB(0.41%)  [34mtps: 638  [36mtflops: 0.10  [35mmfu: 0.01%[39m
[titan] 2026-09-23 08:17:35,861 - torchtitan.observability.metrics - INFO - [31mstep: 42  [32mloss: -1.00000  [38;2;180;60;0mgrad_norm:  0.8137  [38;2;54;234;195mmemory:  0.33GiB(0.42%)  [34mtps: 638  [36mtflops: 0.10  [35mmfu: 0.01%[39m
[titan] 2026-09-23 08:17:36,664 - torchtitan.observability.metrics - INFO - [31mstep: 43  [32mloss:  2.71425  [38;2;180;60;0mgrad_norm:  0.8214  [38;2;54;234;195mmemory:  0.33GiB(0.41%)  [34mtps: 634  [36mtflops: 0.10  [35mmfu: 0.01%[39m
[titan] 2026-09-23 08:17:36,669 - torchtitan.observability.metrics - INFO - [31mstep: 43  [32mloss: -1.00000  [38;2;180;60;0mgrad_norm:  0.8214  [38;2;54;234;195mmemory:  0.33GiB(0.42%)  [34mtps: 634  [36mtflops: 0.10  [35mmfu: 0.01%[39m
[titan] 2026-09-23 08:17:37,473 - torchtitan.observability.metrics - INFO - [31mstep: 44  [32mloss:  2.47265  [38;2;180;60;0mgrad_norm:  0.8802  [38;2;54;234;195mmemory:  0.33GiB(0.41%)  [34mtps: 633  [36mtflops: 0.10  [35mmfu: 0.01%[39m
[titan] 2026-09-23 08:17:37,478 - torchtitan.observability.metrics - INFO - [31mstep: 44  [32mloss: -1.00000  [38;2;180;60;0mgrad_norm:  0.8802  [38;2;54;234;195mmemory:  0.33GiB(0.42%)  [34mtps: 633  [36mtflops: 0.10  [35mmfu: 0.01%[39m
[titan] 2026-09-23 08:17:38,288 - torchtitan.observability.metrics - INFO - [31mstep: 45  [32mloss:  2.65754  [38;2;180;60;0mgrad_norm:  0.8622  [38;2;54;234;195mmemory:  0.33GiB(0.41%)  [34mtps: 628  [36mtflops: 0.10  [35mmfu: 0.01%[39m
[titan] 2026-09-23 08:17:38,293 - torchtitan.observability.metrics - INFO - [31mstep: 45  [32mloss: -1.00000  [38;2;180;60;0mgrad_norm:  0.8622  [38;2;54;234;195mmemory:  0.33GiB(0.42%)  [34mtps: 628  [36mtflops: 0.10  [35mmfu: 0.01%[39m
[titan] 2026-09-23 08:17:39,095 - torchtitan.observability.metrics - INFO - [31mstep: 46  [32mloss:  2.60350  [38;2;180;60;0mgrad_norm:  0.8660  [38;2;54;234;195mmemory:  0.33GiB(0.41%)  [34mtps: 635  [36mtflops: 0.10  [35mmfu: 0.01%[39m
[titan] 2026-09-23 08:17:39,099 - torchtitan.observability.metrics - INFO - [31mstep: 46  [32mloss: -1.00000  [38;2;180;60;0mgrad_norm:  0.8660  [38;2;54;234;195mmemory:  0.33GiB(0.42%)  [34mtps: 635  [36mtflops: 0.10  [35mmfu: 0.01%[39m
[titan] 2026-09-23 08:17:39,905 - torchtitan.observability.metrics - INFO - [31mstep: 47  [32mloss:  2.68754  [38;2;180;60;0mgrad_norm:  0.7342  [38;2;54;234;195mmemory:  0.33GiB(0.41%)  [34mtps: 632  [36mtflops: 0.10  [35mmfu: 0.01%[39m
[titan] 2026-09-23 08:17:39,909 - torchtitan.observability.metrics - INFO - [31mstep: 47  [32mloss: -1.00000  [38;2;180;60;0mgrad_norm:  0.7342  [38;2;54;234;195mmemory:  0.33GiB(0.42%)  [34mtps: 632  [36mtflops: 0.10  [35mmfu: 0.01%[39m
[titan] 2026-09-23 08:17:40,713 - torchtitan.observability.metrics - INFO - [31mstep: 48  [32mloss:  2.74635  [38;2;180;60;0mgrad_norm:  0.8635  [38;2;54;234;195mmemory:  0.33GiB(0.41%)  [34mtps: 634  [36mtflops: 0.10  [35mmfu: 0.01%[39m
[titan] 2026-09-23 08:17:40,717 - torchtitan.observability.metrics - INFO - [31mstep: 48  [32mloss: -1.00000  [38;2;180;60;0mgrad_norm:  0.8635  [38;2;54;234;195mmemory:  0.33GiB(0.42%)  [34mtps: 634  [36mtflops: 0.10  [35mmfu: 0.01%[39m
[titan] 2026-09-23 08:17:41,521 - torchtitan.observability.metrics - INFO - [31mstep: 49  [32mloss:  2.66085  [38;2;180;60;0mgrad_norm:  0.9135  [38;2;54;234;195mmemory:  0.33GiB(0.41%)  [34mtps: 633  [36mtflops: 0.10  [35mmfu: 0.01%[39m
[titan] 2026-09-23 08:17:41,526 - torchtitan.observability.metrics - INFO - [31mstep: 49  [32mloss: -1.00000  [38;2;180;60;0mgrad_norm:  0.9135  [38;2;54;234;195mmemory:  0.33GiB(0.42%)  [34mtps: 633  [36mtflops: 0.10  [35mmfu: 0.01%[39m
[titan] 2026-09-23 08:17:41,663 - torchtitan.tools.utils - INFO - [GC] Performing periodic GC collection took 0.14 seconds
[titan] 2026-09-23 08:17:41,675 - torchtitan.tools.utils - INFO - [GC] Performing periodic GC collection took 0.14 seconds
[titan] 2026-09-23 08:17:42,474 - torchtitan.observability.metrics - INFO - [31mstep: 50  [32mloss:  2.58462  [38;2;180;60;0mgrad_norm:  0.6772  [38;2;54;234;195mmemory:  0.33GiB(0.41%)  [34mtps: 537  [36mtflops: 0.08  [35mmfu: 0.01%[39m
[titan] 2026-09-23 08:17:42,479 - torchtitan.observability.metrics - INFO - [31mstep: 50  [32mloss: -1.00000  [38;2;180;60;0mgrad_norm:  0.6772  [38;2;54;234;195mmemory:  0.33GiB(0.42%)  [34mtps: 537  [36mtflops: 0.08  [35mmfu: 0.01%[39m
[titan] 2026-09-23 08:17:43,281 - torchtitan.observability.metrics - INFO - [31mstep: 51  [32mloss:  2.68339  [38;2;180;60;0mgrad_norm:  0.9655  [38;2;54;234;195mmemory:  0.33GiB(0.41%)  [34mtps: 635  [36mtflops: 0.10  [35mmfu: 0.01%[39m
[titan] 2026-09-23 08:17:43,286 - torchtitan.observability.metrics - INFO - [31mstep: 51  [32mloss: -1.00000  [38;2;180;60;0mgrad_norm:  0.9655  [38;2;54;234;195mmemory:  0.33GiB(0.42%)  [34mtps: 635  [36mtflops: 0.10  [35mmfu: 0.01%[39m
[titan] 2026-09-23 08:17:44,087 - torchtitan.observability.metrics - INFO - [31mstep: 52  [32mloss:  2.51948  [38;2;180;60;0mgrad_norm:  0.8401  [38;2;54;234;195mmemory:  0.33GiB(0.41%)  [34mtps: 635  [36mtflops: 0.10  [35mmfu: 0.01%[39m
[titan] 2026-09-23 08:17:44,092 - torchtitan.observability.metrics - INFO - [31mstep: 52  [32mloss: -1.00000  [38;2;180;60;0mgrad_norm:  0.8401  [38;2;54;234;195mmemory:  0.33GiB(0.42%)  [34mtps: 635  [36mtflops: 0.10  [35mmfu: 0.01%[39m
[titan] 2026-09-23 08:17:44,898 - torchtitan.observability.metrics - INFO - [31mstep: 53  [32mloss:  2.78384  [38;2;180;60;0mgrad_norm:  0.7522  [38;2;54;234;195mmemory:  0.33GiB(0.41%)  [34mtps: 632  [36mtflops: 0.10  [35mmfu: 0.01%[39m
[titan] 2026-09-23 08:17:44,903 - torchtitan.observability.metrics - INFO - [31mstep: 53  [32mloss: -1.00000  [38;2;180;60;0mgrad_norm:  0.7522  [38;2;54;234;195mmemory:  0.33GiB(0.42%)  [34mtps: 632  [36mtflops: 0.10  [35mmfu: 0.01%[39m
[titan] 2026-09-23 08:17:45,707 - torchtitan.observability.metrics - INFO - [31mstep: 54  [32mloss:  3.06157  [38;2;180;60;0mgrad_norm:  0.8096  [38;2;54;234;195mmemory:  0.33GiB(0.41%)  [34mtps: 633  [36mtflops: 0.10  [35mmfu: 0.01%[39m
[titan] 2026-09-23 08:17:45,712 - torchtitan.observability.metrics - INFO - [31mstep: 54  [32mloss: -1.00000  [38;2;180;60;0mgrad_norm:  0.8096  [38;2;54;234;195mmemory:  0.33GiB(0.42%)  [34mtps: 633  [36mtflops: 0.10  [35mmfu: 0.01%[39m
[titan] 2026-09-23 08:17:46,513 - torchtitan.observability.metrics - INFO - [31mstep: 55  [32mloss:  2.95072  [38;2;180;60;0mgrad_norm:  1.0137  [38;2;54;234;195mmemory:  0.33GiB(0.41%)  [34mtps: 635  [36mtflops: 0.10  [35mmfu: 0.01%[39m
[titan] 2026-09-23 08:17:46,518 - torchtitan.observability.metrics - INFO - [31mstep: 55  [32mloss: -1.00000  [38;2;180;60;0mgrad_norm:  1.0137  [38;2;54;234;195mmemory:  0.33GiB(0.42%)  [34mtps: 635  [36mtflops: 0.10  [35mmfu: 0.01%[39m
[titan] 2026-09-23 08:17:47,318 - torchtitan.observability.metrics - INFO - [31mstep: 56  [32mloss:  2.55068  [38;2;180;60;0mgrad_norm:  0.8364  [38;2;54;234;195mmemory:  0.33GiB(0.41%)  [34mtps: 636  [36mtflops: 0.10  [35mmfu: 0.01%[39m
[titan] 2026-09-23 08:17:47,323 - torchtitan.observability.metrics - INFO - [31mstep: 56  [32mloss: -1.00000  [38;2;180;60;0mgrad_norm:  0.8364  [38;2;54;234;195mmemory:  0.33GiB(0.42%)  [34mtps: 636  [36mtflops: 0.10  [35mmfu: 0.01%[39m
[titan] 2026-09-23 08:17:48,126 - torchtitan.observability.metrics - INFO - [31mstep: 57  [32mloss:  2.52150  [38;2;180;60;0mgrad_norm:  0.8396  [38;2;54;234;195mmemory:  0.33GiB(0.41%)  [34mtps: 634  [36mtflops: 0.10  [35mmfu: 0.01%[39m
[titan] 2026-09-23 08:17:48,131 - torchtitan.observability.metrics - INFO - [31mstep: 57  [32mloss: -1.00000  [38;2;180;60;0mgrad_norm:  0.8396  [38;2;54;234;195mmemory:  0.33GiB(0.42%)  [34mtps: 634  [36mtflops: 0.10  [35mmfu: 0.01%[39m
[titan] 2026-09-23 08:17:48,932 - torchtitan.observability.metrics - INFO - [31mstep: 58  [32mloss:  2.62163  [38;2;180;60;0mgrad_norm:  0.8975  [38;2;54;234;195mmemory:  0.33GiB(0.41%)  [34mtps: 636  [36mtflops: 0.10  [35mmfu: 0.01%[39m
[titan] 2026-09-23 08:17:48,936 - torchtitan.observability.metrics - INFO - [31mstep: 58  [32mloss: -1.00000  [38;2;180;60;0mgrad_norm:  0.8975  [38;2;54;234;195mmemory:  0.33GiB(0.42%)  [34mtps: 636  [36mtflops: 0.10  [35mmfu: 0.01%[39m
[titan] 2026-09-23 08:17:49,738 - torchtitan.observability.metrics - INFO - [31mstep: 59  [32mloss:  2.65249  [38;2;180;60;0mgrad_norm:  0.7898  [38;2;54;234;195mmemory:  0.33GiB(0.41%)  [34mtps: 635  [36mtflops: 0.10  [35mmfu: 0.01%[39m
[titan] 2026-09-23 08:17:49,743 - torchtitan.observability.metrics - INFO - [31mstep: 59  [32mloss: -1.00000  [38;2;180;60;0mgrad_norm:  0.7898  [38;2;54;234;195mmemory:  0.33GiB(0.42%)  [34mtps: 635  [36mtflops: 0.10  [35mmfu: 0.01%[39m
[titan] 2026-09-23 08:17:50,542 - torchtitan.observability.metrics - INFO - [31mstep: 60  [32mloss:  2.57231  [38;2;180;60;0mgrad_norm:  0.7588  [38;2;54;234;195mmemory:  0.33GiB(0.41%)  [34mtps: 637  [36mtflops: 0.10  [35mmfu: 0.01%[39m
[titan] 2026-09-23 08:17:50,547 - torchtitan.observability.metrics - INFO - [31mstep: 60  [32mloss: -1.00000  [38;2;180;60;0mgrad_norm:  0.7588  [38;2;54;234;195mmemory:  0.33GiB(0.42%)  [34mtps: 637  [36mtflops: 0.10  [35mmfu: 0.01%[39m
[titan] 2026-09-23 08:17:51,353 - torchtitan.observability.metrics - INFO - [31mstep: 61  [32mloss:  2.62470  [38;2;180;60;0mgrad_norm:  0.9028  [38;2;54;234;195mmemory:  0.33GiB(0.41%)  [34mtps: 632  [36mtflops: 0.10  [35mmfu: 0.01%[39m
[titan] 2026-09-23 08:17:51,358 - torchtitan.observability.metrics - INFO - [31mstep: 61  [32mloss: -1.00000  [38;2;180;60;0mgrad_norm:  0.9028  [38;2;54;234;195mmemory:  0.33GiB(0.42%)  [34mtps: 631  [36mtflops: 0.10  [35mmfu: 0.01%[39m
[titan] 2026-09-23 08:17:52,160 - torchtitan.observability.metrics - INFO - [31mstep: 62  [32mloss:  2.70034  [38;2;180;60;0mgrad_norm:  0.9075  [38;2;54;234;195mmemory:  0.33GiB(0.41%)  [34mtps: 635  [36mtflops: 0.10  [35mmfu: 0.01%[39m
[titan] 2026-09-23 08:17:52,165 - torchtitan.observability.metrics - INFO - [31mstep: 62  [32mloss: -1.00000  [38;2;180;60;0mgrad_norm:  0.9075  [38;2;54;234;195mmemory:  0.33GiB(0.42%)  [34mtps: 635  [36mtflops: 0.10  [35mmfu: 0.01%[39m
[titan] 2026-09-23 08:17:52,966 - torchtitan.observability.metrics - INFO - [31mstep: 63  [32mloss:  2.63101  [38;2;180;60;0mgrad_norm:  0.8840  [38;2;54;234;195mmemory:  0.33GiB(0.41%)  [34mtps: 635  [36mtflops: 0.10  [35mmfu: 0.01%[39m
[titan] 2026-09-23 08:17:52,971 - torchtitan.observability.metrics - INFO - [31mstep: 63  [32mloss: -1.00000  [38;2;180;60;0mgrad_norm:  0.8840  [38;2;54;234;195mmemory:  0.33GiB(0.42%)  [34mtps: 635  [36mtflops: 0.10  [35mmfu: 0.01%[39m
[titan] 2026-09-23 08:17:53,774 - torchtitan.observability.metrics - INFO - [31mstep: 64  [32mloss:  2.62825  [38;2;180;60;0mgrad_norm:  0.6316  [38;2;54;234;195mmemory:  0.33GiB(0.41%)  [34mtps: 634  [36mtflops: 0.10  [35mmfu: 0.01%[39m
[titan] 2026-09-23 08:17:53,779 - torchtitan.observability.metrics - INFO - [31mstep: 64  [32mloss: -1.00000  [38;2;180;60;0mgrad_norm:  0.6316  [38;2;54;234;195mmemory:  0.33GiB(0.42%)  [34mtps: 634  [36mtflops: 0.10  [35mmfu: 0.01%[39m
[titan] 2026-09-23 08:17:54,577 - torchtitan.observability.metrics - INFO - [31mstep: 65  [32mloss:  2.71571  [38;2;180;60;0mgrad_norm:  0.8216  [38;2;54;234;195mmemory:  0.33GiB(0.41%)  [34mtps: 638  [36mtflops: 0.10  [35mmfu: 0.01%[39m
[titan] 2026-09-23 08:17:54,582 - torchtitan.observability.metrics - INFO - [31mstep: 65  [32mloss: -1.00000  [38;2;180;60;0mgrad_norm:  0.8216  [38;2;54;234;195mmemory:  0.33GiB(0.42%)  [34mtps: 638  [36mtflops: 0.10  [35mmfu: 0.01%[39m
[titan] 2026-09-23 08:17:55,386 - torchtitan.observability.metrics - INFO - [31mstep: 66  [32mloss:  2.57320  [38;2;180;60;0mgrad_norm:  0.7519  [38;2;54;234;195mmemory:  0.33GiB(0.41%)  [34mtps: 633  [36mtflops: 0.10  [35mmfu: 0.01%[39m
[titan] 2026-09-23 08:17:55,391 - torchtitan.observability.metrics - INFO - [31mstep: 66  [32mloss: -1.00000  [38;2;180;60;0mgrad_norm:  0.7519  [38;2;54;234;195mmemory:  0.33GiB(0.42%)  [34mtps: 633  [36mtflops: 0.10  [35mmfu: 0.01%[39m
[titan] 2026-09-23 08:17:56,196 - torchtitan.observability.metrics - INFO - [31mstep: 67  [32mloss:  2.58492  [38;2;180;60;0mgrad_norm:  0.8517  [38;2;54;234;195mmemory:  0.33GiB(0.41%)  [34mtps: 633  [36mtflops: 0.10  [35mmfu: 0.01%[39m
[titan] 2026-09-23 08:17:56,201 - torchtitan.observability.metrics - INFO - [31mstep: 67  [32mloss: -1.00000  [38;2;180;60;0mgrad_norm:  0.8517  [38;2;54;234;195mmemory:  0.33GiB(0.42%)  [34mtps: 633  [36mtflops: 0.10  [35mmfu: 0.01%[39m
[titan] 2026-09-23 08:17:57,004 - torchtitan.observability.metrics - INFO - [31mstep: 68  [32mloss:  2.61618  [38;2;180;60;0mgrad_norm:  0.8805  [38;2;54;234;195mmemory:  0.33GiB(0.41%)  [34mtps: 633  [36mtflops: 0.10  [35mmfu: 0.01%[39m
[titan] 2026-09-23 08:17:57,009 - torchtitan.observability.metrics - INFO - [31mstep: 68  [32mloss: -1.00000  [38;2;180;60;0mgrad_norm:  0.8805  [38;2;54;234;195mmemory:  0.33GiB(0.42%)  [34mtps: 633  [36mtflops: 0.10  [35mmfu: 0.01%[39m
[titan] 2026-09-23 08:17:57,813 - torchtitan.observability.metrics - INFO - [31mstep: 69  [32mloss:  2.83767  [38;2;180;60;0mgrad_norm:  0.8796  [38;2;54;234;195mmemory:  0.33GiB(0.41%)  [34mtps: 634  [36mtflops: 0.10  [35mmfu: 0.01%[39m
[titan] 2026-09-23 08:17:57,818 - torchtitan.observability.metrics - INFO - [31mstep: 69  [32mloss: -1.00000  [38;2;180;60;0mgrad_norm:  0.8796  [38;2;54;234;195mmemory:  0.33GiB(0.42%)  [34mtps: 634  [36mtflops: 0.10  [35mmfu: 0.01%[39m
[titan] 2026-09-23 08:17:58,620 - torchtitan.observability.metrics - INFO - [31mstep: 70  [32mloss:  2.70879  [38;2;180;60;0mgrad_norm:  0.6156  [38;2;54;234;195mmemory:  0.33GiB(0.41%)  [34mtps: 634  [36mtflops: 0.10  [35mmfu: 0.01%[39m
[titan] 2026-09-23 08:17:58,625 - torchtitan.observability.metrics - INFO - [31mstep: 70  [32mloss: -1.00000  [38;2;180;60;0mgrad_norm:  0.6156  [38;2;54;234;195mmemory:  0.33GiB(0.42%)  [34mtps: 634  [36mtflops: 0.10  [35mmfu: 0.01%[39m
[titan] 2026-09-23 08:17:59,430 - torchtitan.observability.metrics - INFO - [31mstep: 71  [32mloss:  2.54912  [38;2;180;60;0mgrad_norm:  0.5704  [38;2;54;234;195mmemory:  0.33GiB(0.41%)  [34mtps: 633  [36mtflops: 0.10  [35mmfu: 0.01%[39m
[titan] 2026-09-23 08:17:59,434 - torchtitan.observability.metrics - INFO - [31mstep: 71  [32mloss: -1.00000  [38;2;180;60;0mgrad_norm:  0.5704  [38;2;54;234;195mmemory:  0.33GiB(0.42%)  [34mtps: 633  [36mtflops: 0.10  [35mmfu: 0.01%[39m
[titan] 2026-09-23 08:18:00,243 - torchtitan.observability.metrics - INFO - [31mstep: 72  [32mloss:  2.58094  [38;2;180;60;0mgrad_norm:  0.7586  [38;2;54;234;195mmemory:  0.33GiB(0.41%)  [34mtps: 630  [36mtflops: 0.10  [35mmfu: 0.01%[39m
[titan] 2026-09-23 08:18:00,248 - torchtitan.observability.metrics - INFO - [31mstep: 72  [32mloss: -1.00000  [38;2;180;60;0mgrad_norm:  0.7586  [38;2;54;234;195mmemory:  0.33GiB(0.42%)  [34mtps: 630  [36mtflops: 0.10  [35mmfu: 0.01%[39m
[titan] 2026-09-23 08:18:01,059 - torchtitan.observability.metrics - INFO - [31mstep: 73  [32mloss:  2.59075  [38;2;180;60;0mgrad_norm:  0.9925  [38;2;54;234;195mmemory:  0.33GiB(0.41%)  [34mtps: 628  [36mtflops: 0.10  [35mmfu: 0.01%[39m
[titan] 2026-09-23 08:18:01,064 - torchtitan.observability.metrics - INFO - [31mstep: 73  [32mloss: -1.00000  [38;2;180;60;0mgrad_norm:  0.9925  [38;2;54;234;195mmemory:  0.33GiB(0.42%)  [34mtps: 628  [36mtflops: 0.10  [35mmfu: 0.01%[39m
[titan] 2026-09-23 08:18:01,871 - torchtitan.observability.metrics - INFO - [31mstep: 74  [32mloss:  2.42764  [38;2;180;60;0mgrad_norm:  0.7009  [38;2;54;234;195mmemory:  0.33GiB(0.41%)  [34mtps: 631  [36mtflops: 0.10  [35mmfu: 0.01%[39m
[titan] 2026-09-23 08:18:01,876 - torchtitan.observability.metrics - INFO - [31mstep: 74  [32mloss: -1.00000  [38;2;180;60;0mgrad_norm:  0.7009  [38;2;54;234;195mmemory:  0.33GiB(0.42%)  [34mtps: 631  [36mtflops: 0.10  [35mmfu: 0.01%[39m
[titan] 2026-09-23 08:18:02,681 - torchtitan.observability.metrics - INFO - [31mstep: 75  [32mloss:  2.66314  [38;2;180;60;0mgrad_norm:  0.6222  [38;2;54;234;195mmemory:  0.33GiB(0.41%)  [34mtps: 632  [36mtflops: 0.10  [35mmfu: 0.01%[39m
[titan] 2026-09-23 08:18:02,686 - torchtitan.observability.metrics - INFO - [31mstep: 75  [32mloss: -1.00000  [38;2;180;60;0mgrad_norm:  0.6222  [38;2;54;234;195mmemory:  0.33GiB(0.42%)  [34mtps: 632  [36mtflops: 0.10  [35mmfu: 0.01%[39m
[titan] 2026-09-23 08:18:03,491 - torchtitan.observability.metrics - INFO - [31mstep: 76  [32mloss:  2.43608  [38;2;180;60;0mgrad_norm:  0.6775  [38;2;54;234;195mmemory:  0.33GiB(0.41%)  [34mtps: 633  [36mtflops: 0.10  [35mmfu: 0.01%[39m
[titan] 2026-09-23 08:18:03,496 - torchtitan.observability.metrics - INFO - [31mstep: 76  [32mloss: -1.00000  [38;2;180;60;0mgrad_norm:  0.6775  [38;2;54;234;195mmemory:  0.33GiB(0.42%)  [34mtps: 633  [36mtflops: 0.10  [35mmfu: 0.01%[39m
[titan] 2026-09-23 08:18:04,305 - torchtitan.observability.metrics - INFO - [31mstep: 77  [32mloss:  2.55929  [38;2;180;60;0mgrad_norm:  0.7151  [38;2;54;234;195mmemory:  0.33GiB(0.41%)  [34mtps: 629  [36mtflops: 0.10  [35mmfu: 0.01%[39m
[titan] 2026-09-23 08:18:04,309 - torchtitan.observability.metrics - INFO - [31mstep: 77  [32mloss: -1.00000  [38;2;180;60;0mgrad_norm:  0.7151  [38;2;54;234;195mmemory:  0.33GiB(0.42%)  [34mtps: 629  [36mtflops: 0.10  [35mmfu: 0.01%[39m
[titan] 2026-09-23 08:18:05,114 - torchtitan.observability.metrics - INFO - [31mstep: 78  [32mloss:  2.45217  [38;2;180;60;0mgrad_norm:  0.7471  [38;2;54;234;195mmemory:  0.33GiB(0.41%)  [34mtps: 633  [36mtflops: 0.10  [35mmfu: 0.01%[39m
[titan] 2026-09-23 08:18:05,119 - torchtitan.observability.metrics - INFO - [31mstep: 78  [32mloss: -1.00000  [38;2;180;60;0mgrad_norm:  0.7471  [38;2;54;234;195mmemory:  0.33GiB(0.42%)  [34mtps: 633  [36mtflops: 0.10  [35mmfu: 0.01%[39m
[titan] 2026-09-23 08:18:05,929 - torchtitan.observability.metrics - INFO - [31mstep: 79  [32mloss:  2.58137  [38;2;180;60;0mgrad_norm:  0.7351  [38;2;54;234;195mmemory:  0.33GiB(0.41%)  [34mtps: 628  [36mtflops: 0.10  [35mmfu: 0.01%[39m
[titan] 2026-09-23 08:18:05,934 - torchtitan.observability.metrics - INFO - [31mstep: 79  [32mloss: -1.00000  [38;2;180;60;0mgrad_norm:  0.7351  [38;2;54;234;195mmemory:  0.33GiB(0.42%)  [34mtps: 628  [36mtflops: 0.10  [35mmfu: 0.01%[39m
[titan] 2026-09-23 08:18:06,740 - torchtitan.observability.metrics - INFO - [31mstep: 80  [32mloss:  2.61179  [38;2;180;60;0mgrad_norm:  0.8646  [38;2;54;234;195mmemory:  0.33GiB(0.41%)  [34mtps: 631  [36mtflops: 0.10  [35mmfu: 0.01%[39m
[titan] 2026-09-23 08:18:06,745 - torchtitan.observability.metrics - INFO - [31mstep: 80  [32mloss: -1.00000  [38;2;180;60;0mgrad_norm:  0.8646  [38;2;54;234;195mmemory:  0.33GiB(0.42%)  [34mtps: 631  [36mtflops: 0.10  [35mmfu: 0.01%[39m
[titan] 2026-09-23 08:18:07,550 - torchtitan.observability.metrics - INFO - [31mstep: 81  [32mloss:  2.53858  [38;2;180;60;0mgrad_norm:  0.7453  [38;2;54;234;195mmemory:  0.33GiB(0.41%)  [34mtps: 632  [36mtflops: 0.10  [35mmfu: 0.01%[39m
[titan] 2026-09-23 08:18:07,555 - torchtitan.observability.metrics - INFO - [31mstep: 81  [32mloss: -1.00000  [38;2;180;60;0mgrad_norm:  0.7453  [38;2;54;234;195mmemory:  0.33GiB(0.42%)  [34mtps: 632  [36mtflops: 0.10  [35mmfu: 0.01%[39m
[titan] 2026-09-23 08:18:08,365 - torchtitan.observability.metrics - INFO - [31mstep: 82  [32mloss:  2.47089  [38;2;180;60;0mgrad_norm:  0.6663  [38;2;54;234;195mmemory:  0.33GiB(0.41%)  [34mtps: 628  [36mtflops: 0.10  [35mmfu: 0.01%[39m
[titan] 2026-09-23 08:18:08,370 - torchtitan.observability.metrics - INFO - [31mstep: 82  [32mloss: -1.00000  [38;2;180;60;0mgrad_norm:  0.6663  [38;2;54;234;195mmemory:  0.33GiB(0.42%)  [34mtps: 629  [36mtflops: 0.10  [35mmfu: 0.01%[39m
[titan] 2026-09-23 08:18:09,179 - torchtitan.observability.metrics - INFO - [31mstep: 83  [32mloss:  2.45567  [38;2;180;60;0mgrad_norm:  0.8311  [38;2;54;234;195mmemory:  0.33GiB(0.41%)  [34mtps: 630  [36mtflops: 0.10  [35mmfu: 0.01%[39m
[titan] 2026-09-23 08:18:09,183 - torchtitan.observability.metrics - INFO - [31mstep: 83  [32mloss: -1.00000  [38;2;180;60;0mgrad_norm:  0.8311  [38;2;54;234;195mmemory:  0.33GiB(0.42%)  [34mtps: 630  [36mtflops: 0.10  [35mmfu: 0.01%[39m
[titan] 2026-09-23 08:18:09,986 - torchtitan.observability.metrics - INFO - [31mstep: 84  [32mloss:  2.62495  [38;2;180;60;0mgrad_norm:  0.7712  [38;2;54;234;195mmemory:  0.33GiB(0.41%)  [34mtps: 634  [36mtflops: 0.10  [35mmfu: 0.01%[39m
[titan] 2026-09-23 08:18:09,990 - torchtitan.observability.metrics - INFO - [31mstep: 84  [32mloss: -1.00000  [38;2;180;60;0mgrad_norm:  0.7712  [38;2;54;234;195mmemory:  0.33GiB(0.42%)  [34mtps: 635  [36mtflops: 0.10  [35mmfu: 0.01%[39m
[titan] 2026-09-23 08:18:10,795 - torchtitan.observability.metrics - INFO - [31mstep: 85  [32mloss:  2.52760  [38;2;180;60;0mgrad_norm:  1.0648  [38;2;54;234;195mmemory:  0.33GiB(0.41%)  [34mtps: 633  [36mtflops: 0.10  [35mmfu: 0.01%[39m
[titan] 2026-09-23 08:18:10,800 - torchtitan.observability.metrics - INFO - [31mstep: 85  [32mloss: -1.00000  [38;2;180;60;0mgrad_norm:  1.0648  [38;2;54;234;195mmemory:  0.33GiB(0.42%)  [34mtps: 633  [36mtflops: 0.10  [35mmfu: 0.01%[39m
[titan] 2026-09-23 08:18:11,602 - torchtitan.observability.metrics - INFO - [31mstep: 86  [32mloss:  2.48031  [38;2;180;60;0mgrad_norm:  0.7345  [38;2;54;234;195mmemory:  0.33GiB(0.41%)  [34mtps: 635  [36mtflops: 0.10  [35mmfu: 0.01%[39m
[titan] 2026-09-23 08:18:11,607 - torchtitan.observability.metrics - INFO - [31mstep: 86  [32mloss: -1.00000  [38;2;180;60;0mgrad_norm:  0.7345  [38;2;54;234;195mmemory:  0.33GiB(0.42%)  [34mtps: 635  [36mtflops: 0.10  [35mmfu: 0.01%[39m
[titan] 2026-09-23 08:18:12,414 - torchtitan.observability.metrics - INFO - [31mstep: 87  [32mloss:  2.54259  [38;2;180;60;0mgrad_norm:  0.8355  [38;2;54;234;195mmemory:  0.33GiB(0.41%)  [34mtps: 630  [36mtflops: 0.10  [35mmfu: 0.01%[39m
[titan] 2026-09-23 08:18:12,419 - torchtitan.observability.metrics - INFO - [31mstep: 87  [32mloss: -1.00000  [38;2;180;60;0mgrad_norm:  0.8355  [38;2;54;234;195mmemory:  0.33GiB(0.42%)  [34mtps: 630  [36mtflops: 0.10  [35mmfu: 0.01%[39m
[titan] 2026-09-23 08:18:13,224 - torchtitan.observability.metrics - INFO - [31mstep: 88  [32mloss:  2.61156  [38;2;180;60;0mgrad_norm:  0.7793  [38;2;54;234;195mmemory:  0.33GiB(0.41%)  [34mtps: 632  [36mtflops: 0.10  [35mmfu: 0.01%[39m
[titan] 2026-09-23 08:18:13,229 - torchtitan.observability.metrics - INFO - [31mstep: 88  [32mloss: -1.00000  [38;2;180;60;0mgrad_norm:  0.7793  [38;2;54;234;195mmemory:  0.33GiB(0.42%)  [34mtps: 632  [36mtflops: 0.10  [35mmfu: 0.01%[39m
[titan] 2026-09-23 08:18:14,031 - torchtitan.observability.metrics - INFO - [31mstep: 89  [32mloss:  2.63685  [38;2;180;60;0mgrad_norm:  0.9075  [38;2;54;234;195mmemory:  0.33GiB(0.41%)  [34mtps: 635  [36mtflops: 0.10  [35mmfu: 0.01%[39m
[titan] 2026-09-23 08:18:14,036 - torchtitan.observability.metrics - INFO - [31mstep: 89  [32mloss: -1.00000  [38;2;180;60;0mgrad_norm:  0.9075  [38;2;54;234;195mmemory:  0.33GiB(0.42%)  [34mtps: 635  [36mtflops: 0.10  [35mmfu: 0.01%[39m
[titan] 2026-09-23 08:18:14,841 - torchtitan.observability.metrics - INFO - [31mstep: 90  [32mloss:  2.45809  [38;2;180;60;0mgrad_norm:  0.7016  [38;2;54;234;195mmemory:  0.33GiB(0.41%)  [34mtps: 633  [36mtflops: 0.10  [35mmfu: 0.01%[39m
[titan] 2026-09-23 08:18:14,845 - torchtitan.observability.metrics - INFO - [31mstep: 90  [32mloss: -1.00000  [38;2;180;60;0mgrad_norm:  0.7016  [38;2;54;234;195mmemory:  0.33GiB(0.42%)  [34mtps: 633  [36mtflops: 0.10  [35mmfu: 0.01%[39m
[titan] 2026-09-23 08:18:15,648 - torchtitan.observability.metrics - INFO - [31mstep: 91  [32mloss:  2.57596  [38;2;180;60;0mgrad_norm:  0.8128  [38;2;54;234;195mmemory:  0.33GiB(0.41%)  [34mtps: 634  [36mtflops: 0.10  [35mmfu: 0.01%[39m
[titan] 2026-09-23 08:18:15,653 - torchtitan.observability.metrics - INFO - [31mstep: 91  [32mloss: -1.00000  [38;2;180;60;0mgrad_norm:  0.8128  [38;2;54;234;195mmemory:  0.33GiB(0.42%)  [34mtps: 634  [36mtflops: 0.10  [35mmfu: 0.01%[39m
[titan] 2026-09-23 08:18:16,457 - torchtitan.observability.metrics - INFO - [31mstep: 92  [32mloss:  2.58523  [38;2;180;60;0mgrad_norm:  0.8173  [38;2;54;234;195mmemory:  0.33GiB(0.41%)  [34mtps: 633  [36mtflops: 0.10  [35mmfu: 0.01%[39m
[titan] 2026-09-23 08:18:16,462 - torchtitan.observability.metrics - INFO - [31mstep: 92  [32mloss: -1.00000  [38;2;180;60;0mgrad_norm:  0.8173  [38;2;54;234;195mmemory:  0.33GiB(0.42%)  [34mtps: 633  [36mtflops: 0.10  [35mmfu: 0.01%[39m
[titan] 2026-09-23 08:18:17,267 - torchtitan.observability.metrics - INFO - [31mstep: 93  [32mloss:  2.78779  [38;2;180;60;0mgrad_norm:  0.8144  [38;2;54;234;195mmemory:  0.33GiB(0.41%)  [34mtps: 632  [36mtflops: 0.10  [35mmfu: 0.01%[39m
[titan] 2026-09-23 08:18:17,272 - torchtitan.observability.metrics - INFO - [31mstep: 93  [32mloss: -1.00000  [38;2;180;60;0mgrad_norm:  0.8144  [38;2;54;234;195mmemory:  0.33GiB(0.42%)  [34mtps: 632  [36mtflops: 0.10  [35mmfu: 0.01%[39m
[titan] 2026-09-23 08:18:18,074 - torchtitan.observability.metrics - INFO - [31mstep: 94  [32mloss:  2.41470  [38;2;180;60;0mgrad_norm:  0.6718  [38;2;54;234;195mmemory:  0.33GiB(0.41%)  [34mtps: 635  [36mtflops: 0.10  [35mmfu: 0.01%[39m
[titan] 2026-09-23 08:18:18,079 - torchtitan.observability.metrics - INFO - [31mstep: 94  [32mloss: -1.00000  [38;2;180;60;0mgrad_norm:  0.6718  [38;2;54;234;195mmemory:  0.33GiB(0.42%)  [34mtps: 635  [36mtflops: 0.10  [35mmfu: 0.01%[39m
[titan] 2026-09-23 08:18:18,885 - torchtitan.observability.metrics - INFO - [31mstep: 95  [32mloss:  2.50996  [38;2;180;60;0mgrad_norm:  0.7062  [38;2;54;234;195mmemory:  0.33GiB(0.41%)  [34mtps: 631  [36mtflops: 0.10  [35mmfu: 0.01%[39m
[titan] 2026-09-23 08:18:18,890 - torchtitan.observability.metrics - INFO - [31mstep: 95  [32mloss: -1.00000  [38;2;180;60;0mgrad_norm:  0.7062  [38;2;54;234;195mmemory:  0.33GiB(0.42%)  [34mtps: 631  [36mtflops: 0.10  [35mmfu: 0.01%[39m
[titan] 2026-09-23 08:18:19,693 - torchtitan.observability.metrics - INFO - [31mstep: 96  [32mloss:  2.54198  [38;2;180;60;0mgrad_norm:  0.7079  [38;2;54;234;195mmemory:  0.33GiB(0.41%)  [34mtps: 634  [36mtflops: 0.10  [35mmfu: 0.01%[39m
[titan] 2026-09-23 08:18:19,698 - torchtitan.observability.metrics - INFO - [31mstep: 96  [32mloss: -1.00000  [38;2;180;60;0mgrad_norm:  0.7079  [38;2;54;234;195mmemory:  0.33GiB(0.42%)  [34mtps: 634  [36mtflops: 0.10  [35mmfu: 0.01%[39m
[titan] 2026-09-23 08:18:20,501 - torchtitan.observability.metrics - INFO - [31mstep: 97  [32mloss:  2.37639  [38;2;180;60;0mgrad_norm:  0.9082  [38;2;54;234;195mmemory:  0.33GiB(0.41%)  [34mtps: 634  [36mtflops: 0.10  [35mmfu: 0.01%[39m
[titan] 2026-09-23 08:18:20,506 - torchtitan.observability.metrics - INFO - [31mstep: 97  [32mloss: -1.00000  [38;2;180;60;0mgrad_norm:  0.9082  [38;2;54;234;195mmemory:  0.33GiB(0.42%)  [34mtps: 634  [36mtflops: 0.10  [35mmfu: 0.01%[39m
[titan] 2026-09-23 08:18:21,312 - torchtitan.observability.metrics - INFO - [31mstep: 98  [32mloss:  2.43022  [38;2;180;60;0mgrad_norm:  0.6346  [38;2;54;234;195mmemory:  0.33GiB(0.41%)  [34mtps: 631  [36mtflops: 0.10  [35mmfu: 0.01%[39m
[titan] 2026-09-23 08:18:21,317 - torchtitan.observability.metrics - INFO - [31mstep: 98  [32mloss: -1.00000  [38;2;180;60;0mgrad_norm:  0.6346  [38;2;54;234;195mmemory:  0.33GiB(0.42%)  [34mtps: 631  [36mtflops: 0.10  [35mmfu: 0.01%[39m
[titan] 2026-09-23 08:18:22,124 - torchtitan.observability.metrics - INFO - [31mstep: 99  [32mloss:  2.66050  [38;2;180;60;0mgrad_norm:  0.6562  [38;2;54;234;195mmemory:  0.33GiB(0.41%)  [34mtps: 630  [36mtflops: 0.10  [35mmfu: 0.01%[39m
[titan] 2026-09-23 08:18:22,129 - torchtitan.observability.metrics - INFO - [31mstep: 99  [32mloss: -1.00000  [38;2;180;60;0mgrad_norm:  0.6562  [38;2;54;234;195mmemory:  0.33GiB(0.42%)  [34mtps: 630  [36mtflops: 0.10  [35mmfu: 0.01%[39m
[titan] 2026-09-23 08:18:22,249 - torchtitan.tools.utils - INFO - [GC] Performing periodic GC collection took 0.12 seconds
[titan] 2026-09-23 08:18:22,263 - torchtitan.tools.utils - INFO - [GC] Performing periodic GC collection took 0.13 seconds
[titan] 2026-09-23 08:18:23,068 - torchtitan.observability.metrics - INFO - [31mstep: 100  [32mloss:  2.51172  [38;2;180;60;0mgrad_norm:  0.7861  [38;2;54;234;195mmemory:  0.33GiB(0.41%)  [34mtps: 543  [36mtflops: 0.09  [35mmfu: 0.01%[39m
[titan] 2026-09-23 08:18:23,068 - torchtitan.components.checkpointer.dcp - INFO - Saving the checkpointer.
[titan] 2026-09-23 08:18:23,073 - torchtitan.observability.metrics - INFO - [31mstep: 100  [32mloss: -1.00000  [38;2;180;60;0mgrad_norm:  0.7861  [38;2;54;234;195mmemory:  0.33GiB(0.42%)  [34mtps: 543  [36mtflops: 0.09  [35mmfu: 0.01%[39m
[titan] 2026-09-23 08:18:23,073 - torchtitan.components.checkpointer.dcp - INFO - Saving the checkpointer.
[titan] 2026-09-23 08:18:23,074 - torchtitan.components.checkpointer.dcp - INFO - Saving a model only checkpoint in torch.float32 at last step, step 100.
[titan] 2026-09-23 08:18:23,086 - torchtitan.components.checkpointer.dcp - INFO - Saving a model only checkpoint in torch.float32 at last step, step 100.
[titan] 2026-09-23 08:18:23,332 - torchtitan.tools.utils - INFO - [GC] GC collection invoked by checkpointer. took 0.00 seconds
[titan] 2026-09-23 08:18:23,333 - torchtitan.components.checkpointer.dcp - INFO - Last step checkpoint completed in 0.26s
[titan] 2026-09-23 08:18:23,333 - torchtitan.trainer - INFO - Sleeping 2 seconds for other ranks to complete
[titan] 2026-09-23 08:18:23,333 - torchtitan.tools.utils - INFO - [GC] GC collection invoked by checkpointer. took 0.00 seconds
[titan] 2026-09-23 08:18:23,334 - torchtitan.components.checkpointer.dcp - INFO - Last step checkpoint completed in 0.27s
[titan] 2026-09-23 08:18:23,334 - torchtitan.trainer - INFO - Training completed
[titan] 2026-09-23 08:18:23,340 - torchtitan.components.checkpointer.base - INFO - Destroying the purge thread.
[titan] 2026-09-23 08:18:25,333 - torchtitan.trainer - INFO - Training completed
[titan] 2026-09-23 08:18:25,339 - torchtitan.components.checkpointer.base - INFO - Destroying the purge thread.
[titan] 2026-09-23 08:18:26,066 - __main__ - INFO - Process group destroyed
[titan] 2026-09-23 08:18:26,464 - __main__ - INFO - Process group destroyed
