W0923 08:15:04.321000 11425 torch/distributed/run.py:982] 
W0923 08:15:04.321000 11425 torch/distributed/run.py:982] *****************************************
W0923 08:15:04.321000 11425 torch/distributed/run.py:982] Setting OMP_NUM_THREADS environment variable for each process to be 1 in default, to avoid your system being overloaded, please further tune the variable for optimal performance in your application as needed. 
W0923 08:15:04.321000 11425 torch/distributed/run.py:982] *****************************************
WARNING:absl:Failed to load jax profiler: No module named 'jax'
WARNING:absl:Failed to load jax profiler: No module named 'jax'
[titan] 2026-09-23 08:15:09,013 - __main__ - INFO - torchtitan version: 0.0.0+unknown (0.0.0 means __version__ is not defined correctly).
[titan] 2026-09-23 08:15:09,076 - __main__ - INFO - torchtitan version: 0.0.0+unknown (0.0.0 means __version__ is not defined correctly).
[titan] 2026-09-23 08:15:09,528 - torchtitan.components.checkpointer.base - WARNING - initial_load_model_only=True has no effect without an initial_load_path.
[titan] 2026-09-23 08:15:09,591 - torchtitan.components.checkpointer.base - WARNING - initial_load_model_only=True has no effect without an initial_load_path.
[titan] 2026-09-23 08:15:09,593 - torchtitan.observability.structured_logger.jsonl_handler - INFO - Structured logging -> JSONL: /home/ubuntu/results/pp_r4/pp2vp4c/structured_logs/training.global_rank_1.20260923-081509-3N4XB4.jsonl
[titan] 2026-09-23 08:15:09,609 - torchtitan.components.checkpointer.base - WARNING - initial_load_model_only=True has no effect without an initial_load_path.
[titan] 2026-09-23 08:15:09,674 - torchtitan.components.checkpointer.base - WARNING - initial_load_model_only=True has no effect without an initial_load_path.
[titan] 2026-09-23 08:15:09,677 - torchtitan.observability.structured_logger.jsonl_handler - INFO - Structured logging -> JSONL: /home/ubuntu/results/pp_r4/pp2vp4c/structured_logs/training.global_rank_0.20260923-081509-KW1ORD.jsonl
[titan] 2026-09-23 08:15:09,800 - torchtitan.distributed.utils - WARNING - ENV[TORCH_NCCL_ASYNC_ERROR_HANDLING] = 1 will be overridden to 3 based on job config
[titan] 2026-09-23 08:15:09,973 - torchtitan.distributed.utils - WARNING - ENV[TORCH_NCCL_ASYNC_ERROR_HANDLING] = 1 will be overridden to 3 based on job config
[titan] 2026-09-23 08:15:10,369 - torchtitan.tools.utils - INFO - [GC] Initial GC collection took 0.00 seconds
[titan] 2026-09-23 08:15:10,369 - torchtitan.tools.utils - INFO - [GC] Initial GC collection took 0.00 seconds
[titan] 2026-09-23 08:15:10,369 - torchtitan.distributed.utils - INFO - Deterministic algorithm enabled (expect perf degradation).
[titan] 2026-09-23 08:15:10,369 - torchtitan.distributed.utils - INFO - Deterministic algorithm enabled (expect perf degradation).
[titan] 2026-09-23 08:15:10,379 - torchtitan.distributed.parallel_dims - INFO - Building device mesh with parallelism: pp=2, dp_replicate=1, dp_shard=1, cp=1, tp=1, ep=1
[titan] 2026-09-23 08:15:10,379 - torchtitan.distributed.parallel_dims - INFO - Building device mesh with parallelism: pp=2, dp_replicate=1, dp_shard=1, cp=1, tp=1, ep=1
[titan] 2026-09-23 08:15:10,718 - torchtitan.distributed.parallel_dims - INFO - Successfully created meshes with active dimensions: ['pp']
[titan] 2026-09-23 08:15:10,718 - torchtitan.distributed.parallel_dims - INFO - Successfully created meshes with active dimensions: ['pp']
[titan] 2026-09-23 08:15:10,719 - torchtitan.observability.metrics - INFO - CUDA capacity: NVIDIA H100 80GB HBM3 with 79.18GiB memory
[titan] 2026-09-23 08:15:10,719 - torchtitan.observability.metrics - INFO - CUDA capacity: NVIDIA H100 80GB HBM3 with 79.18GiB memory
[titan] 2026-09-23 08:15:10,742 - torchtitan.components.tokenizer - INFO - Loading tokenizer from tokenizer.json
[titan] 2026-09-23 08:15:10,742 - torchtitan.components.tokenizer - INFO - Loading tokenizer from tokenizer.json
[titan] 2026-09-23 08:15:11,496 - httpx - INFO - HTTP Request: HEAD https://s3.amazonaws.com/datasets.huggingface.co/datasets/datasets/json/json.py "HTTP/1.1 200 OK"
[titan] 2026-09-23 08:15:11,522 - httpx - INFO - HTTP Request: HEAD https://s3.amazonaws.com/datasets.huggingface.co/datasets/datasets/json/json.py "HTTP/1.1 200 OK"
[titan] 2026-09-23 08:15:11,590 - torchtitan.protocols.state_dict_adapter - WARNING - model.safetensors.index.json not found at hf_assets_path: ./tests/assets/tokenizer/model.safetensors.index.json.                     Defaulting to saving a single safetensors file if checkpoint is saved in HF format
[titan] 2026-09-23 08:15:11,593 - torchtitan.models.utils - INFO - Total parameter count: 25,776,880, active parameters: 17,236,208
[titan] 2026-09-23 08:15:11,617 - torchtitan.protocols.state_dict_adapter - WARNING - model.safetensors.index.json not found at hf_assets_path: ./tests/assets/tokenizer/model.safetensors.index.json.                     Defaulting to saving a single safetensors file if checkpoint is saved in HF format
[titan] 2026-09-23 08:15:11,620 - torchtitan.models.utils - INFO - Total parameter count: 25,776,880, active parameters: 17,236,208
[rank1]:W0923 08:15:11.647000 11572 torch/_logging/_internal.py:1407] Pipeline parallelism is using an eager NCCL communicator. Consider creating its process group with backend="nccl-lazy" so peer communicators are initialized lazily and traffic to different peers can overlap.
[titan] 2026-09-23 08:15:11,648 - torchtitan.distributed.pipeline_parallel - INFO - PP rank 1 is building stage_idx 1 with modules ['layers.2', 'layers.3', 'layers.4']
[rank0]:W0923 08:15:11.676000 11571 torch/_logging/_internal.py:1407] Pipeline parallelism is using an eager NCCL communicator. Consider creating its process group with backend="nccl-lazy" so peer communicators are initialized lazily and traffic to different peers can overlap.
[titan] 2026-09-23 08:15:11,676 - torchtitan.distributed.pipeline_parallel - INFO - PP rank 0 is building stage_idx 0 with modules ['vision_encoder', 'tok_embeddings', 'layers.0', 'layers.1']
[titan] 2026-09-23 08:15:11,703 - torchtitan.distributed.pipeline_parallel - INFO - PP rank 1 is building stage_idx 3 with modules ['layers.8', 'layers.9']
[titan] 2026-09-23 08:15:11,730 - torchtitan.distributed.pipeline_parallel - INFO - PP rank 0 is building stage_idx 2 with modules ['layers.5', 'layers.6', 'layers.7']
[titan] 2026-09-23 08:15:11,755 - torchtitan.distributed.pipeline_parallel - INFO - PP rank 1 is building stage_idx 5 with modules ['layers.12', 'layers.13']
[titan] 2026-09-23 08:15:11,782 - torchtitan.distributed.pipeline_parallel - INFO - PP rank 0 is building stage_idx 4 with modules ['layers.10', 'layers.11']
[titan] 2026-09-23 08:15:11,806 - torchtitan.distributed.pipeline_parallel - INFO - PP rank 1 is building stage_idx 7 with modules ['layers.16', 'norm', 'lm_head', 'output_res_proj', 'output_res_norm']
[titan] 2026-09-23 08:15:11,819 - torchtitan.distributed.activation_checkpoint - INFO - Applied SelectiveAC activation checkpointing to the model
[titan] 2026-09-23 08:15:11,834 - torchtitan.distributed.pipeline_parallel - INFO - PP rank 0 is building stage_idx 6 with modules ['layers.14', 'layers.15']
[titan] 2026-09-23 08:15:11,846 - torchtitan.distributed.activation_checkpoint - INFO - Applied SelectiveAC activation checkpointing to the model
[titan] 2026-09-23 08:15:11,847 - torchtitan.distributed.activation_checkpoint - INFO - Applied SelectiveAC activation checkpointing to the model
[titan] 2026-09-23 08:15:11,860 - torchtitan.distributed.fsdp - INFO - Applied FSDP to the model
[titan] 2026-09-23 08:15:11,866 - torchtitan.distributed.activation_checkpoint - INFO - Applied SelectiveAC activation checkpointing to the model
[titan] 2026-09-23 08:15:11,873 - torchtitan.distributed.fsdp - INFO - Applied FSDP to the model
[titan] 2026-09-23 08:15:11,878 - torchtitan.distributed.activation_checkpoint - INFO - Applied SelectiveAC activation checkpointing to the model
[titan] 2026-09-23 08:15:11,885 - torchtitan.distributed.fsdp - INFO - Applied FSDP to the model
[titan] 2026-09-23 08:15:11,888 - torchtitan.distributed.activation_checkpoint - INFO - Applied SelectiveAC activation checkpointing to the model
[titan] 2026-09-23 08:15:11,891 - torchtitan.distributed.fsdp - INFO - Applied FSDP to the model
[titan] 2026-09-23 08:15:11,893 - torchtitan.distributed.fsdp - INFO - Applied FSDP to the model
[titan] 2026-09-23 08:15:11,893 - torchtitan.distributed.pipeline_parallel - WARNING - Number of microbatches (4) is less than the total number of stages (8) which may result in a bubble in the pipeline.
[titan] 2026-09-23 08:15:11,894 - torchtitan.distributed.pipeline_parallel - INFO - Using pipeline schedule Interleaved1F1B with 4 microbatches and 8 stages.
[titan] 2026-09-23 08:15:11,894 - torchtitan.models.kimi_k3.pipeline_parallel - INFO - Kimi K3 pipeline: 4 stage(s) on this rank [1, 3, 5, 7], block transport delta with rank store
[titan] 2026-09-23 08:15:11,898 - torchtitan.distributed.activation_checkpoint - INFO - Applied SelectiveAC activation checkpointing to the model
[titan] 2026-09-23 08:15:11,914 - torchtitan.distributed.fsdp - INFO - Applied FSDP to the model
[titan] 2026-09-23 08:15:11,919 - torchtitan.distributed.activation_checkpoint - INFO - Applied SelectiveAC activation checkpointing to the model
[titan] 2026-09-23 08:15:11,925 - torchtitan.distributed.fsdp - INFO - Applied FSDP to the model
[titan] 2026-09-23 08:15:11,930 - torchtitan.distributed.activation_checkpoint - INFO - Applied SelectiveAC activation checkpointing to the model
[titan] 2026-09-23 08:15:11,936 - torchtitan.distributed.fsdp - INFO - Applied FSDP to the model
[titan] 2026-09-23 08:15:11,936 - torchtitan.distributed.pipeline_parallel - WARNING - Number of microbatches (4) is less than the total number of stages (8) which may result in a bubble in the pipeline.
[titan] 2026-09-23 08:15:11,937 - torchtitan.distributed.pipeline_parallel - INFO - Using pipeline schedule Interleaved1F1B with 4 microbatches and 8 stages.
[titan] 2026-09-23 08:15:11,937 - torchtitan.models.kimi_k3.pipeline_parallel - INFO - Kimi K3 pipeline: 4 stage(s) on this rank [0, 2, 4, 6], block transport delta with rank store
[rank1]:W0923 08:15:12.244000 11572 torch/distributed/tensor/_random.py:215] DTensor is synchronizing RNG states of every rank with the state from rank 0. This behavior is deprecated. Please call `torch.manual_seed()` on every rank that participates in SPMD DTensor Operations with the same seed. If using Pipeline Parallelism, each pipeline state would use a different seed, but all ranks belonging to one pipeline stage would use the same seed.
[titan] 2026-09-23 08:15:12,465 - torchtitan.training_engine - INFO - Model KimiK3Model.Config size: 25,776,880 total parameters
[titan] 2026-09-23 08:15:12,466 - torchtitan.components.optimizer.optimizer - INFO - Optimizer AdamW (model_part=0): 81 params [.*] {'fused': True, 'foreach': False, 'lr': 0.0008, 'betas': (0.9, 0.95), 'eps': 1e-08, 'weight_decay': 0.1}
[titan] 2026-09-23 08:15:12,466 - torchtitan.components.optimizer.optimizer - INFO - Optimizer AdamW (model_part=1): 58 params [.*] {'fused': True, 'foreach': False, 'lr': 0.0008, 'betas': (0.9, 0.95), 'eps': 1e-08, 'weight_decay': 0.1}
[titan] 2026-09-23 08:15:12,467 - torchtitan.components.optimizer.optimizer - INFO - Optimizer AdamW (model_part=2): 58 params [.*] {'fused': True, 'foreach': False, 'lr': 0.0008, 'betas': (0.9, 0.95), 'eps': 1e-08, 'weight_decay': 0.1}
[titan] 2026-09-23 08:15:12,467 - torchtitan.components.optimizer.optimizer - INFO - Optimizer AdamW (model_part=3): 27 params [.*] {'fused': True, 'foreach': False, 'lr': 0.0008, 'betas': (0.9, 0.95), 'eps': 1e-08, 'weight_decay': 0.1}
[titan] 2026-09-23 08:15:12,468 - torchtitan.components.checkpointer.base - WARNING - initial_load_model_only=True has no effect without an initial_load_path.
[titan] 2026-09-23 08:15:12,471 - torchtitan.components.checkpointer.dcp - INFO - Checkpointing active. Checkpoints will be loaded from and saved to /home/ubuntu/results/pp_r4/pp2vp4c/checkpoint
[titan] 2026-09-23 08:15:12,471 - torchtitan.observability.metrics - WARNING - [31mPipeline Parallel loss is not visible. Please add [33mrank 1[31m to LOG_RANK environment variable in run_train.sh.[39m
[titan] 2026-09-23 08:15:12,471 - torchtitan.trainer - INFO - Peak FLOPS used for computing MFU: 9.890e+14
[titan] 2026-09-23 08:15:12,471 - torchtitan.trainer - INFO - CUDA memory usage for model: 0.03GiB(0.03%)
[titan] 2026-09-23 08:15:12,471 - torchtitan.trainer - INFO - Trainer is initialized with 1024 tokens per DP rank, 1024 tokens per train step, gradient accumulation steps 1, maximum context length 2048, total steps 100 (warmup 2)
[titan] 2026-09-23 08:15:12,471 - torchtitan.components.checkpointer.base - INFO - Loading the checkpoint from /home/ubuntu/results/pp_r4/pp2vp4c/checkpoint/step-0.
[titan] 2026-09-23 08:15:12,539 - torchtitan.training_engine - INFO - Model KimiK3Model.Config size: 25,776,880 total parameters
[titan] 2026-09-23 08:15:12,540 - torchtitan.components.optimizer.optimizer - INFO - Optimizer AdamW (model_part=0): 72 params [.*] {'fused': True, 'foreach': False, 'lr': 0.0008, 'betas': (0.9, 0.95), 'eps': 1e-08, 'weight_decay': 0.1}
[titan] 2026-09-23 08:15:12,540 - torchtitan.components.optimizer.optimizer - INFO - Optimizer AdamW (model_part=1): 81 params [.*] {'fused': True, 'foreach': False, 'lr': 0.0008, 'betas': (0.9, 0.95), 'eps': 1e-08, 'weight_decay': 0.1}
[titan] 2026-09-23 08:15:12,540 - torchtitan.components.optimizer.optimizer - INFO - Optimizer AdamW (model_part=2): 52 params [.*] {'fused': True, 'foreach': False, 'lr': 0.0008, 'betas': (0.9, 0.95), 'eps': 1e-08, 'weight_decay': 0.1}
[titan] 2026-09-23 08:15:12,541 - torchtitan.components.optimizer.optimizer - INFO - Optimizer AdamW (model_part=3): 52 params [.*] {'fused': True, 'foreach': False, 'lr': 0.0008, 'betas': (0.9, 0.95), 'eps': 1e-08, 'weight_decay': 0.1}
[titan] 2026-09-23 08:15:12,542 - torchtitan.components.checkpointer.base - WARNING - initial_load_model_only=True has no effect without an initial_load_path.
[titan] 2026-09-23 08:15:12,545 - torchtitan.components.checkpointer.dcp - INFO - Checkpointing active. Checkpoints will be loaded from and saved to /home/ubuntu/results/pp_r4/pp2vp4c/checkpoint
[titan] 2026-09-23 08:15:12,546 - torchtitan.observability.metrics - WARNING - [31mPipeline Parallel loss is not visible. Please add [33mrank 1[31m to LOG_RANK environment variable in run_train.sh.[39m
[titan] 2026-09-23 08:15:12,546 - torchtitan.trainer - INFO - Peak FLOPS used for computing MFU: 9.890e+14
[titan] 2026-09-23 08:15:12,546 - torchtitan.trainer - INFO - CUDA memory usage for model: 0.05GiB(0.06%)
[titan] 2026-09-23 08:15:12,546 - torchtitan.trainer - INFO - Trainer is initialized with 1024 tokens per DP rank, 1024 tokens per train step, gradient accumulation steps 1, maximum context length 2048, total steps 100 (warmup 2)
[titan] 2026-09-23 08:15:12,546 - torchtitan.components.checkpointer.base - INFO - Loading the checkpoint from /home/ubuntu/results/pp_r4/pp2vp4c/checkpoint/step-0.
[titan] 2026-09-23 08:15:13,004 - torchtitan.tools.utils - INFO - [GC] GC collection for checkpoint loading. took 0.01 seconds
[titan] 2026-09-23 08:15:13,004 - torchtitan.components.checkpointer.base - INFO - Finished loading the checkpoint in 0.53 seconds.
[titan] 2026-09-23 08:15:13,004 - torchtitan.trainer - INFO - Training starts at step 1
[titan] 2026-09-23 08:15:13,013 - torchtitan.tools.utils - INFO - [GC] GC collection for checkpoint loading. took 0.02 seconds
[titan] 2026-09-23 08:15:13,013 - torchtitan.components.checkpointer.base - INFO - Finished loading the checkpoint in 0.47 seconds.
[titan] 2026-09-23 08:15:13,013 - torchtitan.trainer - INFO - Training starts at step 1
/home/ubuntu/venv_k3/lib/python3.12/site-packages/torch/distributed/fsdp/_fully_shard/_fsdp_state.py:336: UserWarning: FSDP2-wrapped module (FSDPCheckpointWrapper) returned a view tensor. An in-place op on this view (e.g., `x += y`) will silently drop the pre-backward hook and skip the all-gather, which can cause backward to fail or produce wrong gradients. Use out-of-place ops (`out = out + y`, not `out += y`) or `.clone()` the output before any in-place op.
  output = self._register_pre_backward_hook(output)
/home/ubuntu/venv_k3/lib/python3.12/site-packages/torch/distributed/fsdp/_fully_shard/_fsdp_state.py:336: UserWarning: FSDP2-wrapped module (FSDPKimiK3Model) returned a view tensor. An in-place op on this view (e.g., `x += y`) will silently drop the pre-backward hook and skip the all-gather, which can cause backward to fail or produce wrong gradients. Use out-of-place ops (`out = out + y`, not `out += y`) or `.clone()` the output before any in-place op.
  output = self._register_pre_backward_hook(output)
/home/ubuntu/venv_k3/lib/python3.12/site-packages/torch/distributed/fsdp/_fully_shard/_fsdp_state.py:336: UserWarning: FSDP2-wrapped module (FSDPCheckpointWrapper) returned a view tensor. An in-place op on this view (e.g., `x += y`) will silently drop the pre-backward hook and skip the all-gather, which can cause backward to fail or produce wrong gradients. Use out-of-place ops (`out = out + y`, not `out += y`) or `.clone()` the output before any in-place op.
  output = self._register_pre_backward_hook(output)
/home/ubuntu/venv_k3/lib/python3.12/site-packages/torch/distributed/fsdp/_fully_shard/_fsdp_state.py:336: UserWarning: FSDP2-wrapped module (FSDPCheckpointWrapper) returned a view tensor. An in-place op on this view (e.g., `x += y`) will silently drop the pre-backward hook and skip the all-gather, which can cause backward to fail or produce wrong gradients. Use out-of-place ops (`out = out + y`, not `out += y`) or `.clone()` the output before any in-place op.
  output = self._register_pre_backward_hook(output)
/home/ubuntu/venv_k3/lib/python3.12/site-packages/torch/distributed/fsdp/_fully_shard/_fsdp_state.py:336: UserWarning: FSDP2-wrapped module (FSDPCheckpointWrapper) returned a view tensor. An in-place op on this view (e.g., `x += y`) will silently drop the pre-backward hook and skip the all-gather, which can cause backward to fail or produce wrong gradients. Use out-of-place ops (`out = out + y`, not `out += y`) or `.clone()` the output before any in-place op.
  output = self._register_pre_backward_hook(output)
/home/ubuntu/venv_k3/lib/python3.12/site-packages/torch/distributed/fsdp/_fully_shard/_fsdp_state.py:336: UserWarning: FSDP2-wrapped module (FSDPKimiK3Model) returned a view tensor. An in-place op on this view (e.g., `x += y`) will silently drop the pre-backward hook and skip the all-gather, which can cause backward to fail or produce wrong gradients. Use out-of-place ops (`out = out + y`, not `out += y`) or `.clone()` the output before any in-place op.
  output = self._register_pre_backward_hook(output)
/home/ubuntu/venv_k3/lib/python3.12/site-packages/torch/distributed/fsdp/_fully_shard/_fsdp_state.py:336: UserWarning: FSDP2-wrapped module (FSDPKimiK3Model) returned a view tensor. An in-place op on this view (e.g., `x += y`) will silently drop the pre-backward hook and skip the all-gather, which can cause backward to fail or produce wrong gradients. Use out-of-place ops (`out = out + y`, not `out += y`) or `.clone()` the output before any in-place op.
  output = self._register_pre_backward_hook(output)
[titan] 2026-09-23 08:15:19,109 - torchtitan.observability.metrics - INFO - [31mstep:  1  [32mloss:  8.00352  [38;2;180;60;0mgrad_norm:  2.2337  [38;2;54;234;195mmemory:  0.28GiB(0.35%)  [34mtps: 61  [36mtflops: 0.01  [35mmfu: 0.00%[39m
[titan] 2026-09-23 08:15:19,110 - torchtitan.distributed.utils - INFO - Synchronizing and adjusting timeout for all ProcessGroups to 0:01:40
[titan] 2026-09-23 08:15:19,160 - torchtitan.observability.metrics - INFO - [31mstep:  1  [32mloss: -1.00000  [38;2;180;60;0mgrad_norm:  2.2337  [38;2;54;234;195mmemory:  0.27GiB(0.35%)  [34mtps: 61  [36mtflops: 0.01  [35mmfu: 0.00%[39m
[titan] 2026-09-23 08:15:19,160 - torchtitan.distributed.utils - INFO - Synchronizing and adjusting timeout for all ProcessGroups to 0:01:40
[titan] 2026-09-23 08:15:19,970 - torchtitan.observability.metrics - INFO - [31mstep:  2  [32mloss:  7.22664  [38;2;180;60;0mgrad_norm:  5.6793  [38;2;54;234;195mmemory:  0.31GiB(0.40%)  [34mtps: 595  [36mtflops: 0.09  [35mmfu: 0.01%[39m
[titan] 2026-09-23 08:15:19,975 - torchtitan.observability.metrics - INFO - [31mstep:  2  [32mloss: -1.00000  [38;2;180;60;0mgrad_norm:  5.6793  [38;2;54;234;195mmemory:  0.32GiB(0.40%)  [34mtps: 628  [36mtflops: 0.10  [35mmfu: 0.01%[39m
[titan] 2026-09-23 08:15:20,778 - torchtitan.observability.metrics - INFO - [31mstep:  3  [32mloss:  6.04619  [38;2;180;60;0mgrad_norm:  4.0089  [38;2;54;234;195mmemory:  0.31GiB(0.40%)  [34mtps: 634  [36mtflops: 0.10  [35mmfu: 0.01%[39m
[titan] 2026-09-23 08:15:20,782 - torchtitan.observability.metrics - INFO - [31mstep:  3  [32mloss: -1.00000  [38;2;180;60;0mgrad_norm:  4.0089  [38;2;54;234;195mmemory:  0.32GiB(0.40%)  [34mtps: 634  [36mtflops: 0.10  [35mmfu: 0.01%[39m
[titan] 2026-09-23 08:15:21,587 - torchtitan.observability.metrics - INFO - [31mstep:  4  [32mloss:  5.23856  [38;2;180;60;0mgrad_norm:  3.1488  [38;2;54;234;195mmemory:  0.31GiB(0.40%)  [34mtps: 633  [36mtflops: 0.10  [35mmfu: 0.01%[39m
[titan] 2026-09-23 08:15:21,592 - torchtitan.observability.metrics - INFO - [31mstep:  4  [32mloss: -1.00000  [38;2;180;60;0mgrad_norm:  3.1488  [38;2;54;234;195mmemory:  0.32GiB(0.40%)  [34mtps: 633  [36mtflops: 0.10  [35mmfu: 0.01%[39m
[titan] 2026-09-23 08:15:22,395 - torchtitan.observability.metrics - INFO - [31mstep:  5  [32mloss:  4.65515  [38;2;180;60;0mgrad_norm:  2.8977  [38;2;54;234;195mmemory:  0.31GiB(0.40%)  [34mtps: 633  [36mtflops: 0.10  [35mmfu: 0.01%[39m
[titan] 2026-09-23 08:15:22,401 - torchtitan.observability.metrics - INFO - [31mstep:  5  [32mloss: -1.00000  [38;2;180;60;0mgrad_norm:  2.8977  [38;2;54;234;195mmemory:  0.32GiB(0.40%)  [34mtps: 633  [36mtflops: 0.10  [35mmfu: 0.01%[39m
[titan] 2026-09-23 08:15:23,202 - torchtitan.observability.metrics - INFO - [31mstep:  6  [32mloss:  4.36092  [38;2;180;60;0mgrad_norm:  2.3948  [38;2;54;234;195mmemory:  0.31GiB(0.40%)  [34mtps: 635  [36mtflops: 0.10  [35mmfu: 0.01%[39m
[titan] 2026-09-23 08:15:23,207 - torchtitan.observability.metrics - INFO - [31mstep:  6  [32mloss: -1.00000  [38;2;180;60;0mgrad_norm:  2.3948  [38;2;54;234;195mmemory:  0.32GiB(0.40%)  [34mtps: 635  [36mtflops: 0.10  [35mmfu: 0.01%[39m
[titan] 2026-09-23 08:15:24,008 - torchtitan.observability.metrics - INFO - [31mstep:  7  [32mloss:  4.16122  [38;2;180;60;0mgrad_norm:  2.1514  [38;2;54;234;195mmemory:  0.31GiB(0.40%)  [34mtps: 636  [36mtflops: 0.10  [35mmfu: 0.01%[39m
[titan] 2026-09-23 08:15:24,013 - torchtitan.observability.metrics - INFO - [31mstep:  7  [32mloss: -1.00000  [38;2;180;60;0mgrad_norm:  2.1514  [38;2;54;234;195mmemory:  0.32GiB(0.40%)  [34mtps: 636  [36mtflops: 0.10  [35mmfu: 0.01%[39m
[titan] 2026-09-23 08:15:24,819 - torchtitan.observability.metrics - INFO - [31mstep:  8  [32mloss:  3.78136  [38;2;180;60;0mgrad_norm:  1.8091  [38;2;54;234;195mmemory:  0.31GiB(0.40%)  [34mtps: 631  [36mtflops: 0.10  [35mmfu: 0.01%[39m
[titan] 2026-09-23 08:15:24,824 - torchtitan.observability.metrics - INFO - [31mstep:  8  [32mloss: -1.00000  [38;2;180;60;0mgrad_norm:  1.8091  [38;2;54;234;195mmemory:  0.32GiB(0.40%)  [34mtps: 631  [36mtflops: 0.10  [35mmfu: 0.01%[39m
[titan] 2026-09-23 08:15:25,626 - torchtitan.observability.metrics - INFO - [31mstep:  9  [32mloss:  3.86097  [38;2;180;60;0mgrad_norm:  1.7979  [38;2;54;234;195mmemory:  0.31GiB(0.40%)  [34mtps: 634  [36mtflops: 0.10  [35mmfu: 0.01%[39m
[titan] 2026-09-23 08:15:25,631 - torchtitan.observability.metrics - INFO - [31mstep:  9  [32mloss: -1.00000  [38;2;180;60;0mgrad_norm:  1.7979  [38;2;54;234;195mmemory:  0.32GiB(0.40%)  [34mtps: 634  [36mtflops: 0.10  [35mmfu: 0.01%[39m
[titan] 2026-09-23 08:15:26,438 - torchtitan.observability.metrics - INFO - [31mstep: 10  [32mloss:  3.48435  [38;2;180;60;0mgrad_norm:  1.3920  [38;2;54;234;195mmemory:  0.31GiB(0.40%)  [34mtps: 631  [36mtflops: 0.10  [35mmfu: 0.01%[39m
[titan] 2026-09-23 08:15:26,443 - torchtitan.observability.metrics - INFO - [31mstep: 10  [32mloss: -1.00000  [38;2;180;60;0mgrad_norm:  1.3920  [38;2;54;234;195mmemory:  0.32GiB(0.40%)  [34mtps: 631  [36mtflops: 0.10  [35mmfu: 0.01%[39m
[titan] 2026-09-23 08:15:27,250 - torchtitan.observability.metrics - INFO - [31mstep: 11  [32mloss:  3.38284  [38;2;180;60;0mgrad_norm:  1.3624  [38;2;54;234;195mmemory:  0.31GiB(0.40%)  [34mtps: 631  [36mtflops: 0.10  [35mmfu: 0.01%[39m
[titan] 2026-09-23 08:15:27,255 - torchtitan.observability.metrics - INFO - [31mstep: 11  [32mloss: -1.00000  [38;2;180;60;0mgrad_norm:  1.3624  [38;2;54;234;195mmemory:  0.32GiB(0.40%)  [34mtps: 631  [36mtflops: 0.10  [35mmfu: 0.01%[39m
[titan] 2026-09-23 08:15:28,061 - torchtitan.observability.metrics - INFO - [31mstep: 12  [32mloss:  3.66853  [38;2;180;60;0mgrad_norm:  1.1298  [38;2;54;234;195mmemory:  0.31GiB(0.40%)  [34mtps: 631  [36mtflops: 0.10  [35mmfu: 0.01%[39m
[titan] 2026-09-23 08:15:28,066 - torchtitan.observability.metrics - INFO - [31mstep: 12  [32mloss: -1.00000  [38;2;180;60;0mgrad_norm:  1.1298  [38;2;54;234;195mmemory:  0.32GiB(0.40%)  [34mtps: 631  [36mtflops: 0.10  [35mmfu: 0.01%[39m
[titan] 2026-09-23 08:15:28,872 - torchtitan.observability.metrics - INFO - [31mstep: 13  [32mloss:  3.20281  [38;2;180;60;0mgrad_norm:  1.2059  [38;2;54;234;195mmemory:  0.31GiB(0.40%)  [34mtps: 632  [36mtflops: 0.10  [35mmfu: 0.01%[39m
[titan] 2026-09-23 08:15:28,877 - torchtitan.observability.metrics - INFO - [31mstep: 13  [32mloss: -1.00000  [38;2;180;60;0mgrad_norm:  1.2059  [38;2;54;234;195mmemory:  0.32GiB(0.40%)  [34mtps: 632  [36mtflops: 0.10  [35mmfu: 0.01%[39m
[titan] 2026-09-23 08:15:29,682 - torchtitan.observability.metrics - INFO - [31mstep: 14  [32mloss:  3.44767  [38;2;180;60;0mgrad_norm:  1.1891  [38;2;54;234;195mmemory:  0.31GiB(0.40%)  [34mtps: 632  [36mtflops: 0.10  [35mmfu: 0.01%[39m
[titan] 2026-09-23 08:15:29,687 - torchtitan.observability.metrics - INFO - [31mstep: 14  [32mloss: -1.00000  [38;2;180;60;0mgrad_norm:  1.1891  [38;2;54;234;195mmemory:  0.32GiB(0.40%)  [34mtps: 632  [36mtflops: 0.10  [35mmfu: 0.01%[39m
[titan] 2026-09-23 08:15:30,492 - torchtitan.observability.metrics - INFO - [31mstep: 15  [32mloss:  3.12987  [38;2;180;60;0mgrad_norm:  1.2490  [38;2;54;234;195mmemory:  0.31GiB(0.40%)  [34mtps: 632  [36mtflops: 0.10  [35mmfu: 0.01%[39m
[titan] 2026-09-23 08:15:30,497 - torchtitan.observability.metrics - INFO - [31mstep: 15  [32mloss: -1.00000  [38;2;180;60;0mgrad_norm:  1.2490  [38;2;54;234;195mmemory:  0.32GiB(0.40%)  [34mtps: 632  [36mtflops: 0.10  [35mmfu: 0.01%[39m
[titan] 2026-09-23 08:15:31,308 - torchtitan.observability.metrics - INFO - [31mstep: 16  [32mloss:  3.16451  [38;2;180;60;0mgrad_norm:  1.0371  [38;2;54;234;195mmemory:  0.31GiB(0.40%)  [34mtps: 628  [36mtflops: 0.10  [35mmfu: 0.01%[39m
[titan] 2026-09-23 08:15:31,313 - torchtitan.observability.metrics - INFO - [31mstep: 16  [32mloss: -1.00000  [38;2;180;60;0mgrad_norm:  1.0371  [38;2;54;234;195mmemory:  0.32GiB(0.40%)  [34mtps: 628  [36mtflops: 0.10  [35mmfu: 0.01%[39m
[titan] 2026-09-23 08:15:32,122 - torchtitan.observability.metrics - INFO - [31mstep: 17  [32mloss:  2.98470  [38;2;180;60;0mgrad_norm:  0.9659  [38;2;54;234;195mmemory:  0.31GiB(0.40%)  [34mtps: 629  [36mtflops: 0.10  [35mmfu: 0.01%[39m
[titan] 2026-09-23 08:15:32,127 - torchtitan.observability.metrics - INFO - [31mstep: 17  [32mloss: -1.00000  [38;2;180;60;0mgrad_norm:  0.9659  [38;2;54;234;195mmemory:  0.32GiB(0.40%)  [34mtps: 629  [36mtflops: 0.10  [35mmfu: 0.01%[39m
[titan] 2026-09-23 08:15:32,932 - torchtitan.observability.metrics - INFO - [31mstep: 18  [32mloss:  3.08612  [38;2;180;60;0mgrad_norm:  0.8495  [38;2;54;234;195mmemory:  0.31GiB(0.40%)  [34mtps: 632  [36mtflops: 0.10  [35mmfu: 0.01%[39m
[titan] 2026-09-23 08:15:32,937 - torchtitan.observability.metrics - INFO - [31mstep: 18  [32mloss: -1.00000  [38;2;180;60;0mgrad_norm:  0.8495  [38;2;54;234;195mmemory:  0.32GiB(0.40%)  [34mtps: 632  [36mtflops: 0.10  [35mmfu: 0.01%[39m
[titan] 2026-09-23 08:15:33,749 - torchtitan.observability.metrics - INFO - [31mstep: 19  [32mloss:  2.74999  [38;2;180;60;0mgrad_norm:  0.9579  [38;2;54;234;195mmemory:  0.31GiB(0.40%)  [34mtps: 627  [36mtflops: 0.10  [35mmfu: 0.01%[39m
[titan] 2026-09-23 08:15:33,754 - torchtitan.observability.metrics - INFO - [31mstep: 19  [32mloss: -1.00000  [38;2;180;60;0mgrad_norm:  0.9579  [38;2;54;234;195mmemory:  0.32GiB(0.40%)  [34mtps: 627  [36mtflops: 0.10  [35mmfu: 0.01%[39m
[titan] 2026-09-23 08:15:34,565 - torchtitan.observability.metrics - INFO - [31mstep: 20  [32mloss:  2.93498  [38;2;180;60;0mgrad_norm:  0.9638  [38;2;54;234;195mmemory:  0.31GiB(0.40%)  [34mtps: 628  [36mtflops: 0.10  [35mmfu: 0.01%[39m
[titan] 2026-09-23 08:15:34,570 - torchtitan.observability.metrics - INFO - [31mstep: 20  [32mloss: -1.00000  [38;2;180;60;0mgrad_norm:  0.9638  [38;2;54;234;195mmemory:  0.32GiB(0.40%)  [34mtps: 628  [36mtflops: 0.10  [35mmfu: 0.01%[39m
[titan] 2026-09-23 08:15:35,380 - torchtitan.observability.metrics - INFO - [31mstep: 21  [32mloss:  3.06930  [38;2;180;60;0mgrad_norm:  0.8374  [38;2;54;234;195mmemory:  0.31GiB(0.40%)  [34mtps: 628  [36mtflops: 0.10  [35mmfu: 0.01%[39m
[titan] 2026-09-23 08:15:35,385 - torchtitan.observability.metrics - INFO - [31mstep: 21  [32mloss: -1.00000  [38;2;180;60;0mgrad_norm:  0.8374  [38;2;54;234;195mmemory:  0.32GiB(0.40%)  [34mtps: 628  [36mtflops: 0.10  [35mmfu: 0.01%[39m
[titan] 2026-09-23 08:15:36,197 - torchtitan.observability.metrics - INFO - [31mstep: 22  [32mloss:  2.86359  [38;2;180;60;0mgrad_norm:  0.9969  [38;2;54;234;195mmemory:  0.31GiB(0.40%)  [34mtps: 627  [36mtflops: 0.10  [35mmfu: 0.01%[39m
[titan] 2026-09-23 08:15:36,202 - torchtitan.observability.metrics - INFO - [31mstep: 22  [32mloss: -1.00000  [38;2;180;60;0mgrad_norm:  0.9969  [38;2;54;234;195mmemory:  0.32GiB(0.40%)  [34mtps: 627  [36mtflops: 0.10  [35mmfu: 0.01%[39m
[titan] 2026-09-23 08:15:37,008 - torchtitan.observability.metrics - INFO - [31mstep: 23  [32mloss:  2.66560  [38;2;180;60;0mgrad_norm:  0.7229  [38;2;54;234;195mmemory:  0.31GiB(0.40%)  [34mtps: 632  [36mtflops: 0.10  [35mmfu: 0.01%[39m
[titan] 2026-09-23 08:15:37,013 - torchtitan.observability.metrics - INFO - [31mstep: 23  [32mloss: -1.00000  [38;2;180;60;0mgrad_norm:  0.7229  [38;2;54;234;195mmemory:  0.32GiB(0.40%)  [34mtps: 632  [36mtflops: 0.10  [35mmfu: 0.01%[39m
[titan] 2026-09-23 08:15:37,822 - torchtitan.observability.metrics - INFO - [31mstep: 24  [32mloss:  2.90622  [38;2;180;60;0mgrad_norm:  1.0799  [38;2;54;234;195mmemory:  0.31GiB(0.40%)  [34mtps: 629  [36mtflops: 0.10  [35mmfu: 0.01%[39m
[titan] 2026-09-23 08:15:37,827 - torchtitan.observability.metrics - INFO - [31mstep: 24  [32mloss: -1.00000  [38;2;180;60;0mgrad_norm:  1.0799  [38;2;54;234;195mmemory:  0.32GiB(0.40%)  [34mtps: 629  [36mtflops: 0.10  [35mmfu: 0.01%[39m
[titan] 2026-09-23 08:15:38,631 - torchtitan.observability.metrics - INFO - [31mstep: 25  [32mloss:  3.14357  [38;2;180;60;0mgrad_norm:  0.9621  [38;2;54;234;195mmemory:  0.31GiB(0.40%)  [34mtps: 633  [36mtflops: 0.10  [35mmfu: 0.01%[39m
[titan] 2026-09-23 08:15:38,636 - torchtitan.observability.metrics - INFO - [31mstep: 25  [32mloss: -1.00000  [38;2;180;60;0mgrad_norm:  0.9621  [38;2;54;234;195mmemory:  0.32GiB(0.40%)  [34mtps: 633  [36mtflops: 0.10  [35mmfu: 0.01%[39m
[titan] 2026-09-23 08:15:39,443 - torchtitan.observability.metrics - INFO - [31mstep: 26  [32mloss:  2.70377  [38;2;180;60;0mgrad_norm:  1.1863  [38;2;54;234;195mmemory:  0.31GiB(0.40%)  [34mtps: 630  [36mtflops: 0.10  [35mmfu: 0.01%[39m
[titan] 2026-09-23 08:15:39,448 - torchtitan.observability.metrics - INFO - [31mstep: 26  [32mloss: -1.00000  [38;2;180;60;0mgrad_norm:  1.1863  [38;2;54;234;195mmemory:  0.32GiB(0.40%)  [34mtps: 630  [36mtflops: 0.10  [35mmfu: 0.01%[39m
[titan] 2026-09-23 08:15:40,256 - torchtitan.observability.metrics - INFO - [31mstep: 27  [32mloss:  2.83082  [38;2;180;60;0mgrad_norm:  0.9928  [38;2;54;234;195mmemory:  0.31GiB(0.40%)  [34mtps: 630  [36mtflops: 0.10  [35mmfu: 0.01%[39m
[titan] 2026-09-23 08:15:40,261 - torchtitan.observability.metrics - INFO - [31mstep: 27  [32mloss: -1.00000  [38;2;180;60;0mgrad_norm:  0.9928  [38;2;54;234;195mmemory:  0.32GiB(0.40%)  [34mtps: 630  [36mtflops: 0.10  [35mmfu: 0.01%[39m
[titan] 2026-09-23 08:15:41,068 - torchtitan.observability.metrics - INFO - [31mstep: 28  [32mloss:  2.94734  [38;2;180;60;0mgrad_norm:  1.0170  [38;2;54;234;195mmemory:  0.31GiB(0.40%)  [34mtps: 630  [36mtflops: 0.10  [35mmfu: 0.01%[39m
[titan] 2026-09-23 08:15:41,073 - torchtitan.observability.metrics - INFO - [31mstep: 28  [32mloss: -1.00000  [38;2;180;60;0mgrad_norm:  1.0170  [38;2;54;234;195mmemory:  0.32GiB(0.40%)  [34mtps: 630  [36mtflops: 0.10  [35mmfu: 0.01%[39m
[titan] 2026-09-23 08:15:41,884 - torchtitan.observability.metrics - INFO - [31mstep: 29  [32mloss:  2.63191  [38;2;180;60;0mgrad_norm:  0.9568  [38;2;54;234;195mmemory:  0.31GiB(0.40%)  [34mtps: 628  [36mtflops: 0.10  [35mmfu: 0.01%[39m
[titan] 2026-09-23 08:15:41,889 - torchtitan.observability.metrics - INFO - [31mstep: 29  [32mloss: -1.00000  [38;2;180;60;0mgrad_norm:  0.9568  [38;2;54;234;195mmemory:  0.32GiB(0.40%)  [34mtps: 628  [36mtflops: 0.10  [35mmfu: 0.01%[39m
[titan] 2026-09-23 08:15:42,698 - torchtitan.observability.metrics - INFO - [31mstep: 30  [32mloss:  2.95610  [38;2;180;60;0mgrad_norm:  0.9711  [38;2;54;234;195mmemory:  0.31GiB(0.40%)  [34mtps: 629  [36mtflops: 0.10  [35mmfu: 0.01%[39m
[titan] 2026-09-23 08:15:42,703 - torchtitan.observability.metrics - INFO - [31mstep: 30  [32mloss: -1.00000  [38;2;180;60;0mgrad_norm:  0.9711  [38;2;54;234;195mmemory:  0.32GiB(0.40%)  [34mtps: 629  [36mtflops: 0.10  [35mmfu: 0.01%[39m
[titan] 2026-09-23 08:15:43,508 - torchtitan.observability.metrics - INFO - [31mstep: 31  [32mloss:  2.75288  [38;2;180;60;0mgrad_norm:  0.9467  [38;2;54;234;195mmemory:  0.31GiB(0.40%)  [34mtps: 632  [36mtflops: 0.10  [35mmfu: 0.01%[39m
[titan] 2026-09-23 08:15:43,513 - torchtitan.observability.metrics - INFO - [31mstep: 31  [32mloss: -1.00000  [38;2;180;60;0mgrad_norm:  0.9467  [38;2;54;234;195mmemory:  0.32GiB(0.40%)  [34mtps: 632  [36mtflops: 0.10  [35mmfu: 0.01%[39m
[titan] 2026-09-23 08:15:44,322 - torchtitan.observability.metrics - INFO - [31mstep: 32  [32mloss:  2.77978  [38;2;180;60;0mgrad_norm:  0.7903  [38;2;54;234;195mmemory:  0.31GiB(0.40%)  [34mtps: 629  [36mtflops: 0.10  [35mmfu: 0.01%[39m
[titan] 2026-09-23 08:15:44,326 - torchtitan.observability.metrics - INFO - [31mstep: 32  [32mloss: -1.00000  [38;2;180;60;0mgrad_norm:  0.7903  [38;2;54;234;195mmemory:  0.32GiB(0.40%)  [34mtps: 629  [36mtflops: 0.10  [35mmfu: 0.01%[39m
[titan] 2026-09-23 08:15:45,134 - torchtitan.observability.metrics - INFO - [31mstep: 33  [32mloss:  2.54638  [38;2;180;60;0mgrad_norm:  0.8440  [38;2;54;234;195mmemory:  0.31GiB(0.40%)  [34mtps: 631  [36mtflops: 0.10  [35mmfu: 0.01%[39m
[titan] 2026-09-23 08:15:45,139 - torchtitan.observability.metrics - INFO - [31mstep: 33  [32mloss: -1.00000  [38;2;180;60;0mgrad_norm:  0.8440  [38;2;54;234;195mmemory:  0.32GiB(0.40%)  [34mtps: 630  [36mtflops: 0.10  [35mmfu: 0.01%[39m
[titan] 2026-09-23 08:15:45,945 - torchtitan.observability.metrics - INFO - [31mstep: 34  [32mloss:  2.54858  [38;2;180;60;0mgrad_norm:  0.9385  [38;2;54;234;195mmemory:  0.31GiB(0.40%)  [34mtps: 631  [36mtflops: 0.10  [35mmfu: 0.01%[39m
[titan] 2026-09-23 08:15:45,950 - torchtitan.observability.metrics - INFO - [31mstep: 34  [32mloss: -1.00000  [38;2;180;60;0mgrad_norm:  0.9385  [38;2;54;234;195mmemory:  0.32GiB(0.40%)  [34mtps: 631  [36mtflops: 0.10  [35mmfu: 0.01%[39m
[titan] 2026-09-23 08:15:46,761 - torchtitan.observability.metrics - INFO - [31mstep: 35  [32mloss:  2.70879  [38;2;180;60;0mgrad_norm:  0.9094  [38;2;54;234;195mmemory:  0.31GiB(0.40%)  [34mtps: 628  [36mtflops: 0.10  [35mmfu: 0.01%[39m
[titan] 2026-09-23 08:15:46,766 - torchtitan.observability.metrics - INFO - [31mstep: 35  [32mloss: -1.00000  [38;2;180;60;0mgrad_norm:  0.9094  [38;2;54;234;195mmemory:  0.32GiB(0.40%)  [34mtps: 628  [36mtflops: 0.10  [35mmfu: 0.01%[39m
[titan] 2026-09-23 08:15:47,573 - torchtitan.observability.metrics - INFO - [31mstep: 36  [32mloss:  2.54016  [38;2;180;60;0mgrad_norm:  0.8034  [38;2;54;234;195mmemory:  0.31GiB(0.40%)  [34mtps: 631  [36mtflops: 0.10  [35mmfu: 0.01%[39m
[titan] 2026-09-23 08:15:47,577 - torchtitan.observability.metrics - INFO - [31mstep: 36  [32mloss: -1.00000  [38;2;180;60;0mgrad_norm:  0.8034  [38;2;54;234;195mmemory:  0.32GiB(0.40%)  [34mtps: 631  [36mtflops: 0.10  [35mmfu: 0.01%[39m
[titan] 2026-09-23 08:15:48,388 - torchtitan.observability.metrics - INFO - [31mstep: 37  [32mloss:  3.01326  [38;2;180;60;0mgrad_norm:  1.2226  [38;2;54;234;195mmemory:  0.31GiB(0.40%)  [34mtps: 628  [36mtflops: 0.10  [35mmfu: 0.01%[39m
[titan] 2026-09-23 08:15:48,393 - torchtitan.observability.metrics - INFO - [31mstep: 37  [32mloss: -1.00000  [38;2;180;60;0mgrad_norm:  1.2226  [38;2;54;234;195mmemory:  0.32GiB(0.40%)  [34mtps: 628  [36mtflops: 0.10  [35mmfu: 0.01%[39m
[titan] 2026-09-23 08:15:49,206 - torchtitan.observability.metrics - INFO - [31mstep: 38  [32mloss:  2.68098  [38;2;180;60;0mgrad_norm:  1.1785  [38;2;54;234;195mmemory:  0.31GiB(0.40%)  [34mtps: 626  [36mtflops: 0.10  [35mmfu: 0.01%[39m
[titan] 2026-09-23 08:15:49,212 - torchtitan.observability.metrics - INFO - [31mstep: 38  [32mloss: -1.00000  [38;2;180;60;0mgrad_norm:  1.1785  [38;2;54;234;195mmemory:  0.32GiB(0.40%)  [34mtps: 626  [36mtflops: 0.10  [35mmfu: 0.01%[39m
[titan] 2026-09-23 08:15:50,018 - torchtitan.observability.metrics - INFO - [31mstep: 39  [32mloss:  2.79229  [38;2;180;60;0mgrad_norm:  0.8726  [38;2;54;234;195mmemory:  0.31GiB(0.40%)  [34mtps: 631  [36mtflops: 0.10  [35mmfu: 0.01%[39m
[titan] 2026-09-23 08:15:50,023 - torchtitan.observability.metrics - INFO - [31mstep: 39  [32mloss: -1.00000  [38;2;180;60;0mgrad_norm:  0.8726  [38;2;54;234;195mmemory:  0.32GiB(0.40%)  [34mtps: 631  [36mtflops: 0.10  [35mmfu: 0.01%[39m
[titan] 2026-09-23 08:15:50,833 - torchtitan.observability.metrics - INFO - [31mstep: 40  [32mloss:  2.65357  [38;2;180;60;0mgrad_norm:  0.9170  [38;2;54;234;195mmemory:  0.31GiB(0.40%)  [34mtps: 628  [36mtflops: 0.10  [35mmfu: 0.01%[39m
[titan] 2026-09-23 08:15:50,839 - torchtitan.observability.metrics - INFO - [31mstep: 40  [32mloss: -1.00000  [38;2;180;60;0mgrad_norm:  0.9170  [38;2;54;234;195mmemory:  0.32GiB(0.40%)  [34mtps: 628  [36mtflops: 0.10  [35mmfu: 0.01%[39m
[titan] 2026-09-23 08:15:51,662 - torchtitan.observability.metrics - INFO - [31mstep: 41  [32mloss:  2.58714  [38;2;180;60;0mgrad_norm:  0.6594  [38;2;54;234;195mmemory:  0.31GiB(0.40%)  [34mtps: 618  [36mtflops: 0.10  [35mmfu: 0.01%[39m
[titan] 2026-09-23 08:15:51,668 - torchtitan.observability.metrics - INFO - [31mstep: 41  [32mloss: -1.00000  [38;2;180;60;0mgrad_norm:  0.6594  [38;2;54;234;195mmemory:  0.32GiB(0.40%)  [34mtps: 617  [36mtflops: 0.10  [35mmfu: 0.01%[39m
[titan] 2026-09-23 08:15:52,476 - torchtitan.observability.metrics - INFO - [31mstep: 42  [32mloss:  2.54087  [38;2;180;60;0mgrad_norm:  0.8258  [38;2;54;234;195mmemory:  0.31GiB(0.40%)  [34mtps: 629  [36mtflops: 0.10  [35mmfu: 0.01%[39m
[titan] 2026-09-23 08:15:52,481 - torchtitan.observability.metrics - INFO - [31mstep: 42  [32mloss: -1.00000  [38;2;180;60;0mgrad_norm:  0.8258  [38;2;54;234;195mmemory:  0.32GiB(0.40%)  [34mtps: 630  [36mtflops: 0.10  [35mmfu: 0.01%[39m
[titan] 2026-09-23 08:15:53,289 - torchtitan.observability.metrics - INFO - [31mstep: 43  [32mloss:  2.71359  [38;2;180;60;0mgrad_norm:  0.8145  [38;2;54;234;195mmemory:  0.31GiB(0.40%)  [34mtps: 630  [36mtflops: 0.10  [35mmfu: 0.01%[39m
[titan] 2026-09-23 08:15:53,294 - torchtitan.observability.metrics - INFO - [31mstep: 43  [32mloss: -1.00000  [38;2;180;60;0mgrad_norm:  0.8145  [38;2;54;234;195mmemory:  0.32GiB(0.40%)  [34mtps: 630  [36mtflops: 0.10  [35mmfu: 0.01%[39m
[titan] 2026-09-23 08:15:54,102 - torchtitan.observability.metrics - INFO - [31mstep: 44  [32mloss:  2.47402  [38;2;180;60;0mgrad_norm:  0.8711  [38;2;54;234;195mmemory:  0.31GiB(0.40%)  [34mtps: 629  [36mtflops: 0.10  [35mmfu: 0.01%[39m
[titan] 2026-09-23 08:15:54,107 - torchtitan.observability.metrics - INFO - [31mstep: 44  [32mloss: -1.00000  [38;2;180;60;0mgrad_norm:  0.8711  [38;2;54;234;195mmemory:  0.32GiB(0.40%)  [34mtps: 629  [36mtflops: 0.10  [35mmfu: 0.01%[39m
[titan] 2026-09-23 08:15:54,922 - torchtitan.observability.metrics - INFO - [31mstep: 45  [32mloss:  2.65777  [38;2;180;60;0mgrad_norm:  0.8556  [38;2;54;234;195mmemory:  0.31GiB(0.40%)  [34mtps: 625  [36mtflops: 0.10  [35mmfu: 0.01%[39m
[titan] 2026-09-23 08:15:54,927 - torchtitan.observability.metrics - INFO - [31mstep: 45  [32mloss: -1.00000  [38;2;180;60;0mgrad_norm:  0.8556  [38;2;54;234;195mmemory:  0.32GiB(0.40%)  [34mtps: 625  [36mtflops: 0.10  [35mmfu: 0.01%[39m
[titan] 2026-09-23 08:15:55,739 - torchtitan.observability.metrics - INFO - [31mstep: 46  [32mloss:  2.60377  [38;2;180;60;0mgrad_norm:  0.8462  [38;2;54;234;195mmemory:  0.31GiB(0.40%)  [34mtps: 626  [36mtflops: 0.10  [35mmfu: 0.01%[39m
[titan] 2026-09-23 08:15:55,744 - torchtitan.observability.metrics - INFO - [31mstep: 46  [32mloss: -1.00000  [38;2;180;60;0mgrad_norm:  0.8462  [38;2;54;234;195mmemory:  0.32GiB(0.40%)  [34mtps: 626  [36mtflops: 0.10  [35mmfu: 0.01%[39m
[titan] 2026-09-23 08:15:56,550 - torchtitan.observability.metrics - INFO - [31mstep: 47  [32mloss:  2.69031  [38;2;180;60;0mgrad_norm:  0.7324  [38;2;54;234;195mmemory:  0.31GiB(0.40%)  [34mtps: 632  [36mtflops: 0.10  [35mmfu: 0.01%[39m
[titan] 2026-09-23 08:15:56,555 - torchtitan.observability.metrics - INFO - [31mstep: 47  [32mloss: -1.00000  [38;2;180;60;0mgrad_norm:  0.7324  [38;2;54;234;195mmemory:  0.32GiB(0.40%)  [34mtps: 632  [36mtflops: 0.10  [35mmfu: 0.01%[39m
[titan] 2026-09-23 08:15:57,366 - torchtitan.observability.metrics - INFO - [31mstep: 48  [32mloss:  2.74400  [38;2;180;60;0mgrad_norm:  0.8560  [38;2;54;234;195mmemory:  0.31GiB(0.40%)  [34mtps: 628  [36mtflops: 0.10  [35mmfu: 0.01%[39m
[titan] 2026-09-23 08:15:57,371 - torchtitan.observability.metrics - INFO - [31mstep: 48  [32mloss: -1.00000  [38;2;180;60;0mgrad_norm:  0.8560  [38;2;54;234;195mmemory:  0.32GiB(0.40%)  [34mtps: 628  [36mtflops: 0.10  [35mmfu: 0.01%[39m
[titan] 2026-09-23 08:15:58,185 - torchtitan.observability.metrics - INFO - [31mstep: 49  [32mloss:  2.66018  [38;2;180;60;0mgrad_norm:  0.9018  [38;2;54;234;195mmemory:  0.31GiB(0.40%)  [34mtps: 625  [36mtflops: 0.10  [35mmfu: 0.01%[39m
[titan] 2026-09-23 08:15:58,190 - torchtitan.observability.metrics - INFO - [31mstep: 49  [32mloss: -1.00000  [38;2;180;60;0mgrad_norm:  0.9018  [38;2;54;234;195mmemory:  0.32GiB(0.40%)  [34mtps: 625  [36mtflops: 0.10  [35mmfu: 0.01%[39m
[titan] 2026-09-23 08:15:58,329 - torchtitan.tools.utils - INFO - [GC] Performing periodic GC collection took 0.14 seconds
[titan] 2026-09-23 08:15:58,335 - torchtitan.tools.utils - INFO - [GC] Performing periodic GC collection took 0.14 seconds
[titan] 2026-09-23 08:15:59,141 - torchtitan.observability.metrics - INFO - [31mstep: 50  [32mloss:  2.58538  [38;2;180;60;0mgrad_norm:  0.6719  [38;2;54;234;195mmemory:  0.31GiB(0.40%)  [34mtps: 536  [36mtflops: 0.08  [35mmfu: 0.01%[39m
[titan] 2026-09-23 08:15:59,146 - torchtitan.observability.metrics - INFO - [31mstep: 50  [32mloss: -1.00000  [38;2;180;60;0mgrad_norm:  0.6719  [38;2;54;234;195mmemory:  0.32GiB(0.40%)  [34mtps: 536  [36mtflops: 0.08  [35mmfu: 0.01%[39m
[titan] 2026-09-23 08:15:59,958 - torchtitan.observability.metrics - INFO - [31mstep: 51  [32mloss:  2.68593  [38;2;180;60;0mgrad_norm:  0.9644  [38;2;54;234;195mmemory:  0.31GiB(0.40%)  [34mtps: 627  [36mtflops: 0.10  [35mmfu: 0.01%[39m
[titan] 2026-09-23 08:15:59,963 - torchtitan.observability.metrics - INFO - [31mstep: 51  [32mloss: -1.00000  [38;2;180;60;0mgrad_norm:  0.9644  [38;2;54;234;195mmemory:  0.32GiB(0.40%)  [34mtps: 627  [36mtflops: 0.10  [35mmfu: 0.01%[39m
[titan] 2026-09-23 08:16:00,776 - torchtitan.observability.metrics - INFO - [31mstep: 52  [32mloss:  2.51812  [38;2;180;60;0mgrad_norm:  0.8502  [38;2;54;234;195mmemory:  0.31GiB(0.40%)  [34mtps: 626  [36mtflops: 0.10  [35mmfu: 0.01%[39m
[titan] 2026-09-23 08:16:00,781 - torchtitan.observability.metrics - INFO - [31mstep: 52  [32mloss: -1.00000  [38;2;180;60;0mgrad_norm:  0.8502  [38;2;54;234;195mmemory:  0.32GiB(0.40%)  [34mtps: 626  [36mtflops: 0.10  [35mmfu: 0.01%[39m
[titan] 2026-09-23 08:16:01,594 - torchtitan.observability.metrics - INFO - [31mstep: 53  [32mloss:  2.78232  [38;2;180;60;0mgrad_norm:  0.7584  [38;2;54;234;195mmemory:  0.31GiB(0.40%)  [34mtps: 626  [36mtflops: 0.10  [35mmfu: 0.01%[39m
[titan] 2026-09-23 08:16:01,599 - torchtitan.observability.metrics - INFO - [31mstep: 53  [32mloss: -1.00000  [38;2;180;60;0mgrad_norm:  0.7584  [38;2;54;234;195mmemory:  0.32GiB(0.40%)  [34mtps: 627  [36mtflops: 0.10  [35mmfu: 0.01%[39m
[titan] 2026-09-23 08:16:02,409 - torchtitan.observability.metrics - INFO - [31mstep: 54  [32mloss:  3.05377  [38;2;180;60;0mgrad_norm:  0.8179  [38;2;54;234;195mmemory:  0.31GiB(0.40%)  [34mtps: 628  [36mtflops: 0.10  [35mmfu: 0.01%[39m
[titan] 2026-09-23 08:16:02,414 - torchtitan.observability.metrics - INFO - [31mstep: 54  [32mloss: -1.00000  [38;2;180;60;0mgrad_norm:  0.8179  [38;2;54;234;195mmemory:  0.32GiB(0.40%)  [34mtps: 628  [36mtflops: 0.10  [35mmfu: 0.01%[39m
[titan] 2026-09-23 08:16:03,226 - torchtitan.observability.metrics - INFO - [31mstep: 55  [32mloss:  2.95077  [38;2;180;60;0mgrad_norm:  1.0261  [38;2;54;234;195mmemory:  0.31GiB(0.40%)  [34mtps: 627  [36mtflops: 0.10  [35mmfu: 0.01%[39m
[titan] 2026-09-23 08:16:03,231 - torchtitan.observability.metrics - INFO - [31mstep: 55  [32mloss: -1.00000  [38;2;180;60;0mgrad_norm:  1.0261  [38;2;54;234;195mmemory:  0.32GiB(0.40%)  [34mtps: 627  [36mtflops: 0.10  [35mmfu: 0.01%[39m
[titan] 2026-09-23 08:16:04,038 - torchtitan.observability.metrics - INFO - [31mstep: 56  [32mloss:  2.55025  [38;2;180;60;0mgrad_norm:  0.8301  [38;2;54;234;195mmemory:  0.31GiB(0.40%)  [34mtps: 631  [36mtflops: 0.10  [35mmfu: 0.01%[39m
[titan] 2026-09-23 08:16:04,043 - torchtitan.observability.metrics - INFO - [31mstep: 56  [32mloss: -1.00000  [38;2;180;60;0mgrad_norm:  0.8301  [38;2;54;234;195mmemory:  0.32GiB(0.40%)  [34mtps: 631  [36mtflops: 0.10  [35mmfu: 0.01%[39m
[titan] 2026-09-23 08:16:04,858 - torchtitan.observability.metrics - INFO - [31mstep: 57  [32mloss:  2.51693  [38;2;180;60;0mgrad_norm:  0.8422  [38;2;54;234;195mmemory:  0.31GiB(0.40%)  [34mtps: 625  [36mtflops: 0.10  [35mmfu: 0.01%[39m
[titan] 2026-09-23 08:16:04,863 - torchtitan.observability.metrics - INFO - [31mstep: 57  [32mloss: -1.00000  [38;2;180;60;0mgrad_norm:  0.8422  [38;2;54;234;195mmemory:  0.32GiB(0.40%)  [34mtps: 624  [36mtflops: 0.10  [35mmfu: 0.01%[39m
[titan] 2026-09-23 08:16:05,673 - torchtitan.observability.metrics - INFO - [31mstep: 58  [32mloss:  2.61977  [38;2;180;60;0mgrad_norm:  0.9062  [38;2;54;234;195mmemory:  0.31GiB(0.40%)  [34mtps: 628  [36mtflops: 0.10  [35mmfu: 0.01%[39m
[titan] 2026-09-23 08:16:05,678 - torchtitan.observability.metrics - INFO - [31mstep: 58  [32mloss: -1.00000  [38;2;180;60;0mgrad_norm:  0.9062  [38;2;54;234;195mmemory:  0.32GiB(0.40%)  [34mtps: 628  [36mtflops: 0.10  [35mmfu: 0.01%[39m
[titan] 2026-09-23 08:16:06,492 - torchtitan.observability.metrics - INFO - [31mstep: 59  [32mloss:  2.65047  [38;2;180;60;0mgrad_norm:  0.8052  [38;2;54;234;195mmemory:  0.31GiB(0.40%)  [34mtps: 625  [36mtflops: 0.10  [35mmfu: 0.01%[39m
[titan] 2026-09-23 08:16:06,498 - torchtitan.observability.metrics - INFO - [31mstep: 59  [32mloss: -1.00000  [38;2;180;60;0mgrad_norm:  0.8052  [38;2;54;234;195mmemory:  0.32GiB(0.40%)  [34mtps: 625  [36mtflops: 0.10  [35mmfu: 0.01%[39m
[titan] 2026-09-23 08:16:07,310 - torchtitan.observability.metrics - INFO - [31mstep: 60  [32mloss:  2.57895  [38;2;180;60;0mgrad_norm:  0.7656  [38;2;54;234;195mmemory:  0.31GiB(0.40%)  [34mtps: 626  [36mtflops: 0.10  [35mmfu: 0.01%[39m
[titan] 2026-09-23 08:16:07,315 - torchtitan.observability.metrics - INFO - [31mstep: 60  [32mloss: -1.00000  [38;2;180;60;0mgrad_norm:  0.7656  [38;2;54;234;195mmemory:  0.32GiB(0.40%)  [34mtps: 626  [36mtflops: 0.10  [35mmfu: 0.01%[39m
[titan] 2026-09-23 08:16:08,126 - torchtitan.observability.metrics - INFO - [31mstep: 61  [32mloss:  2.62319  [38;2;180;60;0mgrad_norm:  0.8868  [38;2;54;234;195mmemory:  0.31GiB(0.40%)  [34mtps: 628  [36mtflops: 0.10  [35mmfu: 0.01%[39m
[titan] 2026-09-23 08:16:08,131 - torchtitan.observability.metrics - INFO - [31mstep: 61  [32mloss: -1.00000  [38;2;180;60;0mgrad_norm:  0.8868  [38;2;54;234;195mmemory:  0.32GiB(0.40%)  [34mtps: 628  [36mtflops: 0.10  [35mmfu: 0.01%[39m
[titan] 2026-09-23 08:16:08,943 - torchtitan.observability.metrics - INFO - [31mstep: 62  [32mloss:  2.69985  [38;2;180;60;0mgrad_norm:  0.8853  [38;2;54;234;195mmemory:  0.31GiB(0.40%)  [34mtps: 627  [36mtflops: 0.10  [35mmfu: 0.01%[39m
[titan] 2026-09-23 08:16:08,948 - torchtitan.observability.metrics - INFO - [31mstep: 62  [32mloss: -1.00000  [38;2;180;60;0mgrad_norm:  0.8853  [38;2;54;234;195mmemory:  0.32GiB(0.40%)  [34mtps: 627  [36mtflops: 0.10  [35mmfu: 0.01%[39m
[titan] 2026-09-23 08:16:09,757 - torchtitan.observability.metrics - INFO - [31mstep: 63  [32mloss:  2.62790  [38;2;180;60;0mgrad_norm:  0.8706  [38;2;54;234;195mmemory:  0.31GiB(0.40%)  [34mtps: 629  [36mtflops: 0.10  [35mmfu: 0.01%[39m
[titan] 2026-09-23 08:16:09,761 - torchtitan.observability.metrics - INFO - [31mstep: 63  [32mloss: -1.00000  [38;2;180;60;0mgrad_norm:  0.8706  [38;2;54;234;195mmemory:  0.32GiB(0.40%)  [34mtps: 629  [36mtflops: 0.10  [35mmfu: 0.01%[39m
[titan] 2026-09-23 08:16:10,571 - torchtitan.observability.metrics - INFO - [31mstep: 64  [32mloss:  2.62505  [38;2;180;60;0mgrad_norm:  0.6432  [38;2;54;234;195mmemory:  0.31GiB(0.40%)  [34mtps: 629  [36mtflops: 0.10  [35mmfu: 0.01%[39m
[titan] 2026-09-23 08:16:10,576 - torchtitan.observability.metrics - INFO - [31mstep: 64  [32mloss: -1.00000  [38;2;180;60;0mgrad_norm:  0.6432  [38;2;54;234;195mmemory:  0.32GiB(0.40%)  [34mtps: 629  [36mtflops: 0.10  [35mmfu: 0.01%[39m
[titan] 2026-09-23 08:16:11,382 - torchtitan.observability.metrics - INFO - [31mstep: 65  [32mloss:  2.71761  [38;2;180;60;0mgrad_norm:  0.8209  [38;2;54;234;195mmemory:  0.31GiB(0.40%)  [34mtps: 631  [36mtflops: 0.10  [35mmfu: 0.01%[39m
[titan] 2026-09-23 08:16:11,387 - torchtitan.observability.metrics - INFO - [31mstep: 65  [32mloss: -1.00000  [38;2;180;60;0mgrad_norm:  0.8209  [38;2;54;234;195mmemory:  0.32GiB(0.40%)  [34mtps: 631  [36mtflops: 0.10  [35mmfu: 0.01%[39m
[titan] 2026-09-23 08:16:12,192 - torchtitan.observability.metrics - INFO - [31mstep: 66  [32mloss:  2.57402  [38;2;180;60;0mgrad_norm:  0.7449  [38;2;54;234;195mmemory:  0.31GiB(0.40%)  [34mtps: 632  [36mtflops: 0.10  [35mmfu: 0.01%[39m
[titan] 2026-09-23 08:16:12,197 - torchtitan.observability.metrics - INFO - [31mstep: 66  [32mloss: -1.00000  [38;2;180;60;0mgrad_norm:  0.7449  [38;2;54;234;195mmemory:  0.32GiB(0.40%)  [34mtps: 632  [36mtflops: 0.10  [35mmfu: 0.01%[39m
[titan] 2026-09-23 08:16:13,006 - torchtitan.observability.metrics - INFO - [31mstep: 67  [32mloss:  2.58726  [38;2;180;60;0mgrad_norm:  0.8422  [38;2;54;234;195mmemory:  0.31GiB(0.40%)  [34mtps: 629  [36mtflops: 0.10  [35mmfu: 0.01%[39m
[titan] 2026-09-23 08:16:13,011 - torchtitan.observability.metrics - INFO - [31mstep: 67  [32mloss: -1.00000  [38;2;180;60;0mgrad_norm:  0.8422  [38;2;54;234;195mmemory:  0.32GiB(0.40%)  [34mtps: 629  [36mtflops: 0.10  [35mmfu: 0.01%[39m
[titan] 2026-09-23 08:16:13,821 - torchtitan.observability.metrics - INFO - [31mstep: 68  [32mloss:  2.61979  [38;2;180;60;0mgrad_norm:  0.8743  [38;2;54;234;195mmemory:  0.31GiB(0.40%)  [34mtps: 629  [36mtflops: 0.10  [35mmfu: 0.01%[39m
[titan] 2026-09-23 08:16:13,826 - torchtitan.observability.metrics - INFO - [31mstep: 68  [32mloss: -1.00000  [38;2;180;60;0mgrad_norm:  0.8743  [38;2;54;234;195mmemory:  0.32GiB(0.40%)  [34mtps: 628  [36mtflops: 0.10  [35mmfu: 0.01%[39m
[titan] 2026-09-23 08:16:14,635 - torchtitan.observability.metrics - INFO - [31mstep: 69  [32mloss:  2.83545  [38;2;180;60;0mgrad_norm:  0.8855  [38;2;54;234;195mmemory:  0.31GiB(0.40%)  [34mtps: 629  [36mtflops: 0.10  [35mmfu: 0.01%[39m
[titan] 2026-09-23 08:16:14,640 - torchtitan.observability.metrics - INFO - [31mstep: 69  [32mloss: -1.00000  [38;2;180;60;0mgrad_norm:  0.8855  [38;2;54;234;195mmemory:  0.32GiB(0.40%)  [34mtps: 629  [36mtflops: 0.10  [35mmfu: 0.01%[39m
[titan] 2026-09-23 08:16:15,452 - torchtitan.observability.metrics - INFO - [31mstep: 70  [32mloss:  2.71097  [38;2;180;60;0mgrad_norm:  0.6227  [38;2;54;234;195mmemory:  0.31GiB(0.40%)  [34mtps: 626  [36mtflops: 0.10  [35mmfu: 0.01%[39m
[titan] 2026-09-23 08:16:15,457 - torchtitan.observability.metrics - INFO - [31mstep: 70  [32mloss: -1.00000  [38;2;180;60;0mgrad_norm:  0.6227  [38;2;54;234;195mmemory:  0.32GiB(0.40%)  [34mtps: 626  [36mtflops: 0.10  [35mmfu: 0.01%[39m
[titan] 2026-09-23 08:16:16,265 - torchtitan.observability.metrics - INFO - [31mstep: 71  [32mloss:  2.54841  [38;2;180;60;0mgrad_norm:  0.5608  [38;2;54;234;195mmemory:  0.31GiB(0.40%)  [34mtps: 630  [36mtflops: 0.10  [35mmfu: 0.01%[39m
[titan] 2026-09-23 08:16:16,270 - torchtitan.observability.metrics - INFO - [31mstep: 71  [32mloss: -1.00000  [38;2;180;60;0mgrad_norm:  0.5608  [38;2;54;234;195mmemory:  0.32GiB(0.40%)  [34mtps: 630  [36mtflops: 0.10  [35mmfu: 0.01%[39m
[titan] 2026-09-23 08:16:17,093 - torchtitan.observability.metrics - INFO - [31mstep: 72  [32mloss:  2.57482  [38;2;180;60;0mgrad_norm:  0.7539  [38;2;54;234;195mmemory:  0.31GiB(0.40%)  [34mtps: 618  [36mtflops: 0.10  [35mmfu: 0.01%[39m
[titan] 2026-09-23 08:16:17,099 - torchtitan.observability.metrics - INFO - [31mstep: 72  [32mloss: -1.00000  [38;2;180;60;0mgrad_norm:  0.7539  [38;2;54;234;195mmemory:  0.32GiB(0.40%)  [34mtps: 618  [36mtflops: 0.10  [35mmfu: 0.01%[39m
[titan] 2026-09-23 08:16:17,922 - torchtitan.observability.metrics - INFO - [31mstep: 73  [32mloss:  2.58965  [38;2;180;60;0mgrad_norm:  0.9800  [38;2;54;234;195mmemory:  0.31GiB(0.40%)  [34mtps: 618  [36mtflops: 0.10  [35mmfu: 0.01%[39m
[titan] 2026-09-23 08:16:17,927 - torchtitan.observability.metrics - INFO - [31mstep: 73  [32mloss: -1.00000  [38;2;180;60;0mgrad_norm:  0.9800  [38;2;54;234;195mmemory:  0.32GiB(0.40%)  [34mtps: 618  [36mtflops: 0.10  [35mmfu: 0.01%[39m
[titan] 2026-09-23 08:16:18,744 - torchtitan.observability.metrics - INFO - [31mstep: 74  [32mloss:  2.42605  [38;2;180;60;0mgrad_norm:  0.7119  [38;2;54;234;195mmemory:  0.31GiB(0.40%)  [34mtps: 623  [36mtflops: 0.10  [35mmfu: 0.01%[39m
[titan] 2026-09-23 08:16:18,749 - torchtitan.observability.metrics - INFO - [31mstep: 74  [32mloss: -1.00000  [38;2;180;60;0mgrad_norm:  0.7119  [38;2;54;234;195mmemory:  0.32GiB(0.40%)  [34mtps: 623  [36mtflops: 0.10  [35mmfu: 0.01%[39m
[titan] 2026-09-23 08:16:19,560 - torchtitan.observability.metrics - INFO - [31mstep: 75  [32mloss:  2.66177  [38;2;180;60;0mgrad_norm:  0.6245  [38;2;54;234;195mmemory:  0.31GiB(0.40%)  [34mtps: 627  [36mtflops: 0.10  [35mmfu: 0.01%[39m
[titan] 2026-09-23 08:16:19,565 - torchtitan.observability.metrics - INFO - [31mstep: 75  [32mloss: -1.00000  [38;2;180;60;0mgrad_norm:  0.6245  [38;2;54;234;195mmemory:  0.32GiB(0.40%)  [34mtps: 627  [36mtflops: 0.10  [35mmfu: 0.01%[39m
[titan] 2026-09-23 08:16:20,381 - torchtitan.observability.metrics - INFO - [31mstep: 76  [32mloss:  2.43577  [38;2;180;60;0mgrad_norm:  0.6950  [38;2;54;234;195mmemory:  0.31GiB(0.40%)  [34mtps: 624  [36mtflops: 0.10  [35mmfu: 0.01%[39m
[titan] 2026-09-23 08:16:20,386 - torchtitan.observability.metrics - INFO - [31mstep: 76  [32mloss: -1.00000  [38;2;180;60;0mgrad_norm:  0.6950  [38;2;54;234;195mmemory:  0.32GiB(0.40%)  [34mtps: 624  [36mtflops: 0.10  [35mmfu: 0.01%[39m
[titan] 2026-09-23 08:16:21,206 - torchtitan.observability.metrics - INFO - [31mstep: 77  [32mloss:  2.56155  [38;2;180;60;0mgrad_norm:  0.7131  [38;2;54;234;195mmemory:  0.31GiB(0.40%)  [34mtps: 621  [36mtflops: 0.10  [35mmfu: 0.01%[39m
[titan] 2026-09-23 08:16:21,211 - torchtitan.observability.metrics - INFO - [31mstep: 77  [32mloss: -1.00000  [38;2;180;60;0mgrad_norm:  0.7131  [38;2;54;234;195mmemory:  0.32GiB(0.40%)  [34mtps: 620  [36mtflops: 0.10  [35mmfu: 0.01%[39m
[titan] 2026-09-23 08:16:22,033 - torchtitan.observability.metrics - INFO - [31mstep: 78  [32mloss:  2.45418  [38;2;180;60;0mgrad_norm:  0.7564  [38;2;54;234;195mmemory:  0.31GiB(0.40%)  [34mtps: 619  [36mtflops: 0.10  [35mmfu: 0.01%[39m
[titan] 2026-09-23 08:16:22,039 - torchtitan.observability.metrics - INFO - [31mstep: 78  [32mloss: -1.00000  [38;2;180;60;0mgrad_norm:  0.7564  [38;2;54;234;195mmemory:  0.32GiB(0.40%)  [34mtps: 619  [36mtflops: 0.10  [35mmfu: 0.01%[39m
[titan] 2026-09-23 08:16:22,860 - torchtitan.observability.metrics - INFO - [31mstep: 79  [32mloss:  2.58213  [38;2;180;60;0mgrad_norm:  0.7351  [38;2;54;234;195mmemory:  0.31GiB(0.40%)  [34mtps: 620  [36mtflops: 0.10  [35mmfu: 0.01%[39m
[titan] 2026-09-23 08:16:22,865 - torchtitan.observability.metrics - INFO - [31mstep: 79  [32mloss: -1.00000  [38;2;180;60;0mgrad_norm:  0.7351  [38;2;54;234;195mmemory:  0.32GiB(0.40%)  [34mtps: 620  [36mtflops: 0.10  [35mmfu: 0.01%[39m
[titan] 2026-09-23 08:16:23,682 - torchtitan.observability.metrics - INFO - [31mstep: 80  [32mloss:  2.61151  [38;2;180;60;0mgrad_norm:  0.8675  [38;2;54;234;195mmemory:  0.31GiB(0.40%)  [34mtps: 623  [36mtflops: 0.10  [35mmfu: 0.01%[39m
[titan] 2026-09-23 08:16:23,687 - torchtitan.observability.metrics - INFO - [31mstep: 80  [32mloss: -1.00000  [38;2;180;60;0mgrad_norm:  0.8675  [38;2;54;234;195mmemory:  0.32GiB(0.40%)  [34mtps: 623  [36mtflops: 0.10  [35mmfu: 0.01%[39m
[titan] 2026-09-23 08:16:24,510 - torchtitan.observability.metrics - INFO - [31mstep: 81  [32mloss:  2.53898  [38;2;180;60;0mgrad_norm:  0.7527  [38;2;54;234;195mmemory:  0.31GiB(0.40%)  [34mtps: 618  [36mtflops: 0.10  [35mmfu: 0.01%[39m
[titan] 2026-09-23 08:16:24,515 - torchtitan.observability.metrics - INFO - [31mstep: 81  [32mloss: -1.00000  [38;2;180;60;0mgrad_norm:  0.7527  [38;2;54;234;195mmemory:  0.32GiB(0.40%)  [34mtps: 619  [36mtflops: 0.10  [35mmfu: 0.01%[39m
[titan] 2026-09-23 08:16:25,336 - torchtitan.observability.metrics - INFO - [31mstep: 82  [32mloss:  2.46954  [38;2;180;60;0mgrad_norm:  0.6622  [38;2;54;234;195mmemory:  0.31GiB(0.40%)  [34mtps: 620  [36mtflops: 0.10  [35mmfu: 0.01%[39m
[titan] 2026-09-23 08:16:25,341 - torchtitan.observability.metrics - INFO - [31mstep: 82  [32mloss: -1.00000  [38;2;180;60;0mgrad_norm:  0.6622  [38;2;54;234;195mmemory:  0.32GiB(0.40%)  [34mtps: 620  [36mtflops: 0.10  [35mmfu: 0.01%[39m
[titan] 2026-09-23 08:16:26,160 - torchtitan.observability.metrics - INFO - [31mstep: 83  [32mloss:  2.45337  [38;2;180;60;0mgrad_norm:  0.8312  [38;2;54;234;195mmemory:  0.31GiB(0.40%)  [34mtps: 622  [36mtflops: 0.10  [35mmfu: 0.01%[39m
[titan] 2026-09-23 08:16:26,165 - torchtitan.observability.metrics - INFO - [31mstep: 83  [32mloss: -1.00000  [38;2;180;60;0mgrad_norm:  0.8312  [38;2;54;234;195mmemory:  0.32GiB(0.40%)  [34mtps: 622  [36mtflops: 0.10  [35mmfu: 0.01%[39m
[titan] 2026-09-23 08:16:26,976 - torchtitan.observability.metrics - INFO - [31mstep: 84  [32mloss:  2.62429  [38;2;180;60;0mgrad_norm:  0.7694  [38;2;54;234;195mmemory:  0.31GiB(0.40%)  [34mtps: 627  [36mtflops: 0.10  [35mmfu: 0.01%[39m
[titan] 2026-09-23 08:16:26,981 - torchtitan.observability.metrics - INFO - [31mstep: 84  [32mloss: -1.00000  [38;2;180;60;0mgrad_norm:  0.7694  [38;2;54;234;195mmemory:  0.32GiB(0.40%)  [34mtps: 627  [36mtflops: 0.10  [35mmfu: 0.01%[39m
[titan] 2026-09-23 08:16:27,795 - torchtitan.observability.metrics - INFO - [31mstep: 85  [32mloss:  2.52556  [38;2;180;60;0mgrad_norm:  1.0664  [38;2;54;234;195mmemory:  0.31GiB(0.40%)  [34mtps: 626  [36mtflops: 0.10  [35mmfu: 0.01%[39m
[titan] 2026-09-23 08:16:27,800 - torchtitan.observability.metrics - INFO - [31mstep: 85  [32mloss: -1.00000  [38;2;180;60;0mgrad_norm:  1.0664  [38;2;54;234;195mmemory:  0.32GiB(0.40%)  [34mtps: 626  [36mtflops: 0.10  [35mmfu: 0.01%[39m
[titan] 2026-09-23 08:16:28,608 - torchtitan.observability.metrics - INFO - [31mstep: 86  [32mloss:  2.47989  [38;2;180;60;0mgrad_norm:  0.7424  [38;2;54;234;195mmemory:  0.31GiB(0.40%)  [34mtps: 630  [36mtflops: 0.10  [35mmfu: 0.01%[39m
[titan] 2026-09-23 08:16:28,613 - torchtitan.observability.metrics - INFO - [31mstep: 86  [32mloss: -1.00000  [38;2;180;60;0mgrad_norm:  0.7424  [38;2;54;234;195mmemory:  0.32GiB(0.40%)  [34mtps: 630  [36mtflops: 0.10  [35mmfu: 0.01%[39m
[titan] 2026-09-23 08:16:29,428 - torchtitan.observability.metrics - INFO - [31mstep: 87  [32mloss:  2.54253  [38;2;180;60;0mgrad_norm:  0.8420  [38;2;54;234;195mmemory:  0.31GiB(0.40%)  [34mtps: 624  [36mtflops: 0.10  [35mmfu: 0.01%[39m
[titan] 2026-09-23 08:16:29,433 - torchtitan.observability.metrics - INFO - [31mstep: 87  [32mloss: -1.00000  [38;2;180;60;0mgrad_norm:  0.8420  [38;2;54;234;195mmemory:  0.32GiB(0.40%)  [34mtps: 624  [36mtflops: 0.10  [35mmfu: 0.01%[39m
[titan] 2026-09-23 08:16:30,246 - torchtitan.observability.metrics - INFO - [31mstep: 88  [32mloss:  2.61534  [38;2;180;60;0mgrad_norm:  0.7939  [38;2;54;234;195mmemory:  0.31GiB(0.40%)  [34mtps: 626  [36mtflops: 0.10  [35mmfu: 0.01%[39m
[titan] 2026-09-23 08:16:30,251 - torchtitan.observability.metrics - INFO - [31mstep: 88  [32mloss: -1.00000  [38;2;180;60;0mgrad_norm:  0.7939  [38;2;54;234;195mmemory:  0.32GiB(0.40%)  [34mtps: 626  [36mtflops: 0.10  [35mmfu: 0.01%[39m
[titan] 2026-09-23 08:16:31,063 - torchtitan.observability.metrics - INFO - [31mstep: 89  [32mloss:  2.63431  [38;2;180;60;0mgrad_norm:  0.9134  [38;2;54;234;195mmemory:  0.31GiB(0.40%)  [34mtps: 627  [36mtflops: 0.10  [35mmfu: 0.01%[39m
[titan] 2026-09-23 08:16:31,068 - torchtitan.observability.metrics - INFO - [31mstep: 89  [32mloss: -1.00000  [38;2;180;60;0mgrad_norm:  0.9134  [38;2;54;234;195mmemory:  0.32GiB(0.40%)  [34mtps: 627  [36mtflops: 0.10  [35mmfu: 0.01%[39m
[titan] 2026-09-23 08:16:31,884 - torchtitan.observability.metrics - INFO - [31mstep: 90  [32mloss:  2.45173  [38;2;180;60;0mgrad_norm:  0.6979  [38;2;54;234;195mmemory:  0.31GiB(0.40%)  [34mtps: 624  [36mtflops: 0.10  [35mmfu: 0.01%[39m
[titan] 2026-09-23 08:16:31,889 - torchtitan.observability.metrics - INFO - [31mstep: 90  [32mloss: -1.00000  [38;2;180;60;0mgrad_norm:  0.6979  [38;2;54;234;195mmemory:  0.32GiB(0.40%)  [34mtps: 624  [36mtflops: 0.10  [35mmfu: 0.01%[39m
[titan] 2026-09-23 08:16:32,702 - torchtitan.observability.metrics - INFO - [31mstep: 91  [32mloss:  2.57845  [38;2;180;60;0mgrad_norm:  0.8171  [38;2;54;234;195mmemory:  0.31GiB(0.40%)  [34mtps: 626  [36mtflops: 0.10  [35mmfu: 0.01%[39m
[titan] 2026-09-23 08:16:32,707 - torchtitan.observability.metrics - INFO - [31mstep: 91  [32mloss: -1.00000  [38;2;180;60;0mgrad_norm:  0.8171  [38;2;54;234;195mmemory:  0.32GiB(0.40%)  [34mtps: 626  [36mtflops: 0.10  [35mmfu: 0.01%[39m
[titan] 2026-09-23 08:16:33,518 - torchtitan.observability.metrics - INFO - [31mstep: 92  [32mloss:  2.58148  [38;2;180;60;0mgrad_norm:  0.8186  [38;2;54;234;195mmemory:  0.31GiB(0.40%)  [34mtps: 628  [36mtflops: 0.10  [35mmfu: 0.01%[39m
[titan] 2026-09-23 08:16:33,523 - torchtitan.observability.metrics - INFO - [31mstep: 92  [32mloss: -1.00000  [38;2;180;60;0mgrad_norm:  0.8186  [38;2;54;234;195mmemory:  0.32GiB(0.40%)  [34mtps: 628  [36mtflops: 0.10  [35mmfu: 0.01%[39m
[titan] 2026-09-23 08:16:34,336 - torchtitan.observability.metrics - INFO - [31mstep: 93  [32mloss:  2.78640  [38;2;180;60;0mgrad_norm:  0.8139  [38;2;54;234;195mmemory:  0.31GiB(0.40%)  [34mtps: 626  [36mtflops: 0.10  [35mmfu: 0.01%[39m
[titan] 2026-09-23 08:16:34,341 - torchtitan.observability.metrics - INFO - [31mstep: 93  [32mloss: -1.00000  [38;2;180;60;0mgrad_norm:  0.8139  [38;2;54;234;195mmemory:  0.32GiB(0.40%)  [34mtps: 626  [36mtflops: 0.10  [35mmfu: 0.01%[39m
[titan] 2026-09-23 08:16:35,153 - torchtitan.observability.metrics - INFO - [31mstep: 94  [32mloss:  2.41690  [38;2;180;60;0mgrad_norm:  0.6724  [38;2;54;234;195mmemory:  0.31GiB(0.40%)  [34mtps: 627  [36mtflops: 0.10  [35mmfu: 0.01%[39m
[titan] 2026-09-23 08:16:35,159 - torchtitan.observability.metrics - INFO - [31mstep: 94  [32mloss: -1.00000  [38;2;180;60;0mgrad_norm:  0.6724  [38;2;54;234;195mmemory:  0.32GiB(0.40%)  [34mtps: 626  [36mtflops: 0.10  [35mmfu: 0.01%[39m
[titan] 2026-09-23 08:16:35,975 - torchtitan.observability.metrics - INFO - [31mstep: 95  [32mloss:  2.51104  [38;2;180;60;0mgrad_norm:  0.7087  [38;2;54;234;195mmemory:  0.31GiB(0.40%)  [34mtps: 623  [36mtflops: 0.10  [35mmfu: 0.01%[39m
[titan] 2026-09-23 08:16:35,980 - torchtitan.observability.metrics - INFO - [31mstep: 95  [32mloss: -1.00000  [38;2;180;60;0mgrad_norm:  0.7087  [38;2;54;234;195mmemory:  0.32GiB(0.40%)  [34mtps: 624  [36mtflops: 0.10  [35mmfu: 0.01%[39m
[titan] 2026-09-23 08:16:36,794 - torchtitan.observability.metrics - INFO - [31mstep: 96  [32mloss:  2.53822  [38;2;180;60;0mgrad_norm:  0.7014  [38;2;54;234;195mmemory:  0.31GiB(0.40%)  [34mtps: 625  [36mtflops: 0.10  [35mmfu: 0.01%[39m
[titan] 2026-09-23 08:16:36,799 - torchtitan.observability.metrics - INFO - [31mstep: 96  [32mloss: -1.00000  [38;2;180;60;0mgrad_norm:  0.7014  [38;2;54;234;195mmemory:  0.32GiB(0.40%)  [34mtps: 625  [36mtflops: 0.10  [35mmfu: 0.01%[39m
[titan] 2026-09-23 08:16:37,614 - torchtitan.observability.metrics - INFO - [31mstep: 97  [32mloss:  2.37662  [38;2;180;60;0mgrad_norm:  0.9064  [38;2;54;234;195mmemory:  0.31GiB(0.40%)  [34mtps: 625  [36mtflops: 0.10  [35mmfu: 0.01%[39m
[titan] 2026-09-23 08:16:37,619 - torchtitan.observability.metrics - INFO - [31mstep: 97  [32mloss: -1.00000  [38;2;180;60;0mgrad_norm:  0.9064  [38;2;54;234;195mmemory:  0.32GiB(0.40%)  [34mtps: 625  [36mtflops: 0.10  [35mmfu: 0.01%[39m
[titan] 2026-09-23 08:16:38,432 - torchtitan.observability.metrics - INFO - [31mstep: 98  [32mloss:  2.43237  [38;2;180;60;0mgrad_norm:  0.6343  [38;2;54;234;195mmemory:  0.31GiB(0.40%)  [34mtps: 626  [36mtflops: 0.10  [35mmfu: 0.01%[39m
[titan] 2026-09-23 08:16:38,437 - torchtitan.observability.metrics - INFO - [31mstep: 98  [32mloss: -1.00000  [38;2;180;60;0mgrad_norm:  0.6343  [38;2;54;234;195mmemory:  0.32GiB(0.40%)  [34mtps: 626  [36mtflops: 0.10  [35mmfu: 0.01%[39m
[titan] 2026-09-23 08:16:39,251 - torchtitan.observability.metrics - INFO - [31mstep: 99  [32mloss:  2.66502  [38;2;180;60;0mgrad_norm:  0.6502  [38;2;54;234;195mmemory:  0.31GiB(0.40%)  [34mtps: 625  [36mtflops: 0.10  [35mmfu: 0.01%[39m
[titan] 2026-09-23 08:16:39,256 - torchtitan.observability.metrics - INFO - [31mstep: 99  [32mloss: -1.00000  [38;2;180;60;0mgrad_norm:  0.6502  [38;2;54;234;195mmemory:  0.32GiB(0.40%)  [34mtps: 625  [36mtflops: 0.10  [35mmfu: 0.01%[39m
[titan] 2026-09-23 08:16:39,378 - torchtitan.tools.utils - INFO - [GC] Performing periodic GC collection took 0.12 seconds
[titan] 2026-09-23 08:16:39,388 - torchtitan.tools.utils - INFO - [GC] Performing periodic GC collection took 0.13 seconds
[titan] 2026-09-23 08:16:40,202 - torchtitan.observability.metrics - INFO - [31mstep: 100  [32mloss:  2.50943  [38;2;180;60;0mgrad_norm:  0.7819  [38;2;54;234;195mmemory:  0.31GiB(0.40%)  [34mtps: 539  [36mtflops: 0.08  [35mmfu: 0.01%[39m
[titan] 2026-09-23 08:16:40,202 - torchtitan.components.checkpointer.dcp - INFO - Saving the checkpointer.
[titan] 2026-09-23 08:16:40,207 - torchtitan.observability.metrics - INFO - [31mstep: 100  [32mloss: -1.00000  [38;2;180;60;0mgrad_norm:  0.7819  [38;2;54;234;195mmemory:  0.32GiB(0.40%)  [34mtps: 539  [36mtflops: 0.08  [35mmfu: 0.01%[39m
[titan] 2026-09-23 08:16:40,207 - torchtitan.components.checkpointer.dcp - INFO - Saving the checkpointer.
[titan] 2026-09-23 08:16:40,208 - torchtitan.components.checkpointer.dcp - INFO - Saving a model only checkpoint in torch.float32 at last step, step 100.
[titan] 2026-09-23 08:16:40,220 - torchtitan.components.checkpointer.dcp - INFO - Saving a model only checkpoint in torch.float32 at last step, step 100.
[titan] 2026-09-23 08:16:40,478 - torchtitan.tools.utils - INFO - [GC] GC collection invoked by checkpointer. took 0.00 seconds
[titan] 2026-09-23 08:16:40,479 - torchtitan.components.checkpointer.dcp - INFO - Last step checkpoint completed in 0.27s
[titan] 2026-09-23 08:16:40,479 - torchtitan.trainer - INFO - Sleeping 2 seconds for other ranks to complete
[titan] 2026-09-23 08:16:40,479 - torchtitan.tools.utils - INFO - [GC] GC collection invoked by checkpointer. took 0.00 seconds
[titan] 2026-09-23 08:16:40,480 - torchtitan.components.checkpointer.dcp - INFO - Last step checkpoint completed in 0.28s
[titan] 2026-09-23 08:16:40,481 - torchtitan.trainer - INFO - Training completed
[titan] 2026-09-23 08:16:40,487 - torchtitan.components.checkpointer.base - INFO - Destroying the purge thread.
[titan] 2026-09-23 08:16:42,479 - torchtitan.trainer - INFO - Training completed
[titan] 2026-09-23 08:16:42,486 - torchtitan.components.checkpointer.base - INFO - Destroying the purge thread.
[titan] 2026-09-23 08:16:43,177 - __main__ - INFO - Process group destroyed
[titan] 2026-09-23 08:16:43,485 - __main__ - INFO - Process group destroyed
