W1002 07:42:35.411000 26029 torch/distributed/run.py:982] 
W1002 07:42:35.411000 26029 torch/distributed/run.py:982] *****************************************
W1002 07:42:35.411000 26029 torch/distributed/run.py:982] Setting OMP_NUM_THREADS environment variable for each process to be 1 in default, to avoid your system being overloaded, please further tune the variable for optimal performance in your application as needed. 
W1002 07:42:35.411000 26029 torch/distributed/run.py:982] *****************************************
[rank0]:WARNING:absl:Failed to load jax profiler: No module named 'jax'
[rank3]:WARNING:absl:Failed to load jax profiler: No module named 'jax'
[rank1]:WARNING:absl:Failed to load jax profiler: No module named 'jax'
[rank2]:WARNING:absl:Failed to load jax profiler: No module named 'jax'
[rank0]:[titan] 2026-10-02 07:42:41,625 - __main__ - INFO - torchtitan version: 0.0.0+unknown (0.0.0 means __version__ is not defined correctly).
[rank1]:[titan] 2026-10-02 07:42:41,820 - __main__ - INFO - torchtitan version: 0.0.0+unknown (0.0.0 means __version__ is not defined correctly).
[rank2]:[titan] 2026-10-02 07:42:41,928 - __main__ - INFO - torchtitan version: 0.0.0+unknown (0.0.0 means __version__ is not defined correctly).
[rank3]:[titan] 2026-10-02 07:42:42,068 - __main__ - INFO - torchtitan version: 0.0.0+unknown (0.0.0 means __version__ is not defined correctly).
[rank0]:[titan] 2026-10-02 07:42:42,285 - torchtitan.observability.structured_logger.jsonl_handler - INFO - Structured logging -> JSONL: /root/mep/results/dep_new_k3range/trace_c012_m16_w_dep_off/out/structured_logs/training.global_rank_0.20261002-074242-E7LY6S.jsonl
[rank0]:[titan] 2026-10-02 07:42:42,556 - torchtitan.distributed.utils - WARNING - ENV[TORCH_NCCL_ASYNC_ERROR_HANDLING] = 1 will be overridden to 3 based on job config
[rank1]:[titan] 2026-10-02 07:42:42,548 - torchtitan.observability.structured_logger.jsonl_handler - INFO - Structured logging -> JSONL: /root/mep/results/dep_new_k3range/trace_c012_m16_w_dep_off/out/structured_logs/training.global_rank_1.20261002-074242-0OSJ0Q.jsonl
[rank2]:[titan] 2026-10-02 07:42:42,601 - torchtitan.observability.structured_logger.jsonl_handler - INFO - Structured logging -> JSONL: /root/mep/results/dep_new_k3range/trace_c012_m16_w_dep_off/out/structured_logs/training.global_rank_2.20261002-074242-3XO44X.jsonl
[rank3]:[titan] 2026-10-02 07:42:42,842 - torchtitan.observability.structured_logger.jsonl_handler - INFO - Structured logging -> JSONL: /root/mep/results/dep_new_k3range/trace_c012_m16_w_dep_off/out/structured_logs/training.global_rank_3.20261002-074242-66875D.jsonl
[rank1]:[titan] 2026-10-02 07:42:42,964 - torchtitan.distributed.utils - WARNING - ENV[TORCH_NCCL_ASYNC_ERROR_HANDLING] = 1 will be overridden to 3 based on job config
[rank2]:[titan] 2026-10-02 07:42:43,177 - torchtitan.distributed.utils - WARNING - ENV[TORCH_NCCL_ASYNC_ERROR_HANDLING] = 1 will be overridden to 3 based on job config
[rank3]:[titan] 2026-10-02 07:42:43,319 - torchtitan.distributed.utils - WARNING - ENV[TORCH_NCCL_ASYNC_ERROR_HANDLING] = 1 will be overridden to 3 based on job config
[rank0]:[titan] 2026-10-02 07:42:43,891 - torchtitan.tools.utils - INFO - [GC] Initial GC collection took 0.00 seconds
[rank1]:[titan] 2026-10-02 07:42:43,892 - torchtitan.tools.utils - INFO - [GC] Initial GC collection took 0.00 seconds
[rank2]:[titan] 2026-10-02 07:42:43,893 - torchtitan.tools.utils - INFO - [GC] Initial GC collection took 0.00 seconds
[rank3]:[titan] 2026-10-02 07:42:43,892 - torchtitan.tools.utils - INFO - [GC] Initial GC collection took 0.00 seconds
[rank0]:[titan] 2026-10-02 07:42:44,885 - torchtitan.distributed.parallelism_context - INFO - Building device mesh with parallelism: pp=4, dp_replicate=1, dp_shard=1, cp=1, tp=1, ep=1
[rank1]:[titan] 2026-10-02 07:42:44,885 - torchtitan.distributed.parallelism_context - INFO - Building device mesh with parallelism: pp=4, dp_replicate=1, dp_shard=1, cp=1, tp=1, ep=1
[rank3]:[titan] 2026-10-02 07:42:44,886 - torchtitan.distributed.parallelism_context - INFO - Building device mesh with parallelism: pp=4, dp_replicate=1, dp_shard=1, cp=1, tp=1, ep=1
[rank2]:[titan] 2026-10-02 07:42:44,886 - torchtitan.distributed.parallelism_context - INFO - Building device mesh with parallelism: pp=4, dp_replicate=1, dp_shard=1, cp=1, tp=1, ep=1
[rank0]:[titan] 2026-10-02 07:42:45,348 - torchtitan.distributed.parallelism_context - INFO - Successfully created meshes with active axes: ['pp']
[rank0]:[titan] 2026-10-02 07:42:45,350 - torchtitan.observability.metrics - INFO - CUDA capacity: NVIDIA H100 80GB HBM3 with 79.21GiB memory
[rank0]:[titan] 2026-10-02 07:42:45,361 - torchtitan.config.configurable - WARNING - Config field value of type InterpolationMode may not be JSON serializable
[rank0]:[titan] 2026-10-02 07:42:45,362 - torchtitan.tools.utils - WARNING - Error running lspci: [Errno 2] No such file or directory: 'lspci', fallback to use device_name
[rank0]:[titan] 2026-10-02 07:42:45,362 - torchtitan.components.tokenizer - INFO - Loading tokenizer from tokenizer.json
[rank1]:[titan] 2026-10-02 07:42:45,348 - torchtitan.distributed.parallelism_context - INFO - Successfully created meshes with active axes: ['pp']
[rank1]:[titan] 2026-10-02 07:42:45,351 - torchtitan.observability.metrics - INFO - CUDA capacity: NVIDIA H100 80GB HBM3 with 79.21GiB memory
[rank1]:[titan] 2026-10-02 07:42:45,362 - torchtitan.config.configurable - WARNING - Config field value of type InterpolationMode may not be JSON serializable
[rank1]:[titan] 2026-10-02 07:42:45,363 - torchtitan.tools.utils - WARNING - Error running lspci: [Errno 2] No such file or directory: 'lspci', fallback to use device_name
[rank1]:[titan] 2026-10-02 07:42:45,363 - torchtitan.components.tokenizer - INFO - Loading tokenizer from tokenizer.json
[rank3]:[titan] 2026-10-02 07:42:45,349 - torchtitan.distributed.parallelism_context - INFO - Successfully created meshes with active axes: ['pp']
[rank2]:[titan] 2026-10-02 07:42:45,347 - torchtitan.distributed.parallelism_context - INFO - Successfully created meshes with active axes: ['pp']
[rank3]:[titan] 2026-10-02 07:42:45,352 - torchtitan.observability.metrics - INFO - CUDA capacity: NVIDIA H100 80GB HBM3 with 79.21GiB memory
[rank2]:[titan] 2026-10-02 07:42:45,350 - torchtitan.observability.metrics - INFO - CUDA capacity: NVIDIA H100 80GB HBM3 with 79.21GiB memory
[rank3]:[titan] 2026-10-02 07:42:45,363 - torchtitan.config.configurable - WARNING - Config field value of type InterpolationMode may not be JSON serializable
[rank2]:[titan] 2026-10-02 07:42:45,361 - torchtitan.config.configurable - WARNING - Config field value of type InterpolationMode may not be JSON serializable
[rank3]:[titan] 2026-10-02 07:42:45,364 - torchtitan.tools.utils - WARNING - Error running lspci: [Errno 2] No such file or directory: 'lspci', fallback to use device_name
[rank2]:[titan] 2026-10-02 07:42:45,363 - torchtitan.tools.utils - WARNING - Error running lspci: [Errno 2] No such file or directory: 'lspci', fallback to use device_name
[rank3]:[titan] 2026-10-02 07:42:45,365 - torchtitan.components.tokenizer - INFO - Loading tokenizer from tokenizer.json
[rank2]:[titan] 2026-10-02 07:42:45,363 - torchtitan.components.tokenizer - INFO - Loading tokenizer from tokenizer.json
[rank0]:[titan] 2026-10-02 07:42:45,493 - torchtitan.protocols.state_dict_adapter - WARNING - model.safetensors.index.json not found at hf_assets_path: ./tests/assets/tokenizer/model.safetensors.index.json.                     Defaulting to saving a single safetensors file if checkpoint is saved in HF format
[rank0]:[titan] 2026-10-02 07:42:45,497 - torchtitan.models.utils - INFO - Total parameter count: 11,625,395,584, active parameters: 8,885,570,688
[rank1]:[titan] 2026-10-02 07:42:45,496 - torchtitan.protocols.state_dict_adapter - WARNING - model.safetensors.index.json not found at hf_assets_path: ./tests/assets/tokenizer/model.safetensors.index.json.                     Defaulting to saving a single safetensors file if checkpoint is saved in HF format
[rank1]:[titan] 2026-10-02 07:42:45,499 - torchtitan.models.utils - INFO - Total parameter count: 11,625,395,584, active parameters: 8,885,570,688
[rank2]:[titan] 2026-10-02 07:42:45,498 - torchtitan.protocols.state_dict_adapter - WARNING - model.safetensors.index.json not found at hf_assets_path: ./tests/assets/tokenizer/model.safetensors.index.json.                     Defaulting to saving a single safetensors file if checkpoint is saved in HF format
[rank2]:[titan] 2026-10-02 07:42:45,502 - torchtitan.models.utils - INFO - Total parameter count: 11,625,395,584, active parameters: 8,885,570,688
[rank0]:[titan] 2026-10-02 07:42:45,578 - torchtitan.distributed.pipeline_parallel - INFO - PP rank 0 is building stage_idx 0 with modules ['vision_encoder', 'tok_embeddings', 'layers.0']
[rank1]:[titan] 2026-10-02 07:42:45,581 - torchtitan.distributed.pipeline_parallel - INFO - PP rank 1 is building stage_idx 1 with modules ['layers.1', 'layers.2']
[rank2]:[titan] 2026-10-02 07:42:45,581 - torchtitan.distributed.pipeline_parallel - INFO - PP rank 2 is building stage_idx 2 with modules ['layers.3', 'layers.4']
[rank0]:[titan] 2026-10-02 07:42:45,647 - torchtitan.distributed.pipeline_parallel - INFO - PP rank 0 is building stage_idx 4 with modules ['layers.6']
[rank0]:[titan] 2026-10-02 07:42:45,713 - torchtitan.distributed.pipeline_parallel - INFO - PP rank 0 is building stage_idx 8 with modules ['layers.10']
[rank1]:[titan] 2026-10-02 07:42:45,650 - torchtitan.distributed.pipeline_parallel - INFO - PP rank 1 is building stage_idx 5 with modules ['layers.7']
[rank1]:[titan] 2026-10-02 07:42:45,716 - torchtitan.distributed.pipeline_parallel - INFO - PP rank 1 is building stage_idx 9 with modules ['layers.11']
[rank2]:[titan] 2026-10-02 07:42:45,648 - torchtitan.distributed.pipeline_parallel - INFO - PP rank 2 is building stage_idx 6 with modules ['layers.8']
[rank2]:[titan] 2026-10-02 07:42:45,714 - torchtitan.distributed.pipeline_parallel - INFO - PP rank 2 is building stage_idx 10 with modules ['layers.12']
[rank0]:[titan] 2026-10-02 07:42:45,779 - torchtitan.distributed.pipeline_parallel - INFO - PP rank 0 is building stage_idx 12 with modules ['layers.14']
[rank0]:[titan] 2026-10-02 07:42:45,796 - torchtitan.distributed.activation_checkpoint - INFO - Applied FullAC activation checkpointing to the model
[rank0]:[titan] 2026-10-02 07:42:45,796 - torchtitan.distributed.activation_checkpoint - INFO - Applied FullAC activation checkpointing to the model
[rank1]:[titan] 2026-10-02 07:42:45,781 - torchtitan.distributed.pipeline_parallel - INFO - PP rank 1 is building stage_idx 13 with modules ['layers.15']
[rank1]:[titan] 2026-10-02 07:42:45,800 - torchtitan.distributed.activation_checkpoint - INFO - Applied FullAC activation checkpointing to the model
[rank3]:[titan] 2026-10-02 07:42:45,733 - torchtitan.protocols.state_dict_adapter - WARNING - model.safetensors.index.json not found at hf_assets_path: ./tests/assets/tokenizer/model.safetensors.index.json.                     Defaulting to saving a single safetensors file if checkpoint is saved in HF format
[rank3]:[titan] 2026-10-02 07:42:45,737 - torchtitan.models.utils - INFO - Total parameter count: 11,625,395,584, active parameters: 8,885,570,688
[rank3]:[titan] 2026-10-02 07:42:45,809 - torchtitan.distributed.pipeline_parallel - INFO - PP rank 3 is building stage_idx 3 with modules ['layers.5']
[rank2]:[titan] 2026-10-02 07:42:45,780 - torchtitan.distributed.pipeline_parallel - INFO - PP rank 2 is building stage_idx 14 with modules ['layers.16']
[rank2]:[titan] 2026-10-02 07:42:45,798 - torchtitan.distributed.activation_checkpoint - INFO - Applied FullAC activation checkpointing to the model
[rank0]:[titan] 2026-10-02 07:42:45,837 - torchtitan.distributed.fsdp - INFO - Applied FSDP to the model
[rank0]:[titan] 2026-10-02 07:42:45,842 - torchtitan.distributed.activation_checkpoint - INFO - Applied FullAC activation checkpointing to the model
[rank0]:[titan] 2026-10-02 07:42:45,858 - torchtitan.distributed.fsdp - INFO - Applied FSDP to the model
[rank0]:[titan] 2026-10-02 07:42:45,861 - torchtitan.distributed.activation_checkpoint - INFO - Applied FullAC activation checkpointing to the model
[rank0]:[titan] 2026-10-02 07:42:45,866 - torchtitan.distributed.fsdp - INFO - Applied FSDP to the model
[rank0]:[titan] 2026-10-02 07:42:45,870 - torchtitan.distributed.activation_checkpoint - INFO - Applied FullAC activation checkpointing to the model
[rank0]:[titan] 2026-10-02 07:42:45,874 - torchtitan.distributed.fsdp - INFO - Applied FSDP to the model
[rank0]:[titan] 2026-10-02 07:42:45,878 - torchtitan.distributed.pipeline_parallel - INFO - Using pipeline schedule Interleaved1F1B with 16 microbatches and 16 stages.
[rank0]:[titan] 2026-10-02 07:42:45,878 - torchtitan.models.kimi_k3.pipeline_parallel - INFO - Kimi K3 pipeline: 4 stage(s) on this rank [0, 4, 8, 12], block transport delta with rank store
[rank1]:[titan] 2026-10-02 07:42:45,842 - torchtitan.distributed.fsdp - INFO - Applied FSDP to the model
[rank1]:[titan] 2026-10-02 07:42:45,845 - torchtitan.distributed.activation_checkpoint - INFO - Applied FullAC activation checkpointing to the model
[rank1]:[titan] 2026-10-02 07:42:45,855 - torchtitan.distributed.fsdp - INFO - Applied FSDP to the model
[rank1]:[titan] 2026-10-02 07:42:45,858 - torchtitan.distributed.activation_checkpoint - INFO - Applied FullAC activation checkpointing to the model
[rank1]:[titan] 2026-10-02 07:42:45,862 - torchtitan.distributed.fsdp - INFO - Applied FSDP to the model
[rank1]:[titan] 2026-10-02 07:42:45,865 - torchtitan.distributed.activation_checkpoint - INFO - Applied FullAC activation checkpointing to the model
[rank1]:[titan] 2026-10-02 07:42:45,868 - torchtitan.distributed.fsdp - INFO - Applied FSDP to the model
[rank1]:[titan] 2026-10-02 07:42:45,873 - torchtitan.distributed.pipeline_parallel - INFO - Using pipeline schedule Interleaved1F1B with 16 microbatches and 16 stages.
[rank1]:[titan] 2026-10-02 07:42:45,874 - torchtitan.models.kimi_k3.pipeline_parallel - INFO - Kimi K3 pipeline: 4 stage(s) on this rank [1, 5, 9, 13], block transport delta with rank store
[rank3]:[titan] 2026-10-02 07:42:45,876 - torchtitan.distributed.pipeline_parallel - INFO - PP rank 3 is building stage_idx 7 with modules ['layers.9']
[rank2]:[titan] 2026-10-02 07:42:45,844 - torchtitan.distributed.fsdp - INFO - Applied FSDP to the model
[rank2]:[titan] 2026-10-02 07:42:45,848 - torchtitan.distributed.activation_checkpoint - INFO - Applied FullAC activation checkpointing to the model
[rank2]:[titan] 2026-10-02 07:42:45,853 - torchtitan.distributed.fsdp - INFO - Applied FSDP to the model
[rank2]:[titan] 2026-10-02 07:42:45,856 - torchtitan.distributed.activation_checkpoint - INFO - Applied FullAC activation checkpointing to the model
[rank2]:[titan] 2026-10-02 07:42:45,861 - torchtitan.distributed.fsdp - INFO - Applied FSDP to the model
[rank2]:[titan] 2026-10-02 07:42:45,864 - torchtitan.distributed.activation_checkpoint - INFO - Applied FullAC activation checkpointing to the model
[rank2]:[titan] 2026-10-02 07:42:45,867 - torchtitan.distributed.fsdp - INFO - Applied FSDP to the model
[rank2]:[titan] 2026-10-02 07:42:45,872 - torchtitan.distributed.pipeline_parallel - INFO - Using pipeline schedule Interleaved1F1B with 16 microbatches and 16 stages.
[rank2]:[titan] 2026-10-02 07:42:45,872 - torchtitan.models.kimi_k3.pipeline_parallel - INFO - Kimi K3 pipeline: 4 stage(s) on this rank [2, 6, 10, 14], block transport delta with rank store
[rank2]:[rank2]:W1002 07:42:45.961000 26100 torch/distributed/tensor/_random.py:215] DTensor is synchronizing RNG states of every rank with the state from rank 0. This behavior is deprecated. Please call `torch.manual_seed()` on every rank that participates in SPMD DTensor Operations with the same seed. If using Pipeline Parallelism, each pipeline state would use a different seed, but all ranks belonging to one pipeline stage would use the same seed.
[rank1]:[rank1]:W1002 07:42:45.953000 26099 torch/distributed/tensor/_random.py:215] DTensor is synchronizing RNG states of every rank with the state from rank 0. This behavior is deprecated. Please call `torch.manual_seed()` on every rank that participates in SPMD DTensor Operations with the same seed. If using Pipeline Parallelism, each pipeline state would use a different seed, but all ranks belonging to one pipeline stage would use the same seed.
[rank3]:[titan] 2026-10-02 07:42:45,944 - torchtitan.distributed.pipeline_parallel - INFO - PP rank 3 is building stage_idx 11 with modules ['layers.13']
[rank3]:[titan] 2026-10-02 07:42:46,011 - torchtitan.distributed.pipeline_parallel - INFO - PP rank 3 is building stage_idx 15 with modules ['norm', 'lm_head', 'output_res_proj', 'output_res_norm']
[rank3]:[titan] 2026-10-02 07:42:46,029 - torchtitan.distributed.activation_checkpoint - INFO - Applied FullAC activation checkpointing to the model
[rank3]:[titan] 2026-10-02 07:42:46,066 - torchtitan.distributed.fsdp - INFO - Applied FSDP to the model
[rank3]:[titan] 2026-10-02 07:42:46,070 - torchtitan.distributed.activation_checkpoint - INFO - Applied FullAC activation checkpointing to the model
[rank3]:[titan] 2026-10-02 07:42:46,074 - torchtitan.distributed.fsdp - INFO - Applied FSDP to the model
[rank3]:[titan] 2026-10-02 07:42:46,078 - torchtitan.distributed.activation_checkpoint - INFO - Applied FullAC activation checkpointing to the model
[rank3]:[titan] 2026-10-02 07:42:46,082 - torchtitan.distributed.fsdp - INFO - Applied FSDP to the model
[rank3]:[titan] 2026-10-02 07:42:46,084 - torchtitan.distributed.activation_checkpoint - INFO - Applied FullAC activation checkpointing to the model
[rank3]:[titan] 2026-10-02 07:42:46,087 - torchtitan.distributed.fsdp - INFO - Applied FSDP to the model
[rank3]:[titan] 2026-10-02 07:42:46,092 - torchtitan.distributed.pipeline_parallel - INFO - Using pipeline schedule Interleaved1F1B with 16 microbatches and 16 stages.
[rank3]:[titan] 2026-10-02 07:42:46,092 - torchtitan.models.kimi_k3.pipeline_parallel - INFO - Kimi K3 pipeline: 4 stage(s) on this rank [3, 7, 11, 15], block transport delta with rank store
[rank3]:[rank3]:W1002 07:42:46.148000 26101 torch/distributed/tensor/_random.py:215] DTensor is synchronizing RNG states of every rank with the state from rank 0. This behavior is deprecated. Please call `torch.manual_seed()` on every rank that participates in SPMD DTensor Operations with the same seed. If using Pipeline Parallelism, each pipeline state would use a different seed, but all ranks belonging to one pipeline stage would use the same seed.
[rank1]:[titan] 2026-10-02 07:42:46,189 - torchtitan.training_engine - INFO - Model KimiK3Model.Config size: 11,625,395,584 total parameters
[rank1]:[titan] 2026-10-02 07:42:46,190 - torchtitan.components.optim.optimizer - INFO - Optimizer AdamW (model_part=0): 56 params [.*] {'lr': 0.0008, 'betas': (0.9, 0.95), 'eps': 1e-08, 'weight_decay': 0.1, 'foreach': None, 'fused': True}
[rank1]:[titan] 2026-10-02 07:42:46,190 - torchtitan.components.optim.optimizer - INFO - Optimizer AdamW (model_part=1): 22 params [.*] {'lr': 0.0008, 'betas': (0.9, 0.95), 'eps': 1e-08, 'weight_decay': 0.1, 'foreach': None, 'fused': True}
[rank1]:[titan] 2026-10-02 07:42:46,190 - torchtitan.components.optim.optimizer - INFO - Optimizer AdamW (model_part=2): 22 params [.*] {'lr': 0.0008, 'betas': (0.9, 0.95), 'eps': 1e-08, 'weight_decay': 0.1, 'foreach': None, 'fused': True}
[rank1]:[titan] 2026-10-02 07:42:46,191 - torchtitan.components.optim.optimizer - INFO - Optimizer AdamW (model_part=3): 22 params [.*] {'lr': 0.0008, 'betas': (0.9, 0.95), 'eps': 1e-08, 'weight_decay': 0.1, 'foreach': None, 'fused': True}
[rank1]:[titan] 2026-10-02 07:42:46,192 - torchtitan.observability.metrics - WARNING - [31mPipeline Parallel loss is not visible. Please add [33mrank 3[31m to LOG_RANK environment variable in run_train.sh.[39m
[rank1]:[titan] 2026-10-02 07:42:46,192 - torchtitan.trainer - INFO - Peak FLOPS used for computing MFU: 9.890e+14
[rank1]:[titan] 2026-10-02 07:42:46,192 - torchtitan.trainer - INFO - CUDA memory usage for model: 6.00GiB(7.57%)
[rank1]:[titan] 2026-10-02 07:42:46,192 - torchtitan.trainer - INFO - Trainer is initialized with 32768 tokens per DP rank, 32768 tokens per train step, gradient accumulation steps 1, maximum context length 2048, total steps 12 (warmup 2)
[rank1]:[titan] 2026-10-02 07:42:46,192 - torchtitan.trainer - INFO - Training starts at step 1
[rank1]:[titan] 2026-10-02 07:42:46,192 - torchtitan.observability.profiler - INFO - Profiling active. Traces will be saved at /root/mep/results/dep_new_k3range/trace_c012_m16_w_dep_off/out/traces
[rank2]:[titan] 2026-10-02 07:42:46,213 - torchtitan.training_engine - INFO - Model KimiK3Model.Config size: 11,625,395,584 total parameters
[rank2]:[titan] 2026-10-02 07:42:46,214 - torchtitan.components.optim.optimizer - INFO - Optimizer AdamW (model_part=0): 50 params [.*] {'lr': 0.0008, 'betas': (0.9, 0.95), 'eps': 1e-08, 'weight_decay': 0.1, 'foreach': None, 'fused': True}
[rank2]:[titan] 2026-10-02 07:42:46,214 - torchtitan.components.optim.optimizer - INFO - Optimizer AdamW (model_part=1): 28 params [.*] {'lr': 0.0008, 'betas': (0.9, 0.95), 'eps': 1e-08, 'weight_decay': 0.1, 'foreach': None, 'fused': True}
[rank2]:[titan] 2026-10-02 07:42:46,215 - torchtitan.components.optim.optimizer - INFO - Optimizer AdamW (model_part=2): 28 params [.*] {'lr': 0.0008, 'betas': (0.9, 0.95), 'eps': 1e-08, 'weight_decay': 0.1, 'foreach': None, 'fused': True}
[rank2]:[titan] 2026-10-02 07:42:46,215 - torchtitan.components.optim.optimizer - INFO - Optimizer AdamW (model_part=3): 22 params [.*] {'lr': 0.0008, 'betas': (0.9, 0.95), 'eps': 1e-08, 'weight_decay': 0.1, 'foreach': None, 'fused': True}
[rank2]:[titan] 2026-10-02 07:42:46,216 - torchtitan.observability.metrics - WARNING - [31mPipeline Parallel loss is not visible. Please add [33mrank 3[31m to LOG_RANK environment variable in run_train.sh.[39m
[rank2]:[titan] 2026-10-02 07:42:46,216 - torchtitan.trainer - INFO - Peak FLOPS used for computing MFU: 9.890e+14
[rank2]:[titan] 2026-10-02 07:42:46,216 - torchtitan.trainer - INFO - CUDA memory usage for model: 6.43GiB(8.12%)
[rank2]:[titan] 2026-10-02 07:42:46,216 - torchtitan.trainer - INFO - Trainer is initialized with 32768 tokens per DP rank, 32768 tokens per train step, gradient accumulation steps 1, maximum context length 2048, total steps 12 (warmup 2)
[rank2]:[titan] 2026-10-02 07:42:46,216 - torchtitan.trainer - INFO - Training starts at step 1
[rank2]:[titan] 2026-10-02 07:42:46,216 - torchtitan.observability.profiler - INFO - Profiling active. Traces will be saved at /root/mep/results/dep_new_k3range/trace_c012_m16_w_dep_off/out/traces
[rank0]:[titan] 2026-10-02 07:42:46,260 - torchtitan.training_engine - INFO - Model KimiK3Model.Config size: 11,625,395,584 total parameters
[rank0]:[titan] 2026-10-02 07:42:46,262 - torchtitan.components.optim.optimizer - INFO - Optimizer AdamW (model_part=0): 43 params [.*] {'lr': 0.0008, 'betas': (0.9, 0.95), 'eps': 1e-08, 'weight_decay': 0.1, 'foreach': None, 'fused': True}
[rank0]:[titan] 2026-10-02 07:42:46,262 - torchtitan.components.optim.optimizer - INFO - Optimizer AdamW (model_part=1): 28 params [.*] {'lr': 0.0008, 'betas': (0.9, 0.95), 'eps': 1e-08, 'weight_decay': 0.1, 'foreach': None, 'fused': True}
[rank0]:[titan] 2026-10-02 07:42:46,262 - torchtitan.components.optim.optimizer - INFO - Optimizer AdamW (model_part=2): 28 params [.*] {'lr': 0.0008, 'betas': (0.9, 0.95), 'eps': 1e-08, 'weight_decay': 0.1, 'foreach': None, 'fused': True}
[rank0]:[titan] 2026-10-02 07:42:46,262 - torchtitan.components.optim.optimizer - INFO - Optimizer AdamW (model_part=3): 28 params [.*] {'lr': 0.0008, 'betas': (0.9, 0.95), 'eps': 1e-08, 'weight_decay': 0.1, 'foreach': None, 'fused': True}
[rank0]:[titan] 2026-10-02 07:42:46,264 - torchtitan.observability.metrics - WARNING - [31mPipeline Parallel loss is not visible. Please add [33mrank 3[31m to LOG_RANK environment variable in run_train.sh.[39m
[rank0]:[titan] 2026-10-02 07:42:46,264 - torchtitan.trainer - INFO - Peak FLOPS used for computing MFU: 9.890e+14
[rank0]:[titan] 2026-10-02 07:42:46,264 - torchtitan.trainer - INFO - CUDA memory usage for model: 5.63GiB(7.11%)
[rank0]:[titan] 2026-10-02 07:42:46,264 - torchtitan.trainer - INFO - Trainer is initialized with 32768 tokens per DP rank, 32768 tokens per train step, gradient accumulation steps 1, maximum context length 2048, total steps 12 (warmup 2)
[rank0]:[titan] 2026-10-02 07:42:46,264 - torchtitan.trainer - INFO - Training starts at step 1
[rank0]:[titan] 2026-10-02 07:42:46,264 - torchtitan.observability.profiler - INFO - Profiling active. Traces will be saved at /root/mep/results/dep_new_k3range/trace_c012_m16_w_dep_off/out/traces
[rank3]:[titan] 2026-10-02 07:42:46,363 - torchtitan.training_engine - INFO - Model KimiK3Model.Config size: 11,625,395,584 total parameters
[rank3]:[titan] 2026-10-02 07:42:46,364 - torchtitan.components.optim.optimizer - INFO - Optimizer AdamW (model_part=0): 28 params [.*] {'lr': 0.0008, 'betas': (0.9, 0.95), 'eps': 1e-08, 'weight_decay': 0.1, 'foreach': None, 'fused': True}
[rank3]:[titan] 2026-10-02 07:42:46,364 - torchtitan.components.optim.optimizer - INFO - Optimizer AdamW (model_part=1): 28 params [.*] {'lr': 0.0008, 'betas': (0.9, 0.95), 'eps': 1e-08, 'weight_decay': 0.1, 'foreach': None, 'fused': True}
[rank3]:[titan] 2026-10-02 07:42:46,365 - torchtitan.components.optim.optimizer - INFO - Optimizer AdamW (model_part=2): 28 params [.*] {'lr': 0.0008, 'betas': (0.9, 0.95), 'eps': 1e-08, 'weight_decay': 0.1, 'foreach': None, 'fused': True}
[rank3]:[titan] 2026-10-02 07:42:46,365 - torchtitan.components.optim.optimizer - INFO - Optimizer AdamW (model_part=3): 4 params [.*] {'lr': 0.0008, 'betas': (0.9, 0.95), 'eps': 1e-08, 'weight_decay': 0.1, 'foreach': None, 'fused': True}
[rank3]:[titan] 2026-10-02 07:42:46,366 - torchtitan.observability.metrics - WARNING - [31mPipeline Parallel loss is not visible. Please add [33mrank 3[31m to LOG_RANK environment variable in run_train.sh.[39m
[rank3]:[titan] 2026-10-02 07:42:46,366 - torchtitan.trainer - INFO - Peak FLOPS used for computing MFU: 9.890e+14
[rank3]:[titan] 2026-10-02 07:42:46,366 - torchtitan.trainer - INFO - CUDA memory usage for model: 4.46GiB(5.63%)
[rank3]:[titan] 2026-10-02 07:42:46,366 - torchtitan.trainer - INFO - Trainer is initialized with 32768 tokens per DP rank, 32768 tokens per train step, gradient accumulation steps 1, maximum context length 2048, total steps 12 (warmup 2)
[rank3]:[titan] 2026-10-02 07:42:46,366 - torchtitan.trainer - INFO - Training starts at step 1
[rank3]:[titan] 2026-10-02 07:42:46,366 - torchtitan.observability.profiler - INFO - Profiling active. Traces will be saved at /root/mep/results/dep_new_k3range/trace_c012_m16_w_dep_off/out/traces
[rank1]:/root/mep/venv_src/lib/python3.12/site-packages/torch/distributed/fsdp/_fully_shard/_fsdp_state.py:336: UserWarning: FSDP2-wrapped module (FSDPCheckpointWrapper) returned a view tensor. An in-place op on this view (e.g., `x += y`) will silently drop the pre-backward hook and skip the all-gather, which can cause backward to fail or produce wrong gradients. Use out-of-place ops (`out = out + y`, not `out += y`) or `.clone()` the output before any in-place op.
[rank1]:  output = self._register_pre_backward_hook(output)
[rank1]:/root/mep/venv_src/lib/python3.12/site-packages/torch/distributed/fsdp/_fully_shard/_fsdp_state.py:336: UserWarning: FSDP2-wrapped module (FSDPKimiK3Model) returned a view tensor. An in-place op on this view (e.g., `x += y`) will silently drop the pre-backward hook and skip the all-gather, which can cause backward to fail or produce wrong gradients. Use out-of-place ops (`out = out + y`, not `out += y`) or `.clone()` the output before any in-place op.
[rank1]:  output = self._register_pre_backward_hook(output)
[rank2]:/root/mep/venv_src/lib/python3.12/site-packages/torch/distributed/fsdp/_fully_shard/_fsdp_state.py:336: UserWarning: FSDP2-wrapped module (FSDPCheckpointWrapper) returned a view tensor. An in-place op on this view (e.g., `x += y`) will silently drop the pre-backward hook and skip the all-gather, which can cause backward to fail or produce wrong gradients. Use out-of-place ops (`out = out + y`, not `out += y`) or `.clone()` the output before any in-place op.
[rank2]:  output = self._register_pre_backward_hook(output)
[rank3]:/root/mep/venv_src/lib/python3.12/site-packages/torch/distributed/fsdp/_fully_shard/_fsdp_state.py:336: UserWarning: FSDP2-wrapped module (FSDPCheckpointWrapper) returned a view tensor. An in-place op on this view (e.g., `x += y`) will silently drop the pre-backward hook and skip the all-gather, which can cause backward to fail or produce wrong gradients. Use out-of-place ops (`out = out + y`, not `out += y`) or `.clone()` the output before any in-place op.
[rank3]:  output = self._register_pre_backward_hook(output)
[rank3]:/root/mep/venv_src/lib/python3.12/site-packages/torch/distributed/fsdp/_fully_shard/_fsdp_state.py:336: UserWarning: FSDP2-wrapped module (FSDPKimiK3Model) returned a view tensor. An in-place op on this view (e.g., `x += y`) will silently drop the pre-backward hook and skip the all-gather, which can cause backward to fail or produce wrong gradients. Use out-of-place ops (`out = out + y`, not `out += y`) or `.clone()` the output before any in-place op.
[rank3]:  output = self._register_pre_backward_hook(output)
[rank0]:/root/mep/venv_src/lib/python3.12/site-packages/torch/distributed/fsdp/_fully_shard/_fsdp_state.py:336: UserWarning: FSDP2-wrapped module (FSDPCheckpointWrapper) returned a view tensor. An in-place op on this view (e.g., `x += y`) will silently drop the pre-backward hook and skip the all-gather, which can cause backward to fail or produce wrong gradients. Use out-of-place ops (`out = out + y`, not `out += y`) or `.clone()` the output before any in-place op.
[rank0]:  output = self._register_pre_backward_hook(output)
[rank0]:/root/mep/venv_src/lib/python3.12/site-packages/torch/distributed/fsdp/_fully_shard/_fsdp_state.py:336: UserWarning: FSDP2-wrapped module (FSDPKimiK3Model) returned a view tensor. An in-place op on this view (e.g., `x += y`) will silently drop the pre-backward hook and skip the all-gather, which can cause backward to fail or produce wrong gradients. Use out-of-place ops (`out = out + y`, not `out += y`) or `.clone()` the output before any in-place op.
[rank0]:  output = self._register_pre_backward_hook(output)
[rank1]:/root/mep/venv_src/lib/python3.12/site-packages/torch/distributed/fsdp/_fully_shard/_fsdp_state.py:336: UserWarning: FSDP2-wrapped module (FSDPCheckpointWrapper) returned a view tensor. An in-place op on this view (e.g., `x += y`) will silently drop the pre-backward hook and skip the all-gather, which can cause backward to fail or produce wrong gradients. Use out-of-place ops (`out = out + y`, not `out += y`) or `.clone()` the output before any in-place op.
[rank1]:  output = self._register_pre_backward_hook(output)
[rank1]:/root/mep/venv_src/lib/python3.12/site-packages/torch/distributed/fsdp/_fully_shard/_fsdp_state.py:336: UserWarning: FSDP2-wrapped module (FSDPKimiK3Model) returned a view tensor. An in-place op on this view (e.g., `x += y`) will silently drop the pre-backward hook and skip the all-gather, which can cause backward to fail or produce wrong gradients. Use out-of-place ops (`out = out + y`, not `out += y`) or `.clone()` the output before any in-place op.
[rank1]:  output = self._register_pre_backward_hook(output)
[rank0]:/root/mep/venv_src/lib/python3.12/site-packages/torch/distributed/fsdp/_fully_shard/_fsdp_state.py:336: UserWarning: FSDP2-wrapped module (FSDPCheckpointWrapper) returned a view tensor. An in-place op on this view (e.g., `x += y`) will silently drop the pre-backward hook and skip the all-gather, which can cause backward to fail or produce wrong gradients. Use out-of-place ops (`out = out + y`, not `out += y`) or `.clone()` the output before any in-place op.
[rank0]:  output = self._register_pre_backward_hook(output)
[rank0]:/root/mep/venv_src/lib/python3.12/site-packages/torch/distributed/fsdp/_fully_shard/_fsdp_state.py:336: UserWarning: FSDP2-wrapped module (FSDPKimiK3Model) returned a view tensor. An in-place op on this view (e.g., `x += y`) will silently drop the pre-backward hook and skip the all-gather, which can cause backward to fail or produce wrong gradients. Use out-of-place ops (`out = out + y`, not `out += y`) or `.clone()` the output before any in-place op.
[rank0]:  output = self._register_pre_backward_hook(output)
[rank3]:[titan] 2026-10-02 07:43:35,036 - torchtitan.observability.metrics - INFO - [31mstep:  1  [32mloss:  8.07311  [38;2;180;60;0mgrad_norm: 36.7500  [38;2;54;234;195mmemory: 44.22GiB(55.83%)  [34mtps: 165  [36mtflops: 9.00  [35mmfu: 0.91%[39m
[rank3]:[titan] 2026-10-02 07:43:35,037 - torchtitan.distributed.utils - INFO - Synchronizing and adjusting timeout for all ProcessGroups to 0:01:40
[rank0]:[titan] 2026-10-02 07:43:35,086 - torchtitan.observability.metrics - INFO - [31mstep:  1  [32mloss: -1.00000  [38;2;180;60;0mgrad_norm: 36.7500  [38;2;54;234;195mmemory: 48.60GiB(61.36%)  [34mtps: 165  [36mtflops: 8.99  [35mmfu: 0.91%[39m
[rank0]:[titan] 2026-10-02 07:43:35,087 - torchtitan.distributed.utils - INFO - Synchronizing and adjusting timeout for all ProcessGroups to 0:01:40
[rank2]:[titan] 2026-10-02 07:43:35,099 - torchtitan.observability.metrics - INFO - [31mstep:  1  [32mloss: -1.00000  [38;2;180;60;0mgrad_norm: 36.7500  [38;2;54;234;195mmemory: 53.48GiB(67.52%)  [34mtps: 165  [36mtflops: 8.99  [35mmfu: 0.91%[39m
[rank2]:[titan] 2026-10-02 07:43:35,099 - torchtitan.distributed.utils - INFO - Synchronizing and adjusting timeout for all ProcessGroups to 0:01:40
[rank1]:[titan] 2026-10-02 07:43:35,103 - torchtitan.observability.metrics - INFO - [31mstep:  1  [32mloss: -1.00000  [38;2;180;60;0mgrad_norm: 36.7500  [38;2;54;234;195mmemory: 49.12GiB(62.02%)  [34mtps: 165  [36mtflops: 8.99  [35mmfu: 0.91%[39m
[rank1]:[titan] 2026-10-02 07:43:35,103 - torchtitan.distributed.utils - INFO - Synchronizing and adjusting timeout for all ProcessGroups to 0:01:40
[rank1]:[titan] 2026-10-02 07:43:38,853 - torchtitan.observability.metrics - INFO - [31mstep:  2  [32mloss: -1.00000  [38;2;180;60;0mgrad_norm: 54.0000  [38;2;54;234;195mmemory: 60.52GiB(76.41%)  [34mtps: 2,185  [36mtflops: 119.29  [35mmfu: 12.06%[39m
[rank0]:[titan] 2026-10-02 07:43:38,851 - torchtitan.observability.metrics - INFO - [31mstep:  2  [32mloss: -1.00000  [38;2;180;60;0mgrad_norm: 54.0000  [38;2;54;234;195mmemory: 58.93GiB(74.40%)  [34mtps: 2,176  [36mtflops: 118.79  [35mmfu: 12.01%[39m
[rank2]:[titan] 2026-10-02 07:43:38,854 - torchtitan.observability.metrics - INFO - [31mstep:  2  [32mloss: -1.00000  [38;2;180;60;0mgrad_norm: 54.0000  [38;2;54;234;195mmemory: 65.89GiB(83.19%)  [34mtps: 2,182  [36mtflops: 119.11  [35mmfu: 12.04%[39m
[rank3]:[titan] 2026-10-02 07:43:38,848 - torchtitan.observability.metrics - INFO - [31mstep:  2  [32mloss:  6.61335  [38;2;180;60;0mgrad_norm: 54.0000  [38;2;54;234;195mmemory: 52.77GiB(66.62%)  [34mtps: 2,150  [36mtflops: 117.37  [35mmfu: 11.87%[39m
[rank1]:[titan] 2026-10-02 07:43:41,868 - torchtitan.observability.metrics - INFO - [31mstep:  3  [32mloss: -1.00000  [38;2;180;60;0mgrad_norm: 47.2500  [38;2;54;234;195mmemory: 60.52GiB(76.41%)  [34mtps: 2,717  [36mtflops: 148.34  [35mmfu: 15.00%[39m
[rank0]:[titan] 2026-10-02 07:43:41,867 - torchtitan.observability.metrics - INFO - [31mstep:  3  [32mloss: -1.00000  [38;2;180;60;0mgrad_norm: 47.2500  [38;2;54;234;195mmemory: 58.93GiB(74.40%)  [34mtps: 2,717  [36mtflops: 148.34  [35mmfu: 15.00%[39m
[rank2]:[titan] 2026-10-02 07:43:41,870 - torchtitan.observability.metrics - INFO - [31mstep:  3  [32mloss: -1.00000  [38;2;180;60;0mgrad_norm: 47.2500  [38;2;54;234;195mmemory: 65.89GiB(83.19%)  [34mtps: 2,717  [36mtflops: 148.34  [35mmfu: 15.00%[39m
[rank3]:[titan] 2026-10-02 07:43:41,863 - torchtitan.observability.metrics - INFO - [31mstep:  3  [32mloss:  8.77872  [38;2;180;60;0mgrad_norm: 47.2500  [38;2;54;234;195mmemory: 52.77GiB(66.62%)  [34mtps: 2,717  [36mtflops: 148.35  [35mmfu: 15.00%[39m
[rank1]:[titan] 2026-10-02 07:43:44,884 - torchtitan.observability.metrics - INFO - [31mstep:  4  [32mloss: -1.00000  [38;2;180;60;0mgrad_norm: 205.0000  [38;2;54;234;195mmemory: 60.52GiB(76.41%)  [34mtps: 2,716  [36mtflops: 148.30  [35mmfu: 15.00%[39m
[rank0]:[titan] 2026-10-02 07:43:44,883 - torchtitan.observability.metrics - INFO - [31mstep:  4  [32mloss: -1.00000  [38;2;180;60;0mgrad_norm: 205.0000  [38;2;54;234;195mmemory: 58.93GiB(74.40%)  [34mtps: 2,716  [36mtflops: 148.31  [35mmfu: 15.00%[39m
[rank3]:[titan] 2026-10-02 07:43:44,879 - torchtitan.observability.metrics - INFO - [31mstep:  4  [32mloss:  9.61246  [38;2;180;60;0mgrad_norm: 205.0000  [38;2;54;234;195mmemory: 52.77GiB(66.62%)  [34mtps: 2,716  [36mtflops: 148.30  [35mmfu: 15.00%[39m
[rank2]:[titan] 2026-10-02 07:43:44,886 - torchtitan.observability.metrics - INFO - [31mstep:  4  [32mloss: -1.00000  [38;2;180;60;0mgrad_norm: 205.0000  [38;2;54;234;195mmemory: 65.89GiB(83.19%)  [34mtps: 2,717  [36mtflops: 148.33  [35mmfu: 15.00%[39m
[rank1]:[titan] 2026-10-02 07:43:47,880 - torchtitan.observability.metrics - INFO - [31mstep:  5  [32mloss: -1.00000  [38;2;180;60;0mgrad_norm: 163.0000  [38;2;54;234;195mmemory: 60.52GiB(76.41%)  [34mtps: 2,735  [36mtflops: 149.30  [35mmfu: 15.10%[39m
[rank0]:[titan] 2026-10-02 07:43:47,879 - torchtitan.observability.metrics - INFO - [31mstep:  5  [32mloss: -1.00000  [38;2;180;60;0mgrad_norm: 163.0000  [38;2;54;234;195mmemory: 58.93GiB(74.40%)  [34mtps: 2,735  [36mtflops: 149.30  [35mmfu: 15.10%[39m
[rank3]:[titan] 2026-10-02 07:43:47,875 - torchtitan.observability.metrics - INFO - [31mstep:  5  [32mloss: 12.94727  [38;2;180;60;0mgrad_norm: 163.0000  [38;2;54;234;195mmemory: 52.77GiB(66.62%)  [34mtps: 2,735  [36mtflops: 149.31  [35mmfu: 15.10%[39m
[rank2]:[titan] 2026-10-02 07:43:47,882 - torchtitan.observability.metrics - INFO - [31mstep:  5  [32mloss: -1.00000  [38;2;180;60;0mgrad_norm: 163.0000  [38;2;54;234;195mmemory: 65.89GiB(83.19%)  [34mtps: 2,735  [36mtflops: 149.31  [35mmfu: 15.10%[39m
[rank3]:[titan] 2026-10-02 07:43:50,869 - torchtitan.observability.metrics - INFO - [31mstep:  6  [32mloss: 11.78245  [38;2;180;60;0mgrad_norm: 69.0000  [38;2;54;234;195mmemory: 52.77GiB(66.62%)  [34mtps: 2,736  [36mtflops: 149.39  [35mmfu: 15.10%[39m
[rank1]:[titan] 2026-10-02 07:43:50,874 - torchtitan.observability.metrics - INFO - [31mstep:  6  [32mloss: -1.00000  [38;2;180;60;0mgrad_norm: 69.0000  [38;2;54;234;195mmemory: 60.52GiB(76.41%)  [34mtps: 2,736  [36mtflops: 149.39  [35mmfu: 15.11%[39m
[rank0]:[titan] 2026-10-02 07:43:50,873 - torchtitan.observability.metrics - INFO - [31mstep:  6  [32mloss: -1.00000  [38;2;180;60;0mgrad_norm: 69.0000  [38;2;54;234;195mmemory: 58.93GiB(74.40%)  [34mtps: 2,736  [36mtflops: 149.40  [35mmfu: 15.11%[39m
[rank2]:[titan] 2026-10-02 07:43:50,876 - torchtitan.observability.metrics - INFO - [31mstep:  6  [32mloss: -1.00000  [38;2;180;60;0mgrad_norm: 69.0000  [38;2;54;234;195mmemory: 65.89GiB(83.19%)  [34mtps: 2,736  [36mtflops: 149.39  [35mmfu: 15.10%[39m
[rank2]:[titan] 2026-10-02 07:43:53,880 - torchtitan.observability.metrics - INFO - [31mstep:  7  [32mloss: -1.00000  [38;2;180;60;0mgrad_norm: 112.0000  [38;2;54;234;195mmemory: 65.89GiB(83.19%)  [34mtps: 2,727  [36mtflops: 148.91  [35mmfu: 15.06%[39m
[rank3]:[titan] 2026-10-02 07:43:53,873 - torchtitan.observability.metrics - INFO - [31mstep:  7  [32mloss:  7.80321  [38;2;180;60;0mgrad_norm: 112.0000  [38;2;54;234;195mmemory: 52.77GiB(66.62%)  [34mtps: 2,727  [36mtflops: 148.90  [35mmfu: 15.06%[39m
[rank1]:[titan] 2026-10-02 07:43:53,879 - torchtitan.observability.metrics - INFO - [31mstep:  7  [32mloss: -1.00000  [38;2;180;60;0mgrad_norm: 112.0000  [38;2;54;234;195mmemory: 60.52GiB(76.41%)  [34mtps: 2,727  [36mtflops: 148.90  [35mmfu: 15.06%[39m
[rank0]:[titan] 2026-10-02 07:43:53,877 - torchtitan.observability.metrics - INFO - [31mstep:  7  [32mloss: -1.00000  [38;2;180;60;0mgrad_norm: 112.0000  [38;2;54;234;195mmemory: 58.93GiB(74.40%)  [34mtps: 2,727  [36mtflops: 148.91  [35mmfu: 15.06%[39m
[rank3]:[titan] 2026-10-02 07:43:57,088 - torchtitan.observability.metrics - INFO - [31mstep:  8  [32mloss:  6.37781  [38;2;180;60;0mgrad_norm: 60.2500  [38;2;54;234;195mmemory: 52.77GiB(66.62%)  [34mtps: 2,549  [36mtflops: 139.14  [35mmfu: 14.07%[39m
[rank1]:[titan] 2026-10-02 07:43:57,093 - torchtitan.observability.metrics - INFO - [31mstep:  8  [32mloss: -1.00000  [38;2;180;60;0mgrad_norm: 60.2500  [38;2;54;234;195mmemory: 60.52GiB(76.41%)  [34mtps: 2,549  [36mtflops: 139.15  [35mmfu: 14.07%[39m
[rank0]:[titan] 2026-10-02 07:43:57,092 - torchtitan.observability.metrics - INFO - [31mstep:  8  [32mloss: -1.00000  [38;2;180;60;0mgrad_norm: 60.2500  [38;2;54;234;195mmemory: 58.93GiB(74.40%)  [34mtps: 2,549  [36mtflops: 139.14  [35mmfu: 14.07%[39m
[rank2]:[titan] 2026-10-02 07:43:57,095 - torchtitan.observability.metrics - INFO - [31mstep:  8  [32mloss: -1.00000  [38;2;180;60;0mgrad_norm: 60.2500  [38;2;54;234;195mmemory: 65.89GiB(83.19%)  [34mtps: 2,549  [36mtflops: 139.14  [35mmfu: 14.07%[39m
[rank3]:USDT:2026-10-02 07:44:00 26101:26101 SyncActivityProfilerHandler.cpp:39] profiler_start
[rank0]:USDT:2026-10-02 07:44:00 26098:26098 SyncActivityProfilerHandler.cpp:39] profiler_start
[rank2]:[titan] 2026-10-02 07:44:00,176 - torchtitan.observability.metrics - INFO - [31mstep:  9  [32mloss: -1.00000  [38;2;180;60;0mgrad_norm: 46.7500  [38;2;54;234;195mmemory: 65.89GiB(83.19%)  [34mtps: 2,659  [36mtflops: 145.18  [35mmfu: 14.68%[39m
[rank2]:USDT:2026-10-02 07:44:00 26100:26100 SyncActivityProfilerHandler.cpp:39] profiler_start
[rank3]:[titan] 2026-10-02 07:44:00,169 - torchtitan.observability.metrics - INFO - [31mstep:  9  [32mloss:  4.68495  [38;2;180;60;0mgrad_norm: 46.7500  [38;2;54;234;195mmemory: 52.77GiB(66.62%)  [34mtps: 2,659  [36mtflops: 145.18  [35mmfu: 14.68%[39m
[rank1]:USDT:2026-10-02 07:44:00 26099:26099 SyncActivityProfilerHandler.cpp:39] profiler_start
[rank1]:[titan] 2026-10-02 07:44:00,174 - torchtitan.observability.metrics - INFO - [31mstep:  9  [32mloss: -1.00000  [38;2;180;60;0mgrad_norm: 46.7500  [38;2;54;234;195mmemory: 60.52GiB(76.41%)  [34mtps: 2,659  [36mtflops: 145.17  [35mmfu: 14.68%[39m
[rank0]:[titan] 2026-10-02 07:44:00,173 - torchtitan.observability.metrics - INFO - [31mstep:  9  [32mloss: -1.00000  [38;2;180;60;0mgrad_norm: 46.7500  [38;2;54;234;195mmemory: 58.93GiB(74.40%)  [34mtps: 2,659  [36mtflops: 145.18  [35mmfu: 14.68%[39m
[rank2]:[titan] 2026-10-02 07:44:03,480 - torchtitan.observability.metrics - INFO - [31mstep: 10  [32mloss: -1.00000  [38;2;180;60;0mgrad_norm: 25.6250  [38;2;54;234;195mmemory: 65.89GiB(83.19%)  [34mtps: 2,479  [36mtflops: 135.37  [35mmfu: 13.69%[39m
[rank3]:[titan] 2026-10-02 07:44:03,474 - torchtitan.observability.metrics - INFO - [31mstep: 10  [32mloss:  4.47473  [38;2;180;60;0mgrad_norm: 25.6250  [38;2;54;234;195mmemory: 52.77GiB(66.62%)  [34mtps: 2,479  [36mtflops: 135.37  [35mmfu: 13.69%[39m
[rank1]:[titan] 2026-10-02 07:44:03,479 - torchtitan.observability.metrics - INFO - [31mstep: 10  [32mloss: -1.00000  [38;2;180;60;0mgrad_norm: 25.6250  [38;2;54;234;195mmemory: 60.52GiB(76.41%)  [34mtps: 2,479  [36mtflops: 135.37  [35mmfu: 13.69%[39m
[rank0]:[titan] 2026-10-02 07:44:03,478 - torchtitan.observability.metrics - INFO - [31mstep: 10  [32mloss: -1.00000  [38;2;180;60;0mgrad_norm: 25.6250  [38;2;54;234;195mmemory: 58.93GiB(74.40%)  [34mtps: 2,479  [36mtflops: 135.37  [35mmfu: 13.69%[39m
[rank3]:USDT:2026-10-02 07:44:03 26101:26101 SyncActivityProfilerHandler.cpp:46] profiler_stop
[rank1]:USDT:2026-10-02 07:44:03 26099:26099 SyncActivityProfilerHandler.cpp:46] profiler_stop
[rank2]:USDT:2026-10-02 07:44:03 26100:26100 SyncActivityProfilerHandler.cpp:46] profiler_stop
[rank0]:USDT:2026-10-02 07:44:03 26098:26098 SyncActivityProfilerHandler.cpp:46] profiler_stop
[rank3]:[titan] 2026-10-02 07:44:05,245 - torchtitan.observability.profiler - INFO - Dumping profiler traces at step 10
[rank0]:[titan] 2026-10-02 07:44:05,674 - torchtitan.observability.profiler - INFO - Dumping profiler traces at step 10
[rank1]:[titan] 2026-10-02 07:44:05,922 - torchtitan.observability.profiler - INFO - Dumping profiler traces at step 10
[rank2]:[titan] 2026-10-02 07:44:05,970 - torchtitan.observability.profiler - INFO - Dumping profiler traces at step 10
[rank3]:[titan] 2026-10-02 07:44:11,716 - torchtitan.observability.profiler - INFO - Finished dumping profiler traces in 6.47 seconds
[rank0]:[titan] 2026-10-02 07:44:13,716 - torchtitan.observability.profiler - INFO - Finished dumping profiler traces in 8.04 seconds
[rank1]:[titan] 2026-10-02 07:44:14,810 - torchtitan.observability.profiler - INFO - Finished dumping profiler traces in 8.89 seconds
[rank2]:[titan] 2026-10-02 07:44:15,177 - torchtitan.observability.profiler - INFO - Finished dumping profiler traces in 9.21 seconds
[rank0]:[titan] 2026-10-02 07:44:18,175 - torchtitan.observability.metrics - INFO - [31mstep: 11  [32mloss: -1.00000  [38;2;180;60;0mgrad_norm: 24.5000  [38;2;54;234;195mmemory: 58.93GiB(74.40%)  [34mtps: 557  [36mtflops: 30.43  [35mmfu: 3.08%[39m
[rank3]:[titan] 2026-10-02 07:44:18,172 - torchtitan.observability.metrics - INFO - [31mstep: 11  [32mloss:  3.88994  [38;2;180;60;0mgrad_norm: 24.5000  [38;2;54;234;195mmemory: 52.77GiB(66.62%)  [34mtps: 557  [36mtflops: 30.43  [35mmfu: 3.08%[39m
[rank2]:[titan] 2026-10-02 07:44:18,178 - torchtitan.observability.metrics - INFO - [31mstep: 11  [32mloss: -1.00000  [38;2;180;60;0mgrad_norm: 24.5000  [38;2;54;234;195mmemory: 65.89GiB(83.19%)  [34mtps: 557  [36mtflops: 30.43  [35mmfu: 3.08%[39m
[rank1]:[titan] 2026-10-02 07:44:18,177 - torchtitan.observability.metrics - INFO - [31mstep: 11  [32mloss: -1.00000  [38;2;180;60;0mgrad_norm: 24.5000  [38;2;54;234;195mmemory: 60.52GiB(76.41%)  [34mtps: 557  [36mtflops: 30.43  [35mmfu: 3.08%[39m
[rank0]:[titan] 2026-10-02 07:44:21,179 - torchtitan.observability.metrics - INFO - [31mstep: 12  [32mloss: -1.00000  [38;2;180;60;0mgrad_norm: 900.0000  [38;2;54;234;195mmemory: 59.40GiB(74.99%)  [34mtps: 2,728  [36mtflops: 148.92  [35mmfu: 15.06%[39m
[rank0]:[titan] 2026-10-02 07:44:21,180 - torchtitan.trainer - INFO - Sleeping 2 seconds for other ranks to complete
[rank3]:[titan] 2026-10-02 07:44:21,175 - torchtitan.observability.metrics - INFO - [31mstep: 12  [32mloss:  4.07037  [38;2;180;60;0mgrad_norm: 900.0000  [38;2;54;234;195mmemory: 52.77GiB(66.62%)  [34mtps: 2,728  [36mtflops: 148.94  [35mmfu: 15.06%[39m
[rank2]:[titan] 2026-10-02 07:44:21,182 - torchtitan.observability.metrics - INFO - [31mstep: 12  [32mloss: -1.00000  [38;2;180;60;0mgrad_norm: 900.0000  [38;2;54;234;195mmemory: 65.89GiB(83.19%)  [34mtps: 2,727  [36mtflops: 148.90  [35mmfu: 15.06%[39m
[rank3]:[titan] 2026-10-02 07:44:21,176 - torchtitan.trainer - INFO - Training completed
[rank2]:[titan] 2026-10-02 07:44:21,183 - torchtitan.trainer - INFO - Training completed
[rank1]:[titan] 2026-10-02 07:44:21,181 - torchtitan.observability.metrics - INFO - [31mstep: 12  [32mloss: -1.00000  [38;2;180;60;0mgrad_norm: 900.0000  [38;2;54;234;195mmemory: 60.52GiB(76.41%)  [34mtps: 2,727  [36mtflops: 148.91  [35mmfu: 15.06%[39m
[rank1]:[titan] 2026-10-02 07:44:21,181 - torchtitan.trainer - INFO - Training completed
[rank0]:[titan] 2026-10-02 07:44:23,181 - torchtitan.trainer - INFO - Training completed
[rank1]:[titan] 2026-10-02 07:44:25,747 - __main__ - INFO - Process group destroyed
[rank0]:[titan] 2026-10-02 07:44:25,761 - __main__ - INFO - Process group destroyed
[rank2]:[titan] 2026-10-02 07:44:26,017 - __main__ - INFO - Process group destroyed
[rank3]:[titan] 2026-10-02 07:44:26,027 - __main__ - INFO - Process group destroyed
