WARNING:absl:Failed to load jax profiler: No module named 'jax'
[titan] 2026-09-21 09:16:45,719 - __main__ - INFO - torchtitan version: 0.0.0+unknown (0.0.0 means __version__ is not defined correctly).
[titan] 2026-09-21 09:16:46,309 - torchtitan.components.checkpointer.base - WARNING - initial_load_model_only=True has no effect without an initial_load_path.
[titan] 2026-09-21 09:16:46,391 - torchtitan.components.checkpointer.base - WARNING - initial_load_model_only=True has no effect without an initial_load_path.
[titan] 2026-09-21 09:16:46,394 - torchtitan.observability.structured_logger.jsonl_handler - INFO - Structured logging -> JSONL: /workspace/results/pp_r3_bf16dump/ref/structured_logs/training.global_rank_0.20260921-091646-1FMRVV.jsonl
[titan] 2026-09-21 09:16:46,585 - torchtitan.distributed.utils - WARNING - ENV[TORCH_NCCL_ASYNC_ERROR_HANDLING] = 1 will be overridden to 3 based on job config
[titan] 2026-09-21 09:16:47,002 - torchtitan.tools.utils - INFO - [GC] Initial GC collection took 0.00 seconds
[titan] 2026-09-21 09:16:47,002 - torchtitan.distributed.utils - INFO - Deterministic algorithm enabled (expect perf degradation).
[titan] 2026-09-21 09:16:47,017 - torchtitan.observability.metrics - INFO - CUDA capacity: NVIDIA H200 with 139.80GiB memory
[titan] 2026-09-21 09:16:47,029 - torchtitan.tools.utils - WARNING - Error running lspci: [Errno 2] No such file or directory: 'lspci', fallback to use device_name
[titan] 2026-09-21 09:16:47,030 - torchtitan.components.tokenizer - INFO - Loading tokenizer from tokenizer.json
[titan] 2026-09-21 09:16:47,791 - httpx - INFO - HTTP Request: HEAD https://s3.amazonaws.com/datasets.huggingface.co/datasets/datasets/json/json.py "HTTP/1.1 200 OK"
[titan] 2026-09-21 09:16:47,801 - torchtitan.protocols.state_dict_adapter - WARNING - model.safetensors.index.json not found at hf_assets_path: ./tests/assets/tokenizer/model.safetensors.index.json.                     Defaulting to saving a single safetensors file if checkpoint is saved in HF format
[titan] 2026-09-21 09:16:47,921 - torchtitan.models.utils - INFO - Total parameter count: 25,776,880, active parameters: 17,236,208
[titan] 2026-09-21 09:16:47,921 - torchtitan.distributed.parallel_dims - INFO - Building device mesh with parallelism: pp=1, dp_replicate=1, dp_shard=1, cp=1, tp=1, ep=1
[titan] 2026-09-21 09:16:47,929 - torchtitan.distributed.parallel_dims - INFO - Successfully created meshes with active dimensions: []
[titan] 2026-09-21 09:16:47,996 - torchtitan.distributed.activation_checkpoint - INFO - Applied SelectiveAC activation checkpointing to the model
[titan] 2026-09-21 09:16:47,996 - torchtitan.distributed.activation_checkpoint - INFO - Applied SelectiveAC activation checkpointing to the model
[titan] 2026-09-21 09:16:48,123 - torchtitan.distributed.fsdp - INFO - Applied FSDP to the model
[titan] 2026-09-21 09:16:48,718 - torchtitan.training_engine - INFO - Model kimi_k3 debugmodel size: 25,776,880 total parameters
[titan] 2026-09-21 09:16:48,721 - torchtitan.components.optimizer.optimizer - INFO - Optimizer AdamW (model_part=0): 481 params [.*] {'fused': True, 'foreach': False, 'lr': 0.0008, 'betas': (0.9, 0.95), 'eps': 1e-08, 'weight_decay': 0.1}
[titan] 2026-09-21 09:16:48,724 - torchtitan.components.checkpointer.base - WARNING - initial_load_model_only=True has no effect without an initial_load_path.
[titan] 2026-09-21 09:16:48,750 - torchtitan.components.checkpointer.dcp - INFO - Checkpointing active. Checkpoints will be loaded from and saved to /workspace/results/pp_r3_bf16dump/ref/checkpoint
[titan] 2026-09-21 09:16:48,750 - torchtitan.trainer - INFO - Peak FLOPS used for computing MFU: 9.890e+14
[titan] 2026-09-21 09:16:48,750 - torchtitan.trainer - INFO - CUDA memory usage for model: 0.07GiB(0.05%)
[titan] 2026-09-21 09:16:48,750 - torchtitan.trainer - INFO - Trainer is initialized with 256 tokens per DP rank, 1024 tokens per train step, gradient accumulation steps 4, maximum context length 2048, total steps 20 (warmup 2)
[titan] 2026-09-21 09:16:48,751 - torchtitan.components.checkpointer.base - INFO - Loading the checkpoint from /workspace/results/pp_r3_bf16dump/ref/checkpoint/step-0.
[titan] 2026-09-21 09:16:49,080 - torchtitan.tools.utils - INFO - [GC] GC collection for checkpoint loading. took 0.01 seconds
[titan] 2026-09-21 09:16:49,080 - torchtitan.components.checkpointer.base - INFO - Finished loading the checkpoint in 0.33 seconds.
[titan] 2026-09-21 09:16:49,080 - torchtitan.trainer - INFO - Training starts at step 1
/workspace/venv_k3/lib/python3.12/site-packages/torch/distributed/fsdp/_fully_shard/_fsdp_state.py:336: UserWarning: FSDP2-wrapped module (FSDPCheckpointWrapper) returned a view tensor. An in-place op on this view (e.g., `x += y`) will silently drop the pre-backward hook and skip the all-gather, which can cause backward to fail or produce wrong gradients. Use out-of-place ops (`out = out + y`, not `out += y`) or `.clone()` the output before any in-place op.
  output = self._register_pre_backward_hook(output)
/workspace/venv_k3/lib/python3.12/site-packages/torch/distributed/fsdp/_fully_shard/_fsdp_state.py:336: UserWarning: FSDP2-wrapped module (FSDPCheckpointWrapper) returned a view tensor. An in-place op on this view (e.g., `x += y`) will silently drop the pre-backward hook and skip the all-gather, which can cause backward to fail or produce wrong gradients. Use out-of-place ops (`out = out + y`, not `out += y`) or `.clone()` the output before any in-place op.
  output = self._register_pre_backward_hook(output)
GNREPR r0 1 2.1450016499e+00 0x1.128f6a0000000p+1
[titan] 2026-09-21 09:16:55,864 - torchtitan.observability.metrics - INFO - [31mstep:  1  [32mloss:  8.05550  [38;2;180;60;0mgrad_norm:  2.1450  [38;2;54;234;195mmemory:  0.30GiB(0.22%)  [34mtps: 116  [36mtflops: 0.02  [35mmfu: 0.00%[39m
[titan] 2026-09-21 09:16:55,864 - torchtitan.distributed.utils - INFO - Synchronizing and adjusting timeout for all ProcessGroups to 0:01:40
GNREPR r0 2 7.5774097443e+00 0x1.e4f4480000000p+2
[titan] 2026-09-21 09:16:57,563 - torchtitan.observability.metrics - INFO - [31mstep:  2  [32mloss:  6.91989  [38;2;180;60;0mgrad_norm:  7.5774  [38;2;54;234;195mmemory:  0.38GiB(0.28%)  [34mtps: 603  [36mtflops: 0.09  [35mmfu: 0.01%[39m
GNREPR r0 3 3.4239904881e+00 0x1.b645520000000p+1
[titan] 2026-09-21 09:16:59,238 - torchtitan.observability.metrics - INFO - [31mstep:  3  [32mloss:  5.71854  [38;2;180;60;0mgrad_norm:  3.4240  [38;2;54;234;195mmemory:  0.38GiB(0.28%)  [34mtps: 611  [36mtflops: 0.10  [35mmfu: 0.01%[39m
GNREPR r0 4 2.9981651306e+00 0x1.7fc3e00000000p+1
[titan] 2026-09-21 09:17:00,907 - torchtitan.observability.metrics - INFO - [31mstep:  4  [32mloss:  5.12567  [38;2;180;60;0mgrad_norm:  2.9982  [38;2;54;234;195mmemory:  0.38GiB(0.28%)  [34mtps: 614  [36mtflops: 0.10  [35mmfu: 0.01%[39m
GNREPR r0 5 2.5185289383e+00 0x1.425f280000000p+1
[titan] 2026-09-21 09:17:02,574 - torchtitan.observability.metrics - INFO - [31mstep:  5  [32mloss:  4.31702  [38;2;180;60;0mgrad_norm:  2.5185  [38;2;54;234;195mmemory:  0.38GiB(0.28%)  [34mtps: 614  [36mtflops: 0.10  [35mmfu: 0.01%[39m
GNREPR r0 6 2.1233150959e+00 0x1.0fc8ca0000000p+1
[titan] 2026-09-21 09:17:04,266 - torchtitan.observability.metrics - INFO - [31mstep:  6  [32mloss:  4.13546  [38;2;180;60;0mgrad_norm:  2.1233  [38;2;54;234;195mmemory:  0.38GiB(0.28%)  [34mtps: 605  [36mtflops: 0.09  [35mmfu: 0.01%[39m
GNREPR r0 7 1.8944872618e+00 0x1.e4fd1e0000000p+0
[titan] 2026-09-21 09:17:05,945 - torchtitan.observability.metrics - INFO - [31mstep:  7  [32mloss:  3.94978  [38;2;180;60;0mgrad_norm:  1.8945  [38;2;54;234;195mmemory:  0.38GiB(0.28%)  [34mtps: 610  [36mtflops: 0.10  [35mmfu: 0.01%[39m
GNREPR r0 8 1.6758693457e+00 0x1.ad05c60000000p+0
[titan] 2026-09-21 09:17:07,625 - torchtitan.observability.metrics - INFO - [31mstep:  8  [32mloss:  3.68395  [38;2;180;60;0mgrad_norm:  1.6759  [38;2;54;234;195mmemory:  0.38GiB(0.28%)  [34mtps: 610  [36mtflops: 0.10  [35mmfu: 0.01%[39m
GNREPR r0 9 1.5769387484e+00 0x1.93b2420000000p+0
[titan] 2026-09-21 09:17:09,302 - torchtitan.observability.metrics - INFO - [31mstep:  9  [32mloss:  3.74364  [38;2;180;60;0mgrad_norm:  1.5769  [38;2;54;234;195mmemory:  0.38GiB(0.28%)  [34mtps: 611  [36mtflops: 0.10  [35mmfu: 0.01%[39m
GNREPR r0 10 1.3165893555e+00 0x1.510c000000000p+0
[titan] 2026-09-21 09:17:10,995 - torchtitan.observability.metrics - INFO - [31mstep: 10  [32mloss:  3.46660  [38;2;180;60;0mgrad_norm:  1.3166  [38;2;54;234;195mmemory:  0.38GiB(0.28%)  [34mtps: 605  [36mtflops: 0.09  [35mmfu: 0.01%[39m
GNREPR r0 11 1.2756570578e+00 0x1.4691760000000p+0
[titan] 2026-09-21 09:17:12,675 - torchtitan.observability.metrics - INFO - [31mstep: 11  [32mloss:  3.36406  [38;2;180;60;0mgrad_norm:  1.2757  [38;2;54;234;195mmemory:  0.38GiB(0.28%)  [34mtps: 610  [36mtflops: 0.10  [35mmfu: 0.01%[39m
GNREPR r0 12 1.1523963213e+00 0x1.2703720000000p+0
[titan] 2026-09-21 09:17:14,361 - torchtitan.observability.metrics - INFO - [31mstep: 12  [32mloss:  3.75344  [38;2;180;60;0mgrad_norm:  1.1524  [38;2;54;234;195mmemory:  0.38GiB(0.28%)  [34mtps: 607  [36mtflops: 0.10  [35mmfu: 0.01%[39m
GNREPR r0 13 1.3447182178e+00 0x1.583f740000000p+0
[titan] 2026-09-21 09:17:16,041 - torchtitan.observability.metrics - INFO - [31mstep: 13  [32mloss:  3.27425  [38;2;180;60;0mgrad_norm:  1.3447  [38;2;54;234;195mmemory:  0.38GiB(0.28%)  [34mtps: 610  [36mtflops: 0.10  [35mmfu: 0.01%[39m
GNREPR r0 14 1.1541898251e+00 0x1.2778fc0000000p+0
[titan] 2026-09-21 09:17:17,721 - torchtitan.observability.metrics - INFO - [31mstep: 14  [32mloss:  3.53000  [38;2;180;60;0mgrad_norm:  1.1542  [38;2;54;234;195mmemory:  0.38GiB(0.28%)  [34mtps: 610  [36mtflops: 0.10  [35mmfu: 0.01%[39m
GNREPR r0 15 1.1641373634e+00 0x1.2a04e80000000p+0
[titan] 2026-09-21 09:17:19,417 - torchtitan.observability.metrics - INFO - [31mstep: 15  [32mloss:  3.25147  [38;2;180;60;0mgrad_norm:  1.1641  [38;2;54;234;195mmemory:  0.38GiB(0.28%)  [34mtps: 604  [36mtflops: 0.09  [35mmfu: 0.01%[39m
GNREPR r0 16 1.0260547400e+00 0x1.06ab860000000p+0
[titan] 2026-09-21 09:17:21,093 - torchtitan.observability.metrics - INFO - [31mstep: 16  [32mloss:  3.31974  [38;2;180;60;0mgrad_norm:  1.0261  [38;2;54;234;195mmemory:  0.38GiB(0.28%)  [34mtps: 611  [36mtflops: 0.10  [35mmfu: 0.01%[39m
GNREPR r0 17 1.1444784403e+00 0x1.24fc8a0000000p+0
[titan] 2026-09-21 09:17:22,767 - torchtitan.observability.metrics - INFO - [31mstep: 17  [32mloss:  3.13969  [38;2;180;60;0mgrad_norm:  1.1445  [38;2;54;234;195mmemory:  0.38GiB(0.28%)  [34mtps: 612  [36mtflops: 0.10  [35mmfu: 0.01%[39m
GNREPR r0 18 8.8234430552e-01 0x1.c3c2a20000000p-1
[titan] 2026-09-21 09:17:24,469 - torchtitan.observability.metrics - INFO - [31mstep: 18  [32mloss:  3.23044  [38;2;180;60;0mgrad_norm:  0.8823  [38;2;54;234;195mmemory:  0.38GiB(0.28%)  [34mtps: 602  [36mtflops: 0.09  [35mmfu: 0.01%[39m
GNREPR r0 19 1.0019934177e+00 0x1.0082a40000000p+0
[titan] 2026-09-21 09:17:26,175 - torchtitan.observability.metrics - INFO - [31mstep: 19  [32mloss:  2.93351  [38;2;180;60;0mgrad_norm:  1.0020  [38;2;54;234;195mmemory:  0.38GiB(0.28%)  [34mtps: 601  [36mtflops: 0.09  [35mmfu: 0.01%[39m
GNREPR r0 20 9.5094209909e-01 0x1.e6e1e20000000p-1
[titan] 2026-09-21 09:17:27,981 - torchtitan.observability.metrics - INFO - [31mstep: 20  [32mloss:  3.15250  [38;2;180;60;0mgrad_norm:  0.9509  [38;2;54;234;195mmemory:  0.38GiB(0.28%)  [34mtps: 567  [36mtflops: 0.09  [35mmfu: 0.01%[39m
[titan] 2026-09-21 09:17:27,983 - torchtitan.components.checkpointer.dcp - INFO - Saving the checkpointer.
[titan] 2026-09-21 09:17:28,013 - torchtitan.components.checkpointer.dcp - INFO - Saving a model only checkpoint in torch.float32 at last step, step 20.
[titan] 2026-09-21 09:17:28,442 - torchtitan.tools.utils - INFO - [GC] GC collection invoked by checkpointer. took 0.12 seconds
[titan] 2026-09-21 09:17:28,444 - torchtitan.components.checkpointer.dcp - INFO - Last step checkpoint completed in 0.46s
[titan] 2026-09-21 09:17:28,444 - torchtitan.trainer - INFO - Sleeping 2 seconds for other ranks to complete
[titan] 2026-09-21 09:17:30,444 - torchtitan.trainer - INFO - Training completed
[titan] 2026-09-21 09:17:30,450 - torchtitan.components.checkpointer.base - INFO - Destroying the purge thread.
[titan] 2026-09-21 09:17:30,544 - __main__ - INFO - Process group destroyed
