W1001 08:04:06.266000 9149 torch/distributed/run.py:982] 
W1001 08:04:06.266000 9149 torch/distributed/run.py:982] *****************************************
W1001 08:04:06.266000 9149 torch/distributed/run.py:982] Setting OMP_NUM_THREADS environment variable for each process to be 1 in default, to avoid your system being overloaded, please further tune the variable for optimal performance in your application as needed. 
W1001 08:04:06.266000 9149 torch/distributed/run.py:982] *****************************************
[rank0]:WARNING:absl:Failed to load jax profiler: No module named 'jax'
[rank1]:WARNING:absl:Failed to load jax profiler: No module named 'jax'
[rank3]:WARNING:absl:Failed to load jax profiler: No module named 'jax'
[rank2]:WARNING:absl:Failed to load jax profiler: No module named 'jax'
[rank0]:[titan] 2026-10-01 08:04:12,633 - __main__ - INFO - torchtitan version: 0.0.0+unknown (0.0.0 means __version__ is not defined correctly).
[rank2]:[titan] 2026-10-01 08:04:12,748 - __main__ - INFO - torchtitan version: 0.0.0+unknown (0.0.0 means __version__ is not defined correctly).
[rank3]:[titan] 2026-10-01 08:04:12,742 - __main__ - INFO - torchtitan version: 0.0.0+unknown (0.0.0 means __version__ is not defined correctly).
[rank1]:[titan] 2026-10-01 08:04:13,042 - __main__ - INFO - torchtitan version: 0.0.0+unknown (0.0.0 means __version__ is not defined correctly).
[rank0]:[titan] 2026-10-01 08:04:13,561 - torchtitan.observability.structured_logger.jsonl_handler - INFO - Structured logging -> JSONL: /root/mep/results/moonep_sac/num_moonep/out/structured_logs/training.global_rank_0.20261001-080413-26W8MS.jsonl
[rank2]:[titan] 2026-10-01 08:04:13,675 - torchtitan.observability.structured_logger.jsonl_handler - INFO - Structured logging -> JSONL: /root/mep/results/moonep_sac/num_moonep/out/structured_logs/training.global_rank_2.20261001-080413-DZSKTZ.jsonl
[rank3]:[titan] 2026-10-01 08:04:13,689 - torchtitan.observability.structured_logger.jsonl_handler - INFO - Structured logging -> JSONL: /root/mep/results/moonep_sac/num_moonep/out/structured_logs/training.global_rank_3.20261001-080413-Y0CJKG.jsonl
[rank1]:[titan] 2026-10-01 08:04:14,100 - torchtitan.observability.structured_logger.jsonl_handler - INFO - Structured logging -> JSONL: /root/mep/results/moonep_sac/num_moonep/out/structured_logs/training.global_rank_1.20261001-080414-M86J4N.jsonl
[rank0]:[titan] 2026-10-01 08:04:14,036 - torchtitan.distributed.utils - WARNING - ENV[TORCH_NCCL_ASYNC_ERROR_HANDLING] = 1 will be overridden to 3 based on job config
[rank2]:[titan] 2026-10-01 08:04:14,230 - torchtitan.distributed.utils - WARNING - ENV[TORCH_NCCL_ASYNC_ERROR_HANDLING] = 1 will be overridden to 3 based on job config
[rank3]:[titan] 2026-10-01 08:04:14,230 - torchtitan.distributed.utils - WARNING - ENV[TORCH_NCCL_ASYNC_ERROR_HANDLING] = 1 will be overridden to 3 based on job config
[rank1]:[titan] 2026-10-01 08:04:14,442 - torchtitan.distributed.utils - WARNING - ENV[TORCH_NCCL_ASYNC_ERROR_HANDLING] = 1 will be overridden to 3 based on job config
[rank1]:[titan] 2026-10-01 08:04:15,175 - torchtitan.tools.utils - INFO - [GC] Initial GC collection took 0.00 seconds
[rank1]:[titan] 2026-10-01 08:04:15,175 - torchtitan.distributed.utils - INFO - Deterministic algorithm enabled (expect perf degradation).
[rank1]:[titan] 2026-10-01 08:04:15,191 - torchtitan.distributed.parallelism_context - INFO - Building device mesh with parallelism: pp=1, dp_replicate=1, dp_shard=4, cp=1, tp=1, ep=4
[rank0]:[titan] 2026-10-01 08:04:15,168 - torchtitan.tools.utils - INFO - [GC] Initial GC collection took 0.00 seconds
[rank0]:[titan] 2026-10-01 08:04:15,168 - torchtitan.distributed.utils - INFO - Deterministic algorithm enabled (expect perf degradation).
[rank0]:[titan] 2026-10-01 08:04:15,179 - torchtitan.distributed.parallelism_context - INFO - Building device mesh with parallelism: pp=1, dp_replicate=1, dp_shard=4, cp=1, tp=1, ep=4
[rank3]:[titan] 2026-10-01 08:04:15,168 - torchtitan.tools.utils - INFO - [GC] Initial GC collection took 0.00 seconds
[rank3]:[titan] 2026-10-01 08:04:15,168 - torchtitan.distributed.utils - INFO - Deterministic algorithm enabled (expect perf degradation).
[rank3]:[titan] 2026-10-01 08:04:15,181 - torchtitan.distributed.parallelism_context - INFO - Building device mesh with parallelism: pp=1, dp_replicate=1, dp_shard=4, cp=1, tp=1, ep=4
[rank2]:[titan] 2026-10-01 08:04:15,169 - torchtitan.tools.utils - INFO - [GC] Initial GC collection took 0.00 seconds
[rank2]:[titan] 2026-10-01 08:04:15,169 - torchtitan.distributed.utils - INFO - Deterministic algorithm enabled (expect perf degradation).
[rank2]:[titan] 2026-10-01 08:04:15,180 - torchtitan.distributed.parallelism_context - INFO - Building device mesh with parallelism: pp=1, dp_replicate=1, dp_shard=4, cp=1, tp=1, ep=4
[rank3]:[titan] 2026-10-01 08:04:15,916 - torchtitan.distributed.parallelism_context - INFO - Successfully created meshes with active axes: ['loss', 'ep', 'dp', 'dp_shard']
[rank3]:[titan] 2026-10-01 08:04:15,918 - torchtitan.observability.metrics - INFO - CUDA capacity: NVIDIA H100 80GB HBM3 with 79.21GiB memory
[rank3]:[titan] 2026-10-01 08:04:15,929 - torchtitan.config.configurable - WARNING - Config field value of type InterpolationMode may not be JSON serializable
[rank3]:[titan] 2026-10-01 08:04:15,931 - torchtitan.tools.utils - WARNING - Error running lspci: [Errno 2] No such file or directory: 'lspci', fallback to use device_name
[rank3]:[titan] 2026-10-01 08:04:15,931 - torchtitan.components.tokenizer - INFO - Loading tokenizer from tokenizer.json
[rank1]:[titan] 2026-10-01 08:04:15,944 - torchtitan.distributed.parallelism_context - INFO - Successfully created meshes with active axes: ['loss', 'ep', 'dp', 'dp_shard']
[rank1]:[titan] 2026-10-01 08:04:15,950 - torchtitan.observability.metrics - INFO - CUDA capacity: NVIDIA H100 80GB HBM3 with 79.21GiB memory
[rank1]:[titan] 2026-10-01 08:04:15,968 - torchtitan.config.configurable - WARNING - Config field value of type InterpolationMode may not be JSON serializable
[rank1]:[titan] 2026-10-01 08:04:15,970 - torchtitan.tools.utils - WARNING - Error running lspci: [Errno 2] No such file or directory: 'lspci', fallback to use device_name
[rank1]:[titan] 2026-10-01 08:04:15,971 - torchtitan.components.tokenizer - INFO - Loading tokenizer from tokenizer.json
[rank0]:[titan] 2026-10-01 08:04:15,941 - torchtitan.distributed.parallelism_context - INFO - Successfully created meshes with active axes: ['loss', 'ep', 'dp', 'dp_shard']
[rank0]:[titan] 2026-10-01 08:04:15,943 - torchtitan.observability.metrics - INFO - CUDA capacity: NVIDIA H100 80GB HBM3 with 79.21GiB memory
[rank0]:[titan] 2026-10-01 08:04:15,954 - torchtitan.config.configurable - WARNING - Config field value of type InterpolationMode may not be JSON serializable
[rank0]:[titan] 2026-10-01 08:04:15,955 - torchtitan.tools.utils - WARNING - Error running lspci: [Errno 2] No such file or directory: 'lspci', fallback to use device_name
[rank0]:[titan] 2026-10-01 08:04:15,956 - torchtitan.components.tokenizer - INFO - Loading tokenizer from tokenizer.json
[rank2]:[titan] 2026-10-01 08:04:15,941 - torchtitan.distributed.parallelism_context - INFO - Successfully created meshes with active axes: ['loss', 'ep', 'dp', 'dp_shard']
[rank2]:[titan] 2026-10-01 08:04:15,943 - torchtitan.observability.metrics - INFO - CUDA capacity: NVIDIA H100 80GB HBM3 with 79.21GiB memory
[rank2]:[titan] 2026-10-01 08:04:15,955 - torchtitan.config.configurable - WARNING - Config field value of type InterpolationMode may not be JSON serializable
[rank2]:[titan] 2026-10-01 08:04:15,957 - torchtitan.tools.utils - WARNING - Error running lspci: [Errno 2] No such file or directory: 'lspci', fallback to use device_name
[rank2]:[titan] 2026-10-01 08:04:15,957 - torchtitan.components.tokenizer - INFO - Loading tokenizer from tokenizer.json
[rank1]:[titan] 2026-10-01 08:04:16,123 - torchtitan.protocols.state_dict_adapter - WARNING - model.safetensors.index.json not found at hf_assets_path: ./tests/assets/tokenizer/model.safetensors.index.json.                     Defaulting to saving a single safetensors file if checkpoint is saved in HF format
[rank1]:[titan] 2026-10-01 08:04:16,127 - torchtitan.models.utils - INFO - Total parameter count: 25,776,880, active parameters: 17,236,208
[rank0]:[titan] 2026-10-01 08:04:16,061 - torchtitan.protocols.state_dict_adapter - WARNING - model.safetensors.index.json not found at hf_assets_path: ./tests/assets/tokenizer/model.safetensors.index.json.                     Defaulting to saving a single safetensors file if checkpoint is saved in HF format
[rank0]:[titan] 2026-10-01 08:04:16,064 - torchtitan.models.utils - INFO - Total parameter count: 25,776,880, active parameters: 17,236,208
[rank0]:[titan] 2026-10-01 08:04:16,118 - torchtitan.distributed.activation_checkpoint - INFO - Applied SelectiveAC activation checkpointing to the model
[rank0]:[titan] 2026-10-01 08:04:16,118 - torchtitan.distributed.activation_checkpoint - INFO - Applied SelectiveAC activation checkpointing to the model
[rank3]:[titan] 2026-10-01 08:04:16,081 - torchtitan.protocols.state_dict_adapter - WARNING - model.safetensors.index.json not found at hf_assets_path: ./tests/assets/tokenizer/model.safetensors.index.json.                     Defaulting to saving a single safetensors file if checkpoint is saved in HF format
[rank3]:[titan] 2026-10-01 08:04:16,084 - torchtitan.models.utils - INFO - Total parameter count: 25,776,880, active parameters: 17,236,208
[rank2]:[titan] 2026-10-01 08:04:16,065 - torchtitan.protocols.state_dict_adapter - WARNING - model.safetensors.index.json not found at hf_assets_path: ./tests/assets/tokenizer/model.safetensors.index.json.                     Defaulting to saving a single safetensors file if checkpoint is saved in HF format
[rank2]:[titan] 2026-10-01 08:04:16,068 - torchtitan.models.utils - INFO - Total parameter count: 25,776,880, active parameters: 17,236,208
[rank2]:[titan] 2026-10-01 08:04:16,121 - torchtitan.distributed.activation_checkpoint - INFO - Applied SelectiveAC activation checkpointing to the model
[rank2]:[titan] 2026-10-01 08:04:16,121 - torchtitan.distributed.activation_checkpoint - INFO - Applied SelectiveAC activation checkpointing to the model
[rank1]:[titan] 2026-10-01 08:04:16,188 - torchtitan.distributed.activation_checkpoint - INFO - Applied SelectiveAC activation checkpointing to the model
[rank1]:[titan] 2026-10-01 08:04:16,188 - torchtitan.distributed.activation_checkpoint - INFO - Applied SelectiveAC activation checkpointing to the model
[rank3]:[titan] 2026-10-01 08:04:16,140 - torchtitan.distributed.activation_checkpoint - INFO - Applied SelectiveAC activation checkpointing to the model
[rank3]:[titan] 2026-10-01 08:04:16,141 - torchtitan.distributed.activation_checkpoint - INFO - Applied SelectiveAC activation checkpointing to the model
[rank1]:[titan] 2026-10-01 08:04:16,428 - torchtitan.distributed.fsdp - INFO - Applied FSDP to the model
[rank0]:[titan] 2026-10-01 08:04:16,347 - torchtitan.distributed.fsdp - INFO - Applied FSDP to the model
[rank3]:[titan] 2026-10-01 08:04:16,371 - torchtitan.distributed.fsdp - INFO - Applied FSDP to the model
[rank2]:[titan] 2026-10-01 08:04:16,349 - torchtitan.distributed.fsdp - INFO - Applied FSDP to the model
[rank0]:[rank0]:W1001 08:04:17.095000 9220 torch/distributed/tensor/_redistribute.py:394] While redistributing from (_StridedShard(dim=0, sf=4), Shard(dim=0)) to (Replicate(), Replicate()), 2 sequential all_gather operations will be performed. This is suboptimal: multiple collective operations have higher latency (separate kernel launches and synchronization points) and may give inconsistent results between ranks due to different reduction orders. it is not possible to merge non-ascending order all_gather operations.
[rank2]:[rank2]:W1001 08:04:17.095000 9222 torch/distributed/tensor/_redistribute.py:394] While redistributing from (_StridedShard(dim=0, sf=4), Shard(dim=0)) to (Replicate(), Replicate()), 2 sequential all_gather operations will be performed. This is suboptimal: multiple collective operations have higher latency (separate kernel launches and synchronization points) and may give inconsistent results between ranks due to different reduction orders. it is not possible to merge non-ascending order all_gather operations.
[rank1]:[rank1]:W1001 08:04:17.095000 9221 torch/distributed/tensor/_redistribute.py:394] While redistributing from (_StridedShard(dim=0, sf=4), Shard(dim=0)) to (Replicate(), Replicate()), 2 sequential all_gather operations will be performed. This is suboptimal: multiple collective operations have higher latency (separate kernel launches and synchronization points) and may give inconsistent results between ranks due to different reduction orders. it is not possible to merge non-ascending order all_gather operations.
[rank3]:[rank3]:W1001 08:04:17.095000 9223 torch/distributed/tensor/_redistribute.py:394] While redistributing from (_StridedShard(dim=0, sf=4), Shard(dim=0)) to (Replicate(), Replicate()), 2 sequential all_gather operations will be performed. This is suboptimal: multiple collective operations have higher latency (separate kernel launches and synchronization points) and may give inconsistent results between ranks due to different reduction orders. it is not possible to merge non-ascending order all_gather operations.
[rank0]:[titan] 2026-10-01 08:04:17,305 - moonep.api - INFO - MoonEP comm buffer sizes:
[rank0]:  config                 : R=4, S=512, H=128, E=8, K=2, NvS=1536, NvS_padded=8192
[rank0]:  sm_count               : num_sms=32, num_sms_dedup=132
[rank0]:  hidden_buffer_size     : 2.00 MiB
[rank0]:  meta_buffer_size       : 2.00 MiB
[rank0]:  local_temp_buffer_size : 32.24 KiB
[rank0]:  total_size             : 4.03 MiB
[rank1]:[titan] 2026-10-01 08:04:17,651 - torchtitan.training_engine - INFO - Model KimiK3Model.Config size: 25,776,880 total parameters
[rank3]:[titan] 2026-10-01 08:04:17,651 - torchtitan.training_engine - INFO - Model KimiK3Model.Config size: 25,776,880 total parameters
[rank0]:[titan] 2026-10-01 08:04:17,651 - torchtitan.training_engine - INFO - Model KimiK3Model.Config size: 25,776,880 total parameters
[rank2]:[titan] 2026-10-01 08:04:17,651 - torchtitan.training_engine - INFO - Model KimiK3Model.Config size: 25,776,880 total parameters
[rank1]:[titan] 2026-10-01 08:04:17,747 - torchtitan.components.optim.optimizer - INFO - Optimizer DistMuon (model_part=0): 228 params [(?:attention\.(?:wq_a|wq_b|wkv_a|wkv_b|gate|wo)\.weight|delta_attention\.(?:q_proj|k_proj|v_proj|forget_a|forget_b|output_gate|output_proj)\.weight|routed_experts\.w(?:13|2)\.weight|feed_forward\.w(?:13|2)\.weight|moe\.router\.gate\.weight|moe\.shared_experts\.w(?:13|2)\.weight|moe\.routed_(?:down|up)\.weight)$] {'lr': 0.0008, 'weight_decay': 0.1, 'momentum': 0.95, 'nesterov': True, 'eps': 1e-07}
[rank1]:[titan] 2026-10-01 08:04:17,749 - torchtitan.components.optim.optimizer - INFO - Optimizer AdamW (model_part=0): 237 params [.*] {'lr': 0.0008, 'betas': (0.9, 0.95), 'eps': 1e-08, 'weight_decay': 0.1, 'foreach': True, 'fused': False}
[rank1]:[titan] 2026-10-01 08:04:17,752 - torchtitan.trainer - INFO - Peak FLOPS used for computing MFU: 9.890e+14
[rank1]:[titan] 2026-10-01 08:04:17,752 - torchtitan.trainer - INFO - CUDA memory usage for model: 0.02GiB(0.02%)
[rank1]:[titan] 2026-10-01 08:04:17,752 - torchtitan.trainer - INFO - Trainer is initialized with 512 tokens per DP rank, 2048 tokens per train step, gradient accumulation steps 1, maximum context length 512, total steps 20 (warmup 2)
[rank1]:[titan] 2026-10-01 08:04:17,752 - torchtitan.trainer - INFO - Training starts at step 1
[rank3]:[titan] 2026-10-01 08:04:17,746 - torchtitan.components.optim.optimizer - INFO - Optimizer DistMuon (model_part=0): 228 params [(?:attention\.(?:wq_a|wq_b|wkv_a|wkv_b|gate|wo)\.weight|delta_attention\.(?:q_proj|k_proj|v_proj|forget_a|forget_b|output_gate|output_proj)\.weight|routed_experts\.w(?:13|2)\.weight|feed_forward\.w(?:13|2)\.weight|moe\.router\.gate\.weight|moe\.shared_experts\.w(?:13|2)\.weight|moe\.routed_(?:down|up)\.weight)$] {'lr': 0.0008, 'weight_decay': 0.1, 'momentum': 0.95, 'nesterov': True, 'eps': 1e-07}
[rank3]:[titan] 2026-10-01 08:04:17,749 - torchtitan.components.optim.optimizer - INFO - Optimizer AdamW (model_part=0): 237 params [.*] {'lr': 0.0008, 'betas': (0.9, 0.95), 'eps': 1e-08, 'weight_decay': 0.1, 'foreach': True, 'fused': False}
[rank3]:[titan] 2026-10-01 08:04:17,751 - torchtitan.trainer - INFO - Peak FLOPS used for computing MFU: 9.890e+14
[rank3]:[titan] 2026-10-01 08:04:17,751 - torchtitan.trainer - INFO - CUDA memory usage for model: 0.02GiB(0.02%)
[rank3]:[titan] 2026-10-01 08:04:17,751 - torchtitan.trainer - INFO - Trainer is initialized with 512 tokens per DP rank, 2048 tokens per train step, gradient accumulation steps 1, maximum context length 512, total steps 20 (warmup 2)
[rank3]:[titan] 2026-10-01 08:04:17,751 - torchtitan.trainer - INFO - Training starts at step 1
[rank0]:[titan] 2026-10-01 08:04:17,746 - torchtitan.components.optim.optimizer - INFO - Optimizer DistMuon (model_part=0): 228 params [(?:attention\.(?:wq_a|wq_b|wkv_a|wkv_b|gate|wo)\.weight|delta_attention\.(?:q_proj|k_proj|v_proj|forget_a|forget_b|output_gate|output_proj)\.weight|routed_experts\.w(?:13|2)\.weight|feed_forward\.w(?:13|2)\.weight|moe\.router\.gate\.weight|moe\.shared_experts\.w(?:13|2)\.weight|moe\.routed_(?:down|up)\.weight)$] {'lr': 0.0008, 'weight_decay': 0.1, 'momentum': 0.95, 'nesterov': True, 'eps': 1e-07}
[rank0]:[titan] 2026-10-01 08:04:17,749 - torchtitan.components.optim.optimizer - INFO - Optimizer AdamW (model_part=0): 237 params [.*] {'lr': 0.0008, 'betas': (0.9, 0.95), 'eps': 1e-08, 'weight_decay': 0.1, 'foreach': True, 'fused': False}
[rank0]:[titan] 2026-10-01 08:04:17,751 - torchtitan.trainer - INFO - Peak FLOPS used for computing MFU: 9.890e+14
[rank0]:[titan] 2026-10-01 08:04:17,751 - torchtitan.trainer - INFO - CUDA memory usage for model: 0.02GiB(0.02%)
[rank0]:[titan] 2026-10-01 08:04:17,751 - torchtitan.trainer - INFO - Trainer is initialized with 512 tokens per DP rank, 2048 tokens per train step, gradient accumulation steps 1, maximum context length 512, total steps 20 (warmup 2)
[rank0]:[titan] 2026-10-01 08:04:17,751 - torchtitan.trainer - INFO - Training starts at step 1
[rank2]:[titan] 2026-10-01 08:04:17,746 - torchtitan.components.optim.optimizer - INFO - Optimizer DistMuon (model_part=0): 228 params [(?:attention\.(?:wq_a|wq_b|wkv_a|wkv_b|gate|wo)\.weight|delta_attention\.(?:q_proj|k_proj|v_proj|forget_a|forget_b|output_gate|output_proj)\.weight|routed_experts\.w(?:13|2)\.weight|feed_forward\.w(?:13|2)\.weight|moe\.router\.gate\.weight|moe\.shared_experts\.w(?:13|2)\.weight|moe\.routed_(?:down|up)\.weight)$] {'lr': 0.0008, 'weight_decay': 0.1, 'momentum': 0.95, 'nesterov': True, 'eps': 1e-07}
[rank2]:[titan] 2026-10-01 08:04:17,748 - torchtitan.components.optim.optimizer - INFO - Optimizer AdamW (model_part=0): 237 params [.*] {'lr': 0.0008, 'betas': (0.9, 0.95), 'eps': 1e-08, 'weight_decay': 0.1, 'foreach': True, 'fused': False}
[rank2]:[titan] 2026-10-01 08:04:17,751 - torchtitan.trainer - INFO - Peak FLOPS used for computing MFU: 9.890e+14
[rank2]:[titan] 2026-10-01 08:04:17,751 - torchtitan.trainer - INFO - CUDA memory usage for model: 0.02GiB(0.02%)
[rank2]:[titan] 2026-10-01 08:04:17,751 - torchtitan.trainer - INFO - Trainer is initialized with 512 tokens per DP rank, 2048 tokens per train step, gradient accumulation steps 1, maximum context length 512, total steps 20 (warmup 2)
[rank2]:[titan] 2026-10-01 08:04:17,751 - torchtitan.trainer - INFO - Training starts at step 1
[rank2]:/root/mep/venv_src/lib/python3.12/site-packages/torch/distributed/fsdp/_fully_shard/_fsdp_state.py:336: UserWarning: FSDP2-wrapped module (FSDPCheckpointWrapper) returned a view tensor. An in-place op on this view (e.g., `x += y`) will silently drop the pre-backward hook and skip the all-gather, which can cause backward to fail or produce wrong gradients. Use out-of-place ops (`out = out + y`, not `out += y`) or `.clone()` the output before any in-place op.
[rank2]:  output = self._register_pre_backward_hook(output)
[rank0]:/root/mep/venv_src/lib/python3.12/site-packages/torch/distributed/fsdp/_fully_shard/_fsdp_state.py:336: UserWarning: FSDP2-wrapped module (FSDPCheckpointWrapper) returned a view tensor. An in-place op on this view (e.g., `x += y`) will silently drop the pre-backward hook and skip the all-gather, which can cause backward to fail or produce wrong gradients. Use out-of-place ops (`out = out + y`, not `out += y`) or `.clone()` the output before any in-place op.
[rank0]:  output = self._register_pre_backward_hook(output)
[rank3]:/root/mep/venv_src/lib/python3.12/site-packages/torch/distributed/fsdp/_fully_shard/_fsdp_state.py:336: UserWarning: FSDP2-wrapped module (FSDPCheckpointWrapper) returned a view tensor. An in-place op on this view (e.g., `x += y`) will silently drop the pre-backward hook and skip the all-gather, which can cause backward to fail or produce wrong gradients. Use out-of-place ops (`out = out + y`, not `out += y`) or `.clone()` the output before any in-place op.
[rank3]:  output = self._register_pre_backward_hook(output)
[rank1]:/root/mep/venv_src/lib/python3.12/site-packages/torch/distributed/fsdp/_fully_shard/_fsdp_state.py:336: UserWarning: FSDP2-wrapped module (FSDPCheckpointWrapper) returned a view tensor. An in-place op on this view (e.g., `x += y`) will silently drop the pre-backward hook and skip the all-gather, which can cause backward to fail or produce wrong gradients. Use out-of-place ops (`out = out + y`, not `out += y`) or `.clone()` the output before any in-place op.
[rank1]:  output = self._register_pre_backward_hook(output)
[rank2]:/root/mep/venv_src/lib/python3.12/site-packages/torch/distributed/fsdp/_fully_shard/_fsdp_state.py:336: UserWarning: FSDP2-wrapped module (FSDPCheckpointWrapper) returned a view tensor. An in-place op on this view (e.g., `x += y`) will silently drop the pre-backward hook and skip the all-gather, which can cause backward to fail or produce wrong gradients. Use out-of-place ops (`out = out + y`, not `out += y`) or `.clone()` the output before any in-place op.
[rank2]:  output = self._register_pre_backward_hook(output)
[rank0]:/root/mep/venv_src/lib/python3.12/site-packages/torch/distributed/fsdp/_fully_shard/_fsdp_state.py:336: UserWarning: FSDP2-wrapped module (FSDPCheckpointWrapper) returned a view tensor. An in-place op on this view (e.g., `x += y`) will silently drop the pre-backward hook and skip the all-gather, which can cause backward to fail or produce wrong gradients. Use out-of-place ops (`out = out + y`, not `out += y`) or `.clone()` the output before any in-place op.
[rank0]:  output = self._register_pre_backward_hook(output)
[rank1]:/root/mep/venv_src/lib/python3.12/site-packages/torch/distributed/fsdp/_fully_shard/_fsdp_state.py:336: UserWarning: FSDP2-wrapped module (FSDPCheckpointWrapper) returned a view tensor. An in-place op on this view (e.g., `x += y`) will silently drop the pre-backward hook and skip the all-gather, which can cause backward to fail or produce wrong gradients. Use out-of-place ops (`out = out + y`, not `out += y`) or `.clone()` the output before any in-place op.
[rank3]:/root/mep/venv_src/lib/python3.12/site-packages/torch/distributed/fsdp/_fully_shard/_fsdp_state.py:336: UserWarning: FSDP2-wrapped module (FSDPCheckpointWrapper) returned a view tensor. An in-place op on this view (e.g., `x += y`) will silently drop the pre-backward hook and skip the all-gather, which can cause backward to fail or produce wrong gradients. Use out-of-place ops (`out = out + y`, not `out += y`) or `.clone()` the output before any in-place op.
[rank1]:  output = self._register_pre_backward_hook(output)
[rank3]:  output = self._register_pre_backward_hook(output)
[rank3]:[titan] 2026-10-01 08:04:32,921 - torchtitan.observability.metrics - INFO - [31mstep:  1  [32mloss:  7.99051  [38;2;180;60;0mgrad_norm:  2.4219  [38;2;54;234;195mmemory:  0.22GiB(0.27%)  [34mtps: 30  [36mtflops: 0.00  [35mmfu: 0.00%[39m
[rank3]:[titan] 2026-10-01 08:04:32,922 - torchtitan.distributed.utils - INFO - Synchronizing and adjusting timeout for all ProcessGroups to 0:01:40
[rank1]:[titan] 2026-10-01 08:04:32,922 - torchtitan.observability.metrics - INFO - [31mstep:  1  [32mloss:  7.99051  [38;2;180;60;0mgrad_norm:  2.4219  [38;2;54;234;195mmemory:  0.22GiB(0.28%)  [34mtps: 30  [36mtflops: 0.00  [35mmfu: 0.00%[39m
[rank1]:[titan] 2026-10-01 08:04:32,922 - torchtitan.distributed.utils - INFO - Synchronizing and adjusting timeout for all ProcessGroups to 0:01:40
[rank0]:[titan] 2026-10-01 08:04:32,921 - torchtitan.observability.metrics - INFO - [31mstep:  1  [32mloss:  7.99051  [38;2;180;60;0mgrad_norm:  2.4219  [38;2;54;234;195mmemory:  0.22GiB(0.28%)  [34mtps: 30  [36mtflops: 0.00  [35mmfu: 0.00%[39m
[rank2]:[titan] 2026-10-01 08:04:32,922 - torchtitan.observability.metrics - INFO - [31mstep:  1  [32mloss:  7.99051  [38;2;180;60;0mgrad_norm:  2.4219  [38;2;54;234;195mmemory:  0.21GiB(0.27%)  [34mtps: 30  [36mtflops: 0.00  [35mmfu: 0.00%[39m
[rank0]:[titan] 2026-10-01 08:04:32,922 - torchtitan.distributed.utils - INFO - Synchronizing and adjusting timeout for all ProcessGroups to 0:01:40
[rank2]:[titan] 2026-10-01 08:04:32,922 - torchtitan.distributed.utils - INFO - Synchronizing and adjusting timeout for all ProcessGroups to 0:01:40
[rank2]:/root/mep/venv_src/lib/python3.12/site-packages/torch/distributed/fsdp/_fully_shard/_fsdp_state.py:336: UserWarning: FSDP2-wrapped module (FSDPCheckpointWrapper) returned a view tensor. An in-place op on this view (e.g., `x += y`) will silently drop the pre-backward hook and skip the all-gather, which can cause backward to fail or produce wrong gradients. Use out-of-place ops (`out = out + y`, not `out += y`) or `.clone()` the output before any in-place op.
[rank2]:  output = self._register_pre_backward_hook(output)
[rank1]:/root/mep/venv_src/lib/python3.12/site-packages/torch/distributed/fsdp/_fully_shard/_fsdp_state.py:336: UserWarning: FSDP2-wrapped module (FSDPCheckpointWrapper) returned a view tensor. An in-place op on this view (e.g., `x += y`) will silently drop the pre-backward hook and skip the all-gather, which can cause backward to fail or produce wrong gradients. Use out-of-place ops (`out = out + y`, not `out += y`) or `.clone()` the output before any in-place op.
[rank3]:/root/mep/venv_src/lib/python3.12/site-packages/torch/distributed/fsdp/_fully_shard/_fsdp_state.py:336: UserWarning: FSDP2-wrapped module (FSDPCheckpointWrapper) returned a view tensor. An in-place op on this view (e.g., `x += y`) will silently drop the pre-backward hook and skip the all-gather, which can cause backward to fail or produce wrong gradients. Use out-of-place ops (`out = out + y`, not `out += y`) or `.clone()` the output before any in-place op.
[rank3]:  output = self._register_pre_backward_hook(output)
[rank1]:  output = self._register_pre_backward_hook(output)
[rank3]:[titan] 2026-10-01 08:04:40,144 - torchtitan.observability.metrics - INFO - [31mstep:  2  [32mloss:  7.75763  [38;2;180;60;0mgrad_norm:  2.6094  [38;2;54;234;195mmemory:  0.23GiB(0.29%)  [34mtps: 71  [36mtflops: 0.01  [35mmfu: 0.00%[39m
[rank1]:[titan] 2026-10-01 08:04:40,144 - torchtitan.observability.metrics - INFO - [31mstep:  2  [32mloss:  7.75763  [38;2;180;60;0mgrad_norm:  2.6094  [38;2;54;234;195mmemory:  0.23GiB(0.29%)  [34mtps: 71  [36mtflops: 0.01  [35mmfu: 0.00%[39m
[rank0]:[titan] 2026-10-01 08:04:40,144 - torchtitan.observability.metrics - INFO - [31mstep:  2  [32mloss:  7.75763  [38;2;180;60;0mgrad_norm:  2.6094  [38;2;54;234;195mmemory:  0.24GiB(0.30%)  [34mtps: 71  [36mtflops: 0.01  [35mmfu: 0.00%[39m
[rank2]:[titan] 2026-10-01 08:04:40,144 - torchtitan.observability.metrics - INFO - [31mstep:  2  [32mloss:  7.75763  [38;2;180;60;0mgrad_norm:  2.6094  [38;2;54;234;195mmemory:  0.23GiB(0.29%)  [34mtps: 71  [36mtflops: 0.01  [35mmfu: 0.00%[39m
[rank0]:/root/mep/venv_src/lib/python3.12/site-packages/torch/distributed/fsdp/_fully_shard/_fsdp_state.py:336: UserWarning: FSDP2-wrapped module (FSDPCheckpointWrapper) returned a view tensor. An in-place op on this view (e.g., `x += y`) will silently drop the pre-backward hook and skip the all-gather, which can cause backward to fail or produce wrong gradients. Use out-of-place ops (`out = out + y`, not `out += y`) or `.clone()` the output before any in-place op.
[rank0]:  output = self._register_pre_backward_hook(output)
[rank3]:[titan] 2026-10-01 08:04:44,154 - torchtitan.observability.metrics - INFO - [31mstep:  3  [32mloss:  7.65592  [38;2;180;60;0mgrad_norm:  3.7812  [38;2;54;234;195mmemory:  0.23GiB(0.29%)  [34mtps: 128  [36mtflops: 0.02  [35mmfu: 0.00%[39m
[rank1]:[titan] 2026-10-01 08:04:44,154 - torchtitan.observability.metrics - INFO - [31mstep:  3  [32mloss:  7.65592  [38;2;180;60;0mgrad_norm:  3.7812  [38;2;54;234;195mmemory:  0.23GiB(0.29%)  [34mtps: 128  [36mtflops: 0.02  [35mmfu: 0.00%[39m
[rank0]:[titan] 2026-10-01 08:04:44,154 - torchtitan.observability.metrics - INFO - [31mstep:  3  [32mloss:  7.65592  [38;2;180;60;0mgrad_norm:  3.7812  [38;2;54;234;195mmemory:  0.24GiB(0.30%)  [34mtps: 128  [36mtflops: 0.02  [35mmfu: 0.00%[39m
[rank2]:[titan] 2026-10-01 08:04:44,154 - torchtitan.observability.metrics - INFO - [31mstep:  3  [32mloss:  7.65592  [38;2;180;60;0mgrad_norm:  3.7812  [38;2;54;234;195mmemory:  0.23GiB(0.29%)  [34mtps: 128  [36mtflops: 0.02  [35mmfu: 0.00%[39m
[rank3]:[titan] 2026-10-01 08:04:44,765 - torchtitan.observability.metrics - INFO - [31mstep:  4  [32mloss:  7.31861  [38;2;180;60;0mgrad_norm:  4.6250  [38;2;54;234;195mmemory:  0.23GiB(0.29%)  [34mtps: 838  [36mtflops: 0.11  [35mmfu: 0.01%[39m
[rank1]:[titan] 2026-10-01 08:04:44,765 - torchtitan.observability.metrics - INFO - [31mstep:  4  [32mloss:  7.31861  [38;2;180;60;0mgrad_norm:  4.6250  [38;2;54;234;195mmemory:  0.23GiB(0.29%)  [34mtps: 838  [36mtflops: 0.11  [35mmfu: 0.01%[39m
[rank0]:[titan] 2026-10-01 08:04:44,765 - torchtitan.observability.metrics - INFO - [31mstep:  4  [32mloss:  7.31861  [38;2;180;60;0mgrad_norm:  4.6250  [38;2;54;234;195mmemory:  0.24GiB(0.30%)  [34mtps: 838  [36mtflops: 0.11  [35mmfu: 0.01%[39m
[rank2]:[titan] 2026-10-01 08:04:44,765 - torchtitan.observability.metrics - INFO - [31mstep:  4  [32mloss:  7.31861  [38;2;180;60;0mgrad_norm:  4.6250  [38;2;54;234;195mmemory:  0.23GiB(0.29%)  [34mtps: 838  [36mtflops: 0.11  [35mmfu: 0.01%[39m
[rank3]:[titan] 2026-10-01 08:04:45,370 - torchtitan.observability.metrics - INFO - [31mstep:  5  [32mloss:  6.76481  [38;2;180;60;0mgrad_norm:  6.9375  [38;2;54;234;195mmemory:  0.23GiB(0.29%)  [34mtps: 847  [36mtflops: 0.11  [35mmfu: 0.01%[39m
[rank0]:[titan] 2026-10-01 08:04:45,370 - torchtitan.observability.metrics - INFO - [31mstep:  5  [32mloss:  6.76481  [38;2;180;60;0mgrad_norm:  6.9375  [38;2;54;234;195mmemory:  0.24GiB(0.30%)  [34mtps: 847  [36mtflops: 0.11  [35mmfu: 0.01%[39m
[rank2]:[titan] 2026-10-01 08:04:45,370 - torchtitan.observability.metrics - INFO - [31mstep:  5  [32mloss:  6.76481  [38;2;180;60;0mgrad_norm:  6.9375  [38;2;54;234;195mmemory:  0.23GiB(0.29%)  [34mtps: 847  [36mtflops: 0.11  [35mmfu: 0.01%[39m
[rank1]:[titan] 2026-10-01 08:04:45,370 - torchtitan.observability.metrics - INFO - [31mstep:  5  [32mloss:  6.76481  [38;2;180;60;0mgrad_norm:  6.9375  [38;2;54;234;195mmemory:  0.23GiB(0.29%)  [34mtps: 847  [36mtflops: 0.11  [35mmfu: 0.01%[39m
[rank3]:[titan] 2026-10-01 08:04:45,987 - torchtitan.observability.metrics - INFO - [31mstep:  6  [32mloss:  6.67450  [38;2;180;60;0mgrad_norm:  6.7500  [38;2;54;234;195mmemory:  0.23GiB(0.29%)  [34mtps: 831  [36mtflops: 0.11  [35mmfu: 0.01%[39m
[rank0]:[titan] 2026-10-01 08:04:45,987 - torchtitan.observability.metrics - INFO - [31mstep:  6  [32mloss:  6.67450  [38;2;180;60;0mgrad_norm:  6.7500  [38;2;54;234;195mmemory:  0.24GiB(0.30%)  [34mtps: 830  [36mtflops: 0.11  [35mmfu: 0.01%[39m
[rank1]:[titan] 2026-10-01 08:04:45,987 - torchtitan.observability.metrics - INFO - [31mstep:  6  [32mloss:  6.67450  [38;2;180;60;0mgrad_norm:  6.7500  [38;2;54;234;195mmemory:  0.23GiB(0.29%)  [34mtps: 831  [36mtflops: 0.11  [35mmfu: 0.01%[39m
[rank2]:[titan] 2026-10-01 08:04:45,987 - torchtitan.observability.metrics - INFO - [31mstep:  6  [32mloss:  6.67450  [38;2;180;60;0mgrad_norm:  6.7500  [38;2;54;234;195mmemory:  0.23GiB(0.29%)  [34mtps: 831  [36mtflops: 0.11  [35mmfu: 0.01%[39m
[rank3]:[titan] 2026-10-01 08:04:46,602 - torchtitan.observability.metrics - INFO - [31mstep:  7  [32mloss:  5.82387  [38;2;180;60;0mgrad_norm:  7.0000  [38;2;54;234;195mmemory:  0.23GiB(0.29%)  [34mtps: 832  [36mtflops: 0.11  [35mmfu: 0.01%[39m
[rank2]:[titan] 2026-10-01 08:04:46,602 - torchtitan.observability.metrics - INFO - [31mstep:  7  [32mloss:  5.82387  [38;2;180;60;0mgrad_norm:  7.0000  [38;2;54;234;195mmemory:  0.23GiB(0.29%)  [34mtps: 832  [36mtflops: 0.11  [35mmfu: 0.01%[39m
[rank0]:[titan] 2026-10-01 08:04:46,602 - torchtitan.observability.metrics - INFO - [31mstep:  7  [32mloss:  5.82387  [38;2;180;60;0mgrad_norm:  7.0000  [38;2;54;234;195mmemory:  0.24GiB(0.30%)  [34mtps: 832  [36mtflops: 0.11  [35mmfu: 0.01%[39m
[rank1]:[titan] 2026-10-01 08:04:46,602 - torchtitan.observability.metrics - INFO - [31mstep:  7  [32mloss:  5.82387  [38;2;180;60;0mgrad_norm:  7.0000  [38;2;54;234;195mmemory:  0.23GiB(0.29%)  [34mtps: 832  [36mtflops: 0.11  [35mmfu: 0.01%[39m
[rank3]:[titan] 2026-10-01 08:04:47,222 - torchtitan.observability.metrics - INFO - [31mstep:  8  [32mloss:  5.66733  [38;2;180;60;0mgrad_norm:  7.9688  [38;2;54;234;195mmemory:  0.23GiB(0.29%)  [34mtps: 826  [36mtflops: 0.11  [35mmfu: 0.01%[39m
[rank0]:[titan] 2026-10-01 08:04:47,222 - torchtitan.observability.metrics - INFO - [31mstep:  8  [32mloss:  5.66733  [38;2;180;60;0mgrad_norm:  7.9688  [38;2;54;234;195mmemory:  0.24GiB(0.30%)  [34mtps: 826  [36mtflops: 0.11  [35mmfu: 0.01%[39m
[rank1]:[titan] 2026-10-01 08:04:47,222 - torchtitan.observability.metrics - INFO - [31mstep:  8  [32mloss:  5.66733  [38;2;180;60;0mgrad_norm:  7.9688  [38;2;54;234;195mmemory:  0.23GiB(0.29%)  [34mtps: 826  [36mtflops: 0.11  [35mmfu: 0.01%[39m
[rank2]:[titan] 2026-10-01 08:04:47,222 - torchtitan.observability.metrics - INFO - [31mstep:  8  [32mloss:  5.66733  [38;2;180;60;0mgrad_norm:  7.9688  [38;2;54;234;195mmemory:  0.23GiB(0.29%)  [34mtps: 826  [36mtflops: 0.11  [35mmfu: 0.01%[39m
[rank3]:[titan] 2026-10-01 08:04:47,856 - torchtitan.observability.metrics - INFO - [31mstep:  9  [32mloss:  5.14157  [38;2;180;60;0mgrad_norm:  8.0625  [38;2;54;234;195mmemory:  0.23GiB(0.29%)  [34mtps: 808  [36mtflops: 0.10  [35mmfu: 0.01%[39m
[rank0]:[titan] 2026-10-01 08:04:47,856 - torchtitan.observability.metrics - INFO - [31mstep:  9  [32mloss:  5.14157  [38;2;180;60;0mgrad_norm:  8.0625  [38;2;54;234;195mmemory:  0.24GiB(0.30%)  [34mtps: 808  [36mtflops: 0.10  [35mmfu: 0.01%[39m
[rank1]:[titan] 2026-10-01 08:04:47,856 - torchtitan.observability.metrics - INFO - [31mstep:  9  [32mloss:  5.14157  [38;2;180;60;0mgrad_norm:  8.0625  [38;2;54;234;195mmemory:  0.23GiB(0.29%)  [34mtps: 808  [36mtflops: 0.10  [35mmfu: 0.01%[39m
[rank2]:[titan] 2026-10-01 08:04:47,856 - torchtitan.observability.metrics - INFO - [31mstep:  9  [32mloss:  5.14157  [38;2;180;60;0mgrad_norm:  8.0625  [38;2;54;234;195mmemory:  0.23GiB(0.29%)  [34mtps: 808  [36mtflops: 0.10  [35mmfu: 0.01%[39m
[rank0]:[titan] 2026-10-01 08:04:48,478 - torchtitan.observability.metrics - INFO - [31mstep: 10  [32mloss:  4.89623  [38;2;180;60;0mgrad_norm:  7.0938  [38;2;54;234;195mmemory:  0.24GiB(0.30%)  [34mtps: 824  [36mtflops: 0.11  [35mmfu: 0.01%[39m
[rank3]:[titan] 2026-10-01 08:04:48,478 - torchtitan.observability.metrics - INFO - [31mstep: 10  [32mloss:  4.89623  [38;2;180;60;0mgrad_norm:  7.0938  [38;2;54;234;195mmemory:  0.23GiB(0.29%)  [34mtps: 824  [36mtflops: 0.11  [35mmfu: 0.01%[39m
[rank2]:[titan] 2026-10-01 08:04:48,478 - torchtitan.observability.metrics - INFO - [31mstep: 10  [32mloss:  4.89623  [38;2;180;60;0mgrad_norm:  7.0938  [38;2;54;234;195mmemory:  0.23GiB(0.29%)  [34mtps: 824  [36mtflops: 0.11  [35mmfu: 0.01%[39m
[rank1]:[titan] 2026-10-01 08:04:48,478 - torchtitan.observability.metrics - INFO - [31mstep: 10  [32mloss:  4.89623  [38;2;180;60;0mgrad_norm:  7.0938  [38;2;54;234;195mmemory:  0.23GiB(0.29%)  [34mtps: 824  [36mtflops: 0.11  [35mmfu: 0.01%[39m
[rank0]:[titan] 2026-10-01 08:04:49,097 - torchtitan.observability.metrics - INFO - [31mstep: 11  [32mloss:  5.23806  [38;2;180;60;0mgrad_norm:  5.9688  [38;2;54;234;195mmemory:  0.24GiB(0.30%)  [34mtps: 826  [36mtflops: 0.11  [35mmfu: 0.01%[39m
[rank3]:[titan] 2026-10-01 08:04:49,097 - torchtitan.observability.metrics - INFO - [31mstep: 11  [32mloss:  5.23806  [38;2;180;60;0mgrad_norm:  5.9688  [38;2;54;234;195mmemory:  0.23GiB(0.29%)  [34mtps: 826  [36mtflops: 0.11  [35mmfu: 0.01%[39m
[rank1]:[titan] 2026-10-01 08:04:49,098 - torchtitan.observability.metrics - INFO - [31mstep: 11  [32mloss:  5.23806  [38;2;180;60;0mgrad_norm:  5.9688  [38;2;54;234;195mmemory:  0.23GiB(0.29%)  [34mtps: 826  [36mtflops: 0.11  [35mmfu: 0.01%[39m
[rank2]:[titan] 2026-10-01 08:04:49,098 - torchtitan.observability.metrics - INFO - [31mstep: 11  [32mloss:  5.23806  [38;2;180;60;0mgrad_norm:  5.9688  [38;2;54;234;195mmemory:  0.23GiB(0.29%)  [34mtps: 826  [36mtflops: 0.11  [35mmfu: 0.01%[39m
[rank3]:[titan] 2026-10-01 08:04:49,714 - torchtitan.observability.metrics - INFO - [31mstep: 12  [32mloss:  5.36681  [38;2;180;60;0mgrad_norm:  5.2812  [38;2;54;234;195mmemory:  0.23GiB(0.29%)  [34mtps: 830  [36mtflops: 0.11  [35mmfu: 0.01%[39m
[rank0]:[titan] 2026-10-01 08:04:49,714 - torchtitan.observability.metrics - INFO - [31mstep: 12  [32mloss:  5.36681  [38;2;180;60;0mgrad_norm:  5.2812  [38;2;54;234;195mmemory:  0.24GiB(0.30%)  [34mtps: 830  [36mtflops: 0.11  [35mmfu: 0.01%[39m
[rank1]:[titan] 2026-10-01 08:04:49,714 - torchtitan.observability.metrics - INFO - [31mstep: 12  [32mloss:  5.36681  [38;2;180;60;0mgrad_norm:  5.2812  [38;2;54;234;195mmemory:  0.23GiB(0.29%)  [34mtps: 830  [36mtflops: 0.11  [35mmfu: 0.01%[39m
[rank2]:[titan] 2026-10-01 08:04:49,714 - torchtitan.observability.metrics - INFO - [31mstep: 12  [32mloss:  5.36681  [38;2;180;60;0mgrad_norm:  5.2812  [38;2;54;234;195mmemory:  0.23GiB(0.29%)  [34mtps: 830  [36mtflops: 0.11  [35mmfu: 0.01%[39m
[rank3]:[titan] 2026-10-01 08:04:50,329 - torchtitan.observability.metrics - INFO - [31mstep: 13  [32mloss:  4.75997  [38;2;180;60;0mgrad_norm:  5.3125  [38;2;54;234;195mmemory:  0.23GiB(0.29%)  [34mtps: 833  [36mtflops: 0.11  [35mmfu: 0.01%[39m
[rank0]:[titan] 2026-10-01 08:04:50,329 - torchtitan.observability.metrics - INFO - [31mstep: 13  [32mloss:  4.75997  [38;2;180;60;0mgrad_norm:  5.3125  [38;2;54;234;195mmemory:  0.24GiB(0.30%)  [34mtps: 833  [36mtflops: 0.11  [35mmfu: 0.01%[39m
[rank1]:[titan] 2026-10-01 08:04:50,329 - torchtitan.observability.metrics - INFO - [31mstep: 13  [32mloss:  4.75997  [38;2;180;60;0mgrad_norm:  5.3125  [38;2;54;234;195mmemory:  0.23GiB(0.29%)  [34mtps: 833  [36mtflops: 0.11  [35mmfu: 0.01%[39m
[rank2]:[titan] 2026-10-01 08:04:50,329 - torchtitan.observability.metrics - INFO - [31mstep: 13  [32mloss:  4.75997  [38;2;180;60;0mgrad_norm:  5.3125  [38;2;54;234;195mmemory:  0.23GiB(0.29%)  [34mtps: 833  [36mtflops: 0.11  [35mmfu: 0.01%[39m
[rank0]:[titan] 2026-10-01 08:04:50,934 - torchtitan.observability.metrics - INFO - [31mstep: 14  [32mloss:  3.94265  [38;2;180;60;0mgrad_norm:  7.0000  [38;2;54;234;195mmemory:  0.24GiB(0.30%)  [34mtps: 847  [36mtflops: 0.11  [35mmfu: 0.01%[39m
[rank3]:[titan] 2026-10-01 08:04:50,934 - torchtitan.observability.metrics - INFO - [31mstep: 14  [32mloss:  3.94265  [38;2;180;60;0mgrad_norm:  7.0000  [38;2;54;234;195mmemory:  0.23GiB(0.29%)  [34mtps: 847  [36mtflops: 0.11  [35mmfu: 0.01%[39m
[rank1]:[titan] 2026-10-01 08:04:50,934 - torchtitan.observability.metrics - INFO - [31mstep: 14  [32mloss:  3.94265  [38;2;180;60;0mgrad_norm:  7.0000  [38;2;54;234;195mmemory:  0.23GiB(0.29%)  [34mtps: 847  [36mtflops: 0.11  [35mmfu: 0.01%[39m
[rank2]:[titan] 2026-10-01 08:04:50,934 - torchtitan.observability.metrics - INFO - [31mstep: 14  [32mloss:  3.94265  [38;2;180;60;0mgrad_norm:  7.0000  [38;2;54;234;195mmemory:  0.23GiB(0.29%)  [34mtps: 847  [36mtflops: 0.11  [35mmfu: 0.01%[39m
[rank0]:[titan] 2026-10-01 08:04:51,538 - torchtitan.observability.metrics - INFO - [31mstep: 15  [32mloss:  4.12269  [38;2;180;60;0mgrad_norm:  4.6875  [38;2;54;234;195mmemory:  0.24GiB(0.30%)  [34mtps: 848  [36mtflops: 0.11  [35mmfu: 0.01%[39m
[rank3]:[titan] 2026-10-01 08:04:51,538 - torchtitan.observability.metrics - INFO - [31mstep: 15  [32mloss:  4.12269  [38;2;180;60;0mgrad_norm:  4.6875  [38;2;54;234;195mmemory:  0.23GiB(0.29%)  [34mtps: 848  [36mtflops: 0.11  [35mmfu: 0.01%[39m
[rank1]:[titan] 2026-10-01 08:04:51,538 - torchtitan.observability.metrics - INFO - [31mstep: 15  [32mloss:  4.12269  [38;2;180;60;0mgrad_norm:  4.6875  [38;2;54;234;195mmemory:  0.23GiB(0.29%)  [34mtps: 848  [36mtflops: 0.11  [35mmfu: 0.01%[39m
[rank2]:[titan] 2026-10-01 08:04:51,538 - torchtitan.observability.metrics - INFO - [31mstep: 15  [32mloss:  4.12269  [38;2;180;60;0mgrad_norm:  4.6875  [38;2;54;234;195mmemory:  0.23GiB(0.29%)  [34mtps: 848  [36mtflops: 0.11  [35mmfu: 0.01%[39m
[rank0]:[titan] 2026-10-01 08:04:52,149 - torchtitan.observability.metrics - INFO - [31mstep: 16  [32mloss:  3.68242  [38;2;180;60;0mgrad_norm:  4.9375  [38;2;54;234;195mmemory:  0.24GiB(0.30%)  [34mtps: 838  [36mtflops: 0.11  [35mmfu: 0.01%[39m
[rank3]:[titan] 2026-10-01 08:04:52,149 - torchtitan.observability.metrics - INFO - [31mstep: 16  [32mloss:  3.68242  [38;2;180;60;0mgrad_norm:  4.9375  [38;2;54;234;195mmemory:  0.23GiB(0.29%)  [34mtps: 838  [36mtflops: 0.11  [35mmfu: 0.01%[39m
[rank1]:[titan] 2026-10-01 08:04:52,149 - torchtitan.observability.metrics - INFO - [31mstep: 16  [32mloss:  3.68242  [38;2;180;60;0mgrad_norm:  4.9375  [38;2;54;234;195mmemory:  0.23GiB(0.29%)  [34mtps: 838  [36mtflops: 0.11  [35mmfu: 0.01%[39m
[rank2]:[titan] 2026-10-01 08:04:52,149 - torchtitan.observability.metrics - INFO - [31mstep: 16  [32mloss:  3.68242  [38;2;180;60;0mgrad_norm:  4.9375  [38;2;54;234;195mmemory:  0.23GiB(0.29%)  [34mtps: 838  [36mtflops: 0.11  [35mmfu: 0.01%[39m
[rank0]:[titan] 2026-10-01 08:04:52,757 - torchtitan.observability.metrics - INFO - [31mstep: 17  [32mloss:  4.59257  [38;2;180;60;0mgrad_norm:  4.7188  [38;2;54;234;195mmemory:  0.24GiB(0.30%)  [34mtps: 843  [36mtflops: 0.11  [35mmfu: 0.01%[39m
[rank3]:[titan] 2026-10-01 08:04:52,757 - torchtitan.observability.metrics - INFO - [31mstep: 17  [32mloss:  4.59257  [38;2;180;60;0mgrad_norm:  4.7188  [38;2;54;234;195mmemory:  0.23GiB(0.29%)  [34mtps: 843  [36mtflops: 0.11  [35mmfu: 0.01%[39m
[rank1]:[titan] 2026-10-01 08:04:52,757 - torchtitan.observability.metrics - INFO - [31mstep: 17  [32mloss:  4.59257  [38;2;180;60;0mgrad_norm:  4.7188  [38;2;54;234;195mmemory:  0.23GiB(0.29%)  [34mtps: 843  [36mtflops: 0.11  [35mmfu: 0.01%[39m
[rank2]:[titan] 2026-10-01 08:04:52,757 - torchtitan.observability.metrics - INFO - [31mstep: 17  [32mloss:  4.59257  [38;2;180;60;0mgrad_norm:  4.7188  [38;2;54;234;195mmemory:  0.23GiB(0.29%)  [34mtps: 843  [36mtflops: 0.11  [35mmfu: 0.01%[39m
[rank0]:[titan] 2026-10-01 08:04:53,361 - torchtitan.observability.metrics - INFO - [31mstep: 18  [32mloss:  3.48132  [38;2;180;60;0mgrad_norm:  5.7812  [38;2;54;234;195mmemory:  0.24GiB(0.30%)  [34mtps: 849  [36mtflops: 0.11  [35mmfu: 0.01%[39m
[rank3]:[titan] 2026-10-01 08:04:53,361 - torchtitan.observability.metrics - INFO - [31mstep: 18  [32mloss:  3.48132  [38;2;180;60;0mgrad_norm:  5.7812  [38;2;54;234;195mmemory:  0.23GiB(0.29%)  [34mtps: 849  [36mtflops: 0.11  [35mmfu: 0.01%[39m
[rank1]:[titan] 2026-10-01 08:04:53,361 - torchtitan.observability.metrics - INFO - [31mstep: 18  [32mloss:  3.48132  [38;2;180;60;0mgrad_norm:  5.7812  [38;2;54;234;195mmemory:  0.23GiB(0.29%)  [34mtps: 849  [36mtflops: 0.11  [35mmfu: 0.01%[39m
[rank2]:[titan] 2026-10-01 08:04:53,361 - torchtitan.observability.metrics - INFO - [31mstep: 18  [32mloss:  3.48132  [38;2;180;60;0mgrad_norm:  5.7812  [38;2;54;234;195mmemory:  0.23GiB(0.29%)  [34mtps: 849  [36mtflops: 0.11  [35mmfu: 0.01%[39m
[rank0]:[titan] 2026-10-01 08:04:53,966 - torchtitan.observability.metrics - INFO - [31mstep: 19  [32mloss:  4.46103  [38;2;180;60;0mgrad_norm:  4.6250  [38;2;54;234;195mmemory:  0.24GiB(0.30%)  [34mtps: 846  [36mtflops: 0.11  [35mmfu: 0.01%[39m
[rank1]:[titan] 2026-10-01 08:04:53,966 - torchtitan.observability.metrics - INFO - [31mstep: 19  [32mloss:  4.46103  [38;2;180;60;0mgrad_norm:  4.6250  [38;2;54;234;195mmemory:  0.23GiB(0.29%)  [34mtps: 846  [36mtflops: 0.11  [35mmfu: 0.01%[39m
[rank3]:[titan] 2026-10-01 08:04:53,966 - torchtitan.observability.metrics - INFO - [31mstep: 19  [32mloss:  4.46103  [38;2;180;60;0mgrad_norm:  4.6250  [38;2;54;234;195mmemory:  0.23GiB(0.29%)  [34mtps: 846  [36mtflops: 0.11  [35mmfu: 0.01%[39m
[rank2]:[titan] 2026-10-01 08:04:53,966 - torchtitan.observability.metrics - INFO - [31mstep: 19  [32mloss:  4.46103  [38;2;180;60;0mgrad_norm:  4.6250  [38;2;54;234;195mmemory:  0.23GiB(0.29%)  [34mtps: 846  [36mtflops: 0.11  [35mmfu: 0.01%[39m
[rank0]:[titan] 2026-10-01 08:04:54,569 - torchtitan.observability.metrics - INFO - [31mstep: 20  [32mloss:  3.63289  [38;2;180;60;0mgrad_norm:  4.7500  [38;2;54;234;195mmemory:  0.24GiB(0.30%)  [34mtps: 849  [36mtflops: 0.11  [35mmfu: 0.01%[39m
[rank0]:[titan] 2026-10-01 08:04:54,569 - torchtitan.trainer - INFO - Sleeping 2 seconds for other ranks to complete
[rank1]:[titan] 2026-10-01 08:04:54,569 - torchtitan.observability.metrics - INFO - [31mstep: 20  [32mloss:  3.63289  [38;2;180;60;0mgrad_norm:  4.7500  [38;2;54;234;195mmemory:  0.23GiB(0.29%)  [34mtps: 849  [36mtflops: 0.11  [35mmfu: 0.01%[39m
[rank1]:[titan] 2026-10-01 08:04:54,569 - torchtitan.trainer - INFO - Training completed
[rank2]:[titan] 2026-10-01 08:04:54,569 - torchtitan.observability.metrics - INFO - [31mstep: 20  [32mloss:  3.63289  [38;2;180;60;0mgrad_norm:  4.7500  [38;2;54;234;195mmemory:  0.23GiB(0.29%)  [34mtps: 849  [36mtflops: 0.11  [35mmfu: 0.01%[39m
[rank3]:[titan] 2026-10-01 08:04:54,569 - torchtitan.observability.metrics - INFO - [31mstep: 20  [32mloss:  3.63289  [38;2;180;60;0mgrad_norm:  4.7500  [38;2;54;234;195mmemory:  0.23GiB(0.29%)  [34mtps: 849  [36mtflops: 0.11  [35mmfu: 0.01%[39m
[rank2]:[titan] 2026-10-01 08:04:54,569 - torchtitan.trainer - INFO - Training completed
[rank3]:[titan] 2026-10-01 08:04:54,569 - torchtitan.trainer - INFO - Training completed
[rank0]:[titan] 2026-10-01 08:04:56,570 - torchtitan.trainer - INFO - Training completed
[rank1]:[titan] 2026-10-01 08:04:56,986 - __main__ - INFO - Process group destroyed
[rank3]:[titan] 2026-10-01 08:04:56,986 - __main__ - INFO - Process group destroyed
[rank2]:[titan] 2026-10-01 08:04:56,986 - __main__ - INFO - Process group destroyed
[rank0]:[titan] 2026-10-01 08:04:57,151 - __main__ - INFO - Process group destroyed
