W0914 07:07:17.664000 1791859 torch/distributed/run.py:982] 
W0914 07:07:17.664000 1791859 torch/distributed/run.py:982] *****************************************
W0914 07:07:17.664000 1791859 torch/distributed/run.py:982] Setting OMP_NUM_THREADS environment variable for each process to be 1 in default, to avoid your system being overloaded, please further tune the variable for optimal performance in your application as needed. 
W0914 07:07:17.664000 1791859 torch/distributed/run.py:982] *****************************************
WARNING:absl:Failed to load jax profiler: No module named 'jax'
WARNING:absl:Failed to load jax profiler: No module named 'jax'
W0914 07:07:23.982000 1791927 torch/utils/_pytree.py:630] <enum 'KernelPreference'> is an Enum subclass and is now natively supported by torch.compile as an opaque value type. Calling register_constant() on Enum subclasses is deprecated and will be an error in a future release.
W0914 07:07:23.987000 1791926 torch/utils/_pytree.py:630] <enum 'KernelPreference'> is an Enum subclass and is now natively supported by torch.compile as an opaque value type. Calling register_constant() on Enum subclasses is deprecated and will be an error in a future release.
W0914 07:07:24.013000 1791927 torch/utils/_pytree.py:630] <enum 'ScaleCalculationMode'> is an Enum subclass and is now natively supported by torch.compile as an opaque value type. Calling register_constant() on Enum subclasses is deprecated and will be an error in a future release.
W0914 07:07:24.018000 1791926 torch/utils/_pytree.py:630] <enum 'ScaleCalculationMode'> is an Enum subclass and is now natively supported by torch.compile as an opaque value type. Calling register_constant() on Enum subclasses is deprecated and will be an error in a future release.
[titan] 2026-09-14 07:07:24,664 - __main__ - INFO - torchtitan version: 0.0.0+unknown (0.0.0 means __version__ is not defined correctly).
[titan] 2026-09-14 07:07:24,669 - __main__ - INFO - torchtitan version: 0.0.0+unknown (0.0.0 means __version__ is not defined correctly).
[titan] 2026-09-14 07:07:25,246 - torchtitan.components.checkpointer.base - WARNING - initial_load_model_only=True has no effect without an initial_load_path.
[titan] 2026-09-14 07:07:25,265 - torchtitan.components.checkpointer.base - WARNING - initial_load_model_only=True has no effect without an initial_load_path.
[titan] 2026-09-14 07:07:25,339 - torchtitan.components.checkpointer.base - WARNING - initial_load_model_only=True has no effect without an initial_load_path.
[titan] 2026-09-14 07:07:25,343 - torchtitan.observability.structured_logger.jsonl_handler - INFO - Structured logging -> JSONL: /workspace/.moonep_cmp/locate_0914_070118/cold_L2/structured_logs/training.global_rank_1.20260914-070725-8H8EZX.jsonl
[titan] 2026-09-14 07:07:25,358 - torchtitan.components.checkpointer.base - WARNING - initial_load_model_only=True has no effect without an initial_load_path.
[titan] 2026-09-14 07:07:25,362 - torchtitan.observability.structured_logger.jsonl_handler - INFO - Structured logging -> JSONL: /workspace/.moonep_cmp/locate_0914_070118/cold_L2/structured_logs/training.global_rank_0.20260914-070725-0GP2LP.jsonl
[titan] 2026-09-14 07:07:25,599 - torchtitan.distributed.utils - INFO - Enabled BF16x9 emulation for FP32 CUDA matmuls
[titan] 2026-09-14 07:07:25,600 - torchtitan.distributed.utils - WARNING - ENV[TORCH_NCCL_ASYNC_ERROR_HANDLING] = 1 will be overridden to 3 based on job config
[titan] 2026-09-14 07:07:25,612 - torchtitan.distributed.utils - INFO - Enabled BF16x9 emulation for FP32 CUDA matmuls
[titan] 2026-09-14 07:07:25,612 - torchtitan.distributed.utils - WARNING - ENV[TORCH_NCCL_ASYNC_ERROR_HANDLING] = 1 will be overridden to 3 based on job config
[titan] 2026-09-14 07:07:26,045 - torchtitan.distributed.parallel_dims - INFO - Building device mesh with parallelism: pp=1, dp_replicate=1, dp_shard=2, cp=1, tp=1, ep=2
[titan] 2026-09-14 07:07:26,045 - torchtitan.distributed.parallel_dims - INFO - Building device mesh with parallelism: pp=1, dp_replicate=1, dp_shard=2, cp=1, tp=1, ep=2
[titan] 2026-09-14 07:07:26,271 - torchtitan.distributed.parallel_dims - INFO - Successfully created meshes with active dimensions: ['batch', 'loss', 'ep', 'dp', 'dp_shard']
[titan] 2026-09-14 07:07:26,271 - torchtitan.tools.utils - INFO - [GC] Initial GC collection took 0.00 seconds
[titan] 2026-09-14 07:07:26,271 - torchtitan.distributed.utils - INFO - Deterministic algorithm enabled (expect perf degradation).
[titan] 2026-09-14 07:07:26,278 - torchtitan.distributed.parallel_dims - INFO - Successfully created meshes with active dimensions: ['batch', 'loss', 'ep', 'dp', 'dp_shard']
[titan] 2026-09-14 07:07:26,278 - torchtitan.tools.utils - INFO - [GC] Initial GC collection took 0.00 seconds
[titan] 2026-09-14 07:07:26,278 - torchtitan.distributed.utils - INFO - Deterministic algorithm enabled (expect perf degradation).
[titan] 2026-09-14 07:07:26,297 - torchtitan.trainer - INFO - Building kimi_k3 debugmodel
[titan] 2026-09-14 07:07:26,308 - torchtitan.trainer - INFO - Building kimi_k3 debugmodel
[titan] 2026-09-14 07:07:26,504 - torchtitan.observability.metrics - INFO - CUDA capacity: NVIDIA GeForce RTX 5060 Ti with 15.48GiB memory
[titan] 2026-09-14 07:07:26,508 - torchtitan.tools.utils - WARNING - Error running lspci: [Errno 2] No such file or directory: 'lspci', fallback to use device_name
[titan] 2026-09-14 07:07:26,508 - torchtitan.tools.utils - WARNING - Peak flops undefined for: NVIDIA GeForce RTX 5060 Ti, fallback to A100
[titan] 2026-09-14 07:07:26,514 - torchtitan.models.utils - INFO - Total parameter count: 1,119,984,672, active parameters: 535,879,200
[titan] 2026-09-14 07:07:26,514 - torchtitan.trainer - INFO - [34mModel kimi_k3 debugmodel [31msize: 1,119,984,672 total parameters[39m
[titan] 2026-09-14 07:07:26,520 - torchtitan.observability.metrics - INFO - CUDA capacity: NVIDIA GeForce RTX 5060 Ti with 15.48GiB memory
[titan] 2026-09-14 07:07:26,523 - torchtitan.tools.utils - WARNING - Error running lspci: [Errno 2] No such file or directory: 'lspci', fallback to use device_name
[titan] 2026-09-14 07:07:26,523 - torchtitan.tools.utils - WARNING - Peak flops undefined for: NVIDIA GeForce RTX 5060 Ti, fallback to A100
[titan] 2026-09-14 07:07:26,529 - torchtitan.models.utils - INFO - Total parameter count: 1,119,984,672, active parameters: 535,879,200
[titan] 2026-09-14 07:07:26,529 - torchtitan.trainer - INFO - [34mModel kimi_k3 debugmodel [31msize: 1,119,984,672 total parameters[39m
[titan] 2026-09-14 07:07:26,570 - torchtitan.distributed.activation_checkpoint - INFO - Applied SelectiveAC activation checkpointing to the model
[titan] 2026-09-14 07:07:26,572 - torchtitan.distributed.activation_checkpoint - INFO - Applied SelectiveAC activation checkpointing to the model
[titan] 2026-09-14 07:07:26,587 - torchtitan.distributed.activation_checkpoint - INFO - Applied SelectiveAC activation checkpointing to the model
[titan] 2026-09-14 07:07:26,589 - torchtitan.distributed.activation_checkpoint - INFO - Applied SelectiveAC activation checkpointing to the model
[titan] 2026-09-14 07:07:26,985 - torchtitan.distributed.fsdp - INFO - Applied FSDP to the model
[titan] 2026-09-14 07:07:27,016 - torchtitan.distributed.fsdp - INFO - Applied FSDP to the model
[rank0]:W0914 07:07:27.452000 1791926 torch/distributed/tensor/_redistribute.py:394] While redistributing from (_StridedShard(dim=0, sf=2), Shard(dim=0)) to (Replicate(), Replicate()), 2 sequential all_gather operations will be performed. This is suboptimal: multiple collective operations have higher latency (separate kernel launches and synchronization points) and may give inconsistent results between ranks due to different reduction orders. it is not possible to merge non-ascending order all_gather operations.
[rank1]:W0914 07:07:27.453000 1791927 torch/distributed/tensor/_redistribute.py:394] While redistributing from (_StridedShard(dim=0, sf=2), Shard(dim=0)) to (Replicate(), Replicate()), 2 sequential all_gather operations will be performed. This is suboptimal: multiple collective operations have higher latency (separate kernel launches and synchronization points) and may give inconsistent results between ranks due to different reduction orders. it is not possible to merge non-ascending order all_gather operations.
[titan] 2026-09-14 07:07:28,408 - torchtitan.tools.utils - WARNING - Error running lspci: [Errno 2] No such file or directory: 'lspci', fallback to use device_name
[titan] 2026-09-14 07:07:28,408 - torchtitan.tools.utils - WARNING - Peak flops undefined for: NVIDIA GeForce RTX 5060 Ti, fallback to A100
[titan] 2026-09-14 07:07:28,408 - torchtitan.trainer - INFO - Peak FLOPS used for computing MFU: 3.120e+14
[titan] 2026-09-14 07:07:28,408 - torchtitan.tools.utils - WARNING - Error running lspci: [Errno 2] No such file or directory: 'lspci', fallback to use device_name
[titan] 2026-09-14 07:07:28,408 - torchtitan.tools.utils - WARNING - Peak flops undefined for: NVIDIA GeForce RTX 5060 Ti, fallback to A100
[titan] 2026-09-14 07:07:28,408 - torchtitan.trainer - INFO - Peak FLOPS used for computing MFU: 3.120e+14
[titan] 2026-09-14 07:07:28,408 - torchtitan.trainer - INFO - CUDA memory usage for model: 1.94GiB(12.56%)
[titan] 2026-09-14 07:07:28,408 - torchtitan.trainer - INFO - CUDA memory usage for model: 1.94GiB(12.56%)
[titan] 2026-09-14 07:07:28,413 - torchtitan.components.optimizer.optimizer - INFO - Optimizer AdamW (model_part=0): 726 params [.*] {'fused': True, 'foreach': False, 'lr': 0.0008, 'betas': (0.9, 0.95), 'eps': 1e-08, 'weight_decay': 0.1}
[titan] 2026-09-14 07:07:28,413 - torchtitan.components.optimizer.optimizer - INFO - Optimizer AdamW (model_part=0): 726 params [.*] {'fused': True, 'foreach': False, 'lr': 0.0008, 'betas': (0.9, 0.95), 'eps': 1e-08, 'weight_decay': 0.1}
[titan] 2026-09-14 07:07:28,416 - torchtitan.components.optimizer.lr_scheduler - WARNING - Warmup (2) + decay (2) steps exceed total steps (3). Adjusting decay steps to 1.
[titan] 2026-09-14 07:07:28,416 - torchtitan.components.tokenizer - INFO - Loading tokenizer from tokenizer.json
[titan] 2026-09-14 07:07:28,416 - torchtitan.components.optimizer.lr_scheduler - WARNING - Warmup (2) + decay (2) steps exceed total steps (3). Adjusting decay steps to 1.
[titan] 2026-09-14 07:07:28,417 - torchtitan.components.tokenizer - INFO - Loading tokenizer from tokenizer.json
[titan] 2026-09-14 07:07:28,440 - torchtitan.protocols.state_dict_adapter - WARNING - model.safetensors.index.json not found at hf_assets_path: ./tests/assets/tokenizer/model.safetensors.index.json.                     Defaulting to saving a single safetensors file if checkpoint is saved in HF format
[titan] 2026-09-14 07:07:28,440 - torchtitan.components.checkpointer.base - WARNING - initial_load_model_only=True has no effect without an initial_load_path.
[titan] 2026-09-14 07:07:28,440 - torchtitan.trainer - INFO - Trainer is initialized with 256 tokens per DP rank, 8192 tokens per train step, gradient accumulation steps 16, maximum context length 2048, total steps 3 (warmup 2)
[titan] 2026-09-14 07:07:28,440 - torchtitan.trainer - INFO - Training starts at step 1
[titan] 2026-09-14 07:07:28,440 - torchtitan.protocols.state_dict_adapter - WARNING - model.safetensors.index.json not found at hf_assets_path: ./tests/assets/tokenizer/model.safetensors.index.json.                     Defaulting to saving a single safetensors file if checkpoint is saved in HF format
[titan] 2026-09-14 07:07:28,440 - torchtitan.components.checkpointer.base - WARNING - initial_load_model_only=True has no effect without an initial_load_path.
[titan] 2026-09-14 07:07:28,441 - torchtitan.trainer - INFO - Trainer is initialized with 256 tokens per DP rank, 8192 tokens per train step, gradient accumulation steps 16, maximum context length 2048, total steps 3 (warmup 2)
[titan] 2026-09-14 07:07:28,441 - torchtitan.trainer - INFO - Training starts at step 1
[titan] 2026-09-14 07:07:45,937 - attn_gym.linear.kda.utils - INFO - Blackwell detected: registering default global_scratch allocator.
[titan] 2026-09-14 07:07:45,953 - attn_gym.linear.kda.utils - INFO - Blackwell detected: registering default global_scratch allocator.
/workspace/venv_bfx9/lib/python3.12/site-packages/torch/distributed/fsdp/_fully_shard/_fsdp_state.py:336: UserWarning: FSDP2-wrapped module (FSDPCheckpointWrapper) returned a view tensor. An in-place op on this view (e.g., `x += y`) will silently drop the pre-backward hook and skip the all-gather, which can cause backward to fail or produce wrong gradients. Use out-of-place ops (`out = out + y`, not `out += y`) or `.clone()` the output before any in-place op.
  output = self._register_pre_backward_hook(output)
/workspace/venv_bfx9/lib/python3.12/site-packages/torch/distributed/fsdp/_fully_shard/_fsdp_state.py:336: UserWarning: FSDP2-wrapped module (FSDPCheckpointWrapper) returned a view tensor. An in-place op on this view (e.g., `x += y`) will silently drop the pre-backward hook and skip the all-gather, which can cause backward to fail or produce wrong gradients. Use out-of-place ops (`out = out + y`, not `out += y`) or `.clone()` the output before any in-place op.
  output = self._register_pre_backward_hook(output)
/workspace/venv_bfx9/lib/python3.12/site-packages/torch/distributed/fsdp/_fully_shard/_fsdp_state.py:336: UserWarning: FSDP2-wrapped module (FSDPCheckpointWrapper) returned a view tensor. An in-place op on this view (e.g., `x += y`) will silently drop the pre-backward hook and skip the all-gather, which can cause backward to fail or produce wrong gradients. Use out-of-place ops (`out = out + y`, not `out += y`) or `.clone()` the output before any in-place op.
  output = self._register_pre_backward_hook(output)
/workspace/venv_bfx9/lib/python3.12/site-packages/torch/distributed/fsdp/_fully_shard/_fsdp_state.py:336: UserWarning: FSDP2-wrapped module (FSDPCheckpointWrapper) returned a view tensor. An in-place op on this view (e.g., `x += y`) will silently drop the pre-backward hook and skip the all-gather, which can cause backward to fail or produce wrong gradients. Use out-of-place ops (`out = out + y`, not `out += y`) or `.clone()` the output before any in-place op.
  output = self._register_pre_backward_hook(output)
/workspace/venv_bfx9/lib/python3.12/site-packages/torch/distributed/fsdp/_fully_shard/_fsdp_state.py:336: UserWarning: FSDP2-wrapped module (FSDPCheckpointWrapper) returned a view tensor. An in-place op on this view (e.g., `x += y`) will silently drop the pre-backward hook and skip the all-gather, which can cause backward to fail or produce wrong gradients. Use out-of-place ops (`out = out + y`, not `out += y`) or `.clone()` the output before any in-place op.
  output = self._register_pre_backward_hook(output)
/workspace/venv_bfx9/lib/python3.12/site-packages/torch/distributed/fsdp/_fully_shard/_fsdp_state.py:336: UserWarning: FSDP2-wrapped module (FSDPCheckpointWrapper) returned a view tensor. An in-place op on this view (e.g., `x += y`) will silently drop the pre-backward hook and skip the all-gather, which can cause backward to fail or produce wrong gradients. Use out-of-place ops (`out = out + y`, not `out += y`) or `.clone()` the output before any in-place op.
  output = self._register_pre_backward_hook(output)
[titan] 2026-09-14 07:09:25,779 - torchtitan.observability.metrics - INFO - [31mstep:  1  [32mloss: 12.40228  [38;2;180;60;0mgrad_norm: 14.8125  [38;2;54;234;195mmemory:  6.36GiB(41.10%)  [34mtps: 34  [36mtflops: 0.12  [35mmfu: 0.04%[39m
[titan] 2026-09-14 07:09:25,779 - torchtitan.observability.metrics - INFO - [31mstep:  1  [32mloss: 12.40228  [38;2;180;60;0mgrad_norm: 14.8125  [38;2;54;234;195mmemory:  6.36GiB(41.10%)  [34mtps: 34  [36mtflops: 0.12  [35mmfu: 0.04%[39m
[titan] 2026-09-14 07:09:25,783 - torchtitan.distributed.utils - INFO - Synchronizing and adjusting timeout for all ProcessGroups to 0:01:40
[titan] 2026-09-14 07:09:25,783 - torchtitan.distributed.utils - INFO - Synchronizing and adjusting timeout for all ProcessGroups to 0:01:40
[titan] 2026-09-14 07:10:02,355 - torchtitan.observability.metrics - INFO - [31mstep:  2  [32mloss:  9.58659  [38;2;180;60;0mgrad_norm: 13.2500  [38;2;54;234;195mmemory:  7.48GiB(48.33%)  [34mtps: 112  [36mtflops: 0.39  [35mmfu: 0.13%[39m
[titan] 2026-09-14 07:10:02,355 - torchtitan.observability.metrics - INFO - [31mstep:  2  [32mloss:  9.58659  [38;2;180;60;0mgrad_norm: 13.2500  [38;2;54;234;195mmemory:  7.48GiB(48.33%)  [34mtps: 112  [36mtflops: 0.39  [35mmfu: 0.13%[39m
[titan] 2026-09-14 07:10:38,698 - torchtitan.observability.metrics - INFO - [31mstep:  3  [32mloss:  7.52933  [38;2;180;60;0mgrad_norm: 10.3750  [38;2;54;234;195mmemory:  7.48GiB(48.33%)  [34mtps: 113  [36mtflops: 0.39  [35mmfu: 0.13%[39m
[titan] 2026-09-14 07:10:38,698 - torchtitan.observability.metrics - INFO - [31mstep:  3  [32mloss:  7.52933  [38;2;180;60;0mgrad_norm: 10.3750  [38;2;54;234;195mmemory:  7.48GiB(48.33%)  [34mtps: 113  [36mtflops: 0.39  [35mmfu: 0.13%[39m
[titan] 2026-09-14 07:10:38,702 - torchtitan.trainer - INFO - Training completed
[titan] 2026-09-14 07:10:38,703 - torchtitan.trainer - INFO - Sleeping 2 seconds for other ranks to complete
[titan] 2026-09-14 07:10:40,703 - torchtitan.trainer - INFO - Training completed
[titan] 2026-09-14 07:10:40,983 - __main__ - INFO - Process group destroyed
[titan] 2026-09-14 07:10:41,049 - __main__ - INFO - Process group destroyed
