W0929 07:12:55.534000 52188 torch/distributed/run.py:982] 
W0929 07:12:55.534000 52188 torch/distributed/run.py:982] *****************************************
W0929 07:12:55.534000 52188 torch/distributed/run.py:982] Setting OMP_NUM_THREADS environment variable for each process to be 1 in default, to avoid your system being overloaded, please further tune the variable for optimal performance in your application as needed. 
W0929 07:12:55.534000 52188 torch/distributed/run.py:982] *****************************************
[rank0]:WARNING:absl:Failed to load jax profiler: No module named 'jax'
[rank1]:WARNING:absl:Failed to load jax profiler: No module named 'jax'
[rank0]:[titan] 2026-09-29 07:13:01,687 - __main__ - INFO - torchtitan version: 0.0.0+unknown (0.0.0 means __version__ is not defined correctly).
[rank1]:[titan] 2026-09-29 07:13:01,912 - __main__ - INFO - torchtitan version: 0.0.0+unknown (0.0.0 means __version__ is not defined correctly).
[rank0]:[titan] 2026-09-29 07:13:02,416 - torchtitan.observability.structured_logger.jsonl_handler - INFO - Structured logging -> JSONL: /root/mep/results/m4656/pr_t1_tp2ep2_nosp/out/structured_logs/training.global_rank_0.20260929-071302-YU0CD5.jsonl
[rank0]:[titan] 2026-09-29 07:13:02,658 - torchtitan.distributed.utils - WARNING - ENV[TORCH_NCCL_ASYNC_ERROR_HANDLING] = 1 will be overridden to 3 based on job config
[rank1]:[titan] 2026-09-29 07:13:02,652 - torchtitan.observability.structured_logger.jsonl_handler - INFO - Structured logging -> JSONL: /root/mep/results/m4656/pr_t1_tp2ep2_nosp/out/structured_logs/training.global_rank_1.20260929-071302-TCB14M.jsonl
[rank1]:[titan] 2026-09-29 07:13:03,048 - torchtitan.distributed.utils - WARNING - ENV[TORCH_NCCL_ASYNC_ERROR_HANDLING] = 1 will be overridden to 3 based on job config
[rank0]:[titan] 2026-09-29 07:13:03,564 - torchtitan.tools.utils - INFO - [GC] Initial GC collection took 0.00 seconds
[rank0]:[titan] 2026-09-29 07:13:03,564 - torchtitan.distributed.utils - INFO - Deterministic algorithm enabled (expect perf degradation).
[rank0]:[titan] 2026-09-29 07:13:03,576 - torchtitan.distributed.parallel_dims - INFO - Building device mesh with parallelism: pp=1, dp_replicate=1, dp_shard=1, cp=1, tp=2, ep=2
[rank1]:[titan] 2026-09-29 07:13:03,564 - torchtitan.tools.utils - INFO - [GC] Initial GC collection took 0.00 seconds
[rank1]:[titan] 2026-09-29 07:13:03,564 - torchtitan.distributed.utils - INFO - Deterministic algorithm enabled (expect perf degradation).
[rank1]:[titan] 2026-09-29 07:13:03,575 - torchtitan.distributed.parallel_dims - INFO - Building device mesh with parallelism: pp=1, dp_replicate=1, dp_shard=1, cp=1, tp=2, ep=2
[rank0]:[titan] 2026-09-29 07:13:04,393 - torchtitan.distributed.parallel_dims - INFO - Successfully created meshes with active dimensions: ['tp', 'ep']
[rank0]:[titan] 2026-09-29 07:13:04,395 - torchtitan.observability.metrics - INFO - CUDA capacity: NVIDIA H100 80GB HBM3 with 79.21GiB memory
[rank0]:[titan] 2026-09-29 07:13:04,408 - torchtitan.tools.utils - WARNING - Error running lspci: [Errno 2] No such file or directory: 'lspci', fallback to use device_name
[rank0]:[titan] 2026-09-29 07:13:04,408 - torchtitan.components.tokenizer - INFO - Loading tokenizer from tokenizer.json
[rank1]:[titan] 2026-09-29 07:13:04,401 - torchtitan.distributed.parallel_dims - INFO - Successfully created meshes with active dimensions: ['tp', 'ep']
[rank1]:[titan] 2026-09-29 07:13:04,403 - torchtitan.observability.metrics - INFO - CUDA capacity: NVIDIA H100 80GB HBM3 with 79.21GiB memory
[rank1]:[titan] 2026-09-29 07:13:04,415 - torchtitan.tools.utils - WARNING - Error running lspci: [Errno 2] No such file or directory: 'lspci', fallback to use device_name
[rank1]:[titan] 2026-09-29 07:13:04,416 - torchtitan.components.tokenizer - INFO - Loading tokenizer from tokenizer.json
[rank0]:[titan] 2026-09-29 07:13:04,547 - torchtitan.protocols.state_dict_adapter - WARNING - model.safetensors.index.json not found at hf_assets_path: ./tests/assets/tokenizer/model.safetensors.index.json.                     Defaulting to saving a single safetensors file if checkpoint is saved in HF format
[rank0]:[titan] 2026-09-29 07:13:04,550 - torchtitan.models.utils - INFO - Total parameter count: 25,776,880, active parameters: 17,236,208
[rank1]:[titan] 2026-09-29 07:13:04,555 - torchtitan.protocols.state_dict_adapter - WARNING - model.safetensors.index.json not found at hf_assets_path: ./tests/assets/tokenizer/model.safetensors.index.json.                     Defaulting to saving a single safetensors file if checkpoint is saved in HF format
[rank1]:[titan] 2026-09-29 07:13:04,558 - torchtitan.models.utils - INFO - Total parameter count: 25,776,880, active parameters: 17,236,208
[rank0]:[titan] 2026-09-29 07:13:04,636 - torchtitan.distributed.activation_checkpoint - INFO - Applied SelectiveAC activation checkpointing to the model
[rank0]:[titan] 2026-09-29 07:13:04,636 - torchtitan.distributed.activation_checkpoint - INFO - Applied SelectiveAC activation checkpointing to the model
[rank1]:[titan] 2026-09-29 07:13:04,646 - torchtitan.distributed.activation_checkpoint - INFO - Applied SelectiveAC activation checkpointing to the model
[rank1]:[titan] 2026-09-29 07:13:04,647 - torchtitan.distributed.activation_checkpoint - INFO - Applied SelectiveAC activation checkpointing to the model
[rank0]:[titan] 2026-09-29 07:13:05,063 - torchtitan.distributed.fsdp - INFO - Applied FSDP to the model
[rank1]:[titan] 2026-09-29 07:13:05,074 - torchtitan.distributed.fsdp - INFO - Applied FSDP to the model
[rank0]:[rank0]:W0929 07:13:05.270000 52323 torch/distributed/tensor/_redistribute.py:394] While redistributing from (_StridedShard(dim=0, sf=2), Shard(dim=0)) to (Replicate(), Replicate()), 2 sequential all_gather operations will be performed. This is suboptimal: multiple collective operations have higher latency (separate kernel launches and synchronization points) and may give inconsistent results between ranks due to different reduction orders. it is not possible to merge non-ascending order all_gather operations.
[rank1]:[rank1]:W0929 07:13:05.279000 52324 torch/distributed/tensor/_redistribute.py:394] While redistributing from (_StridedShard(dim=0, sf=2), Shard(dim=0)) to (Replicate(), Replicate()), 2 sequential all_gather operations will be performed. This is suboptimal: multiple collective operations have higher latency (separate kernel launches and synchronization points) and may give inconsistent results between ranks due to different reduction orders. it is not possible to merge non-ascending order all_gather operations.
[rank0]:[rank0]:W0929 07:13:05.619000 52323 torch/distributed/tensor/_redistribute.py:394] While redistributing from (_StridedShard(dim=0, sf=2), Shard(dim=0)) to (Replicate(), Replicate()), 2 sequential all_gather operations will be performed. This is suboptimal: multiple collective operations have higher latency (separate kernel launches and synchronization points) and may give inconsistent results between ranks due to different reduction orders. it is not possible to merge non-ascending order all_gather operations.
[rank1]:[rank1]:W0929 07:13:05.619000 52324 torch/distributed/tensor/_redistribute.py:394] While redistributing from (_StridedShard(dim=0, sf=2), Shard(dim=0)) to (Replicate(), Replicate()), 2 sequential all_gather operations will be performed. This is suboptimal: multiple collective operations have higher latency (separate kernel launches and synchronization points) and may give inconsistent results between ranks due to different reduction orders. it is not possible to merge non-ascending order all_gather operations.
[rank0]:[titan] 2026-09-29 07:13:06,036 - torchtitan.training_engine - INFO - Model KimiK3Model.Config size: 25,776,880 total parameters
[rank0]:[titan] 2026-09-29 07:13:06,039 - torchtitan.components.optimizer.optimizer - INFO - Optimizer AdamW (model_part=0): 465 params [.*] {'fused': True, 'foreach': False, 'lr': 0.0008, 'betas': (0.9, 0.95), 'eps': 1e-08, 'weight_decay': 0.1}
[rank0]:[titan] 2026-09-29 07:13:06,042 - torchtitan.trainer - INFO - Peak FLOPS used for computing MFU: 9.890e+14
[rank0]:[titan] 2026-09-29 07:13:06,042 - torchtitan.trainer - INFO - CUDA memory usage for model: 0.03GiB(0.04%)
[rank0]:[titan] 2026-09-29 07:13:06,042 - torchtitan.trainer - INFO - Trainer is initialized with 256 tokens per DP rank, 256 tokens per train step, gradient accumulation steps 1, maximum context length 2048, total steps 100 (warmup 2)
[rank0]:[titan] 2026-09-29 07:13:06,042 - torchtitan.trainer - INFO - Training starts at step 1
[rank1]:[titan] 2026-09-29 07:13:06,036 - torchtitan.training_engine - INFO - Model KimiK3Model.Config size: 25,776,880 total parameters
[rank1]:[titan] 2026-09-29 07:13:06,039 - torchtitan.components.optimizer.optimizer - INFO - Optimizer AdamW (model_part=0): 465 params [.*] {'fused': True, 'foreach': False, 'lr': 0.0008, 'betas': (0.9, 0.95), 'eps': 1e-08, 'weight_decay': 0.1}
[rank1]:[titan] 2026-09-29 07:13:06,042 - torchtitan.trainer - INFO - Peak FLOPS used for computing MFU: 9.890e+14
[rank1]:[titan] 2026-09-29 07:13:06,042 - torchtitan.trainer - INFO - CUDA memory usage for model: 0.03GiB(0.04%)
[rank1]:[titan] 2026-09-29 07:13:06,042 - torchtitan.trainer - INFO - Trainer is initialized with 256 tokens per DP rank, 256 tokens per train step, gradient accumulation steps 1, maximum context length 2048, total steps 100 (warmup 2)
[rank1]:[titan] 2026-09-29 07:13:06,042 - torchtitan.trainer - INFO - Training starts at step 1
[rank0]:/root/mep/venv/lib/python3.12/site-packages/torch/distributed/fsdp/_fully_shard/_fsdp_state.py:336: UserWarning: FSDP2-wrapped module (FSDPKimiK3VisionEncoder) returned a view tensor. An in-place op on this view (e.g., `x += y`) will silently drop the pre-backward hook and skip the all-gather, which can cause backward to fail or produce wrong gradients. Use out-of-place ops (`out = out + y`, not `out += y`) or `.clone()` the output before any in-place op.
[rank1]:/root/mep/venv/lib/python3.12/site-packages/torch/distributed/fsdp/_fully_shard/_fsdp_state.py:336: UserWarning: FSDP2-wrapped module (FSDPKimiK3VisionEncoder) returned a view tensor. An in-place op on this view (e.g., `x += y`) will silently drop the pre-backward hook and skip the all-gather, which can cause backward to fail or produce wrong gradients. Use out-of-place ops (`out = out + y`, not `out += y`) or `.clone()` the output before any in-place op.
[rank0]:  output = self._register_pre_backward_hook(output)
[rank1]:  output = self._register_pre_backward_hook(output)
[rank1]:/root/mep/venv/lib/python3.12/site-packages/torch/distributed/fsdp/_fully_shard/_fsdp_state.py:336: UserWarning: FSDP2-wrapped module (FSDPCheckpointWrapper) returned a view tensor. An in-place op on this view (e.g., `x += y`) will silently drop the pre-backward hook and skip the all-gather, which can cause backward to fail or produce wrong gradients. Use out-of-place ops (`out = out + y`, not `out += y`) or `.clone()` the output before any in-place op.
[rank0]:/root/mep/venv/lib/python3.12/site-packages/torch/distributed/fsdp/_fully_shard/_fsdp_state.py:336: UserWarning: FSDP2-wrapped module (FSDPCheckpointWrapper) returned a view tensor. An in-place op on this view (e.g., `x += y`) will silently drop the pre-backward hook and skip the all-gather, which can cause backward to fail or produce wrong gradients. Use out-of-place ops (`out = out + y`, not `out += y`) or `.clone()` the output before any in-place op.
[rank1]:  output = self._register_pre_backward_hook(output)
[rank0]:  output = self._register_pre_backward_hook(output)
[rank0]:/root/mep/venv/lib/python3.12/site-packages/torch/distributed/fsdp/_fully_shard/_fsdp_state.py:336: UserWarning: FSDP2-wrapped module (FSDPCheckpointWrapper) returned a view tensor. An in-place op on this view (e.g., `x += y`) will silently drop the pre-backward hook and skip the all-gather, which can cause backward to fail or produce wrong gradients. Use out-of-place ops (`out = out + y`, not `out += y`) or `.clone()` the output before any in-place op.
[rank1]:/root/mep/venv/lib/python3.12/site-packages/torch/distributed/fsdp/_fully_shard/_fsdp_state.py:336: UserWarning: FSDP2-wrapped module (FSDPCheckpointWrapper) returned a view tensor. An in-place op on this view (e.g., `x += y`) will silently drop the pre-backward hook and skip the all-gather, which can cause backward to fail or produce wrong gradients. Use out-of-place ops (`out = out + y`, not `out += y`) or `.clone()` the output before any in-place op.
[rank0]:  output = self._register_pre_backward_hook(output)
[rank1]:  output = self._register_pre_backward_hook(output)
[rank1]:/root/mep/venv/lib/python3.12/site-packages/torch/distributed/fsdp/_fully_shard/_fsdp_state.py:336: UserWarning: FSDP2-wrapped module (FSDPKimiK3Model) returned a view tensor. An in-place op on this view (e.g., `x += y`) will silently drop the pre-backward hook and skip the all-gather, which can cause backward to fail or produce wrong gradients. Use out-of-place ops (`out = out + y`, not `out += y`) or `.clone()` the output before any in-place op.
[rank1]:  output = self._register_pre_backward_hook(output)
[rank1]:/root/mep/venv/lib/python3.12/site-packages/torch/distributed/fsdp/_fully_shard/_fsdp_state.py:379: UserWarning: FSDP2-wrapped module (FSDPRMSNorm, FSDPLinear) returned a view tensor. An in-place op on this view (e.g., `x += y`) will silently drop the pre-backward hook and skip the all-gather, which can cause backward to fail or produce wrong gradients. Use out-of-place ops (`out = out + y`, not `out += y`) or `.clone()` the output before any in-place op.
[rank0]:/root/mep/venv/lib/python3.12/site-packages/torch/distributed/fsdp/_fully_shard/_fsdp_state.py:336: UserWarning: FSDP2-wrapped module (FSDPKimiK3Model) returned a view tensor. An in-place op on this view (e.g., `x += y`) will silently drop the pre-backward hook and skip the all-gather, which can cause backward to fail or produce wrong gradients. Use out-of-place ops (`out = out + y`, not `out += y`) or `.clone()` the output before any in-place op.
[rank1]:  output = state._register_pre_backward_hook(output)
[rank0]:  output = self._register_pre_backward_hook(output)
[rank0]:/root/mep/venv/lib/python3.12/site-packages/torch/distributed/fsdp/_fully_shard/_fsdp_state.py:379: UserWarning: FSDP2-wrapped module (FSDPRMSNorm, FSDPLinear) returned a view tensor. An in-place op on this view (e.g., `x += y`) will silently drop the pre-backward hook and skip the all-gather, which can cause backward to fail or produce wrong gradients. Use out-of-place ops (`out = out + y`, not `out += y`) or `.clone()` the output before any in-place op.
[rank0]:  output = state._register_pre_backward_hook(output)
[rank1]:/root/mep/venv/lib/python3.12/site-packages/spmd_types/_collectives.py:305: FutureWarning: `torch.distributed._functional_collectives.all_gather_tensor` is deprecated. Please use `torch.distributed._functional_collectives.all_gather_single` instead.
[rank1]:  result = funcol.all_gather_tensor(x, gather_dim, pg)
[rank0]:/root/mep/venv/lib/python3.12/site-packages/spmd_types/_collectives.py:305: FutureWarning: `torch.distributed._functional_collectives.all_gather_tensor` is deprecated. Please use `torch.distributed._functional_collectives.all_gather_single` instead.
[rank0]:  result = funcol.all_gather_tensor(x, gather_dim, pg)
[rank1]:[rank1]:W0929 07:13:14.722000 52324 torch/distributed/tensor/_redistribute.py:394] While redistributing from (_NormPartial(2.0), _NormPartial(2.0)) to (Replicate(), Replicate()), 2 sequential all_reduce operations will be performed. This is suboptimal: multiple collective operations have higher latency (separate kernel launches and synchronization points) and may give inconsistent results between ranks due to different reduction orders. To optimize, flatten mesh dimensions ["efsdp", "ep"] so DTensor can use a single operation instead.
[rank0]:[rank0]:W0929 07:13:14.719000 52323 torch/distributed/tensor/_redistribute.py:394] While redistributing from (_NormPartial(2.0), _NormPartial(2.0)) to (Replicate(), Replicate()), 2 sequential all_reduce operations will be performed. This is suboptimal: multiple collective operations have higher latency (separate kernel launches and synchronization points) and may give inconsistent results between ranks due to different reduction orders. To optimize, flatten mesh dimensions ["efsdp", "ep"] so DTensor can use a single operation instead.
[rank1]:[rank1]:W0929 07:13:15.394000 52324 torch/distributed/tensor/_redistribute.py:394] While redistributing from (_NormPartial(2.0), _NormPartial(2.0)) to (Replicate(), Replicate()), 2 sequential all_reduce operations will be performed. This is suboptimal: multiple collective operations have higher latency (separate kernel launches and synchronization points) and may give inconsistent results between ranks due to different reduction orders. To optimize, flatten mesh dimensions ["dp_shard", "tp"] so DTensor can use a single operation instead.
[rank0]:[rank0]:W0929 07:13:15.391000 52323 torch/distributed/tensor/_redistribute.py:394] While redistributing from (_NormPartial(2.0), _NormPartial(2.0)) to (Replicate(), Replicate()), 2 sequential all_reduce operations will be performed. This is suboptimal: multiple collective operations have higher latency (separate kernel launches and synchronization points) and may give inconsistent results between ranks due to different reduction orders. To optimize, flatten mesh dimensions ["dp_shard", "tp"] so DTensor can use a single operation instead.
[rank1]:[titan] 2026-09-29 07:13:18,426 - torchtitan.observability.metrics - INFO - [31mstep:  1  [32mloss:  8.06510  [38;2;180;60;0mgrad_norm:  2.8438  [38;2;54;234;195mmemory:  0.20GiB(0.25%)  [34mtps: 9  [36mtflops: 0.00  [35mmfu: 0.00%[39m
[rank1]:[titan] 2026-09-29 07:13:18,426 - torchtitan.distributed.utils - INFO - Synchronizing and adjusting timeout for all ProcessGroups to 0:01:40
[rank0]:[titan] 2026-09-29 07:13:18,425 - torchtitan.observability.metrics - INFO - [31mstep:  1  [32mloss:  8.06510  [38;2;180;60;0mgrad_norm:  2.8438  [38;2;54;234;195mmemory:  0.20GiB(0.25%)  [34mtps: 9  [36mtflops: 0.00  [35mmfu: 0.00%[39m
[rank0]:[titan] 2026-09-29 07:13:18,425 - torchtitan.distributed.utils - INFO - Synchronizing and adjusting timeout for all ProcessGroups to 0:01:40
[rank1]:/root/mep/venv/lib/python3.12/site-packages/torch/distributed/fsdp/_fully_shard/_fsdp_state.py:336: UserWarning: FSDP2-wrapped module (FSDPKimiK3VisionEncoder) returned a view tensor. An in-place op on this view (e.g., `x += y`) will silently drop the pre-backward hook and skip the all-gather, which can cause backward to fail or produce wrong gradients. Use out-of-place ops (`out = out + y`, not `out += y`) or `.clone()` the output before any in-place op.
[rank1]:  output = self._register_pre_backward_hook(output)
[rank0]:/root/mep/venv/lib/python3.12/site-packages/torch/distributed/fsdp/_fully_shard/_fsdp_state.py:336: UserWarning: FSDP2-wrapped module (FSDPKimiK3VisionEncoder) returned a view tensor. An in-place op on this view (e.g., `x += y`) will silently drop the pre-backward hook and skip the all-gather, which can cause backward to fail or produce wrong gradients. Use out-of-place ops (`out = out + y`, not `out += y`) or `.clone()` the output before any in-place op.
[rank0]:  output = self._register_pre_backward_hook(output)
[rank1]:/root/mep/venv/lib/python3.12/site-packages/torch/distributed/fsdp/_fully_shard/_fsdp_state.py:336: UserWarning: FSDP2-wrapped module (FSDPCheckpointWrapper) returned a view tensor. An in-place op on this view (e.g., `x += y`) will silently drop the pre-backward hook and skip the all-gather, which can cause backward to fail or produce wrong gradients. Use out-of-place ops (`out = out + y`, not `out += y`) or `.clone()` the output before any in-place op.
[rank1]:  output = self._register_pre_backward_hook(output)
[rank0]:/root/mep/venv/lib/python3.12/site-packages/torch/distributed/fsdp/_fully_shard/_fsdp_state.py:336: UserWarning: FSDP2-wrapped module (FSDPCheckpointWrapper) returned a view tensor. An in-place op on this view (e.g., `x += y`) will silently drop the pre-backward hook and skip the all-gather, which can cause backward to fail or produce wrong gradients. Use out-of-place ops (`out = out + y`, not `out += y`) or `.clone()` the output before any in-place op.
[rank0]:  output = self._register_pre_backward_hook(output)
[rank1]:/root/mep/venv/lib/python3.12/site-packages/torch/distributed/fsdp/_fully_shard/_fsdp_state.py:336: UserWarning: FSDP2-wrapped module (FSDPKimiK3Model) returned a view tensor. An in-place op on this view (e.g., `x += y`) will silently drop the pre-backward hook and skip the all-gather, which can cause backward to fail or produce wrong gradients. Use out-of-place ops (`out = out + y`, not `out += y`) or `.clone()` the output before any in-place op.
[rank1]:  output = self._register_pre_backward_hook(output)
[rank1]:/root/mep/venv/lib/python3.12/site-packages/torch/distributed/fsdp/_fully_shard/_fsdp_state.py:379: UserWarning: FSDP2-wrapped module (FSDPRMSNorm, FSDPLinear) returned a view tensor. An in-place op on this view (e.g., `x += y`) will silently drop the pre-backward hook and skip the all-gather, which can cause backward to fail or produce wrong gradients. Use out-of-place ops (`out = out + y`, not `out += y`) or `.clone()` the output before any in-place op.
[rank1]:  output = state._register_pre_backward_hook(output)
[rank0]:/root/mep/venv/lib/python3.12/site-packages/torch/distributed/fsdp/_fully_shard/_fsdp_state.py:336: UserWarning: FSDP2-wrapped module (FSDPKimiK3Model) returned a view tensor. An in-place op on this view (e.g., `x += y`) will silently drop the pre-backward hook and skip the all-gather, which can cause backward to fail or produce wrong gradients. Use out-of-place ops (`out = out + y`, not `out += y`) or `.clone()` the output before any in-place op.
[rank0]:  output = self._register_pre_backward_hook(output)
[rank0]:/root/mep/venv/lib/python3.12/site-packages/torch/distributed/fsdp/_fully_shard/_fsdp_state.py:379: UserWarning: FSDP2-wrapped module (FSDPRMSNorm, FSDPLinear) returned a view tensor. An in-place op on this view (e.g., `x += y`) will silently drop the pre-backward hook and skip the all-gather, which can cause backward to fail or produce wrong gradients. Use out-of-place ops (`out = out + y`, not `out += y`) or `.clone()` the output before any in-place op.
[rank0]:  output = state._register_pre_backward_hook(output)
[rank1]:/root/mep/venv/lib/python3.12/site-packages/spmd_types/_collectives.py:305: FutureWarning: `torch.distributed._functional_collectives.all_gather_tensor` is deprecated. Please use `torch.distributed._functional_collectives.all_gather_single` instead.
[rank1]:  result = funcol.all_gather_tensor(x, gather_dim, pg)
[rank0]:/root/mep/venv/lib/python3.12/site-packages/spmd_types/_collectives.py:305: FutureWarning: `torch.distributed._functional_collectives.all_gather_tensor` is deprecated. Please use `torch.distributed._functional_collectives.all_gather_single` instead.
[rank0]:  result = funcol.all_gather_tensor(x, gather_dim, pg)
[rank1]:[titan] 2026-09-29 07:13:26,502 - torchtitan.observability.metrics - INFO - [31mstep:  2  [32mloss:  7.54981  [38;2;180;60;0mgrad_norm:  7.0625  [38;2;54;234;195mmemory:  0.22GiB(0.28%)  [34mtps: 16  [36mtflops: 0.00  [35mmfu: 0.00%[39m
[rank0]:[titan] 2026-09-29 07:13:26,500 - torchtitan.observability.metrics - INFO - [31mstep:  2  [32mloss:  7.54981  [38;2;180;60;0mgrad_norm:  7.0625  [38;2;54;234;195mmemory:  0.22GiB(0.28%)  [34mtps: 16  [36mtflops: 0.00  [35mmfu: 0.00%[39m
[rank1]:[titan] 2026-09-29 07:13:27,270 - torchtitan.observability.metrics - INFO - [31mstep:  3  [32mloss:  6.29961  [38;2;180;60;0mgrad_norm:  6.8125  [38;2;54;234;195mmemory:  0.22GiB(0.28%)  [34mtps: 167  [36mtflops: 0.03  [35mmfu: 0.00%[39m
[rank0]:[titan] 2026-09-29 07:13:27,267 - torchtitan.observability.metrics - INFO - [31mstep:  3  [32mloss:  6.29961  [38;2;180;60;0mgrad_norm:  6.8125  [38;2;54;234;195mmemory:  0.22GiB(0.28%)  [34mtps: 167  [36mtflops: 0.03  [35mmfu: 0.00%[39m
[rank1]:[titan] 2026-09-29 07:13:28,038 - torchtitan.observability.metrics - INFO - [31mstep:  4  [32mloss:  6.42602  [38;2;180;60;0mgrad_norm:  4.1250  [38;2;54;234;195mmemory:  0.22GiB(0.28%)  [34mtps: 167  [36mtflops: 0.03  [35mmfu: 0.00%[39m
[rank0]:[titan] 2026-09-29 07:13:28,035 - torchtitan.observability.metrics - INFO - [31mstep:  4  [32mloss:  6.42602  [38;2;180;60;0mgrad_norm:  4.1250  [38;2;54;234;195mmemory:  0.22GiB(0.28%)  [34mtps: 167  [36mtflops: 0.03  [35mmfu: 0.00%[39m
[rank1]:[titan] 2026-09-29 07:13:28,821 - torchtitan.observability.metrics - INFO - [31mstep:  5  [32mloss:  5.28730  [38;2;180;60;0mgrad_norm:  3.9688  [38;2;54;234;195mmemory:  0.22GiB(0.28%)  [34mtps: 163  [36mtflops: 0.03  [35mmfu: 0.00%[39m
[rank0]:[titan] 2026-09-29 07:13:28,820 - torchtitan.observability.metrics - INFO - [31mstep:  5  [32mloss:  5.28730  [38;2;180;60;0mgrad_norm:  3.9688  [38;2;54;234;195mmemory:  0.23GiB(0.29%)  [34mtps: 163  [36mtflops: 0.03  [35mmfu: 0.00%[39m
[rank1]:[titan] 2026-09-29 07:13:29,593 - torchtitan.observability.metrics - INFO - [31mstep:  6  [32mloss:  4.90355  [38;2;180;60;0mgrad_norm:  3.6406  [38;2;54;234;195mmemory:  0.22GiB(0.28%)  [34mtps: 166  [36mtflops: 0.03  [35mmfu: 0.00%[39m
[rank0]:[titan] 2026-09-29 07:13:29,590 - torchtitan.observability.metrics - INFO - [31mstep:  6  [32mloss:  4.90355  [38;2;180;60;0mgrad_norm:  3.6406  [38;2;54;234;195mmemory:  0.23GiB(0.29%)  [34mtps: 166  [36mtflops: 0.03  [35mmfu: 0.00%[39m
[rank1]:[titan] 2026-09-29 07:13:30,367 - torchtitan.observability.metrics - INFO - [31mstep:  7  [32mloss:  4.74504  [38;2;180;60;0mgrad_norm:  3.6250  [38;2;54;234;195mmemory:  0.22GiB(0.28%)  [34mtps: 165  [36mtflops: 0.03  [35mmfu: 0.00%[39m
[rank0]:[titan] 2026-09-29 07:13:30,363 - torchtitan.observability.metrics - INFO - [31mstep:  7  [32mloss:  4.74504  [38;2;180;60;0mgrad_norm:  3.6250  [38;2;54;234;195mmemory:  0.23GiB(0.29%)  [34mtps: 166  [36mtflops: 0.03  [35mmfu: 0.00%[39m
[rank1]:[titan] 2026-09-29 07:13:31,132 - torchtitan.observability.metrics - INFO - [31mstep:  8  [32mloss:  4.33950  [38;2;180;60;0mgrad_norm:  4.2188  [38;2;54;234;195mmemory:  0.22GiB(0.28%)  [34mtps: 167  [36mtflops: 0.03  [35mmfu: 0.00%[39m
[rank0]:[titan] 2026-09-29 07:13:31,130 - torchtitan.observability.metrics - INFO - [31mstep:  8  [32mloss:  4.33950  [38;2;180;60;0mgrad_norm:  4.2188  [38;2;54;234;195mmemory:  0.23GiB(0.29%)  [34mtps: 167  [36mtflops: 0.03  [35mmfu: 0.00%[39m
[rank1]:[titan] 2026-09-29 07:13:31,897 - torchtitan.observability.metrics - INFO - [31mstep:  9  [32mloss:  3.39238  [38;2;180;60;0mgrad_norm:  2.8906  [38;2;54;234;195mmemory:  0.22GiB(0.28%)  [34mtps: 167  [36mtflops: 0.03  [35mmfu: 0.00%[39m
[rank0]:[titan] 2026-09-29 07:13:31,895 - torchtitan.observability.metrics - INFO - [31mstep:  9  [32mloss:  3.39238  [38;2;180;60;0mgrad_norm:  2.8906  [38;2;54;234;195mmemory:  0.23GiB(0.29%)  [34mtps: 167  [36mtflops: 0.03  [35mmfu: 0.00%[39m
[rank1]:[titan] 2026-09-29 07:13:32,668 - torchtitan.observability.metrics - INFO - [31mstep: 10  [32mloss:  3.64299  [38;2;180;60;0mgrad_norm:  2.9219  [38;2;54;234;195mmemory:  0.22GiB(0.28%)  [34mtps: 166  [36mtflops: 0.03  [35mmfu: 0.00%[39m
[rank0]:[titan] 2026-09-29 07:13:32,665 - torchtitan.observability.metrics - INFO - [31mstep: 10  [32mloss:  3.64299  [38;2;180;60;0mgrad_norm:  2.9219  [38;2;54;234;195mmemory:  0.23GiB(0.29%)  [34mtps: 166  [36mtflops: 0.03  [35mmfu: 0.00%[39m
[rank1]:[titan] 2026-09-29 07:13:33,434 - torchtitan.observability.metrics - INFO - [31mstep: 11  [32mloss:  3.67821  [38;2;180;60;0mgrad_norm:  3.0625  [38;2;54;234;195mmemory:  0.22GiB(0.28%)  [34mtps: 167  [36mtflops: 0.03  [35mmfu: 0.00%[39m
[rank0]:[titan] 2026-09-29 07:13:33,432 - torchtitan.observability.metrics - INFO - [31mstep: 11  [32mloss:  3.67821  [38;2;180;60;0mgrad_norm:  3.0625  [38;2;54;234;195mmemory:  0.23GiB(0.29%)  [34mtps: 167  [36mtflops: 0.03  [35mmfu: 0.00%[39m
[rank1]:[titan] 2026-09-29 07:13:34,205 - torchtitan.observability.metrics - INFO - [31mstep: 12  [32mloss:  4.44548  [38;2;180;60;0mgrad_norm:  2.5000  [38;2;54;234;195mmemory:  0.22GiB(0.28%)  [34mtps: 166  [36mtflops: 0.03  [35mmfu: 0.00%[39m
[rank0]:[titan] 2026-09-29 07:13:34,202 - torchtitan.observability.metrics - INFO - [31mstep: 12  [32mloss:  4.44548  [38;2;180;60;0mgrad_norm:  2.5000  [38;2;54;234;195mmemory:  0.23GiB(0.29%)  [34mtps: 166  [36mtflops: 0.03  [35mmfu: 0.00%[39m
[rank1]:[titan] 2026-09-29 07:13:34,973 - torchtitan.observability.metrics - INFO - [31mstep: 13  [32mloss:  3.54958  [38;2;180;60;0mgrad_norm:  2.0625  [38;2;54;234;195mmemory:  0.22GiB(0.28%)  [34mtps: 167  [36mtflops: 0.03  [35mmfu: 0.00%[39m
[rank0]:[titan] 2026-09-29 07:13:34,971 - torchtitan.observability.metrics - INFO - [31mstep: 13  [32mloss:  3.54958  [38;2;180;60;0mgrad_norm:  2.0625  [38;2;54;234;195mmemory:  0.23GiB(0.29%)  [34mtps: 166  [36mtflops: 0.03  [35mmfu: 0.00%[39m
[rank1]:[titan] 2026-09-29 07:13:35,750 - torchtitan.observability.metrics - INFO - [31mstep: 14  [32mloss:  3.98243  [38;2;180;60;0mgrad_norm:  4.1562  [38;2;54;234;195mmemory:  0.22GiB(0.28%)  [34mtps: 165  [36mtflops: 0.03  [35mmfu: 0.00%[39m
[rank0]:[titan] 2026-09-29 07:13:35,748 - torchtitan.observability.metrics - INFO - [31mstep: 14  [32mloss:  3.98243  [38;2;180;60;0mgrad_norm:  4.1562  [38;2;54;234;195mmemory:  0.23GiB(0.29%)  [34mtps: 165  [36mtflops: 0.03  [35mmfu: 0.00%[39m
[rank1]:[titan] 2026-09-29 07:13:36,518 - torchtitan.observability.metrics - INFO - [31mstep: 15  [32mloss:  3.86199  [38;2;180;60;0mgrad_norm:  3.4531  [38;2;54;234;195mmemory:  0.22GiB(0.28%)  [34mtps: 167  [36mtflops: 0.03  [35mmfu: 0.00%[39m
[rank0]:[titan] 2026-09-29 07:13:36,515 - torchtitan.observability.metrics - INFO - [31mstep: 15  [32mloss:  3.86199  [38;2;180;60;0mgrad_norm:  3.4531  [38;2;54;234;195mmemory:  0.23GiB(0.29%)  [34mtps: 167  [36mtflops: 0.03  [35mmfu: 0.00%[39m
[rank1]:[titan] 2026-09-29 07:13:37,288 - torchtitan.observability.metrics - INFO - [31mstep: 16  [32mloss:  3.19178  [38;2;180;60;0mgrad_norm:  2.3438  [38;2;54;234;195mmemory:  0.22GiB(0.28%)  [34mtps: 166  [36mtflops: 0.03  [35mmfu: 0.00%[39m
[rank0]:[titan] 2026-09-29 07:13:37,286 - torchtitan.observability.metrics - INFO - [31mstep: 16  [32mloss:  3.19178  [38;2;180;60;0mgrad_norm:  2.3438  [38;2;54;234;195mmemory:  0.23GiB(0.29%)  [34mtps: 166  [36mtflops: 0.03  [35mmfu: 0.00%[39m
[rank1]:[titan] 2026-09-29 07:13:38,057 - torchtitan.observability.metrics - INFO - [31mstep: 17  [32mloss:  3.75272  [38;2;180;60;0mgrad_norm:  2.6562  [38;2;54;234;195mmemory:  0.22GiB(0.28%)  [34mtps: 167  [36mtflops: 0.03  [35mmfu: 0.00%[39m
[rank0]:[titan] 2026-09-29 07:13:38,054 - torchtitan.observability.metrics - INFO - [31mstep: 17  [32mloss:  3.75272  [38;2;180;60;0mgrad_norm:  2.6562  [38;2;54;234;195mmemory:  0.23GiB(0.29%)  [34mtps: 167  [36mtflops: 0.03  [35mmfu: 0.00%[39m
[rank1]:[titan] 2026-09-29 07:13:38,829 - torchtitan.observability.metrics - INFO - [31mstep: 18  [32mloss:  2.93689  [38;2;180;60;0mgrad_norm:  2.7344  [38;2;54;234;195mmemory:  0.22GiB(0.28%)  [34mtps: 166  [36mtflops: 0.03  [35mmfu: 0.00%[39m
[rank0]:[titan] 2026-09-29 07:13:38,826 - torchtitan.observability.metrics - INFO - [31mstep: 18  [32mloss:  2.93689  [38;2;180;60;0mgrad_norm:  2.7344  [38;2;54;234;195mmemory:  0.23GiB(0.29%)  [34mtps: 166  [36mtflops: 0.03  [35mmfu: 0.00%[39m
[rank1]:[titan] 2026-09-29 07:13:39,600 - torchtitan.observability.metrics - INFO - [31mstep: 19  [32mloss:  3.25103  [38;2;180;60;0mgrad_norm:  3.2344  [38;2;54;234;195mmemory:  0.22GiB(0.28%)  [34mtps: 166  [36mtflops: 0.03  [35mmfu: 0.00%[39m
[rank0]:[titan] 2026-09-29 07:13:39,597 - torchtitan.observability.metrics - INFO - [31mstep: 19  [32mloss:  3.25103  [38;2;180;60;0mgrad_norm:  3.2344  [38;2;54;234;195mmemory:  0.23GiB(0.29%)  [34mtps: 166  [36mtflops: 0.03  [35mmfu: 0.00%[39m
[rank1]:[titan] 2026-09-29 07:13:40,372 - torchtitan.observability.metrics - INFO - [31mstep: 20  [32mloss:  3.24882  [38;2;180;60;0mgrad_norm:  3.1562  [38;2;54;234;195mmemory:  0.22GiB(0.28%)  [34mtps: 166  [36mtflops: 0.03  [35mmfu: 0.00%[39m
[rank0]:[titan] 2026-09-29 07:13:40,370 - torchtitan.observability.metrics - INFO - [31mstep: 20  [32mloss:  3.24882  [38;2;180;60;0mgrad_norm:  3.1562  [38;2;54;234;195mmemory:  0.23GiB(0.29%)  [34mtps: 166  [36mtflops: 0.03  [35mmfu: 0.00%[39m
[rank1]:[titan] 2026-09-29 07:13:41,146 - torchtitan.observability.metrics - INFO - [31mstep: 21  [32mloss:  3.10462  [38;2;180;60;0mgrad_norm:  2.8125  [38;2;54;234;195mmemory:  0.22GiB(0.28%)  [34mtps: 166  [36mtflops: 0.03  [35mmfu: 0.00%[39m
[rank0]:[titan] 2026-09-29 07:13:41,143 - torchtitan.observability.metrics - INFO - [31mstep: 21  [32mloss:  3.10462  [38;2;180;60;0mgrad_norm:  2.8125  [38;2;54;234;195mmemory:  0.23GiB(0.29%)  [34mtps: 166  [36mtflops: 0.03  [35mmfu: 0.00%[39m
[rank1]:[titan] 2026-09-29 07:13:41,915 - torchtitan.observability.metrics - INFO - [31mstep: 22  [32mloss:  3.45818  [38;2;180;60;0mgrad_norm:  3.0312  [38;2;54;234;195mmemory:  0.22GiB(0.28%)  [34mtps: 166  [36mtflops: 0.03  [35mmfu: 0.00%[39m
[rank0]:[titan] 2026-09-29 07:13:41,912 - torchtitan.observability.metrics - INFO - [31mstep: 22  [32mloss:  3.45818  [38;2;180;60;0mgrad_norm:  3.0312  [38;2;54;234;195mmemory:  0.23GiB(0.29%)  [34mtps: 166  [36mtflops: 0.03  [35mmfu: 0.00%[39m
[rank1]:[titan] 2026-09-29 07:13:42,687 - torchtitan.observability.metrics - INFO - [31mstep: 23  [32mloss:  2.71638  [38;2;180;60;0mgrad_norm:  2.2344  [38;2;54;234;195mmemory:  0.22GiB(0.28%)  [34mtps: 166  [36mtflops: 0.03  [35mmfu: 0.00%[39m
[rank0]:[titan] 2026-09-29 07:13:42,684 - torchtitan.observability.metrics - INFO - [31mstep: 23  [32mloss:  2.71638  [38;2;180;60;0mgrad_norm:  2.2344  [38;2;54;234;195mmemory:  0.23GiB(0.29%)  [34mtps: 166  [36mtflops: 0.03  [35mmfu: 0.00%[39m
[rank0]:[titan] 2026-09-29 07:13:43,448 - torchtitan.observability.metrics - INFO - [31mstep: 24  [32mloss:  2.47997  [38;2;180;60;0mgrad_norm:  2.7656  [38;2;54;234;195mmemory:  0.23GiB(0.29%)  [34mtps: 168  [36mtflops: 0.03  [35mmfu: 0.00%[39m
[rank1]:[titan] 2026-09-29 07:13:43,451 - torchtitan.observability.metrics - INFO - [31mstep: 24  [32mloss:  2.47997  [38;2;180;60;0mgrad_norm:  2.7656  [38;2;54;234;195mmemory:  0.22GiB(0.28%)  [34mtps: 168  [36mtflops: 0.03  [35mmfu: 0.00%[39m
[rank1]:[titan] 2026-09-29 07:13:44,226 - torchtitan.observability.metrics - INFO - [31mstep: 25  [32mloss:  2.85521  [38;2;180;60;0mgrad_norm:  2.5781  [38;2;54;234;195mmemory:  0.22GiB(0.28%)  [34mtps: 165  [36mtflops: 0.03  [35mmfu: 0.00%[39m
[rank0]:[titan] 2026-09-29 07:13:44,222 - torchtitan.observability.metrics - INFO - [31mstep: 25  [32mloss:  2.85521  [38;2;180;60;0mgrad_norm:  2.5781  [38;2;54;234;195mmemory:  0.23GiB(0.29%)  [34mtps: 165  [36mtflops: 0.03  [35mmfu: 0.00%[39m
[rank1]:[titan] 2026-09-29 07:13:44,997 - torchtitan.observability.metrics - INFO - [31mstep: 26  [32mloss:  3.30388  [38;2;180;60;0mgrad_norm:  2.4375  [38;2;54;234;195mmemory:  0.22GiB(0.28%)  [34mtps: 166  [36mtflops: 0.03  [35mmfu: 0.00%[39m
[rank0]:[titan] 2026-09-29 07:13:44,994 - torchtitan.observability.metrics - INFO - [31mstep: 26  [32mloss:  3.30388  [38;2;180;60;0mgrad_norm:  2.4375  [38;2;54;234;195mmemory:  0.23GiB(0.29%)  [34mtps: 166  [36mtflops: 0.03  [35mmfu: 0.00%[39m
[rank1]:[titan] 2026-09-29 07:13:45,768 - torchtitan.observability.metrics - INFO - [31mstep: 27  [32mloss:  3.30322  [38;2;180;60;0mgrad_norm:  2.3594  [38;2;54;234;195mmemory:  0.22GiB(0.28%)  [34mtps: 166  [36mtflops: 0.03  [35mmfu: 0.00%[39m
[rank0]:[titan] 2026-09-29 07:13:45,765 - torchtitan.observability.metrics - INFO - [31mstep: 27  [32mloss:  3.30322  [38;2;180;60;0mgrad_norm:  2.3594  [38;2;54;234;195mmemory:  0.23GiB(0.29%)  [34mtps: 166  [36mtflops: 0.03  [35mmfu: 0.00%[39m
[rank1]:[titan] 2026-09-29 07:13:46,556 - torchtitan.observability.metrics - INFO - [31mstep: 28  [32mloss:  2.85318  [38;2;180;60;0mgrad_norm:  2.3125  [38;2;54;234;195mmemory:  0.22GiB(0.28%)  [34mtps: 162  [36mtflops: 0.03  [35mmfu: 0.00%[39m
[rank0]:[titan] 2026-09-29 07:13:46,556 - torchtitan.observability.metrics - INFO - [31mstep: 28  [32mloss:  2.85318  [38;2;180;60;0mgrad_norm:  2.3125  [38;2;54;234;195mmemory:  0.23GiB(0.29%)  [34mtps: 162  [36mtflops: 0.03  [35mmfu: 0.00%[39m
[rank1]:[titan] 2026-09-29 07:13:47,327 - torchtitan.observability.metrics - INFO - [31mstep: 29  [32mloss:  3.02199  [38;2;180;60;0mgrad_norm:  3.1562  [38;2;54;234;195mmemory:  0.22GiB(0.28%)  [34mtps: 166  [36mtflops: 0.03  [35mmfu: 0.00%[39m
[rank0]:[titan] 2026-09-29 07:13:47,326 - torchtitan.observability.metrics - INFO - [31mstep: 29  [32mloss:  3.02199  [38;2;180;60;0mgrad_norm:  3.1562  [38;2;54;234;195mmemory:  0.23GiB(0.29%)  [34mtps: 166  [36mtflops: 0.03  [35mmfu: 0.00%[39m
[rank1]:[titan] 2026-09-29 07:13:48,106 - torchtitan.observability.metrics - INFO - [31mstep: 30  [32mloss:  2.94583  [38;2;180;60;0mgrad_norm:  2.2969  [38;2;54;234;195mmemory:  0.22GiB(0.28%)  [34mtps: 164  [36mtflops: 0.03  [35mmfu: 0.00%[39m
[rank0]:[titan] 2026-09-29 07:13:48,102 - torchtitan.observability.metrics - INFO - [31mstep: 30  [32mloss:  2.94583  [38;2;180;60;0mgrad_norm:  2.2969  [38;2;54;234;195mmemory:  0.23GiB(0.29%)  [34mtps: 165  [36mtflops: 0.03  [35mmfu: 0.00%[39m
[rank1]:[titan] 2026-09-29 07:13:48,882 - torchtitan.observability.metrics - INFO - [31mstep: 31  [32mloss:  2.79497  [38;2;180;60;0mgrad_norm:  2.0938  [38;2;54;234;195mmemory:  0.22GiB(0.28%)  [34mtps: 165  [36mtflops: 0.03  [35mmfu: 0.00%[39m
[rank0]:[titan] 2026-09-29 07:13:48,879 - torchtitan.observability.metrics - INFO - [31mstep: 31  [32mloss:  2.79497  [38;2;180;60;0mgrad_norm:  2.0938  [38;2;54;234;195mmemory:  0.23GiB(0.29%)  [34mtps: 165  [36mtflops: 0.03  [35mmfu: 0.00%[39m
[rank1]:[titan] 2026-09-29 07:13:49,650 - torchtitan.observability.metrics - INFO - [31mstep: 32  [32mloss:  2.56003  [38;2;180;60;0mgrad_norm:  1.9609  [38;2;54;234;195mmemory:  0.22GiB(0.28%)  [34mtps: 167  [36mtflops: 0.03  [35mmfu: 0.00%[39m
[rank0]:[titan] 2026-09-29 07:13:49,649 - torchtitan.observability.metrics - INFO - [31mstep: 32  [32mloss:  2.56003  [38;2;180;60;0mgrad_norm:  1.9609  [38;2;54;234;195mmemory:  0.23GiB(0.29%)  [34mtps: 166  [36mtflops: 0.03  [35mmfu: 0.00%[39m
[rank1]:[titan] 2026-09-29 07:13:50,419 - torchtitan.observability.metrics - INFO - [31mstep: 33  [32mloss:  2.93947  [38;2;180;60;0mgrad_norm:  2.0312  [38;2;54;234;195mmemory:  0.22GiB(0.28%)  [34mtps: 166  [36mtflops: 0.03  [35mmfu: 0.00%[39m
[rank0]:[titan] 2026-09-29 07:13:50,420 - torchtitan.observability.metrics - INFO - [31mstep: 33  [32mloss:  2.93947  [38;2;180;60;0mgrad_norm:  2.0312  [38;2;54;234;195mmemory:  0.23GiB(0.29%)  [34mtps: 166  [36mtflops: 0.03  [35mmfu: 0.00%[39m
[rank1]:[titan] 2026-09-29 07:13:51,188 - torchtitan.observability.metrics - INFO - [31mstep: 34  [32mloss:  2.89458  [38;2;180;60;0mgrad_norm:  2.8281  [38;2;54;234;195mmemory:  0.22GiB(0.28%)  [34mtps: 167  [36mtflops: 0.03  [35mmfu: 0.00%[39m
[rank0]:[titan] 2026-09-29 07:13:51,185 - torchtitan.observability.metrics - INFO - [31mstep: 34  [32mloss:  2.89458  [38;2;180;60;0mgrad_norm:  2.8281  [38;2;54;234;195mmemory:  0.23GiB(0.29%)  [34mtps: 167  [36mtflops: 0.03  [35mmfu: 0.00%[39m
[rank1]:[titan] 2026-09-29 07:13:51,978 - torchtitan.observability.metrics - INFO - [31mstep: 35  [32mloss:  2.70650  [38;2;180;60;0mgrad_norm:  1.8047  [38;2;54;234;195mmemory:  0.22GiB(0.28%)  [34mtps: 162  [36mtflops: 0.03  [35mmfu: 0.00%[39m
[rank0]:[titan] 2026-09-29 07:13:51,975 - torchtitan.observability.metrics - INFO - [31mstep: 35  [32mloss:  2.70650  [38;2;180;60;0mgrad_norm:  1.8047  [38;2;54;234;195mmemory:  0.23GiB(0.29%)  [34mtps: 162  [36mtflops: 0.03  [35mmfu: 0.00%[39m
[rank1]:[titan] 2026-09-29 07:13:52,768 - torchtitan.observability.metrics - INFO - [31mstep: 36  [32mloss:  3.75730  [38;2;180;60;0mgrad_norm:  3.8281  [38;2;54;234;195mmemory:  0.22GiB(0.28%)  [34mtps: 162  [36mtflops: 0.03  [35mmfu: 0.00%[39m
[rank0]:[titan] 2026-09-29 07:13:52,764 - torchtitan.observability.metrics - INFO - [31mstep: 36  [32mloss:  3.75730  [38;2;180;60;0mgrad_norm:  3.8281  [38;2;54;234;195mmemory:  0.23GiB(0.29%)  [34mtps: 162  [36mtflops: 0.03  [35mmfu: 0.00%[39m
[rank1]:[titan] 2026-09-29 07:13:53,546 - torchtitan.observability.metrics - INFO - [31mstep: 37  [32mloss:  2.47787  [38;2;180;60;0mgrad_norm:  2.6406  [38;2;54;234;195mmemory:  0.22GiB(0.28%)  [34mtps: 164  [36mtflops: 0.03  [35mmfu: 0.00%[39m
[rank0]:[titan] 2026-09-29 07:13:53,543 - torchtitan.observability.metrics - INFO - [31mstep: 37  [32mloss:  2.47787  [38;2;180;60;0mgrad_norm:  2.6406  [38;2;54;234;195mmemory:  0.23GiB(0.29%)  [34mtps: 164  [36mtflops: 0.03  [35mmfu: 0.00%[39m
[rank1]:[titan] 2026-09-29 07:13:54,322 - torchtitan.observability.metrics - INFO - [31mstep: 38  [32mloss:  2.70179  [38;2;180;60;0mgrad_norm:  2.7812  [38;2;54;234;195mmemory:  0.22GiB(0.28%)  [34mtps: 165  [36mtflops: 0.03  [35mmfu: 0.00%[39m
[rank0]:[titan] 2026-09-29 07:13:54,322 - torchtitan.observability.metrics - INFO - [31mstep: 38  [32mloss:  2.70179  [38;2;180;60;0mgrad_norm:  2.7812  [38;2;54;234;195mmemory:  0.23GiB(0.29%)  [34mtps: 164  [36mtflops: 0.03  [35mmfu: 0.00%[39m
[rank1]:[titan] 2026-09-29 07:13:55,093 - torchtitan.observability.metrics - INFO - [31mstep: 39  [32mloss:  2.78061  [38;2;180;60;0mgrad_norm:  2.7969  [38;2;54;234;195mmemory:  0.22GiB(0.28%)  [34mtps: 166  [36mtflops: 0.03  [35mmfu: 0.00%[39m
[rank0]:[titan] 2026-09-29 07:13:55,090 - torchtitan.observability.metrics - INFO - [31mstep: 39  [32mloss:  2.78061  [38;2;180;60;0mgrad_norm:  2.7969  [38;2;54;234;195mmemory:  0.23GiB(0.29%)  [34mtps: 167  [36mtflops: 0.03  [35mmfu: 0.00%[39m
[rank0]:[titan] 2026-09-29 07:13:55,858 - torchtitan.observability.metrics - INFO - [31mstep: 40  [32mloss:  2.08809  [38;2;180;60;0mgrad_norm:  2.0312  [38;2;54;234;195mmemory:  0.23GiB(0.29%)  [34mtps: 167  [36mtflops: 0.03  [35mmfu: 0.00%[39m
[rank1]:[titan] 2026-09-29 07:13:55,861 - torchtitan.observability.metrics - INFO - [31mstep: 40  [32mloss:  2.08809  [38;2;180;60;0mgrad_norm:  2.0312  [38;2;54;234;195mmemory:  0.22GiB(0.28%)  [34mtps: 167  [36mtflops: 0.03  [35mmfu: 0.00%[39m
[rank1]:[titan] 2026-09-29 07:13:56,639 - torchtitan.observability.metrics - INFO - [31mstep: 41  [32mloss:  2.66498  [38;2;180;60;0mgrad_norm:  3.2031  [38;2;54;234;195mmemory:  0.22GiB(0.28%)  [34mtps: 164  [36mtflops: 0.03  [35mmfu: 0.00%[39m
[rank0]:[titan] 2026-09-29 07:13:56,628 - torchtitan.observability.metrics - INFO - [31mstep: 41  [32mloss:  2.66498  [38;2;180;60;0mgrad_norm:  3.2031  [38;2;54;234;195mmemory:  0.23GiB(0.29%)  [34mtps: 166  [36mtflops: 0.03  [35mmfu: 0.00%[39m
[rank1]:[titan] 2026-09-29 07:13:57,418 - torchtitan.observability.metrics - INFO - [31mstep: 42  [32mloss:  2.35855  [38;2;180;60;0mgrad_norm:  2.6094  [38;2;54;234;195mmemory:  0.22GiB(0.28%)  [34mtps: 164  [36mtflops: 0.03  [35mmfu: 0.00%[39m
[rank0]:[titan] 2026-09-29 07:13:57,415 - torchtitan.observability.metrics - INFO - [31mstep: 42  [32mloss:  2.35855  [38;2;180;60;0mgrad_norm:  2.6094  [38;2;54;234;195mmemory:  0.23GiB(0.29%)  [34mtps: 163  [36mtflops: 0.03  [35mmfu: 0.00%[39m
[rank1]:[titan] 2026-09-29 07:13:58,188 - torchtitan.observability.metrics - INFO - [31mstep: 43  [32mloss:  2.71506  [38;2;180;60;0mgrad_norm:  3.3906  [38;2;54;234;195mmemory:  0.22GiB(0.28%)  [34mtps: 166  [36mtflops: 0.03  [35mmfu: 0.00%[39m
[rank0]:[titan] 2026-09-29 07:13:58,185 - torchtitan.observability.metrics - INFO - [31mstep: 43  [32mloss:  2.71506  [38;2;180;60;0mgrad_norm:  3.3906  [38;2;54;234;195mmemory:  0.23GiB(0.29%)  [34mtps: 166  [36mtflops: 0.03  [35mmfu: 0.00%[39m
[rank1]:[titan] 2026-09-29 07:13:58,959 - torchtitan.observability.metrics - INFO - [31mstep: 44  [32mloss:  2.34446  [38;2;180;60;0mgrad_norm:  1.6875  [38;2;54;234;195mmemory:  0.22GiB(0.28%)  [34mtps: 166  [36mtflops: 0.03  [35mmfu: 0.00%[39m
[rank0]:[titan] 2026-09-29 07:13:58,955 - torchtitan.observability.metrics - INFO - [31mstep: 44  [32mloss:  2.34446  [38;2;180;60;0mgrad_norm:  1.6875  [38;2;54;234;195mmemory:  0.23GiB(0.29%)  [34mtps: 166  [36mtflops: 0.03  [35mmfu: 0.00%[39m
[rank1]:[titan] 2026-09-29 07:13:59,735 - torchtitan.observability.metrics - INFO - [31mstep: 45  [32mloss:  2.76427  [38;2;180;60;0mgrad_norm:  2.1875  [38;2;54;234;195mmemory:  0.22GiB(0.28%)  [34mtps: 165  [36mtflops: 0.03  [35mmfu: 0.00%[39m
[rank0]:[titan] 2026-09-29 07:13:59,732 - torchtitan.observability.metrics - INFO - [31mstep: 45  [32mloss:  2.76427  [38;2;180;60;0mgrad_norm:  2.1875  [38;2;54;234;195mmemory:  0.23GiB(0.29%)  [34mtps: 165  [36mtflops: 0.03  [35mmfu: 0.00%[39m
[rank1]:[titan] 2026-09-29 07:14:00,502 - torchtitan.observability.metrics - INFO - [31mstep: 46  [32mloss:  1.84951  [38;2;180;60;0mgrad_norm:  2.5312  [38;2;54;234;195mmemory:  0.22GiB(0.28%)  [34mtps: 167  [36mtflops: 0.03  [35mmfu: 0.00%[39m
[rank0]:[titan] 2026-09-29 07:14:00,499 - torchtitan.observability.metrics - INFO - [31mstep: 46  [32mloss:  1.84951  [38;2;180;60;0mgrad_norm:  2.5312  [38;2;54;234;195mmemory:  0.23GiB(0.29%)  [34mtps: 167  [36mtflops: 0.03  [35mmfu: 0.00%[39m
[rank1]:[titan] 2026-09-29 07:14:01,276 - torchtitan.observability.metrics - INFO - [31mstep: 47  [32mloss:  2.30379  [38;2;180;60;0mgrad_norm:  2.2969  [38;2;54;234;195mmemory:  0.22GiB(0.28%)  [34mtps: 165  [36mtflops: 0.03  [35mmfu: 0.00%[39m
[rank0]:[titan] 2026-09-29 07:14:01,273 - torchtitan.observability.metrics - INFO - [31mstep: 47  [32mloss:  2.30379  [38;2;180;60;0mgrad_norm:  2.2969  [38;2;54;234;195mmemory:  0.23GiB(0.29%)  [34mtps: 166  [36mtflops: 0.03  [35mmfu: 0.00%[39m
[rank1]:[titan] 2026-09-29 07:14:02,045 - torchtitan.observability.metrics - INFO - [31mstep: 48  [32mloss:  1.86565  [38;2;180;60;0mgrad_norm:  3.0156  [38;2;54;234;195mmemory:  0.22GiB(0.28%)  [34mtps: 167  [36mtflops: 0.03  [35mmfu: 0.00%[39m
[rank0]:[titan] 2026-09-29 07:14:02,042 - torchtitan.observability.metrics - INFO - [31mstep: 48  [32mloss:  1.86565  [38;2;180;60;0mgrad_norm:  3.0156  [38;2;54;234;195mmemory:  0.23GiB(0.29%)  [34mtps: 166  [36mtflops: 0.03  [35mmfu: 0.00%[39m
[rank1]:[titan] 2026-09-29 07:14:02,811 - torchtitan.observability.metrics - INFO - [31mstep: 49  [32mloss:  4.54920  [38;2;180;60;0mgrad_norm:  3.7656  [38;2;54;234;195mmemory:  0.22GiB(0.28%)  [34mtps: 167  [36mtflops: 0.03  [35mmfu: 0.00%[39m
[rank0]:[titan] 2026-09-29 07:14:02,808 - torchtitan.observability.metrics - INFO - [31mstep: 49  [32mloss:  4.54920  [38;2;180;60;0mgrad_norm:  3.7656  [38;2;54;234;195mmemory:  0.23GiB(0.29%)  [34mtps: 167  [36mtflops: 0.03  [35mmfu: 0.00%[39m
[rank0]:[titan] 2026-09-29 07:14:02,965 - torchtitan.tools.utils - INFO - [GC] Performing periodic GC collection took 0.16 seconds
[rank1]:[titan] 2026-09-29 07:14:02,992 - torchtitan.tools.utils - INFO - [GC] Performing periodic GC collection took 0.18 seconds
[rank0]:[titan] 2026-09-29 07:14:03,764 - torchtitan.observability.metrics - INFO - [31mstep: 50  [32mloss:  2.50812  [38;2;180;60;0mgrad_norm:  2.3438  [38;2;54;234;195mmemory:  0.23GiB(0.29%)  [34mtps: 134  [36mtflops: 0.02  [35mmfu: 0.00%[39m
[rank1]:[titan] 2026-09-29 07:14:03,766 - torchtitan.observability.metrics - INFO - [31mstep: 50  [32mloss:  2.50812  [38;2;180;60;0mgrad_norm:  2.3438  [38;2;54;234;195mmemory:  0.22GiB(0.28%)  [34mtps: 134  [36mtflops: 0.02  [35mmfu: 0.00%[39m
[rank1]:[titan] 2026-09-29 07:14:04,530 - torchtitan.observability.metrics - INFO - [31mstep: 51  [32mloss:  2.94376  [38;2;180;60;0mgrad_norm:  3.6719  [38;2;54;234;195mmemory:  0.22GiB(0.28%)  [34mtps: 168  [36mtflops: 0.03  [35mmfu: 0.00%[39m
[rank0]:[titan] 2026-09-29 07:14:04,527 - torchtitan.observability.metrics - INFO - [31mstep: 51  [32mloss:  2.94376  [38;2;180;60;0mgrad_norm:  3.6719  [38;2;54;234;195mmemory:  0.23GiB(0.29%)  [34mtps: 168  [36mtflops: 0.03  [35mmfu: 0.00%[39m
[rank1]:[titan] 2026-09-29 07:14:05,297 - torchtitan.observability.metrics - INFO - [31mstep: 52  [32mloss:  2.87192  [38;2;180;60;0mgrad_norm:  2.6250  [38;2;54;234;195mmemory:  0.22GiB(0.28%)  [34mtps: 167  [36mtflops: 0.03  [35mmfu: 0.00%[39m
[rank0]:[titan] 2026-09-29 07:14:05,298 - torchtitan.observability.metrics - INFO - [31mstep: 52  [32mloss:  2.87192  [38;2;180;60;0mgrad_norm:  2.6250  [38;2;54;234;195mmemory:  0.23GiB(0.29%)  [34mtps: 166  [36mtflops: 0.03  [35mmfu: 0.00%[39m
[rank1]:[titan] 2026-09-29 07:14:06,078 - torchtitan.observability.metrics - INFO - [31mstep: 53  [32mloss:  1.50361  [38;2;180;60;0mgrad_norm:  2.5000  [38;2;54;234;195mmemory:  0.22GiB(0.28%)  [34mtps: 164  [36mtflops: 0.03  [35mmfu: 0.00%[39m
[rank0]:[titan] 2026-09-29 07:14:06,076 - torchtitan.observability.metrics - INFO - [31mstep: 53  [32mloss:  1.50361  [38;2;180;60;0mgrad_norm:  2.5000  [38;2;54;234;195mmemory:  0.23GiB(0.29%)  [34mtps: 165  [36mtflops: 0.03  [35mmfu: 0.00%[39m
[rank1]:[titan] 2026-09-29 07:14:06,849 - torchtitan.observability.metrics - INFO - [31mstep: 54  [32mloss:  1.38721  [38;2;180;60;0mgrad_norm:  2.1406  [38;2;54;234;195mmemory:  0.22GiB(0.28%)  [34mtps: 166  [36mtflops: 0.03  [35mmfu: 0.00%[39m
[rank0]:[titan] 2026-09-29 07:14:06,847 - torchtitan.observability.metrics - INFO - [31mstep: 54  [32mloss:  1.38721  [38;2;180;60;0mgrad_norm:  2.1406  [38;2;54;234;195mmemory:  0.23GiB(0.29%)  [34mtps: 166  [36mtflops: 0.03  [35mmfu: 0.00%[39m
[rank1]:[titan] 2026-09-29 07:14:07,617 - torchtitan.observability.metrics - INFO - [31mstep: 55  [32mloss:  1.23384  [38;2;180;60;0mgrad_norm:  2.8281  [38;2;54;234;195mmemory:  0.22GiB(0.28%)  [34mtps: 167  [36mtflops: 0.03  [35mmfu: 0.00%[39m
[rank0]:[titan] 2026-09-29 07:14:07,614 - torchtitan.observability.metrics - INFO - [31mstep: 55  [32mloss:  1.23384  [38;2;180;60;0mgrad_norm:  2.8281  [38;2;54;234;195mmemory:  0.23GiB(0.29%)  [34mtps: 167  [36mtflops: 0.03  [35mmfu: 0.00%[39m
[rank1]:[titan] 2026-09-29 07:14:08,385 - torchtitan.observability.metrics - INFO - [31mstep: 56  [32mloss:  2.32586  [38;2;180;60;0mgrad_norm:  3.5312  [38;2;54;234;195mmemory:  0.22GiB(0.28%)  [34mtps: 167  [36mtflops: 0.03  [35mmfu: 0.00%[39m
[rank0]:[titan] 2026-09-29 07:14:08,383 - torchtitan.observability.metrics - INFO - [31mstep: 56  [32mloss:  2.32586  [38;2;180;60;0mgrad_norm:  3.5312  [38;2;54;234;195mmemory:  0.23GiB(0.29%)  [34mtps: 167  [36mtflops: 0.03  [35mmfu: 0.00%[39m
[rank1]:[titan] 2026-09-29 07:14:09,157 - torchtitan.observability.metrics - INFO - [31mstep: 57  [32mloss:  2.88178  [38;2;180;60;0mgrad_norm:  3.5469  [38;2;54;234;195mmemory:  0.22GiB(0.28%)  [34mtps: 166  [36mtflops: 0.03  [35mmfu: 0.00%[39m
[rank0]:[titan] 2026-09-29 07:14:09,168 - torchtitan.observability.metrics - INFO - [31mstep: 57  [32mloss:  2.88178  [38;2;180;60;0mgrad_norm:  3.5469  [38;2;54;234;195mmemory:  0.23GiB(0.29%)  [34mtps: 163  [36mtflops: 0.03  [35mmfu: 0.00%[39m
[rank1]:[titan] 2026-09-29 07:14:09,937 - torchtitan.observability.metrics - INFO - [31mstep: 58  [32mloss:  0.93100  [38;2;180;60;0mgrad_norm:  2.2500  [38;2;54;234;195mmemory:  0.22GiB(0.28%)  [34mtps: 164  [36mtflops: 0.03  [35mmfu: 0.00%[39m
[rank0]:[titan] 2026-09-29 07:14:09,934 - torchtitan.observability.metrics - INFO - [31mstep: 58  [32mloss:  0.93100  [38;2;180;60;0mgrad_norm:  2.2500  [38;2;54;234;195mmemory:  0.23GiB(0.29%)  [34mtps: 167  [36mtflops: 0.03  [35mmfu: 0.00%[39m
[rank1]:[titan] 2026-09-29 07:14:10,710 - torchtitan.observability.metrics - INFO - [31mstep: 59  [32mloss:  2.55495  [38;2;180;60;0mgrad_norm:  2.6406  [38;2;54;234;195mmemory:  0.22GiB(0.28%)  [34mtps: 166  [36mtflops: 0.03  [35mmfu: 0.00%[39m
[rank0]:[titan] 2026-09-29 07:14:10,707 - torchtitan.observability.metrics - INFO - [31mstep: 59  [32mloss:  2.55495  [38;2;180;60;0mgrad_norm:  2.6406  [38;2;54;234;195mmemory:  0.23GiB(0.29%)  [34mtps: 166  [36mtflops: 0.03  [35mmfu: 0.00%[39m
[rank1]:[titan] 2026-09-29 07:14:11,483 - torchtitan.observability.metrics - INFO - [31mstep: 60  [32mloss:  0.67216  [38;2;180;60;0mgrad_norm:  1.9219  [38;2;54;234;195mmemory:  0.22GiB(0.28%)  [34mtps: 166  [36mtflops: 0.03  [35mmfu: 0.00%[39m
[rank0]:[titan] 2026-09-29 07:14:11,479 - torchtitan.observability.metrics - INFO - [31mstep: 60  [32mloss:  0.67216  [38;2;180;60;0mgrad_norm:  1.9219  [38;2;54;234;195mmemory:  0.23GiB(0.29%)  [34mtps: 166  [36mtflops: 0.03  [35mmfu: 0.00%[39m
[rank1]:[titan] 2026-09-29 07:14:12,258 - torchtitan.observability.metrics - INFO - [31mstep: 61  [32mloss:  2.85381  [38;2;180;60;0mgrad_norm:  3.0312  [38;2;54;234;195mmemory:  0.22GiB(0.28%)  [34mtps: 165  [36mtflops: 0.03  [35mmfu: 0.00%[39m
[rank0]:[titan] 2026-09-29 07:14:12,255 - torchtitan.observability.metrics - INFO - [31mstep: 61  [32mloss:  2.85381  [38;2;180;60;0mgrad_norm:  3.0312  [38;2;54;234;195mmemory:  0.23GiB(0.29%)  [34mtps: 165  [36mtflops: 0.03  [35mmfu: 0.00%[39m
[rank1]:[titan] 2026-09-29 07:14:13,031 - torchtitan.observability.metrics - INFO - [31mstep: 62  [32mloss:  3.00155  [38;2;180;60;0mgrad_norm:  2.8125  [38;2;54;234;195mmemory:  0.22GiB(0.28%)  [34mtps: 166  [36mtflops: 0.03  [35mmfu: 0.00%[39m
[rank0]:[titan] 2026-09-29 07:14:13,027 - torchtitan.observability.metrics - INFO - [31mstep: 62  [32mloss:  3.00155  [38;2;180;60;0mgrad_norm:  2.8125  [38;2;54;234;195mmemory:  0.23GiB(0.29%)  [34mtps: 166  [36mtflops: 0.03  [35mmfu: 0.00%[39m
[rank1]:[titan] 2026-09-29 07:14:13,801 - torchtitan.observability.metrics - INFO - [31mstep: 63  [32mloss:  2.30917  [38;2;180;60;0mgrad_norm:  2.2500  [38;2;54;234;195mmemory:  0.22GiB(0.28%)  [34mtps: 166  [36mtflops: 0.03  [35mmfu: 0.00%[39m
[rank0]:[titan] 2026-09-29 07:14:13,798 - torchtitan.observability.metrics - INFO - [31mstep: 63  [32mloss:  2.30917  [38;2;180;60;0mgrad_norm:  2.2500  [38;2;54;234;195mmemory:  0.23GiB(0.29%)  [34mtps: 166  [36mtflops: 0.03  [35mmfu: 0.00%[39m
[rank1]:[titan] 2026-09-29 07:14:14,588 - torchtitan.observability.metrics - INFO - [31mstep: 64  [32mloss:  1.70108  [38;2;180;60;0mgrad_norm:  2.1719  [38;2;54;234;195mmemory:  0.22GiB(0.28%)  [34mtps: 163  [36mtflops: 0.03  [35mmfu: 0.00%[39m
[rank0]:[titan] 2026-09-29 07:14:14,585 - torchtitan.observability.metrics - INFO - [31mstep: 64  [32mloss:  1.70108  [38;2;180;60;0mgrad_norm:  2.1719  [38;2;54;234;195mmemory:  0.23GiB(0.29%)  [34mtps: 163  [36mtflops: 0.03  [35mmfu: 0.00%[39m
[rank1]:[titan] 2026-09-29 07:14:15,369 - torchtitan.observability.metrics - INFO - [31mstep: 65  [32mloss:  2.40343  [38;2;180;60;0mgrad_norm:  2.1875  [38;2;54;234;195mmemory:  0.22GiB(0.28%)  [34mtps: 164  [36mtflops: 0.03  [35mmfu: 0.00%[39m
[rank0]:[titan] 2026-09-29 07:14:15,366 - torchtitan.observability.metrics - INFO - [31mstep: 65  [32mloss:  2.40343  [38;2;180;60;0mgrad_norm:  2.1875  [38;2;54;234;195mmemory:  0.23GiB(0.29%)  [34mtps: 164  [36mtflops: 0.03  [35mmfu: 0.00%[39m
[rank1]:[titan] 2026-09-29 07:14:16,140 - torchtitan.observability.metrics - INFO - [31mstep: 66  [32mloss:  2.10832  [38;2;180;60;0mgrad_norm:  2.0156  [38;2;54;234;195mmemory:  0.22GiB(0.28%)  [34mtps: 166  [36mtflops: 0.03  [35mmfu: 0.00%[39m
[rank0]:[titan] 2026-09-29 07:14:16,137 - torchtitan.observability.metrics - INFO - [31mstep: 66  [32mloss:  2.10832  [38;2;180;60;0mgrad_norm:  2.0156  [38;2;54;234;195mmemory:  0.23GiB(0.29%)  [34mtps: 166  [36mtflops: 0.03  [35mmfu: 0.00%[39m
[rank1]:[titan] 2026-09-29 07:14:16,917 - torchtitan.observability.metrics - INFO - [31mstep: 67  [32mloss:  0.88142  [38;2;180;60;0mgrad_norm:  2.2500  [38;2;54;234;195mmemory:  0.22GiB(0.28%)  [34mtps: 165  [36mtflops: 0.03  [35mmfu: 0.00%[39m
[rank0]:[titan] 2026-09-29 07:14:16,913 - torchtitan.observability.metrics - INFO - [31mstep: 67  [32mloss:  0.88142  [38;2;180;60;0mgrad_norm:  2.2500  [38;2;54;234;195mmemory:  0.23GiB(0.29%)  [34mtps: 165  [36mtflops: 0.03  [35mmfu: 0.00%[39m
[rank1]:[titan] 2026-09-29 07:14:17,699 - torchtitan.observability.metrics - INFO - [31mstep: 68  [32mloss:  2.37851  [38;2;180;60;0mgrad_norm:  1.9453  [38;2;54;234;195mmemory:  0.22GiB(0.28%)  [34mtps: 164  [36mtflops: 0.03  [35mmfu: 0.00%[39m
[rank0]:[titan] 2026-09-29 07:14:17,696 - torchtitan.observability.metrics - INFO - [31mstep: 68  [32mloss:  2.37851  [38;2;180;60;0mgrad_norm:  1.9453  [38;2;54;234;195mmemory:  0.23GiB(0.29%)  [34mtps: 164  [36mtflops: 0.03  [35mmfu: 0.00%[39m
[rank1]:[titan] 2026-09-29 07:14:18,472 - torchtitan.observability.metrics - INFO - [31mstep: 69  [32mloss:  3.69263  [38;2;180;60;0mgrad_norm:  3.2812  [38;2;54;234;195mmemory:  0.22GiB(0.28%)  [34mtps: 166  [36mtflops: 0.03  [35mmfu: 0.00%[39m
[rank0]:[titan] 2026-09-29 07:14:18,468 - torchtitan.observability.metrics - INFO - [31mstep: 69  [32mloss:  3.69263  [38;2;180;60;0mgrad_norm:  3.2812  [38;2;54;234;195mmemory:  0.23GiB(0.29%)  [34mtps: 166  [36mtflops: 0.03  [35mmfu: 0.00%[39m
[rank1]:[titan] 2026-09-29 07:14:19,248 - torchtitan.observability.metrics - INFO - [31mstep: 70  [32mloss:  1.80814  [38;2;180;60;0mgrad_norm:  2.0781  [38;2;54;234;195mmemory:  0.22GiB(0.28%)  [34mtps: 165  [36mtflops: 0.03  [35mmfu: 0.00%[39m
[rank0]:[titan] 2026-09-29 07:14:19,245 - torchtitan.observability.metrics - INFO - [31mstep: 70  [32mloss:  1.80814  [38;2;180;60;0mgrad_norm:  2.0781  [38;2;54;234;195mmemory:  0.23GiB(0.29%)  [34mtps: 165  [36mtflops: 0.03  [35mmfu: 0.00%[39m
[rank1]:[titan] 2026-09-29 07:14:20,017 - torchtitan.observability.metrics - INFO - [31mstep: 71  [32mloss:  2.18147  [38;2;180;60;0mgrad_norm:  1.9453  [38;2;54;234;195mmemory:  0.22GiB(0.28%)  [34mtps: 167  [36mtflops: 0.03  [35mmfu: 0.00%[39m
[rank0]:[titan] 2026-09-29 07:14:20,014 - torchtitan.observability.metrics - INFO - [31mstep: 71  [32mloss:  2.18147  [38;2;180;60;0mgrad_norm:  1.9453  [38;2;54;234;195mmemory:  0.23GiB(0.29%)  [34mtps: 167  [36mtflops: 0.03  [35mmfu: 0.00%[39m
[rank1]:[titan] 2026-09-29 07:14:20,787 - torchtitan.observability.metrics - INFO - [31mstep: 72  [32mloss:  3.34528  [38;2;180;60;0mgrad_norm:  4.9688  [38;2;54;234;195mmemory:  0.22GiB(0.28%)  [34mtps: 166  [36mtflops: 0.03  [35mmfu: 0.00%[39m
[rank0]:[titan] 2026-09-29 07:14:20,785 - torchtitan.observability.metrics - INFO - [31mstep: 72  [32mloss:  3.34528  [38;2;180;60;0mgrad_norm:  4.9688  [38;2;54;234;195mmemory:  0.23GiB(0.29%)  [34mtps: 166  [36mtflops: 0.03  [35mmfu: 0.00%[39m
[rank1]:[titan] 2026-09-29 07:14:21,561 - torchtitan.observability.metrics - INFO - [31mstep: 73  [32mloss:  1.25648  [38;2;180;60;0mgrad_norm:  3.8906  [38;2;54;234;195mmemory:  0.22GiB(0.28%)  [34mtps: 165  [36mtflops: 0.03  [35mmfu: 0.00%[39m
[rank0]:[titan] 2026-09-29 07:14:21,557 - torchtitan.observability.metrics - INFO - [31mstep: 73  [32mloss:  1.25648  [38;2;180;60;0mgrad_norm:  3.8906  [38;2;54;234;195mmemory:  0.23GiB(0.29%)  [34mtps: 166  [36mtflops: 0.03  [35mmfu: 0.00%[39m
[rank1]:[titan] 2026-09-29 07:14:22,345 - torchtitan.observability.metrics - INFO - [31mstep: 74  [32mloss:  2.91983  [38;2;180;60;0mgrad_norm:  4.7188  [38;2;54;234;195mmemory:  0.23GiB(0.29%)  [34mtps: 163  [36mtflops: 0.03  [35mmfu: 0.00%[39m
[rank0]:[titan] 2026-09-29 07:14:22,342 - torchtitan.observability.metrics - INFO - [31mstep: 74  [32mloss:  2.91983  [38;2;180;60;0mgrad_norm:  4.7188  [38;2;54;234;195mmemory:  0.23GiB(0.29%)  [34mtps: 163  [36mtflops: 0.03  [35mmfu: 0.00%[39m
[rank1]:[titan] 2026-09-29 07:14:23,121 - torchtitan.observability.metrics - INFO - [31mstep: 75  [32mloss:  0.42465  [38;2;180;60;0mgrad_norm:  2.1250  [38;2;54;234;195mmemory:  0.23GiB(0.29%)  [34mtps: 165  [36mtflops: 0.03  [35mmfu: 0.00%[39m
[rank0]:[titan] 2026-09-29 07:14:23,120 - torchtitan.observability.metrics - INFO - [31mstep: 75  [32mloss:  0.42465  [38;2;180;60;0mgrad_norm:  2.1250  [38;2;54;234;195mmemory:  0.23GiB(0.29%)  [34mtps: 165  [36mtflops: 0.03  [35mmfu: 0.00%[39m
[rank1]:[titan] 2026-09-29 07:14:23,901 - torchtitan.observability.metrics - INFO - [31mstep: 76  [32mloss:  2.88584  [38;2;180;60;0mgrad_norm:  3.7812  [38;2;54;234;195mmemory:  0.23GiB(0.29%)  [34mtps: 164  [36mtflops: 0.03  [35mmfu: 0.00%[39m
[rank0]:[titan] 2026-09-29 07:14:23,898 - torchtitan.observability.metrics - INFO - [31mstep: 76  [32mloss:  2.88584  [38;2;180;60;0mgrad_norm:  3.7812  [38;2;54;234;195mmemory:  0.23GiB(0.29%)  [34mtps: 165  [36mtflops: 0.03  [35mmfu: 0.00%[39m
[rank1]:[titan] 2026-09-29 07:14:24,676 - torchtitan.observability.metrics - INFO - [31mstep: 77  [32mloss:  2.99972  [38;2;180;60;0mgrad_norm:  2.7500  [38;2;54;234;195mmemory:  0.23GiB(0.29%)  [34mtps: 165  [36mtflops: 0.03  [35mmfu: 0.00%[39m
[rank0]:[titan] 2026-09-29 07:14:24,673 - torchtitan.observability.metrics - INFO - [31mstep: 77  [32mloss:  2.99972  [38;2;180;60;0mgrad_norm:  2.7500  [38;2;54;234;195mmemory:  0.23GiB(0.29%)  [34mtps: 165  [36mtflops: 0.03  [35mmfu: 0.00%[39m
[rank1]:[titan] 2026-09-29 07:14:25,447 - torchtitan.observability.metrics - INFO - [31mstep: 78  [32mloss:  1.99300  [38;2;180;60;0mgrad_norm:  5.0938  [38;2;54;234;195mmemory:  0.23GiB(0.29%)  [34mtps: 166  [36mtflops: 0.03  [35mmfu: 0.00%[39m
[rank0]:[titan] 2026-09-29 07:14:25,445 - torchtitan.observability.metrics - INFO - [31mstep: 78  [32mloss:  1.99300  [38;2;180;60;0mgrad_norm:  5.0938  [38;2;54;234;195mmemory:  0.23GiB(0.29%)  [34mtps: 166  [36mtflops: 0.03  [35mmfu: 0.00%[39m
[rank1]:[titan] 2026-09-29 07:14:26,227 - torchtitan.observability.metrics - INFO - [31mstep: 79  [32mloss:  3.58644  [38;2;180;60;0mgrad_norm:  4.1875  [38;2;54;234;195mmemory:  0.23GiB(0.29%)  [34mtps: 164  [36mtflops: 0.03  [35mmfu: 0.00%[39m
[rank0]:[titan] 2026-09-29 07:14:26,224 - torchtitan.observability.metrics - INFO - [31mstep: 79  [32mloss:  3.58644  [38;2;180;60;0mgrad_norm:  4.1875  [38;2;54;234;195mmemory:  0.23GiB(0.29%)  [34mtps: 164  [36mtflops: 0.03  [35mmfu: 0.00%[39m
[rank1]:[titan] 2026-09-29 07:14:27,004 - torchtitan.observability.metrics - INFO - [31mstep: 80  [32mloss:  2.87073  [38;2;180;60;0mgrad_norm:  2.6094  [38;2;54;234;195mmemory:  0.23GiB(0.29%)  [34mtps: 165  [36mtflops: 0.03  [35mmfu: 0.00%[39m
[rank0]:[titan] 2026-09-29 07:14:27,001 - torchtitan.observability.metrics - INFO - [31mstep: 80  [32mloss:  2.87073  [38;2;180;60;0mgrad_norm:  2.6094  [38;2;54;234;195mmemory:  0.23GiB(0.29%)  [34mtps: 165  [36mtflops: 0.03  [35mmfu: 0.00%[39m
[rank1]:[titan] 2026-09-29 07:14:27,776 - torchtitan.observability.metrics - INFO - [31mstep: 81  [32mloss:  1.28886  [38;2;180;60;0mgrad_norm:  2.5312  [38;2;54;234;195mmemory:  0.23GiB(0.29%)  [34mtps: 166  [36mtflops: 0.03  [35mmfu: 0.00%[39m
[rank0]:[titan] 2026-09-29 07:14:27,773 - torchtitan.observability.metrics - INFO - [31mstep: 81  [32mloss:  1.28886  [38;2;180;60;0mgrad_norm:  2.5312  [38;2;54;234;195mmemory:  0.23GiB(0.29%)  [34mtps: 166  [36mtflops: 0.03  [35mmfu: 0.00%[39m
[rank1]:[titan] 2026-09-29 07:14:28,545 - torchtitan.observability.metrics - INFO - [31mstep: 82  [32mloss:  2.09705  [38;2;180;60;0mgrad_norm:  3.4062  [38;2;54;234;195mmemory:  0.23GiB(0.29%)  [34mtps: 166  [36mtflops: 0.03  [35mmfu: 0.00%[39m
[rank0]:[titan] 2026-09-29 07:14:28,543 - torchtitan.observability.metrics - INFO - [31mstep: 82  [32mloss:  2.09705  [38;2;180;60;0mgrad_norm:  3.4062  [38;2;54;234;195mmemory:  0.23GiB(0.29%)  [34mtps: 166  [36mtflops: 0.03  [35mmfu: 0.00%[39m
[rank1]:[titan] 2026-09-29 07:14:29,315 - torchtitan.observability.metrics - INFO - [31mstep: 83  [32mloss:  0.72354  [38;2;180;60;0mgrad_norm:  2.9219  [38;2;54;234;195mmemory:  0.23GiB(0.29%)  [34mtps: 166  [36mtflops: 0.03  [35mmfu: 0.00%[39m
[rank0]:[titan] 2026-09-29 07:14:29,313 - torchtitan.observability.metrics - INFO - [31mstep: 83  [32mloss:  0.72354  [38;2;180;60;0mgrad_norm:  2.9219  [38;2;54;234;195mmemory:  0.23GiB(0.29%)  [34mtps: 166  [36mtflops: 0.03  [35mmfu: 0.00%[39m
[rank0]:[titan] 2026-09-29 07:14:30,089 - torchtitan.observability.metrics - INFO - [31mstep: 84  [32mloss:  2.14471  [38;2;180;60;0mgrad_norm:  2.7969  [38;2;54;234;195mmemory:  0.23GiB(0.29%)  [34mtps: 165  [36mtflops: 0.03  [35mmfu: 0.00%[39m
[rank1]:[titan] 2026-09-29 07:14:30,092 - torchtitan.observability.metrics - INFO - [31mstep: 84  [32mloss:  2.14471  [38;2;180;60;0mgrad_norm:  2.7969  [38;2;54;234;195mmemory:  0.23GiB(0.29%)  [34mtps: 165  [36mtflops: 0.03  [35mmfu: 0.00%[39m
[rank1]:[titan] 2026-09-29 07:14:30,865 - torchtitan.observability.metrics - INFO - [31mstep: 85  [32mloss:  1.82683  [38;2;180;60;0mgrad_norm:  2.9375  [38;2;54;234;195mmemory:  0.23GiB(0.29%)  [34mtps: 166  [36mtflops: 0.03  [35mmfu: 0.00%[39m
[rank0]:[titan] 2026-09-29 07:14:30,863 - torchtitan.observability.metrics - INFO - [31mstep: 85  [32mloss:  1.82683  [38;2;180;60;0mgrad_norm:  2.9375  [38;2;54;234;195mmemory:  0.23GiB(0.29%)  [34mtps: 166  [36mtflops: 0.03  [35mmfu: 0.00%[39m
[rank1]:[titan] 2026-09-29 07:14:31,634 - torchtitan.observability.metrics - INFO - [31mstep: 86  [32mloss:  2.86424  [38;2;180;60;0mgrad_norm:  3.2500  [38;2;54;234;195mmemory:  0.23GiB(0.29%)  [34mtps: 167  [36mtflops: 0.03  [35mmfu: 0.00%[39m
[rank0]:[titan] 2026-09-29 07:14:31,631 - torchtitan.observability.metrics - INFO - [31mstep: 86  [32mloss:  2.86424  [38;2;180;60;0mgrad_norm:  3.2500  [38;2;54;234;195mmemory:  0.23GiB(0.29%)  [34mtps: 167  [36mtflops: 0.03  [35mmfu: 0.00%[39m
[rank1]:[titan] 2026-09-29 07:14:32,406 - torchtitan.observability.metrics - INFO - [31mstep: 87  [32mloss:  2.60033  [38;2;180;60;0mgrad_norm:  2.2344  [38;2;54;234;195mmemory:  0.23GiB(0.29%)  [34mtps: 166  [36mtflops: 0.03  [35mmfu: 0.00%[39m
[rank0]:[titan] 2026-09-29 07:14:32,403 - torchtitan.observability.metrics - INFO - [31mstep: 87  [32mloss:  2.60033  [38;2;180;60;0mgrad_norm:  2.2344  [38;2;54;234;195mmemory:  0.23GiB(0.29%)  [34mtps: 166  [36mtflops: 0.03  [35mmfu: 0.00%[39m
[rank0]:[titan] 2026-09-29 07:14:33,179 - torchtitan.observability.metrics - INFO - [31mstep: 88  [32mloss:  0.47003  [38;2;180;60;0mgrad_norm:  2.2812  [38;2;54;234;195mmemory:  0.23GiB(0.29%)  [34mtps: 165  [36mtflops: 0.03  [35mmfu: 0.00%[39m
[rank1]:[titan] 2026-09-29 07:14:33,188 - torchtitan.observability.metrics - INFO - [31mstep: 88  [32mloss:  0.47003  [38;2;180;60;0mgrad_norm:  2.2812  [38;2;54;234;195mmemory:  0.23GiB(0.29%)  [34mtps: 164  [36mtflops: 0.03  [35mmfu: 0.00%[39m
[rank1]:[titan] 2026-09-29 07:14:33,961 - torchtitan.observability.metrics - INFO - [31mstep: 89  [32mloss:  1.66430  [38;2;180;60;0mgrad_norm:  2.8125  [38;2;54;234;195mmemory:  0.23GiB(0.29%)  [34mtps: 166  [36mtflops: 0.03  [35mmfu: 0.00%[39m
[rank0]:[titan] 2026-09-29 07:14:33,957 - torchtitan.observability.metrics - INFO - [31mstep: 89  [32mloss:  1.66430  [38;2;180;60;0mgrad_norm:  2.8125  [38;2;54;234;195mmemory:  0.23GiB(0.29%)  [34mtps: 165  [36mtflops: 0.03  [35mmfu: 0.00%[39m
[rank1]:[titan] 2026-09-29 07:14:34,755 - torchtitan.observability.metrics - INFO - [31mstep: 90  [32mloss:  0.42654  [38;2;180;60;0mgrad_norm:  2.0312  [38;2;54;234;195mmemory:  0.23GiB(0.29%)  [34mtps: 161  [36mtflops: 0.03  [35mmfu: 0.00%[39m
[rank0]:[titan] 2026-09-29 07:14:34,752 - torchtitan.observability.metrics - INFO - [31mstep: 90  [32mloss:  0.42654  [38;2;180;60;0mgrad_norm:  2.0312  [38;2;54;234;195mmemory:  0.23GiB(0.29%)  [34mtps: 161  [36mtflops: 0.03  [35mmfu: 0.00%[39m
[rank1]:[titan] 2026-09-29 07:14:35,548 - torchtitan.observability.metrics - INFO - [31mstep: 91  [32mloss:  1.91499  [38;2;180;60;0mgrad_norm:  2.4688  [38;2;54;234;195mmemory:  0.23GiB(0.29%)  [34mtps: 161  [36mtflops: 0.03  [35mmfu: 0.00%[39m
[rank0]:[titan] 2026-09-29 07:14:35,545 - torchtitan.observability.metrics - INFO - [31mstep: 91  [32mloss:  1.91499  [38;2;180;60;0mgrad_norm:  2.4688  [38;2;54;234;195mmemory:  0.23GiB(0.29%)  [34mtps: 161  [36mtflops: 0.03  [35mmfu: 0.00%[39m
[rank1]:[titan] 2026-09-29 07:14:36,355 - torchtitan.observability.metrics - INFO - [31mstep: 92  [32mloss:  2.63012  [38;2;180;60;0mgrad_norm:  3.1875  [38;2;54;234;195mmemory:  0.23GiB(0.29%)  [34mtps: 159  [36mtflops: 0.02  [35mmfu: 0.00%[39m
[rank0]:[titan] 2026-09-29 07:14:36,350 - torchtitan.observability.metrics - INFO - [31mstep: 92  [32mloss:  2.63012  [38;2;180;60;0mgrad_norm:  3.1875  [38;2;54;234;195mmemory:  0.23GiB(0.29%)  [34mtps: 159  [36mtflops: 0.02  [35mmfu: 0.00%[39m
[rank1]:[titan] 2026-09-29 07:14:37,156 - torchtitan.observability.metrics - INFO - [31mstep: 93  [32mloss:  3.08379  [38;2;180;60;0mgrad_norm:  3.4219  [38;2;54;234;195mmemory:  0.23GiB(0.29%)  [34mtps: 160  [36mtflops: 0.03  [35mmfu: 0.00%[39m
[rank0]:[titan] 2026-09-29 07:14:37,152 - torchtitan.observability.metrics - INFO - [31mstep: 93  [32mloss:  3.08379  [38;2;180;60;0mgrad_norm:  3.4219  [38;2;54;234;195mmemory:  0.23GiB(0.29%)  [34mtps: 160  [36mtflops: 0.03  [35mmfu: 0.00%[39m
[rank1]:[titan] 2026-09-29 07:14:37,937 - torchtitan.observability.metrics - INFO - [31mstep: 94  [32mloss:  3.12928  [38;2;180;60;0mgrad_norm:  5.7500  [38;2;54;234;195mmemory:  0.23GiB(0.29%)  [34mtps: 164  [36mtflops: 0.03  [35mmfu: 0.00%[39m
[rank0]:[titan] 2026-09-29 07:14:37,933 - torchtitan.observability.metrics - INFO - [31mstep: 94  [32mloss:  3.12928  [38;2;180;60;0mgrad_norm:  5.7500  [38;2;54;234;195mmemory:  0.23GiB(0.29%)  [34mtps: 164  [36mtflops: 0.03  [35mmfu: 0.00%[39m
[rank1]:[titan] 2026-09-29 07:14:38,703 - torchtitan.observability.metrics - INFO - [31mstep: 95  [32mloss:  1.49000  [38;2;180;60;0mgrad_norm:  2.6406  [38;2;54;234;195mmemory:  0.23GiB(0.29%)  [34mtps: 167  [36mtflops: 0.03  [35mmfu: 0.00%[39m
[rank0]:[titan] 2026-09-29 07:14:38,699 - torchtitan.observability.metrics - INFO - [31mstep: 95  [32mloss:  1.49000  [38;2;180;60;0mgrad_norm:  2.6406  [38;2;54;234;195mmemory:  0.23GiB(0.29%)  [34mtps: 167  [36mtflops: 0.03  [35mmfu: 0.00%[39m
[rank1]:[titan] 2026-09-29 07:14:39,477 - torchtitan.observability.metrics - INFO - [31mstep: 96  [32mloss:  2.58266  [38;2;180;60;0mgrad_norm:  4.9688  [38;2;54;234;195mmemory:  0.23GiB(0.29%)  [34mtps: 165  [36mtflops: 0.03  [35mmfu: 0.00%[39m
[rank0]:[titan] 2026-09-29 07:14:39,475 - torchtitan.observability.metrics - INFO - [31mstep: 96  [32mloss:  2.58266  [38;2;180;60;0mgrad_norm:  4.9688  [38;2;54;234;195mmemory:  0.23GiB(0.29%)  [34mtps: 165  [36mtflops: 0.03  [35mmfu: 0.00%[39m
[rank1]:[titan] 2026-09-29 07:14:40,254 - torchtitan.observability.metrics - INFO - [31mstep: 97  [32mloss:  1.95998  [38;2;180;60;0mgrad_norm:  2.7812  [38;2;54;234;195mmemory:  0.23GiB(0.29%)  [34mtps: 165  [36mtflops: 0.03  [35mmfu: 0.00%[39m
[rank0]:[titan] 2026-09-29 07:14:40,252 - torchtitan.observability.metrics - INFO - [31mstep: 97  [32mloss:  1.95998  [38;2;180;60;0mgrad_norm:  2.7812  [38;2;54;234;195mmemory:  0.23GiB(0.29%)  [34mtps: 165  [36mtflops: 0.03  [35mmfu: 0.00%[39m
[rank1]:[titan] 2026-09-29 07:14:41,023 - torchtitan.observability.metrics - INFO - [31mstep: 98  [32mloss:  2.01153  [38;2;180;60;0mgrad_norm:  3.3125  [38;2;54;234;195mmemory:  0.23GiB(0.29%)  [34mtps: 167  [36mtflops: 0.03  [35mmfu: 0.00%[39m
[rank0]:[titan] 2026-09-29 07:14:41,019 - torchtitan.observability.metrics - INFO - [31mstep: 98  [32mloss:  2.01153  [38;2;180;60;0mgrad_norm:  3.3125  [38;2;54;234;195mmemory:  0.23GiB(0.29%)  [34mtps: 167  [36mtflops: 0.03  [35mmfu: 0.00%[39m
[rank1]:[titan] 2026-09-29 07:14:41,802 - torchtitan.observability.metrics - INFO - [31mstep: 99  [32mloss:  1.43310  [38;2;180;60;0mgrad_norm:  3.7031  [38;2;54;234;195mmemory:  0.23GiB(0.29%)  [34mtps: 164  [36mtflops: 0.03  [35mmfu: 0.00%[39m
[rank0]:[titan] 2026-09-29 07:14:41,799 - torchtitan.observability.metrics - INFO - [31mstep: 99  [32mloss:  1.43310  [38;2;180;60;0mgrad_norm:  3.7031  [38;2;54;234;195mmemory:  0.23GiB(0.29%)  [34mtps: 164  [36mtflops: 0.03  [35mmfu: 0.00%[39m
[rank0]:[titan] 2026-09-29 07:14:41,978 - torchtitan.tools.utils - INFO - [GC] Performing periodic GC collection took 0.18 seconds
[rank1]:[titan] 2026-09-29 07:14:42,009 - torchtitan.tools.utils - INFO - [GC] Performing periodic GC collection took 0.20 seconds
[rank1]:[titan] 2026-09-29 07:14:42,771 - torchtitan.observability.metrics - INFO - [31mstep: 100  [32mloss:  3.05539  [38;2;180;60;0mgrad_norm:  5.7188  [38;2;54;234;195mmemory:  0.23GiB(0.29%)  [34mtps: 132  [36mtflops: 0.02  [35mmfu: 0.00%[39m
[rank1]:[titan] 2026-09-29 07:14:42,771 - torchtitan.trainer - INFO - Training completed
[rank0]:[titan] 2026-09-29 07:14:42,770 - torchtitan.observability.metrics - INFO - [31mstep: 100  [32mloss:  3.05539  [38;2;180;60;0mgrad_norm:  5.7188  [38;2;54;234;195mmemory:  0.23GiB(0.29%)  [34mtps: 132  [36mtflops: 0.02  [35mmfu: 0.00%[39m
[rank0]:[titan] 2026-09-29 07:14:42,770 - torchtitan.trainer - INFO - Sleeping 2 seconds for other ranks to complete
[rank0]:[titan] 2026-09-29 07:14:44,770 - torchtitan.trainer - INFO - Training completed
[rank1]:[titan] 2026-09-29 07:14:45,994 - __main__ - INFO - Process group destroyed
[rank0]:[titan] 2026-09-29 07:14:46,389 - __main__ - INFO - Process group destroyed
