W0930 16:15:53.590000 219513 torch/distributed/run.py:982] 
W0930 16:15:53.590000 219513 torch/distributed/run.py:982] *****************************************
W0930 16:15:53.590000 219513 torch/distributed/run.py:982] Setting OMP_NUM_THREADS environment variable for each process to be 1 in default, to avoid your system being overloaded, please further tune the variable for optimal performance in your application as needed. 
W0930 16:15:53.590000 219513 torch/distributed/run.py:982] *****************************************
[rank2]:WARNING:absl:Failed to load jax profiler: No module named 'jax'
[rank3]:WARNING:absl:Failed to load jax profiler: No module named 'jax'
[rank0]:WARNING:absl:Failed to load jax profiler: No module named 'jax'
[rank1]:WARNING:absl:Failed to load jax profiler: No module named 'jax'
[rank0]:[titan] 2026-09-30 16:15:59,672 - __main__ - INFO - torchtitan version: 0.0.0+unknown (0.0.0 means __version__ is not defined correctly).
[rank2]:[titan] 2026-09-30 16:15:59,997 - __main__ - INFO - torchtitan version: 0.0.0+unknown (0.0.0 means __version__ is not defined correctly).
[rank1]:[titan] 2026-09-30 16:16:00,067 - __main__ - INFO - torchtitan version: 0.0.0+unknown (0.0.0 means __version__ is not defined correctly).
[rank3]:[titan] 2026-09-30 16:16:00,168 - __main__ - INFO - torchtitan version: 0.0.0+unknown (0.0.0 means __version__ is not defined correctly).
[rank0]:[titan] 2026-09-30 16:16:00,410 - torchtitan.observability.structured_logger.jsonl_handler - INFO - Structured logging -> JSONL: /root/mep/results/dep_h100_pp4vpp4_origlevels/time_s4096c3_m16_w_dep_k25/out/structured_logs/training.global_rank_0.20260930-161600-JNSOZF.jsonl
[rank2]:[titan] 2026-09-30 16:16:00,737 - torchtitan.observability.structured_logger.jsonl_handler - INFO - Structured logging -> JSONL: /root/mep/results/dep_h100_pp4vpp4_origlevels/time_s4096c3_m16_w_dep_k25/out/structured_logs/training.global_rank_2.20260930-161600-4G6KXG.jsonl
[rank0]:[titan] 2026-09-30 16:16:00,671 - torchtitan.distributed.utils - WARNING - ENV[TORCH_NCCL_ASYNC_ERROR_HANDLING] = 1 will be overridden to 3 based on job config
[rank1]:[titan] 2026-09-30 16:16:01,002 - torchtitan.observability.structured_logger.jsonl_handler - INFO - Structured logging -> JSONL: /root/mep/results/dep_h100_pp4vpp4_origlevels/time_s4096c3_m16_w_dep_k25/out/structured_logs/training.global_rank_1.20260930-161601-7AQMY1.jsonl
[rank2]:[titan] 2026-09-30 16:16:00,992 - torchtitan.distributed.utils - WARNING - ENV[TORCH_NCCL_ASYNC_ERROR_HANDLING] = 1 will be overridden to 3 based on job config
[rank3]:[titan] 2026-09-30 16:16:01,152 - torchtitan.observability.structured_logger.jsonl_handler - INFO - Structured logging -> JSONL: /root/mep/results/dep_h100_pp4vpp4_origlevels/time_s4096c3_m16_w_dep_k25/out/structured_logs/training.global_rank_3.20260930-161601-2Z7MVH.jsonl
[rank1]:[titan] 2026-09-30 16:16:01,396 - torchtitan.distributed.utils - WARNING - ENV[TORCH_NCCL_ASYNC_ERROR_HANDLING] = 1 will be overridden to 3 based on job config
[rank3]:[titan] 2026-09-30 16:16:01,532 - torchtitan.distributed.utils - WARNING - ENV[TORCH_NCCL_ASYNC_ERROR_HANDLING] = 1 will be overridden to 3 based on job config
[rank3]:[titan] 2026-09-30 16:16:02,106 - torchtitan.tools.utils - INFO - [GC] Initial GC collection took 0.00 seconds
[rank2]:[titan] 2026-09-30 16:16:02,106 - torchtitan.tools.utils - INFO - [GC] Initial GC collection took 0.00 seconds
[rank1]:[titan] 2026-09-30 16:16:02,107 - torchtitan.tools.utils - INFO - [GC] Initial GC collection took 0.00 seconds
[rank0]:[titan] 2026-09-30 16:16:02,107 - torchtitan.tools.utils - INFO - [GC] Initial GC collection took 0.00 seconds
[rank3]:[titan] 2026-09-30 16:16:03,136 - torchtitan.distributed.parallelism_context - INFO - Building device mesh with parallelism: pp=4, dp_replicate=1, dp_shard=1, cp=1, tp=1, ep=1
[rank0]:[titan] 2026-09-30 16:16:03,134 - torchtitan.distributed.parallelism_context - INFO - Building device mesh with parallelism: pp=4, dp_replicate=1, dp_shard=1, cp=1, tp=1, ep=1
[rank1]:[titan] 2026-09-30 16:16:03,136 - torchtitan.distributed.parallelism_context - INFO - Building device mesh with parallelism: pp=4, dp_replicate=1, dp_shard=1, cp=1, tp=1, ep=1
[rank2]:[titan] 2026-09-30 16:16:03,135 - torchtitan.distributed.parallelism_context - INFO - Building device mesh with parallelism: pp=4, dp_replicate=1, dp_shard=1, cp=1, tp=1, ep=1
[rank3]:[titan] 2026-09-30 16:16:03,595 - torchtitan.distributed.parallelism_context - INFO - Successfully created meshes with active axes: ['pp']
[rank0]:[titan] 2026-09-30 16:16:03,607 - torchtitan.distributed.parallelism_context - INFO - Successfully created meshes with active axes: ['pp']
[rank3]:[titan] 2026-09-30 16:16:03,600 - torchtitan.observability.metrics - INFO - CUDA capacity: NVIDIA H100 80GB HBM3 with 79.21GiB memory
[rank0]:[titan] 2026-09-30 16:16:03,612 - torchtitan.observability.metrics - INFO - CUDA capacity: NVIDIA H100 80GB HBM3 with 79.21GiB memory
[rank3]:[titan] 2026-09-30 16:16:03,612 - torchtitan.config.configurable - WARNING - Config field value of type InterpolationMode may not be JSON serializable
[rank0]:[titan] 2026-09-30 16:16:03,624 - torchtitan.config.configurable - WARNING - Config field value of type InterpolationMode may not be JSON serializable
[rank3]:[titan] 2026-09-30 16:16:03,614 - torchtitan.tools.utils - WARNING - Error running lspci: [Errno 2] No such file or directory: 'lspci', fallback to use device_name
[rank2]:[titan] 2026-09-30 16:16:03,595 - torchtitan.distributed.parallelism_context - INFO - Successfully created meshes with active axes: ['pp']
[rank3]:[titan] 2026-09-30 16:16:03,615 - torchtitan.components.tokenizer - INFO - Loading tokenizer from tokenizer.json
[rank2]:[titan] 2026-09-30 16:16:03,597 - torchtitan.observability.metrics - INFO - CUDA capacity: NVIDIA H100 80GB HBM3 with 79.21GiB memory
[rank0]:[titan] 2026-09-30 16:16:03,625 - torchtitan.tools.utils - WARNING - Error running lspci: [Errno 2] No such file or directory: 'lspci', fallback to use device_name
[rank1]:[titan] 2026-09-30 16:16:03,596 - torchtitan.distributed.parallelism_context - INFO - Successfully created meshes with active axes: ['pp']
[rank0]:[titan] 2026-09-30 16:16:03,626 - torchtitan.components.tokenizer - INFO - Loading tokenizer from tokenizer.json
[rank2]:[titan] 2026-09-30 16:16:03,606 - torchtitan.config.configurable - WARNING - Config field value of type InterpolationMode may not be JSON serializable
[rank2]:[titan] 2026-09-30 16:16:03,608 - torchtitan.tools.utils - WARNING - Error running lspci: [Errno 2] No such file or directory: 'lspci', fallback to use device_name
[rank1]:[titan] 2026-09-30 16:16:03,600 - torchtitan.observability.metrics - INFO - CUDA capacity: NVIDIA H100 80GB HBM3 with 79.21GiB memory
[rank1]:[titan] 2026-09-30 16:16:03,611 - torchtitan.config.configurable - WARNING - Config field value of type InterpolationMode may not be JSON serializable
[rank1]:[titan] 2026-09-30 16:16:03,613 - torchtitan.tools.utils - WARNING - Error running lspci: [Errno 2] No such file or directory: 'lspci', fallback to use device_name
[rank1]:[titan] 2026-09-30 16:16:03,614 - torchtitan.components.tokenizer - INFO - Loading tokenizer from tokenizer.json
[rank2]:[titan] 2026-09-30 16:16:03,608 - torchtitan.components.tokenizer - INFO - Loading tokenizer from tokenizer.json
[rank1]:[titan] 2026-09-30 16:16:03,808 - torchtitan.protocols.state_dict_adapter - WARNING - model.safetensors.index.json not found at hf_assets_path: ./tests/assets/tokenizer/model.safetensors.index.json.                     Defaulting to saving a single safetensors file if checkpoint is saved in HF format
[rank1]:[titan] 2026-09-30 16:16:03,813 - torchtitan.models.utils - INFO - Total parameter count: 12,059,226,240, active parameters: 8,885,570,688
[rank1]:[titan] 2026-09-30 16:16:03,862 - torchtitan.distributed.activation_checkpoint - INFO - Applied FullAC activation checkpointing to the model
[rank2]:[titan] 2026-09-30 16:16:03,946 - torchtitan.protocols.state_dict_adapter - WARNING - model.safetensors.index.json not found at hf_assets_path: ./tests/assets/tokenizer/model.safetensors.index.json.                     Defaulting to saving a single safetensors file if checkpoint is saved in HF format
[rank2]:[titan] 2026-09-30 16:16:03,951 - torchtitan.models.utils - INFO - Total parameter count: 12,059,226,240, active parameters: 8,885,570,688
[rank0]:[titan] 2026-09-30 16:16:03,971 - torchtitan.protocols.state_dict_adapter - WARNING - model.safetensors.index.json not found at hf_assets_path: ./tests/assets/tokenizer/model.safetensors.index.json.                     Defaulting to saving a single safetensors file if checkpoint is saved in HF format
[rank2]:[titan] 2026-09-30 16:16:03,995 - torchtitan.distributed.activation_checkpoint - INFO - Applied FullAC activation checkpointing to the model
[rank3]:[titan] 2026-09-30 16:16:03,979 - torchtitan.protocols.state_dict_adapter - WARNING - model.safetensors.index.json not found at hf_assets_path: ./tests/assets/tokenizer/model.safetensors.index.json.                     Defaulting to saving a single safetensors file if checkpoint is saved in HF format
[rank0]:[titan] 2026-09-30 16:16:03,976 - torchtitan.models.utils - INFO - Total parameter count: 12,059,226,240, active parameters: 8,885,570,688
[rank0]:[titan] 2026-09-30 16:16:04,020 - torchtitan.distributed.activation_checkpoint - INFO - Applied FullAC activation checkpointing to the model
[rank3]:[titan] 2026-09-30 16:16:03,984 - torchtitan.models.utils - INFO - Total parameter count: 12,059,226,240, active parameters: 8,885,570,688
[rank3]:[titan] 2026-09-30 16:16:04,032 - torchtitan.distributed.activation_checkpoint - INFO - Applied FullAC activation checkpointing to the model
[rank1]:[titan] 2026-09-30 16:16:04,080 - torchtitan.distributed.pipeline_parallel - INFO - PP rank 1 is building stage_idx 1 with modules ['layers.1', 'layers.2']
[rank1]:[titan] 2026-09-30 16:16:04,162 - torchtitan.distributed.pipeline_parallel - INFO - PP rank 1 is building stage_idx 5 with modules ['layers.7']
[rank2]:[titan] 2026-09-30 16:16:04,208 - torchtitan.distributed.pipeline_parallel - INFO - PP rank 2 is building stage_idx 2 with modules ['layers.3', 'layers.4']
[rank0]:[titan] 2026-09-30 16:16:04,239 - torchtitan.distributed.pipeline_parallel - INFO - PP rank 0 is building stage_idx 0 with modules ['vision_encoder', 'tok_embeddings', 'layers.0']
[rank3]:[titan] 2026-09-30 16:16:04,249 - torchtitan.distributed.pipeline_parallel - INFO - PP rank 3 is building stage_idx 3 with modules ['layers.5']
[rank1]:[titan] 2026-09-30 16:16:04,243 - torchtitan.distributed.pipeline_parallel - INFO - PP rank 1 is building stage_idx 9 with modules ['layers.11']
[rank2]:[titan] 2026-09-30 16:16:04,292 - torchtitan.distributed.pipeline_parallel - INFO - PP rank 2 is building stage_idx 6 with modules ['layers.8']
[rank3]:[titan] 2026-09-30 16:16:04,333 - torchtitan.distributed.pipeline_parallel - INFO - PP rank 3 is building stage_idx 7 with modules ['layers.9']
[rank1]:[titan] 2026-09-30 16:16:04,327 - torchtitan.distributed.pipeline_parallel - INFO - PP rank 1 is building stage_idx 13 with modules ['layers.15']
[rank0]:[titan] 2026-09-30 16:16:04,324 - torchtitan.distributed.pipeline_parallel - INFO - PP rank 0 is building stage_idx 4 with modules ['layers.6']
[rank1]:[titan] 2026-09-30 16:16:04,332 - torchtitan.distributed.activation_checkpoint - INFO - Applied FullAC activation checkpointing to the model
[rank2]:[titan] 2026-09-30 16:16:04,377 - torchtitan.distributed.pipeline_parallel - INFO - PP rank 2 is building stage_idx 10 with modules ['layers.12']
[rank0]:[titan] 2026-09-30 16:16:04,409 - torchtitan.distributed.pipeline_parallel - INFO - PP rank 0 is building stage_idx 8 with modules ['layers.10']
[rank2]:[titan] 2026-09-30 16:16:04,463 - torchtitan.distributed.pipeline_parallel - INFO - PP rank 2 is building stage_idx 14 with modules ['layers.16']
[rank1]:[titan] 2026-09-30 16:16:04,376 - torchtitan.distributed.fsdp - INFO - Applied FSDP to the model
[rank1]:[titan] 2026-09-30 16:16:04,378 - torchtitan.distributed.activation_checkpoint - INFO - Applied FullAC activation checkpointing to the model
[rank1]:[titan] 2026-09-30 16:16:04,387 - torchtitan.distributed.fsdp - INFO - Applied FSDP to the model
[rank3]:[titan] 2026-09-30 16:16:04,416 - torchtitan.distributed.pipeline_parallel - INFO - PP rank 3 is building stage_idx 11 with modules ['layers.13']
[rank1]:[titan] 2026-09-30 16:16:04,389 - torchtitan.distributed.activation_checkpoint - INFO - Applied FullAC activation checkpointing to the model
[rank1]:[titan] 2026-09-30 16:16:04,393 - torchtitan.distributed.fsdp - INFO - Applied FSDP to the model
[rank1]:[titan] 2026-09-30 16:16:04,395 - torchtitan.distributed.activation_checkpoint - INFO - Applied FullAC activation checkpointing to the model
[rank1]:[titan] 2026-09-30 16:16:04,398 - torchtitan.distributed.fsdp - INFO - Applied FSDP to the model
[rank1]:[titan] 2026-09-30 16:16:04,402 - torchtitan.distributed.pipeline_parallel - INFO - Using pipeline schedule Interleaved1F1B with 16 microbatches and 16 stages.
[rank2]:[titan] 2026-09-30 16:16:04,467 - torchtitan.distributed.activation_checkpoint - INFO - Applied FullAC activation checkpointing to the model
[rank2]:[titan] 2026-09-30 16:16:04,511 - torchtitan.distributed.fsdp - INFO - Applied FSDP to the model
[rank2]:[titan] 2026-09-30 16:16:04,514 - torchtitan.distributed.activation_checkpoint - INFO - Applied FullAC activation checkpointing to the model
[rank2]:[titan] 2026-09-30 16:16:04,518 - torchtitan.distributed.fsdp - INFO - Applied FSDP to the model
[rank2]:[titan] 2026-09-30 16:16:04,521 - torchtitan.distributed.activation_checkpoint - INFO - Applied FullAC activation checkpointing to the model
[rank2]:[titan] 2026-09-30 16:16:04,525 - torchtitan.distributed.fsdp - INFO - Applied FSDP to the model
[rank3]:[titan] 2026-09-30 16:16:04,500 - torchtitan.distributed.pipeline_parallel - INFO - PP rank 3 is building stage_idx 15 with modules ['norm', 'lm_head', 'output_res_proj', 'output_res_norm']
[rank3]:[titan] 2026-09-30 16:16:04,504 - torchtitan.distributed.activation_checkpoint - INFO - Applied FullAC activation checkpointing to the model
[rank3]:[titan] 2026-09-30 16:16:04,546 - torchtitan.distributed.fsdp - INFO - Applied FSDP to the model
[rank3]:[titan] 2026-09-30 16:16:04,549 - torchtitan.distributed.activation_checkpoint - INFO - Applied FullAC activation checkpointing to the model
[rank3]:[titan] 2026-09-30 16:16:04,553 - torchtitan.distributed.fsdp - INFO - Applied FSDP to the model
[rank0]:[titan] 2026-09-30 16:16:04,495 - torchtitan.distributed.pipeline_parallel - INFO - PP rank 0 is building stage_idx 12 with modules ['layers.14']
[rank3]:[titan] 2026-09-30 16:16:04,556 - torchtitan.distributed.activation_checkpoint - INFO - Applied FullAC activation checkpointing to the model
[rank2]:[titan] 2026-09-30 16:16:04,527 - torchtitan.distributed.activation_checkpoint - INFO - Applied FullAC activation checkpointing to the model
[rank2]:[titan] 2026-09-30 16:16:04,530 - torchtitan.distributed.fsdp - INFO - Applied FSDP to the model
[rank3]:[titan] 2026-09-30 16:16:04,560 - torchtitan.distributed.fsdp - INFO - Applied FSDP to the model
[rank3]:[titan] 2026-09-30 16:16:04,560 - torchtitan.distributed.activation_checkpoint - INFO - Applied FullAC activation checkpointing to the model
[rank2]:[titan] 2026-09-30 16:16:04,535 - torchtitan.distributed.pipeline_parallel - INFO - Using pipeline schedule Interleaved1F1B with 16 microbatches and 16 stages.
[rank3]:[titan] 2026-09-30 16:16:04,563 - torchtitan.distributed.fsdp - INFO - Applied FSDP to the model
[rank0]:[titan] 2026-09-30 16:16:04,514 - torchtitan.distributed.activation_checkpoint - INFO - Applied FullAC activation checkpointing to the model
[rank0]:[titan] 2026-09-30 16:16:04,514 - torchtitan.distributed.activation_checkpoint - INFO - Applied FullAC activation checkpointing to the model
[rank3]:[titan] 2026-09-30 16:16:04,568 - torchtitan.distributed.pipeline_parallel - INFO - Using pipeline schedule Interleaved1F1B with 16 microbatches and 16 stages.
[rank0]:[titan] 2026-09-30 16:16:04,582 - torchtitan.distributed.fsdp - INFO - Applied FSDP to the model
[rank0]:[titan] 2026-09-30 16:16:04,585 - torchtitan.distributed.activation_checkpoint - INFO - Applied FullAC activation checkpointing to the model
[rank0]:[titan] 2026-09-30 16:16:04,601 - torchtitan.distributed.fsdp - INFO - Applied FSDP to the model
[rank0]:[titan] 2026-09-30 16:16:04,603 - torchtitan.distributed.activation_checkpoint - INFO - Applied FullAC activation checkpointing to the model
[rank0]:[titan] 2026-09-30 16:16:04,607 - torchtitan.distributed.fsdp - INFO - Applied FSDP to the model
[rank0]:[titan] 2026-09-30 16:16:04,610 - torchtitan.distributed.activation_checkpoint - INFO - Applied FullAC activation checkpointing to the model
[rank0]:[titan] 2026-09-30 16:16:04,614 - torchtitan.distributed.fsdp - INFO - Applied FSDP to the model
[rank0]:[titan] 2026-09-30 16:16:04,618 - torchtitan.distributed.pipeline_parallel - INFO - Using pipeline schedule Interleaved1F1B with 16 microbatches and 16 stages.
[rank1]:[titan] 2026-09-30 16:16:05,494 - torchtitan.models.kimi_k3.pipeline_parallel - INFO - Kimi K3 pipeline: 4 stage(s) on this rank [1, 5, 9, 13], block transport delta with rank store, vision encodes decoupled
[rank2]:[titan] 2026-09-30 16:16:05,717 - torchtitan.models.kimi_k3.pipeline_parallel - INFO - Kimi K3 pipeline: 4 stage(s) on this rank [2, 6, 10, 14], block transport delta with rank store, vision encodes decoupled
[rank3]:[titan] 2026-09-30 16:16:05,918 - torchtitan.models.kimi_k3.pipeline_parallel - INFO - Kimi K3 pipeline: 4 stage(s) on this rank [3, 7, 11, 15], block transport delta with rank store, vision encodes decoupled
[rank0]:[titan] 2026-09-30 16:16:05,917 - torchtitan.models.kimi_k3.pipeline_parallel - INFO - Kimi K3 pipeline: 4 stage(s) on this rank [0, 4, 8, 12], block transport delta with rank store, vision encodes decoupled
[rank1]:[rank1]:W0930 16:16:06.004000 219583 torch/distributed/tensor/_random.py:215] DTensor is synchronizing RNG states of every rank with the state from rank 0. This behavior is deprecated. Please call `torch.manual_seed()` on every rank that participates in SPMD DTensor Operations with the same seed. If using Pipeline Parallelism, each pipeline state would use a different seed, but all ranks belonging to one pipeline stage would use the same seed.
[rank2]:[rank2]:W0930 16:16:06.003000 219584 torch/distributed/tensor/_random.py:215] DTensor is synchronizing RNG states of every rank with the state from rank 0. This behavior is deprecated. Please call `torch.manual_seed()` on every rank that participates in SPMD DTensor Operations with the same seed. If using Pipeline Parallelism, each pipeline state would use a different seed, but all ranks belonging to one pipeline stage would use the same seed.
[rank3]:[rank3]:W0930 16:16:06.003000 219585 torch/distributed/tensor/_random.py:215] DTensor is synchronizing RNG states of every rank with the state from rank 0. This behavior is deprecated. Please call `torch.manual_seed()` on every rank that participates in SPMD DTensor Operations with the same seed. If using Pipeline Parallelism, each pipeline state would use a different seed, but all ranks belonging to one pipeline stage would use the same seed.
[rank1]:[titan] 2026-09-30 16:16:06,223 - torchtitan.training_engine - INFO - Model KimiK3Model.Config size: 12,059,226,240 total parameters
[rank1]:[titan] 2026-09-30 16:16:06,224 - torchtitan.components.optimizer.optimizer - INFO - Optimizer AdamW (model_part=0): 56 params [.*] {'lr': 0.0008, 'betas': (0.9, 0.95), 'eps': 1e-08, 'weight_decay': 0.1, 'foreach': None, 'fused': True}
[rank1]:[titan] 2026-09-30 16:16:06,225 - torchtitan.components.optimizer.optimizer - INFO - Optimizer AdamW (model_part=1): 22 params [.*] {'lr': 0.0008, 'betas': (0.9, 0.95), 'eps': 1e-08, 'weight_decay': 0.1, 'foreach': None, 'fused': True}
[rank1]:[titan] 2026-09-30 16:16:06,225 - torchtitan.components.optimizer.optimizer - INFO - Optimizer AdamW (model_part=2): 22 params [.*] {'lr': 0.0008, 'betas': (0.9, 0.95), 'eps': 1e-08, 'weight_decay': 0.1, 'foreach': None, 'fused': True}
[rank3]:[titan] 2026-09-30 16:16:06,192 - torchtitan.training_engine - INFO - Model KimiK3Model.Config size: 12,059,226,240 total parameters
[rank3]:[titan] 2026-09-30 16:16:06,193 - torchtitan.components.optimizer.optimizer - INFO - Optimizer AdamW (model_part=0): 28 params [.*] {'lr': 0.0008, 'betas': (0.9, 0.95), 'eps': 1e-08, 'weight_decay': 0.1, 'foreach': None, 'fused': True}
[rank1]:[titan] 2026-09-30 16:16:06,225 - torchtitan.components.optimizer.optimizer - INFO - Optimizer AdamW (model_part=3): 22 params [.*] {'lr': 0.0008, 'betas': (0.9, 0.95), 'eps': 1e-08, 'weight_decay': 0.1, 'foreach': None, 'fused': True}
[rank3]:[titan] 2026-09-30 16:16:06,193 - torchtitan.components.optimizer.optimizer - INFO - Optimizer AdamW (model_part=1): 28 params [.*] {'lr': 0.0008, 'betas': (0.9, 0.95), 'eps': 1e-08, 'weight_decay': 0.1, 'foreach': None, 'fused': True}
[rank1]:[titan] 2026-09-30 16:16:06,226 - torchtitan.observability.metrics - WARNING - [31mPipeline Parallel loss is not visible. Please add [33mrank 3[31m to LOG_RANK environment variable in run_train.sh.[39m
[rank2]:[titan] 2026-09-30 16:16:06,216 - torchtitan.training_engine - INFO - Model KimiK3Model.Config size: 12,059,226,240 total parameters
[rank3]:[titan] 2026-09-30 16:16:06,194 - torchtitan.components.optimizer.optimizer - INFO - Optimizer AdamW (model_part=2): 28 params [.*] {'lr': 0.0008, 'betas': (0.9, 0.95), 'eps': 1e-08, 'weight_decay': 0.1, 'foreach': None, 'fused': True}
[rank1]:[titan] 2026-09-30 16:16:06,226 - torchtitan.trainer - INFO - Peak FLOPS used for computing MFU: 9.890e+14
[rank2]:[titan] 2026-09-30 16:16:06,217 - torchtitan.components.optimizer.optimizer - INFO - Optimizer AdamW (model_part=0): 50 params [.*] {'lr': 0.0008, 'betas': (0.9, 0.95), 'eps': 1e-08, 'weight_decay': 0.1, 'foreach': None, 'fused': True}
[rank3]:[titan] 2026-09-30 16:16:06,194 - torchtitan.components.optimizer.optimizer - INFO - Optimizer AdamW (model_part=3): 4 params [.*] {'lr': 0.0008, 'betas': (0.9, 0.95), 'eps': 1e-08, 'weight_decay': 0.1, 'foreach': None, 'fused': True}
[rank1]:[titan] 2026-09-30 16:16:06,226 - torchtitan.trainer - INFO - CUDA memory usage for model: 6.82GiB(8.61%)
[rank2]:[titan] 2026-09-30 16:16:06,218 - torchtitan.components.optimizer.optimizer - INFO - Optimizer AdamW (model_part=1): 28 params [.*] {'lr': 0.0008, 'betas': (0.9, 0.95), 'eps': 1e-08, 'weight_decay': 0.1, 'foreach': None, 'fused': True}
[rank3]:[titan] 2026-09-30 16:16:06,195 - torchtitan.observability.metrics - WARNING - [31mPipeline Parallel loss is not visible. Please add [33mrank 3[31m to LOG_RANK environment variable in run_train.sh.[39m
[rank1]:[titan] 2026-09-30 16:16:06,226 - torchtitan.trainer - INFO - Trainer is initialized with 65536 tokens per DP rank, 65536 tokens per train step, gradient accumulation steps 1, maximum context length 4096, total steps 20 (warmup 2)
[rank2]:[titan] 2026-09-30 16:16:06,218 - torchtitan.components.optimizer.optimizer - INFO - Optimizer AdamW (model_part=2): 28 params [.*] {'lr': 0.0008, 'betas': (0.9, 0.95), 'eps': 1e-08, 'weight_decay': 0.1, 'foreach': None, 'fused': True}
[rank3]:[titan] 2026-09-30 16:16:06,195 - torchtitan.trainer - INFO - Peak FLOPS used for computing MFU: 9.890e+14
[rank1]:[titan] 2026-09-30 16:16:06,227 - torchtitan.trainer - INFO - Training starts at step 1
[rank2]:[titan] 2026-09-30 16:16:06,218 - torchtitan.components.optimizer.optimizer - INFO - Optimizer AdamW (model_part=3): 22 params [.*] {'lr': 0.0008, 'betas': (0.9, 0.95), 'eps': 1e-08, 'weight_decay': 0.1, 'foreach': None, 'fused': True}
[rank3]:[titan] 2026-09-30 16:16:06,195 - torchtitan.trainer - INFO - CUDA memory usage for model: 5.28GiB(6.66%)
[rank2]:[titan] 2026-09-30 16:16:06,219 - torchtitan.observability.metrics - WARNING - [31mPipeline Parallel loss is not visible. Please add [33mrank 3[31m to LOG_RANK environment variable in run_train.sh.[39m
[rank2]:[titan] 2026-09-30 16:16:06,219 - torchtitan.trainer - INFO - Peak FLOPS used for computing MFU: 9.890e+14
[rank2]:[titan] 2026-09-30 16:16:06,219 - torchtitan.trainer - INFO - CUDA memory usage for model: 7.25GiB(9.16%)
[rank2]:[titan] 2026-09-30 16:16:06,219 - torchtitan.trainer - INFO - Trainer is initialized with 65536 tokens per DP rank, 65536 tokens per train step, gradient accumulation steps 1, maximum context length 4096, total steps 20 (warmup 2)
[rank3]:[titan] 2026-09-30 16:16:06,195 - torchtitan.trainer - INFO - Trainer is initialized with 65536 tokens per DP rank, 65536 tokens per train step, gradient accumulation steps 1, maximum context length 4096, total steps 20 (warmup 2)
[rank2]:[titan] 2026-09-30 16:16:06,220 - torchtitan.trainer - INFO - Training starts at step 1
[rank3]:[titan] 2026-09-30 16:16:06,195 - torchtitan.trainer - INFO - Training starts at step 1
[rank0]:[titan] 2026-09-30 16:16:06,324 - torchtitan.training_engine - INFO - Model KimiK3Model.Config size: 12,059,226,240 total parameters
[rank0]:[titan] 2026-09-30 16:16:06,326 - torchtitan.components.optimizer.optimizer - INFO - Optimizer AdamW (model_part=0): 243 params [.*] {'lr': 0.0008, 'betas': (0.9, 0.95), 'eps': 1e-08, 'weight_decay': 0.1, 'foreach': None, 'fused': True}
[rank0]:[titan] 2026-09-30 16:16:06,326 - torchtitan.components.optimizer.optimizer - INFO - Optimizer AdamW (model_part=1): 28 params [.*] {'lr': 0.0008, 'betas': (0.9, 0.95), 'eps': 1e-08, 'weight_decay': 0.1, 'foreach': None, 'fused': True}
[rank0]:[titan] 2026-09-30 16:16:06,327 - torchtitan.components.optimizer.optimizer - INFO - Optimizer AdamW (model_part=2): 28 params [.*] {'lr': 0.0008, 'betas': (0.9, 0.95), 'eps': 1e-08, 'weight_decay': 0.1, 'foreach': None, 'fused': True}
[rank0]:[titan] 2026-09-30 16:16:06,327 - torchtitan.components.optimizer.optimizer - INFO - Optimizer AdamW (model_part=3): 28 params [.*] {'lr': 0.0008, 'betas': (0.9, 0.95), 'eps': 1e-08, 'weight_decay': 0.1, 'foreach': None, 'fused': True}
[rank0]:[titan] 2026-09-30 16:16:06,329 - torchtitan.observability.metrics - WARNING - [31mPipeline Parallel loss is not visible. Please add [33mrank 3[31m to LOG_RANK environment variable in run_train.sh.[39m
[rank0]:[titan] 2026-09-30 16:16:06,329 - torchtitan.trainer - INFO - Peak FLOPS used for computing MFU: 9.890e+14
[rank0]:[titan] 2026-09-30 16:16:06,329 - torchtitan.trainer - INFO - CUDA memory usage for model: 7.27GiB(9.18%)
[rank0]:[titan] 2026-09-30 16:16:06,329 - torchtitan.trainer - INFO - Trainer is initialized with 65536 tokens per DP rank, 65536 tokens per train step, gradient accumulation steps 1, maximum context length 4096, total steps 20 (warmup 2)
[rank0]:[titan] 2026-09-30 16:16:06,329 - torchtitan.trainer - INFO - Training starts at step 1
[rank3]:[titan] 2026-09-30 16:16:41,563 - torchtitan.models.kimi_k3.pipeline_parallel.vision_dep - INFO - vision_dep: 13 micro-batch(es) with images; encodes 13 before the schedule, 0 in idle slots; backwards 0 in idle slots, 13 after it
[rank2]:[titan] 2026-09-30 16:16:41,570 - torchtitan.models.kimi_k3.pipeline_parallel.vision_dep - INFO - vision_dep: 13 micro-batch(es) with images; encodes 13 before the schedule, 0 in idle slots; backwards 0 in idle slots, 13 after it
[rank1]:[titan] 2026-09-30 16:16:41,565 - torchtitan.models.kimi_k3.pipeline_parallel.vision_dep - INFO - vision_dep: 13 micro-batch(es) with images; encodes 13 before the schedule, 0 in idle slots; backwards 0 in idle slots, 13 after it
[rank0]:[titan] 2026-09-30 16:16:41,573 - torchtitan.models.kimi_k3.pipeline_parallel.vision_dep - INFO - vision_dep: 13 micro-batch(es) with images; encodes 13 before the schedule, 0 in idle slots; backwards 0 in idle slots, 13 after it
[rank1]:/root/mep/venv_src/lib/python3.12/site-packages/torch/distributed/fsdp/_fully_shard/_fsdp_state.py:336: UserWarning: FSDP2-wrapped module (FSDPCheckpointWrapper) returned a view tensor. An in-place op on this view (e.g., `x += y`) will silently drop the pre-backward hook and skip the all-gather, which can cause backward to fail or produce wrong gradients. Use out-of-place ops (`out = out + y`, not `out += y`) or `.clone()` the output before any in-place op.
[rank1]:  output = self._register_pre_backward_hook(output)
[rank1]:/root/mep/venv_src/lib/python3.12/site-packages/torch/distributed/fsdp/_fully_shard/_fsdp_state.py:336: UserWarning: FSDP2-wrapped module (FSDPKimiK3Model) returned a view tensor. An in-place op on this view (e.g., `x += y`) will silently drop the pre-backward hook and skip the all-gather, which can cause backward to fail or produce wrong gradients. Use out-of-place ops (`out = out + y`, not `out += y`) or `.clone()` the output before any in-place op.
[rank1]:  output = self._register_pre_backward_hook(output)
[rank2]:/root/mep/venv_src/lib/python3.12/site-packages/torch/distributed/fsdp/_fully_shard/_fsdp_state.py:336: UserWarning: FSDP2-wrapped module (FSDPCheckpointWrapper) returned a view tensor. An in-place op on this view (e.g., `x += y`) will silently drop the pre-backward hook and skip the all-gather, which can cause backward to fail or produce wrong gradients. Use out-of-place ops (`out = out + y`, not `out += y`) or `.clone()` the output before any in-place op.
[rank2]:  output = self._register_pre_backward_hook(output)
[rank3]:/root/mep/venv_src/lib/python3.12/site-packages/torch/distributed/fsdp/_fully_shard/_fsdp_state.py:336: UserWarning: FSDP2-wrapped module (FSDPCheckpointWrapper) returned a view tensor. An in-place op on this view (e.g., `x += y`) will silently drop the pre-backward hook and skip the all-gather, which can cause backward to fail or produce wrong gradients. Use out-of-place ops (`out = out + y`, not `out += y`) or `.clone()` the output before any in-place op.
[rank3]:  output = self._register_pre_backward_hook(output)
[rank3]:/root/mep/venv_src/lib/python3.12/site-packages/torch/distributed/fsdp/_fully_shard/_fsdp_state.py:336: UserWarning: FSDP2-wrapped module (FSDPKimiK3Model) returned a view tensor. An in-place op on this view (e.g., `x += y`) will silently drop the pre-backward hook and skip the all-gather, which can cause backward to fail or produce wrong gradients. Use out-of-place ops (`out = out + y`, not `out += y`) or `.clone()` the output before any in-place op.
[rank3]:  output = self._register_pre_backward_hook(output)
[rank0]:/root/mep/venv_src/lib/python3.12/site-packages/torch/distributed/fsdp/_fully_shard/_fsdp_state.py:336: UserWarning: FSDP2-wrapped module (FSDPCheckpointWrapper) returned a view tensor. An in-place op on this view (e.g., `x += y`) will silently drop the pre-backward hook and skip the all-gather, which can cause backward to fail or produce wrong gradients. Use out-of-place ops (`out = out + y`, not `out += y`) or `.clone()` the output before any in-place op.
[rank0]:  output = self._register_pre_backward_hook(output)
[rank0]:/root/mep/venv_src/lib/python3.12/site-packages/torch/distributed/fsdp/_fully_shard/_fsdp_state.py:336: UserWarning: FSDP2-wrapped module (FSDPKimiK3Model) returned a view tensor. An in-place op on this view (e.g., `x += y`) will silently drop the pre-backward hook and skip the all-gather, which can cause backward to fail or produce wrong gradients. Use out-of-place ops (`out = out + y`, not `out += y`) or `.clone()` the output before any in-place op.
[rank0]:  output = self._register_pre_backward_hook(output)
[rank1]:/root/mep/venv_src/lib/python3.12/site-packages/torch/distributed/fsdp/_fully_shard/_fsdp_state.py:336: UserWarning: FSDP2-wrapped module (FSDPCheckpointWrapper) returned a view tensor. An in-place op on this view (e.g., `x += y`) will silently drop the pre-backward hook and skip the all-gather, which can cause backward to fail or produce wrong gradients. Use out-of-place ops (`out = out + y`, not `out += y`) or `.clone()` the output before any in-place op.
[rank1]:  output = self._register_pre_backward_hook(output)
[rank1]:/root/mep/venv_src/lib/python3.12/site-packages/torch/distributed/fsdp/_fully_shard/_fsdp_state.py:336: UserWarning: FSDP2-wrapped module (FSDPKimiK3Model) returned a view tensor. An in-place op on this view (e.g., `x += y`) will silently drop the pre-backward hook and skip the all-gather, which can cause backward to fail or produce wrong gradients. Use out-of-place ops (`out = out + y`, not `out += y`) or `.clone()` the output before any in-place op.
[rank1]:  output = self._register_pre_backward_hook(output)
[rank2]:[titan] 2026-09-30 16:17:01,860 - torchtitan.observability.metrics - INFO - [31mstep:  1  [32mloss: -1.00000  [38;2;180;60;0mgrad_norm: 39.5000  [38;2;54;234;195mmemory: 69.41GiB(87.63%)  [34mtps: 281  [36mtflops: 15.62  [35mmfu: 1.58%[39m
[rank1]:[titan] 2026-09-30 16:17:01,851 - torchtitan.observability.metrics - INFO - [31mstep:  1  [32mloss: -1.00000  [38;2;180;60;0mgrad_norm: 39.5000  [38;2;54;234;195mmemory: 60.46GiB(76.33%)  [34mtps: 281  [36mtflops: 15.63  [35mmfu: 1.58%[39m
[rank3]:[titan] 2026-09-30 16:17:01,810 - torchtitan.observability.metrics - INFO - [31mstep:  1  [32mloss:  8.09126  [38;2;180;60;0mgrad_norm: 39.5000  [38;2;54;234;195mmemory: 63.26GiB(79.86%)  [34mtps: 282  [36mtflops: 15.64  [35mmfu: 1.58%[39m
[rank1]:[titan] 2026-09-30 16:17:01,865 - torchtitan.distributed.utils - INFO - Synchronizing and adjusting timeout for all ProcessGroups to 0:01:40
[rank3]:[titan] 2026-09-30 16:17:01,826 - torchtitan.distributed.utils - INFO - Synchronizing and adjusting timeout for all ProcessGroups to 0:01:40
[rank2]:[titan] 2026-09-30 16:17:01,878 - torchtitan.distributed.utils - INFO - Synchronizing and adjusting timeout for all ProcessGroups to 0:01:40
[rank0]:[titan] 2026-09-30 16:17:02,161 - torchtitan.observability.metrics - INFO - [31mstep:  1  [32mloss: -1.00000  [38;2;180;60;0mgrad_norm: 39.5000  [38;2;54;234;195mmemory: 67.50GiB(85.21%)  [34mtps: 280  [36mtflops: 15.55  [35mmfu: 1.57%[39m
[rank0]:[titan] 2026-09-30 16:17:02,161 - torchtitan.distributed.utils - INFO - Synchronizing and adjusting timeout for all ProcessGroups to 0:01:40
[rank1]:/root/mep/venv_src/lib/python3.12/site-packages/torch/distributed/fsdp/_fully_shard/_fsdp_state.py:336: UserWarning: FSDP2-wrapped module (FSDPCheckpointWrapper) returned a view tensor. An in-place op on this view (e.g., `x += y`) will silently drop the pre-backward hook and skip the all-gather, which can cause backward to fail or produce wrong gradients. Use out-of-place ops (`out = out + y`, not `out += y`) or `.clone()` the output before any in-place op.
[rank1]:  output = self._register_pre_backward_hook(output)
[rank1]:/root/mep/venv_src/lib/python3.12/site-packages/torch/distributed/fsdp/_fully_shard/_fsdp_state.py:336: UserWarning: FSDP2-wrapped module (FSDPKimiK3Model) returned a view tensor. An in-place op on this view (e.g., `x += y`) will silently drop the pre-backward hook and skip the all-gather, which can cause backward to fail or produce wrong gradients. Use out-of-place ops (`out = out + y`, not `out += y`) or `.clone()` the output before any in-place op.
[rank1]:  output = self._register_pre_backward_hook(output)
[rank2]:/root/mep/venv_src/lib/python3.12/site-packages/torch/distributed/fsdp/_fully_shard/_fsdp_state.py:336: UserWarning: FSDP2-wrapped module (FSDPCheckpointWrapper) returned a view tensor. An in-place op on this view (e.g., `x += y`) will silently drop the pre-backward hook and skip the all-gather, which can cause backward to fail or produce wrong gradients. Use out-of-place ops (`out = out + y`, not `out += y`) or `.clone()` the output before any in-place op.
[rank2]:  output = self._register_pre_backward_hook(output)
[rank3]:/root/mep/venv_src/lib/python3.12/site-packages/torch/distributed/fsdp/_fully_shard/_fsdp_state.py:336: UserWarning: FSDP2-wrapped module (FSDPCheckpointWrapper) returned a view tensor. An in-place op on this view (e.g., `x += y`) will silently drop the pre-backward hook and skip the all-gather, which can cause backward to fail or produce wrong gradients. Use out-of-place ops (`out = out + y`, not `out += y`) or `.clone()` the output before any in-place op.
[rank3]:  output = self._register_pre_backward_hook(output)
[rank3]:/root/mep/venv_src/lib/python3.12/site-packages/torch/distributed/fsdp/_fully_shard/_fsdp_state.py:336: UserWarning: FSDP2-wrapped module (FSDPKimiK3Model) returned a view tensor. An in-place op on this view (e.g., `x += y`) will silently drop the pre-backward hook and skip the all-gather, which can cause backward to fail or produce wrong gradients. Use out-of-place ops (`out = out + y`, not `out += y`) or `.clone()` the output before any in-place op.
[rank3]:  output = self._register_pre_backward_hook(output)
[rank0]:[rank0]:[W930 16:17:06.733170510 CUDACachingAllocator.cpp:623] expandable_segments: memory mapping failed with OOM on device 0 while trying to map 20971520 bytes (free: 2162688, total: 85049802752).
[rank2]:[rank2]:[W930 16:17:07.287716413 CUDACachingAllocator.cpp:623] expandable_segments: memory mapping failed with OOM on device 2 while trying to map 20971520 bytes (free: 4980736, total: 85049802752).
[rank0]:[rank0]:[W930 16:17:09.130116475 CUDACachingAllocator.cpp:623] expandable_segments: memory mapping failed with OOM on device 0 while trying to map 20971520 bytes (free: 21037056, total: 85049802752).
[rank2]:[rank2]:[W930 16:17:10.775273321 CUDACachingAllocator.cpp:623] expandable_segments: memory mapping failed with OOM on device 2 while trying to map 20971520 bytes (free: 4980736, total: 85049802752).
[rank2]:[titan] 2026-09-30 16:17:12,899 - torchtitan.observability.metrics - WARNING - 2 CUDA memory allocation retries.
[rank1]:[titan] 2026-09-30 16:17:12,898 - torchtitan.observability.metrics - INFO - [31mstep:  2  [32mloss: -1.00000  [38;2;180;60;0mgrad_norm: 74.5000  [38;2;54;234;195mmemory: 70.50GiB(89.01%)  [34mtps: 1,483  [36mtflops: 82.38  [35mmfu: 8.33%[39m
[rank2]:[titan] 2026-09-30 16:17:12,899 - torchtitan.observability.metrics - INFO - [31mstep:  2  [32mloss: -1.00000  [38;2;180;60;0mgrad_norm: 74.5000  [38;2;54;234;195mmemory: 74.51GiB(94.07%)  [34mtps: 1,484  [36mtflops: 82.44  [35mmfu: 8.34%[39m
[rank3]:[titan] 2026-09-30 16:17:12,892 - torchtitan.observability.metrics - INFO - [31mstep:  2  [32mloss:  6.53460  [38;2;180;60;0mgrad_norm: 74.5000  [38;2;54;234;195mmemory: 67.32GiB(84.99%)  [34mtps: 1,479  [36mtflops: 82.12  [35mmfu: 8.30%[39m
[rank0]:[titan] 2026-09-30 16:17:12,899 - torchtitan.observability.metrics - WARNING - 2 CUDA memory allocation retries.
[rank0]:[titan] 2026-09-30 16:17:12,899 - torchtitan.observability.metrics - INFO - [31mstep:  2  [32mloss: -1.00000  [38;2;180;60;0mgrad_norm: 74.5000  [38;2;54;234;195mmemory: 72.23GiB(91.19%)  [34mtps: 1,526  [36mtflops: 84.75  [35mmfu: 8.57%[39m
[rank2]:/root/mep/venv_src/lib/python3.12/site-packages/torch/distributed/fsdp/_fully_shard/_fsdp_state.py:336: UserWarning: FSDP2-wrapped module (FSDPCheckpointWrapper) returned a view tensor. An in-place op on this view (e.g., `x += y`) will silently drop the pre-backward hook and skip the all-gather, which can cause backward to fail or produce wrong gradients. Use out-of-place ops (`out = out + y`, not `out += y`) or `.clone()` the output before any in-place op.
[rank2]:  output = self._register_pre_backward_hook(output)
[rank3]:/root/mep/venv_src/lib/python3.12/site-packages/torch/distributed/fsdp/_fully_shard/_fsdp_state.py:336: UserWarning: FSDP2-wrapped module (FSDPCheckpointWrapper) returned a view tensor. An in-place op on this view (e.g., `x += y`) will silently drop the pre-backward hook and skip the all-gather, which can cause backward to fail or produce wrong gradients. Use out-of-place ops (`out = out + y`, not `out += y`) or `.clone()` the output before any in-place op.
[rank3]:  output = self._register_pre_backward_hook(output)
[rank3]:/root/mep/venv_src/lib/python3.12/site-packages/torch/distributed/fsdp/_fully_shard/_fsdp_state.py:336: UserWarning: FSDP2-wrapped module (FSDPKimiK3Model) returned a view tensor. An in-place op on this view (e.g., `x += y`) will silently drop the pre-backward hook and skip the all-gather, which can cause backward to fail or produce wrong gradients. Use out-of-place ops (`out = out + y`, not `out += y`) or `.clone()` the output before any in-place op.
[rank3]:  output = self._register_pre_backward_hook(output)
[rank0]:[rank0]:[W930 16:17:15.060817485 CUDACachingAllocator.cpp:623] expandable_segments: memory mapping failed with OOM on device 0 while trying to map 20971520 bytes (free: 2162688, total: 85049802752).
[rank0]:[rank0]:[W930 16:17:18.124658531 CUDACachingAllocator.cpp:623] expandable_segments: memory mapping failed with OOM on device 0 while trying to map 20971520 bytes (free: 21037056, total: 85049802752).
[rank2]:[rank2]:[W930 16:17:18.246667597 CUDACachingAllocator.cpp:623] expandable_segments: memory mapping failed with OOM on device 2 while trying to map 20971520 bytes (free: 2883584, total: 85049802752).
[rank2]:[titan] 2026-09-30 16:17:20,291 - torchtitan.observability.metrics - WARNING - 3 CUDA memory allocation retries.
[rank1]:[titan] 2026-09-30 16:17:20,290 - torchtitan.observability.metrics - INFO - [31mstep:  3  [32mloss: -1.00000  [38;2;180;60;0mgrad_norm: 73.5000  [38;2;54;234;195mmemory: 70.50GiB(89.01%)  [34mtps: 2,217  [36mtflops: 123.11  [35mmfu: 12.45%[39m
[rank2]:[titan] 2026-09-30 16:17:20,291 - torchtitan.observability.metrics - INFO - [31mstep:  3  [32mloss: -1.00000  [38;2;180;60;0mgrad_norm: 73.5000  [38;2;54;234;195mmemory: 74.22GiB(93.70%)  [34mtps: 2,216  [36mtflops: 123.10  [35mmfu: 12.45%[39m
[rank3]:[titan] 2026-09-30 16:17:20,284 - torchtitan.observability.metrics - INFO - [31mstep:  3  [32mloss:  7.52649  [38;2;180;60;0mgrad_norm: 73.5000  [38;2;54;234;195mmemory: 67.32GiB(84.99%)  [34mtps: 2,216  [36mtflops: 123.10  [35mmfu: 12.45%[39m
[rank0]:[titan] 2026-09-30 16:17:20,291 - torchtitan.observability.metrics - WARNING - 4 CUDA memory allocation retries.
[rank0]:[titan] 2026-09-30 16:17:20,291 - torchtitan.observability.metrics - INFO - [31mstep:  3  [32mloss: -1.00000  [38;2;180;60;0mgrad_norm: 73.5000  [38;2;54;234;195mmemory: 72.21GiB(91.16%)  [34mtps: 2,217  [36mtflops: 123.11  [35mmfu: 12.45%[39m
[rank0]:[rank0]:[W930 16:17:23.559810203 CUDACachingAllocator.cpp:623] expandable_segments: memory mapping failed with OOM on device 0 while trying to map 20971520 bytes (free: 2162688, total: 85049802752).
[rank2]:[rank2]:[W930 16:17:25.224849776 CUDACachingAllocator.cpp:623] expandable_segments: memory mapping failed with OOM on device 2 while trying to map 20971520 bytes (free: 2883584, total: 85049802752).
[rank0]:[rank0]:[W930 16:17:26.872329971 CUDACachingAllocator.cpp:623] expandable_segments: memory mapping failed with OOM on device 0 while trying to map 20971520 bytes (free: 21037056, total: 85049802752).
[rank2]:[rank2]:[W930 16:17:27.766875679 CUDACachingAllocator.cpp:623] expandable_segments: memory mapping failed with OOM on device 2 while trying to map 20971520 bytes (free: 4980736, total: 85049802752).
[rank3]:[titan] 2026-09-30 16:17:28,356 - torchtitan.observability.metrics - INFO - [31mstep:  4  [32mloss:  8.09975  [38;2;180;60;0mgrad_norm: 684.0000  [38;2;54;234;195mmemory: 67.32GiB(84.99%)  [34mtps: 2,030  [36mtflops: 112.74  [35mmfu: 11.40%[39m
[rank0]:[titan] 2026-09-30 16:17:28,363 - torchtitan.observability.metrics - WARNING - 6 CUDA memory allocation retries.
[rank0]:[titan] 2026-09-30 16:17:28,363 - torchtitan.observability.metrics - INFO - [31mstep:  4  [32mloss: -1.00000  [38;2;180;60;0mgrad_norm: 684.0000  [38;2;54;234;195mmemory: 72.01GiB(90.92%)  [34mtps: 2,030  [36mtflops: 112.74  [35mmfu: 11.40%[39m
[rank1]:[titan] 2026-09-30 16:17:28,362 - torchtitan.observability.metrics - INFO - [31mstep:  4  [32mloss: -1.00000  [38;2;180;60;0mgrad_norm: 684.0000  [38;2;54;234;195mmemory: 70.50GiB(89.01%)  [34mtps: 2,030  [36mtflops: 112.74  [35mmfu: 11.40%[39m
[rank2]:[titan] 2026-09-30 16:17:28,363 - torchtitan.observability.metrics - WARNING - 5 CUDA memory allocation retries.
[rank2]:[titan] 2026-09-30 16:17:28,363 - torchtitan.observability.metrics - INFO - [31mstep:  4  [32mloss: -1.00000  [38;2;180;60;0mgrad_norm: 684.0000  [38;2;54;234;195mmemory: 73.12GiB(92.32%)  [34mtps: 2,030  [36mtflops: 112.74  [35mmfu: 11.40%[39m
[rank0]:[rank0]:[W930 16:17:30.424164085 CUDACachingAllocator.cpp:623] expandable_segments: memory mapping failed with OOM on device 0 while trying to map 20971520 bytes (free: 2162688, total: 85049802752).
[rank2]:[rank2]:[W930 16:17:33.389816981 CUDACachingAllocator.cpp:623] expandable_segments: memory mapping failed with OOM on device 2 while trying to map 20971520 bytes (free: 2883584, total: 85049802752).
[rank0]:[rank0]:[W930 16:17:33.481124036 CUDACachingAllocator.cpp:623] expandable_segments: memory mapping failed with OOM on device 0 while trying to map 20971520 bytes (free: 21037056, total: 85049802752).
[rank1]:[titan] 2026-09-30 16:17:35,523 - torchtitan.observability.metrics - INFO - [31mstep:  5  [32mloss: -1.00000  [38;2;180;60;0mgrad_norm: 616.0000  [38;2;54;234;195mmemory: 70.50GiB(89.01%)  [34mtps: 2,288  [36mtflops: 127.06  [35mmfu: 12.85%[39m
[rank2]:[titan] 2026-09-30 16:17:35,525 - torchtitan.observability.metrics - WARNING - 6 CUDA memory allocation retries.
[rank2]:[titan] 2026-09-30 16:17:35,525 - torchtitan.observability.metrics - INFO - [31mstep:  5  [32mloss: -1.00000  [38;2;180;60;0mgrad_norm: 616.0000  [38;2;54;234;195mmemory: 74.29GiB(93.80%)  [34mtps: 2,288  [36mtflops: 127.06  [35mmfu: 12.85%[39m
[rank3]:[titan] 2026-09-30 16:17:35,518 - torchtitan.observability.metrics - INFO - [31mstep:  5  [32mloss:  7.83076  [38;2;180;60;0mgrad_norm: 616.0000  [38;2;54;234;195mmemory: 67.32GiB(84.99%)  [34mtps: 2,288  [36mtflops: 127.06  [35mmfu: 12.85%[39m
[rank0]:[titan] 2026-09-30 16:17:35,525 - torchtitan.observability.metrics - WARNING - 8 CUDA memory allocation retries.
[rank0]:[titan] 2026-09-30 16:17:35,525 - torchtitan.observability.metrics - INFO - [31mstep:  5  [32mloss: -1.00000  [38;2;180;60;0mgrad_norm: 616.0000  [38;2;54;234;195mmemory: 71.93GiB(90.82%)  [34mtps: 2,288  [36mtflops: 127.07  [35mmfu: 12.85%[39m
[rank0]:[rank0]:[W930 16:17:38.627041744 CUDACachingAllocator.cpp:623] expandable_segments: memory mapping failed with OOM on device 0 while trying to map 20971520 bytes (free: 2162688, total: 85049802752).
[rank2]:[rank2]:[W930 16:17:39.158551091 CUDACachingAllocator.cpp:623] expandable_segments: memory mapping failed with OOM on device 2 while trying to map 20971520 bytes (free: 2883584, total: 85049802752).
[rank0]:[rank0]:[W930 16:17:41.782226805 CUDACachingAllocator.cpp:623] expandable_segments: memory mapping failed with OOM on device 0 while trying to map 20971520 bytes (free: 21037056, total: 85049802752).
[rank2]:[rank2]:[W930 16:17:41.421166204 CUDACachingAllocator.cpp:623] expandable_segments: memory mapping failed with OOM on device 2 while trying to map 20971520 bytes (free: 2883584, total: 85049802752).
[rank1]:[titan] 2026-09-30 16:17:42,927 - torchtitan.observability.metrics - INFO - [31mstep:  6  [32mloss: -1.00000  [38;2;180;60;0mgrad_norm: 113.0000  [38;2;54;234;195mmemory: 70.50GiB(89.01%)  [34mtps: 2,213  [36mtflops: 122.92  [35mmfu: 12.43%[39m
[rank3]:[titan] 2026-09-30 16:17:42,922 - torchtitan.observability.metrics - INFO - [31mstep:  6  [32mloss:  6.44901  [38;2;180;60;0mgrad_norm: 113.0000  [38;2;54;234;195mmemory: 67.32GiB(84.99%)  [34mtps: 2,213  [36mtflops: 122.92  [35mmfu: 12.43%[39m
[rank2]:[titan] 2026-09-30 16:17:42,928 - torchtitan.observability.metrics - WARNING - 8 CUDA memory allocation retries.
[rank2]:[titan] 2026-09-30 16:17:42,928 - torchtitan.observability.metrics - INFO - [31mstep:  6  [32mloss: -1.00000  [38;2;180;60;0mgrad_norm: 113.0000  [38;2;54;234;195mmemory: 74.45GiB(93.99%)  [34mtps: 2,213  [36mtflops: 122.92  [35mmfu: 12.43%[39m
[rank0]:[titan] 2026-09-30 16:17:42,928 - torchtitan.observability.metrics - WARNING - 10 CUDA memory allocation retries.
[rank0]:[titan] 2026-09-30 16:17:42,928 - torchtitan.observability.metrics - INFO - [31mstep:  6  [32mloss: -1.00000  [38;2;180;60;0mgrad_norm: 113.0000  [38;2;54;234;195mmemory: 72.11GiB(91.04%)  [34mtps: 2,213  [36mtflops: 122.92  [35mmfu: 12.43%[39m
[rank0]:[rank0]:[W930 16:17:46.605796488 CUDACachingAllocator.cpp:623] expandable_segments: memory mapping failed with OOM on device 0 while trying to map 20971520 bytes (free: 2162688, total: 85049802752).
[rank2]:[rank2]:[W930 16:17:49.612665736 CUDACachingAllocator.cpp:623] expandable_segments: memory mapping failed with OOM on device 2 while trying to map 20971520 bytes (free: 2883584, total: 85049802752).
[rank0]:[rank0]:[W930 16:17:49.749625557 CUDACachingAllocator.cpp:623] expandable_segments: memory mapping failed with OOM on device 0 while trying to map 20971520 bytes (free: 21037056, total: 85049802752).
[rank2]:[titan] 2026-09-30 16:17:51,148 - torchtitan.observability.metrics - WARNING - 9 CUDA memory allocation retries.
[rank1]:[titan] 2026-09-30 16:17:51,146 - torchtitan.observability.metrics - INFO - [31mstep:  7  [32mloss: -1.00000  [38;2;180;60;0mgrad_norm: 126.0000  [38;2;54;234;195mmemory: 70.50GiB(89.01%)  [34mtps: 1,993  [36mtflops: 110.71  [35mmfu: 11.19%[39m
[rank3]:[titan] 2026-09-30 16:17:51,141 - torchtitan.observability.metrics - INFO - [31mstep:  7  [32mloss:  7.56016  [38;2;180;60;0mgrad_norm: 126.0000  [38;2;54;234;195mmemory: 67.32GiB(84.99%)  [34mtps: 1,994  [36mtflops: 110.72  [35mmfu: 11.20%[39m
[rank2]:[titan] 2026-09-30 16:17:51,148 - torchtitan.observability.metrics - INFO - [31mstep:  7  [32mloss: -1.00000  [38;2;180;60;0mgrad_norm: 126.0000  [38;2;54;234;195mmemory: 74.12GiB(93.57%)  [34mtps: 1,993  [36mtflops: 110.72  [35mmfu: 11.19%[39m
[rank0]:[titan] 2026-09-30 16:17:51,147 - torchtitan.observability.metrics - WARNING - 12 CUDA memory allocation retries.
[rank0]:[titan] 2026-09-30 16:17:51,147 - torchtitan.observability.metrics - INFO - [31mstep:  7  [32mloss: -1.00000  [38;2;180;60;0mgrad_norm: 126.0000  [38;2;54;234;195mmemory: 72.23GiB(91.19%)  [34mtps: 1,993  [36mtflops: 110.72  [35mmfu: 11.19%[39m
[rank0]:[rank0]:[W930 16:17:53.263691616 CUDACachingAllocator.cpp:623] expandable_segments: memory mapping failed with OOM on device 0 while trying to map 20971520 bytes (free: 2162688, total: 85049802752).
[rank2]:[rank2]:[W930 16:17:55.818219580 CUDACachingAllocator.cpp:623] expandable_segments: memory mapping failed with OOM on device 2 while trying to map 20971520 bytes (free: 2883584, total: 85049802752).
[rank0]:[rank0]:[W930 16:17:56.440871006 CUDACachingAllocator.cpp:623] expandable_segments: memory mapping failed with OOM on device 0 while trying to map 20971520 bytes (free: 21037056, total: 85049802752).
[rank2]:[rank2]:[W930 16:17:57.061895198 CUDACachingAllocator.cpp:623] expandable_segments: memory mapping failed with OOM on device 2 while trying to map 20971520 bytes (free: 2883584, total: 85049802752).
[rank3]:[titan] 2026-09-30 16:17:58,618 - torchtitan.observability.metrics - INFO - [31mstep:  8  [32mloss:  6.46044  [38;2;180;60;0mgrad_norm: 32.2500  [38;2;54;234;195mmemory: 67.32GiB(84.99%)  [34mtps: 2,191  [36mtflops: 121.71  [35mmfu: 12.31%[39m
[rank0]:[titan] 2026-09-30 16:17:58,624 - torchtitan.observability.metrics - WARNING - 14 CUDA memory allocation retries.
[rank0]:[titan] 2026-09-30 16:17:58,624 - torchtitan.observability.metrics - INFO - [31mstep:  8  [32mloss: -1.00000  [38;2;180;60;0mgrad_norm: 32.2500  [38;2;54;234;195mmemory: 72.03GiB(90.94%)  [34mtps: 2,191  [36mtflops: 121.71  [35mmfu: 12.31%[39m
[rank2]:[titan] 2026-09-30 16:17:58,625 - torchtitan.observability.metrics - WARNING - 11 CUDA memory allocation retries.
[rank1]:[titan] 2026-09-30 16:17:58,623 - torchtitan.observability.metrics - INFO - [31mstep:  8  [32mloss: -1.00000  [38;2;180;60;0mgrad_norm: 32.2500  [38;2;54;234;195mmemory: 70.50GiB(89.01%)  [34mtps: 2,191  [36mtflops: 121.71  [35mmfu: 12.31%[39m
[rank2]:[titan] 2026-09-30 16:17:58,625 - torchtitan.observability.metrics - INFO - [31mstep:  8  [32mloss: -1.00000  [38;2;180;60;0mgrad_norm: 32.2500  [38;2;54;234;195mmemory: 74.47GiB(94.02%)  [34mtps: 2,191  [36mtflops: 121.71  [35mmfu: 12.31%[39m
[rank0]:[rank0]:[W930 16:18:01.758280912 CUDACachingAllocator.cpp:623] expandable_segments: memory mapping failed with OOM on device 0 while trying to map 20971520 bytes (free: 2162688, total: 85049802752).
[rank2]:[rank2]:[W930 16:18:04.712962430 CUDACachingAllocator.cpp:623] expandable_segments: memory mapping failed with OOM on device 2 while trying to map 20971520 bytes (free: 2883584, total: 85049802752).
[rank0]:[rank0]:[W930 16:18:04.816180249 CUDACachingAllocator.cpp:623] expandable_segments: memory mapping failed with OOM on device 0 while trying to map 20971520 bytes (free: 21037056, total: 85049802752).
[rank1]:[titan] 2026-09-30 16:18:06,087 - torchtitan.observability.metrics - INFO - [31mstep:  9  [32mloss: -1.00000  [38;2;180;60;0mgrad_norm: 59.5000  [38;2;54;234;195mmemory: 70.50GiB(89.01%)  [34mtps: 2,195  [36mtflops: 121.92  [35mmfu: 12.33%[39m
[rank3]:[titan] 2026-09-30 16:18:06,082 - torchtitan.observability.metrics - INFO - [31mstep:  9  [32mloss:  7.55555  [38;2;180;60;0mgrad_norm: 59.5000  [38;2;54;234;195mmemory: 67.32GiB(84.99%)  [34mtps: 2,195  [36mtflops: 121.92  [35mmfu: 12.33%[39m
[rank2]:[titan] 2026-09-30 16:18:06,089 - torchtitan.observability.metrics - WARNING - 12 CUDA memory allocation retries.
[rank2]:[titan] 2026-09-30 16:18:06,089 - torchtitan.observability.metrics - INFO - [31mstep:  9  [32mloss: -1.00000  [38;2;180;60;0mgrad_norm: 59.5000  [38;2;54;234;195mmemory: 72.69GiB(91.77%)  [34mtps: 2,195  [36mtflops: 121.92  [35mmfu: 12.33%[39m
[rank0]:[titan] 2026-09-30 16:18:06,089 - torchtitan.observability.metrics - WARNING - 16 CUDA memory allocation retries.
[rank0]:[titan] 2026-09-30 16:18:06,089 - torchtitan.observability.metrics - INFO - [31mstep:  9  [32mloss: -1.00000  [38;2;180;60;0mgrad_norm: 59.5000  [38;2;54;234;195mmemory: 72.23GiB(91.19%)  [34mtps: 2,195  [36mtflops: 121.92  [35mmfu: 12.33%[39m
[rank0]:[rank0]:[W930 16:18:08.378263397 CUDACachingAllocator.cpp:623] expandable_segments: memory mapping failed with OOM on device 0 while trying to map 20971520 bytes (free: 2162688, total: 85049802752).
[rank2]:[rank2]:[W930 16:18:10.943497507 CUDACachingAllocator.cpp:623] expandable_segments: memory mapping failed with OOM on device 2 while trying to map 20971520 bytes (free: 2883584, total: 85049802752).
[rank0]:[rank0]:[W930 16:18:12.597130077 CUDACachingAllocator.cpp:623] expandable_segments: memory mapping failed with OOM on device 0 while trying to map 20971520 bytes (free: 21037056, total: 85049802752).
[rank2]:[rank2]:[W930 16:18:12.232739175 CUDACachingAllocator.cpp:623] expandable_segments: memory mapping failed with OOM on device 2 while trying to map 20971520 bytes (free: 2883584, total: 85049802752).
[rank2]:[titan] 2026-09-30 16:18:13,935 - torchtitan.observability.metrics - WARNING - 14 CUDA memory allocation retries.
[rank3]:[titan] 2026-09-30 16:18:13,928 - torchtitan.observability.metrics - INFO - [31mstep: 10  [32mloss:  7.13360  [38;2;180;60;0mgrad_norm: 57.2500  [38;2;54;234;195mmemory: 67.32GiB(84.99%)  [34mtps: 2,088  [36mtflops: 115.98  [35mmfu: 11.73%[39m
[rank2]:[titan] 2026-09-30 16:18:13,935 - torchtitan.observability.metrics - INFO - [31mstep: 10  [32mloss: -1.00000  [38;2;180;60;0mgrad_norm: 57.2500  [38;2;54;234;195mmemory: 74.33GiB(93.85%)  [34mtps: 2,088  [36mtflops: 115.98  [35mmfu: 11.73%[39m
[rank1]:[titan] 2026-09-30 16:18:13,934 - torchtitan.observability.metrics - INFO - [31mstep: 10  [32mloss: -1.00000  [38;2;180;60;0mgrad_norm: 57.2500  [38;2;54;234;195mmemory: 70.50GiB(89.01%)  [34mtps: 2,088  [36mtflops: 115.98  [35mmfu: 11.73%[39m
[rank0]:[titan] 2026-09-30 16:18:13,935 - torchtitan.observability.metrics - WARNING - 18 CUDA memory allocation retries.
[rank0]:[titan] 2026-09-30 16:18:13,935 - torchtitan.observability.metrics - INFO - [31mstep: 10  [32mloss: -1.00000  [38;2;180;60;0mgrad_norm: 57.2500  [38;2;54;234;195mmemory: 72.15GiB(91.09%)  [34mtps: 2,088  [36mtflops: 115.98  [35mmfu: 11.73%[39m
[rank0]:[rank0]:[W930 16:18:16.060723812 CUDACachingAllocator.cpp:623] expandable_segments: memory mapping failed with OOM on device 0 while trying to map 20971520 bytes (free: 2162688, total: 85049802752).
[rank2]:[rank2]:[W930 16:18:19.015944460 CUDACachingAllocator.cpp:623] expandable_segments: memory mapping failed with OOM on device 2 while trying to map 20971520 bytes (free: 2883584, total: 85049802752).
[rank0]:[rank0]:[W930 16:18:19.110334635 CUDACachingAllocator.cpp:623] expandable_segments: memory mapping failed with OOM on device 0 while trying to map 20971520 bytes (free: 21037056, total: 85049802752).
[rank3]:[titan] 2026-09-30 16:18:21,567 - torchtitan.observability.metrics - INFO - [31mstep: 11  [32mloss:  6.40588  [38;2;180;60;0mgrad_norm: 230.0000  [38;2;54;234;195mmemory: 67.32GiB(84.99%)  [34mtps: 2,145  [36mtflops: 119.14  [35mmfu: 12.05%[39m
[rank0]:[titan] 2026-09-30 16:18:21,573 - torchtitan.observability.metrics - WARNING - 20 CUDA memory allocation retries.
[rank0]:[titan] 2026-09-30 16:18:21,573 - torchtitan.observability.metrics - INFO - [31mstep: 11  [32mloss: -1.00000  [38;2;180;60;0mgrad_norm: 230.0000  [38;2;54;234;195mmemory: 71.91GiB(90.79%)  [34mtps: 2,145  [36mtflops: 119.15  [35mmfu: 12.05%[39m
[rank2]:[titan] 2026-09-30 16:18:21,573 - torchtitan.observability.metrics - WARNING - 15 CUDA memory allocation retries.
[rank2]:[titan] 2026-09-30 16:18:21,573 - torchtitan.observability.metrics - INFO - [31mstep: 11  [32mloss: -1.00000  [38;2;180;60;0mgrad_norm: 230.0000  [38;2;54;234;195mmemory: 72.99GiB(92.14%)  [34mtps: 2,145  [36mtflops: 119.14  [35mmfu: 12.05%[39m
[rank1]:[titan] 2026-09-30 16:18:21,572 - torchtitan.observability.metrics - INFO - [31mstep: 11  [32mloss: -1.00000  [38;2;180;60;0mgrad_norm: 230.0000  [38;2;54;234;195mmemory: 70.50GiB(89.01%)  [34mtps: 2,145  [36mtflops: 119.14  [35mmfu: 12.05%[39m
[rank0]:[rank0]:[W930 16:18:23.374587212 CUDACachingAllocator.cpp:623] expandable_segments: memory mapping failed with OOM on device 0 while trying to map 20971520 bytes (free: 2162688, total: 85049802752).
[rank2]:[rank2]:[W930 16:18:25.919383648 CUDACachingAllocator.cpp:623] expandable_segments: memory mapping failed with OOM on device 2 while trying to map 20971520 bytes (free: 2883584, total: 85049802752).
[rank0]:[rank0]:[W930 16:18:27.566182602 CUDACachingAllocator.cpp:623] expandable_segments: memory mapping failed with OOM on device 0 while trying to map 20971520 bytes (free: 21037056, total: 85049802752).
[rank2]:[rank2]:[W930 16:18:27.203723130 CUDACachingAllocator.cpp:623] expandable_segments: memory mapping failed with OOM on device 2 while trying to map 20971520 bytes (free: 2883584, total: 85049802752).
[rank2]:[titan] 2026-09-30 16:18:28,471 - torchtitan.observability.metrics - WARNING - 17 CUDA memory allocation retries.
[rank2]:[titan] 2026-09-30 16:18:28,471 - torchtitan.observability.metrics - INFO - [31mstep: 12  [32mloss: -1.00000  [38;2;180;60;0mgrad_norm: 89.5000  [38;2;54;234;195mmemory: 74.31GiB(93.82%)  [34mtps: 2,375  [36mtflops: 131.92  [35mmfu: 13.34%[39m
[rank3]:[titan] 2026-09-30 16:18:28,465 - torchtitan.observability.metrics - INFO - [31mstep: 12  [32mloss:  6.08399  [38;2;180;60;0mgrad_norm: 89.5000  [38;2;54;234;195mmemory: 67.32GiB(84.99%)  [34mtps: 2,375  [36mtflops: 131.92  [35mmfu: 13.34%[39m
[rank1]:[titan] 2026-09-30 16:18:28,470 - torchtitan.observability.metrics - INFO - [31mstep: 12  [32mloss: -1.00000  [38;2;180;60;0mgrad_norm: 89.5000  [38;2;54;234;195mmemory: 70.50GiB(89.01%)  [34mtps: 2,375  [36mtflops: 131.92  [35mmfu: 13.34%[39m
[rank0]:[titan] 2026-09-30 16:18:28,471 - torchtitan.observability.metrics - WARNING - 22 CUDA memory allocation retries.
[rank0]:[titan] 2026-09-30 16:18:28,472 - torchtitan.observability.metrics - INFO - [31mstep: 12  [32mloss: -1.00000  [38;2;180;60;0mgrad_norm: 89.5000  [38;2;54;234;195mmemory: 72.13GiB(91.06%)  [34mtps: 2,375  [36mtflops: 131.92  [35mmfu: 13.34%[39m
[rank0]:[rank0]:[W930 16:18:31.645801680 CUDACachingAllocator.cpp:623] expandable_segments: memory mapping failed with OOM on device 0 while trying to map 20971520 bytes (free: 2162688, total: 85049802752).
[rank2]:[rank2]:[W930 16:18:34.674729842 CUDACachingAllocator.cpp:623] expandable_segments: memory mapping failed with OOM on device 2 while trying to map 20971520 bytes (free: 2883584, total: 85049802752).
[rank0]:[rank0]:[W930 16:18:34.745175915 CUDACachingAllocator.cpp:623] expandable_segments: memory mapping failed with OOM on device 0 while trying to map 20971520 bytes (free: 21037056, total: 85049802752).
[rank1]:[titan] 2026-09-30 16:18:36,263 - torchtitan.observability.metrics - INFO - [31mstep: 13  [32mloss: -1.00000  [38;2;180;60;0mgrad_norm: 112.0000  [38;2;54;234;195mmemory: 70.50GiB(89.01%)  [34mtps: 2,102  [36mtflops: 116.77  [35mmfu: 11.81%[39m
[rank2]:[titan] 2026-09-30 16:18:36,265 - torchtitan.observability.metrics - WARNING - 18 CUDA memory allocation retries.
[rank2]:[titan] 2026-09-30 16:18:36,265 - torchtitan.observability.metrics - INFO - [31mstep: 13  [32mloss: -1.00000  [38;2;180;60;0mgrad_norm: 112.0000  [38;2;54;234;195mmemory: 73.77GiB(93.13%)  [34mtps: 2,102  [36mtflops: 116.77  [35mmfu: 11.81%[39m
[rank3]:[titan] 2026-09-30 16:18:36,259 - torchtitan.observability.metrics - INFO - [31mstep: 13  [32mloss:  5.21634  [38;2;180;60;0mgrad_norm: 112.0000  [38;2;54;234;195mmemory: 67.32GiB(84.99%)  [34mtps: 2,102  [36mtflops: 116.76  [35mmfu: 11.81%[39m
[rank0]:[titan] 2026-09-30 16:18:36,265 - torchtitan.observability.metrics - WARNING - 24 CUDA memory allocation retries.
[rank0]:[titan] 2026-09-30 16:18:36,265 - torchtitan.observability.metrics - INFO - [31mstep: 13  [32mloss: -1.00000  [38;2;180;60;0mgrad_norm: 112.0000  [38;2;54;234;195mmemory: 72.15GiB(91.09%)  [34mtps: 2,102  [36mtflops: 116.77  [35mmfu: 11.81%[39m
[rank0]:[rank0]:[W930 16:18:38.344085716 CUDACachingAllocator.cpp:623] expandable_segments: memory mapping failed with OOM on device 0 while trying to map 20971520 bytes (free: 2162688, total: 85049802752).
[rank2]:[rank2]:[W930 16:18:40.784332195 CUDACachingAllocator.cpp:623] expandable_segments: memory mapping failed with OOM on device 2 while trying to map 20971520 bytes (free: 2883584, total: 85049802752).
[rank0]:[rank0]:[W930 16:18:42.544800343 CUDACachingAllocator.cpp:623] expandable_segments: memory mapping failed with OOM on device 0 while trying to map 20971520 bytes (free: 21037056, total: 85049802752).
[rank2]:[rank2]:[W930 16:18:42.149086317 CUDACachingAllocator.cpp:623] expandable_segments: memory mapping failed with OOM on device 2 while trying to map 20971520 bytes (free: 2883584, total: 85049802752).
[rank3]:[titan] 2026-09-30 16:18:43,771 - torchtitan.observability.metrics - INFO - [31mstep: 14  [32mloss:  4.56914  [38;2;180;60;0mgrad_norm: 20.6250  [38;2;54;234;195mmemory: 67.32GiB(84.99%)  [34mtps: 2,181  [36mtflops: 121.15  [35mmfu: 12.25%[39m
[rank1]:[titan] 2026-09-30 16:18:43,776 - torchtitan.observability.metrics - INFO - [31mstep: 14  [32mloss: -1.00000  [38;2;180;60;0mgrad_norm: 20.6250  [38;2;54;234;195mmemory: 70.50GiB(89.01%)  [34mtps: 2,181  [36mtflops: 121.14  [35mmfu: 12.25%[39m
[rank2]:[titan] 2026-09-30 16:18:43,777 - torchtitan.observability.metrics - WARNING - 20 CUDA memory allocation retries.
[rank2]:[titan] 2026-09-30 16:18:43,777 - torchtitan.observability.metrics - INFO - [31mstep: 14  [32mloss: -1.00000  [38;2;180;60;0mgrad_norm: 20.6250  [38;2;54;234;195mmemory: 74.29GiB(93.80%)  [34mtps: 2,181  [36mtflops: 121.14  [35mmfu: 12.25%[39m
[rank0]:[titan] 2026-09-30 16:18:43,777 - torchtitan.observability.metrics - WARNING - 26 CUDA memory allocation retries.
[rank0]:[titan] 2026-09-30 16:18:43,777 - torchtitan.observability.metrics - INFO - [31mstep: 14  [32mloss: -1.00000  [38;2;180;60;0mgrad_norm: 20.6250  [38;2;54;234;195mmemory: 72.03GiB(90.94%)  [34mtps: 2,181  [36mtflops: 121.14  [35mmfu: 12.25%[39m
[rank0]:[rank0]:[W930 16:18:46.886265480 CUDACachingAllocator.cpp:623] expandable_segments: memory mapping failed with OOM on device 0 while trying to map 20971520 bytes (free: 2162688, total: 85049802752).
[rank2]:[rank2]:[W930 16:18:49.859502747 CUDACachingAllocator.cpp:623] expandable_segments: memory mapping failed with OOM on device 2 while trying to map 20971520 bytes (free: 2883584, total: 85049802752).
[rank0]:[rank0]:[W930 16:18:49.951517815 CUDACachingAllocator.cpp:623] expandable_segments: memory mapping failed with OOM on device 0 while trying to map 20971520 bytes (free: 21037056, total: 85049802752).
[rank1]:[titan] 2026-09-30 16:18:51,315 - torchtitan.observability.metrics - INFO - [31mstep: 15  [32mloss: -1.00000  [38;2;180;60;0mgrad_norm: 23.2500  [38;2;54;234;195mmemory: 70.50GiB(89.01%)  [34mtps: 2,173  [36mtflops: 120.70  [35mmfu: 12.20%[39m
[rank2]:[titan] 2026-09-30 16:18:51,317 - torchtitan.observability.metrics - WARNING - 21 CUDA memory allocation retries.
[rank3]:[titan] 2026-09-30 16:18:51,310 - torchtitan.observability.metrics - INFO - [31mstep: 15  [32mloss:  4.10921  [38;2;180;60;0mgrad_norm: 23.2500  [38;2;54;234;195mmemory: 67.32GiB(84.99%)  [34mtps: 2,173  [36mtflops: 120.70  [35mmfu: 12.20%[39m
[rank2]:[titan] 2026-09-30 16:18:51,317 - torchtitan.observability.metrics - INFO - [31mstep: 15  [32mloss: -1.00000  [38;2;180;60;0mgrad_norm: 23.2500  [38;2;54;234;195mmemory: 74.51GiB(94.07%)  [34mtps: 2,173  [36mtflops: 120.70  [35mmfu: 12.20%[39m
[rank0]:[titan] 2026-09-30 16:18:51,317 - torchtitan.observability.metrics - WARNING - 28 CUDA memory allocation retries.
[rank0]:[titan] 2026-09-30 16:18:51,317 - torchtitan.observability.metrics - INFO - [31mstep: 15  [32mloss: -1.00000  [38;2;180;60;0mgrad_norm: 23.2500  [38;2;54;234;195mmemory: 72.15GiB(91.09%)  [34mtps: 2,173  [36mtflops: 120.70  [35mmfu: 12.20%[39m
[rank0]:[rank0]:[W930 16:18:54.627797724 CUDACachingAllocator.cpp:623] expandable_segments: memory mapping failed with OOM on device 0 while trying to map 20971520 bytes (free: 2162688, total: 85049802752).
[rank2]:[rank2]:[W930 16:18:55.879131836 CUDACachingAllocator.cpp:623] expandable_segments: memory mapping failed with OOM on device 2 while trying to map 20971520 bytes (free: 2883584, total: 85049802752).
[rank0]:[rank0]:[W930 16:18:57.846172033 CUDACachingAllocator.cpp:623] expandable_segments: memory mapping failed with OOM on device 0 while trying to map 20971520 bytes (free: 21037056, total: 85049802752).
[rank2]:[rank2]:[W930 16:18:57.474407531 CUDACachingAllocator.cpp:623] expandable_segments: memory mapping failed with OOM on device 2 while trying to map 20971520 bytes (free: 2883584, total: 85049802752).
[rank3]:[titan] 2026-09-30 16:18:59,298 - torchtitan.observability.metrics - INFO - [31mstep: 16  [32mloss:  3.78439  [38;2;180;60;0mgrad_norm: 16.2500  [38;2;54;234;195mmemory: 67.36GiB(85.04%)  [34mtps: 2,051  [36mtflops: 113.93  [35mmfu: 11.52%[39m
[rank1]:[titan] 2026-09-30 16:18:59,303 - torchtitan.observability.metrics - INFO - [31mstep: 16  [32mloss: -1.00000  [38;2;180;60;0mgrad_norm: 16.2500  [38;2;54;234;195mmemory: 70.58GiB(89.11%)  [34mtps: 2,051  [36mtflops: 113.93  [35mmfu: 11.52%[39m
[rank2]:[titan] 2026-09-30 16:18:59,304 - torchtitan.observability.metrics - WARNING - 23 CUDA memory allocation retries.
[rank2]:[titan] 2026-09-30 16:18:59,304 - torchtitan.observability.metrics - INFO - [31mstep: 16  [32mloss: -1.00000  [38;2;180;60;0mgrad_norm: 16.2500  [38;2;54;234;195mmemory: 73.98GiB(93.40%)  [34mtps: 2,051  [36mtflops: 113.93  [35mmfu: 11.52%[39m
[rank0]:[titan] 2026-09-30 16:18:59,304 - torchtitan.observability.metrics - WARNING - 30 CUDA memory allocation retries.
[rank0]:[titan] 2026-09-30 16:18:59,304 - torchtitan.observability.metrics - INFO - [31mstep: 16  [32mloss: -1.00000  [38;2;180;60;0mgrad_norm: 16.2500  [38;2;54;234;195mmemory: 72.21GiB(91.16%)  [34mtps: 2,051  [36mtflops: 113.93  [35mmfu: 11.52%[39m
[rank0]:[rank0]:[W930 16:19:01.364096212 CUDACachingAllocator.cpp:623] expandable_segments: memory mapping failed with OOM on device 0 while trying to map 20971520 bytes (free: 2162688, total: 85049802752).
[rank0]:[rank0]:[W930 16:19:04.248593108 CUDACachingAllocator.cpp:623] expandable_segments: memory mapping failed with OOM on device 0 while trying to map 20971520 bytes (free: 21037056, total: 85049802752).
[rank2]:[rank2]:[W930 16:19:04.336584089 CUDACachingAllocator.cpp:623] expandable_segments: memory mapping failed with OOM on device 2 while trying to map 20971520 bytes (free: 2883584, total: 85049802752).
[rank0]:[rank0]:[W930 16:19:05.977140920 CUDACachingAllocator.cpp:623] expandable_segments: memory mapping failed with OOM on device 0 while trying to map 20971520 bytes (free: 2162688, total: 85049802752).
[rank3]:[titan] 2026-09-30 16:19:06,761 - torchtitan.observability.metrics - INFO - [31mstep: 17  [32mloss:  3.66545  [38;2;180;60;0mgrad_norm: 15.7500  [38;2;54;234;195mmemory: 67.36GiB(85.04%)  [34mtps: 2,195  [36mtflops: 121.93  [35mmfu: 12.33%[39m
[rank0]:[titan] 2026-09-30 16:19:06,768 - torchtitan.observability.metrics - WARNING - 33 CUDA memory allocation retries.
[rank0]:[titan] 2026-09-30 16:19:06,768 - torchtitan.observability.metrics - INFO - [31mstep: 17  [32mloss: -1.00000  [38;2;180;60;0mgrad_norm: 15.7500  [38;2;54;234;195mmemory: 72.21GiB(91.16%)  [34mtps: 2,195  [36mtflops: 121.93  [35mmfu: 12.33%[39m
[rank2]:[titan] 2026-09-30 16:19:06,768 - torchtitan.observability.metrics - WARNING - 24 CUDA memory allocation retries.
[rank1]:[titan] 2026-09-30 16:19:06,767 - torchtitan.observability.metrics - INFO - [31mstep: 17  [32mloss: -1.00000  [38;2;180;60;0mgrad_norm: 15.7500  [38;2;54;234;195mmemory: 70.58GiB(89.11%)  [34mtps: 2,195  [36mtflops: 121.93  [35mmfu: 12.33%[39m
[rank2]:[titan] 2026-09-30 16:19:06,768 - torchtitan.observability.metrics - INFO - [31mstep: 17  [32mloss: -1.00000  [38;2;180;60;0mgrad_norm: 15.7500  [38;2;54;234;195mmemory: 73.24GiB(92.46%)  [34mtps: 2,195  [36mtflops: 121.93  [35mmfu: 12.33%[39m
[rank0]:[rank0]:[W930 16:19:09.128243457 CUDACachingAllocator.cpp:623] expandable_segments: memory mapping failed with OOM on device 0 while trying to map 20971520 bytes (free: 21037056, total: 85049802752).
[rank2]:[rank2]:[W930 16:19:10.457849722 CUDACachingAllocator.cpp:623] expandable_segments: memory mapping failed with OOM on device 2 while trying to map 20971520 bytes (free: 2883584, total: 85049802752).
[rank0]:[rank0]:[W930 16:19:12.896554934 CUDACachingAllocator.cpp:623] expandable_segments: memory mapping failed with OOM on device 0 while trying to map 20971520 bytes (free: 21037056, total: 85049802752).
[rank0]:[rank0]:[W930 16:19:12.442023331 CUDACachingAllocator.cpp:623] expandable_segments: memory mapping failed with OOM on device 0 while trying to map 20971520 bytes (free: 2162688, total: 85049802752).
[rank2]:[rank2]:[W930 16:19:13.684115824 CUDACachingAllocator.cpp:623] expandable_segments: memory mapping failed with OOM on device 2 while trying to map 20971520 bytes (free: 2883584, total: 85049802752).
[rank3]:[titan] 2026-09-30 16:19:14,247 - torchtitan.observability.metrics - INFO - [31mstep: 18  [32mloss:  3.32526  [38;2;180;60;0mgrad_norm: 49.2500  [38;2;54;234;195mmemory: 67.36GiB(85.04%)  [34mtps: 2,189  [36mtflops: 121.56  [35mmfu: 12.29%[39m
[rank2]:[titan] 2026-09-30 16:19:14,254 - torchtitan.observability.metrics - WARNING - 26 CUDA memory allocation retries.
[rank1]:[titan] 2026-09-30 16:19:14,252 - torchtitan.observability.metrics - INFO - [31mstep: 18  [32mloss: -1.00000  [38;2;180;60;0mgrad_norm: 49.2500  [38;2;54;234;195mmemory: 70.58GiB(89.11%)  [34mtps: 2,189  [36mtflops: 121.57  [35mmfu: 12.29%[39m
[rank2]:[titan] 2026-09-30 16:19:14,254 - torchtitan.observability.metrics - INFO - [31mstep: 18  [32mloss: -1.00000  [38;2;180;60;0mgrad_norm: 49.2500  [38;2;54;234;195mmemory: 74.33GiB(93.85%)  [34mtps: 2,189  [36mtflops: 121.56  [35mmfu: 12.29%[39m
[rank0]:[titan] 2026-09-30 16:19:14,254 - torchtitan.observability.metrics - WARNING - 36 CUDA memory allocation retries.
[rank0]:[titan] 2026-09-30 16:19:14,254 - torchtitan.observability.metrics - INFO - [31mstep: 18  [32mloss: -1.00000  [38;2;180;60;0mgrad_norm: 49.2500  [38;2;54;234;195mmemory: 71.94GiB(90.82%)  [34mtps: 2,189  [36mtflops: 121.57  [35mmfu: 12.29%[39m
[rank0]:[rank0]:[W930 16:19:17.637053752 CUDACachingAllocator.cpp:623] expandable_segments: memory mapping failed with OOM on device 0 while trying to map 20971520 bytes (free: 21037056, total: 85049802752).
[rank0]:[rank0]:[W930 16:19:19.258217794 CUDACachingAllocator.cpp:623] expandable_segments: memory mapping failed with OOM on device 0 while trying to map 20971520 bytes (free: 21037056, total: 85049802752).
[rank2]:[rank2]:[W930 16:19:19.345532534 CUDACachingAllocator.cpp:623] expandable_segments: memory mapping failed with OOM on device 2 while trying to map 20971520 bytes (free: 2883584, total: 85049802752).
[rank0]:[rank0]:[W930 16:19:20.882871182 CUDACachingAllocator.cpp:623] expandable_segments: memory mapping failed with OOM on device 0 while trying to map 20971520 bytes (free: 2162688, total: 85049802752).
[rank1]:[titan] 2026-09-30 16:19:21,693 - torchtitan.observability.metrics - INFO - [31mstep: 19  [32mloss: -1.00000  [38;2;180;60;0mgrad_norm: 28.3750  [38;2;54;234;195mmemory: 70.58GiB(89.11%)  [34mtps: 2,202  [36mtflops: 122.30  [35mmfu: 12.37%[39m
[rank3]:[titan] 2026-09-30 16:19:21,688 - torchtitan.observability.metrics - INFO - [31mstep: 19  [32mloss:  2.94328  [38;2;180;60;0mgrad_norm: 28.3750  [38;2;54;234;195mmemory: 67.36GiB(85.04%)  [34mtps: 2,202  [36mtflops: 122.30  [35mmfu: 12.37%[39m
[rank2]:[titan] 2026-09-30 16:19:21,695 - torchtitan.observability.metrics - WARNING - 27 CUDA memory allocation retries.
[rank2]:[titan] 2026-09-30 16:19:21,695 - torchtitan.observability.metrics - INFO - [31mstep: 19  [32mloss: -1.00000  [38;2;180;60;0mgrad_norm: 28.3750  [38;2;54;234;195mmemory: 73.75GiB(93.11%)  [34mtps: 2,202  [36mtflops: 122.30  [35mmfu: 12.37%[39m
[rank0]:[titan] 2026-09-30 16:19:21,694 - torchtitan.observability.metrics - WARNING - 39 CUDA memory allocation retries.
[rank0]:[titan] 2026-09-30 16:19:21,695 - torchtitan.observability.metrics - INFO - [31mstep: 19  [32mloss: -1.00000  [38;2;180;60;0mgrad_norm: 28.3750  [38;2;54;234;195mmemory: 71.76GiB(90.60%)  [34mtps: 2,202  [36mtflops: 122.30  [35mmfu: 12.37%[39m
[rank0]:[rank0]:[W930 16:19:24.072507996 CUDACachingAllocator.cpp:623] expandable_segments: memory mapping failed with OOM on device 0 while trying to map 20971520 bytes (free: 21037056, total: 85049802752).
[rank2]:[rank2]:[W930 16:19:25.213596291 CUDACachingAllocator.cpp:623] expandable_segments: memory mapping failed with OOM on device 2 while trying to map 20971520 bytes (free: 2883584, total: 85049802752).
[rank0]:[rank0]:[W930 16:19:27.827542233 CUDACachingAllocator.cpp:623] expandable_segments: memory mapping failed with OOM on device 0 while trying to map 20971520 bytes (free: 21037056, total: 85049802752).
[rank2]:[rank2]:[W930 16:19:27.008684773 CUDACachingAllocator.cpp:623] expandable_segments: memory mapping failed with OOM on device 2 while trying to map 20971520 bytes (free: 2883584, total: 85049802752).
[rank1]:[titan] 2026-09-30 16:19:29,071 - torchtitan.observability.metrics - INFO - [31mstep: 20  [32mloss: -1.00000  [38;2;180;60;0mgrad_norm:  9.1875  [38;2;54;234;195mmemory: 70.58GiB(89.11%)  [34mtps: 2,221  [36mtflops: 123.35  [35mmfu: 12.47%[39m
[rank1]:[titan] 2026-09-30 16:19:29,072 - torchtitan.trainer - INFO - Training completed
[rank3]:[titan] 2026-09-30 16:19:29,066 - torchtitan.observability.metrics - INFO - [31mstep: 20  [32mloss:  2.96688  [38;2;180;60;0mgrad_norm:  9.1875  [38;2;54;234;195mmemory: 67.36GiB(85.04%)  [34mtps: 2,221  [36mtflops: 123.36  [35mmfu: 12.47%[39m
[rank2]:[titan] 2026-09-30 16:19:29,072 - torchtitan.observability.metrics - WARNING - 29 CUDA memory allocation retries.
[rank0]:[titan] 2026-09-30 16:19:29,072 - torchtitan.observability.metrics - WARNING - 41 CUDA memory allocation retries.
[rank3]:[titan] 2026-09-30 16:19:29,066 - torchtitan.trainer - INFO - Training completed
[rank0]:[titan] 2026-09-30 16:19:29,072 - torchtitan.observability.metrics - INFO - [31mstep: 20  [32mloss: -1.00000  [38;2;180;60;0mgrad_norm:  9.1875  [38;2;54;234;195mmemory: 72.13GiB(91.06%)  [34mtps: 2,221  [36mtflops: 123.35  [35mmfu: 12.47%[39m
[rank2]:[titan] 2026-09-30 16:19:29,072 - torchtitan.observability.metrics - INFO - [31mstep: 20  [32mloss: -1.00000  [38;2;180;60;0mgrad_norm:  9.1875  [38;2;54;234;195mmemory: 74.26GiB(93.75%)  [34mtps: 2,221  [36mtflops: 123.35  [35mmfu: 12.47%[39m
[rank0]:[titan] 2026-09-30 16:19:29,073 - torchtitan.trainer - INFO - Sleeping 2 seconds for other ranks to complete
[rank2]:[titan] 2026-09-30 16:19:29,073 - torchtitan.trainer - INFO - Training completed
[rank0]:[titan] 2026-09-30 16:19:31,073 - torchtitan.trainer - INFO - Training completed
[rank0]:[titan] 2026-09-30 16:19:33,777 - __main__ - INFO - Process group destroyed
[rank3]:[titan] 2026-09-30 16:19:33,913 - __main__ - INFO - Process group destroyed
[rank1]:[titan] 2026-09-30 16:19:33,918 - __main__ - INFO - Process group destroyed
[rank2]:[titan] 2026-09-30 16:19:33,909 - __main__ - INFO - Process group destroyed
